[dotenv@17.3.1] injecting env (20) from .env -- tip: ⚙️  suppress all logs with { quiet: true }
[dotenv@17.3.1] injecting env (0) from .env -- tip: ⚙️  enable debug logging with { debug: true }
[dotenv@17.3.1] injecting env (0) from .env -- tip: 🔐 encrypt with Dotenvx: https://dotenvx.com
[dotenv@17.3.1] injecting env (0) from .env -- tip: 🔐 encrypt with Dotenvx: https://dotenvx.com
[dotenv@17.3.1] injecting env (0) from .env -- tip: ⚙️  enable debug logging with { debug: true }
[dotenv@17.3.1] injecting env (0) from .env -- tip: ⚙️  override existing env vars with { override: true }
🚀 Testing Sequence Staggering & Window Logic...

--- Scenario 1: Initial Stagger (Batch Enrollment) ---
[SequenceEngine] [Drip] Applied stagger offset of 1800000ms. Shifted 04:01:23 -> 04:31:23
[SequenceEngine] [Diagnostic] Contact cont-1 Scheduling Breakdown:
    - Base Logic Time: 04:31:23 (Initial Wait: 1800s)
    - Window Realignment: +18000s 
    - Mailbox Stagger: +0s
    - Smart Jitter: +0s
    - Final Execution: 2026-04-23 09:31:23 (UTC)
[Queue] [Scheduled] Contact cont-1 → Step 1 in Sequence seq-1 @ 2026-04-23 09:31:23 (UTC)

--- Scenario 2: Mailbox Staggering Conflict ---
[SequenceEngine] [Diagnostic] Contact cont-2 Scheduling Breakdown:
    - Base Logic Time: 04:01:23 (Initial Wait: 0s)
    - Window Realignment: +18000s 
    - Mailbox Stagger: +0s
    - Smart Jitter: +0s
    - Final Execution: 2026-04-23 09:01:23 (UTC)
[Queue] [Scheduled] Contact cont-2 → Step 1 in Sequence seq-1 @ 2026-04-23 09:01:23 (UTC)

--- Scenario 3: Window & Stagger Interaction ---
[SequenceEngine] [Diagnostic] Contact cont-3 Scheduling Breakdown:
    - Base Logic Time: 04:01:23 (Initial Wait: 0s)
    - Window Realignment: +18000s 
    - Mailbox Stagger: +23640s
    - Smart Jitter: +0s
    - Final Execution: 2026-04-23 15:35:23 (UTC)
[Queue] [Scheduled] Contact cont-3 → Step 1 in Sequence seq-1 @ 2026-04-23 15:35:23 (UTC)

✨ Staggering Logic Verification Complete!
Connected to Redis for persistence
Redis connection error: ReplyError: WRONGPASS invalid username-password pair or user is disabled.
    at parseError (/Users/adrianfranciscoperezgomez/Desktop/Personal Apps/vult-intel/node_modules/redis-parser/lib/parser.js:179:12)
    at parseType (/Users/adrianfranciscoperezgomez/Desktop/Personal Apps/vult-intel/node_modules/redis-parser/lib/parser.js:302:14) {
  command: { name: 'auth', args: [ 'IVB0VPnPl0urvQrpSKkbXLdEZBUfSHaP' ] }
}
ReplyError: WRONGPASS invalid username-password pair or user is disabled.
    at parseError (/Users/adrianfranciscoperezgomez/Desktop/Personal Apps/vult-intel/node_modules/redis-parser/lib/parser.js:179:12)
    at parseType (/Users/adrianfranciscoperezgomez/Desktop/Personal Apps/vult-intel/node_modules/redis-parser/lib/parser.js:302:14) {
  command: { name: 'auth', args: [ 'IVB0VPnPl0urvQrpSKkbXLdEZBUfSHaP' ] }
}
ReplyError: WRONGPASS invalid username-password pair or user is disabled.
    at parseError (/Users/adrianfranciscoperezgomez/Desktop/Personal Apps/vult-intel/node_modules/redis-parser/lib/parser.js:179:12)
    at parseType (/Users/adrianfranciscoperezgomez/Desktop/Personal Apps/vult-intel/node_modules/redis-parser/lib/parser.js:302:14) {
  command: { name: 'auth', args: [ 'IVB0VPnPl0urvQrpSKkbXLdEZBUfSHaP' ] }
}
ReplyError: WRONGPASS invalid username-password pair or user is disabled.
    at parseError (/Users/adrianfranciscoperezgomez/Desktop/Personal Apps/vult-intel/node_modules/redis-parser/lib/parser.js:179:12)
    at parseType (/Users/adrianfranciscoperezgomez/Desktop/Personal Apps/vult-intel/node_modules/redis-parser/lib/parser.js:302:14) {
  command: { name: 'auth', args: [ 'IVB0VPnPl0urvQrpSKkbXLdEZBUfSHaP' ] }
}
ReplyError: WRONGPASS invalid username-password pair or user is disabled.
    at parseError (/Users/adrianfranciscoperezgomez/Desktop/Personal Apps/vult-intel/node_modules/redis-parser/lib/parser.js:179:12)
    at parseType (/Users/adrianfranciscoperezgomez/Desktop/Personal Apps/vult-intel/node_modules/redis-parser/lib/parser.js:302:14) {
  command: { name: 'auth', args: [ 'IVB0VPnPl0urvQrpSKkbXLdEZBUfSHaP' ] }
}
ReplyError: WRONGPASS invalid username-password pair or user is disabled.
    at parseError (/Users/adrianfranciscoperezgomez/Desktop/Personal Apps/vult-intel/node_modules/redis-parser/lib/parser.js:179:12)
    at parseType (/Users/adrianfranciscoperezgomez/Desktop/Personal Apps/vult-intel/node_modules/redis-parser/lib/parser.js:302:14) {
  command: { name: 'auth', args: [ 'IVB0VPnPl0urvQrpSKkbXLdEZBUfSHaP' ] }
}
ReplyError: WRONGPASS invalid username-password pair or user is disabled.
    at parseError (/Users/adrianfranciscoperezgomez/Desktop/Personal Apps/vult-intel/node_modules/redis-parser/lib/parser.js:179:12)
    at parseType (/Users/adrianfranciscoperezgomez/Desktop/Personal Apps/vult-intel/node_modules/redis-parser/lib/parser.js:302:14) {
  command: { name: 'auth', args: [ 'IVB0VPnPl0urvQrpSKkbXLdEZBUfSHaP' ] }
}
Connected to Redis for persistence
Redis connection error: ReplyError: WRONGPASS invalid username-password pair or user is disabled.
    at parseError (/Users/adrianfranciscoperezgomez/Desktop/Personal Apps/vult-intel/node_modules/redis-parser/lib/parser.js:179:12)
    at parseType (/Users/adrianfranciscoperezgomez/Desktop/Personal Apps/vult-intel/node_modules/redis-parser/lib/parser.js:302:14) {
  command: { name: 'auth', args: [ 'IVB0VPnPl0urvQrpSKkbXLdEZBUfSHaP' ] }
}
ReplyError: WRONGPASS invalid username-password pair or user is disabled.
    at parseError (/Users/adrianfranciscoperezgomez/Desktop/Personal Apps/vult-intel/node_modules/redis-parser/lib/parser.js:179:12)
    at parseType (/Users/adrianfranciscoperezgomez/Desktop/Personal Apps/vult-intel/node_modules/redis-parser/lib/parser.js:302:14) {
  command: { name: 'auth', args: [ 'IVB0VPnPl0urvQrpSKkbXLdEZBUfSHaP' ] }
}
ReplyError: WRONGPASS invalid username-password pair or user is disabled.
    at parseError (/Users/adrianfranciscoperezgomez/Desktop/Personal Apps/vult-intel/node_modules/redis-parser/lib/parser.js:179:12)
    at parseType (/Users/adrianfranciscoperezgomez/Desktop/Personal Apps/vult-intel/node_modules/redis-parser/lib/parser.js:302:14) {
  command: { name: 'auth', args: [ 'IVB0VPnPl0urvQrpSKkbXLdEZBUfSHaP' ] }
}
ReplyError: WRONGPASS invalid username-password pair or user is disabled.
    at parseError (/Users/adrianfranciscoperezgomez/Desktop/Personal Apps/vult-intel/node_modules/redis-parser/lib/parser.js:179:12)
    at parseType (/Users/adrianfranciscoperezgomez/Desktop/Personal Apps/vult-intel/node_modules/redis-parser/lib/parser.js:302:14) {
  command: { name: 'auth', args: [ 'IVB0VPnPl0urvQrpSKkbXLdEZBUfSHaP' ] }
}
ReplyError: WRONGPASS invalid username-password pair or user is disabled.
    at parseError (/Users/adrianfranciscoperezgomez/Desktop/Personal Apps/vult-intel/node_modules/redis-parser/lib/parser.js:179:12)
    at parseType (/Users/adrianfranciscoperezgomez/Desktop/Personal Apps/vult-intel/node_modules/redis-parser/lib/parser.js:302:14) {
  command: { name: 'auth', args: [ 'IVB0VPnPl0urvQrpSKkbXLdEZBUfSHaP' ] }
}
ReplyError: WRONGPASS invalid username-password pair or user is disabled.
    at parseError (/Users/adrianfranciscoperezgomez/Desktop/Personal Apps/vult-intel/node_modules/redis-parser/lib/parser.js:179:12)
    at parseType (/Users/adrianfranciscoperezgomez/Desktop/Personal Apps/vult-intel/node_modules/redis-parser/lib/parser.js:302:14) {
  command: { name: 'auth', args: [ 'IVB0VPnPl0urvQrpSKkbXLdEZBUfSHaP' ] }
}
ReplyError: WRONGPASS invalid username-password pair or user is disabled.
    at parseError (/Users/adrianfranciscoperezgomez/Desktop/Personal Apps/vult-intel/node_modules/redis-parser/lib/parser.js:179:12)
    at parseType (/Users/adrianfranciscoperezgomez/Desktop/Personal Apps/vult-intel/node_modules/redis-parser/lib/parser.js:302:14) {
  command: { name: 'auth', args: [ 'IVB0VPnPl0urvQrpSKkbXLdEZBUfSHaP' ] }
}
Connected to Redis for persistence
ReplyError: WRONGPASS invalid username-password pair or user is disabled.
    at parseError (/Users/adrianfranciscoperezgomez/Desktop/Personal Apps/vult-intel/node_modules/redis-parser/lib/parser.js:179:12)
    at parseType (/Users/adrianfranciscoperezgomez/Desktop/Personal Apps/vult-intel/node_modules/redis-parser/lib/parser.js:302:14) {
  command: { name: 'auth', args: [ 'IVB0VPnPl0urvQrpSKkbXLdEZBUfSHaP' ] }
}
Redis connection error: ReplyError: WRONGPASS invalid username-password pair or user is disabled.
    at parseError (/Users/adrianfranciscoperezgomez/Desktop/Personal Apps/vult-intel/node_modules/redis-parser/lib/parser.js:179:12)
    at parseType (/Users/adrianfranciscoperezgomez/Desktop/Personal Apps/vult-intel/node_modules/redis-parser/lib/parser.js:302:14) {
  command: { name: 'auth', args: [ 'IVB0VPnPl0urvQrpSKkbXLdEZBUfSHaP' ] }
}
ReplyError: WRONGPASS invalid username-password pair or user is disabled.
    at parseError (/Users/adrianfranciscoperezgomez/Desktop/Personal Apps/vult-intel/node_modules/redis-parser/lib/parser.js:179:12)
    at parseType (/Users/adrianfranciscoperezgomez/Desktop/Personal Apps/vult-intel/node_modules/redis-parser/lib/parser.js:302:14) {
  command: { name: 'auth', args: [ 'IVB0VPnPl0urvQrpSKkbXLdEZBUfSHaP' ] }
}
ReplyError: WRONGPASS invalid username-password pair or user is disabled.
    at parseError (/Users/adrianfranciscoperezgomez/Desktop/Personal Apps/vult-intel/node_modules/redis-parser/lib/parser.js:179:12)
    at parseType (/Users/adrianfranciscoperezgomez/Desktop/Personal Apps/vult-intel/node_modules/redis-parser/lib/parser.js:302:14) {
  command: { name: 'auth', args: [ 'IVB0VPnPl0urvQrpSKkbXLdEZBUfSHaP' ] }
}
ReplyError: WRONGPASS invalid username-password pair or user is disabled.
    at parseError (/Users/adrianfranciscoperezgomez/Desktop/Personal Apps/vult-intel/node_modules/redis-parser/lib/parser.js:179:12)
    at parseType (/Users/adrianfranciscoperezgomez/Desktop/Personal Apps/vult-intel/node_modules/redis-parser/lib/parser.js:302:14) {
  command: { name: 'auth', args: [ 'IVB0VPnPl0urvQrpSKkbXLdEZBUfSHaP' ] }
}
ReplyError: WRONGPASS invalid username-password pair or user is disabled.
    at parseError (/Users/adrianfranciscoperezgomez/Desktop/Personal Apps/vult-intel/node_modules/redis-parser/lib/parser.js:179:12)
    at parseType (/Users/adrianfranciscoperezgomez/Desktop/Personal Apps/vult-intel/node_modules/redis-parser/lib/parser.js:302:14) {
  command: { name: 'auth', args: [ 'IVB0VPnPl0urvQrpSKkbXLdEZBUfSHaP' ] }
}
ReplyError: WRONGPASS invalid username-password pair or user is disabled.
    at parseError (/Users/adrianfranciscoperezgomez/Desktop/Personal Apps/vult-intel/node_modules/redis-parser/lib/parser.js:179:12)
    at parseType (/Users/adrianfranciscoperezgomez/Desktop/Personal Apps/vult-intel/node_modules/redis-parser/lib/parser.js:302:14) {
  command: { name: 'auth', args: [ 'IVB0VPnPl0urvQrpSKkbXLdEZBUfSHaP' ] }
}
Connected to Redis for persistence
ReplyError: WRONGPASS invalid username-password pair or user is disabled.
    at parseError (/Users/adrianfranciscoperezgomez/Desktop/Personal Apps/vult-intel/node_modules/redis-parser/lib/parser.js:179:12)
    at parseType (/Users/adrianfranciscoperezgomez/Desktop/Personal Apps/vult-intel/node_modules/redis-parser/lib/parser.js:302:14) {
  command: { name: 'auth', args: [ 'IVB0VPnPl0urvQrpSKkbXLdEZBUfSHaP' ] }
}
ReplyError: WRONGPASS invalid username-password pair or user is disabled.
    at parseError (/Users/adrianfranciscoperezgomez/Desktop/Personal Apps/vult-intel/node_modules/redis-parser/lib/parser.js:179:12)
    at parseType (/Users/adrianfranciscoperezgomez/Desktop/Personal Apps/vult-intel/node_modules/redis-parser/lib/parser.js:302:14) {
  command: { name: 'auth', args: [ 'IVB0VPnPl0urvQrpSKkbXLdEZBUfSHaP' ] }
}
Redis connection error: ReplyError: WRONGPASS invalid username-password pair or user is disabled.
    at parseError (/Users/adrianfranciscoperezgomez/Desktop/Personal Apps/vult-intel/node_modules/redis-parser/lib/parser.js:179:12)
    at parseType (/Users/adrianfranciscoperezgomez/Desktop/Personal Apps/vult-intel/node_modules/redis-parser/lib/parser.js:302:14) {
  command: { name: 'auth', args: [ 'IVB0VPnPl0urvQrpSKkbXLdEZBUfSHaP' ] }
}
ReplyError: WRONGPASS invalid username-password pair or user is disabled.
    at parseError (/Users/adrianfranciscoperezgomez/Desktop/Personal Apps/vult-intel/node_modules/redis-parser/lib/parser.js:179:12)
    at parseType (/Users/adrianfranciscoperezgomez/Desktop/Personal Apps/vult-intel/node_modules/redis-parser/lib/parser.js:302:14) {
  command: { name: 'auth', args: [ 'IVB0VPnPl0urvQrpSKkbXLdEZBUfSHaP' ] }
}
ReplyError: WRONGPASS invalid username-password pair or user is disabled.
    at parseError (/Users/adrianfranciscoperezgomez/Desktop/Personal Apps/vult-intel/node_modules/redis-parser/lib/parser.js:179:12)
    at parseType (/Users/adrianfranciscoperezgomez/Desktop/Personal Apps/vult-intel/node_modules/redis-parser/lib/parser.js:302:14) {
  command: { name: 'auth', args: [ 'IVB0VPnPl0urvQrpSKkbXLdEZBUfSHaP' ] }
}
ReplyError: WRONGPASS invalid username-password pair or user is disabled.
    at parseError (/Users/adrianfranciscoperezgomez/Desktop/Personal Apps/vult-intel/node_modules/redis-parser/lib/parser.js:179:12)
    at parseType (/Users/adrianfranciscoperezgomez/Desktop/Personal Apps/vult-intel/node_modules/redis-parser/lib/parser.js:302:14) {
  command: { name: 'auth', args: [ 'IVB0VPnPl0urvQrpSKkbXLdEZBUfSHaP' ] }
}
ReplyError: WRONGPASS invalid username-password pair or user is disabled.
    at parseError (/Users/adrianfranciscoperezgomez/Desktop/Personal Apps/vult-intel/node_modules/redis-parser/lib/parser.js:179:12)
    at parseType (/Users/adrianfranciscoperezgomez/Desktop/Personal Apps/vult-intel/node_modules/redis-parser/lib/parser.js:302:14) {
  command: { name: 'auth', args: [ 'IVB0VPnPl0urvQrpSKkbXLdEZBUfSHaP' ] }
}
Connected to Redis for persistence
ReplyError: WRONGPASS invalid username-password pair or user is disabled.
    at parseError (/Users/adrianfranciscoperezgomez/Desktop/Personal Apps/vult-intel/node_modules/redis-parser/lib/parser.js:179:12)
    at parseType (/Users/adrianfranciscoperezgomez/Desktop/Personal Apps/vult-intel/node_modules/redis-parser/lib/parser.js:302:14) {
  command: { name: 'auth', args: [ 'IVB0VPnPl0urvQrpSKkbXLdEZBUfSHaP' ] }
}
ReplyError: WRONGPASS invalid username-password pair or user is disabled.
    at parseError (/Users/adrianfranciscoperezgomez/Desktop/Personal Apps/vult-intel/node_modules/redis-parser/lib/parser.js:179:12)
    at parseType (/Users/adrianfranciscoperezgomez/Desktop/Personal Apps/vult-intel/node_modules/redis-parser/lib/parser.js:302:14) {
  command: { name: 'auth', args: [ 'IVB0VPnPl0urvQrpSKkbXLdEZBUfSHaP' ] }
}
Redis connection error: ReplyError: WRONGPASS invalid username-password pair or user is disabled.
    at parseError (/Users/adrianfranciscoperezgomez/Desktop/Personal Apps/vult-intel/node_modules/redis-parser/lib/parser.js:179:12)
    at parseType (/Users/adrianfranciscoperezgomez/Desktop/Personal Apps/vult-intel/node_modules/redis-parser/lib/parser.js:302:14) {
  command: { name: 'auth', args: [ 'IVB0VPnPl0urvQrpSKkbXLdEZBUfSHaP' ] }
}
ReplyError: WRONGPASS invalid username-password pair or user is disabled.
    at parseError (/Users/adrianfranciscoperezgomez/Desktop/Personal Apps/vult-intel/node_modules/redis-parser/lib/parser.js:179:12)
    at parseType (/Users/adrianfranciscoperezgomez/Desktop/Personal Apps/vult-intel/node_modules/redis-parser/lib/parser.js:302:14) {
  command: { name: 'auth', args: [ 'IVB0VPnPl0urvQrpSKkbXLdEZBUfSHaP' ] }
}
ReplyError: WRONGPASS invalid username-password pair or user is disabled.
    at parseError (/Users/adrianfranciscoperezgomez/Desktop/Personal Apps/vult-intel/node_modules/redis-parser/lib/parser.js:179:12)
    at parseType (/Users/adrianfranciscoperezgomez/Desktop/Personal Apps/vult-intel/node_modules/redis-parser/lib/parser.js:302:14) {
  command: { name: 'auth', args: [ 'IVB0VPnPl0urvQrpSKkbXLdEZBUfSHaP' ] }
}
ReplyError: WRONGPASS invalid username-password pair or user is disabled.
    at parseError (/Users/adrianfranciscoperezgomez/Desktop/Personal Apps/vult-intel/node_modules/redis-parser/lib/parser.js:179:12)
    at parseType (/Users/adrianfranciscoperezgomez/Desktop/Personal Apps/vult-intel/node_modules/redis-parser/lib/parser.js:302:14) {
  command: { name: 'auth', args: [ 'IVB0VPnPl0urvQrpSKkbXLdEZBUfSHaP' ] }
}
ReplyError: WRONGPASS invalid username-password pair or user is disabled.
    at parseError (/Users/adrianfranciscoperezgomez/Desktop/Personal Apps/vult-intel/node_modules/redis-parser/lib/parser.js:179:12)
    at parseType (/Users/adrianfranciscoperezgomez/Desktop/Personal Apps/vult-intel/node_modules/redis-parser/lib/parser.js:302:14) {
  command: { name: 'auth', args: [ 'IVB0VPnPl0urvQrpSKkbXLdEZBUfSHaP' ] }
}
Connected to Redis for persistence
ReplyError: WRONGPASS invalid username-password pair or user is disabled.
    at parseError (/Users/adrianfranciscoperezgomez/Desktop/Personal Apps/vult-intel/node_modules/redis-parser/lib/parser.js:179:12)
    at parseType (/Users/adrianfranciscoperezgomez/Desktop/Personal Apps/vult-intel/node_modules/redis-parser/lib/parser.js:302:14) {
  command: { name: 'auth', args: [ 'IVB0VPnPl0urvQrpSKkbXLdEZBUfSHaP' ] }
}
Redis connection error: ReplyError: WRONGPASS invalid username-password pair or user is disabled.
    at parseError (/Users/adrianfranciscoperezgomez/Desktop/Personal Apps/vult-intel/node_modules/redis-parser/lib/parser.js:179:12)
    at parseType (/Users/adrianfranciscoperezgomez/Desktop/Personal Apps/vult-intel/node_modules/redis-parser/lib/parser.js:302:14) {
  command: { name: 'auth', args: [ 'IVB0VPnPl0urvQrpSKkbXLdEZBUfSHaP' ] }
}
ReplyError: WRONGPASS invalid username-password pair or user is disabled.
    at parseError (/Users/adrianfranciscoperezgomez/Desktop/Personal Apps/vult-intel/node_modules/redis-parser/lib/parser.js:179:12)
    at parseType (/Users/adrianfranciscoperezgomez/Desktop/Personal Apps/vult-intel/node_modules/redis-parser/lib/parser.js:302:14) {
  command: { name: 'auth', args: [ 'IVB0VPnPl0urvQrpSKkbXLdEZBUfSHaP' ] }
}
ReplyError: WRONGPASS invalid username-password pair or user is disabled.
    at parseError (/Users/adrianfranciscoperezgomez/Desktop/Personal Apps/vult-intel/node_modules/redis-parser/lib/parser.js:179:12)
    at parseType (/Users/adrianfranciscoperezgomez/Desktop/Personal Apps/vult-intel/node_modules/redis-parser/lib/parser.js:302:14) {
  command: { name: 'auth', args: [ 'IVB0VPnPl0urvQrpSKkbXLdEZBUfSHaP' ] }
}
ReplyError: WRONGPASS invalid username-password pair or user is disabled.
    at parseError (/Users/adrianfranciscoperezgomez/Desktop/Personal Apps/vult-intel/node_modules/redis-parser/lib/parser.js:179:12)
    at parseType (/Users/adrianfranciscoperezgomez/Desktop/Personal Apps/vult-intel/node_modules/redis-parser/lib/parser.js:302:14) {
  command: { name: 'auth', args: [ 'IVB0VPnPl0urvQrpSKkbXLdEZBUfSHaP' ] }
}
ReplyError: WRONGPASS invalid username-password pair or user is disabled.
    at parseError (/Users/adrianfranciscoperezgomez/Desktop/Personal Apps/vult-intel/node_modules/redis-parser/lib/parser.js:179:12)
    at parseType (/Users/adrianfranciscoperezgomez/Desktop/Personal Apps/vult-intel/node_modules/redis-parser/lib/parser.js:302:14) {
  command: { name: 'auth', args: [ 'IVB0VPnPl0urvQrpSKkbXLdEZBUfSHaP' ] }
}
ReplyError: WRONGPASS invalid username-password pair or user is disabled.
    at parseError (/Users/adrianfranciscoperezgomez/Desktop/Personal Apps/vult-intel/node_modules/redis-parser/lib/parser.js:179:12)
    at parseType (/Users/adrianfranciscoperezgomez/Desktop/Personal Apps/vult-intel/node_modules/redis-parser/lib/parser.js:302:14) {
  command: { name: 'auth', args: [ 'IVB0VPnPl0urvQrpSKkbXLdEZBUfSHaP' ] }
}
Connected to Redis for persistence
ReplyError: WRONGPASS invalid username-password pair or user is disabled.
    at parseError (/Users/adrianfranciscoperezgomez/Desktop/Personal Apps/vult-intel/node_modules/redis-parser/lib/parser.js:179:12)
    at parseType (/Users/adrianfranciscoperezgomez/Desktop/Personal Apps/vult-intel/node_modules/redis-parser/lib/parser.js:302:14) {
  command: { name: 'auth', args: [ 'IVB0VPnPl0urvQrpSKkbXLdEZBUfSHaP' ] }
}
ReplyError: WRONGPASS invalid username-password pair or user is disabled.
    at parseError (/Users/adrianfranciscoperezgomez/Desktop/Personal Apps/vult-intel/node_modules/redis-parser/lib/parser.js:179:12)
    at parseType (/Users/adrianfranciscoperezgomez/Desktop/Personal Apps/vult-intel/node_modules/redis-parser/lib/parser.js:302:14) {
  command: { name: 'auth', args: [ 'IVB0VPnPl0urvQrpSKkbXLdEZBUfSHaP' ] }
}
Redis connection error: ReplyError: WRONGPASS invalid username-password pair or user is disabled.
    at parseError (/Users/adrianfranciscoperezgomez/Desktop/Personal Apps/vult-intel/node_modules/redis-parser/lib/parser.js:179:12)
    at parseType (/Users/adrianfranciscoperezgomez/Desktop/Personal Apps/vult-intel/node_modules/redis-parser/lib/parser.js:302:14) {
  command: { name: 'auth', args: [ 'IVB0VPnPl0urvQrpSKkbXLdEZBUfSHaP' ] }
}
ReplyError: WRONGPASS invalid username-password pair or user is disabled.
    at parseError (/Users/adrianfranciscoperezgomez/Desktop/Personal Apps/vult-intel/node_modules/redis-parser/lib/parser.js:179:12)
    at parseType (/Users/adrianfranciscoperezgomez/Desktop/Personal Apps/vult-intel/node_modules/redis-parser/lib/parser.js:302:14) {
  command: { name: 'auth', args: [ 'IVB0VPnPl0urvQrpSKkbXLdEZBUfSHaP' ] }
}
ReplyError: WRONGPASS invalid username-password pair or user is disabled.
    at parseError (/Users/adrianfranciscoperezgomez/Desktop/Personal Apps/vult-intel/node_modules/redis-parser/lib/parser.js:179:12)
    at parseType (/Users/adrianfranciscoperezgomez/Desktop/Personal Apps/vult-intel/node_modules/redis-parser/lib/parser.js:302:14) {
  command: { name: 'auth', args: [ 'IVB0VPnPl0urvQrpSKkbXLdEZBUfSHaP' ] }
}
ReplyError: WRONGPASS invalid username-password pair or user is disabled.
    at parseError (/Users/adrianfranciscoperezgomez/Desktop/Personal Apps/vult-intel/node_modules/redis-parser/lib/parser.js:179:12)
    at parseType (/Users/adrianfranciscoperezgomez/Desktop/Personal Apps/vult-intel/node_modules/redis-parser/lib/parser.js:302:14) {
  command: { name: 'auth', args: [ 'IVB0VPnPl0urvQrpSKkbXLdEZBUfSHaP' ] }
}
ReplyError: WRONGPASS invalid username-password pair or user is disabled.
    at parseError (/Users/adrianfranciscoperezgomez/Desktop/Personal Apps/vult-intel/node_modules/redis-parser/lib/parser.js:179:12)
    at parseType (/Users/adrianfranciscoperezgomez/Desktop/Personal Apps/vult-intel/node_modules/redis-parser/lib/parser.js:302:14) {
  command: { name: 'auth', args: [ 'IVB0VPnPl0urvQrpSKkbXLdEZBUfSHaP' ] }
}
Connected to Redis for persistence
ReplyError: WRONGPASS invalid username-password pair or user is disabled.
    at parseError (/Users/adrianfranciscoperezgomez/Desktop/Personal Apps/vult-intel/node_modules/redis-parser/lib/parser.js:179:12)
    at parseType (/Users/adrianfranciscoperezgomez/Desktop/Personal Apps/vult-intel/node_modules/redis-parser/lib/parser.js:302:14) {
  command: { name: 'auth', args: [ 'IVB0VPnPl0urvQrpSKkbXLdEZBUfSHaP' ] }
}
ReplyError: WRONGPASS invalid username-password pair or user is disabled.
    at parseError (/Users/adrianfranciscoperezgomez/Desktop/Personal Apps/vult-intel/node_modules/redis-parser/lib/parser.js:179:12)
    at parseType (/Users/adrianfranciscoperezgomez/Desktop/Personal Apps/vult-intel/node_modules/redis-parser/lib/parser.js:302:14) {
  command: { name: 'auth', args: [ 'IVB0VPnPl0urvQrpSKkbXLdEZBUfSHaP' ] }
}
Redis connection error: ReplyError: WRONGPASS invalid username-password pair or user is disabled.
    at parseError (/Users/adrianfranciscoperezgomez/Desktop/Personal Apps/vult-intel/node_modules/redis-parser/lib/parser.js:179:12)
    at parseType (/Users/adrianfranciscoperezgomez/Desktop/Personal Apps/vult-intel/node_modules/redis-parser/lib/parser.js:302:14) {
  command: { name: 'auth', args: [ 'IVB0VPnPl0urvQrpSKkbXLdEZBUfSHaP' ] }
}
ReplyError: WRONGPASS invalid username-password pair or user is disabled.
    at parseError (/Users/adrianfranciscoperezgomez/Desktop/Personal Apps/vult-intel/node_modules/redis-parser/lib/parser.js:179:12)
    at parseType (/Users/adrianfranciscoperezgomez/Desktop/Personal Apps/vult-intel/node_modules/redis-parser/lib/parser.js:302:14) {
  command: { name: 'auth', args: [ 'IVB0VPnPl0urvQrpSKkbXLdEZBUfSHaP' ] }
}
ReplyError: WRONGPASS invalid username-password pair or user is disabled.
    at parseError (/Users/adrianfranciscoperezgomez/Desktop/Personal Apps/vult-intel/node_modules/redis-parser/lib/parser.js:179:12)
    at parseType (/Users/adrianfranciscoperezgomez/Desktop/Personal Apps/vult-intel/node_modules/redis-parser/lib/parser.js:302:14) {
  command: { name: 'auth', args: [ 'IVB0VPnPl0urvQrpSKkbXLdEZBUfSHaP' ] }
}
ReplyError: WRONGPASS invalid username-password pair or user is disabled.
    at parseError (/Users/adrianfranciscoperezgomez/Desktop/Personal Apps/vult-intel/node_modules/redis-parser/lib/parser.js:179:12)
    at parseType (/Users/adrianfranciscoperezgomez/Desktop/Personal Apps/vult-intel/node_modules/redis-parser/lib/parser.js:302:14) {
  command: { name: 'auth', args: [ 'IVB0VPnPl0urvQrpSKkbXLdEZBUfSHaP' ] }
}
ReplyError: WRONGPASS invalid username-password pair or user is disabled.
    at parseError (/Users/adrianfranciscoperezgomez/Desktop/Personal Apps/vult-intel/node_modules/redis-parser/lib/parser.js:179:12)
    at parseType (/Users/adrianfranciscoperezgomez/Desktop/Personal Apps/vult-intel/node_modules/redis-parser/lib/parser.js:302:14) {
  command: { name: 'auth', args: [ 'IVB0VPnPl0urvQrpSKkbXLdEZBUfSHaP' ] }
}
Connected to Redis for persistence
Redis connection error: ReplyError: WRONGPASS invalid username-password pair or user is disabled.
    at parseError (/Users/adrianfranciscoperezgomez/Desktop/Personal Apps/vult-intel/node_modules/redis-parser/lib/parser.js:179:12)
    at parseType (/Users/adrianfranciscoperezgomez/Desktop/Personal Apps/vult-intel/node_modules/redis-parser/lib/parser.js:302:14) {
  command: { name: 'auth', args: [ 'IVB0VPnPl0urvQrpSKkbXLdEZBUfSHaP' ] }
}
ReplyError: WRONGPASS invalid username-password pair or user is disabled.
    at parseError (/Users/adrianfranciscoperezgomez/Desktop/Personal Apps/vult-intel/node_modules/redis-parser/lib/parser.js:179:12)
    at parseType (/Users/adrianfranciscoperezgomez/Desktop/Personal Apps/vult-intel/node_modules/redis-parser/lib/parser.js:302:14) {
  command: { name: 'auth', args: [ 'IVB0VPnPl0urvQrpSKkbXLdEZBUfSHaP' ] }
}
ReplyError: WRONGPASS invalid username-password pair or user is disabled.
    at parseError (/Users/adrianfranciscoperezgomez/Desktop/Personal Apps/vult-intel/node_modules/redis-parser/lib/parser.js:179:12)
    at parseType (/Users/adrianfranciscoperezgomez/Desktop/Personal Apps/vult-intel/node_modules/redis-parser/lib/parser.js:302:14) {
  command: { name: 'auth', args: [ 'IVB0VPnPl0urvQrpSKkbXLdEZBUfSHaP' ] }
}
ReplyError: WRONGPASS invalid username-password pair or user is disabled.
    at parseError (/Users/adrianfranciscoperezgomez/Desktop/Personal Apps/vult-intel/node_modules/redis-parser/lib/parser.js:179:12)
    at parseType (/Users/adrianfranciscoperezgomez/Desktop/Personal Apps/vult-intel/node_modules/redis-parser/lib/parser.js:302:14) {
  command: { name: 'auth', args: [ 'IVB0VPnPl0urvQrpSKkbXLdEZBUfSHaP' ] }
}
ReplyError: WRONGPASS invalid username-password pair or user is disabled.
    at parseError (/Users/adrianfranciscoperezgomez/Desktop/Personal Apps/vult-intel/node_modules/redis-parser/lib/parser.js:179:12)
    at parseType (/Users/adrianfranciscoperezgomez/Desktop/Personal Apps/vult-intel/node_modules/redis-parser/lib/parser.js:302:14) {
  command: { name: 'auth', args: [ 'IVB0VPnPl0urvQrpSKkbXLdEZBUfSHaP' ] }
}
ReplyError: WRONGPASS invalid username-password pair or user is disabled.
    at parseError (/Users/adrianfranciscoperezgomez/Desktop/Personal Apps/vult-intel/node_modules/redis-parser/lib/parser.js:179:12)
    at parseType (/Users/adrianfranciscoperezgomez/Desktop/Personal Apps/vult-intel/node_modules/redis-parser/lib/parser.js:302:14) {
  command: { name: 'auth', args: [ 'IVB0VPnPl0urvQrpSKkbXLdEZBUfSHaP' ] }
}
ReplyError: WRONGPASS invalid username-password pair or user is disabled.
    at parseError (/Users/adrianfranciscoperezgomez/Desktop/Personal Apps/vult-intel/node_modules/redis-parser/lib/parser.js:179:12)
    at parseType (/Users/adrianfranciscoperezgomez/Desktop/Personal Apps/vult-intel/node_modules/redis-parser/lib/parser.js:302:14) {
  command: { name: 'auth', args: [ 'IVB0VPnPl0urvQrpSKkbXLdEZBUfSHaP' ] }
}
Connected to Redis for persistence
ReplyError: WRONGPASS invalid username-password pair or user is disabled.
    at parseError (/Users/adrianfranciscoperezgomez/Desktop/Personal Apps/vult-intel/node_modules/redis-parser/lib/parser.js:179:12)
    at parseType (/Users/adrianfranciscoperezgomez/Desktop/Personal Apps/vult-intel/node_modules/redis-parser/lib/parser.js:302:14) {
  command: { name: 'auth', args: [ 'IVB0VPnPl0urvQrpSKkbXLdEZBUfSHaP' ] }
}
Redis connection error: ReplyError: WRONGPASS invalid username-password pair or user is disabled.
    at parseError (/Users/adrianfranciscoperezgomez/Desktop/Personal Apps/vult-intel/node_modules/redis-parser/lib/parser.js:179:12)
    at parseType (/Users/adrianfranciscoperezgomez/Desktop/Personal Apps/vult-intel/node_modules/redis-parser/lib/parser.js:302:14) {
  command: { name: 'auth', args: [ 'IVB0VPnPl0urvQrpSKkbXLdEZBUfSHaP' ] }
}
ReplyError: WRONGPASS invalid username-password pair or user is disabled.
    at parseError (/Users/adrianfranciscoperezgomez/Desktop/Personal Apps/vult-intel/node_modules/redis-parser/lib/parser.js:179:12)
    at parseType (/Users/adrianfranciscoperezgomez/Desktop/Personal Apps/vult-intel/node_modules/redis-parser/lib/parser.js:302:14) {
  command: { name: 'auth', args: [ 'IVB0VPnPl0urvQrpSKkbXLdEZBUfSHaP' ] }
}
ReplyError: WRONGPASS invalid username-password pair or user is disabled.
    at parseError (/Users/adrianfranciscoperezgomez/Desktop/Personal Apps/vult-intel/node_modules/redis-parser/lib/parser.js:179:12)
    at parseType (/Users/adrianfranciscoperezgomez/Desktop/Personal Apps/vult-intel/node_modules/redis-parser/lib/parser.js:302:14) {
  command: { name: 'auth', args: [ 'IVB0VPnPl0urvQrpSKkbXLdEZBUfSHaP' ] }
}
ReplyError: WRONGPASS invalid username-password pair or user is disabled.
    at parseError (/Users/adrianfranciscoperezgomez/Desktop/Personal Apps/vult-intel/node_modules/redis-parser/lib/parser.js:179:12)
    at parseType (/Users/adrianfranciscoperezgomez/Desktop/Personal Apps/vult-intel/node_modules/redis-parser/lib/parser.js:302:14) {
  command: { name: 'auth', args: [ 'IVB0VPnPl0urvQrpSKkbXLdEZBUfSHaP' ] }
}
ReplyError: WRONGPASS invalid username-password pair or user is disabled.
    at parseError (/Users/adrianfranciscoperezgomez/Desktop/Personal Apps/vult-intel/node_modules/redis-parser/lib/parser.js:179:12)
    at parseType (/Users/adrianfranciscoperezgomez/Desktop/Personal Apps/vult-intel/node_modules/redis-parser/lib/parser.js:302:14) {
  command: { name: 'auth', args: [ 'IVB0VPnPl0urvQrpSKkbXLdEZBUfSHaP' ] }
}
ReplyError: WRONGPASS invalid username-password pair or user is disabled.
    at parseError (/Users/adrianfranciscoperezgomez/Desktop/Personal Apps/vult-intel/node_modules/redis-parser/lib/parser.js:179:12)
    at parseType (/Users/adrianfranciscoperezgomez/Desktop/Personal Apps/vult-intel/node_modules/redis-parser/lib/parser.js:302:14) {
  command: { name: 'auth', args: [ 'IVB0VPnPl0urvQrpSKkbXLdEZBUfSHaP' ] }
}
Connected to Redis for persistence
ReplyError: WRONGPASS invalid username-password pair or user is disabled.
    at parseError (/Users/adrianfranciscoperezgomez/Desktop/Personal Apps/vult-intel/node_modules/redis-parser/lib/parser.js:179:12)
    at parseType (/Users/adrianfranciscoperezgomez/Desktop/Personal Apps/vult-intel/node_modules/redis-parser/lib/parser.js:302:14) {
  command: { name: 'auth', args: [ 'IVB0VPnPl0urvQrpSKkbXLdEZBUfSHaP' ] }
}
Redis connection error: ReplyError: WRONGPASS invalid username-password pair or user is disabled.
    at parseError (/Users/adrianfranciscoperezgomez/Desktop/Personal Apps/vult-intel/node_modules/redis-parser/lib/parser.js:179:12)
    at parseType (/Users/adrianfranciscoperezgomez/Desktop/Personal Apps/vult-intel/node_modules/redis-parser/lib/parser.js:302:14) {
  command: { name: 'auth', args: [ 'IVB0VPnPl0urvQrpSKkbXLdEZBUfSHaP' ] }
}
ReplyError: WRONGPASS invalid username-password pair or user is disabled.
    at parseError (/Users/adrianfranciscoperezgomez/Desktop/Personal Apps/vult-intel/node_modules/redis-parser/lib/parser.js:179:12)
    at parseType (/Users/adrianfranciscoperezgomez/Desktop/Personal Apps/vult-intel/node_modules/redis-parser/lib/parser.js:302:14) {
  command: { name: 'auth', args: [ 'IVB0VPnPl0urvQrpSKkbXLdEZBUfSHaP' ] }
}
ReplyError: WRONGPASS invalid username-password pair or user is disabled.
    at parseError (/Users/adrianfranciscoperezgomez/Desktop/Personal Apps/vult-intel/node_modules/redis-parser/lib/parser.js:179:12)
    at parseType (/Users/adrianfranciscoperezgomez/Desktop/Personal Apps/vult-intel/node_modules/redis-parser/lib/parser.js:302:14) {
  command: { name: 'auth', args: [ 'IVB0VPnPl0urvQrpSKkbXLdEZBUfSHaP' ] }
}
ReplyError: WRONGPASS invalid username-password pair or user is disabled.
    at parseError (/Users/adrianfranciscoperezgomez/Desktop/Personal Apps/vult-intel/node_modules/redis-parser/lib/parser.js:179:12)
    at parseType (/Users/adrianfranciscoperezgomez/Desktop/Personal Apps/vult-intel/node_modules/redis-parser/lib/parser.js:302:14) {
  command: { name: 'auth', args: [ 'IVB0VPnPl0urvQrpSKkbXLdEZBUfSHaP' ] }
}
ReplyError: WRONGPASS invalid username-password pair or user is disabled.
    at parseError (/Users/adrianfranciscoperezgomez/Desktop/Personal Apps/vult-intel/node_modules/redis-parser/lib/parser.js:179:12)
    at parseType (/Users/adrianfranciscoperezgomez/Desktop/Personal Apps/vult-intel/node_modules/redis-parser/lib/parser.js:302:14) {
  command: { name: 'auth', args: [ 'IVB0VPnPl0urvQrpSKkbXLdEZBUfSHaP' ] }
}
ReplyError: WRONGPASS invalid username-password pair or user is disabled.
    at parseError (/Users/adrianfranciscoperezgomez/Desktop/Personal Apps/vult-intel/node_modules/redis-parser/lib/parser.js:179:12)
    at parseType (/Users/adrianfranciscoperezgomez/Desktop/Personal Apps/vult-intel/node_modules/redis-parser/lib/parser.js:302:14) {
  command: { name: 'auth', args: [ 'IVB0VPnPl0urvQrpSKkbXLdEZBUfSHaP' ] }
}
Connected to Redis for persistence
Redis connection error: ReplyError: WRONGPASS invalid username-password pair or user is disabled.
    at parseError (/Users/adrianfranciscoperezgomez/Desktop/Personal Apps/vult-intel/node_modules/redis-parser/lib/parser.js:179:12)
    at parseType (/Users/adrianfranciscoperezgomez/Desktop/Personal Apps/vult-intel/node_modules/redis-parser/lib/parser.js:302:14) {
  command: { name: 'auth', args: [ 'IVB0VPnPl0urvQrpSKkbXLdEZBUfSHaP' ] }
}
ReplyError: WRONGPASS invalid username-password pair or user is disabled.
    at parseError (/Users/adrianfranciscoperezgomez/Desktop/Personal Apps/vult-intel/node_modules/redis-parser/lib/parser.js:179:12)
    at parseType (/Users/adrianfranciscoperezgomez/Desktop/Personal Apps/vult-intel/node_modules/redis-parser/lib/parser.js:302:14) {
  command: { name: 'auth', args: [ 'IVB0VPnPl0urvQrpSKkbXLdEZBUfSHaP' ] }
}
ReplyError: WRONGPASS invalid username-password pair or user is disabled.
    at parseError (/Users/adrianfranciscoperezgomez/Desktop/Personal Apps/vult-intel/node_modules/redis-parser/lib/parser.js:179:12)
    at parseType (/Users/adrianfranciscoperezgomez/Desktop/Personal Apps/vult-intel/node_modules/redis-parser/lib/parser.js:302:14) {
  command: { name: 'auth', args: [ 'IVB0VPnPl0urvQrpSKkbXLdEZBUfSHaP' ] }
}
ReplyError: WRONGPASS invalid username-password pair or user is disabled.
    at parseError (/Users/adrianfranciscoperezgomez/Desktop/Personal Apps/vult-intel/node_modules/redis-parser/lib/parser.js:179:12)
    at parseType (/Users/adrianfranciscoperezgomez/Desktop/Personal Apps/vult-intel/node_modules/redis-parser/lib/parser.js:302:14) {
  command: { name: 'auth', args: [ 'IVB0VPnPl0urvQrpSKkbXLdEZBUfSHaP' ] }
}
ReplyError: WRONGPASS invalid username-password pair or user is disabled.
    at parseError (/Users/adrianfranciscoperezgomez/Desktop/Personal Apps/vult-intel/node_modules/redis-parser/lib/parser.js:179:12)
    at parseType (/Users/adrianfranciscoperezgomez/Desktop/Personal Apps/vult-intel/node_modules/redis-parser/lib/parser.js:302:14) {
  command: { name: 'auth', args: [ 'IVB0VPnPl0urvQrpSKkbXLdEZBUfSHaP' ] }
}
ReplyError: WRONGPASS invalid username-password pair or user is disabled.
    at parseError (/Users/adrianfranciscoperezgomez/Desktop/Personal Apps/vult-intel/node_modules/redis-parser/lib/parser.js:179:12)
    at parseType (/Users/adrianfranciscoperezgomez/Desktop/Personal Apps/vult-intel/node_modules/redis-parser/lib/parser.js:302:14) {
  command: { name: 'auth', args: [ 'IVB0VPnPl0urvQrpSKkbXLdEZBUfSHaP' ] }
}
ReplyError: WRONGPASS invalid username-password pair or user is disabled.
    at parseError (/Users/adrianfranciscoperezgomez/Desktop/Personal Apps/vult-intel/node_modules/redis-parser/lib/parser.js:179:12)
    at parseType (/Users/adrianfranciscoperezgomez/Desktop/Personal Apps/vult-intel/node_modules/redis-parser/lib/parser.js:302:14) {
  command: { name: 'auth', args: [ 'IVB0VPnPl0urvQrpSKkbXLdEZBUfSHaP' ] }
}
Connected to Redis for persistence
ReplyError: WRONGPASS invalid username-password pair or user is disabled.
    at parseError (/Users/adrianfranciscoperezgomez/Desktop/Personal Apps/vult-intel/node_modules/redis-parser/lib/parser.js:179:12)
    at parseType (/Users/adrianfranciscoperezgomez/Desktop/Personal Apps/vult-intel/node_modules/redis-parser/lib/parser.js:302:14) {
  command: { name: 'auth', args: [ 'IVB0VPnPl0urvQrpSKkbXLdEZBUfSHaP' ] }
}
Redis connection error: ReplyError: WRONGPASS invalid username-password pair or user is disabled.
    at parseError (/Users/adrianfranciscoperezgomez/Desktop/Personal Apps/vult-intel/node_modules/redis-parser/lib/parser.js:179:12)
    at parseType (/Users/adrianfranciscoperezgomez/Desktop/Personal Apps/vult-intel/node_modules/redis-parser/lib/parser.js:302:14) {
  command: { name: 'auth', args: [ 'IVB0VPnPl0urvQrpSKkbXLdEZBUfSHaP' ] }
}
ReplyError: WRONGPASS invalid username-password pair or user is disabled.
    at parseError (/Users/adrianfranciscoperezgomez/Desktop/Personal Apps/vult-intel/node_modules/redis-parser/lib/parser.js:179:12)
    at parseType (/Users/adrianfranciscoperezgomez/Desktop/Personal Apps/vult-intel/node_modules/redis-parser/lib/parser.js:302:14) {
  command: { name: 'auth', args: [ 'IVB0VPnPl0urvQrpSKkbXLdEZBUfSHaP' ] }
}
ReplyError: WRONGPASS invalid username-password pair or user is disabled.
    at parseError (/Users/adrianfranciscoperezgomez/Desktop/Personal Apps/vult-intel/node_modules/redis-parser/lib/parser.js:179:12)
    at parseType (/Users/adrianfranciscoperezgomez/Desktop/Personal Apps/vult-intel/node_modules/redis-parser/lib/parser.js:302:14) {
  command: { name: 'auth', args: [ 'IVB0VPnPl0urvQrpSKkbXLdEZBUfSHaP' ] }
}
ReplyError: WRONGPASS invalid username-password pair or user is disabled.
    at parseError (/Users/adrianfranciscoperezgomez/Desktop/Personal Apps/vult-intel/node_modules/redis-parser/lib/parser.js:179:12)
    at parseType (/Users/adrianfranciscoperezgomez/Desktop/Personal Apps/vult-intel/node_modules/redis-parser/lib/parser.js:302:14) {
  command: { name: 'auth', args: [ 'IVB0VPnPl0urvQrpSKkbXLdEZBUfSHaP' ] }
}
ReplyError: WRONGPASS invalid username-password pair or user is disabled.
    at parseError (/Users/adrianfranciscoperezgomez/Desktop/Personal Apps/vult-intel/node_modules/redis-parser/lib/parser.js:179:12)
    at parseType (/Users/adrianfranciscoperezgomez/Desktop/Personal Apps/vult-intel/node_modules/redis-parser/lib/parser.js:302:14) {
  command: { name: 'auth', args: [ 'IVB0VPnPl0urvQrpSKkbXLdEZBUfSHaP' ] }
}
ReplyError: WRONGPASS invalid username-password pair or user is disabled.
    at parseError (/Users/adrianfranciscoperezgomez/Desktop/Personal Apps/vult-intel/node_modules/redis-parser/lib/parser.js:179:12)
    at parseType (/Users/adrianfranciscoperezgomez/Desktop/Personal Apps/vult-intel/node_modules/redis-parser/lib/parser.js:302:14) {
  command: { name: 'auth', args: [ 'IVB0VPnPl0urvQrpSKkbXLdEZBUfSHaP' ] }
}
Connected to Redis for persistence
Redis connection error: ReplyError: WRONGPASS invalid username-password pair or user is disabled.
    at parseError (/Users/adrianfranciscoperezgomez/Desktop/Personal Apps/vult-intel/node_modules/redis-parser/lib/parser.js:179:12)
    at parseType (/Users/adrianfranciscoperezgomez/Desktop/Personal Apps/vult-intel/node_modules/redis-parser/lib/parser.js:302:14) {
  command: { name: 'auth', args: [ 'IVB0VPnPl0urvQrpSKkbXLdEZBUfSHaP' ] }
}
ReplyError: WRONGPASS invalid username-password pair or user is disabled.
    at parseError (/Users/adrianfranciscoperezgomez/Desktop/Personal Apps/vult-intel/node_modules/redis-parser/lib/parser.js:179:12)
    at parseType (/Users/adrianfranciscoperezgomez/Desktop/Personal Apps/vult-intel/node_modules/redis-parser/lib/parser.js:302:14) {
  command: { name: 'auth', args: [ 'IVB0VPnPl0urvQrpSKkbXLdEZBUfSHaP' ] }
}
ReplyError: WRONGPASS invalid username-password pair or user is disabled.
    at parseError (/Users/adrianfranciscoperezgomez/Desktop/Personal Apps/vult-intel/node_modules/redis-parser/lib/parser.js:179:12)
    at parseType (/Users/adrianfranciscoperezgomez/Desktop/Personal Apps/vult-intel/node_modules/redis-parser/lib/parser.js:302:14) {
  command: { name: 'auth', args: [ 'IVB0VPnPl0urvQrpSKkbXLdEZBUfSHaP' ] }
}
ReplyError: WRONGPASS invalid username-password pair or user is disabled.
    at parseError (/Users/adrianfranciscoperezgomez/Desktop/Personal Apps/vult-intel/node_modules/redis-parser/lib/parser.js:179:12)
    at parseType (/Users/adrianfranciscoperezgomez/Desktop/Personal Apps/vult-intel/node_modules/redis-parser/lib/parser.js:302:14) {
  command: { name: 'auth', args: [ 'IVB0VPnPl0urvQrpSKkbXLdEZBUfSHaP' ] }
}
ReplyError: WRONGPASS invalid username-password pair or user is disabled.
    at parseError (/Users/adrianfranciscoperezgomez/Desktop/Personal Apps/vult-intel/node_modules/redis-parser/lib/parser.js:179:12)
    at parseType (/Users/adrianfranciscoperezgomez/Desktop/Personal Apps/vult-intel/node_modules/redis-parser/lib/parser.js:302:14) {
  command: { name: 'auth', args: [ 'IVB0VPnPl0urvQrpSKkbXLdEZBUfSHaP' ] }
}
ReplyError: WRONGPASS invalid username-password pair or user is disabled.
    at parseError (/Users/adrianfranciscoperezgomez/Desktop/Personal Apps/vult-intel/node_modules/redis-parser/lib/parser.js:179:12)
    at parseType (/Users/adrianfranciscoperezgomez/Desktop/Personal Apps/vult-intel/node_modules/redis-parser/lib/parser.js:302:14) {
  command: { name: 'auth', args: [ 'IVB0VPnPl0urvQrpSKkbXLdEZBUfSHaP' ] }
}
ReplyError: WRONGPASS invalid username-password pair or user is disabled.
    at parseError (/Users/adrianfranciscoperezgomez/Desktop/Personal Apps/vult-intel/node_modules/redis-parser/lib/parser.js:179:12)
    at parseType (/Users/adrianfranciscoperezgomez/Desktop/Personal Apps/vult-intel/node_modules/redis-parser/lib/parser.js:302:14) {
  command: { name: 'auth', args: [ 'IVB0VPnPl0urvQrpSKkbXLdEZBUfSHaP' ] }
}
Connected to Redis for persistence
Redis connection error: ReplyError: WRONGPASS invalid username-password pair or user is disabled.
    at parseError (/Users/adrianfranciscoperezgomez/Desktop/Personal Apps/vult-intel/node_modules/redis-parser/lib/parser.js:179:12)
    at parseType (/Users/adrianfranciscoperezgomez/Desktop/Personal Apps/vult-intel/node_modules/redis-parser/lib/parser.js:302:14) {
  command: { name: 'auth', args: [ 'IVB0VPnPl0urvQrpSKkbXLdEZBUfSHaP' ] }
}
ReplyError: WRONGPASS invalid username-password pair or user is disabled.
    at parseError (/Users/adrianfranciscoperezgomez/Desktop/Personal Apps/vult-intel/node_modules/redis-parser/lib/parser.js:179:12)
    at parseType (/Users/adrianfranciscoperezgomez/Desktop/Personal Apps/vult-intel/node_modules/redis-parser/lib/parser.js:302:14) {
  command: { name: 'auth', args: [ 'IVB0VPnPl0urvQrpSKkbXLdEZBUfSHaP' ] }
}
ReplyError: WRONGPASS invalid username-password pair or user is disabled.
    at parseError (/Users/adrianfranciscoperezgomez/Desktop/Personal Apps/vult-intel/node_modules/redis-parser/lib/parser.js:179:12)
    at parseType (/Users/adrianfranciscoperezgomez/Desktop/Personal Apps/vult-intel/node_modules/redis-parser/lib/parser.js:302:14) {
  command: { name: 'auth', args: [ 'IVB0VPnPl0urvQrpSKkbXLdEZBUfSHaP' ] }
}
ReplyError: WRONGPASS invalid username-password pair or user is disabled.
    at parseError (/Users/adrianfranciscoperezgomez/Desktop/Personal Apps/vult-intel/node_modules/redis-parser/lib/parser.js:179:12)
    at parseType (/Users/adrianfranciscoperezgomez/Desktop/Personal Apps/vult-intel/node_modules/redis-parser/lib/parser.js:302:14) {
  command: { name: 'auth', args: [ 'IVB0VPnPl0urvQrpSKkbXLdEZBUfSHaP' ] }
}
ReplyError: WRONGPASS invalid username-password pair or user is disabled.
    at parseError (/Users/adrianfranciscoperezgomez/Desktop/Personal Apps/vult-intel/node_modules/redis-parser/lib/parser.js:179:12)
    at parseType (/Users/adrianfranciscoperezgomez/Desktop/Personal Apps/vult-intel/node_modules/redis-parser/lib/parser.js:302:14) {
  command: { name: 'auth', args: [ 'IVB0VPnPl0urvQrpSKkbXLdEZBUfSHaP' ] }
}
ReplyError: WRONGPASS invalid username-password pair or user is disabled.
    at parseError (/Users/adrianfranciscoperezgomez/Desktop/Personal Apps/vult-intel/node_modules/redis-parser/lib/parser.js:179:12)
    at parseType (/Users/adrianfranciscoperezgomez/Desktop/Personal Apps/vult-intel/node_modules/redis-parser/lib/parser.js:302:14) {
  command: { name: 'auth', args: [ 'IVB0VPnPl0urvQrpSKkbXLdEZBUfSHaP' ] }
}
ReplyError: WRONGPASS invalid username-password pair or user is disabled.
    at parseError (/Users/adrianfranciscoperezgomez/Desktop/Personal Apps/vult-intel/node_modules/redis-parser/lib/parser.js:179:12)
    at parseType (/Users/adrianfranciscoperezgomez/Desktop/Personal Apps/vult-intel/node_modules/redis-parser/lib/parser.js:302:14) {
  command: { name: 'auth', args: [ 'IVB0VPnPl0urvQrpSKkbXLdEZBUfSHaP' ] }
}
Connected to Redis for persistence
Redis connection error: ReplyError: WRONGPASS invalid username-password pair or user is disabled.
    at parseError (/Users/adrianfranciscoperezgomez/Desktop/Personal Apps/vult-intel/node_modules/redis-parser/lib/parser.js:179:12)
    at parseType (/Users/adrianfranciscoperezgomez/Desktop/Personal Apps/vult-intel/node_modules/redis-parser/lib/parser.js:302:14) {
  command: { name: 'auth', args: [ 'IVB0VPnPl0urvQrpSKkbXLdEZBUfSHaP' ] }
}
ReplyError: WRONGPASS invalid username-password pair or user is disabled.
    at parseError (/Users/adrianfranciscoperezgomez/Desktop/Personal Apps/vult-intel/node_modules/redis-parser/lib/parser.js:179:12)
    at parseType (/Users/adrianfranciscoperezgomez/Desktop/Personal Apps/vult-intel/node_modules/redis-parser/lib/parser.js:302:14) {
  command: { name: 'auth', args: [ 'IVB0VPnPl0urvQrpSKkbXLdEZBUfSHaP' ] }
}
ReplyError: WRONGPASS invalid username-password pair or user is disabled.
    at parseError (/Users/adrianfranciscoperezgomez/Desktop/Personal Apps/vult-intel/node_modules/redis-parser/lib/parser.js:179:12)
    at parseType (/Users/adrianfranciscoperezgomez/Desktop/Personal Apps/vult-intel/node_modules/redis-parser/lib/parser.js:302:14) {
  command: { name: 'auth', args: [ 'IVB0VPnPl0urvQrpSKkbXLdEZBUfSHaP' ] }
}
ReplyError: WRONGPASS invalid username-password pair or user is disabled.
    at parseError (/Users/adrianfranciscoperezgomez/Desktop/Personal Apps/vult-intel/node_modules/redis-parser/lib/parser.js:179:12)
    at parseType (/Users/adrianfranciscoperezgomez/Desktop/Personal Apps/vult-intel/node_modules/redis-parser/lib/parser.js:302:14) {
  command: { name: 'auth', args: [ 'IVB0VPnPl0urvQrpSKkbXLdEZBUfSHaP' ] }
}
ReplyError: WRONGPASS invalid username-password pair or user is disabled.
    at parseError (/Users/adrianfranciscoperezgomez/Desktop/Personal Apps/vult-intel/node_modules/redis-parser/lib/parser.js:179:12)
    at parseType (/Users/adrianfranciscoperezgomez/Desktop/Personal Apps/vult-intel/node_modules/redis-parser/lib/parser.js:302:14) {
  command: { name: 'auth', args: [ 'IVB0VPnPl0urvQrpSKkbXLdEZBUfSHaP' ] }
}
ReplyError: WRONGPASS invalid username-password pair or user is disabled.
    at parseError (/Users/adrianfranciscoperezgomez/Desktop/Personal Apps/vult-intel/node_modules/redis-parser/lib/parser.js:179:12)
    at parseType (/Users/adrianfranciscoperezgomez/Desktop/Personal Apps/vult-intel/node_modules/redis-parser/lib/parser.js:302:14) {
  command: { name: 'auth', args: [ 'IVB0VPnPl0urvQrpSKkbXLdEZBUfSHaP' ] }
}
ReplyError: WRONGPASS invalid username-password pair or user is disabled.
    at parseError (/Users/adrianfranciscoperezgomez/Desktop/Personal Apps/vult-intel/node_modules/redis-parser/lib/parser.js:179:12)
    at parseType (/Users/adrianfranciscoperezgomez/Desktop/Personal Apps/vult-intel/node_modules/redis-parser/lib/parser.js:302:14) {
  command: { name: 'auth', args: [ 'IVB0VPnPl0urvQrpSKkbXLdEZBUfSHaP' ] }
}
Connected to Redis for persistence
Redis connection error: ReplyError: WRONGPASS invalid username-password pair or user is disabled.
    at parseError (/Users/adrianfranciscoperezgomez/Desktop/Personal Apps/vult-intel/node_modules/redis-parser/lib/parser.js:179:12)
    at parseType (/Users/adrianfranciscoperezgomez/Desktop/Personal Apps/vult-intel/node_modules/redis-parser/lib/parser.js:302:14) {
  command: { name: 'auth', args: [ 'IVB0VPnPl0urvQrpSKkbXLdEZBUfSHaP' ] }
}
ReplyError: WRONGPASS invalid username-password pair or user is disabled.
    at parseError (/Users/adrianfranciscoperezgomez/Desktop/Personal Apps/vult-intel/node_modules/redis-parser/lib/parser.js:179:12)
    at parseType (/Users/adrianfranciscoperezgomez/Desktop/Personal Apps/vult-intel/node_modules/redis-parser/lib/parser.js:302:14) {
  command: { name: 'auth', args: [ 'IVB0VPnPl0urvQrpSKkbXLdEZBUfSHaP' ] }
}
ReplyError: WRONGPASS invalid username-password pair or user is disabled.
    at parseError (/Users/adrianfranciscoperezgomez/Desktop/Personal Apps/vult-intel/node_modules/redis-parser/lib/parser.js:179:12)
    at parseType (/Users/adrianfranciscoperezgomez/Desktop/Personal Apps/vult-intel/node_modules/redis-parser/lib/parser.js:302:14) {
  command: { name: 'auth', args: [ 'IVB0VPnPl0urvQrpSKkbXLdEZBUfSHaP' ] }
}
ReplyError: WRONGPASS invalid username-password pair or user is disabled.
    at parseError (/Users/adrianfranciscoperezgomez/Desktop/Personal Apps/vult-intel/node_modules/redis-parser/lib/parser.js:179:12)
    at parseType (/Users/adrianfranciscoperezgomez/Desktop/Personal Apps/vult-intel/node_modules/redis-parser/lib/parser.js:302:14) {
  command: { name: 'auth', args: [ 'IVB0VPnPl0urvQrpSKkbXLdEZBUfSHaP' ] }
}
ReplyError: WRONGPASS invalid username-password pair or user is disabled.
    at parseError (/Users/adrianfranciscoperezgomez/Desktop/Personal Apps/vult-intel/node_modules/redis-parser/lib/parser.js:179:12)
    at parseType (/Users/adrianfranciscoperezgomez/Desktop/Personal Apps/vult-intel/node_modules/redis-parser/lib/parser.js:302:14) {
  command: { name: 'auth', args: [ 'IVB0VPnPl0urvQrpSKkbXLdEZBUfSHaP' ] }
}
ReplyError: WRONGPASS invalid username-password pair or user is disabled.
    at parseError (/Users/adrianfranciscoperezgomez/Desktop/Personal Apps/vult-intel/node_modules/redis-parser/lib/parser.js:179:12)
    at parseType (/Users/adrianfranciscoperezgomez/Desktop/Personal Apps/vult-intel/node_modules/redis-parser/lib/parser.js:302:14) {
  command: { name: 'auth', args: [ 'IVB0VPnPl0urvQrpSKkbXLdEZBUfSHaP' ] }
}
ReplyError: WRONGPASS invalid username-password pair or user is disabled.
    at parseError (/Users/adrianfranciscoperezgomez/Desktop/Personal Apps/vult-intel/node_modules/redis-parser/lib/parser.js:179:12)
    at parseType (/Users/adrianfranciscoperezgomez/Desktop/Personal Apps/vult-intel/node_modules/redis-parser/lib/parser.js:302:14) {
  command: { name: 'auth', args: [ 'IVB0VPnPl0urvQrpSKkbXLdEZBUfSHaP' ] }
}
Connected to Redis for persistence
ReplyError: WRONGPASS invalid username-password pair or user is disabled.
    at parseError (/Users/adrianfranciscoperezgomez/Desktop/Personal Apps/vult-intel/node_modules/redis-parser/lib/parser.js:179:12)
    at parseType (/Users/adrianfranciscoperezgomez/Desktop/Personal Apps/vult-intel/node_modules/redis-parser/lib/parser.js:302:14) {
  command: { name: 'auth', args: [ 'IVB0VPnPl0urvQrpSKkbXLdEZBUfSHaP' ] }
}
ReplyError: WRONGPASS invalid username-password pair or user is disabled.
    at parseError (/Users/adrianfranciscoperezgomez/Desktop/Personal Apps/vult-intel/node_modules/redis-parser/lib/parser.js:179:12)
    at parseType (/Users/adrianfranciscoperezgomez/Desktop/Personal Apps/vult-intel/node_modules/redis-parser/lib/parser.js:302:14) {
  command: { name: 'auth', args: [ 'IVB0VPnPl0urvQrpSKkbXLdEZBUfSHaP' ] }
}
Redis connection error: ReplyError: WRONGPASS invalid username-password pair or user is disabled.
    at parseError (/Users/adrianfranciscoperezgomez/Desktop/Personal Apps/vult-intel/node_modules/redis-parser/lib/parser.js:179:12)
    at parseType (/Users/adrianfranciscoperezgomez/Desktop/Personal Apps/vult-intel/node_modules/redis-parser/lib/parser.js:302:14) {
  command: { name: 'auth', args: [ 'IVB0VPnPl0urvQrpSKkbXLdEZBUfSHaP' ] }
}
ReplyError: WRONGPASS invalid username-password pair or user is disabled.
    at parseError (/Users/adrianfranciscoperezgomez/Desktop/Personal Apps/vult-intel/node_modules/redis-parser/lib/parser.js:179:12)
    at parseType (/Users/adrianfranciscoperezgomez/Desktop/Personal Apps/vult-intel/node_modules/redis-parser/lib/parser.js:302:14) {
  command: { name: 'auth', args: [ 'IVB0VPnPl0urvQrpSKkbXLdEZBUfSHaP' ] }
}
ReplyError: WRONGPASS invalid username-password pair or user is disabled.
    at parseError (/Users/adrianfranciscoperezgomez/Desktop/Personal Apps/vult-intel/node_modules/redis-parser/lib/parser.js:179:12)
    at parseType (/Users/adrianfranciscoperezgomez/Desktop/Personal Apps/vult-intel/node_modules/redis-parser/lib/parser.js:302:14) {
  command: { name: 'auth', args: [ 'IVB0VPnPl0urvQrpSKkbXLdEZBUfSHaP' ] }
}
ReplyError: WRONGPASS invalid username-password pair or user is disabled.
    at parseError (/Users/adrianfranciscoperezgomez/Desktop/Personal Apps/vult-intel/node_modules/redis-parser/lib/parser.js:179:12)
    at parseType (/Users/adrianfranciscoperezgomez/Desktop/Personal Apps/vult-intel/node_modules/redis-parser/lib/parser.js:302:14) {
  command: { name: 'auth', args: [ 'IVB0VPnPl0urvQrpSKkbXLdEZBUfSHaP' ] }
}
ReplyError: WRONGPASS invalid username-password pair or user is disabled.
    at parseError (/Users/adrianfranciscoperezgomez/Desktop/Personal Apps/vult-intel/node_modules/redis-parser/lib/parser.js:179:12)
    at parseType (/Users/adrianfranciscoperezgomez/Desktop/Personal Apps/vult-intel/node_modules/redis-parser/lib/parser.js:302:14) {
  command: { name: 'auth', args: [ 'IVB0VPnPl0urvQrpSKkbXLdEZBUfSHaP' ] }
}
Connected to Redis for persistence
Redis connection error: ReplyError: WRONGPASS invalid username-password pair or user is disabled.
    at parseError (/Users/adrianfranciscoperezgomez/Desktop/Personal Apps/vult-intel/node_modules/redis-parser/lib/parser.js:179:12)
    at parseType (/Users/adrianfranciscoperezgomez/Desktop/Personal Apps/vult-intel/node_modules/redis-parser/lib/parser.js:302:14) {
  command: { name: 'auth', args: [ 'IVB0VPnPl0urvQrpSKkbXLdEZBUfSHaP' ] }
}
ReplyError: WRONGPASS invalid username-password pair or user is disabled.
    at parseError (/Users/adrianfranciscoperezgomez/Desktop/Personal Apps/vult-intel/node_modules/redis-parser/lib/parser.js:179:12)
    at parseType (/Users/adrianfranciscoperezgomez/Desktop/Personal Apps/vult-intel/node_modules/redis-parser/lib/parser.js:302:14) {
  command: { name: 'auth', args: [ 'IVB0VPnPl0urvQrpSKkbXLdEZBUfSHaP' ] }
}
ReplyError: WRONGPASS invalid username-password pair or user is disabled.
    at parseError (/Users/adrianfranciscoperezgomez/Desktop/Personal Apps/vult-intel/node_modules/redis-parser/lib/parser.js:179:12)
    at parseType (/Users/adrianfranciscoperezgomez/Desktop/Personal Apps/vult-intel/node_modules/redis-parser/lib/parser.js:302:14) {
  command: { name: 'auth', args: [ 'IVB0VPnPl0urvQrpSKkbXLdEZBUfSHaP' ] }
}
ReplyError: WRONGPASS invalid username-password pair or user is disabled.
    at parseError (/Users/adrianfranciscoperezgomez/Desktop/Personal Apps/vult-intel/node_modules/redis-parser/lib/parser.js:179:12)
    at parseType (/Users/adrianfranciscoperezgomez/Desktop/Personal Apps/vult-intel/node_modules/redis-parser/lib/parser.js:302:14) {
  command: { name: 'auth', args: [ 'IVB0VPnPl0urvQrpSKkbXLdEZBUfSHaP' ] }
}
ReplyError: WRONGPASS invalid username-password pair or user is disabled.
    at parseError (/Users/adrianfranciscoperezgomez/Desktop/Personal Apps/vult-intel/node_modules/redis-parser/lib/parser.js:179:12)
    at parseType (/Users/adrianfranciscoperezgomez/Desktop/Personal Apps/vult-intel/node_modules/redis-parser/lib/parser.js:302:14) {
  command: { name: 'auth', args: [ 'IVB0VPnPl0urvQrpSKkbXLdEZBUfSHaP' ] }
}
ReplyError: WRONGPASS invalid username-password pair or user is disabled.
    at parseError (/Users/adrianfranciscoperezgomez/Desktop/Personal Apps/vult-intel/node_modules/redis-parser/lib/parser.js:179:12)
    at parseType (/Users/adrianfranciscoperezgomez/Desktop/Personal Apps/vult-intel/node_modules/redis-parser/lib/parser.js:302:14) {
  command: { name: 'auth', args: [ 'IVB0VPnPl0urvQrpSKkbXLdEZBUfSHaP' ] }
}
ReplyError: WRONGPASS invalid username-password pair or user is disabled.
    at parseError (/Users/adrianfranciscoperezgomez/Desktop/Personal Apps/vult-intel/node_modules/redis-parser/lib/parser.js:179:12)
    at parseType (/Users/adrianfranciscoperezgomez/Desktop/Personal Apps/vult-intel/node_modules/redis-parser/lib/parser.js:302:14) {
  command: { name: 'auth', args: [ 'IVB0VPnPl0urvQrpSKkbXLdEZBUfSHaP' ] }
}
Connected to Redis for persistence
ReplyError: WRONGPASS invalid username-password pair or user is disabled.
    at parseError (/Users/adrianfranciscoperezgomez/Desktop/Personal Apps/vult-intel/node_modules/redis-parser/lib/parser.js:179:12)
    at parseType (/Users/adrianfranciscoperezgomez/Desktop/Personal Apps/vult-intel/node_modules/redis-parser/lib/parser.js:302:14) {
  command: { name: 'auth', args: [ 'IVB0VPnPl0urvQrpSKkbXLdEZBUfSHaP' ] }
}
Redis connection error: ReplyError: WRONGPASS invalid username-password pair or user is disabled.
    at parseError (/Users/adrianfranciscoperezgomez/Desktop/Personal Apps/vult-intel/node_modules/redis-parser/lib/parser.js:179:12)
    at parseType (/Users/adrianfranciscoperezgomez/Desktop/Personal Apps/vult-intel/node_modules/redis-parser/lib/parser.js:302:14) {
  command: { name: 'auth', args: [ 'IVB0VPnPl0urvQrpSKkbXLdEZBUfSHaP' ] }
}
ReplyError: WRONGPASS invalid username-password pair or user is disabled.
    at parseError (/Users/adrianfranciscoperezgomez/Desktop/Personal Apps/vult-intel/node_modules/redis-parser/lib/parser.js:179:12)
    at parseType (/Users/adrianfranciscoperezgomez/Desktop/Personal Apps/vult-intel/node_modules/redis-parser/lib/parser.js:302:14) {
  command: { name: 'auth', args: [ 'IVB0VPnPl0urvQrpSKkbXLdEZBUfSHaP' ] }
}
ReplyError: WRONGPASS invalid username-password pair or user is disabled.
    at parseError (/Users/adrianfranciscoperezgomez/Desktop/Personal Apps/vult-intel/node_modules/redis-parser/lib/parser.js:179:12)
    at parseType (/Users/adrianfranciscoperezgomez/Desktop/Personal Apps/vult-intel/node_modules/redis-parser/lib/parser.js:302:14) {
  command: { name: 'auth', args: [ 'IVB0VPnPl0urvQrpSKkbXLdEZBUfSHaP' ] }
}
ReplyError: WRONGPASS invalid username-password pair or user is disabled.
    at parseError (/Users/adrianfranciscoperezgomez/Desktop/Personal Apps/vult-intel/node_modules/redis-parser/lib/parser.js:179:12)
    at parseType (/Users/adrianfranciscoperezgomez/Desktop/Personal Apps/vult-intel/node_modules/redis-parser/lib/parser.js:302:14) {
  command: { name: 'auth', args: [ 'IVB0VPnPl0urvQrpSKkbXLdEZBUfSHaP' ] }
}
ReplyError: WRONGPASS invalid username-password pair or user is disabled.
    at parseError (/Users/adrianfranciscoperezgomez/Desktop/Personal Apps/vult-intel/node_modules/redis-parser/lib/parser.js:179:12)
    at parseType (/Users/adrianfranciscoperezgomez/Desktop/Personal Apps/vult-intel/node_modules/redis-parser/lib/parser.js:302:14) {
  command: { name: 'auth', args: [ 'IVB0VPnPl0urvQrpSKkbXLdEZBUfSHaP' ] }
}
ReplyError: WRONGPASS invalid username-password pair or user is disabled.
    at parseError (/Users/adrianfranciscoperezgomez/Desktop/Personal Apps/vult-intel/node_modules/redis-parser/lib/parser.js:179:12)
    at parseType (/Users/adrianfranciscoperezgomez/Desktop/Personal Apps/vult-intel/node_modules/redis-parser/lib/parser.js:302:14) {
  command: { name: 'auth', args: [ 'IVB0VPnPl0urvQrpSKkbXLdEZBUfSHaP' ] }
}
Connected to Redis for persistence
ReplyError: WRONGPASS invalid username-password pair or user is disabled.
    at parseError (/Users/adrianfranciscoperezgomez/Desktop/Personal Apps/vult-intel/node_modules/redis-parser/lib/parser.js:179:12)
    at parseType (/Users/adrianfranciscoperezgomez/Desktop/Personal Apps/vult-intel/node_modules/redis-parser/lib/parser.js:302:14) {
  command: { name: 'auth', args: [ 'IVB0VPnPl0urvQrpSKkbXLdEZBUfSHaP' ] }
}
ReplyError: WRONGPASS invalid username-password pair or user is disabled.
    at parseError (/Users/adrianfranciscoperezgomez/Desktop/Personal Apps/vult-intel/node_modules/redis-parser/lib/parser.js:179:12)
    at parseType (/Users/adrianfranciscoperezgomez/Desktop/Personal Apps/vult-intel/node_modules/redis-parser/lib/parser.js:302:14) {
  command: { name: 'auth', args: [ 'IVB0VPnPl0urvQrpSKkbXLdEZBUfSHaP' ] }
}
Redis connection error: ReplyError: WRONGPASS invalid username-password pair or user is disabled.
    at parseError (/Users/adrianfranciscoperezgomez/Desktop/Personal Apps/vult-intel/node_modules/redis-parser/lib/parser.js:179:12)
    at parseType (/Users/adrianfranciscoperezgomez/Desktop/Personal Apps/vult-intel/node_modules/redis-parser/lib/parser.js:302:14) {
  command: { name: 'auth', args: [ 'IVB0VPnPl0urvQrpSKkbXLdEZBUfSHaP' ] }
}
ReplyError: WRONGPASS invalid username-password pair or user is disabled.
    at parseError (/Users/adrianfranciscoperezgomez/Desktop/Personal Apps/vult-intel/node_modules/redis-parser/lib/parser.js:179:12)
    at parseType (/Users/adrianfranciscoperezgomez/Desktop/Personal Apps/vult-intel/node_modules/redis-parser/lib/parser.js:302:14) {
  command: { name: 'auth', args: [ 'IVB0VPnPl0urvQrpSKkbXLdEZBUfSHaP' ] }
}
ReplyError: WRONGPASS invalid username-password pair or user is disabled.
    at parseError (/Users/adrianfranciscoperezgomez/Desktop/Personal Apps/vult-intel/node_modules/redis-parser/lib/parser.js:179:12)
    at parseType (/Users/adrianfranciscoperezgomez/Desktop/Personal Apps/vult-intel/node_modules/redis-parser/lib/parser.js:302:14) {
  command: { name: 'auth', args: [ 'IVB0VPnPl0urvQrpSKkbXLdEZBUfSHaP' ] }
}
ReplyError: WRONGPASS invalid username-password pair or user is disabled.
    at parseError (/Users/adrianfranciscoperezgomez/Desktop/Personal Apps/vult-intel/node_modules/redis-parser/lib/parser.js:179:12)
    at parseType (/Users/adrianfranciscoperezgomez/Desktop/Personal Apps/vult-intel/node_modules/redis-parser/lib/parser.js:302:14) {
  command: { name: 'auth', args: [ 'IVB0VPnPl0urvQrpSKkbXLdEZBUfSHaP' ] }
}
ReplyError: WRONGPASS invalid username-password pair or user is disabled.
    at parseError (/Users/adrianfranciscoperezgomez/Desktop/Personal Apps/vult-intel/node_modules/redis-parser/lib/parser.js:179:12)
    at parseType (/Users/adrianfranciscoperezgomez/Desktop/Personal Apps/vult-intel/node_modules/redis-parser/lib/parser.js:302:14) {
  command: { name: 'auth', args: [ 'IVB0VPnPl0urvQrpSKkbXLdEZBUfSHaP' ] }
}
Connected to Redis for persistence
ReplyError: WRONGPASS invalid username-password pair or user is disabled.
    at parseError (/Users/adrianfranciscoperezgomez/Desktop/Personal Apps/vult-intel/node_modules/redis-parser/lib/parser.js:179:12)
    at parseType (/Users/adrianfranciscoperezgomez/Desktop/Personal Apps/vult-intel/node_modules/redis-parser/lib/parser.js:302:14) {
  command: { name: 'auth', args: [ 'IVB0VPnPl0urvQrpSKkbXLdEZBUfSHaP' ] }
}
Redis connection error: ReplyError: WRONGPASS invalid username-password pair or user is disabled.
    at parseError (/Users/adrianfranciscoperezgomez/Desktop/Personal Apps/vult-intel/node_modules/redis-parser/lib/parser.js:179:12)
    at parseType (/Users/adrianfranciscoperezgomez/Desktop/Personal Apps/vult-intel/node_modules/redis-parser/lib/parser.js:302:14) {
  command: { name: 'auth', args: [ 'IVB0VPnPl0urvQrpSKkbXLdEZBUfSHaP' ] }
}
ReplyError: WRONGPASS invalid username-password pair or user is disabled.
    at parseError (/Users/adrianfranciscoperezgomez/Desktop/Personal Apps/vult-intel/node_modules/redis-parser/lib/parser.js:179:12)
    at parseType (/Users/adrianfranciscoperezgomez/Desktop/Personal Apps/vult-intel/node_modules/redis-parser/lib/parser.js:302:14) {
  command: { name: 'auth', args: [ 'IVB0VPnPl0urvQrpSKkbXLdEZBUfSHaP' ] }
}
ReplyError: WRONGPASS invalid username-password pair or user is disabled.
    at parseError (/Users/adrianfranciscoperezgomez/Desktop/Personal Apps/vult-intel/node_modules/redis-parser/lib/parser.js:179:12)
    at parseType (/Users/adrianfranciscoperezgomez/Desktop/Personal Apps/vult-intel/node_modules/redis-parser/lib/parser.js:302:14) {
  command: { name: 'auth', args: [ 'IVB0VPnPl0urvQrpSKkbXLdEZBUfSHaP' ] }
}
ReplyError: WRONGPASS invalid username-password pair or user is disabled.
    at parseError (/Users/adrianfranciscoperezgomez/Desktop/Personal Apps/vult-intel/node_modules/redis-parser/lib/parser.js:179:12)
    at parseType (/Users/adrianfranciscoperezgomez/Desktop/Personal Apps/vult-intel/node_modules/redis-parser/lib/parser.js:302:14) {
  command: { name: 'auth', args: [ 'IVB0VPnPl0urvQrpSKkbXLdEZBUfSHaP' ] }
}
ReplyError: WRONGPASS invalid username-password pair or user is disabled.
    at parseError (/Users/adrianfranciscoperezgomez/Desktop/Personal Apps/vult-intel/node_modules/redis-parser/lib/parser.js:179:12)
    at parseType (/Users/adrianfranciscoperezgomez/Desktop/Personal Apps/vult-intel/node_modules/redis-parser/lib/parser.js:302:14) {
  command: { name: 'auth', args: [ 'IVB0VPnPl0urvQrpSKkbXLdEZBUfSHaP' ] }
}
ReplyError: WRONGPASS invalid username-password pair or user is disabled.
    at parseError (/Users/adrianfranciscoperezgomez/Desktop/Personal Apps/vult-intel/node_modules/redis-parser/lib/parser.js:179:12)
    at parseType (/Users/adrianfranciscoperezgomez/Desktop/Personal Apps/vult-intel/node_modules/redis-parser/lib/parser.js:302:14) {
  command: { name: 'auth', args: [ 'IVB0VPnPl0urvQrpSKkbXLdEZBUfSHaP' ] }
}
Connected to Redis for persistence
ReplyError: WRONGPASS invalid username-password pair or user is disabled.
    at parseError (/Users/adrianfranciscoperezgomez/Desktop/Personal Apps/vult-intel/node_modules/redis-parser/lib/parser.js:179:12)
    at parseType (/Users/adrianfranciscoperezgomez/Desktop/Personal Apps/vult-intel/node_modules/redis-parser/lib/parser.js:302:14) {
  command: { name: 'auth', args: [ 'IVB0VPnPl0urvQrpSKkbXLdEZBUfSHaP' ] }
}
ReplyError: WRONGPASS invalid username-password pair or user is disabled.
    at parseError (/Users/adrianfranciscoperezgomez/Desktop/Personal Apps/vult-intel/node_modules/redis-parser/lib/parser.js:179:12)
    at parseType (/Users/adrianfranciscoperezgomez/Desktop/Personal Apps/vult-intel/node_modules/redis-parser/lib/parser.js:302:14) {
  command: { name: 'auth', args: [ 'IVB0VPnPl0urvQrpSKkbXLdEZBUfSHaP' ] }
}
Redis connection error: ReplyError: WRONGPASS invalid username-password pair or user is disabled.
    at parseError (/Users/adrianfranciscoperezgomez/Desktop/Personal Apps/vult-intel/node_modules/redis-parser/lib/parser.js:179:12)
    at parseType (/Users/adrianfranciscoperezgomez/Desktop/Personal Apps/vult-intel/node_modules/redis-parser/lib/parser.js:302:14) {
  command: { name: 'auth', args: [ 'IVB0VPnPl0urvQrpSKkbXLdEZBUfSHaP' ] }
}
ReplyError: WRONGPASS invalid username-password pair or user is disabled.
    at parseError (/Users/adrianfranciscoperezgomez/Desktop/Personal Apps/vult-intel/node_modules/redis-parser/lib/parser.js:179:12)
    at parseType (/Users/adrianfranciscoperezgomez/Desktop/Personal Apps/vult-intel/node_modules/redis-parser/lib/parser.js:302:14) {
  command: { name: 'auth', args: [ 'IVB0VPnPl0urvQrpSKkbXLdEZBUfSHaP' ] }
}
ReplyError: WRONGPASS invalid username-password pair or user is disabled.
    at parseError (/Users/adrianfranciscoperezgomez/Desktop/Personal Apps/vult-intel/node_modules/redis-parser/lib/parser.js:179:12)
    at parseType (/Users/adrianfranciscoperezgomez/Desktop/Personal Apps/vult-intel/node_modules/redis-parser/lib/parser.js:302:14) {
  command: { name: 'auth', args: [ 'IVB0VPnPl0urvQrpSKkbXLdEZBUfSHaP' ] }
}
ReplyError: WRONGPASS invalid username-password pair or user is disabled.
    at parseError (/Users/adrianfranciscoperezgomez/Desktop/Personal Apps/vult-intel/node_modules/redis-parser/lib/parser.js:179:12)
    at parseType (/Users/adrianfranciscoperezgomez/Desktop/Personal Apps/vult-intel/node_modules/redis-parser/lib/parser.js:302:14) {
  command: { name: 'auth', args: [ 'IVB0VPnPl0urvQrpSKkbXLdEZBUfSHaP' ] }
}
ReplyError: WRONGPASS invalid username-password pair or user is disabled.
    at parseError (/Users/adrianfranciscoperezgomez/Desktop/Personal Apps/vult-intel/node_modules/redis-parser/lib/parser.js:179:12)
    at parseType (/Users/adrianfranciscoperezgomez/Desktop/Personal Apps/vult-intel/node_modules/redis-parser/lib/parser.js:302:14) {
  command: { name: 'auth', args: [ 'IVB0VPnPl0urvQrpSKkbXLdEZBUfSHaP' ] }
}
Connected to Redis for persistence
ReplyError: WRONGPASS invalid username-password pair or user is disabled.
    at parseError (/Users/adrianfranciscoperezgomez/Desktop/Personal Apps/vult-intel/node_modules/redis-parser/lib/parser.js:179:12)
    at parseType (/Users/adrianfranciscoperezgomez/Desktop/Personal Apps/vult-intel/node_modules/redis-parser/lib/parser.js:302:14) {
  command: { name: 'auth', args: [ 'IVB0VPnPl0urvQrpSKkbXLdEZBUfSHaP' ] }
}
Redis connection error: ReplyError: WRONGPASS invalid username-password pair or user is disabled.
    at parseError (/Users/adrianfranciscoperezgomez/Desktop/Personal Apps/vult-intel/node_modules/redis-parser/lib/parser.js:179:12)
    at parseType (/Users/adrianfranciscoperezgomez/Desktop/Personal Apps/vult-intel/node_modules/redis-parser/lib/parser.js:302:14) {
  command: { name: 'auth', args: [ 'IVB0VPnPl0urvQrpSKkbXLdEZBUfSHaP' ] }
}
ReplyError: WRONGPASS invalid username-password pair or user is disabled.
    at parseError (/Users/adrianfranciscoperezgomez/Desktop/Personal Apps/vult-intel/node_modules/redis-parser/lib/parser.js:179:12)
    at parseType (/Users/adrianfranciscoperezgomez/Desktop/Personal Apps/vult-intel/node_modules/redis-parser/lib/parser.js:302:14) {
  command: { name: 'auth', args: [ 'IVB0VPnPl0urvQrpSKkbXLdEZBUfSHaP' ] }
}
ReplyError: WRONGPASS invalid username-password pair or user is disabled.
    at parseError (/Users/adrianfranciscoperezgomez/Desktop/Personal Apps/vult-intel/node_modules/redis-parser/lib/parser.js:179:12)
    at parseType (/Users/adrianfranciscoperezgomez/Desktop/Personal Apps/vult-intel/node_modules/redis-parser/lib/parser.js:302:14) {
  command: { name: 'auth', args: [ 'IVB0VPnPl0urvQrpSKkbXLdEZBUfSHaP' ] }
}
ReplyError: WRONGPASS invalid username-password pair or user is disabled.
    at parseError (/Users/adrianfranciscoperezgomez/Desktop/Personal Apps/vult-intel/node_modules/redis-parser/lib/parser.js:179:12)
    at parseType (/Users/adrianfranciscoperezgomez/Desktop/Personal Apps/vult-intel/node_modules/redis-parser/lib/parser.js:302:14) {
  command: { name: 'auth', args: [ 'IVB0VPnPl0urvQrpSKkbXLdEZBUfSHaP' ] }
}
ReplyError: WRONGPASS invalid username-password pair or user is disabled.
    at parseError (/Users/adrianfranciscoperezgomez/Desktop/Personal Apps/vult-intel/node_modules/redis-parser/lib/parser.js:179:12)
    at parseType (/Users/adrianfranciscoperezgomez/Desktop/Personal Apps/vult-intel/node_modules/redis-parser/lib/parser.js:302:14) {
  command: { name: 'auth', args: [ 'IVB0VPnPl0urvQrpSKkbXLdEZBUfSHaP' ] }
}
ReplyError: WRONGPASS invalid username-password pair or user is disabled.
    at parseError (/Users/adrianfranciscoperezgomez/Desktop/Personal Apps/vult-intel/node_modules/redis-parser/lib/parser.js:179:12)
    at parseType (/Users/adrianfranciscoperezgomez/Desktop/Personal Apps/vult-intel/node_modules/redis-parser/lib/parser.js:302:14) {
  command: { name: 'auth', args: [ 'IVB0VPnPl0urvQrpSKkbXLdEZBUfSHaP' ] }
}
Connected to Redis for persistence
ReplyError: WRONGPASS invalid username-password pair or user is disabled.
    at parseError (/Users/adrianfranciscoperezgomez/Desktop/Personal Apps/vult-intel/node_modules/redis-parser/lib/parser.js:179:12)
    at parseType (/Users/adrianfranciscoperezgomez/Desktop/Personal Apps/vult-intel/node_modules/redis-parser/lib/parser.js:302:14) {
  command: { name: 'auth', args: [ 'IVB0VPnPl0urvQrpSKkbXLdEZBUfSHaP' ] }
}
Redis connection error: ReplyError: WRONGPASS invalid username-password pair or user is disabled.
    at parseError (/Users/adrianfranciscoperezgomez/Desktop/Personal Apps/vult-intel/node_modules/redis-parser/lib/parser.js:179:12)
    at parseType (/Users/adrianfranciscoperezgomez/Desktop/Personal Apps/vult-intel/node_modules/redis-parser/lib/parser.js:302:14) {
  command: { name: 'auth', args: [ 'IVB0VPnPl0urvQrpSKkbXLdEZBUfSHaP' ] }
}
ReplyError: WRONGPASS invalid username-password pair or user is disabled.
    at parseError (/Users/adrianfranciscoperezgomez/Desktop/Personal Apps/vult-intel/node_modules/redis-parser/lib/parser.js:179:12)
    at parseType (/Users/adrianfranciscoperezgomez/Desktop/Personal Apps/vult-intel/node_modules/redis-parser/lib/parser.js:302:14) {
  command: { name: 'auth', args: [ 'IVB0VPnPl0urvQrpSKkbXLdEZBUfSHaP' ] }
}
ReplyError: WRONGPASS invalid username-password pair or user is disabled.
    at parseError (/Users/adrianfranciscoperezgomez/Desktop/Personal Apps/vult-intel/node_modules/redis-parser/lib/parser.js:179:12)
    at parseType (/Users/adrianfranciscoperezgomez/Desktop/Personal Apps/vult-intel/node_modules/redis-parser/lib/parser.js:302:14) {
  command: { name: 'auth', args: [ 'IVB0VPnPl0urvQrpSKkbXLdEZBUfSHaP' ] }
}
ReplyError: WRONGPASS invalid username-password pair or user is disabled.
    at parseError (/Users/adrianfranciscoperezgomez/Desktop/Personal Apps/vult-intel/node_modules/redis-parser/lib/parser.js:179:12)
    at parseType (/Users/adrianfranciscoperezgomez/Desktop/Personal Apps/vult-intel/node_modules/redis-parser/lib/parser.js:302:14) {
  command: { name: 'auth', args: [ 'IVB0VPnPl0urvQrpSKkbXLdEZBUfSHaP' ] }
}
ReplyError: WRONGPASS invalid username-password pair or user is disabled.
    at parseError (/Users/adrianfranciscoperezgomez/Desktop/Personal Apps/vult-intel/node_modules/redis-parser/lib/parser.js:179:12)
    at parseType (/Users/adrianfranciscoperezgomez/Desktop/Personal Apps/vult-intel/node_modules/redis-parser/lib/parser.js:302:14) {
  command: { name: 'auth', args: [ 'IVB0VPnPl0urvQrpSKkbXLdEZBUfSHaP' ] }
}
ReplyError: WRONGPASS invalid username-password pair or user is disabled.
    at parseError (/Users/adrianfranciscoperezgomez/Desktop/Personal Apps/vult-intel/node_modules/redis-parser/lib/parser.js:179:12)
    at parseType (/Users/adrianfranciscoperezgomez/Desktop/Personal Apps/vult-intel/node_modules/redis-parser/lib/parser.js:302:14) {
  command: { name: 'auth', args: [ 'IVB0VPnPl0urvQrpSKkbXLdEZBUfSHaP' ] }
}
Connected to Redis for persistence
ReplyError: WRONGPASS invalid username-password pair or user is disabled.
    at parseError (/Users/adrianfranciscoperezgomez/Desktop/Personal Apps/vult-intel/node_modules/redis-parser/lib/parser.js:179:12)
    at parseType (/Users/adrianfranciscoperezgomez/Desktop/Personal Apps/vult-intel/node_modules/redis-parser/lib/parser.js:302:14) {
  command: { name: 'auth', args: [ 'IVB0VPnPl0urvQrpSKkbXLdEZBUfSHaP' ] }
}
Redis connection error: ReplyError: WRONGPASS invalid username-password pair or user is disabled.
    at parseError (/Users/adrianfranciscoperezgomez/Desktop/Personal Apps/vult-intel/node_modules/redis-parser/lib/parser.js:179:12)
    at parseType (/Users/adrianfranciscoperezgomez/Desktop/Personal Apps/vult-intel/node_modules/redis-parser/lib/parser.js:302:14) {
  command: { name: 'auth', args: [ 'IVB0VPnPl0urvQrpSKkbXLdEZBUfSHaP' ] }
}
ReplyError: WRONGPASS invalid username-password pair or user is disabled.
    at parseError (/Users/adrianfranciscoperezgomez/Desktop/Personal Apps/vult-intel/node_modules/redis-parser/lib/parser.js:179:12)
    at parseType (/Users/adrianfranciscoperezgomez/Desktop/Personal Apps/vult-intel/node_modules/redis-parser/lib/parser.js:302:14) {
  command: { name: 'auth', args: [ 'IVB0VPnPl0urvQrpSKkbXLdEZBUfSHaP' ] }
}
ReplyError: WRONGPASS invalid username-password pair or user is disabled.
    at parseError (/Users/adrianfranciscoperezgomez/Desktop/Personal Apps/vult-intel/node_modules/redis-parser/lib/parser.js:179:12)
    at parseType (/Users/adrianfranciscoperezgomez/Desktop/Personal Apps/vult-intel/node_modules/redis-parser/lib/parser.js:302:14) {
  command: { name: 'auth', args: [ 'IVB0VPnPl0urvQrpSKkbXLdEZBUfSHaP' ] }
}
ReplyError: WRONGPASS invalid username-password pair or user is disabled.
    at parseError (/Users/adrianfranciscoperezgomez/Desktop/Personal Apps/vult-intel/node_modules/redis-parser/lib/parser.js:179:12)
    at parseType (/Users/adrianfranciscoperezgomez/Desktop/Personal Apps/vult-intel/node_modules/redis-parser/lib/parser.js:302:14) {
  command: { name: 'auth', args: [ 'IVB0VPnPl0urvQrpSKkbXLdEZBUfSHaP' ] }
}
ReplyError: WRONGPASS invalid username-password pair or user is disabled.
    at parseError (/Users/adrianfranciscoperezgomez/Desktop/Personal Apps/vult-intel/node_modules/redis-parser/lib/parser.js:179:12)
    at parseType (/Users/adrianfranciscoperezgomez/Desktop/Personal Apps/vult-intel/node_modules/redis-parser/lib/parser.js:302:14) {
  command: { name: 'auth', args: [ 'IVB0VPnPl0urvQrpSKkbXLdEZBUfSHaP' ] }
}
ReplyError: WRONGPASS invalid username-password pair or user is disabled.
    at parseError (/Users/adrianfranciscoperezgomez/Desktop/Personal Apps/vult-intel/node_modules/redis-parser/lib/parser.js:179:12)
    at parseType (/Users/adrianfranciscoperezgomez/Desktop/Personal Apps/vult-intel/node_modules/redis-parser/lib/parser.js:302:14) {
  command: { name: 'auth', args: [ 'IVB0VPnPl0urvQrpSKkbXLdEZBUfSHaP' ] }
}
Connected to Redis for persistence
ReplyError: WRONGPASS invalid username-password pair or user is disabled.
    at parseError (/Users/adrianfranciscoperezgomez/Desktop/Personal Apps/vult-intel/node_modules/redis-parser/lib/parser.js:179:12)
    at parseType (/Users/adrianfranciscoperezgomez/Desktop/Personal Apps/vult-intel/node_modules/redis-parser/lib/parser.js:302:14) {
  command: { name: 'auth', args: [ 'IVB0VPnPl0urvQrpSKkbXLdEZBUfSHaP' ] }
}
Redis connection error: ReplyError: WRONGPASS invalid username-password pair or user is disabled.
    at parseError (/Users/adrianfranciscoperezgomez/Desktop/Personal Apps/vult-intel/node_modules/redis-parser/lib/parser.js:179:12)
    at parseType (/Users/adrianfranciscoperezgomez/Desktop/Personal Apps/vult-intel/node_modules/redis-parser/lib/parser.js:302:14) {
  command: { name: 'auth', args: [ 'IVB0VPnPl0urvQrpSKkbXLdEZBUfSHaP' ] }
}
ReplyError: WRONGPASS invalid username-password pair or user is disabled.
    at parseError (/Users/adrianfranciscoperezgomez/Desktop/Personal Apps/vult-intel/node_modules/redis-parser/lib/parser.js:179:12)
    at parseType (/Users/adrianfranciscoperezgomez/Desktop/Personal Apps/vult-intel/node_modules/redis-parser/lib/parser.js:302:14) {
  command: { name: 'auth', args: [ 'IVB0VPnPl0urvQrpSKkbXLdEZBUfSHaP' ] }
}
ReplyError: WRONGPASS invalid username-password pair or user is disabled.
    at parseError (/Users/adrianfranciscoperezgomez/Desktop/Personal Apps/vult-intel/node_modules/redis-parser/lib/parser.js:179:12)
    at parseType (/Users/adrianfranciscoperezgomez/Desktop/Personal Apps/vult-intel/node_modules/redis-parser/lib/parser.js:302:14) {
  command: { name: 'auth', args: [ 'IVB0VPnPl0urvQrpSKkbXLdEZBUfSHaP' ] }
}
ReplyError: WRONGPASS invalid username-password pair or user is disabled.
    at parseError (/Users/adrianfranciscoperezgomez/Desktop/Personal Apps/vult-intel/node_modules/redis-parser/lib/parser.js:179:12)
    at parseType (/Users/adrianfranciscoperezgomez/Desktop/Personal Apps/vult-intel/node_modules/redis-parser/lib/parser.js:302:14) {
  command: { name: 'auth', args: [ 'IVB0VPnPl0urvQrpSKkbXLdEZBUfSHaP' ] }
}
ReplyError: WRONGPASS invalid username-password pair or user is disabled.
    at parseError (/Users/adrianfranciscoperezgomez/Desktop/Personal Apps/vult-intel/node_modules/redis-parser/lib/parser.js:179:12)
    at parseType (/Users/adrianfranciscoperezgomez/Desktop/Personal Apps/vult-intel/node_modules/redis-parser/lib/parser.js:302:14) {
  command: { name: 'auth', args: [ 'IVB0VPnPl0urvQrpSKkbXLdEZBUfSHaP' ] }
}
ReplyError: WRONGPASS invalid username-password pair or user is disabled.
    at parseError (/Users/adrianfranciscoperezgomez/Desktop/Personal Apps/vult-intel/node_modules/redis-parser/lib/parser.js:179:12)
    at parseType (/Users/adrianfranciscoperezgomez/Desktop/Personal Apps/vult-intel/node_modules/redis-parser/lib/parser.js:302:14) {
  command: { name: 'auth', args: [ 'IVB0VPnPl0urvQrpSKkbXLdEZBUfSHaP' ] }
}
Connected to Redis for persistence
ReplyError: WRONGPASS invalid username-password pair or user is disabled.
    at parseError (/Users/adrianfranciscoperezgomez/Desktop/Personal Apps/vult-intel/node_modules/redis-parser/lib/parser.js:179:12)
    at parseType (/Users/adrianfranciscoperezgomez/Desktop/Personal Apps/vult-intel/node_modules/redis-parser/lib/parser.js:302:14) {
  command: { name: 'auth', args: [ 'IVB0VPnPl0urvQrpSKkbXLdEZBUfSHaP' ] }
}
Redis connection error: ReplyError: WRONGPASS invalid username-password pair or user is disabled.
    at parseError (/Users/adrianfranciscoperezgomez/Desktop/Personal Apps/vult-intel/node_modules/redis-parser/lib/parser.js:179:12)
    at parseType (/Users/adrianfranciscoperezgomez/Desktop/Personal Apps/vult-intel/node_modules/redis-parser/lib/parser.js:302:14) {
  command: { name: 'auth', args: [ 'IVB0VPnPl0urvQrpSKkbXLdEZBUfSHaP' ] }
}
ReplyError: WRONGPASS invalid username-password pair or user is disabled.
    at parseError (/Users/adrianfranciscoperezgomez/Desktop/Personal Apps/vult-intel/node_modules/redis-parser/lib/parser.js:179:12)
    at parseType (/Users/adrianfranciscoperezgomez/Desktop/Personal Apps/vult-intel/node_modules/redis-parser/lib/parser.js:302:14) {
  command: { name: 'auth', args: [ 'IVB0VPnPl0urvQrpSKkbXLdEZBUfSHaP' ] }
}
ReplyError: WRONGPASS invalid username-password pair or user is disabled.
    at parseError (/Users/adrianfranciscoperezgomez/Desktop/Personal Apps/vult-intel/node_modules/redis-parser/lib/parser.js:179:12)
    at parseType (/Users/adrianfranciscoperezgomez/Desktop/Personal Apps/vult-intel/node_modules/redis-parser/lib/parser.js:302:14) {
  command: { name: 'auth', args: [ 'IVB0VPnPl0urvQrpSKkbXLdEZBUfSHaP' ] }
}
ReplyError: WRONGPASS invalid username-password pair or user is disabled.
    at parseError (/Users/adrianfranciscoperezgomez/Desktop/Personal Apps/vult-intel/node_modules/redis-parser/lib/parser.js:179:12)
    at parseType (/Users/adrianfranciscoperezgomez/Desktop/Personal Apps/vult-intel/node_modules/redis-parser/lib/parser.js:302:14) {
  command: { name: 'auth', args: [ 'IVB0VPnPl0urvQrpSKkbXLdEZBUfSHaP' ] }
}
ReplyError: WRONGPASS invalid username-password pair or user is disabled.
    at parseError (/Users/adrianfranciscoperezgomez/Desktop/Personal Apps/vult-intel/node_modules/redis-parser/lib/parser.js:179:12)
    at parseType (/Users/adrianfranciscoperezgomez/Desktop/Personal Apps/vult-intel/node_modules/redis-parser/lib/parser.js:302:14) {
  command: { name: 'auth', args: [ 'IVB0VPnPl0urvQrpSKkbXLdEZBUfSHaP' ] }
}
ReplyError: WRONGPASS invalid username-password pair or user is disabled.
    at parseError (/Users/adrianfranciscoperezgomez/Desktop/Personal Apps/vult-intel/node_modules/redis-parser/lib/parser.js:179:12)
    at parseType (/Users/adrianfranciscoperezgomez/Desktop/Personal Apps/vult-intel/node_modules/redis-parser/lib/parser.js:302:14) {
  command: { name: 'auth', args: [ 'IVB0VPnPl0urvQrpSKkbXLdEZBUfSHaP' ] }
}
Connected to Redis for persistence
ReplyError: WRONGPASS invalid username-password pair or user is disabled.
    at parseError (/Users/adrianfranciscoperezgomez/Desktop/Personal Apps/vult-intel/node_modules/redis-parser/lib/parser.js:179:12)
    at parseType (/Users/adrianfranciscoperezgomez/Desktop/Personal Apps/vult-intel/node_modules/redis-parser/lib/parser.js:302:14) {
  command: { name: 'auth', args: [ 'IVB0VPnPl0urvQrpSKkbXLdEZBUfSHaP' ] }
}
Redis connection error: ReplyError: WRONGPASS invalid username-password pair or user is disabled.
    at parseError (/Users/adrianfranciscoperezgomez/Desktop/Personal Apps/vult-intel/node_modules/redis-parser/lib/parser.js:179:12)
    at parseType (/Users/adrianfranciscoperezgomez/Desktop/Personal Apps/vult-intel/node_modules/redis-parser/lib/parser.js:302:14) {
  command: { name: 'auth', args: [ 'IVB0VPnPl0urvQrpSKkbXLdEZBUfSHaP' ] }
}
ReplyError: WRONGPASS invalid username-password pair or user is disabled.
    at parseError (/Users/adrianfranciscoperezgomez/Desktop/Personal Apps/vult-intel/node_modules/redis-parser/lib/parser.js:179:12)
    at parseType (/Users/adrianfranciscoperezgomez/Desktop/Personal Apps/vult-intel/node_modules/redis-parser/lib/parser.js:302:14) {
  command: { name: 'auth', args: [ 'IVB0VPnPl0urvQrpSKkbXLdEZBUfSHaP' ] }
}
ReplyError: WRONGPASS invalid username-password pair or user is disabled.
    at parseError (/Users/adrianfranciscoperezgomez/Desktop/Personal Apps/vult-intel/node_modules/redis-parser/lib/parser.js:179:12)
    at parseType (/Users/adrianfranciscoperezgomez/Desktop/Personal Apps/vult-intel/node_modules/redis-parser/lib/parser.js:302:14) {
  command: { name: 'auth', args: [ 'IVB0VPnPl0urvQrpSKkbXLdEZBUfSHaP' ] }
}
ReplyError: WRONGPASS invalid username-password pair or user is disabled.
    at parseError (/Users/adrianfranciscoperezgomez/Desktop/Personal Apps/vult-intel/node_modules/redis-parser/lib/parser.js:179:12)
    at parseType (/Users/adrianfranciscoperezgomez/Desktop/Personal Apps/vult-intel/node_modules/redis-parser/lib/parser.js:302:14) {
  command: { name: 'auth', args: [ 'IVB0VPnPl0urvQrpSKkbXLdEZBUfSHaP' ] }
}
ReplyError: WRONGPASS invalid username-password pair or user is disabled.
    at parseError (/Users/adrianfranciscoperezgomez/Desktop/Personal Apps/vult-intel/node_modules/redis-parser/lib/parser.js:179:12)
    at parseType (/Users/adrianfranciscoperezgomez/Desktop/Personal Apps/vult-intel/node_modules/redis-parser/lib/parser.js:302:14) {
  command: { name: 'auth', args: [ 'IVB0VPnPl0urvQrpSKkbXLdEZBUfSHaP' ] }
}
ReplyError: WRONGPASS invalid username-password pair or user is disabled.
    at parseError (/Users/adrianfranciscoperezgomez/Desktop/Personal Apps/vult-intel/node_modules/redis-parser/lib/parser.js:179:12)
    at parseType (/Users/adrianfranciscoperezgomez/Desktop/Personal Apps/vult-intel/node_modules/redis-parser/lib/parser.js:302:14) {
  command: { name: 'auth', args: [ 'IVB0VPnPl0urvQrpSKkbXLdEZBUfSHaP' ] }
}
Connected to Redis for persistence
ReplyError: WRONGPASS invalid username-password pair or user is disabled.
    at parseError (/Users/adrianfranciscoperezgomez/Desktop/Personal Apps/vult-intel/node_modules/redis-parser/lib/parser.js:179:12)
    at parseType (/Users/adrianfranciscoperezgomez/Desktop/Personal Apps/vult-intel/node_modules/redis-parser/lib/parser.js:302:14) {
  command: { name: 'auth', args: [ 'IVB0VPnPl0urvQrpSKkbXLdEZBUfSHaP' ] }
}
Redis connection error: ReplyError: WRONGPASS invalid username-password pair or user is disabled.
    at parseError (/Users/adrianfranciscoperezgomez/Desktop/Personal Apps/vult-intel/node_modules/redis-parser/lib/parser.js:179:12)
    at parseType (/Users/adrianfranciscoperezgomez/Desktop/Personal Apps/vult-intel/node_modules/redis-parser/lib/parser.js:302:14) {
  command: { name: 'auth', args: [ 'IVB0VPnPl0urvQrpSKkbXLdEZBUfSHaP' ] }
}
ReplyError: WRONGPASS invalid username-password pair or user is disabled.
    at parseError (/Users/adrianfranciscoperezgomez/Desktop/Personal Apps/vult-intel/node_modules/redis-parser/lib/parser.js:179:12)
    at parseType (/Users/adrianfranciscoperezgomez/Desktop/Personal Apps/vult-intel/node_modules/redis-parser/lib/parser.js:302:14) {
  command: { name: 'auth', args: [ 'IVB0VPnPl0urvQrpSKkbXLdEZBUfSHaP' ] }
}
ReplyError: WRONGPASS invalid username-password pair or user is disabled.
    at parseError (/Users/adrianfranciscoperezgomez/Desktop/Personal Apps/vult-intel/node_modules/redis-parser/lib/parser.js:179:12)
    at parseType (/Users/adrianfranciscoperezgomez/Desktop/Personal Apps/vult-intel/node_modules/redis-parser/lib/parser.js:302:14) {
  command: { name: 'auth', args: [ 'IVB0VPnPl0urvQrpSKkbXLdEZBUfSHaP' ] }
}
ReplyError: WRONGPASS invalid username-password pair or user is disabled.
    at parseError (/Users/adrianfranciscoperezgomez/Desktop/Personal Apps/vult-intel/node_modules/redis-parser/lib/parser.js:179:12)
    at parseType (/Users/adrianfranciscoperezgomez/Desktop/Personal Apps/vult-intel/node_modules/redis-parser/lib/parser.js:302:14) {
  command: { name: 'auth', args: [ 'IVB0VPnPl0urvQrpSKkbXLdEZBUfSHaP' ] }
}
ReplyError: WRONGPASS invalid username-password pair or user is disabled.
    at parseError (/Users/adrianfranciscoperezgomez/Desktop/Personal Apps/vult-intel/node_modules/redis-parser/lib/parser.js:179:12)
    at parseType (/Users/adrianfranciscoperezgomez/Desktop/Personal Apps/vult-intel/node_modules/redis-parser/lib/parser.js:302:14) {
  command: { name: 'auth', args: [ 'IVB0VPnPl0urvQrpSKkbXLdEZBUfSHaP' ] }
}
ReplyError: WRONGPASS invalid username-password pair or user is disabled.
    at parseError (/Users/adrianfranciscoperezgomez/Desktop/Personal Apps/vult-intel/node_modules/redis-parser/lib/parser.js:179:12)
    at parseType (/Users/adrianfranciscoperezgomez/Desktop/Personal Apps/vult-intel/node_modules/redis-parser/lib/parser.js:302:14) {
  command: { name: 'auth', args: [ 'IVB0VPnPl0urvQrpSKkbXLdEZBUfSHaP' ] }
}
Connected to Redis for persistence
ReplyError: WRONGPASS invalid username-password pair or user is disabled.
    at parseError (/Users/adrianfranciscoperezgomez/Desktop/Personal Apps/vult-intel/node_modules/redis-parser/lib/parser.js:179:12)
    at parseType (/Users/adrianfranciscoperezgomez/Desktop/Personal Apps/vult-intel/node_modules/redis-parser/lib/parser.js:302:14) {
  command: { name: 'auth', args: [ 'IVB0VPnPl0urvQrpSKkbXLdEZBUfSHaP' ] }
}
Redis connection error: ReplyError: WRONGPASS invalid username-password pair or user is disabled.
    at parseError (/Users/adrianfranciscoperezgomez/Desktop/Personal Apps/vult-intel/node_modules/redis-parser/lib/parser.js:179:12)
    at parseType (/Users/adrianfranciscoperezgomez/Desktop/Personal Apps/vult-intel/node_modules/redis-parser/lib/parser.js:302:14) {
  command: { name: 'auth', args: [ 'IVB0VPnPl0urvQrpSKkbXLdEZBUfSHaP' ] }
}
ReplyError: WRONGPASS invalid username-password pair or user is disabled.
    at parseError (/Users/adrianfranciscoperezgomez/Desktop/Personal Apps/vult-intel/node_modules/redis-parser/lib/parser.js:179:12)
    at parseType (/Users/adrianfranciscoperezgomez/Desktop/Personal Apps/vult-intel/node_modules/redis-parser/lib/parser.js:302:14) {
  command: { name: 'auth', args: [ 'IVB0VPnPl0urvQrpSKkbXLdEZBUfSHaP' ] }
}
ReplyError: WRONGPASS invalid username-password pair or user is disabled.
    at parseError (/Users/adrianfranciscoperezgomez/Desktop/Personal Apps/vult-intel/node_modules/redis-parser/lib/parser.js:179:12)
    at parseType (/Users/adrianfranciscoperezgomez/Desktop/Personal Apps/vult-intel/node_modules/redis-parser/lib/parser.js:302:14) {
  command: { name: 'auth', args: [ 'IVB0VPnPl0urvQrpSKkbXLdEZBUfSHaP' ] }
}
ReplyError: WRONGPASS invalid username-password pair or user is disabled.
    at parseError (/Users/adrianfranciscoperezgomez/Desktop/Personal Apps/vult-intel/node_modules/redis-parser/lib/parser.js:179:12)
    at parseType (/Users/adrianfranciscoperezgomez/Desktop/Personal Apps/vult-intel/node_modules/redis-parser/lib/parser.js:302:14) {
  command: { name: 'auth', args: [ 'IVB0VPnPl0urvQrpSKkbXLdEZBUfSHaP' ] }
}
ReplyError: WRONGPASS invalid username-password pair or user is disabled.
    at parseError (/Users/adrianfranciscoperezgomez/Desktop/Personal Apps/vult-intel/node_modules/redis-parser/lib/parser.js:179:12)
    at parseType (/Users/adrianfranciscoperezgomez/Desktop/Personal Apps/vult-intel/node_modules/redis-parser/lib/parser.js:302:14) {
  command: { name: 'auth', args: [ 'IVB0VPnPl0urvQrpSKkbXLdEZBUfSHaP' ] }
}
ReplyError: WRONGPASS invalid username-password pair or user is disabled.
    at parseError (/Users/adrianfranciscoperezgomez/Desktop/Personal Apps/vult-intel/node_modules/redis-parser/lib/parser.js:179:12)
    at parseType (/Users/adrianfranciscoperezgomez/Desktop/Personal Apps/vult-intel/node_modules/redis-parser/lib/parser.js:302:14) {
  command: { name: 'auth', args: [ 'IVB0VPnPl0urvQrpSKkbXLdEZBUfSHaP' ] }
}
Connected to Redis for persistence
ReplyError: WRONGPASS invalid username-password pair or user is disabled.
    at parseError (/Users/adrianfranciscoperezgomez/Desktop/Personal Apps/vult-intel/node_modules/redis-parser/lib/parser.js:179:12)
    at parseType (/Users/adrianfranciscoperezgomez/Desktop/Personal Apps/vult-intel/node_modules/redis-parser/lib/parser.js:302:14) {
  command: { name: 'auth', args: [ 'IVB0VPnPl0urvQrpSKkbXLdEZBUfSHaP' ] }
}
ReplyError: WRONGPASS invalid username-password pair or user is disabled.
    at parseError (/Users/adrianfranciscoperezgomez/Desktop/Personal Apps/vult-intel/node_modules/redis-parser/lib/parser.js:179:12)
    at parseType (/Users/adrianfranciscoperezgomez/Desktop/Personal Apps/vult-intel/node_modules/redis-parser/lib/parser.js:302:14) {
  command: { name: 'auth', args: [ 'IVB0VPnPl0urvQrpSKkbXLdEZBUfSHaP' ] }
}
Redis connection error: ReplyError: WRONGPASS invalid username-password pair or user is disabled.
    at parseError (/Users/adrianfranciscoperezgomez/Desktop/Personal Apps/vult-intel/node_modules/redis-parser/lib/parser.js:179:12)
    at parseType (/Users/adrianfranciscoperezgomez/Desktop/Personal Apps/vult-intel/node_modules/redis-parser/lib/parser.js:302:14) {
  command: { name: 'auth', args: [ 'IVB0VPnPl0urvQrpSKkbXLdEZBUfSHaP' ] }
}
ReplyError: WRONGPASS invalid username-password pair or user is disabled.
    at parseError (/Users/adrianfranciscoperezgomez/Desktop/Personal Apps/vult-intel/node_modules/redis-parser/lib/parser.js:179:12)
    at parseType (/Users/adrianfranciscoperezgomez/Desktop/Personal Apps/vult-intel/node_modules/redis-parser/lib/parser.js:302:14) {
  command: { name: 'auth', args: [ 'IVB0VPnPl0urvQrpSKkbXLdEZBUfSHaP' ] }
}
ReplyError: WRONGPASS invalid username-password pair or user is disabled.
    at parseError (/Users/adrianfranciscoperezgomez/Desktop/Personal Apps/vult-intel/node_modules/redis-parser/lib/parser.js:179:12)
    at parseType (/Users/adrianfranciscoperezgomez/Desktop/Personal Apps/vult-intel/node_modules/redis-parser/lib/parser.js:302:14) {
  command: { name: 'auth', args: [ 'IVB0VPnPl0urvQrpSKkbXLdEZBUfSHaP' ] }
}
ReplyError: WRONGPASS invalid username-password pair or user is disabled.
    at parseError (/Users/adrianfranciscoperezgomez/Desktop/Personal Apps/vult-intel/node_modules/redis-parser/lib/parser.js:179:12)
    at parseType (/Users/adrianfranciscoperezgomez/Desktop/Personal Apps/vult-intel/node_modules/redis-parser/lib/parser.js:302:14) {
  command: { name: 'auth', args: [ 'IVB0VPnPl0urvQrpSKkbXLdEZBUfSHaP' ] }
}
ReplyError: WRONGPASS invalid username-password pair or user is disabled.
    at parseError (/Users/adrianfranciscoperezgomez/Desktop/Personal Apps/vult-intel/node_modules/redis-parser/lib/parser.js:179:12)
    at parseType (/Users/adrianfranciscoperezgomez/Desktop/Personal Apps/vult-intel/node_modules/redis-parser/lib/parser.js:302:14) {
  command: { name: 'auth', args: [ 'IVB0VPnPl0urvQrpSKkbXLdEZBUfSHaP' ] }
}
Connected to Redis for persistence
ReplyError: WRONGPASS invalid username-password pair or user is disabled.
    at parseError (/Users/adrianfranciscoperezgomez/Desktop/Personal Apps/vult-intel/node_modules/redis-parser/lib/parser.js:179:12)
    at parseType (/Users/adrianfranciscoperezgomez/Desktop/Personal Apps/vult-intel/node_modules/redis-parser/lib/parser.js:302:14) {
  command: { name: 'auth', args: [ 'IVB0VPnPl0urvQrpSKkbXLdEZBUfSHaP' ] }
}
ReplyError: WRONGPASS invalid username-password pair or user is disabled.
    at parseError (/Users/adrianfranciscoperezgomez/Desktop/Personal Apps/vult-intel/node_modules/redis-parser/lib/parser.js:179:12)
    at parseType (/Users/adrianfranciscoperezgomez/Desktop/Personal Apps/vult-intel/node_modules/redis-parser/lib/parser.js:302:14) {
  command: { name: 'auth', args: [ 'IVB0VPnPl0urvQrpSKkbXLdEZBUfSHaP' ] }
}
Redis connection error: ReplyError: WRONGPASS invalid username-password pair or user is disabled.
    at parseError (/Users/adrianfranciscoperezgomez/Desktop/Personal Apps/vult-intel/node_modules/redis-parser/lib/parser.js:179:12)
    at parseType (/Users/adrianfranciscoperezgomez/Desktop/Personal Apps/vult-intel/node_modules/redis-parser/lib/parser.js:302:14) {
  command: { name: 'auth', args: [ 'IVB0VPnPl0urvQrpSKkbXLdEZBUfSHaP' ] }
}
ReplyError: WRONGPASS invalid username-password pair or user is disabled.
    at parseError (/Users/adrianfranciscoperezgomez/Desktop/Personal Apps/vult-intel/node_modules/redis-parser/lib/parser.js:179:12)
    at parseType (/Users/adrianfranciscoperezgomez/Desktop/Personal Apps/vult-intel/node_modules/redis-parser/lib/parser.js:302:14) {
  command: { name: 'auth', args: [ 'IVB0VPnPl0urvQrpSKkbXLdEZBUfSHaP' ] }
}
ReplyError: WRONGPASS invalid username-password pair or user is disabled.
    at parseError (/Users/adrianfranciscoperezgomez/Desktop/Personal Apps/vult-intel/node_modules/redis-parser/lib/parser.js:179:12)
    at parseType (/Users/adrianfranciscoperezgomez/Desktop/Personal Apps/vult-intel/node_modules/redis-parser/lib/parser.js:302:14) {
  command: { name: 'auth', args: [ 'IVB0VPnPl0urvQrpSKkbXLdEZBUfSHaP' ] }
}
ReplyError: WRONGPASS invalid username-password pair or user is disabled.
    at parseError (/Users/adrianfranciscoperezgomez/Desktop/Personal Apps/vult-intel/node_modules/redis-parser/lib/parser.js:179:12)
    at parseType (/Users/adrianfranciscoperezgomez/Desktop/Personal Apps/vult-intel/node_modules/redis-parser/lib/parser.js:302:14) {
  command: { name: 'auth', args: [ 'IVB0VPnPl0urvQrpSKkbXLdEZBUfSHaP' ] }
}
ReplyError: WRONGPASS invalid username-password pair or user is disabled.
    at parseError (/Users/adrianfranciscoperezgomez/Desktop/Personal Apps/vult-intel/node_modules/redis-parser/lib/parser.js:179:12)
    at parseType (/Users/adrianfranciscoperezgomez/Desktop/Personal Apps/vult-intel/node_modules/redis-parser/lib/parser.js:302:14) {
  command: { name: 'auth', args: [ 'IVB0VPnPl0urvQrpSKkbXLdEZBUfSHaP' ] }
}
Connected to Redis for persistence
ReplyError: WRONGPASS invalid username-password pair or user is disabled.
    at parseError (/Users/adrianfranciscoperezgomez/Desktop/Personal Apps/vult-intel/node_modules/redis-parser/lib/parser.js:179:12)
    at parseType (/Users/adrianfranciscoperezgomez/Desktop/Personal Apps/vult-intel/node_modules/redis-parser/lib/parser.js:302:14) {
  command: { name: 'auth', args: [ 'IVB0VPnPl0urvQrpSKkbXLdEZBUfSHaP' ] }
}
Redis connection error: ReplyError: WRONGPASS invalid username-password pair or user is disabled.
    at parseError (/Users/adrianfranciscoperezgomez/Desktop/Personal Apps/vult-intel/node_modules/redis-parser/lib/parser.js:179:12)
    at parseType (/Users/adrianfranciscoperezgomez/Desktop/Personal Apps/vult-intel/node_modules/redis-parser/lib/parser.js:302:14) {
  command: { name: 'auth', args: [ 'IVB0VPnPl0urvQrpSKkbXLdEZBUfSHaP' ] }
}
ReplyError: WRONGPASS invalid username-password pair or user is disabled.
    at parseError (/Users/adrianfranciscoperezgomez/Desktop/Personal Apps/vult-intel/node_modules/redis-parser/lib/parser.js:179:12)
    at parseType (/Users/adrianfranciscoperezgomez/Desktop/Personal Apps/vult-intel/node_modules/redis-parser/lib/parser.js:302:14) {
  command: { name: 'auth', args: [ 'IVB0VPnPl0urvQrpSKkbXLdEZBUfSHaP' ] }
}
ReplyError: WRONGPASS invalid username-password pair or user is disabled.
    at parseError (/Users/adrianfranciscoperezgomez/Desktop/Personal Apps/vult-intel/node_modules/redis-parser/lib/parser.js:179:12)
    at parseType (/Users/adrianfranciscoperezgomez/Desktop/Personal Apps/vult-intel/node_modules/redis-parser/lib/parser.js:302:14) {
  command: { name: 'auth', args: [ 'IVB0VPnPl0urvQrpSKkbXLdEZBUfSHaP' ] }
}
ReplyError: WRONGPASS invalid username-password pair or user is disabled.
    at parseError (/Users/adrianfranciscoperezgomez/Desktop/Personal Apps/vult-intel/node_modules/redis-parser/lib/parser.js:179:12)
    at parseType (/Users/adrianfranciscoperezgomez/Desktop/Personal Apps/vult-intel/node_modules/redis-parser/lib/parser.js:302:14) {
  command: { name: 'auth', args: [ 'IVB0VPnPl0urvQrpSKkbXLdEZBUfSHaP' ] }
}
ReplyError: WRONGPASS invalid username-password pair or user is disabled.
    at parseError (/Users/adrianfranciscoperezgomez/Desktop/Personal Apps/vult-intel/node_modules/redis-parser/lib/parser.js:179:12)
    at parseType (/Users/adrianfranciscoperezgomez/Desktop/Personal Apps/vult-intel/node_modules/redis-parser/lib/parser.js:302:14) {
  command: { name: 'auth', args: [ 'IVB0VPnPl0urvQrpSKkbXLdEZBUfSHaP' ] }
}
ReplyError: WRONGPASS invalid username-password pair or user is disabled.
    at parseError (/Users/adrianfranciscoperezgomez/Desktop/Personal Apps/vult-intel/node_modules/redis-parser/lib/parser.js:179:12)
    at parseType (/Users/adrianfranciscoperezgomez/Desktop/Personal Apps/vult-intel/node_modules/redis-parser/lib/parser.js:302:14) {
  command: { name: 'auth', args: [ 'IVB0VPnPl0urvQrpSKkbXLdEZBUfSHaP' ] }
}
Connected to Redis for persistence
ReplyError: WRONGPASS invalid username-password pair or user is disabled.
    at parseError (/Users/adrianfranciscoperezgomez/Desktop/Personal Apps/vult-intel/node_modules/redis-parser/lib/parser.js:179:12)
    at parseType (/Users/adrianfranciscoperezgomez/Desktop/Personal Apps/vult-intel/node_modules/redis-parser/lib/parser.js:302:14) {
  command: { name: 'auth', args: [ 'IVB0VPnPl0urvQrpSKkbXLdEZBUfSHaP' ] }
}
Redis connection error: ReplyError: WRONGPASS invalid username-password pair or user is disabled.
    at parseError (/Users/adrianfranciscoperezgomez/Desktop/Personal Apps/vult-intel/node_modules/redis-parser/lib/parser.js:179:12)
    at parseType (/Users/adrianfranciscoperezgomez/Desktop/Personal Apps/vult-intel/node_modules/redis-parser/lib/parser.js:302:14) {
  command: { name: 'auth', args: [ 'IVB0VPnPl0urvQrpSKkbXLdEZBUfSHaP' ] }
}
ReplyError: WRONGPASS invalid username-password pair or user is disabled.
    at parseError (/Users/adrianfranciscoperezgomez/Desktop/Personal Apps/vult-intel/node_modules/redis-parser/lib/parser.js:179:12)
    at parseType (/Users/adrianfranciscoperezgomez/Desktop/Personal Apps/vult-intel/node_modules/redis-parser/lib/parser.js:302:14) {
  command: { name: 'auth', args: [ 'IVB0VPnPl0urvQrpSKkbXLdEZBUfSHaP' ] }
}
ReplyError: WRONGPASS invalid username-password pair or user is disabled.
    at parseError (/Users/adrianfranciscoperezgomez/Desktop/Personal Apps/vult-intel/node_modules/redis-parser/lib/parser.js:179:12)
    at parseType (/Users/adrianfranciscoperezgomez/Desktop/Personal Apps/vult-intel/node_modules/redis-parser/lib/parser.js:302:14) {
  command: { name: 'auth', args: [ 'IVB0VPnPl0urvQrpSKkbXLdEZBUfSHaP' ] }
}
ReplyError: WRONGPASS invalid username-password pair or user is disabled.
    at parseError (/Users/adrianfranciscoperezgomez/Desktop/Personal Apps/vult-intel/node_modules/redis-parser/lib/parser.js:179:12)
    at parseType (/Users/adrianfranciscoperezgomez/Desktop/Personal Apps/vult-intel/node_modules/redis-parser/lib/parser.js:302:14) {
  command: { name: 'auth', args: [ 'IVB0VPnPl0urvQrpSKkbXLdEZBUfSHaP' ] }
}
ReplyError: WRONGPASS invalid username-password pair or user is disabled.
    at parseError (/Users/adrianfranciscoperezgomez/Desktop/Personal Apps/vult-intel/node_modules/redis-parser/lib/parser.js:179:12)
    at parseType (/Users/adrianfranciscoperezgomez/Desktop/Personal Apps/vult-intel/node_modules/redis-parser/lib/parser.js:302:14) {
  command: { name: 'auth', args: [ 'IVB0VPnPl0urvQrpSKkbXLdEZBUfSHaP' ] }
}
ReplyError: WRONGPASS invalid username-password pair or user is disabled.
    at parseError (/Users/adrianfranciscoperezgomez/Desktop/Personal Apps/vult-intel/node_modules/redis-parser/lib/parser.js:179:12)
    at parseType (/Users/adrianfranciscoperezgomez/Desktop/Personal Apps/vult-intel/node_modules/redis-parser/lib/parser.js:302:14) {
  command: { name: 'auth', args: [ 'IVB0VPnPl0urvQrpSKkbXLdEZBUfSHaP' ] }
}
Connected to Redis for persistence
ReplyError: WRONGPASS invalid username-password pair or user is disabled.
    at parseError (/Users/adrianfranciscoperezgomez/Desktop/Personal Apps/vult-intel/node_modules/redis-parser/lib/parser.js:179:12)
    at parseType (/Users/adrianfranciscoperezgomez/Desktop/Personal Apps/vult-intel/node_modules/redis-parser/lib/parser.js:302:14) {
  command: { name: 'auth', args: [ 'IVB0VPnPl0urvQrpSKkbXLdEZBUfSHaP' ] }
}
ReplyError: WRONGPASS invalid username-password pair or user is disabled.
    at parseError (/Users/adrianfranciscoperezgomez/Desktop/Personal Apps/vult-intel/node_modules/redis-parser/lib/parser.js:179:12)
    at parseType (/Users/adrianfranciscoperezgomez/Desktop/Personal Apps/vult-intel/node_modules/redis-parser/lib/parser.js:302:14) {
  command: { name: 'auth', args: [ 'IVB0VPnPl0urvQrpSKkbXLdEZBUfSHaP' ] }
}
Redis connection error: ReplyError: WRONGPASS invalid username-password pair or user is disabled.
    at parseError (/Users/adrianfranciscoperezgomez/Desktop/Personal Apps/vult-intel/node_modules/redis-parser/lib/parser.js:179:12)
    at parseType (/Users/adrianfranciscoperezgomez/Desktop/Personal Apps/vult-intel/node_modules/redis-parser/lib/parser.js:302:14) {
  command: { name: 'auth', args: [ 'IVB0VPnPl0urvQrpSKkbXLdEZBUfSHaP' ] }
}
ReplyError: WRONGPASS invalid username-password pair or user is disabled.
    at parseError (/Users/adrianfranciscoperezgomez/Desktop/Personal Apps/vult-intel/node_modules/redis-parser/lib/parser.js:179:12)
    at parseType (/Users/adrianfranciscoperezgomez/Desktop/Personal Apps/vult-intel/node_modules/redis-parser/lib/parser.js:302:14) {
  command: { name: 'auth', args: [ 'IVB0VPnPl0urvQrpSKkbXLdEZBUfSHaP' ] }
}
ReplyError: WRONGPASS invalid username-password pair or user is disabled.
    at parseError (/Users/adrianfranciscoperezgomez/Desktop/Personal Apps/vult-intel/node_modules/redis-parser/lib/parser.js:179:12)
    at parseType (/Users/adrianfranciscoperezgomez/Desktop/Personal Apps/vult-intel/node_modules/redis-parser/lib/parser.js:302:14) {
  command: { name: 'auth', args: [ 'IVB0VPnPl0urvQrpSKkbXLdEZBUfSHaP' ] }
}
ReplyError: WRONGPASS invalid username-password pair or user is disabled.
    at parseError (/Users/adrianfranciscoperezgomez/Desktop/Personal Apps/vult-intel/node_modules/redis-parser/lib/parser.js:179:12)
    at parseType (/Users/adrianfranciscoperezgomez/Desktop/Personal Apps/vult-intel/node_modules/redis-parser/lib/parser.js:302:14) {
  command: { name: 'auth', args: [ 'IVB0VPnPl0urvQrpSKkbXLdEZBUfSHaP' ] }
}
ReplyError: WRONGPASS invalid username-password pair or user is disabled.
    at parseError (/Users/adrianfranciscoperezgomez/Desktop/Personal Apps/vult-intel/node_modules/redis-parser/lib/parser.js:179:12)
    at parseType (/Users/adrianfranciscoperezgomez/Desktop/Personal Apps/vult-intel/node_modules/redis-parser/lib/parser.js:302:14) {
  command: { name: 'auth', args: [ 'IVB0VPnPl0urvQrpSKkbXLdEZBUfSHaP' ] }
}
Connected to Redis for persistence
ReplyError: WRONGPASS invalid username-password pair or user is disabled.
    at parseError (/Users/adrianfranciscoperezgomez/Desktop/Personal Apps/vult-intel/node_modules/redis-parser/lib/parser.js:179:12)
    at parseType (/Users/adrianfranciscoperezgomez/Desktop/Personal Apps/vult-intel/node_modules/redis-parser/lib/parser.js:302:14) {
  command: { name: 'auth', args: [ 'IVB0VPnPl0urvQrpSKkbXLdEZBUfSHaP' ] }
}
Redis connection error: ReplyError: WRONGPASS invalid username-password pair or user is disabled.
    at parseError (/Users/adrianfranciscoperezgomez/Desktop/Personal Apps/vult-intel/node_modules/redis-parser/lib/parser.js:179:12)
    at parseType (/Users/adrianfranciscoperezgomez/Desktop/Personal Apps/vult-intel/node_modules/redis-parser/lib/parser.js:302:14) {
  command: { name: 'auth', args: [ 'IVB0VPnPl0urvQrpSKkbXLdEZBUfSHaP' ] }
}
ReplyError: WRONGPASS invalid username-password pair or user is disabled.
    at parseError (/Users/adrianfranciscoperezgomez/Desktop/Personal Apps/vult-intel/node_modules/redis-parser/lib/parser.js:179:12)
    at parseType (/Users/adrianfranciscoperezgomez/Desktop/Personal Apps/vult-intel/node_modules/redis-parser/lib/parser.js:302:14) {
  command: { name: 'auth', args: [ 'IVB0VPnPl0urvQrpSKkbXLdEZBUfSHaP' ] }
}
ReplyError: WRONGPASS invalid username-password pair or user is disabled.
    at parseError (/Users/adrianfranciscoperezgomez/Desktop/Personal Apps/vult-intel/node_modules/redis-parser/lib/parser.js:179:12)
    at parseType (/Users/adrianfranciscoperezgomez/Desktop/Personal Apps/vult-intel/node_modules/redis-parser/lib/parser.js:302:14) {
  command: { name: 'auth', args: [ 'IVB0VPnPl0urvQrpSKkbXLdEZBUfSHaP' ] }
}
ReplyError: WRONGPASS invalid username-password pair or user is disabled.
    at parseError (/Users/adrianfranciscoperezgomez/Desktop/Personal Apps/vult-intel/node_modules/redis-parser/lib/parser.js:179:12)
    at parseType (/Users/adrianfranciscoperezgomez/Desktop/Personal Apps/vult-intel/node_modules/redis-parser/lib/parser.js:302:14) {
  command: { name: 'auth', args: [ 'IVB0VPnPl0urvQrpSKkbXLdEZBUfSHaP' ] }
}
ReplyError: WRONGPASS invalid username-password pair or user is disabled.
    at parseError (/Users/adrianfranciscoperezgomez/Desktop/Personal Apps/vult-intel/node_modules/redis-parser/lib/parser.js:179:12)
    at parseType (/Users/adrianfranciscoperezgomez/Desktop/Personal Apps/vult-intel/node_modules/redis-parser/lib/parser.js:302:14) {
  command: { name: 'auth', args: [ 'IVB0VPnPl0urvQrpSKkbXLdEZBUfSHaP' ] }
}
ReplyError: WRONGPASS invalid username-password pair or user is disabled.
    at parseError (/Users/adrianfranciscoperezgomez/Desktop/Personal Apps/vult-intel/node_modules/redis-parser/lib/parser.js:179:12)
    at parseType (/Users/adrianfranciscoperezgomez/Desktop/Personal Apps/vult-intel/node_modules/redis-parser/lib/parser.js:302:14) {
  command: { name: 'auth', args: [ 'IVB0VPnPl0urvQrpSKkbXLdEZBUfSHaP' ] }
}
Connected to Redis for persistence
ReplyError: WRONGPASS invalid username-password pair or user is disabled.
    at parseError (/Users/adrianfranciscoperezgomez/Desktop/Personal Apps/vult-intel/node_modules/redis-parser/lib/parser.js:179:12)
    at parseType (/Users/adrianfranciscoperezgomez/Desktop/Personal Apps/vult-intel/node_modules/redis-parser/lib/parser.js:302:14) {
  command: { name: 'auth', args: [ 'IVB0VPnPl0urvQrpSKkbXLdEZBUfSHaP' ] }
}
Redis connection error: ReplyError: WRONGPASS invalid username-password pair or user is disabled.
    at parseError (/Users/adrianfranciscoperezgomez/Desktop/Personal Apps/vult-intel/node_modules/redis-parser/lib/parser.js:179:12)
    at parseType (/Users/adrianfranciscoperezgomez/Desktop/Personal Apps/vult-intel/node_modules/redis-parser/lib/parser.js:302:14) {
  command: { name: 'auth', args: [ 'IVB0VPnPl0urvQrpSKkbXLdEZBUfSHaP' ] }
}
ReplyError: WRONGPASS invalid username-password pair or user is disabled.
    at parseError (/Users/adrianfranciscoperezgomez/Desktop/Personal Apps/vult-intel/node_modules/redis-parser/lib/parser.js:179:12)
    at parseType (/Users/adrianfranciscoperezgomez/Desktop/Personal Apps/vult-intel/node_modules/redis-parser/lib/parser.js:302:14) {
  command: { name: 'auth', args: [ 'IVB0VPnPl0urvQrpSKkbXLdEZBUfSHaP' ] }
}
ReplyError: WRONGPASS invalid username-password pair or user is disabled.
    at parseError (/Users/adrianfranciscoperezgomez/Desktop/Personal Apps/vult-intel/node_modules/redis-parser/lib/parser.js:179:12)
    at parseType (/Users/adrianfranciscoperezgomez/Desktop/Personal Apps/vult-intel/node_modules/redis-parser/lib/parser.js:302:14) {
  command: { name: 'auth', args: [ 'IVB0VPnPl0urvQrpSKkbXLdEZBUfSHaP' ] }
}
ReplyError: WRONGPASS invalid username-password pair or user is disabled.
    at parseError (/Users/adrianfranciscoperezgomez/Desktop/Personal Apps/vult-intel/node_modules/redis-parser/lib/parser.js:179:12)
    at parseType (/Users/adrianfranciscoperezgomez/Desktop/Personal Apps/vult-intel/node_modules/redis-parser/lib/parser.js:302:14) {
  command: { name: 'auth', args: [ 'IVB0VPnPl0urvQrpSKkbXLdEZBUfSHaP' ] }
}
ReplyError: WRONGPASS invalid username-password pair or user is disabled.
    at parseError (/Users/adrianfranciscoperezgomez/Desktop/Personal Apps/vult-intel/node_modules/redis-parser/lib/parser.js:179:12)
    at parseType (/Users/adrianfranciscoperezgomez/Desktop/Personal Apps/vult-intel/node_modules/redis-parser/lib/parser.js:302:14) {
  command: { name: 'auth', args: [ 'IVB0VPnPl0urvQrpSKkbXLdEZBUfSHaP' ] }
}
ReplyError: WRONGPASS invalid username-password pair or user is disabled.
    at parseError (/Users/adrianfranciscoperezgomez/Desktop/Personal Apps/vult-intel/node_modules/redis-parser/lib/parser.js:179:12)
    at parseType (/Users/adrianfranciscoperezgomez/Desktop/Personal Apps/vult-intel/node_modules/redis-parser/lib/parser.js:302:14) {
  command: { name: 'auth', args: [ 'IVB0VPnPl0urvQrpSKkbXLdEZBUfSHaP' ] }
}
Connected to Redis for persistence
ReplyError: WRONGPASS invalid username-password pair or user is disabled.
    at parseError (/Users/adrianfranciscoperezgomez/Desktop/Personal Apps/vult-intel/node_modules/redis-parser/lib/parser.js:179:12)
    at parseType (/Users/adrianfranciscoperezgomez/Desktop/Personal Apps/vult-intel/node_modules/redis-parser/lib/parser.js:302:14) {
  command: { name: 'auth', args: [ 'IVB0VPnPl0urvQrpSKkbXLdEZBUfSHaP' ] }
}
Redis connection error: ReplyError: WRONGPASS invalid username-password pair or user is disabled.
    at parseError (/Users/adrianfranciscoperezgomez/Desktop/Personal Apps/vult-intel/node_modules/redis-parser/lib/parser.js:179:12)
    at parseType (/Users/adrianfranciscoperezgomez/Desktop/Personal Apps/vult-intel/node_modules/redis-parser/lib/parser.js:302:14) {
  command: { name: 'auth', args: [ 'IVB0VPnPl0urvQrpSKkbXLdEZBUfSHaP' ] }
}
ReplyError: WRONGPASS invalid username-password pair or user is disabled.
    at parseError (/Users/adrianfranciscoperezgomez/Desktop/Personal Apps/vult-intel/node_modules/redis-parser/lib/parser.js:179:12)
    at parseType (/Users/adrianfranciscoperezgomez/Desktop/Personal Apps/vult-intel/node_modules/redis-parser/lib/parser.js:302:14) {
  command: { name: 'auth', args: [ 'IVB0VPnPl0urvQrpSKkbXLdEZBUfSHaP' ] }
}
ReplyError: WRONGPASS invalid username-password pair or user is disabled.
    at parseError (/Users/adrianfranciscoperezgomez/Desktop/Personal Apps/vult-intel/node_modules/redis-parser/lib/parser.js:179:12)
    at parseType (/Users/adrianfranciscoperezgomez/Desktop/Personal Apps/vult-intel/node_modules/redis-parser/lib/parser.js:302:14) {
  command: { name: 'auth', args: [ 'IVB0VPnPl0urvQrpSKkbXLdEZBUfSHaP' ] }
}
ReplyError: WRONGPASS invalid username-password pair or user is disabled.
    at parseError (/Users/adrianfranciscoperezgomez/Desktop/Personal Apps/vult-intel/node_modules/redis-parser/lib/parser.js:179:12)
    at parseType (/Users/adrianfranciscoperezgomez/Desktop/Personal Apps/vult-intel/node_modules/redis-parser/lib/parser.js:302:14) {
  command: { name: 'auth', args: [ 'IVB0VPnPl0urvQrpSKkbXLdEZBUfSHaP' ] }
}
ReplyError: WRONGPASS invalid username-password pair or user is disabled.
    at parseError (/Users/adrianfranciscoperezgomez/Desktop/Personal Apps/vult-intel/node_modules/redis-parser/lib/parser.js:179:12)
    at parseType (/Users/adrianfranciscoperezgomez/Desktop/Personal Apps/vult-intel/node_modules/redis-parser/lib/parser.js:302:14) {
  command: { name: 'auth', args: [ 'IVB0VPnPl0urvQrpSKkbXLdEZBUfSHaP' ] }
}
ReplyError: WRONGPASS invalid username-password pair or user is disabled.
    at parseError (/Users/adrianfranciscoperezgomez/Desktop/Personal Apps/vult-intel/node_modules/redis-parser/lib/parser.js:179:12)
    at parseType (/Users/adrianfranciscoperezgomez/Desktop/Personal Apps/vult-intel/node_modules/redis-parser/lib/parser.js:302:14) {
  command: { name: 'auth', args: [ 'IVB0VPnPl0urvQrpSKkbXLdEZBUfSHaP' ] }
}
Connected to Redis for persistence
ReplyError: WRONGPASS invalid username-password pair or user is disabled.
    at parseError (/Users/adrianfranciscoperezgomez/Desktop/Personal Apps/vult-intel/node_modules/redis-parser/lib/parser.js:179:12)
    at parseType (/Users/adrianfranciscoperezgomez/Desktop/Personal Apps/vult-intel/node_modules/redis-parser/lib/parser.js:302:14) {
  command: { name: 'auth', args: [ 'IVB0VPnPl0urvQrpSKkbXLdEZBUfSHaP' ] }
}
ReplyError: WRONGPASS invalid username-password pair or user is disabled.
    at parseError (/Users/adrianfranciscoperezgomez/Desktop/Personal Apps/vult-intel/node_modules/redis-parser/lib/parser.js:179:12)
    at parseType (/Users/adrianfranciscoperezgomez/Desktop/Personal Apps/vult-intel/node_modules/redis-parser/lib/parser.js:302:14) {
  command: { name: 'auth', args: [ 'IVB0VPnPl0urvQrpSKkbXLdEZBUfSHaP' ] }
}
Redis connection error: ReplyError: WRONGPASS invalid username-password pair or user is disabled.
    at parseError (/Users/adrianfranciscoperezgomez/Desktop/Personal Apps/vult-intel/node_modules/redis-parser/lib/parser.js:179:12)
    at parseType (/Users/adrianfranciscoperezgomez/Desktop/Personal Apps/vult-intel/node_modules/redis-parser/lib/parser.js:302:14) {
  command: { name: 'auth', args: [ 'IVB0VPnPl0urvQrpSKkbXLdEZBUfSHaP' ] }
}
ReplyError: WRONGPASS invalid username-password pair or user is disabled.
    at parseError (/Users/adrianfranciscoperezgomez/Desktop/Personal Apps/vult-intel/node_modules/redis-parser/lib/parser.js:179:12)
    at parseType (/Users/adrianfranciscoperezgomez/Desktop/Personal Apps/vult-intel/node_modules/redis-parser/lib/parser.js:302:14) {
  command: { name: 'auth', args: [ 'IVB0VPnPl0urvQrpSKkbXLdEZBUfSHaP' ] }
}
ReplyError: WRONGPASS invalid username-password pair or user is disabled.
    at parseError (/Users/adrianfranciscoperezgomez/Desktop/Personal Apps/vult-intel/node_modules/redis-parser/lib/parser.js:179:12)
    at parseType (/Users/adrianfranciscoperezgomez/Desktop/Personal Apps/vult-intel/node_modules/redis-parser/lib/parser.js:302:14) {
  command: { name: 'auth', args: [ 'IVB0VPnPl0urvQrpSKkbXLdEZBUfSHaP' ] }
}
ReplyError: WRONGPASS invalid username-password pair or user is disabled.
    at parseError (/Users/adrianfranciscoperezgomez/Desktop/Personal Apps/vult-intel/node_modules/redis-parser/lib/parser.js:179:12)
    at parseType (/Users/adrianfranciscoperezgomez/Desktop/Personal Apps/vult-intel/node_modules/redis-parser/lib/parser.js:302:14) {
  command: { name: 'auth', args: [ 'IVB0VPnPl0urvQrpSKkbXLdEZBUfSHaP' ] }
}
ReplyError: WRONGPASS invalid username-password pair or user is disabled.
    at parseError (/Users/adrianfranciscoperezgomez/Desktop/Personal Apps/vult-intel/node_modules/redis-parser/lib/parser.js:179:12)
    at parseType (/Users/adrianfranciscoperezgomez/Desktop/Personal Apps/vult-intel/node_modules/redis-parser/lib/parser.js:302:14) {
  command: { name: 'auth', args: [ 'IVB0VPnPl0urvQrpSKkbXLdEZBUfSHaP' ] }
}
Connected to Redis for persistence
ReplyError: WRONGPASS invalid username-password pair or user is disabled.
    at parseError (/Users/adrianfranciscoperezgomez/Desktop/Personal Apps/vult-intel/node_modules/redis-parser/lib/parser.js:179:12)
    at parseType (/Users/adrianfranciscoperezgomez/Desktop/Personal Apps/vult-intel/node_modules/redis-parser/lib/parser.js:302:14) {
  command: { name: 'auth', args: [ 'IVB0VPnPl0urvQrpSKkbXLdEZBUfSHaP' ] }
}
Redis connection error: ReplyError: WRONGPASS invalid username-password pair or user is disabled.
    at parseError (/Users/adrianfranciscoperezgomez/Desktop/Personal Apps/vult-intel/node_modules/redis-parser/lib/parser.js:179:12)
    at parseType (/Users/adrianfranciscoperezgomez/Desktop/Personal Apps/vult-intel/node_modules/redis-parser/lib/parser.js:302:14) {
  command: { name: 'auth', args: [ 'IVB0VPnPl0urvQrpSKkbXLdEZBUfSHaP' ] }
}
ReplyError: WRONGPASS invalid username-password pair or user is disabled.
    at parseError (/Users/adrianfranciscoperezgomez/Desktop/Personal Apps/vult-intel/node_modules/redis-parser/lib/parser.js:179:12)
    at parseType (/Users/adrianfranciscoperezgomez/Desktop/Personal Apps/vult-intel/node_modules/redis-parser/lib/parser.js:302:14) {
  command: { name: 'auth', args: [ 'IVB0VPnPl0urvQrpSKkbXLdEZBUfSHaP' ] }
}
ReplyError: WRONGPASS invalid username-password pair or user is disabled.
    at parseError (/Users/adrianfranciscoperezgomez/Desktop/Personal Apps/vult-intel/node_modules/redis-parser/lib/parser.js:179:12)
    at parseType (/Users/adrianfranciscoperezgomez/Desktop/Personal Apps/vult-intel/node_modules/redis-parser/lib/parser.js:302:14) {
  command: { name: 'auth', args: [ 'IVB0VPnPl0urvQrpSKkbXLdEZBUfSHaP' ] }
}
ReplyError: WRONGPASS invalid username-password pair or user is disabled.
    at parseError (/Users/adrianfranciscoperezgomez/Desktop/Personal Apps/vult-intel/node_modules/redis-parser/lib/parser.js:179:12)
    at parseType (/Users/adrianfranciscoperezgomez/Desktop/Personal Apps/vult-intel/node_modules/redis-parser/lib/parser.js:302:14) {
  command: { name: 'auth', args: [ 'IVB0VPnPl0urvQrpSKkbXLdEZBUfSHaP' ] }
}
ReplyError: WRONGPASS invalid username-password pair or user is disabled.
    at parseError (/Users/adrianfranciscoperezgomez/Desktop/Personal Apps/vult-intel/node_modules/redis-parser/lib/parser.js:179:12)
    at parseType (/Users/adrianfranciscoperezgomez/Desktop/Personal Apps/vult-intel/node_modules/redis-parser/lib/parser.js:302:14) {
  command: { name: 'auth', args: [ 'IVB0VPnPl0urvQrpSKkbXLdEZBUfSHaP' ] }
}
ReplyError: WRONGPASS invalid username-password pair or user is disabled.
    at parseError (/Users/adrianfranciscoperezgomez/Desktop/Personal Apps/vult-intel/node_modules/redis-parser/lib/parser.js:179:12)
    at parseType (/Users/adrianfranciscoperezgomez/Desktop/Personal Apps/vult-intel/node_modules/redis-parser/lib/parser.js:302:14) {
  command: { name: 'auth', args: [ 'IVB0VPnPl0urvQrpSKkbXLdEZBUfSHaP' ] }
}
ReplyError: WRONGPASS invalid username-password pair or user is disabled.
    at parseError (/Users/adrianfranciscoperezgomez/Desktop/Personal Apps/vult-intel/node_modules/redis-parser/lib/parser.js:179:12)
    at parseType (/Users/adrianfranciscoperezgomez/Desktop/Personal Apps/vult-intel/node_modules/redis-parser/lib/parser.js:302:14) {
  command: { name: 'auth', args: [ 'IVB0VPnPl0urvQrpSKkbXLdEZBUfSHaP' ] }
}
Connected to Redis for persistence
ReplyError: WRONGPASS invalid username-password pair or user is disabled.
    at parseError (/Users/adrianfranciscoperezgomez/Desktop/Personal Apps/vult-intel/node_modules/redis-parser/lib/parser.js:179:12)
    at parseType (/Users/adrianfranciscoperezgomez/Desktop/Personal Apps/vult-intel/node_modules/redis-parser/lib/parser.js:302:14) {
  command: { name: 'auth', args: [ 'IVB0VPnPl0urvQrpSKkbXLdEZBUfSHaP' ] }
}
Redis connection error: ReplyError: WRONGPASS invalid username-password pair or user is disabled.
    at parseError (/Users/adrianfranciscoperezgomez/Desktop/Personal Apps/vult-intel/node_modules/redis-parser/lib/parser.js:179:12)
    at parseType (/Users/adrianfranciscoperezgomez/Desktop/Personal Apps/vult-intel/node_modules/redis-parser/lib/parser.js:302:14) {
  command: { name: 'auth', args: [ 'IVB0VPnPl0urvQrpSKkbXLdEZBUfSHaP' ] }
}
ReplyError: WRONGPASS invalid username-password pair or user is disabled.
    at parseError (/Users/adrianfranciscoperezgomez/Desktop/Personal Apps/vult-intel/node_modules/redis-parser/lib/parser.js:179:12)
    at parseType (/Users/adrianfranciscoperezgomez/Desktop/Personal Apps/vult-intel/node_modules/redis-parser/lib/parser.js:302:14) {
  command: { name: 'auth', args: [ 'IVB0VPnPl0urvQrpSKkbXLdEZBUfSHaP' ] }
}
ReplyError: WRONGPASS invalid username-password pair or user is disabled.
    at parseError (/Users/adrianfranciscoperezgomez/Desktop/Personal Apps/vult-intel/node_modules/redis-parser/lib/parser.js:179:12)
    at parseType (/Users/adrianfranciscoperezgomez/Desktop/Personal Apps/vult-intel/node_modules/redis-parser/lib/parser.js:302:14) {
  command: { name: 'auth', args: [ 'IVB0VPnPl0urvQrpSKkbXLdEZBUfSHaP' ] }
}
ReplyError: WRONGPASS invalid username-password pair or user is disabled.
    at parseError (/Users/adrianfranciscoperezgomez/Desktop/Personal Apps/vult-intel/node_modules/redis-parser/lib/parser.js:179:12)
    at parseType (/Users/adrianfranciscoperezgomez/Desktop/Personal Apps/vult-intel/node_modules/redis-parser/lib/parser.js:302:14) {
  command: { name: 'auth', args: [ 'IVB0VPnPl0urvQrpSKkbXLdEZBUfSHaP' ] }
}
ReplyError: WRONGPASS invalid username-password pair or user is disabled.
    at parseError (/Users/adrianfranciscoperezgomez/Desktop/Personal Apps/vult-intel/node_modules/redis-parser/lib/parser.js:179:12)
    at parseType (/Users/adrianfranciscoperezgomez/Desktop/Personal Apps/vult-intel/node_modules/redis-parser/lib/parser.js:302:14) {
  command: { name: 'auth', args: [ 'IVB0VPnPl0urvQrpSKkbXLdEZBUfSHaP' ] }
}
ReplyError: WRONGPASS invalid username-password pair or user is disabled.
    at parseError (/Users/adrianfranciscoperezgomez/Desktop/Personal Apps/vult-intel/node_modules/redis-parser/lib/parser.js:179:12)
    at parseType (/Users/adrianfranciscoperezgomez/Desktop/Personal Apps/vult-intel/node_modules/redis-parser/lib/parser.js:302:14) {
  command: { name: 'auth', args: [ 'IVB0VPnPl0urvQrpSKkbXLdEZBUfSHaP' ] }
}
Connected to Redis for persistence
Redis connection error: ReplyError: WRONGPASS invalid username-password pair or user is disabled.
    at parseError (/Users/adrianfranciscoperezgomez/Desktop/Personal Apps/vult-intel/node_modules/redis-parser/lib/parser.js:179:12)
    at parseType (/Users/adrianfranciscoperezgomez/Desktop/Personal Apps/vult-intel/node_modules/redis-parser/lib/parser.js:302:14) {
  command: { name: 'auth', args: [ 'IVB0VPnPl0urvQrpSKkbXLdEZBUfSHaP' ] }
}
ReplyError: WRONGPASS invalid username-password pair or user is disabled.
    at parseError (/Users/adrianfranciscoperezgomez/Desktop/Personal Apps/vult-intel/node_modules/redis-parser/lib/parser.js:179:12)
    at parseType (/Users/adrianfranciscoperezgomez/Desktop/Personal Apps/vult-intel/node_modules/redis-parser/lib/parser.js:302:14) {
  command: { name: 'auth', args: [ 'IVB0VPnPl0urvQrpSKkbXLdEZBUfSHaP' ] }
}
ReplyError: WRONGPASS invalid username-password pair or user is disabled.
    at parseError (/Users/adrianfranciscoperezgomez/Desktop/Personal Apps/vult-intel/node_modules/redis-parser/lib/parser.js:179:12)
    at parseType (/Users/adrianfranciscoperezgomez/Desktop/Personal Apps/vult-intel/node_modules/redis-parser/lib/parser.js:302:14) {
  command: { name: 'auth', args: [ 'IVB0VPnPl0urvQrpSKkbXLdEZBUfSHaP' ] }
}
ReplyError: WRONGPASS invalid username-password pair or user is disabled.
    at parseError (/Users/adrianfranciscoperezgomez/Desktop/Personal Apps/vult-intel/node_modules/redis-parser/lib/parser.js:179:12)
    at parseType (/Users/adrianfranciscoperezgomez/Desktop/Personal Apps/vult-intel/node_modules/redis-parser/lib/parser.js:302:14) {
  command: { name: 'auth', args: [ 'IVB0VPnPl0urvQrpSKkbXLdEZBUfSHaP' ] }
}
ReplyError: WRONGPASS invalid username-password pair or user is disabled.
    at parseError (/Users/adrianfranciscoperezgomez/Desktop/Personal Apps/vult-intel/node_modules/redis-parser/lib/parser.js:179:12)
    at parseType (/Users/adrianfranciscoperezgomez/Desktop/Personal Apps/vult-intel/node_modules/redis-parser/lib/parser.js:302:14) {
  command: { name: 'auth', args: [ 'IVB0VPnPl0urvQrpSKkbXLdEZBUfSHaP' ] }
}
ReplyError: WRONGPASS invalid username-password pair or user is disabled.
    at parseError (/Users/adrianfranciscoperezgomez/Desktop/Personal Apps/vult-intel/node_modules/redis-parser/lib/parser.js:179:12)
    at parseType (/Users/adrianfranciscoperezgomez/Desktop/Personal Apps/vult-intel/node_modules/redis-parser/lib/parser.js:302:14) {
  command: { name: 'auth', args: [ 'IVB0VPnPl0urvQrpSKkbXLdEZBUfSHaP' ] }
}
ReplyError: WRONGPASS invalid username-password pair or user is disabled.
    at parseError (/Users/adrianfranciscoperezgomez/Desktop/Personal Apps/vult-intel/node_modules/redis-parser/lib/parser.js:179:12)
    at parseType (/Users/adrianfranciscoperezgomez/Desktop/Personal Apps/vult-intel/node_modules/redis-parser/lib/parser.js:302:14) {
  command: { name: 'auth', args: [ 'IVB0VPnPl0urvQrpSKkbXLdEZBUfSHaP' ] }
}
Connected to Redis for persistence
Redis connection error: ReplyError: WRONGPASS invalid username-password pair or user is disabled.
    at parseError (/Users/adrianfranciscoperezgomez/Desktop/Personal Apps/vult-intel/node_modules/redis-parser/lib/parser.js:179:12)
    at parseType (/Users/adrianfranciscoperezgomez/Desktop/Personal Apps/vult-intel/node_modules/redis-parser/lib/parser.js:302:14) {
  command: { name: 'auth', args: [ 'IVB0VPnPl0urvQrpSKkbXLdEZBUfSHaP' ] }
}
ReplyError: WRONGPASS invalid username-password pair or user is disabled.
    at parseError (/Users/adrianfranciscoperezgomez/Desktop/Personal Apps/vult-intel/node_modules/redis-parser/lib/parser.js:179:12)
    at parseType (/Users/adrianfranciscoperezgomez/Desktop/Personal Apps/vult-intel/node_modules/redis-parser/lib/parser.js:302:14) {
  command: { name: 'auth', args: [ 'IVB0VPnPl0urvQrpSKkbXLdEZBUfSHaP' ] }
}
ReplyError: WRONGPASS invalid username-password pair or user is disabled.
    at parseError (/Users/adrianfranciscoperezgomez/Desktop/Personal Apps/vult-intel/node_modules/redis-parser/lib/parser.js:179:12)
    at parseType (/Users/adrianfranciscoperezgomez/Desktop/Personal Apps/vult-intel/node_modules/redis-parser/lib/parser.js:302:14) {
  command: { name: 'auth', args: [ 'IVB0VPnPl0urvQrpSKkbXLdEZBUfSHaP' ] }
}
ReplyError: WRONGPASS invalid username-password pair or user is disabled.
    at parseError (/Users/adrianfranciscoperezgomez/Desktop/Personal Apps/vult-intel/node_modules/redis-parser/lib/parser.js:179:12)
    at parseType (/Users/adrianfranciscoperezgomez/Desktop/Personal Apps/vult-intel/node_modules/redis-parser/lib/parser.js:302:14) {
  command: { name: 'auth', args: [ 'IVB0VPnPl0urvQrpSKkbXLdEZBUfSHaP' ] }
}
ReplyError: WRONGPASS invalid username-password pair or user is disabled.
    at parseError (/Users/adrianfranciscoperezgomez/Desktop/Personal Apps/vult-intel/node_modules/redis-parser/lib/parser.js:179:12)
    at parseType (/Users/adrianfranciscoperezgomez/Desktop/Personal Apps/vult-intel/node_modules/redis-parser/lib/parser.js:302:14) {
  command: { name: 'auth', args: [ 'IVB0VPnPl0urvQrpSKkbXLdEZBUfSHaP' ] }
}
ReplyError: WRONGPASS invalid username-password pair or user is disabled.
    at parseError (/Users/adrianfranciscoperezgomez/Desktop/Personal Apps/vult-intel/node_modules/redis-parser/lib/parser.js:179:12)
    at parseType (/Users/adrianfranciscoperezgomez/Desktop/Personal Apps/vult-intel/node_modules/redis-parser/lib/parser.js:302:14) {
  command: { name: 'auth', args: [ 'IVB0VPnPl0urvQrpSKkbXLdEZBUfSHaP' ] }
}
ReplyError: WRONGPASS invalid username-password pair or user is disabled.
    at parseError (/Users/adrianfranciscoperezgomez/Desktop/Personal Apps/vult-intel/node_modules/redis-parser/lib/parser.js:179:12)
    at parseType (/Users/adrianfranciscoperezgomez/Desktop/Personal Apps/vult-intel/node_modules/redis-parser/lib/parser.js:302:14) {
  command: { name: 'auth', args: [ 'IVB0VPnPl0urvQrpSKkbXLdEZBUfSHaP' ] }
}
Connected to Redis for persistence
Redis connection error: ReplyError: WRONGPASS invalid username-password pair or user is disabled.
    at parseError (/Users/adrianfranciscoperezgomez/Desktop/Personal Apps/vult-intel/node_modules/redis-parser/lib/parser.js:179:12)
    at parseType (/Users/adrianfranciscoperezgomez/Desktop/Personal Apps/vult-intel/node_modules/redis-parser/lib/parser.js:302:14) {
  command: { name: 'auth', args: [ 'IVB0VPnPl0urvQrpSKkbXLdEZBUfSHaP' ] }
}
ReplyError: WRONGPASS invalid username-password pair or user is disabled.
    at parseError (/Users/adrianfranciscoperezgomez/Desktop/Personal Apps/vult-intel/node_modules/redis-parser/lib/parser.js:179:12)
    at parseType (/Users/adrianfranciscoperezgomez/Desktop/Personal Apps/vult-intel/node_modules/redis-parser/lib/parser.js:302:14) {
  command: { name: 'auth', args: [ 'IVB0VPnPl0urvQrpSKkbXLdEZBUfSHaP' ] }
}
ReplyError: WRONGPASS invalid username-password pair or user is disabled.
    at parseError (/Users/adrianfranciscoperezgomez/Desktop/Personal Apps/vult-intel/node_modules/redis-parser/lib/parser.js:179:12)
    at parseType (/Users/adrianfranciscoperezgomez/Desktop/Personal Apps/vult-intel/node_modules/redis-parser/lib/parser.js:302:14) {
  command: { name: 'auth', args: [ 'IVB0VPnPl0urvQrpSKkbXLdEZBUfSHaP' ] }
}
ReplyError: WRONGPASS invalid username-password pair or user is disabled.
    at parseError (/Users/adrianfranciscoperezgomez/Desktop/Personal Apps/vult-intel/node_modules/redis-parser/lib/parser.js:179:12)
    at parseType (/Users/adrianfranciscoperezgomez/Desktop/Personal Apps/vult-intel/node_modules/redis-parser/lib/parser.js:302:14) {
  command: { name: 'auth', args: [ 'IVB0VPnPl0urvQrpSKkbXLdEZBUfSHaP' ] }
}
ReplyError: WRONGPASS invalid username-password pair or user is disabled.
    at parseError (/Users/adrianfranciscoperezgomez/Desktop/Personal Apps/vult-intel/node_modules/redis-parser/lib/parser.js:179:12)
    at parseType (/Users/adrianfranciscoperezgomez/Desktop/Personal Apps/vult-intel/node_modules/redis-parser/lib/parser.js:302:14) {
  command: { name: 'auth', args: [ 'IVB0VPnPl0urvQrpSKkbXLdEZBUfSHaP' ] }
}
ReplyError: WRONGPASS invalid username-password pair or user is disabled.
    at parseError (/Users/adrianfranciscoperezgomez/Desktop/Personal Apps/vult-intel/node_modules/redis-parser/lib/parser.js:179:12)
    at parseType (/Users/adrianfranciscoperezgomez/Desktop/Personal Apps/vult-intel/node_modules/redis-parser/lib/parser.js:302:14) {
  command: { name: 'auth', args: [ 'IVB0VPnPl0urvQrpSKkbXLdEZBUfSHaP' ] }
}
ReplyError: WRONGPASS invalid username-password pair or user is disabled.
    at parseError (/Users/adrianfranciscoperezgomez/Desktop/Personal Apps/vult-intel/node_modules/redis-parser/lib/parser.js:179:12)
    at parseType (/Users/adrianfranciscoperezgomez/Desktop/Personal Apps/vult-intel/node_modules/redis-parser/lib/parser.js:302:14) {
  command: { name: 'auth', args: [ 'IVB0VPnPl0urvQrpSKkbXLdEZBUfSHaP' ] }
}
Connected to Redis for persistence
ReplyError: WRONGPASS invalid username-password pair or user is disabled.
    at parseError (/Users/adrianfranciscoperezgomez/Desktop/Personal Apps/vult-intel/node_modules/redis-parser/lib/parser.js:179:12)
    at parseType (/Users/adrianfranciscoperezgomez/Desktop/Personal Apps/vult-intel/node_modules/redis-parser/lib/parser.js:302:14) {
  command: { name: 'auth', args: [ 'IVB0VPnPl0urvQrpSKkbXLdEZBUfSHaP' ] }
}
Redis connection error: ReplyError: WRONGPASS invalid username-password pair or user is disabled.
    at parseError (/Users/adrianfranciscoperezgomez/Desktop/Personal Apps/vult-intel/node_modules/redis-parser/lib/parser.js:179:12)
    at parseType (/Users/adrianfranciscoperezgomez/Desktop/Personal Apps/vult-intel/node_modules/redis-parser/lib/parser.js:302:14) {
  command: { name: 'auth', args: [ 'IVB0VPnPl0urvQrpSKkbXLdEZBUfSHaP' ] }
}
ReplyError: WRONGPASS invalid username-password pair or user is disabled.
    at parseError (/Users/adrianfranciscoperezgomez/Desktop/Personal Apps/vult-intel/node_modules/redis-parser/lib/parser.js:179:12)
    at parseType (/Users/adrianfranciscoperezgomez/Desktop/Personal Apps/vult-intel/node_modules/redis-parser/lib/parser.js:302:14) {
  command: { name: 'auth', args: [ 'IVB0VPnPl0urvQrpSKkbXLdEZBUfSHaP' ] }
}
ReplyError: WRONGPASS invalid username-password pair or user is disabled.
    at parseError (/Users/adrianfranciscoperezgomez/Desktop/Personal Apps/vult-intel/node_modules/redis-parser/lib/parser.js:179:12)
    at parseType (/Users/adrianfranciscoperezgomez/Desktop/Personal Apps/vult-intel/node_modules/redis-parser/lib/parser.js:302:14) {
  command: { name: 'auth', args: [ 'IVB0VPnPl0urvQrpSKkbXLdEZBUfSHaP' ] }
}
ReplyError: WRONGPASS invalid username-password pair or user is disabled.
    at parseError (/Users/adrianfranciscoperezgomez/Desktop/Personal Apps/vult-intel/node_modules/redis-parser/lib/parser.js:179:12)
    at parseType (/Users/adrianfranciscoperezgomez/Desktop/Personal Apps/vult-intel/node_modules/redis-parser/lib/parser.js:302:14) {
  command: { name: 'auth', args: [ 'IVB0VPnPl0urvQrpSKkbXLdEZBUfSHaP' ] }
}
ReplyError: WRONGPASS invalid username-password pair or user is disabled.
    at parseError (/Users/adrianfranciscoperezgomez/Desktop/Personal Apps/vult-intel/node_modules/redis-parser/lib/parser.js:179:12)
    at parseType (/Users/adrianfranciscoperezgomez/Desktop/Personal Apps/vult-intel/node_modules/redis-parser/lib/parser.js:302:14) {
  command: { name: 'auth', args: [ 'IVB0VPnPl0urvQrpSKkbXLdEZBUfSHaP' ] }
}
ReplyError: WRONGPASS invalid username-password pair or user is disabled.
    at parseError (/Users/adrianfranciscoperezgomez/Desktop/Personal Apps/vult-intel/node_modules/redis-parser/lib/parser.js:179:12)
    at parseType (/Users/adrianfranciscoperezgomez/Desktop/Personal Apps/vult-intel/node_modules/redis-parser/lib/parser.js:302:14) {
  command: { name: 'auth', args: [ 'IVB0VPnPl0urvQrpSKkbXLdEZBUfSHaP' ] }
}
Connected to Redis for persistence
ReplyError: WRONGPASS invalid username-password pair or user is disabled.
    at parseError (/Users/adrianfranciscoperezgomez/Desktop/Personal Apps/vult-intel/node_modules/redis-parser/lib/parser.js:179:12)
    at parseType (/Users/adrianfranciscoperezgomez/Desktop/Personal Apps/vult-intel/node_modules/redis-parser/lib/parser.js:302:14) {
  command: { name: 'auth', args: [ 'IVB0VPnPl0urvQrpSKkbXLdEZBUfSHaP' ] }
}
Redis connection error: ReplyError: WRONGPASS invalid username-password pair or user is disabled.
    at parseError (/Users/adrianfranciscoperezgomez/Desktop/Personal Apps/vult-intel/node_modules/redis-parser/lib/parser.js:179:12)
    at parseType (/Users/adrianfranciscoperezgomez/Desktop/Personal Apps/vult-intel/node_modules/redis-parser/lib/parser.js:302:14) {
  command: { name: 'auth', args: [ 'IVB0VPnPl0urvQrpSKkbXLdEZBUfSHaP' ] }
}
ReplyError: WRONGPASS invalid username-password pair or user is disabled.
    at parseError (/Users/adrianfranciscoperezgomez/Desktop/Personal Apps/vult-intel/node_modules/redis-parser/lib/parser.js:179:12)
    at parseType (/Users/adrianfranciscoperezgomez/Desktop/Personal Apps/vult-intel/node_modules/redis-parser/lib/parser.js:302:14) {
  command: { name: 'auth', args: [ 'IVB0VPnPl0urvQrpSKkbXLdEZBUfSHaP' ] }
}
ReplyError: WRONGPASS invalid username-password pair or user is disabled.
    at parseError (/Users/adrianfranciscoperezgomez/Desktop/Personal Apps/vult-intel/node_modules/redis-parser/lib/parser.js:179:12)
    at parseType (/Users/adrianfranciscoperezgomez/Desktop/Personal Apps/vult-intel/node_modules/redis-parser/lib/parser.js:302:14) {
  command: { name: 'auth', args: [ 'IVB0VPnPl0urvQrpSKkbXLdEZBUfSHaP' ] }
}
ReplyError: WRONGPASS invalid username-password pair or user is disabled.
    at parseError (/Users/adrianfranciscoperezgomez/Desktop/Personal Apps/vult-intel/node_modules/redis-parser/lib/parser.js:179:12)
    at parseType (/Users/adrianfranciscoperezgomez/Desktop/Personal Apps/vult-intel/node_modules/redis-parser/lib/parser.js:302:14) {
  command: { name: 'auth', args: [ 'IVB0VPnPl0urvQrpSKkbXLdEZBUfSHaP' ] }
}
ReplyError: WRONGPASS invalid username-password pair or user is disabled.
    at parseError (/Users/adrianfranciscoperezgomez/Desktop/Personal Apps/vult-intel/node_modules/redis-parser/lib/parser.js:179:12)
    at parseType (/Users/adrianfranciscoperezgomez/Desktop/Personal Apps/vult-intel/node_modules/redis-parser/lib/parser.js:302:14) {
  command: { name: 'auth', args: [ 'IVB0VPnPl0urvQrpSKkbXLdEZBUfSHaP' ] }
}
ReplyError: WRONGPASS invalid username-password pair or user is disabled.
    at parseError (/Users/adrianfranciscoperezgomez/Desktop/Personal Apps/vult-intel/node_modules/redis-parser/lib/parser.js:179:12)
    at parseType (/Users/adrianfranciscoperezgomez/Desktop/Personal Apps/vult-intel/node_modules/redis-parser/lib/parser.js:302:14) {
  command: { name: 'auth', args: [ 'IVB0VPnPl0urvQrpSKkbXLdEZBUfSHaP' ] }
}
Connected to Redis for persistence
Redis connection error: ReplyError: WRONGPASS invalid username-password pair or user is disabled.
    at parseError (/Users/adrianfranciscoperezgomez/Desktop/Personal Apps/vult-intel/node_modules/redis-parser/lib/parser.js:179:12)
    at parseType (/Users/adrianfranciscoperezgomez/Desktop/Personal Apps/vult-intel/node_modules/redis-parser/lib/parser.js:302:14) {
  command: { name: 'auth', args: [ 'IVB0VPnPl0urvQrpSKkbXLdEZBUfSHaP' ] }
}
ReplyError: WRONGPASS invalid username-password pair or user is disabled.
    at parseError (/Users/adrianfranciscoperezgomez/Desktop/Personal Apps/vult-intel/node_modules/redis-parser/lib/parser.js:179:12)
    at parseType (/Users/adrianfranciscoperezgomez/Desktop/Personal Apps/vult-intel/node_modules/redis-parser/lib/parser.js:302:14) {
  command: { name: 'auth', args: [ 'IVB0VPnPl0urvQrpSKkbXLdEZBUfSHaP' ] }
}
ReplyError: WRONGPASS invalid username-password pair or user is disabled.
    at parseError (/Users/adrianfranciscoperezgomez/Desktop/Personal Apps/vult-intel/node_modules/redis-parser/lib/parser.js:179:12)
    at parseType (/Users/adrianfranciscoperezgomez/Desktop/Personal Apps/vult-intel/node_modules/redis-parser/lib/parser.js:302:14) {
  command: { name: 'auth', args: [ 'IVB0VPnPl0urvQrpSKkbXLdEZBUfSHaP' ] }
}
ReplyError: WRONGPASS invalid username-password pair or user is disabled.
    at parseError (/Users/adrianfranciscoperezgomez/Desktop/Personal Apps/vult-intel/node_modules/redis-parser/lib/parser.js:179:12)
    at parseType (/Users/adrianfranciscoperezgomez/Desktop/Personal Apps/vult-intel/node_modules/redis-parser/lib/parser.js:302:14) {
  command: { name: 'auth', args: [ 'IVB0VPnPl0urvQrpSKkbXLdEZBUfSHaP' ] }
}
ReplyError: WRONGPASS invalid username-password pair or user is disabled.
    at parseError (/Users/adrianfranciscoperezgomez/Desktop/Personal Apps/vult-intel/node_modules/redis-parser/lib/parser.js:179:12)
    at parseType (/Users/adrianfranciscoperezgomez/Desktop/Personal Apps/vult-intel/node_modules/redis-parser/lib/parser.js:302:14) {
  command: { name: 'auth', args: [ 'IVB0VPnPl0urvQrpSKkbXLdEZBUfSHaP' ] }
}
ReplyError: WRONGPASS invalid username-password pair or user is disabled.
    at parseError (/Users/adrianfranciscoperezgomez/Desktop/Personal Apps/vult-intel/node_modules/redis-parser/lib/parser.js:179:12)
    at parseType (/Users/adrianfranciscoperezgomez/Desktop/Personal Apps/vult-intel/node_modules/redis-parser/lib/parser.js:302:14) {
  command: { name: 'auth', args: [ 'IVB0VPnPl0urvQrpSKkbXLdEZBUfSHaP' ] }
}
ReplyError: WRONGPASS invalid username-password pair or user is disabled.
    at parseError (/Users/adrianfranciscoperezgomez/Desktop/Personal Apps/vult-intel/node_modules/redis-parser/lib/parser.js:179:12)
    at parseType (/Users/adrianfranciscoperezgomez/Desktop/Personal Apps/vult-intel/node_modules/redis-parser/lib/parser.js:302:14) {
  command: { name: 'auth', args: [ 'IVB0VPnPl0urvQrpSKkbXLdEZBUfSHaP' ] }
}
Connected to Redis for persistence
Redis connection error: ReplyError: WRONGPASS invalid username-password pair or user is disabled.
    at parseError (/Users/adrianfranciscoperezgomez/Desktop/Personal Apps/vult-intel/node_modules/redis-parser/lib/parser.js:179:12)
    at parseType (/Users/adrianfranciscoperezgomez/Desktop/Personal Apps/vult-intel/node_modules/redis-parser/lib/parser.js:302:14) {
  command: { name: 'auth', args: [ 'IVB0VPnPl0urvQrpSKkbXLdEZBUfSHaP' ] }
}
ReplyError: WRONGPASS invalid username-password pair or user is disabled.
    at parseError (/Users/adrianfranciscoperezgomez/Desktop/Personal Apps/vult-intel/node_modules/redis-parser/lib/parser.js:179:12)
    at parseType (/Users/adrianfranciscoperezgomez/Desktop/Personal Apps/vult-intel/node_modules/redis-parser/lib/parser.js:302:14) {
  command: { name: 'auth', args: [ 'IVB0VPnPl0urvQrpSKkbXLdEZBUfSHaP' ] }
}
ReplyError: WRONGPASS invalid username-password pair or user is disabled.
    at parseError (/Users/adrianfranciscoperezgomez/Desktop/Personal Apps/vult-intel/node_modules/redis-parser/lib/parser.js:179:12)
    at parseType (/Users/adrianfranciscoperezgomez/Desktop/Personal Apps/vult-intel/node_modules/redis-parser/lib/parser.js:302:14) {
  command: { name: 'auth', args: [ 'IVB0VPnPl0urvQrpSKkbXLdEZBUfSHaP' ] }
}
ReplyError: WRONGPASS invalid username-password pair or user is disabled.
    at parseError (/Users/adrianfranciscoperezgomez/Desktop/Personal Apps/vult-intel/node_modules/redis-parser/lib/parser.js:179:12)
    at parseType (/Users/adrianfranciscoperezgomez/Desktop/Personal Apps/vult-intel/node_modules/redis-parser/lib/parser.js:302:14) {
  command: { name: 'auth', args: [ 'IVB0VPnPl0urvQrpSKkbXLdEZBUfSHaP' ] }
}
ReplyError: WRONGPASS invalid username-password pair or user is disabled.
    at parseError (/Users/adrianfranciscoperezgomez/Desktop/Personal Apps/vult-intel/node_modules/redis-parser/lib/parser.js:179:12)
    at parseType (/Users/adrianfranciscoperezgomez/Desktop/Personal Apps/vult-intel/node_modules/redis-parser/lib/parser.js:302:14) {
  command: { name: 'auth', args: [ 'IVB0VPnPl0urvQrpSKkbXLdEZBUfSHaP' ] }
}
ReplyError: WRONGPASS invalid username-password pair or user is disabled.
    at parseError (/Users/adrianfranciscoperezgomez/Desktop/Personal Apps/vult-intel/node_modules/redis-parser/lib/parser.js:179:12)
    at parseType (/Users/adrianfranciscoperezgomez/Desktop/Personal Apps/vult-intel/node_modules/redis-parser/lib/parser.js:302:14) {
  command: { name: 'auth', args: [ 'IVB0VPnPl0urvQrpSKkbXLdEZBUfSHaP' ] }
}
ReplyError: WRONGPASS invalid username-password pair or user is disabled.
    at parseError (/Users/adrianfranciscoperezgomez/Desktop/Personal Apps/vult-intel/node_modules/redis-parser/lib/parser.js:179:12)
    at parseType (/Users/adrianfranciscoperezgomez/Desktop/Personal Apps/vult-intel/node_modules/redis-parser/lib/parser.js:302:14) {
  command: { name: 'auth', args: [ 'IVB0VPnPl0urvQrpSKkbXLdEZBUfSHaP' ] }
}
Connected to Redis for persistence
Redis connection error: ReplyError: WRONGPASS invalid username-password pair or user is disabled.
    at parseError (/Users/adrianfranciscoperezgomez/Desktop/Personal Apps/vult-intel/node_modules/redis-parser/lib/parser.js:179:12)
    at parseType (/Users/adrianfranciscoperezgomez/Desktop/Personal Apps/vult-intel/node_modules/redis-parser/lib/parser.js:302:14) {
  command: { name: 'auth', args: [ 'IVB0VPnPl0urvQrpSKkbXLdEZBUfSHaP' ] }
}
ReplyError: WRONGPASS invalid username-password pair or user is disabled.
    at parseError (/Users/adrianfranciscoperezgomez/Desktop/Personal Apps/vult-intel/node_modules/redis-parser/lib/parser.js:179:12)
    at parseType (/Users/adrianfranciscoperezgomez/Desktop/Personal Apps/vult-intel/node_modules/redis-parser/lib/parser.js:302:14) {
  command: { name: 'auth', args: [ 'IVB0VPnPl0urvQrpSKkbXLdEZBUfSHaP' ] }
}
ReplyError: WRONGPASS invalid username-password pair or user is disabled.
    at parseError (/Users/adrianfranciscoperezgomez/Desktop/Personal Apps/vult-intel/node_modules/redis-parser/lib/parser.js:179:12)
    at parseType (/Users/adrianfranciscoperezgomez/Desktop/Personal Apps/vult-intel/node_modules/redis-parser/lib/parser.js:302:14) {
  command: { name: 'auth', args: [ 'IVB0VPnPl0urvQrpSKkbXLdEZBUfSHaP' ] }
}
ReplyError: WRONGPASS invalid username-password pair or user is disabled.
    at parseError (/Users/adrianfranciscoperezgomez/Desktop/Personal Apps/vult-intel/node_modules/redis-parser/lib/parser.js:179:12)
    at parseType (/Users/adrianfranciscoperezgomez/Desktop/Personal Apps/vult-intel/node_modules/redis-parser/lib/parser.js:302:14) {
  command: { name: 'auth', args: [ 'IVB0VPnPl0urvQrpSKkbXLdEZBUfSHaP' ] }
}
ReplyError: WRONGPASS invalid username-password pair or user is disabled.
    at parseError (/Users/adrianfranciscoperezgomez/Desktop/Personal Apps/vult-intel/node_modules/redis-parser/lib/parser.js:179:12)
    at parseType (/Users/adrianfranciscoperezgomez/Desktop/Personal Apps/vult-intel/node_modules/redis-parser/lib/parser.js:302:14) {
  command: { name: 'auth', args: [ 'IVB0VPnPl0urvQrpSKkbXLdEZBUfSHaP' ] }
}
ReplyError: WRONGPASS invalid username-password pair or user is disabled.
    at parseError (/Users/adrianfranciscoperezgomez/Desktop/Personal Apps/vult-intel/node_modules/redis-parser/lib/parser.js:179:12)
    at parseType (/Users/adrianfranciscoperezgomez/Desktop/Personal Apps/vult-intel/node_modules/redis-parser/lib/parser.js:302:14) {
  command: { name: 'auth', args: [ 'IVB0VPnPl0urvQrpSKkbXLdEZBUfSHaP' ] }
}
ReplyError: WRONGPASS invalid username-password pair or user is disabled.
    at parseError (/Users/adrianfranciscoperezgomez/Desktop/Personal Apps/vult-intel/node_modules/redis-parser/lib/parser.js:179:12)
    at parseType (/Users/adrianfranciscoperezgomez/Desktop/Personal Apps/vult-intel/node_modules/redis-parser/lib/parser.js:302:14) {
  command: { name: 'auth', args: [ 'IVB0VPnPl0urvQrpSKkbXLdEZBUfSHaP' ] }
}
Connected to Redis for persistence
Redis connection error: ReplyError: WRONGPASS invalid username-password pair or user is disabled.
    at parseError (/Users/adrianfranciscoperezgomez/Desktop/Personal Apps/vult-intel/node_modules/redis-parser/lib/parser.js:179:12)
    at parseType (/Users/adrianfranciscoperezgomez/Desktop/Personal Apps/vult-intel/node_modules/redis-parser/lib/parser.js:302:14) {
  command: { name: 'auth', args: [ 'IVB0VPnPl0urvQrpSKkbXLdEZBUfSHaP' ] }
}
ReplyError: WRONGPASS invalid username-password pair or user is disabled.
    at parseError (/Users/adrianfranciscoperezgomez/Desktop/Personal Apps/vult-intel/node_modules/redis-parser/lib/parser.js:179:12)
    at parseType (/Users/adrianfranciscoperezgomez/Desktop/Personal Apps/vult-intel/node_modules/redis-parser/lib/parser.js:302:14) {
  command: { name: 'auth', args: [ 'IVB0VPnPl0urvQrpSKkbXLdEZBUfSHaP' ] }
}
ReplyError: WRONGPASS invalid username-password pair or user is disabled.
    at parseError (/Users/adrianfranciscoperezgomez/Desktop/Personal Apps/vult-intel/node_modules/redis-parser/lib/parser.js:179:12)
    at parseType (/Users/adrianfranciscoperezgomez/Desktop/Personal Apps/vult-intel/node_modules/redis-parser/lib/parser.js:302:14) {
  command: { name: 'auth', args: [ 'IVB0VPnPl0urvQrpSKkbXLdEZBUfSHaP' ] }
}
ReplyError: WRONGPASS invalid username-password pair or user is disabled.
    at parseError (/Users/adrianfranciscoperezgomez/Desktop/Personal Apps/vult-intel/node_modules/redis-parser/lib/parser.js:179:12)
    at parseType (/Users/adrianfranciscoperezgomez/Desktop/Personal Apps/vult-intel/node_modules/redis-parser/lib/parser.js:302:14) {
  command: { name: 'auth', args: [ 'IVB0VPnPl0urvQrpSKkbXLdEZBUfSHaP' ] }
}
ReplyError: WRONGPASS invalid username-password pair or user is disabled.
    at parseError (/Users/adrianfranciscoperezgomez/Desktop/Personal Apps/vult-intel/node_modules/redis-parser/lib/parser.js:179:12)
    at parseType (/Users/adrianfranciscoperezgomez/Desktop/Personal Apps/vult-intel/node_modules/redis-parser/lib/parser.js:302:14) {
  command: { name: 'auth', args: [ 'IVB0VPnPl0urvQrpSKkbXLdEZBUfSHaP' ] }
}
ReplyError: WRONGPASS invalid username-password pair or user is disabled.
    at parseError (/Users/adrianfranciscoperezgomez/Desktop/Personal Apps/vult-intel/node_modules/redis-parser/lib/parser.js:179:12)
    at parseType (/Users/adrianfranciscoperezgomez/Desktop/Personal Apps/vult-intel/node_modules/redis-parser/lib/parser.js:302:14) {
  command: { name: 'auth', args: [ 'IVB0VPnPl0urvQrpSKkbXLdEZBUfSHaP' ] }
}
ReplyError: WRONGPASS invalid username-password pair or user is disabled.
    at parseError (/Users/adrianfranciscoperezgomez/Desktop/Personal Apps/vult-intel/node_modules/redis-parser/lib/parser.js:179:12)
    at parseType (/Users/adrianfranciscoperezgomez/Desktop/Personal Apps/vult-intel/node_modules/redis-parser/lib/parser.js:302:14) {
  command: { name: 'auth', args: [ 'IVB0VPnPl0urvQrpSKkbXLdEZBUfSHaP' ] }
}
Connected to Redis for persistence
Redis connection error: ReplyError: WRONGPASS invalid username-password pair or user is disabled.
    at parseError (/Users/adrianfranciscoperezgomez/Desktop/Personal Apps/vult-intel/node_modules/redis-parser/lib/parser.js:179:12)
    at parseType (/Users/adrianfranciscoperezgomez/Desktop/Personal Apps/vult-intel/node_modules/redis-parser/lib/parser.js:302:14) {
  command: { name: 'auth', args: [ 'IVB0VPnPl0urvQrpSKkbXLdEZBUfSHaP' ] }
}
ReplyError: WRONGPASS invalid username-password pair or user is disabled.
    at parseError (/Users/adrianfranciscoperezgomez/Desktop/Personal Apps/vult-intel/node_modules/redis-parser/lib/parser.js:179:12)
    at parseType (/Users/adrianfranciscoperezgomez/Desktop/Personal Apps/vult-intel/node_modules/redis-parser/lib/parser.js:302:14) {
  command: { name: 'auth', args: [ 'IVB0VPnPl0urvQrpSKkbXLdEZBUfSHaP' ] }
}
ReplyError: WRONGPASS invalid username-password pair or user is disabled.
    at parseError (/Users/adrianfranciscoperezgomez/Desktop/Personal Apps/vult-intel/node_modules/redis-parser/lib/parser.js:179:12)
    at parseType (/Users/adrianfranciscoperezgomez/Desktop/Personal Apps/vult-intel/node_modules/redis-parser/lib/parser.js:302:14) {
  command: { name: 'auth', args: [ 'IVB0VPnPl0urvQrpSKkbXLdEZBUfSHaP' ] }
}
ReplyError: WRONGPASS invalid username-password pair or user is disabled.
    at parseError (/Users/adrianfranciscoperezgomez/Desktop/Personal Apps/vult-intel/node_modules/redis-parser/lib/parser.js:179:12)
    at parseType (/Users/adrianfranciscoperezgomez/Desktop/Personal Apps/vult-intel/node_modules/redis-parser/lib/parser.js:302:14) {
  command: { name: 'auth', args: [ 'IVB0VPnPl0urvQrpSKkbXLdEZBUfSHaP' ] }
}
ReplyError: WRONGPASS invalid username-password pair or user is disabled.
    at parseError (/Users/adrianfranciscoperezgomez/Desktop/Personal Apps/vult-intel/node_modules/redis-parser/lib/parser.js:179:12)
    at parseType (/Users/adrianfranciscoperezgomez/Desktop/Personal Apps/vult-intel/node_modules/redis-parser/lib/parser.js:302:14) {
  command: { name: 'auth', args: [ 'IVB0VPnPl0urvQrpSKkbXLdEZBUfSHaP' ] }
}
ReplyError: WRONGPASS invalid username-password pair or user is disabled.
    at parseError (/Users/adrianfranciscoperezgomez/Desktop/Personal Apps/vult-intel/node_modules/redis-parser/lib/parser.js:179:12)
    at parseType (/Users/adrianfranciscoperezgomez/Desktop/Personal Apps/vult-intel/node_modules/redis-parser/lib/parser.js:302:14) {
  command: { name: 'auth', args: [ 'IVB0VPnPl0urvQrpSKkbXLdEZBUfSHaP' ] }
}
ReplyError: WRONGPASS invalid username-password pair or user is disabled.
    at parseError (/Users/adrianfranciscoperezgomez/Desktop/Personal Apps/vult-intel/node_modules/redis-parser/lib/parser.js:179:12)
    at parseType (/Users/adrianfranciscoperezgomez/Desktop/Personal Apps/vult-intel/node_modules/redis-parser/lib/parser.js:302:14) {
  command: { name: 'auth', args: [ 'IVB0VPnPl0urvQrpSKkbXLdEZBUfSHaP' ] }
}
Connected to Redis for persistence
Redis connection error: ReplyError: WRONGPASS invalid username-password pair or user is disabled.
    at parseError (/Users/adrianfranciscoperezgomez/Desktop/Personal Apps/vult-intel/node_modules/redis-parser/lib/parser.js:179:12)
    at parseType (/Users/adrianfranciscoperezgomez/Desktop/Personal Apps/vult-intel/node_modules/redis-parser/lib/parser.js:302:14) {
  command: { name: 'auth', args: [ 'IVB0VPnPl0urvQrpSKkbXLdEZBUfSHaP' ] }
}
ReplyError: WRONGPASS invalid username-password pair or user is disabled.
    at parseError (/Users/adrianfranciscoperezgomez/Desktop/Personal Apps/vult-intel/node_modules/redis-parser/lib/parser.js:179:12)
    at parseType (/Users/adrianfranciscoperezgomez/Desktop/Personal Apps/vult-intel/node_modules/redis-parser/lib/parser.js:302:14) {
  command: { name: 'auth', args: [ 'IVB0VPnPl0urvQrpSKkbXLdEZBUfSHaP' ] }
}
ReplyError: WRONGPASS invalid username-password pair or user is disabled.
    at parseError (/Users/adrianfranciscoperezgomez/Desktop/Personal Apps/vult-intel/node_modules/redis-parser/lib/parser.js:179:12)
    at parseType (/Users/adrianfranciscoperezgomez/Desktop/Personal Apps/vult-intel/node_modules/redis-parser/lib/parser.js:302:14) {
  command: { name: 'auth', args: [ 'IVB0VPnPl0urvQrpSKkbXLdEZBUfSHaP' ] }
}
ReplyError: WRONGPASS invalid username-password pair or user is disabled.
    at parseError (/Users/adrianfranciscoperezgomez/Desktop/Personal Apps/vult-intel/node_modules/redis-parser/lib/parser.js:179:12)
    at parseType (/Users/adrianfranciscoperezgomez/Desktop/Personal Apps/vult-intel/node_modules/redis-parser/lib/parser.js:302:14) {
  command: { name: 'auth', args: [ 'IVB0VPnPl0urvQrpSKkbXLdEZBUfSHaP' ] }
}
ReplyError: WRONGPASS invalid username-password pair or user is disabled.
    at parseError (/Users/adrianfranciscoperezgomez/Desktop/Personal Apps/vult-intel/node_modules/redis-parser/lib/parser.js:179:12)
    at parseType (/Users/adrianfranciscoperezgomez/Desktop/Personal Apps/vult-intel/node_modules/redis-parser/lib/parser.js:302:14) {
  command: { name: 'auth', args: [ 'IVB0VPnPl0urvQrpSKkbXLdEZBUfSHaP' ] }
}
ReplyError: WRONGPASS invalid username-password pair or user is disabled.
    at parseError (/Users/adrianfranciscoperezgomez/Desktop/Personal Apps/vult-intel/node_modules/redis-parser/lib/parser.js:179:12)
    at parseType (/Users/adrianfranciscoperezgomez/Desktop/Personal Apps/vult-intel/node_modules/redis-parser/lib/parser.js:302:14) {
  command: { name: 'auth', args: [ 'IVB0VPnPl0urvQrpSKkbXLdEZBUfSHaP' ] }
}
Connected to Redis for persistence
ReplyError: WRONGPASS invalid username-password pair or user is disabled.
    at parseError (/Users/adrianfranciscoperezgomez/Desktop/Personal Apps/vult-intel/node_modules/redis-parser/lib/parser.js:179:12)
    at parseType (/Users/adrianfranciscoperezgomez/Desktop/Personal Apps/vult-intel/node_modules/redis-parser/lib/parser.js:302:14) {
  command: { name: 'auth', args: [ 'IVB0VPnPl0urvQrpSKkbXLdEZBUfSHaP' ] }
}
Redis connection error: ReplyError: WRONGPASS invalid username-password pair or user is disabled.
    at parseError (/Users/adrianfranciscoperezgomez/Desktop/Personal Apps/vult-intel/node_modules/redis-parser/lib/parser.js:179:12)
    at parseType (/Users/adrianfranciscoperezgomez/Desktop/Personal Apps/vult-intel/node_modules/redis-parser/lib/parser.js:302:14) {
  command: { name: 'auth', args: [ 'IVB0VPnPl0urvQrpSKkbXLdEZBUfSHaP' ] }
}
ReplyError: WRONGPASS invalid username-password pair or user is disabled.
    at parseError (/Users/adrianfranciscoperezgomez/Desktop/Personal Apps/vult-intel/node_modules/redis-parser/lib/parser.js:179:12)
    at parseType (/Users/adrianfranciscoperezgomez/Desktop/Personal Apps/vult-intel/node_modules/redis-parser/lib/parser.js:302:14) {
  command: { name: 'auth', args: [ 'IVB0VPnPl0urvQrpSKkbXLdEZBUfSHaP' ] }
}
ReplyError: WRONGPASS invalid username-password pair or user is disabled.
    at parseError (/Users/adrianfranciscoperezgomez/Desktop/Personal Apps/vult-intel/node_modules/redis-parser/lib/parser.js:179:12)
    at parseType (/Users/adrianfranciscoperezgomez/Desktop/Personal Apps/vult-intel/node_modules/redis-parser/lib/parser.js:302:14) {
  command: { name: 'auth', args: [ 'IVB0VPnPl0urvQrpSKkbXLdEZBUfSHaP' ] }
}
ReplyError: WRONGPASS invalid username-password pair or user is disabled.
    at parseError (/Users/adrianfranciscoperezgomez/Desktop/Personal Apps/vult-intel/node_modules/redis-parser/lib/parser.js:179:12)
    at parseType (/Users/adrianfranciscoperezgomez/Desktop/Personal Apps/vult-intel/node_modules/redis-parser/lib/parser.js:302:14) {
  command: { name: 'auth', args: [ 'IVB0VPnPl0urvQrpSKkbXLdEZBUfSHaP' ] }
}
ReplyError: WRONGPASS invalid username-password pair or user is disabled.
    at parseError (/Users/adrianfranciscoperezgomez/Desktop/Personal Apps/vult-intel/node_modules/redis-parser/lib/parser.js:179:12)
    at parseType (/Users/adrianfranciscoperezgomez/Desktop/Personal Apps/vult-intel/node_modules/redis-parser/lib/parser.js:302:14) {
  command: { name: 'auth', args: [ 'IVB0VPnPl0urvQrpSKkbXLdEZBUfSHaP' ] }
}
ReplyError: WRONGPASS invalid username-password pair or user is disabled.
    at parseError (/Users/adrianfranciscoperezgomez/Desktop/Personal Apps/vult-intel/node_modules/redis-parser/lib/parser.js:179:12)
    at parseType (/Users/adrianfranciscoperezgomez/Desktop/Personal Apps/vult-intel/node_modules/redis-parser/lib/parser.js:302:14) {
  command: { name: 'auth', args: [ 'IVB0VPnPl0urvQrpSKkbXLdEZBUfSHaP' ] }
}
ReplyError: WRONGPASS invalid username-password pair or user is disabled.
    at parseError (/Users/adrianfranciscoperezgomez/Desktop/Personal Apps/vult-intel/node_modules/redis-parser/lib/parser.js:179:12)
    at parseType (/Users/adrianfranciscoperezgomez/Desktop/Personal Apps/vult-intel/node_modules/redis-parser/lib/parser.js:302:14) {
  command: { name: 'auth', args: [ 'IVB0VPnPl0urvQrpSKkbXLdEZBUfSHaP' ] }
}
Connected to Redis for persistence
Redis connection error: ReplyError: WRONGPASS invalid username-password pair or user is disabled.
    at parseError (/Users/adrianfranciscoperezgomez/Desktop/Personal Apps/vult-intel/node_modules/redis-parser/lib/parser.js:179:12)
    at parseType (/Users/adrianfranciscoperezgomez/Desktop/Personal Apps/vult-intel/node_modules/redis-parser/lib/parser.js:302:14) {
  command: { name: 'auth', args: [ 'IVB0VPnPl0urvQrpSKkbXLdEZBUfSHaP' ] }
}
ReplyError: WRONGPASS invalid username-password pair or user is disabled.
    at parseError (/Users/adrianfranciscoperezgomez/Desktop/Personal Apps/vult-intel/node_modules/redis-parser/lib/parser.js:179:12)
    at parseType (/Users/adrianfranciscoperezgomez/Desktop/Personal Apps/vult-intel/node_modules/redis-parser/lib/parser.js:302:14) {
  command: { name: 'auth', args: [ 'IVB0VPnPl0urvQrpSKkbXLdEZBUfSHaP' ] }
}
ReplyError: WRONGPASS invalid username-password pair or user is disabled.
    at parseError (/Users/adrianfranciscoperezgomez/Desktop/Personal Apps/vult-intel/node_modules/redis-parser/lib/parser.js:179:12)
    at parseType (/Users/adrianfranciscoperezgomez/Desktop/Personal Apps/vult-intel/node_modules/redis-parser/lib/parser.js:302:14) {
  command: { name: 'auth', args: [ 'IVB0VPnPl0urvQrpSKkbXLdEZBUfSHaP' ] }
}
ReplyError: WRONGPASS invalid username-password pair or user is disabled.
    at parseError (/Users/adrianfranciscoperezgomez/Desktop/Personal Apps/vult-intel/node_modules/redis-parser/lib/parser.js:179:12)
    at parseType (/Users/adrianfranciscoperezgomez/Desktop/Personal Apps/vult-intel/node_modules/redis-parser/lib/parser.js:302:14) {
  command: { name: 'auth', args: [ 'IVB0VPnPl0urvQrpSKkbXLdEZBUfSHaP' ] }
}
ReplyError: WRONGPASS invalid username-password pair or user is disabled.
    at parseError (/Users/adrianfranciscoperezgomez/Desktop/Personal Apps/vult-intel/node_modules/redis-parser/lib/parser.js:179:12)
    at parseType (/Users/adrianfranciscoperezgomez/Desktop/Personal Apps/vult-intel/node_modules/redis-parser/lib/parser.js:302:14) {
  command: { name: 'auth', args: [ 'IVB0VPnPl0urvQrpSKkbXLdEZBUfSHaP' ] }
}
ReplyError: WRONGPASS invalid username-password pair or user is disabled.
    at parseError (/Users/adrianfranciscoperezgomez/Desktop/Personal Apps/vult-intel/node_modules/redis-parser/lib/parser.js:179:12)
    at parseType (/Users/adrianfranciscoperezgomez/Desktop/Personal Apps/vult-intel/node_modules/redis-parser/lib/parser.js:302:14) {
  command: { name: 'auth', args: [ 'IVB0VPnPl0urvQrpSKkbXLdEZBUfSHaP' ] }
}
ReplyError: WRONGPASS invalid username-password pair or user is disabled.
    at parseError (/Users/adrianfranciscoperezgomez/Desktop/Personal Apps/vult-intel/node_modules/redis-parser/lib/parser.js:179:12)
    at parseType (/Users/adrianfranciscoperezgomez/Desktop/Personal Apps/vult-intel/node_modules/redis-parser/lib/parser.js:302:14) {
  command: { name: 'auth', args: [ 'IVB0VPnPl0urvQrpSKkbXLdEZBUfSHaP' ] }
}
Connected to Redis for persistence
Redis connection error: ReplyError: WRONGPASS invalid username-password pair or user is disabled.
    at parseError (/Users/adrianfranciscoperezgomez/Desktop/Personal Apps/vult-intel/node_modules/redis-parser/lib/parser.js:179:12)
    at parseType (/Users/adrianfranciscoperezgomez/Desktop/Personal Apps/vult-intel/node_modules/redis-parser/lib/parser.js:302:14) {
  command: { name: 'auth', args: [ 'IVB0VPnPl0urvQrpSKkbXLdEZBUfSHaP' ] }
}
ReplyError: WRONGPASS invalid username-password pair or user is disabled.
    at parseError (/Users/adrianfranciscoperezgomez/Desktop/Personal Apps/vult-intel/node_modules/redis-parser/lib/parser.js:179:12)
    at parseType (/Users/adrianfranciscoperezgomez/Desktop/Personal Apps/vult-intel/node_modules/redis-parser/lib/parser.js:302:14) {
  command: { name: 'auth', args: [ 'IVB0VPnPl0urvQrpSKkbXLdEZBUfSHaP' ] }
}
ReplyError: WRONGPASS invalid username-password pair or user is disabled.
    at parseError (/Users/adrianfranciscoperezgomez/Desktop/Personal Apps/vult-intel/node_modules/redis-parser/lib/parser.js:179:12)
    at parseType (/Users/adrianfranciscoperezgomez/Desktop/Personal Apps/vult-intel/node_modules/redis-parser/lib/parser.js:302:14) {
  command: { name: 'auth', args: [ 'IVB0VPnPl0urvQrpSKkbXLdEZBUfSHaP' ] }
}
ReplyError: WRONGPASS invalid username-password pair or user is disabled.
    at parseError (/Users/adrianfranciscoperezgomez/Desktop/Personal Apps/vult-intel/node_modules/redis-parser/lib/parser.js:179:12)
    at parseType (/Users/adrianfranciscoperezgomez/Desktop/Personal Apps/vult-intel/node_modules/redis-parser/lib/parser.js:302:14) {
  command: { name: 'auth', args: [ 'IVB0VPnPl0urvQrpSKkbXLdEZBUfSHaP' ] }
}
ReplyError: WRONGPASS invalid username-password pair or user is disabled.
    at parseError (/Users/adrianfranciscoperezgomez/Desktop/Personal Apps/vult-intel/node_modules/redis-parser/lib/parser.js:179:12)
    at parseType (/Users/adrianfranciscoperezgomez/Desktop/Personal Apps/vult-intel/node_modules/redis-parser/lib/parser.js:302:14) {
  command: { name: 'auth', args: [ 'IVB0VPnPl0urvQrpSKkbXLdEZBUfSHaP' ] }
}
ReplyError: WRONGPASS invalid username-password pair or user is disabled.
    at parseError (/Users/adrianfranciscoperezgomez/Desktop/Personal Apps/vult-intel/node_modules/redis-parser/lib/parser.js:179:12)
    at parseType (/Users/adrianfranciscoperezgomez/Desktop/Personal Apps/vult-intel/node_modules/redis-parser/lib/parser.js:302:14) {
  command: { name: 'auth', args: [ 'IVB0VPnPl0urvQrpSKkbXLdEZBUfSHaP' ] }
}
ReplyError: WRONGPASS invalid username-password pair or user is disabled.
    at parseError (/Users/adrianfranciscoperezgomez/Desktop/Personal Apps/vult-intel/node_modules/redis-parser/lib/parser.js:179:12)
    at parseType (/Users/adrianfranciscoperezgomez/Desktop/Personal Apps/vult-intel/node_modules/redis-parser/lib/parser.js:302:14) {
  command: { name: 'auth', args: [ 'IVB0VPnPl0urvQrpSKkbXLdEZBUfSHaP' ] }
}
Connected to Redis for persistence
Redis connection error: ReplyError: WRONGPASS invalid username-password pair or user is disabled.
    at parseError (/Users/adrianfranciscoperezgomez/Desktop/Personal Apps/vult-intel/node_modules/redis-parser/lib/parser.js:179:12)
    at parseType (/Users/adrianfranciscoperezgomez/Desktop/Personal Apps/vult-intel/node_modules/redis-parser/lib/parser.js:302:14) {
  command: { name: 'auth', args: [ 'IVB0VPnPl0urvQrpSKkbXLdEZBUfSHaP' ] }
}
ReplyError: WRONGPASS invalid username-password pair or user is disabled.
    at parseError (/Users/adrianfranciscoperezgomez/Desktop/Personal Apps/vult-intel/node_modules/redis-parser/lib/parser.js:179:12)
    at parseType (/Users/adrianfranciscoperezgomez/Desktop/Personal Apps/vult-intel/node_modules/redis-parser/lib/parser.js:302:14) {
  command: { name: 'auth', args: [ 'IVB0VPnPl0urvQrpSKkbXLdEZBUfSHaP' ] }
}
ReplyError: WRONGPASS invalid username-password pair or user is disabled.
    at parseError (/Users/adrianfranciscoperezgomez/Desktop/Personal Apps/vult-intel/node_modules/redis-parser/lib/parser.js:179:12)
    at parseType (/Users/adrianfranciscoperezgomez/Desktop/Personal Apps/vult-intel/node_modules/redis-parser/lib/parser.js:302:14) {
  command: { name: 'auth', args: [ 'IVB0VPnPl0urvQrpSKkbXLdEZBUfSHaP' ] }
}
ReplyError: WRONGPASS invalid username-password pair or user is disabled.
    at parseError (/Users/adrianfranciscoperezgomez/Desktop/Personal Apps/vult-intel/node_modules/redis-parser/lib/parser.js:179:12)
    at parseType (/Users/adrianfranciscoperezgomez/Desktop/Personal Apps/vult-intel/node_modules/redis-parser/lib/parser.js:302:14) {
  command: { name: 'auth', args: [ 'IVB0VPnPl0urvQrpSKkbXLdEZBUfSHaP' ] }
}
ReplyError: WRONGPASS invalid username-password pair or user is disabled.
    at parseError (/Users/adrianfranciscoperezgomez/Desktop/Personal Apps/vult-intel/node_modules/redis-parser/lib/parser.js:179:12)
    at parseType (/Users/adrianfranciscoperezgomez/Desktop/Personal Apps/vult-intel/node_modules/redis-parser/lib/parser.js:302:14) {
  command: { name: 'auth', args: [ 'IVB0VPnPl0urvQrpSKkbXLdEZBUfSHaP' ] }
}
ReplyError: WRONGPASS invalid username-password pair or user is disabled.
    at parseError (/Users/adrianfranciscoperezgomez/Desktop/Personal Apps/vult-intel/node_modules/redis-parser/lib/parser.js:179:12)
    at parseType (/Users/adrianfranciscoperezgomez/Desktop/Personal Apps/vult-intel/node_modules/redis-parser/lib/parser.js:302:14) {
  command: { name: 'auth', args: [ 'IVB0VPnPl0urvQrpSKkbXLdEZBUfSHaP' ] }
}
ReplyError: WRONGPASS invalid username-password pair or user is disabled.
    at parseError (/Users/adrianfranciscoperezgomez/Desktop/Personal Apps/vult-intel/node_modules/redis-parser/lib/parser.js:179:12)
    at parseType (/Users/adrianfranciscoperezgomez/Desktop/Personal Apps/vult-intel/node_modules/redis-parser/lib/parser.js:302:14) {
  command: { name: 'auth', args: [ 'IVB0VPnPl0urvQrpSKkbXLdEZBUfSHaP' ] }
}
Connected to Redis for persistence
Redis connection error: ReplyError: WRONGPASS invalid username-password pair or user is disabled.
    at parseError (/Users/adrianfranciscoperezgomez/Desktop/Personal Apps/vult-intel/node_modules/redis-parser/lib/parser.js:179:12)
    at parseType (/Users/adrianfranciscoperezgomez/Desktop/Personal Apps/vult-intel/node_modules/redis-parser/lib/parser.js:302:14) {
  command: { name: 'auth', args: [ 'IVB0VPnPl0urvQrpSKkbXLdEZBUfSHaP' ] }
}
ReplyError: WRONGPASS invalid username-password pair or user is disabled.
    at parseError (/Users/adrianfranciscoperezgomez/Desktop/Personal Apps/vult-intel/node_modules/redis-parser/lib/parser.js:179:12)
    at parseType (/Users/adrianfranciscoperezgomez/Desktop/Personal Apps/vult-intel/node_modules/redis-parser/lib/parser.js:302:14) {
  command: { name: 'auth', args: [ 'IVB0VPnPl0urvQrpSKkbXLdEZBUfSHaP' ] }
}
ReplyError: WRONGPASS invalid username-password pair or user is disabled.
    at parseError (/Users/adrianfranciscoperezgomez/Desktop/Personal Apps/vult-intel/node_modules/redis-parser/lib/parser.js:179:12)
    at parseType (/Users/adrianfranciscoperezgomez/Desktop/Personal Apps/vult-intel/node_modules/redis-parser/lib/parser.js:302:14) {
  command: { name: 'auth', args: [ 'IVB0VPnPl0urvQrpSKkbXLdEZBUfSHaP' ] }
}
ReplyError: WRONGPASS invalid username-password pair or user is disabled.
    at parseError (/Users/adrianfranciscoperezgomez/Desktop/Personal Apps/vult-intel/node_modules/redis-parser/lib/parser.js:179:12)
    at parseType (/Users/adrianfranciscoperezgomez/Desktop/Personal Apps/vult-intel/node_modules/redis-parser/lib/parser.js:302:14) {
  command: { name: 'auth', args: [ 'IVB0VPnPl0urvQrpSKkbXLdEZBUfSHaP' ] }
}
ReplyError: WRONGPASS invalid username-password pair or user is disabled.
    at parseError (/Users/adrianfranciscoperezgomez/Desktop/Personal Apps/vult-intel/node_modules/redis-parser/lib/parser.js:179:12)
    at parseType (/Users/adrianfranciscoperezgomez/Desktop/Personal Apps/vult-intel/node_modules/redis-parser/lib/parser.js:302:14) {
  command: { name: 'auth', args: [ 'IVB0VPnPl0urvQrpSKkbXLdEZBUfSHaP' ] }
}
ReplyError: WRONGPASS invalid username-password pair or user is disabled.
    at parseError (/Users/adrianfranciscoperezgomez/Desktop/Personal Apps/vult-intel/node_modules/redis-parser/lib/parser.js:179:12)
    at parseType (/Users/adrianfranciscoperezgomez/Desktop/Personal Apps/vult-intel/node_modules/redis-parser/lib/parser.js:302:14) {
  command: { name: 'auth', args: [ 'IVB0VPnPl0urvQrpSKkbXLdEZBUfSHaP' ] }
}
ReplyError: WRONGPASS invalid username-password pair or user is disabled.
    at parseError (/Users/adrianfranciscoperezgomez/Desktop/Personal Apps/vult-intel/node_modules/redis-parser/lib/parser.js:179:12)
    at parseType (/Users/adrianfranciscoperezgomez/Desktop/Personal Apps/vult-intel/node_modules/redis-parser/lib/parser.js:302:14) {
  command: { name: 'auth', args: [ 'IVB0VPnPl0urvQrpSKkbXLdEZBUfSHaP' ] }
}
Connected to Redis for persistence
Redis connection error: ReplyError: WRONGPASS invalid username-password pair or user is disabled.
    at parseError (/Users/adrianfranciscoperezgomez/Desktop/Personal Apps/vult-intel/node_modules/redis-parser/lib/parser.js:179:12)
    at parseType (/Users/adrianfranciscoperezgomez/Desktop/Personal Apps/vult-intel/node_modules/redis-parser/lib/parser.js:302:14) {
  command: { name: 'auth', args: [ 'IVB0VPnPl0urvQrpSKkbXLdEZBUfSHaP' ] }
}
ReplyError: WRONGPASS invalid username-password pair or user is disabled.
    at parseError (/Users/adrianfranciscoperezgomez/Desktop/Personal Apps/vult-intel/node_modules/redis-parser/lib/parser.js:179:12)
    at parseType (/Users/adrianfranciscoperezgomez/Desktop/Personal Apps/vult-intel/node_modules/redis-parser/lib/parser.js:302:14) {
  command: { name: 'auth', args: [ 'IVB0VPnPl0urvQrpSKkbXLdEZBUfSHaP' ] }
}
ReplyError: WRONGPASS invalid username-password pair or user is disabled.
    at parseError (/Users/adrianfranciscoperezgomez/Desktop/Personal Apps/vult-intel/node_modules/redis-parser/lib/parser.js:179:12)
    at parseType (/Users/adrianfranciscoperezgomez/Desktop/Personal Apps/vult-intel/node_modules/redis-parser/lib/parser.js:302:14) {
  command: { name: 'auth', args: [ 'IVB0VPnPl0urvQrpSKkbXLdEZBUfSHaP' ] }
}
ReplyError: WRONGPASS invalid username-password pair or user is disabled.
    at parseError (/Users/adrianfranciscoperezgomez/Desktop/Personal Apps/vult-intel/node_modules/redis-parser/lib/parser.js:179:12)
    at parseType (/Users/adrianfranciscoperezgomez/Desktop/Personal Apps/vult-intel/node_modules/redis-parser/lib/parser.js:302:14) {
  command: { name: 'auth', args: [ 'IVB0VPnPl0urvQrpSKkbXLdEZBUfSHaP' ] }
}
ReplyError: WRONGPASS invalid username-password pair or user is disabled.
    at parseError (/Users/adrianfranciscoperezgomez/Desktop/Personal Apps/vult-intel/node_modules/redis-parser/lib/parser.js:179:12)
    at parseType (/Users/adrianfranciscoperezgomez/Desktop/Personal Apps/vult-intel/node_modules/redis-parser/lib/parser.js:302:14) {
  command: { name: 'auth', args: [ 'IVB0VPnPl0urvQrpSKkbXLdEZBUfSHaP' ] }
}
ReplyError: WRONGPASS invalid username-password pair or user is disabled.
    at parseError (/Users/adrianfranciscoperezgomez/Desktop/Personal Apps/vult-intel/node_modules/redis-parser/lib/parser.js:179:12)
    at parseType (/Users/adrianfranciscoperezgomez/Desktop/Personal Apps/vult-intel/node_modules/redis-parser/lib/parser.js:302:14) {
  command: { name: 'auth', args: [ 'IVB0VPnPl0urvQrpSKkbXLdEZBUfSHaP' ] }
}
ReplyError: WRONGPASS invalid username-password pair or user is disabled.
    at parseError (/Users/adrianfranciscoperezgomez/Desktop/Personal Apps/vult-intel/node_modules/redis-parser/lib/parser.js:179:12)
    at parseType (/Users/adrianfranciscoperezgomez/Desktop/Personal Apps/vult-intel/node_modules/redis-parser/lib/parser.js:302:14) {
  command: { name: 'auth', args: [ 'IVB0VPnPl0urvQrpSKkbXLdEZBUfSHaP' ] }
}
Connected to Redis for persistence
Redis connection error: ReplyError: WRONGPASS invalid username-password pair or user is disabled.
    at parseError (/Users/adrianfranciscoperezgomez/Desktop/Personal Apps/vult-intel/node_modules/redis-parser/lib/parser.js:179:12)
    at parseType (/Users/adrianfranciscoperezgomez/Desktop/Personal Apps/vult-intel/node_modules/redis-parser/lib/parser.js:302:14) {
  command: { name: 'auth', args: [ 'IVB0VPnPl0urvQrpSKkbXLdEZBUfSHaP' ] }
}
ReplyError: WRONGPASS invalid username-password pair or user is disabled.
    at parseError (/Users/adrianfranciscoperezgomez/Desktop/Personal Apps/vult-intel/node_modules/redis-parser/lib/parser.js:179:12)
    at parseType (/Users/adrianfranciscoperezgomez/Desktop/Personal Apps/vult-intel/node_modules/redis-parser/lib/parser.js:302:14) {
  command: { name: 'auth', args: [ 'IVB0VPnPl0urvQrpSKkbXLdEZBUfSHaP' ] }
}
ReplyError: WRONGPASS invalid username-password pair or user is disabled.
    at parseError (/Users/adrianfranciscoperezgomez/Desktop/Personal Apps/vult-intel/node_modules/redis-parser/lib/parser.js:179:12)
    at parseType (/Users/adrianfranciscoperezgomez/Desktop/Personal Apps/vult-intel/node_modules/redis-parser/lib/parser.js:302:14) {
  command: { name: 'auth', args: [ 'IVB0VPnPl0urvQrpSKkbXLdEZBUfSHaP' ] }
}
ReplyError: WRONGPASS invalid username-password pair or user is disabled.
    at parseError (/Users/adrianfranciscoperezgomez/Desktop/Personal Apps/vult-intel/node_modules/redis-parser/lib/parser.js:179:12)
    at parseType (/Users/adrianfranciscoperezgomez/Desktop/Personal Apps/vult-intel/node_modules/redis-parser/lib/parser.js:302:14) {
  command: { name: 'auth', args: [ 'IVB0VPnPl0urvQrpSKkbXLdEZBUfSHaP' ] }
}
ReplyError: WRONGPASS invalid username-password pair or user is disabled.
    at parseError (/Users/adrianfranciscoperezgomez/Desktop/Personal Apps/vult-intel/node_modules/redis-parser/lib/parser.js:179:12)
    at parseType (/Users/adrianfranciscoperezgomez/Desktop/Personal Apps/vult-intel/node_modules/redis-parser/lib/parser.js:302:14) {
  command: { name: 'auth', args: [ 'IVB0VPnPl0urvQrpSKkbXLdEZBUfSHaP' ] }
}
ReplyError: WRONGPASS invalid username-password pair or user is disabled.
    at parseError (/Users/adrianfranciscoperezgomez/Desktop/Personal Apps/vult-intel/node_modules/redis-parser/lib/parser.js:179:12)
    at parseType (/Users/adrianfranciscoperezgomez/Desktop/Personal Apps/vult-intel/node_modules/redis-parser/lib/parser.js:302:14) {
  command: { name: 'auth', args: [ 'IVB0VPnPl0urvQrpSKkbXLdEZBUfSHaP' ] }
}
ReplyError: WRONGPASS invalid username-password pair or user is disabled.
    at parseError (/Users/adrianfranciscoperezgomez/Desktop/Personal Apps/vult-intel/node_modules/redis-parser/lib/parser.js:179:12)
    at parseType (/Users/adrianfranciscoperezgomez/Desktop/Personal Apps/vult-intel/node_modules/redis-parser/lib/parser.js:302:14) {
  command: { name: 'auth', args: [ 'IVB0VPnPl0urvQrpSKkbXLdEZBUfSHaP' ] }
}
Connected to Redis for persistence
Redis connection error: ReplyError: WRONGPASS invalid username-password pair or user is disabled.
    at parseError (/Users/adrianfranciscoperezgomez/Desktop/Personal Apps/vult-intel/node_modules/redis-parser/lib/parser.js:179:12)
    at parseType (/Users/adrianfranciscoperezgomez/Desktop/Personal Apps/vult-intel/node_modules/redis-parser/lib/parser.js:302:14) {
  command: { name: 'auth', args: [ 'IVB0VPnPl0urvQrpSKkbXLdEZBUfSHaP' ] }
}
ReplyError: WRONGPASS invalid username-password pair or user is disabled.
    at parseError (/Users/adrianfranciscoperezgomez/Desktop/Personal Apps/vult-intel/node_modules/redis-parser/lib/parser.js:179:12)
    at parseType (/Users/adrianfranciscoperezgomez/Desktop/Personal Apps/vult-intel/node_modules/redis-parser/lib/parser.js:302:14) {
  command: { name: 'auth', args: [ 'IVB0VPnPl0urvQrpSKkbXLdEZBUfSHaP' ] }
}
ReplyError: WRONGPASS invalid username-password pair or user is disabled.
    at parseError (/Users/adrianfranciscoperezgomez/Desktop/Personal Apps/vult-intel/node_modules/redis-parser/lib/parser.js:179:12)
    at parseType (/Users/adrianfranciscoperezgomez/Desktop/Personal Apps/vult-intel/node_modules/redis-parser/lib/parser.js:302:14) {
  command: { name: 'auth', args: [ 'IVB0VPnPl0urvQrpSKkbXLdEZBUfSHaP' ] }
}
ReplyError: WRONGPASS invalid username-password pair or user is disabled.
    at parseError (/Users/adrianfranciscoperezgomez/Desktop/Personal Apps/vult-intel/node_modules/redis-parser/lib/parser.js:179:12)
    at parseType (/Users/adrianfranciscoperezgomez/Desktop/Personal Apps/vult-intel/node_modules/redis-parser/lib/parser.js:302:14) {
  command: { name: 'auth', args: [ 'IVB0VPnPl0urvQrpSKkbXLdEZBUfSHaP' ] }
}
ReplyError: WRONGPASS invalid username-password pair or user is disabled.
    at parseError (/Users/adrianfranciscoperezgomez/Desktop/Personal Apps/vult-intel/node_modules/redis-parser/lib/parser.js:179:12)
    at parseType (/Users/adrianfranciscoperezgomez/Desktop/Personal Apps/vult-intel/node_modules/redis-parser/lib/parser.js:302:14) {
  command: { name: 'auth', args: [ 'IVB0VPnPl0urvQrpSKkbXLdEZBUfSHaP' ] }
}
ReplyError: WRONGPASS invalid username-password pair or user is disabled.
    at parseError (/Users/adrianfranciscoperezgomez/Desktop/Personal Apps/vult-intel/node_modules/redis-parser/lib/parser.js:179:12)
    at parseType (/Users/adrianfranciscoperezgomez/Desktop/Personal Apps/vult-intel/node_modules/redis-parser/lib/parser.js:302:14) {
  command: { name: 'auth', args: [ 'IVB0VPnPl0urvQrpSKkbXLdEZBUfSHaP' ] }
}
ReplyError: WRONGPASS invalid username-password pair or user is disabled.
    at parseError (/Users/adrianfranciscoperezgomez/Desktop/Personal Apps/vult-intel/node_modules/redis-parser/lib/parser.js:179:12)
    at parseType (/Users/adrianfranciscoperezgomez/Desktop/Personal Apps/vult-intel/node_modules/redis-parser/lib/parser.js:302:14) {
  command: { name: 'auth', args: [ 'IVB0VPnPl0urvQrpSKkbXLdEZBUfSHaP' ] }
}
Connected to Redis for persistence
Redis connection error: ReplyError: WRONGPASS invalid username-password pair or user is disabled.
    at parseError (/Users/adrianfranciscoperezgomez/Desktop/Personal Apps/vult-intel/node_modules/redis-parser/lib/parser.js:179:12)
    at parseType (/Users/adrianfranciscoperezgomez/Desktop/Personal Apps/vult-intel/node_modules/redis-parser/lib/parser.js:302:14) {
  command: { name: 'auth', args: [ 'IVB0VPnPl0urvQrpSKkbXLdEZBUfSHaP' ] }
}
ReplyError: WRONGPASS invalid username-password pair or user is disabled.
    at parseError (/Users/adrianfranciscoperezgomez/Desktop/Personal Apps/vult-intel/node_modules/redis-parser/lib/parser.js:179:12)
    at parseType (/Users/adrianfranciscoperezgomez/Desktop/Personal Apps/vult-intel/node_modules/redis-parser/lib/parser.js:302:14) {
  command: { name: 'auth', args: [ 'IVB0VPnPl0urvQrpSKkbXLdEZBUfSHaP' ] }
}
ReplyError: WRONGPASS invalid username-password pair or user is disabled.
    at parseError (/Users/adrianfranciscoperezgomez/Desktop/Personal Apps/vult-intel/node_modules/redis-parser/lib/parser.js:179:12)
    at parseType (/Users/adrianfranciscoperezgomez/Desktop/Personal Apps/vult-intel/node_modules/redis-parser/lib/parser.js:302:14) {
  command: { name: 'auth', args: [ 'IVB0VPnPl0urvQrpSKkbXLdEZBUfSHaP' ] }
}
ReplyError: WRONGPASS invalid username-password pair or user is disabled.
    at parseError (/Users/adrianfranciscoperezgomez/Desktop/Personal Apps/vult-intel/node_modules/redis-parser/lib/parser.js:179:12)
    at parseType (/Users/adrianfranciscoperezgomez/Desktop/Personal Apps/vult-intel/node_modules/redis-parser/lib/parser.js:302:14) {
  command: { name: 'auth', args: [ 'IVB0VPnPl0urvQrpSKkbXLdEZBUfSHaP' ] }
}
ReplyError: WRONGPASS invalid username-password pair or user is disabled.
    at parseError (/Users/adrianfranciscoperezgomez/Desktop/Personal Apps/vult-intel/node_modules/redis-parser/lib/parser.js:179:12)
    at parseType (/Users/adrianfranciscoperezgomez/Desktop/Personal Apps/vult-intel/node_modules/redis-parser/lib/parser.js:302:14) {
  command: { name: 'auth', args: [ 'IVB0VPnPl0urvQrpSKkbXLdEZBUfSHaP' ] }
}
ReplyError: WRONGPASS invalid username-password pair or user is disabled.
    at parseError (/Users/adrianfranciscoperezgomez/Desktop/Personal Apps/vult-intel/node_modules/redis-parser/lib/parser.js:179:12)
    at parseType (/Users/adrianfranciscoperezgomez/Desktop/Personal Apps/vult-intel/node_modules/redis-parser/lib/parser.js:302:14) {
  command: { name: 'auth', args: [ 'IVB0VPnPl0urvQrpSKkbXLdEZBUfSHaP' ] }
}
ReplyError: WRONGPASS invalid username-password pair or user is disabled.
    at parseError (/Users/adrianfranciscoperezgomez/Desktop/Personal Apps/vult-intel/node_modules/redis-parser/lib/parser.js:179:12)
    at parseType (/Users/adrianfranciscoperezgomez/Desktop/Personal Apps/vult-intel/node_modules/redis-parser/lib/parser.js:302:14) {
  command: { name: 'auth', args: [ 'IVB0VPnPl0urvQrpSKkbXLdEZBUfSHaP' ] }
}
Connected to Redis for persistence
Redis connection error: ReplyError: WRONGPASS invalid username-password pair or user is disabled.
    at parseError (/Users/adrianfranciscoperezgomez/Desktop/Personal Apps/vult-intel/node_modules/redis-parser/lib/parser.js:179:12)
    at parseType (/Users/adrianfranciscoperezgomez/Desktop/Personal Apps/vult-intel/node_modules/redis-parser/lib/parser.js:302:14) {
  command: { name: 'auth', args: [ 'IVB0VPnPl0urvQrpSKkbXLdEZBUfSHaP' ] }
}
ReplyError: WRONGPASS invalid username-password pair or user is disabled.
    at parseError (/Users/adrianfranciscoperezgomez/Desktop/Personal Apps/vult-intel/node_modules/redis-parser/lib/parser.js:179:12)
    at parseType (/Users/adrianfranciscoperezgomez/Desktop/Personal Apps/vult-intel/node_modules/redis-parser/lib/parser.js:302:14) {
  command: { name: 'auth', args: [ 'IVB0VPnPl0urvQrpSKkbXLdEZBUfSHaP' ] }
}
ReplyError: WRONGPASS invalid username-password pair or user is disabled.
    at parseError (/Users/adrianfranciscoperezgomez/Desktop/Personal Apps/vult-intel/node_modules/redis-parser/lib/parser.js:179:12)
    at parseType (/Users/adrianfranciscoperezgomez/Desktop/Personal Apps/vult-intel/node_modules/redis-parser/lib/parser.js:302:14) {
  command: { name: 'auth', args: [ 'IVB0VPnPl0urvQrpSKkbXLdEZBUfSHaP' ] }
}
ReplyError: WRONGPASS invalid username-password pair or user is disabled.
    at parseError (/Users/adrianfranciscoperezgomez/Desktop/Personal Apps/vult-intel/node_modules/redis-parser/lib/parser.js:179:12)
    at parseType (/Users/adrianfranciscoperezgomez/Desktop/Personal Apps/vult-intel/node_modules/redis-parser/lib/parser.js:302:14) {
  command: { name: 'auth', args: [ 'IVB0VPnPl0urvQrpSKkbXLdEZBUfSHaP' ] }
}
ReplyError: WRONGPASS invalid username-password pair or user is disabled.
    at parseError (/Users/adrianfranciscoperezgomez/Desktop/Personal Apps/vult-intel/node_modules/redis-parser/lib/parser.js:179:12)
    at parseType (/Users/adrianfranciscoperezgomez/Desktop/Personal Apps/vult-intel/node_modules/redis-parser/lib/parser.js:302:14) {
  command: { name: 'auth', args: [ 'IVB0VPnPl0urvQrpSKkbXLdEZBUfSHaP' ] }
}
ReplyError: WRONGPASS invalid username-password pair or user is disabled.
    at parseError (/Users/adrianfranciscoperezgomez/Desktop/Personal Apps/vult-intel/node_modules/redis-parser/lib/parser.js:179:12)
    at parseType (/Users/adrianfranciscoperezgomez/Desktop/Personal Apps/vult-intel/node_modules/redis-parser/lib/parser.js:302:14) {
  command: { name: 'auth', args: [ 'IVB0VPnPl0urvQrpSKkbXLdEZBUfSHaP' ] }
}
ReplyError: WRONGPASS invalid username-password pair or user is disabled.
    at parseError (/Users/adrianfranciscoperezgomez/Desktop/Personal Apps/vult-intel/node_modules/redis-parser/lib/parser.js:179:12)
    at parseType (/Users/adrianfranciscoperezgomez/Desktop/Personal Apps/vult-intel/node_modules/redis-parser/lib/parser.js:302:14) {
  command: { name: 'auth', args: [ 'IVB0VPnPl0urvQrpSKkbXLdEZBUfSHaP' ] }
}
Connected to Redis for persistence
Redis connection error: ReplyError: WRONGPASS invalid username-password pair or user is disabled.
    at parseError (/Users/adrianfranciscoperezgomez/Desktop/Personal Apps/vult-intel/node_modules/redis-parser/lib/parser.js:179:12)
    at parseType (/Users/adrianfranciscoperezgomez/Desktop/Personal Apps/vult-intel/node_modules/redis-parser/lib/parser.js:302:14) {
  command: { name: 'auth', args: [ 'IVB0VPnPl0urvQrpSKkbXLdEZBUfSHaP' ] }
}
ReplyError: WRONGPASS invalid username-password pair or user is disabled.
    at parseError (/Users/adrianfranciscoperezgomez/Desktop/Personal Apps/vult-intel/node_modules/redis-parser/lib/parser.js:179:12)
    at parseType (/Users/adrianfranciscoperezgomez/Desktop/Personal Apps/vult-intel/node_modules/redis-parser/lib/parser.js:302:14) {
  command: { name: 'auth', args: [ 'IVB0VPnPl0urvQrpSKkbXLdEZBUfSHaP' ] }
}
ReplyError: WRONGPASS invalid username-password pair or user is disabled.
    at parseError (/Users/adrianfranciscoperezgomez/Desktop/Personal Apps/vult-intel/node_modules/redis-parser/lib/parser.js:179:12)
    at parseType (/Users/adrianfranciscoperezgomez/Desktop/Personal Apps/vult-intel/node_modules/redis-parser/lib/parser.js:302:14) {
  command: { name: 'auth', args: [ 'IVB0VPnPl0urvQrpSKkbXLdEZBUfSHaP' ] }
}
ReplyError: WRONGPASS invalid username-password pair or user is disabled.
    at parseError (/Users/adrianfranciscoperezgomez/Desktop/Personal Apps/vult-intel/node_modules/redis-parser/lib/parser.js:179:12)
    at parseType (/Users/adrianfranciscoperezgomez/Desktop/Personal Apps/vult-intel/node_modules/redis-parser/lib/parser.js:302:14) {
  command: { name: 'auth', args: [ 'IVB0VPnPl0urvQrpSKkbXLdEZBUfSHaP' ] }
}
ReplyError: WRONGPASS invalid username-password pair or user is disabled.
    at parseError (/Users/adrianfranciscoperezgomez/Desktop/Personal Apps/vult-intel/node_modules/redis-parser/lib/parser.js:179:12)
    at parseType (/Users/adrianfranciscoperezgomez/Desktop/Personal Apps/vult-intel/node_modules/redis-parser/lib/parser.js:302:14) {
  command: { name: 'auth', args: [ 'IVB0VPnPl0urvQrpSKkbXLdEZBUfSHaP' ] }
}
ReplyError: WRONGPASS invalid username-password pair or user is disabled.
    at parseError (/Users/adrianfranciscoperezgomez/Desktop/Personal Apps/vult-intel/node_modules/redis-parser/lib/parser.js:179:12)
    at parseType (/Users/adrianfranciscoperezgomez/Desktop/Personal Apps/vult-intel/node_modules/redis-parser/lib/parser.js:302:14) {
  command: { name: 'auth', args: [ 'IVB0VPnPl0urvQrpSKkbXLdEZBUfSHaP' ] }
}
ReplyError: WRONGPASS invalid username-password pair or user is disabled.
    at parseError (/Users/adrianfranciscoperezgomez/Desktop/Personal Apps/vult-intel/node_modules/redis-parser/lib/parser.js:179:12)
    at parseType (/Users/adrianfranciscoperezgomez/Desktop/Personal Apps/vult-intel/node_modules/redis-parser/lib/parser.js:302:14) {
  command: { name: 'auth', args: [ 'IVB0VPnPl0urvQrpSKkbXLdEZBUfSHaP' ] }
}
Connected to Redis for persistence
Redis connection error: ReplyError: WRONGPASS invalid username-password pair or user is disabled.
    at parseError (/Users/adrianfranciscoperezgomez/Desktop/Personal Apps/vult-intel/node_modules/redis-parser/lib/parser.js:179:12)
    at parseType (/Users/adrianfranciscoperezgomez/Desktop/Personal Apps/vult-intel/node_modules/redis-parser/lib/parser.js:302:14) {
  command: { name: 'auth', args: [ 'IVB0VPnPl0urvQrpSKkbXLdEZBUfSHaP' ] }
}
ReplyError: WRONGPASS invalid username-password pair or user is disabled.
    at parseError (/Users/adrianfranciscoperezgomez/Desktop/Personal Apps/vult-intel/node_modules/redis-parser/lib/parser.js:179:12)
    at parseType (/Users/adrianfranciscoperezgomez/Desktop/Personal Apps/vult-intel/node_modules/redis-parser/lib/parser.js:302:14) {
  command: { name: 'auth', args: [ 'IVB0VPnPl0urvQrpSKkbXLdEZBUfSHaP' ] }
}
ReplyError: WRONGPASS invalid username-password pair or user is disabled.
    at parseError (/Users/adrianfranciscoperezgomez/Desktop/Personal Apps/vult-intel/node_modules/redis-parser/lib/parser.js:179:12)
    at parseType (/Users/adrianfranciscoperezgomez/Desktop/Personal Apps/vult-intel/node_modules/redis-parser/lib/parser.js:302:14) {
  command: { name: 'auth', args: [ 'IVB0VPnPl0urvQrpSKkbXLdEZBUfSHaP' ] }
}
ReplyError: WRONGPASS invalid username-password pair or user is disabled.
    at parseError (/Users/adrianfranciscoperezgomez/Desktop/Personal Apps/vult-intel/node_modules/redis-parser/lib/parser.js:179:12)
    at parseType (/Users/adrianfranciscoperezgomez/Desktop/Personal Apps/vult-intel/node_modules/redis-parser/lib/parser.js:302:14) {
  command: { name: 'auth', args: [ 'IVB0VPnPl0urvQrpSKkbXLdEZBUfSHaP' ] }
}
ReplyError: WRONGPASS invalid username-password pair or user is disabled.
    at parseError (/Users/adrianfranciscoperezgomez/Desktop/Personal Apps/vult-intel/node_modules/redis-parser/lib/parser.js:179:12)
    at parseType (/Users/adrianfranciscoperezgomez/Desktop/Personal Apps/vult-intel/node_modules/redis-parser/lib/parser.js:302:14) {
  command: { name: 'auth', args: [ 'IVB0VPnPl0urvQrpSKkbXLdEZBUfSHaP' ] }
}
ReplyError: WRONGPASS invalid username-password pair or user is disabled.
    at parseError (/Users/adrianfranciscoperezgomez/Desktop/Personal Apps/vult-intel/node_modules/redis-parser/lib/parser.js:179:12)
    at parseType (/Users/adrianfranciscoperezgomez/Desktop/Personal Apps/vult-intel/node_modules/redis-parser/lib/parser.js:302:14) {
  command: { name: 'auth', args: [ 'IVB0VPnPl0urvQrpSKkbXLdEZBUfSHaP' ] }
}
ReplyError: WRONGPASS invalid username-password pair or user is disabled.
    at parseError (/Users/adrianfranciscoperezgomez/Desktop/Personal Apps/vult-intel/node_modules/redis-parser/lib/parser.js:179:12)
    at parseType (/Users/adrianfranciscoperezgomez/Desktop/Personal Apps/vult-intel/node_modules/redis-parser/lib/parser.js:302:14) {
  command: { name: 'auth', args: [ 'IVB0VPnPl0urvQrpSKkbXLdEZBUfSHaP' ] }
}
Connected to Redis for persistence
Redis connection error: ReplyError: WRONGPASS invalid username-password pair or user is disabled.
    at parseError (/Users/adrianfranciscoperezgomez/Desktop/Personal Apps/vult-intel/node_modules/redis-parser/lib/parser.js:179:12)
    at parseType (/Users/adrianfranciscoperezgomez/Desktop/Personal Apps/vult-intel/node_modules/redis-parser/lib/parser.js:302:14) {
  command: { name: 'auth', args: [ 'IVB0VPnPl0urvQrpSKkbXLdEZBUfSHaP' ] }
}
ReplyError: WRONGPASS invalid username-password pair or user is disabled.
    at parseError (/Users/adrianfranciscoperezgomez/Desktop/Personal Apps/vult-intel/node_modules/redis-parser/lib/parser.js:179:12)
    at parseType (/Users/adrianfranciscoperezgomez/Desktop/Personal Apps/vult-intel/node_modules/redis-parser/lib/parser.js:302:14) {
  command: { name: 'auth', args: [ 'IVB0VPnPl0urvQrpSKkbXLdEZBUfSHaP' ] }
}
ReplyError: WRONGPASS invalid username-password pair or user is disabled.
    at parseError (/Users/adrianfranciscoperezgomez/Desktop/Personal Apps/vult-intel/node_modules/redis-parser/lib/parser.js:179:12)
    at parseType (/Users/adrianfranciscoperezgomez/Desktop/Personal Apps/vult-intel/node_modules/redis-parser/lib/parser.js:302:14) {
  command: { name: 'auth', args: [ 'IVB0VPnPl0urvQrpSKkbXLdEZBUfSHaP' ] }
}
ReplyError: WRONGPASS invalid username-password pair or user is disabled.
    at parseError (/Users/adrianfranciscoperezgomez/Desktop/Personal Apps/vult-intel/node_modules/redis-parser/lib/parser.js:179:12)
    at parseType (/Users/adrianfranciscoperezgomez/Desktop/Personal Apps/vult-intel/node_modules/redis-parser/lib/parser.js:302:14) {
  command: { name: 'auth', args: [ 'IVB0VPnPl0urvQrpSKkbXLdEZBUfSHaP' ] }
}
ReplyError: WRONGPASS invalid username-password pair or user is disabled.
    at parseError (/Users/adrianfranciscoperezgomez/Desktop/Personal Apps/vult-intel/node_modules/redis-parser/lib/parser.js:179:12)
    at parseType (/Users/adrianfranciscoperezgomez/Desktop/Personal Apps/vult-intel/node_modules/redis-parser/lib/parser.js:302:14) {
  command: { name: 'auth', args: [ 'IVB0VPnPl0urvQrpSKkbXLdEZBUfSHaP' ] }
}
ReplyError: WRONGPASS invalid username-password pair or user is disabled.
    at parseError (/Users/adrianfranciscoperezgomez/Desktop/Personal Apps/vult-intel/node_modules/redis-parser/lib/parser.js:179:12)
    at parseType (/Users/adrianfranciscoperezgomez/Desktop/Personal Apps/vult-intel/node_modules/redis-parser/lib/parser.js:302:14) {
  command: { name: 'auth', args: [ 'IVB0VPnPl0urvQrpSKkbXLdEZBUfSHaP' ] }
}
ReplyError: WRONGPASS invalid username-password pair or user is disabled.
    at parseError (/Users/adrianfranciscoperezgomez/Desktop/Personal Apps/vult-intel/node_modules/redis-parser/lib/parser.js:179:12)
    at parseType (/Users/adrianfranciscoperezgomez/Desktop/Personal Apps/vult-intel/node_modules/redis-parser/lib/parser.js:302:14) {
  command: { name: 'auth', args: [ 'IVB0VPnPl0urvQrpSKkbXLdEZBUfSHaP' ] }
}
Connected to Redis for persistence
Redis connection error: ReplyError: WRONGPASS invalid username-password pair or user is disabled.
    at parseError (/Users/adrianfranciscoperezgomez/Desktop/Personal Apps/vult-intel/node_modules/redis-parser/lib/parser.js:179:12)
    at parseType (/Users/adrianfranciscoperezgomez/Desktop/Personal Apps/vult-intel/node_modules/redis-parser/lib/parser.js:302:14) {
  command: { name: 'auth', args: [ 'IVB0VPnPl0urvQrpSKkbXLdEZBUfSHaP' ] }
}
ReplyError: WRONGPASS invalid username-password pair or user is disabled.
    at parseError (/Users/adrianfranciscoperezgomez/Desktop/Personal Apps/vult-intel/node_modules/redis-parser/lib/parser.js:179:12)
    at parseType (/Users/adrianfranciscoperezgomez/Desktop/Personal Apps/vult-intel/node_modules/redis-parser/lib/parser.js:302:14) {
  command: { name: 'auth', args: [ 'IVB0VPnPl0urvQrpSKkbXLdEZBUfSHaP' ] }
}
ReplyError: WRONGPASS invalid username-password pair or user is disabled.
    at parseError (/Users/adrianfranciscoperezgomez/Desktop/Personal Apps/vult-intel/node_modules/redis-parser/lib/parser.js:179:12)
    at parseType (/Users/adrianfranciscoperezgomez/Desktop/Personal Apps/vult-intel/node_modules/redis-parser/lib/parser.js:302:14) {
  command: { name: 'auth', args: [ 'IVB0VPnPl0urvQrpSKkbXLdEZBUfSHaP' ] }
}
ReplyError: WRONGPASS invalid username-password pair or user is disabled.
    at parseError (/Users/adrianfranciscoperezgomez/Desktop/Personal Apps/vult-intel/node_modules/redis-parser/lib/parser.js:179:12)
    at parseType (/Users/adrianfranciscoperezgomez/Desktop/Personal Apps/vult-intel/node_modules/redis-parser/lib/parser.js:302:14) {
  command: { name: 'auth', args: [ 'IVB0VPnPl0urvQrpSKkbXLdEZBUfSHaP' ] }
}
ReplyError: WRONGPASS invalid username-password pair or user is disabled.
    at parseError (/Users/adrianfranciscoperezgomez/Desktop/Personal Apps/vult-intel/node_modules/redis-parser/lib/parser.js:179:12)
    at parseType (/Users/adrianfranciscoperezgomez/Desktop/Personal Apps/vult-intel/node_modules/redis-parser/lib/parser.js:302:14) {
  command: { name: 'auth', args: [ 'IVB0VPnPl0urvQrpSKkbXLdEZBUfSHaP' ] }
}
ReplyError: WRONGPASS invalid username-password pair or user is disabled.
    at parseError (/Users/adrianfranciscoperezgomez/Desktop/Personal Apps/vult-intel/node_modules/redis-parser/lib/parser.js:179:12)
    at parseType (/Users/adrianfranciscoperezgomez/Desktop/Personal Apps/vult-intel/node_modules/redis-parser/lib/parser.js:302:14) {
  command: { name: 'auth', args: [ 'IVB0VPnPl0urvQrpSKkbXLdEZBUfSHaP' ] }
}
ReplyError: WRONGPASS invalid username-password pair or user is disabled.
    at parseError (/Users/adrianfranciscoperezgomez/Desktop/Personal Apps/vult-intel/node_modules/redis-parser/lib/parser.js:179:12)
    at parseType (/Users/adrianfranciscoperezgomez/Desktop/Personal Apps/vult-intel/node_modules/redis-parser/lib/parser.js:302:14) {
  command: { name: 'auth', args: [ 'IVB0VPnPl0urvQrpSKkbXLdEZBUfSHaP' ] }
}
Connected to Redis for persistence
Redis connection error: ReplyError: WRONGPASS invalid username-password pair or user is disabled.
    at parseError (/Users/adrianfranciscoperezgomez/Desktop/Personal Apps/vult-intel/node_modules/redis-parser/lib/parser.js:179:12)
    at parseType (/Users/adrianfranciscoperezgomez/Desktop/Personal Apps/vult-intel/node_modules/redis-parser/lib/parser.js:302:14) {
  command: { name: 'auth', args: [ 'IVB0VPnPl0urvQrpSKkbXLdEZBUfSHaP' ] }
}
ReplyError: WRONGPASS invalid username-password pair or user is disabled.
    at parseError (/Users/adrianfranciscoperezgomez/Desktop/Personal Apps/vult-intel/node_modules/redis-parser/lib/parser.js:179:12)
    at parseType (/Users/adrianfranciscoperezgomez/Desktop/Personal Apps/vult-intel/node_modules/redis-parser/lib/parser.js:302:14) {
  command: { name: 'auth', args: [ 'IVB0VPnPl0urvQrpSKkbXLdEZBUfSHaP' ] }
}
ReplyError: WRONGPASS invalid username-password pair or user is disabled.
    at parseError (/Users/adrianfranciscoperezgomez/Desktop/Personal Apps/vult-intel/node_modules/redis-parser/lib/parser.js:179:12)
    at parseType (/Users/adrianfranciscoperezgomez/Desktop/Personal Apps/vult-intel/node_modules/redis-parser/lib/parser.js:302:14) {
  command: { name: 'auth', args: [ 'IVB0VPnPl0urvQrpSKkbXLdEZBUfSHaP' ] }
}
ReplyError: WRONGPASS invalid username-password pair or user is disabled.
    at parseError (/Users/adrianfranciscoperezgomez/Desktop/Personal Apps/vult-intel/node_modules/redis-parser/lib/parser.js:179:12)
    at parseType (/Users/adrianfranciscoperezgomez/Desktop/Personal Apps/vult-intel/node_modules/redis-parser/lib/parser.js:302:14) {
  command: { name: 'auth', args: [ 'IVB0VPnPl0urvQrpSKkbXLdEZBUfSHaP' ] }
}
ReplyError: WRONGPASS invalid username-password pair or user is disabled.
    at parseError (/Users/adrianfranciscoperezgomez/Desktop/Personal Apps/vult-intel/node_modules/redis-parser/lib/parser.js:179:12)
    at parseType (/Users/adrianfranciscoperezgomez/Desktop/Personal Apps/vult-intel/node_modules/redis-parser/lib/parser.js:302:14) {
  command: { name: 'auth', args: [ 'IVB0VPnPl0urvQrpSKkbXLdEZBUfSHaP' ] }
}
ReplyError: WRONGPASS invalid username-password pair or user is disabled.
    at parseError (/Users/adrianfranciscoperezgomez/Desktop/Personal Apps/vult-intel/node_modules/redis-parser/lib/parser.js:179:12)
    at parseType (/Users/adrianfranciscoperezgomez/Desktop/Personal Apps/vult-intel/node_modules/redis-parser/lib/parser.js:302:14) {
  command: { name: 'auth', args: [ 'IVB0VPnPl0urvQrpSKkbXLdEZBUfSHaP' ] }
}
ReplyError: WRONGPASS invalid username-password pair or user is disabled.
    at parseError (/Users/adrianfranciscoperezgomez/Desktop/Personal Apps/vult-intel/node_modules/redis-parser/lib/parser.js:179:12)
    at parseType (/Users/adrianfranciscoperezgomez/Desktop/Personal Apps/vult-intel/node_modules/redis-parser/lib/parser.js:302:14) {
  command: { name: 'auth', args: [ 'IVB0VPnPl0urvQrpSKkbXLdEZBUfSHaP' ] }
}
Connected to Redis for persistence
Redis connection error: ReplyError: WRONGPASS invalid username-password pair or user is disabled.
    at parseError (/Users/adrianfranciscoperezgomez/Desktop/Personal Apps/vult-intel/node_modules/redis-parser/lib/parser.js:179:12)
    at parseType (/Users/adrianfranciscoperezgomez/Desktop/Personal Apps/vult-intel/node_modules/redis-parser/lib/parser.js:302:14) {
  command: { name: 'auth', args: [ 'IVB0VPnPl0urvQrpSKkbXLdEZBUfSHaP' ] }
}
ReplyError: WRONGPASS invalid username-password pair or user is disabled.
    at parseError (/Users/adrianfranciscoperezgomez/Desktop/Personal Apps/vult-intel/node_modules/redis-parser/lib/parser.js:179:12)
    at parseType (/Users/adrianfranciscoperezgomez/Desktop/Personal Apps/vult-intel/node_modules/redis-parser/lib/parser.js:302:14) {
  command: { name: 'auth', args: [ 'IVB0VPnPl0urvQrpSKkbXLdEZBUfSHaP' ] }
}
ReplyError: WRONGPASS invalid username-password pair or user is disabled.
    at parseError (/Users/adrianfranciscoperezgomez/Desktop/Personal Apps/vult-intel/node_modules/redis-parser/lib/parser.js:179:12)
    at parseType (/Users/adrianfranciscoperezgomez/Desktop/Personal Apps/vult-intel/node_modules/redis-parser/lib/parser.js:302:14) {
  command: { name: 'auth', args: [ 'IVB0VPnPl0urvQrpSKkbXLdEZBUfSHaP' ] }
}
ReplyError: WRONGPASS invalid username-password pair or user is disabled.
    at parseError (/Users/adrianfranciscoperezgomez/Desktop/Personal Apps/vult-intel/node_modules/redis-parser/lib/parser.js:179:12)
    at parseType (/Users/adrianfranciscoperezgomez/Desktop/Personal Apps/vult-intel/node_modules/redis-parser/lib/parser.js:302:14) {
  command: { name: 'auth', args: [ 'IVB0VPnPl0urvQrpSKkbXLdEZBUfSHaP' ] }
}
ReplyError: WRONGPASS invalid username-password pair or user is disabled.
    at parseError (/Users/adrianfranciscoperezgomez/Desktop/Personal Apps/vult-intel/node_modules/redis-parser/lib/parser.js:179:12)
    at parseType (/Users/adrianfranciscoperezgomez/Desktop/Personal Apps/vult-intel/node_modules/redis-parser/lib/parser.js:302:14) {
  command: { name: 'auth', args: [ 'IVB0VPnPl0urvQrpSKkbXLdEZBUfSHaP' ] }
}
ReplyError: WRONGPASS invalid username-password pair or user is disabled.
    at parseError (/Users/adrianfranciscoperezgomez/Desktop/Personal Apps/vult-intel/node_modules/redis-parser/lib/parser.js:179:12)
    at parseType (/Users/adrianfranciscoperezgomez/Desktop/Personal Apps/vult-intel/node_modules/redis-parser/lib/parser.js:302:14) {
  command: { name: 'auth', args: [ 'IVB0VPnPl0urvQrpSKkbXLdEZBUfSHaP' ] }
}
ReplyError: WRONGPASS invalid username-password pair or user is disabled.
    at parseError (/Users/adrianfranciscoperezgomez/Desktop/Personal Apps/vult-intel/node_modules/redis-parser/lib/parser.js:179:12)
    at parseType (/Users/adrianfranciscoperezgomez/Desktop/Personal Apps/vult-intel/node_modules/redis-parser/lib/parser.js:302:14) {
  command: { name: 'auth', args: [ 'IVB0VPnPl0urvQrpSKkbXLdEZBUfSHaP' ] }
}
Connected to Redis for persistence
Redis connection error: ReplyError: WRONGPASS invalid username-password pair or user is disabled.
    at parseError (/Users/adrianfranciscoperezgomez/Desktop/Personal Apps/vult-intel/node_modules/redis-parser/lib/parser.js:179:12)
    at parseType (/Users/adrianfranciscoperezgomez/Desktop/Personal Apps/vult-intel/node_modules/redis-parser/lib/parser.js:302:14) {
  command: { name: 'auth', args: [ 'IVB0VPnPl0urvQrpSKkbXLdEZBUfSHaP' ] }
}
ReplyError: WRONGPASS invalid username-password pair or user is disabled.
    at parseError (/Users/adrianfranciscoperezgomez/Desktop/Personal Apps/vult-intel/node_modules/redis-parser/lib/parser.js:179:12)
    at parseType (/Users/adrianfranciscoperezgomez/Desktop/Personal Apps/vult-intel/node_modules/redis-parser/lib/parser.js:302:14) {
  command: { name: 'auth', args: [ 'IVB0VPnPl0urvQrpSKkbXLdEZBUfSHaP' ] }
}
ReplyError: WRONGPASS invalid username-password pair or user is disabled.
    at parseError (/Users/adrianfranciscoperezgomez/Desktop/Personal Apps/vult-intel/node_modules/redis-parser/lib/parser.js:179:12)
    at parseType (/Users/adrianfranciscoperezgomez/Desktop/Personal Apps/vult-intel/node_modules/redis-parser/lib/parser.js:302:14) {
  command: { name: 'auth', args: [ 'IVB0VPnPl0urvQrpSKkbXLdEZBUfSHaP' ] }
}
ReplyError: WRONGPASS invalid username-password pair or user is disabled.
    at parseError (/Users/adrianfranciscoperezgomez/Desktop/Personal Apps/vult-intel/node_modules/redis-parser/lib/parser.js:179:12)
    at parseType (/Users/adrianfranciscoperezgomez/Desktop/Personal Apps/vult-intel/node_modules/redis-parser/lib/parser.js:302:14) {
  command: { name: 'auth', args: [ 'IVB0VPnPl0urvQrpSKkbXLdEZBUfSHaP' ] }
}
ReplyError: WRONGPASS invalid username-password pair or user is disabled.
    at parseError (/Users/adrianfranciscoperezgomez/Desktop/Personal Apps/vult-intel/node_modules/redis-parser/lib/parser.js:179:12)
    at parseType (/Users/adrianfranciscoperezgomez/Desktop/Personal Apps/vult-intel/node_modules/redis-parser/lib/parser.js:302:14) {
  command: { name: 'auth', args: [ 'IVB0VPnPl0urvQrpSKkbXLdEZBUfSHaP' ] }
}
ReplyError: WRONGPASS invalid username-password pair or user is disabled.
    at parseError (/Users/adrianfranciscoperezgomez/Desktop/Personal Apps/vult-intel/node_modules/redis-parser/lib/parser.js:179:12)
    at parseType (/Users/adrianfranciscoperezgomez/Desktop/Personal Apps/vult-intel/node_modules/redis-parser/lib/parser.js:302:14) {
  command: { name: 'auth', args: [ 'IVB0VPnPl0urvQrpSKkbXLdEZBUfSHaP' ] }
}
ReplyError: WRONGPASS invalid username-password pair or user is disabled.
    at parseError (/Users/adrianfranciscoperezgomez/Desktop/Personal Apps/vult-intel/node_modules/redis-parser/lib/parser.js:179:12)
    at parseType (/Users/adrianfranciscoperezgomez/Desktop/Personal Apps/vult-intel/node_modules/redis-parser/lib/parser.js:302:14) {
  command: { name: 'auth', args: [ 'IVB0VPnPl0urvQrpSKkbXLdEZBUfSHaP' ] }
}
Connected to Redis for persistence
ReplyError: WRONGPASS invalid username-password pair or user is disabled.
    at parseError (/Users/adrianfranciscoperezgomez/Desktop/Personal Apps/vult-intel/node_modules/redis-parser/lib/parser.js:179:12)
    at parseType (/Users/adrianfranciscoperezgomez/Desktop/Personal Apps/vult-intel/node_modules/redis-parser/lib/parser.js:302:14) {
  command: { name: 'auth', args: [ 'IVB0VPnPl0urvQrpSKkbXLdEZBUfSHaP' ] }
}
Redis connection error: ReplyError: WRONGPASS invalid username-password pair or user is disabled.
    at parseError (/Users/adrianfranciscoperezgomez/Desktop/Personal Apps/vult-intel/node_modules/redis-parser/lib/parser.js:179:12)
    at parseType (/Users/adrianfranciscoperezgomez/Desktop/Personal Apps/vult-intel/node_modules/redis-parser/lib/parser.js:302:14) {
  command: { name: 'auth', args: [ 'IVB0VPnPl0urvQrpSKkbXLdEZBUfSHaP' ] }
}
ReplyError: WRONGPASS invalid username-password pair or user is disabled.
    at parseError (/Users/adrianfranciscoperezgomez/Desktop/Personal Apps/vult-intel/node_modules/redis-parser/lib/parser.js:179:12)
    at parseType (/Users/adrianfranciscoperezgomez/Desktop/Personal Apps/vult-intel/node_modules/redis-parser/lib/parser.js:302:14) {
  command: { name: 'auth', args: [ 'IVB0VPnPl0urvQrpSKkbXLdEZBUfSHaP' ] }
}
ReplyError: WRONGPASS invalid username-password pair or user is disabled.
    at parseError (/Users/adrianfranciscoperezgomez/Desktop/Personal Apps/vult-intel/node_modules/redis-parser/lib/parser.js:179:12)
    at parseType (/Users/adrianfranciscoperezgomez/Desktop/Personal Apps/vult-intel/node_modules/redis-parser/lib/parser.js:302:14) {
  command: { name: 'auth', args: [ 'IVB0VPnPl0urvQrpSKkbXLdEZBUfSHaP' ] }
}
ReplyError: WRONGPASS invalid username-password pair or user is disabled.
    at parseError (/Users/adrianfranciscoperezgomez/Desktop/Personal Apps/vult-intel/node_modules/redis-parser/lib/parser.js:179:12)
    at parseType (/Users/adrianfranciscoperezgomez/Desktop/Personal Apps/vult-intel/node_modules/redis-parser/lib/parser.js:302:14) {
  command: { name: 'auth', args: [ 'IVB0VPnPl0urvQrpSKkbXLdEZBUfSHaP' ] }
}
ReplyError: WRONGPASS invalid username-password pair or user is disabled.
    at parseError (/Users/adrianfranciscoperezgomez/Desktop/Personal Apps/vult-intel/node_modules/redis-parser/lib/parser.js:179:12)
    at parseType (/Users/adrianfranciscoperezgomez/Desktop/Personal Apps/vult-intel/node_modules/redis-parser/lib/parser.js:302:14) {
  command: { name: 'auth', args: [ 'IVB0VPnPl0urvQrpSKkbXLdEZBUfSHaP' ] }
}
ReplyError: WRONGPASS invalid username-password pair or user is disabled.
    at parseError (/Users/adrianfranciscoperezgomez/Desktop/Personal Apps/vult-intel/node_modules/redis-parser/lib/parser.js:179:12)
    at parseType (/Users/adrianfranciscoperezgomez/Desktop/Personal Apps/vult-intel/node_modules/redis-parser/lib/parser.js:302:14) {
  command: { name: 'auth', args: [ 'IVB0VPnPl0urvQrpSKkbXLdEZBUfSHaP' ] }
}
Connected to Redis for persistence
ReplyError: WRONGPASS invalid username-password pair or user is disabled.
    at parseError (/Users/adrianfranciscoperezgomez/Desktop/Personal Apps/vult-intel/node_modules/redis-parser/lib/parser.js:179:12)
    at parseType (/Users/adrianfranciscoperezgomez/Desktop/Personal Apps/vult-intel/node_modules/redis-parser/lib/parser.js:302:14) {
  command: { name: 'auth', args: [ 'IVB0VPnPl0urvQrpSKkbXLdEZBUfSHaP' ] }
}
Redis connection error: ReplyError: WRONGPASS invalid username-password pair or user is disabled.
    at parseError (/Users/adrianfranciscoperezgomez/Desktop/Personal Apps/vult-intel/node_modules/redis-parser/lib/parser.js:179:12)
    at parseType (/Users/adrianfranciscoperezgomez/Desktop/Personal Apps/vult-intel/node_modules/redis-parser/lib/parser.js:302:14) {
  command: { name: 'auth', args: [ 'IVB0VPnPl0urvQrpSKkbXLdEZBUfSHaP' ] }
}
ReplyError: WRONGPASS invalid username-password pair or user is disabled.
    at parseError (/Users/adrianfranciscoperezgomez/Desktop/Personal Apps/vult-intel/node_modules/redis-parser/lib/parser.js:179:12)
    at parseType (/Users/adrianfranciscoperezgomez/Desktop/Personal Apps/vult-intel/node_modules/redis-parser/lib/parser.js:302:14) {
  command: { name: 'auth', args: [ 'IVB0VPnPl0urvQrpSKkbXLdEZBUfSHaP' ] }
}
ReplyError: WRONGPASS invalid username-password pair or user is disabled.
    at parseError (/Users/adrianfranciscoperezgomez/Desktop/Personal Apps/vult-intel/node_modules/redis-parser/lib/parser.js:179:12)
    at parseType (/Users/adrianfranciscoperezgomez/Desktop/Personal Apps/vult-intel/node_modules/redis-parser/lib/parser.js:302:14) {
  command: { name: 'auth', args: [ 'IVB0VPnPl0urvQrpSKkbXLdEZBUfSHaP' ] }
}
ReplyError: WRONGPASS invalid username-password pair or user is disabled.
    at parseError (/Users/adrianfranciscoperezgomez/Desktop/Personal Apps/vult-intel/node_modules/redis-parser/lib/parser.js:179:12)
    at parseType (/Users/adrianfranciscoperezgomez/Desktop/Personal Apps/vult-intel/node_modules/redis-parser/lib/parser.js:302:14) {
  command: { name: 'auth', args: [ 'IVB0VPnPl0urvQrpSKkbXLdEZBUfSHaP' ] }
}
ReplyError: WRONGPASS invalid username-password pair or user is disabled.
    at parseError (/Users/adrianfranciscoperezgomez/Desktop/Personal Apps/vult-intel/node_modules/redis-parser/lib/parser.js:179:12)
    at parseType (/Users/adrianfranciscoperezgomez/Desktop/Personal Apps/vult-intel/node_modules/redis-parser/lib/parser.js:302:14) {
  command: { name: 'auth', args: [ 'IVB0VPnPl0urvQrpSKkbXLdEZBUfSHaP' ] }
}
ReplyError: WRONGPASS invalid username-password pair or user is disabled.
    at parseError (/Users/adrianfranciscoperezgomez/Desktop/Personal Apps/vult-intel/node_modules/redis-parser/lib/parser.js:179:12)
    at parseType (/Users/adrianfranciscoperezgomez/Desktop/Personal Apps/vult-intel/node_modules/redis-parser/lib/parser.js:302:14) {
  command: { name: 'auth', args: [ 'IVB0VPnPl0urvQrpSKkbXLdEZBUfSHaP' ] }
}
Connected to Redis for persistence
ReplyError: WRONGPASS invalid username-password pair or user is disabled.
    at parseError (/Users/adrianfranciscoperezgomez/Desktop/Personal Apps/vult-intel/node_modules/redis-parser/lib/parser.js:179:12)
    at parseType (/Users/adrianfranciscoperezgomez/Desktop/Personal Apps/vult-intel/node_modules/redis-parser/lib/parser.js:302:14) {
  command: { name: 'auth', args: [ 'IVB0VPnPl0urvQrpSKkbXLdEZBUfSHaP' ] }
}
Redis connection error: ReplyError: WRONGPASS invalid username-password pair or user is disabled.
    at parseError (/Users/adrianfranciscoperezgomez/Desktop/Personal Apps/vult-intel/node_modules/redis-parser/lib/parser.js:179:12)
    at parseType (/Users/adrianfranciscoperezgomez/Desktop/Personal Apps/vult-intel/node_modules/redis-parser/lib/parser.js:302:14) {
  command: { name: 'auth', args: [ 'IVB0VPnPl0urvQrpSKkbXLdEZBUfSHaP' ] }
}
ReplyError: WRONGPASS invalid username-password pair or user is disabled.
    at parseError (/Users/adrianfranciscoperezgomez/Desktop/Personal Apps/vult-intel/node_modules/redis-parser/lib/parser.js:179:12)
    at parseType (/Users/adrianfranciscoperezgomez/Desktop/Personal Apps/vult-intel/node_modules/redis-parser/lib/parser.js:302:14) {
  command: { name: 'auth', args: [ 'IVB0VPnPl0urvQrpSKkbXLdEZBUfSHaP' ] }
}
ReplyError: WRONGPASS invalid username-password pair or user is disabled.
    at parseError (/Users/adrianfranciscoperezgomez/Desktop/Personal Apps/vult-intel/node_modules/redis-parser/lib/parser.js:179:12)
    at parseType (/Users/adrianfranciscoperezgomez/Desktop/Personal Apps/vult-intel/node_modules/redis-parser/lib/parser.js:302:14) {
  command: { name: 'auth', args: [ 'IVB0VPnPl0urvQrpSKkbXLdEZBUfSHaP' ] }
}
ReplyError: WRONGPASS invalid username-password pair or user is disabled.
    at parseError (/Users/adrianfranciscoperezgomez/Desktop/Personal Apps/vult-intel/node_modules/redis-parser/lib/parser.js:179:12)
    at parseType (/Users/adrianfranciscoperezgomez/Desktop/Personal Apps/vult-intel/node_modules/redis-parser/lib/parser.js:302:14) {
  command: { name: 'auth', args: [ 'IVB0VPnPl0urvQrpSKkbXLdEZBUfSHaP' ] }
}
ReplyError: WRONGPASS invalid username-password pair or user is disabled.
    at parseError (/Users/adrianfranciscoperezgomez/Desktop/Personal Apps/vult-intel/node_modules/redis-parser/lib/parser.js:179:12)
    at parseType (/Users/adrianfranciscoperezgomez/Desktop/Personal Apps/vult-intel/node_modules/redis-parser/lib/parser.js:302:14) {
  command: { name: 'auth', args: [ 'IVB0VPnPl0urvQrpSKkbXLdEZBUfSHaP' ] }
}
ReplyError: WRONGPASS invalid username-password pair or user is disabled.
    at parseError (/Users/adrianfranciscoperezgomez/Desktop/Personal Apps/vult-intel/node_modules/redis-parser/lib/parser.js:179:12)
    at parseType (/Users/adrianfranciscoperezgomez/Desktop/Personal Apps/vult-intel/node_modules/redis-parser/lib/parser.js:302:14) {
  command: { name: 'auth', args: [ 'IVB0VPnPl0urvQrpSKkbXLdEZBUfSHaP' ] }
}
Connected to Redis for persistence
ReplyError: WRONGPASS invalid username-password pair or user is disabled.
    at parseError (/Users/adrianfranciscoperezgomez/Desktop/Personal Apps/vult-intel/node_modules/redis-parser/lib/parser.js:179:12)
    at parseType (/Users/adrianfranciscoperezgomez/Desktop/Personal Apps/vult-intel/node_modules/redis-parser/lib/parser.js:302:14) {
  command: { name: 'auth', args: [ 'IVB0VPnPl0urvQrpSKkbXLdEZBUfSHaP' ] }
}
Redis connection error: ReplyError: WRONGPASS invalid username-password pair or user is disabled.
    at parseError (/Users/adrianfranciscoperezgomez/Desktop/Personal Apps/vult-intel/node_modules/redis-parser/lib/parser.js:179:12)
    at parseType (/Users/adrianfranciscoperezgomez/Desktop/Personal Apps/vult-intel/node_modules/redis-parser/lib/parser.js:302:14) {
  command: { name: 'auth', args: [ 'IVB0VPnPl0urvQrpSKkbXLdEZBUfSHaP' ] }
}
ReplyError: WRONGPASS invalid username-password pair or user is disabled.
    at parseError (/Users/adrianfranciscoperezgomez/Desktop/Personal Apps/vult-intel/node_modules/redis-parser/lib/parser.js:179:12)
    at parseType (/Users/adrianfranciscoperezgomez/Desktop/Personal Apps/vult-intel/node_modules/redis-parser/lib/parser.js:302:14) {
  command: { name: 'auth', args: [ 'IVB0VPnPl0urvQrpSKkbXLdEZBUfSHaP' ] }
}
ReplyError: WRONGPASS invalid username-password pair or user is disabled.
    at parseError (/Users/adrianfranciscoperezgomez/Desktop/Personal Apps/vult-intel/node_modules/redis-parser/lib/parser.js:179:12)
    at parseType (/Users/adrianfranciscoperezgomez/Desktop/Personal Apps/vult-intel/node_modules/redis-parser/lib/parser.js:302:14) {
  command: { name: 'auth', args: [ 'IVB0VPnPl0urvQrpSKkbXLdEZBUfSHaP' ] }
}
ReplyError: WRONGPASS invalid username-password pair or user is disabled.
    at parseError (/Users/adrianfranciscoperezgomez/Desktop/Personal Apps/vult-intel/node_modules/redis-parser/lib/parser.js:179:12)
    at parseType (/Users/adrianfranciscoperezgomez/Desktop/Personal Apps/vult-intel/node_modules/redis-parser/lib/parser.js:302:14) {
  command: { name: 'auth', args: [ 'IVB0VPnPl0urvQrpSKkbXLdEZBUfSHaP' ] }
}
ReplyError: WRONGPASS invalid username-password pair or user is disabled.
    at parseError (/Users/adrianfranciscoperezgomez/Desktop/Personal Apps/vult-intel/node_modules/redis-parser/lib/parser.js:179:12)
    at parseType (/Users/adrianfranciscoperezgomez/Desktop/Personal Apps/vult-intel/node_modules/redis-parser/lib/parser.js:302:14) {
  command: { name: 'auth', args: [ 'IVB0VPnPl0urvQrpSKkbXLdEZBUfSHaP' ] }
}
ReplyError: WRONGPASS invalid username-password pair or user is disabled.
    at parseError (/Users/adrianfranciscoperezgomez/Desktop/Personal Apps/vult-intel/node_modules/redis-parser/lib/parser.js:179:12)
    at parseType (/Users/adrianfranciscoperezgomez/Desktop/Personal Apps/vult-intel/node_modules/redis-parser/lib/parser.js:302:14) {
  command: { name: 'auth', args: [ 'IVB0VPnPl0urvQrpSKkbXLdEZBUfSHaP' ] }
}
Connected to Redis for persistence
ReplyError: WRONGPASS invalid username-password pair or user is disabled.
    at parseError (/Users/adrianfranciscoperezgomez/Desktop/Personal Apps/vult-intel/node_modules/redis-parser/lib/parser.js:179:12)
    at parseType (/Users/adrianfranciscoperezgomez/Desktop/Personal Apps/vult-intel/node_modules/redis-parser/lib/parser.js:302:14) {
  command: { name: 'auth', args: [ 'IVB0VPnPl0urvQrpSKkbXLdEZBUfSHaP' ] }
}
Redis connection error: ReplyError: WRONGPASS invalid username-password pair or user is disabled.
    at parseError (/Users/adrianfranciscoperezgomez/Desktop/Personal Apps/vult-intel/node_modules/redis-parser/lib/parser.js:179:12)
    at parseType (/Users/adrianfranciscoperezgomez/Desktop/Personal Apps/vult-intel/node_modules/redis-parser/lib/parser.js:302:14) {
  command: { name: 'auth', args: [ 'IVB0VPnPl0urvQrpSKkbXLdEZBUfSHaP' ] }
}
ReplyError: WRONGPASS invalid username-password pair or user is disabled.
    at parseError (/Users/adrianfranciscoperezgomez/Desktop/Personal Apps/vult-intel/node_modules/redis-parser/lib/parser.js:179:12)
    at parseType (/Users/adrianfranciscoperezgomez/Desktop/Personal Apps/vult-intel/node_modules/redis-parser/lib/parser.js:302:14) {
  command: { name: 'auth', args: [ 'IVB0VPnPl0urvQrpSKkbXLdEZBUfSHaP' ] }
}
ReplyError: WRONGPASS invalid username-password pair or user is disabled.
    at parseError (/Users/adrianfranciscoperezgomez/Desktop/Personal Apps/vult-intel/node_modules/redis-parser/lib/parser.js:179:12)
    at parseType (/Users/adrianfranciscoperezgomez/Desktop/Personal Apps/vult-intel/node_modules/redis-parser/lib/parser.js:302:14) {
  command: { name: 'auth', args: [ 'IVB0VPnPl0urvQrpSKkbXLdEZBUfSHaP' ] }
}
ReplyError: WRONGPASS invalid username-password pair or user is disabled.
    at parseError (/Users/adrianfranciscoperezgomez/Desktop/Personal Apps/vult-intel/node_modules/redis-parser/lib/parser.js:179:12)
    at parseType (/Users/adrianfranciscoperezgomez/Desktop/Personal Apps/vult-intel/node_modules/redis-parser/lib/parser.js:302:14) {
  command: { name: 'auth', args: [ 'IVB0VPnPl0urvQrpSKkbXLdEZBUfSHaP' ] }
}
ReplyError: WRONGPASS invalid username-password pair or user is disabled.
    at parseError (/Users/adrianfranciscoperezgomez/Desktop/Personal Apps/vult-intel/node_modules/redis-parser/lib/parser.js:179:12)
    at parseType (/Users/adrianfranciscoperezgomez/Desktop/Personal Apps/vult-intel/node_modules/redis-parser/lib/parser.js:302:14) {
  command: { name: 'auth', args: [ 'IVB0VPnPl0urvQrpSKkbXLdEZBUfSHaP' ] }
}
ReplyError: WRONGPASS invalid username-password pair or user is disabled.
    at parseError (/Users/adrianfranciscoperezgomez/Desktop/Personal Apps/vult-intel/node_modules/redis-parser/lib/parser.js:179:12)
    at parseType (/Users/adrianfranciscoperezgomez/Desktop/Personal Apps/vult-intel/node_modules/redis-parser/lib/parser.js:302:14) {
  command: { name: 'auth', args: [ 'IVB0VPnPl0urvQrpSKkbXLdEZBUfSHaP' ] }
}
Connected to Redis for persistence
ReplyError: WRONGPASS invalid username-password pair or user is disabled.
    at parseError (/Users/adrianfranciscoperezgomez/Desktop/Personal Apps/vult-intel/node_modules/redis-parser/lib/parser.js:179:12)
    at parseType (/Users/adrianfranciscoperezgomez/Desktop/Personal Apps/vult-intel/node_modules/redis-parser/lib/parser.js:302:14) {
  command: { name: 'auth', args: [ 'IVB0VPnPl0urvQrpSKkbXLdEZBUfSHaP' ] }
}
Redis connection error: ReplyError: WRONGPASS invalid username-password pair or user is disabled.
    at parseError (/Users/adrianfranciscoperezgomez/Desktop/Personal Apps/vult-intel/node_modules/redis-parser/lib/parser.js:179:12)
    at parseType (/Users/adrianfranciscoperezgomez/Desktop/Personal Apps/vult-intel/node_modules/redis-parser/lib/parser.js:302:14) {
  command: { name: 'auth', args: [ 'IVB0VPnPl0urvQrpSKkbXLdEZBUfSHaP' ] }
}
ReplyError: WRONGPASS invalid username-password pair or user is disabled.
    at parseError (/Users/adrianfranciscoperezgomez/Desktop/Personal Apps/vult-intel/node_modules/redis-parser/lib/parser.js:179:12)
    at parseType (/Users/adrianfranciscoperezgomez/Desktop/Personal Apps/vult-intel/node_modules/redis-parser/lib/parser.js:302:14) {
  command: { name: 'auth', args: [ 'IVB0VPnPl0urvQrpSKkbXLdEZBUfSHaP' ] }
}
ReplyError: WRONGPASS invalid username-password pair or user is disabled.
    at parseError (/Users/adrianfranciscoperezgomez/Desktop/Personal Apps/vult-intel/node_modules/redis-parser/lib/parser.js:179:12)
    at parseType (/Users/adrianfranciscoperezgomez/Desktop/Personal Apps/vult-intel/node_modules/redis-parser/lib/parser.js:302:14) {
  command: { name: 'auth', args: [ 'IVB0VPnPl0urvQrpSKkbXLdEZBUfSHaP' ] }
}
ReplyError: WRONGPASS invalid username-password pair or user is disabled.
    at parseError (/Users/adrianfranciscoperezgomez/Desktop/Personal Apps/vult-intel/node_modules/redis-parser/lib/parser.js:179:12)
    at parseType (/Users/adrianfranciscoperezgomez/Desktop/Personal Apps/vult-intel/node_modules/redis-parser/lib/parser.js:302:14) {
  command: { name: 'auth', args: [ 'IVB0VPnPl0urvQrpSKkbXLdEZBUfSHaP' ] }
}
ReplyError: WRONGPASS invalid username-password pair or user is disabled.
    at parseError (/Users/adrianfranciscoperezgomez/Desktop/Personal Apps/vult-intel/node_modules/redis-parser/lib/parser.js:179:12)
    at parseType (/Users/adrianfranciscoperezgomez/Desktop/Personal Apps/vult-intel/node_modules/redis-parser/lib/parser.js:302:14) {
  command: { name: 'auth', args: [ 'IVB0VPnPl0urvQrpSKkbXLdEZBUfSHaP' ] }
}
ReplyError: WRONGPASS invalid username-password pair or user is disabled.
    at parseError (/Users/adrianfranciscoperezgomez/Desktop/Personal Apps/vult-intel/node_modules/redis-parser/lib/parser.js:179:12)
    at parseType (/Users/adrianfranciscoperezgomez/Desktop/Personal Apps/vult-intel/node_modules/redis-parser/lib/parser.js:302:14) {
  command: { name: 'auth', args: [ 'IVB0VPnPl0urvQrpSKkbXLdEZBUfSHaP' ] }
}
Connected to Redis for persistence
ReplyError: WRONGPASS invalid username-password pair or user is disabled.
    at parseError (/Users/adrianfranciscoperezgomez/Desktop/Personal Apps/vult-intel/node_modules/redis-parser/lib/parser.js:179:12)
    at parseType (/Users/adrianfranciscoperezgomez/Desktop/Personal Apps/vult-intel/node_modules/redis-parser/lib/parser.js:302:14) {
  command: { name: 'auth', args: [ 'IVB0VPnPl0urvQrpSKkbXLdEZBUfSHaP' ] }
}
Redis connection error: ReplyError: WRONGPASS invalid username-password pair or user is disabled.
    at parseError (/Users/adrianfranciscoperezgomez/Desktop/Personal Apps/vult-intel/node_modules/redis-parser/lib/parser.js:179:12)
    at parseType (/Users/adrianfranciscoperezgomez/Desktop/Personal Apps/vult-intel/node_modules/redis-parser/lib/parser.js:302:14) {
  command: { name: 'auth', args: [ 'IVB0VPnPl0urvQrpSKkbXLdEZBUfSHaP' ] }
}
ReplyError: WRONGPASS invalid username-password pair or user is disabled.
    at parseError (/Users/adrianfranciscoperezgomez/Desktop/Personal Apps/vult-intel/node_modules/redis-parser/lib/parser.js:179:12)
    at parseType (/Users/adrianfranciscoperezgomez/Desktop/Personal Apps/vult-intel/node_modules/redis-parser/lib/parser.js:302:14) {
  command: { name: 'auth', args: [ 'IVB0VPnPl0urvQrpSKkbXLdEZBUfSHaP' ] }
}
ReplyError: WRONGPASS invalid username-password pair or user is disabled.
    at parseError (/Users/adrianfranciscoperezgomez/Desktop/Personal Apps/vult-intel/node_modules/redis-parser/lib/parser.js:179:12)
    at parseType (/Users/adrianfranciscoperezgomez/Desktop/Personal Apps/vult-intel/node_modules/redis-parser/lib/parser.js:302:14) {
  command: { name: 'auth', args: [ 'IVB0VPnPl0urvQrpSKkbXLdEZBUfSHaP' ] }
}
ReplyError: WRONGPASS invalid username-password pair or user is disabled.
    at parseError (/Users/adrianfranciscoperezgomez/Desktop/Personal Apps/vult-intel/node_modules/redis-parser/lib/parser.js:179:12)
    at parseType (/Users/adrianfranciscoperezgomez/Desktop/Personal Apps/vult-intel/node_modules/redis-parser/lib/parser.js:302:14) {
  command: { name: 'auth', args: [ 'IVB0VPnPl0urvQrpSKkbXLdEZBUfSHaP' ] }
}
ReplyError: WRONGPASS invalid username-password pair or user is disabled.
    at parseError (/Users/adrianfranciscoperezgomez/Desktop/Personal Apps/vult-intel/node_modules/redis-parser/lib/parser.js:179:12)
    at parseType (/Users/adrianfranciscoperezgomez/Desktop/Personal Apps/vult-intel/node_modules/redis-parser/lib/parser.js:302:14) {
  command: { name: 'auth', args: [ 'IVB0VPnPl0urvQrpSKkbXLdEZBUfSHaP' ] }
}
ReplyError: WRONGPASS invalid username-password pair or user is disabled.
    at parseError (/Users/adrianfranciscoperezgomez/Desktop/Personal Apps/vult-intel/node_modules/redis-parser/lib/parser.js:179:12)
    at parseType (/Users/adrianfranciscoperezgomez/Desktop/Personal Apps/vult-intel/node_modules/redis-parser/lib/parser.js:302:14) {
  command: { name: 'auth', args: [ 'IVB0VPnPl0urvQrpSKkbXLdEZBUfSHaP' ] }
}
Connected to Redis for persistence
ReplyError: WRONGPASS invalid username-password pair or user is disabled.
    at parseError (/Users/adrianfranciscoperezgomez/Desktop/Personal Apps/vult-intel/node_modules/redis-parser/lib/parser.js:179:12)
    at parseType (/Users/adrianfranciscoperezgomez/Desktop/Personal Apps/vult-intel/node_modules/redis-parser/lib/parser.js:302:14) {
  command: { name: 'auth', args: [ 'IVB0VPnPl0urvQrpSKkbXLdEZBUfSHaP' ] }
}
Redis connection error: ReplyError: WRONGPASS invalid username-password pair or user is disabled.
    at parseError (/Users/adrianfranciscoperezgomez/Desktop/Personal Apps/vult-intel/node_modules/redis-parser/lib/parser.js:179:12)
    at parseType (/Users/adrianfranciscoperezgomez/Desktop/Personal Apps/vult-intel/node_modules/redis-parser/lib/parser.js:302:14) {
  command: { name: 'auth', args: [ 'IVB0VPnPl0urvQrpSKkbXLdEZBUfSHaP' ] }
}
ReplyError: WRONGPASS invalid username-password pair or user is disabled.
    at parseError (/Users/adrianfranciscoperezgomez/Desktop/Personal Apps/vult-intel/node_modules/redis-parser/lib/parser.js:179:12)
    at parseType (/Users/adrianfranciscoperezgomez/Desktop/Personal Apps/vult-intel/node_modules/redis-parser/lib/parser.js:302:14) {
  command: { name: 'auth', args: [ 'IVB0VPnPl0urvQrpSKkbXLdEZBUfSHaP' ] }
}
ReplyError: WRONGPASS invalid username-password pair or user is disabled.
    at parseError (/Users/adrianfranciscoperezgomez/Desktop/Personal Apps/vult-intel/node_modules/redis-parser/lib/parser.js:179:12)
    at parseType (/Users/adrianfranciscoperezgomez/Desktop/Personal Apps/vult-intel/node_modules/redis-parser/lib/parser.js:302:14) {
  command: { name: 'auth', args: [ 'IVB0VPnPl0urvQrpSKkbXLdEZBUfSHaP' ] }
}
ReplyError: WRONGPASS invalid username-password pair or user is disabled.
    at parseError (/Users/adrianfranciscoperezgomez/Desktop/Personal Apps/vult-intel/node_modules/redis-parser/lib/parser.js:179:12)
    at parseType (/Users/adrianfranciscoperezgomez/Desktop/Personal Apps/vult-intel/node_modules/redis-parser/lib/parser.js:302:14) {
  command: { name: 'auth', args: [ 'IVB0VPnPl0urvQrpSKkbXLdEZBUfSHaP' ] }
}
ReplyError: WRONGPASS invalid username-password pair or user is disabled.
    at parseError (/Users/adrianfranciscoperezgomez/Desktop/Personal Apps/vult-intel/node_modules/redis-parser/lib/parser.js:179:12)
    at parseType (/Users/adrianfranciscoperezgomez/Desktop/Personal Apps/vult-intel/node_modules/redis-parser/lib/parser.js:302:14) {
  command: { name: 'auth', args: [ 'IVB0VPnPl0urvQrpSKkbXLdEZBUfSHaP' ] }
}
ReplyError: WRONGPASS invalid username-password pair or user is disabled.
    at parseError (/Users/adrianfranciscoperezgomez/Desktop/Personal Apps/vult-intel/node_modules/redis-parser/lib/parser.js:179:12)
    at parseType (/Users/adrianfranciscoperezgomez/Desktop/Personal Apps/vult-intel/node_modules/redis-parser/lib/parser.js:302:14) {
  command: { name: 'auth', args: [ 'IVB0VPnPl0urvQrpSKkbXLdEZBUfSHaP' ] }
}
Connected to Redis for persistence
ReplyError: WRONGPASS invalid username-password pair or user is disabled.
    at parseError (/Users/adrianfranciscoperezgomez/Desktop/Personal Apps/vult-intel/node_modules/redis-parser/lib/parser.js:179:12)
    at parseType (/Users/adrianfranciscoperezgomez/Desktop/Personal Apps/vult-intel/node_modules/redis-parser/lib/parser.js:302:14) {
  command: { name: 'auth', args: [ 'IVB0VPnPl0urvQrpSKkbXLdEZBUfSHaP' ] }
}
Redis connection error: ReplyError: WRONGPASS invalid username-password pair or user is disabled.
    at parseError (/Users/adrianfranciscoperezgomez/Desktop/Personal Apps/vult-intel/node_modules/redis-parser/lib/parser.js:179:12)
    at parseType (/Users/adrianfranciscoperezgomez/Desktop/Personal Apps/vult-intel/node_modules/redis-parser/lib/parser.js:302:14) {
  command: { name: 'auth', args: [ 'IVB0VPnPl0urvQrpSKkbXLdEZBUfSHaP' ] }
}
ReplyError: WRONGPASS invalid username-password pair or user is disabled.
    at parseError (/Users/adrianfranciscoperezgomez/Desktop/Personal Apps/vult-intel/node_modules/redis-parser/lib/parser.js:179:12)
    at parseType (/Users/adrianfranciscoperezgomez/Desktop/Personal Apps/vult-intel/node_modules/redis-parser/lib/parser.js:302:14) {
  command: { name: 'auth', args: [ 'IVB0VPnPl0urvQrpSKkbXLdEZBUfSHaP' ] }
}
ReplyError: WRONGPASS invalid username-password pair or user is disabled.
    at parseError (/Users/adrianfranciscoperezgomez/Desktop/Personal Apps/vult-intel/node_modules/redis-parser/lib/parser.js:179:12)
    at parseType (/Users/adrianfranciscoperezgomez/Desktop/Personal Apps/vult-intel/node_modules/redis-parser/lib/parser.js:302:14) {
  command: { name: 'auth', args: [ 'IVB0VPnPl0urvQrpSKkbXLdEZBUfSHaP' ] }
}
ReplyError: WRONGPASS invalid username-password pair or user is disabled.
    at parseError (/Users/adrianfranciscoperezgomez/Desktop/Personal Apps/vult-intel/node_modules/redis-parser/lib/parser.js:179:12)
    at parseType (/Users/adrianfranciscoperezgomez/Desktop/Personal Apps/vult-intel/node_modules/redis-parser/lib/parser.js:302:14) {
  command: { name: 'auth', args: [ 'IVB0VPnPl0urvQrpSKkbXLdEZBUfSHaP' ] }
}
ReplyError: WRONGPASS invalid username-password pair or user is disabled.
    at parseError (/Users/adrianfranciscoperezgomez/Desktop/Personal Apps/vult-intel/node_modules/redis-parser/lib/parser.js:179:12)
    at parseType (/Users/adrianfranciscoperezgomez/Desktop/Personal Apps/vult-intel/node_modules/redis-parser/lib/parser.js:302:14) {
  command: { name: 'auth', args: [ 'IVB0VPnPl0urvQrpSKkbXLdEZBUfSHaP' ] }
}
ReplyError: WRONGPASS invalid username-password pair or user is disabled.
    at parseError (/Users/adrianfranciscoperezgomez/Desktop/Personal Apps/vult-intel/node_modules/redis-parser/lib/parser.js:179:12)
    at parseType (/Users/adrianfranciscoperezgomez/Desktop/Personal Apps/vult-intel/node_modules/redis-parser/lib/parser.js:302:14) {
  command: { name: 'auth', args: [ 'IVB0VPnPl0urvQrpSKkbXLdEZBUfSHaP' ] }
}
Connected to Redis for persistence
ReplyError: WRONGPASS invalid username-password pair or user is disabled.
    at parseError (/Users/adrianfranciscoperezgomez/Desktop/Personal Apps/vult-intel/node_modules/redis-parser/lib/parser.js:179:12)
    at parseType (/Users/adrianfranciscoperezgomez/Desktop/Personal Apps/vult-intel/node_modules/redis-parser/lib/parser.js:302:14) {
  command: { name: 'auth', args: [ 'IVB0VPnPl0urvQrpSKkbXLdEZBUfSHaP' ] }
}
Redis connection error: ReplyError: WRONGPASS invalid username-password pair or user is disabled.
    at parseError (/Users/adrianfranciscoperezgomez/Desktop/Personal Apps/vult-intel/node_modules/redis-parser/lib/parser.js:179:12)
    at parseType (/Users/adrianfranciscoperezgomez/Desktop/Personal Apps/vult-intel/node_modules/redis-parser/lib/parser.js:302:14) {
  command: { name: 'auth', args: [ 'IVB0VPnPl0urvQrpSKkbXLdEZBUfSHaP' ] }
}
ReplyError: WRONGPASS invalid username-password pair or user is disabled.
    at parseError (/Users/adrianfranciscoperezgomez/Desktop/Personal Apps/vult-intel/node_modules/redis-parser/lib/parser.js:179:12)
    at parseType (/Users/adrianfranciscoperezgomez/Desktop/Personal Apps/vult-intel/node_modules/redis-parser/lib/parser.js:302:14) {
  command: { name: 'auth', args: [ 'IVB0VPnPl0urvQrpSKkbXLdEZBUfSHaP' ] }
}
ReplyError: WRONGPASS invalid username-password pair or user is disabled.
    at parseError (/Users/adrianfranciscoperezgomez/Desktop/Personal Apps/vult-intel/node_modules/redis-parser/lib/parser.js:179:12)
    at parseType (/Users/adrianfranciscoperezgomez/Desktop/Personal Apps/vult-intel/node_modules/redis-parser/lib/parser.js:302:14) {
  command: { name: 'auth', args: [ 'IVB0VPnPl0urvQrpSKkbXLdEZBUfSHaP' ] }
}
ReplyError: WRONGPASS invalid username-password pair or user is disabled.
    at parseError (/Users/adrianfranciscoperezgomez/Desktop/Personal Apps/vult-intel/node_modules/redis-parser/lib/parser.js:179:12)
    at parseType (/Users/adrianfranciscoperezgomez/Desktop/Personal Apps/vult-intel/node_modules/redis-parser/lib/parser.js:302:14) {
  command: { name: 'auth', args: [ 'IVB0VPnPl0urvQrpSKkbXLdEZBUfSHaP' ] }
}
ReplyError: WRONGPASS invalid username-password pair or user is disabled.
    at parseError (/Users/adrianfranciscoperezgomez/Desktop/Personal Apps/vult-intel/node_modules/redis-parser/lib/parser.js:179:12)
    at parseType (/Users/adrianfranciscoperezgomez/Desktop/Personal Apps/vult-intel/node_modules/redis-parser/lib/parser.js:302:14) {
  command: { name: 'auth', args: [ 'IVB0VPnPl0urvQrpSKkbXLdEZBUfSHaP' ] }
}
ReplyError: WRONGPASS invalid username-password pair or user is disabled.
    at parseError (/Users/adrianfranciscoperezgomez/Desktop/Personal Apps/vult-intel/node_modules/redis-parser/lib/parser.js:179:12)
    at parseType (/Users/adrianfranciscoperezgomez/Desktop/Personal Apps/vult-intel/node_modules/redis-parser/lib/parser.js:302:14) {
  command: { name: 'auth', args: [ 'IVB0VPnPl0urvQrpSKkbXLdEZBUfSHaP' ] }
}
Connected to Redis for persistence
ReplyError: WRONGPASS invalid username-password pair or user is disabled.
    at parseError (/Users/adrianfranciscoperezgomez/Desktop/Personal Apps/vult-intel/node_modules/redis-parser/lib/parser.js:179:12)
    at parseType (/Users/adrianfranciscoperezgomez/Desktop/Personal Apps/vult-intel/node_modules/redis-parser/lib/parser.js:302:14) {
  command: { name: 'auth', args: [ 'IVB0VPnPl0urvQrpSKkbXLdEZBUfSHaP' ] }
}
Redis connection error: ReplyError: WRONGPASS invalid username-password pair or user is disabled.
    at parseError (/Users/adrianfranciscoperezgomez/Desktop/Personal Apps/vult-intel/node_modules/redis-parser/lib/parser.js:179:12)
    at parseType (/Users/adrianfranciscoperezgomez/Desktop/Personal Apps/vult-intel/node_modules/redis-parser/lib/parser.js:302:14) {
  command: { name: 'auth', args: [ 'IVB0VPnPl0urvQrpSKkbXLdEZBUfSHaP' ] }
}
ReplyError: WRONGPASS invalid username-password pair or user is disabled.
    at parseError (/Users/adrianfranciscoperezgomez/Desktop/Personal Apps/vult-intel/node_modules/redis-parser/lib/parser.js:179:12)
    at parseType (/Users/adrianfranciscoperezgomez/Desktop/Personal Apps/vult-intel/node_modules/redis-parser/lib/parser.js:302:14) {
  command: { name: 'auth', args: [ 'IVB0VPnPl0urvQrpSKkbXLdEZBUfSHaP' ] }
}
ReplyError: WRONGPASS invalid username-password pair or user is disabled.
    at parseError (/Users/adrianfranciscoperezgomez/Desktop/Personal Apps/vult-intel/node_modules/redis-parser/lib/parser.js:179:12)
    at parseType (/Users/adrianfranciscoperezgomez/Desktop/Personal Apps/vult-intel/node_modules/redis-parser/lib/parser.js:302:14) {
  command: { name: 'auth', args: [ 'IVB0VPnPl0urvQrpSKkbXLdEZBUfSHaP' ] }
}
ReplyError: WRONGPASS invalid username-password pair or user is disabled.
    at parseError (/Users/adrianfranciscoperezgomez/Desktop/Personal Apps/vult-intel/node_modules/redis-parser/lib/parser.js:179:12)
    at parseType (/Users/adrianfranciscoperezgomez/Desktop/Personal Apps/vult-intel/node_modules/redis-parser/lib/parser.js:302:14) {
  command: { name: 'auth', args: [ 'IVB0VPnPl0urvQrpSKkbXLdEZBUfSHaP' ] }
}
ReplyError: WRONGPASS invalid username-password pair or user is disabled.
    at parseError (/Users/adrianfranciscoperezgomez/Desktop/Personal Apps/vult-intel/node_modules/redis-parser/lib/parser.js:179:12)
    at parseType (/Users/adrianfranciscoperezgomez/Desktop/Personal Apps/vult-intel/node_modules/redis-parser/lib/parser.js:302:14) {
  command: { name: 'auth', args: [ 'IVB0VPnPl0urvQrpSKkbXLdEZBUfSHaP' ] }
}
ReplyError: WRONGPASS invalid username-password pair or user is disabled.
    at parseError (/Users/adrianfranciscoperezgomez/Desktop/Personal Apps/vult-intel/node_modules/redis-parser/lib/parser.js:179:12)
    at parseType (/Users/adrianfranciscoperezgomez/Desktop/Personal Apps/vult-intel/node_modules/redis-parser/lib/parser.js:302:14) {
  command: { name: 'auth', args: [ 'IVB0VPnPl0urvQrpSKkbXLdEZBUfSHaP' ] }
}
Connected to Redis for persistence
ReplyError: WRONGPASS invalid username-password pair or user is disabled.
    at parseError (/Users/adrianfranciscoperezgomez/Desktop/Personal Apps/vult-intel/node_modules/redis-parser/lib/parser.js:179:12)
    at parseType (/Users/adrianfranciscoperezgomez/Desktop/Personal Apps/vult-intel/node_modules/redis-parser/lib/parser.js:302:14) {
  command: { name: 'auth', args: [ 'IVB0VPnPl0urvQrpSKkbXLdEZBUfSHaP' ] }
}
Redis connection error: ReplyError: WRONGPASS invalid username-password pair or user is disabled.
    at parseError (/Users/adrianfranciscoperezgomez/Desktop/Personal Apps/vult-intel/node_modules/redis-parser/lib/parser.js:179:12)
    at parseType (/Users/adrianfranciscoperezgomez/Desktop/Personal Apps/vult-intel/node_modules/redis-parser/lib/parser.js:302:14) {
  command: { name: 'auth', args: [ 'IVB0VPnPl0urvQrpSKkbXLdEZBUfSHaP' ] }
}
ReplyError: WRONGPASS invalid username-password pair or user is disabled.
    at parseError (/Users/adrianfranciscoperezgomez/Desktop/Personal Apps/vult-intel/node_modules/redis-parser/lib/parser.js:179:12)
    at parseType (/Users/adrianfranciscoperezgomez/Desktop/Personal Apps/vult-intel/node_modules/redis-parser/lib/parser.js:302:14) {
  command: { name: 'auth', args: [ 'IVB0VPnPl0urvQrpSKkbXLdEZBUfSHaP' ] }
}
ReplyError: WRONGPASS invalid username-password pair or user is disabled.
    at parseError (/Users/adrianfranciscoperezgomez/Desktop/Personal Apps/vult-intel/node_modules/redis-parser/lib/parser.js:179:12)
    at parseType (/Users/adrianfranciscoperezgomez/Desktop/Personal Apps/vult-intel/node_modules/redis-parser/lib/parser.js:302:14) {
  command: { name: 'auth', args: [ 'IVB0VPnPl0urvQrpSKkbXLdEZBUfSHaP' ] }
}
ReplyError: WRONGPASS invalid username-password pair or user is disabled.
    at parseError (/Users/adrianfranciscoperezgomez/Desktop/Personal Apps/vult-intel/node_modules/redis-parser/lib/parser.js:179:12)
    at parseType (/Users/adrianfranciscoperezgomez/Desktop/Personal Apps/vult-intel/node_modules/redis-parser/lib/parser.js:302:14) {
  command: { name: 'auth', args: [ 'IVB0VPnPl0urvQrpSKkbXLdEZBUfSHaP' ] }
}
ReplyError: WRONGPASS invalid username-password pair or user is disabled.
    at parseError (/Users/adrianfranciscoperezgomez/Desktop/Personal Apps/vult-intel/node_modules/redis-parser/lib/parser.js:179:12)
    at parseType (/Users/adrianfranciscoperezgomez/Desktop/Personal Apps/vult-intel/node_modules/redis-parser/lib/parser.js:302:14) {
  command: { name: 'auth', args: [ 'IVB0VPnPl0urvQrpSKkbXLdEZBUfSHaP' ] }
}
ReplyError: WRONGPASS invalid username-password pair or user is disabled.
    at parseError (/Users/adrianfranciscoperezgomez/Desktop/Personal Apps/vult-intel/node_modules/redis-parser/lib/parser.js:179:12)
    at parseType (/Users/adrianfranciscoperezgomez/Desktop/Personal Apps/vult-intel/node_modules/redis-parser/lib/parser.js:302:14) {
  command: { name: 'auth', args: [ 'IVB0VPnPl0urvQrpSKkbXLdEZBUfSHaP' ] }
}
Connected to Redis for persistence
ReplyError: WRONGPASS invalid username-password pair or user is disabled.
    at parseError (/Users/adrianfranciscoperezgomez/Desktop/Personal Apps/vult-intel/node_modules/redis-parser/lib/parser.js:179:12)
    at parseType (/Users/adrianfranciscoperezgomez/Desktop/Personal Apps/vult-intel/node_modules/redis-parser/lib/parser.js:302:14) {
  command: { name: 'auth', args: [ 'IVB0VPnPl0urvQrpSKkbXLdEZBUfSHaP' ] }
}
Redis connection error: ReplyError: WRONGPASS invalid username-password pair or user is disabled.
    at parseError (/Users/adrianfranciscoperezgomez/Desktop/Personal Apps/vult-intel/node_modules/redis-parser/lib/parser.js:179:12)
    at parseType (/Users/adrianfranciscoperezgomez/Desktop/Personal Apps/vult-intel/node_modules/redis-parser/lib/parser.js:302:14) {
  command: { name: 'auth', args: [ 'IVB0VPnPl0urvQrpSKkbXLdEZBUfSHaP' ] }
}
ReplyError: WRONGPASS invalid username-password pair or user is disabled.
    at parseError (/Users/adrianfranciscoperezgomez/Desktop/Personal Apps/vult-intel/node_modules/redis-parser/lib/parser.js:179:12)
    at parseType (/Users/adrianfranciscoperezgomez/Desktop/Personal Apps/vult-intel/node_modules/redis-parser/lib/parser.js:302:14) {
  command: { name: 'auth', args: [ 'IVB0VPnPl0urvQrpSKkbXLdEZBUfSHaP' ] }
}
ReplyError: WRONGPASS invalid username-password pair or user is disabled.
    at parseError (/Users/adrianfranciscoperezgomez/Desktop/Personal Apps/vult-intel/node_modules/redis-parser/lib/parser.js:179:12)
    at parseType (/Users/adrianfranciscoperezgomez/Desktop/Personal Apps/vult-intel/node_modules/redis-parser/lib/parser.js:302:14) {
  command: { name: 'auth', args: [ 'IVB0VPnPl0urvQrpSKkbXLdEZBUfSHaP' ] }
}
ReplyError: WRONGPASS invalid username-password pair or user is disabled.
    at parseError (/Users/adrianfranciscoperezgomez/Desktop/Personal Apps/vult-intel/node_modules/redis-parser/lib/parser.js:179:12)
    at parseType (/Users/adrianfranciscoperezgomez/Desktop/Personal Apps/vult-intel/node_modules/redis-parser/lib/parser.js:302:14) {
  command: { name: 'auth', args: [ 'IVB0VPnPl0urvQrpSKkbXLdEZBUfSHaP' ] }
}
ReplyError: WRONGPASS invalid username-password pair or user is disabled.
    at parseError (/Users/adrianfranciscoperezgomez/Desktop/Personal Apps/vult-intel/node_modules/redis-parser/lib/parser.js:179:12)
    at parseType (/Users/adrianfranciscoperezgomez/Desktop/Personal Apps/vult-intel/node_modules/redis-parser/lib/parser.js:302:14) {
  command: { name: 'auth', args: [ 'IVB0VPnPl0urvQrpSKkbXLdEZBUfSHaP' ] }
}
ReplyError: WRONGPASS invalid username-password pair or user is disabled.
    at parseError (/Users/adrianfranciscoperezgomez/Desktop/Personal Apps/vult-intel/node_modules/redis-parser/lib/parser.js:179:12)
    at parseType (/Users/adrianfranciscoperezgomez/Desktop/Personal Apps/vult-intel/node_modules/redis-parser/lib/parser.js:302:14) {
  command: { name: 'auth', args: [ 'IVB0VPnPl0urvQrpSKkbXLdEZBUfSHaP' ] }
}
Connected to Redis for persistence
Redis connection error: ReplyError: WRONGPASS invalid username-password pair or user is disabled.
    at parseError (/Users/adrianfranciscoperezgomez/Desktop/Personal Apps/vult-intel/node_modules/redis-parser/lib/parser.js:179:12)
    at parseType (/Users/adrianfranciscoperezgomez/Desktop/Personal Apps/vult-intel/node_modules/redis-parser/lib/parser.js:302:14) {
  command: { name: 'auth', args: [ 'IVB0VPnPl0urvQrpSKkbXLdEZBUfSHaP' ] }
}
ReplyError: WRONGPASS invalid username-password pair or user is disabled.
    at parseError (/Users/adrianfranciscoperezgomez/Desktop/Personal Apps/vult-intel/node_modules/redis-parser/lib/parser.js:179:12)
    at parseType (/Users/adrianfranciscoperezgomez/Desktop/Personal Apps/vult-intel/node_modules/redis-parser/lib/parser.js:302:14) {
  command: { name: 'auth', args: [ 'IVB0VPnPl0urvQrpSKkbXLdEZBUfSHaP' ] }
}
ReplyError: WRONGPASS invalid username-password pair or user is disabled.
    at parseError (/Users/adrianfranciscoperezgomez/Desktop/Personal Apps/vult-intel/node_modules/redis-parser/lib/parser.js:179:12)
    at parseType (/Users/adrianfranciscoperezgomez/Desktop/Personal Apps/vult-intel/node_modules/redis-parser/lib/parser.js:302:14) {
  command: { name: 'auth', args: [ 'IVB0VPnPl0urvQrpSKkbXLdEZBUfSHaP' ] }
}
ReplyError: WRONGPASS invalid username-password pair or user is disabled.
    at parseError (/Users/adrianfranciscoperezgomez/Desktop/Personal Apps/vult-intel/node_modules/redis-parser/lib/parser.js:179:12)
    at parseType (/Users/adrianfranciscoperezgomez/Desktop/Personal Apps/vult-intel/node_modules/redis-parser/lib/parser.js:302:14) {
  command: { name: 'auth', args: [ 'IVB0VPnPl0urvQrpSKkbXLdEZBUfSHaP' ] }
}
ReplyError: WRONGPASS invalid username-password pair or user is disabled.
    at parseError (/Users/adrianfranciscoperezgomez/Desktop/Personal Apps/vult-intel/node_modules/redis-parser/lib/parser.js:179:12)
    at parseType (/Users/adrianfranciscoperezgomez/Desktop/Personal Apps/vult-intel/node_modules/redis-parser/lib/parser.js:302:14) {
  command: { name: 'auth', args: [ 'IVB0VPnPl0urvQrpSKkbXLdEZBUfSHaP' ] }
}
ReplyError: WRONGPASS invalid username-password pair or user is disabled.
    at parseError (/Users/adrianfranciscoperezgomez/Desktop/Personal Apps/vult-intel/node_modules/redis-parser/lib/parser.js:179:12)
    at parseType (/Users/adrianfranciscoperezgomez/Desktop/Personal Apps/vult-intel/node_modules/redis-parser/lib/parser.js:302:14) {
  command: { name: 'auth', args: [ 'IVB0VPnPl0urvQrpSKkbXLdEZBUfSHaP' ] }
}
ReplyError: WRONGPASS invalid username-password pair or user is disabled.
    at parseError (/Users/adrianfranciscoperezgomez/Desktop/Personal Apps/vult-intel/node_modules/redis-parser/lib/parser.js:179:12)
    at parseType (/Users/adrianfranciscoperezgomez/Desktop/Personal Apps/vult-intel/node_modules/redis-parser/lib/parser.js:302:14) {
  command: { name: 'auth', args: [ 'IVB0VPnPl0urvQrpSKkbXLdEZBUfSHaP' ] }
}
Connected to Redis for persistence
ReplyError: WRONGPASS invalid username-password pair or user is disabled.
    at parseError (/Users/adrianfranciscoperezgomez/Desktop/Personal Apps/vult-intel/node_modules/redis-parser/lib/parser.js:179:12)
    at parseType (/Users/adrianfranciscoperezgomez/Desktop/Personal Apps/vult-intel/node_modules/redis-parser/lib/parser.js:302:14) {
  command: { name: 'auth', args: [ 'IVB0VPnPl0urvQrpSKkbXLdEZBUfSHaP' ] }
}
Redis connection error: ReplyError: WRONGPASS invalid username-password pair or user is disabled.
    at parseError (/Users/adrianfranciscoperezgomez/Desktop/Personal Apps/vult-intel/node_modules/redis-parser/lib/parser.js:179:12)
    at parseType (/Users/adrianfranciscoperezgomez/Desktop/Personal Apps/vult-intel/node_modules/redis-parser/lib/parser.js:302:14) {
  command: { name: 'auth', args: [ 'IVB0VPnPl0urvQrpSKkbXLdEZBUfSHaP' ] }
}
ReplyError: WRONGPASS invalid username-password pair or user is disabled.
    at parseError (/Users/adrianfranciscoperezgomez/Desktop/Personal Apps/vult-intel/node_modules/redis-parser/lib/parser.js:179:12)
    at parseType (/Users/adrianfranciscoperezgomez/Desktop/Personal Apps/vult-intel/node_modules/redis-parser/lib/parser.js:302:14) {
  command: { name: 'auth', args: [ 'IVB0VPnPl0urvQrpSKkbXLdEZBUfSHaP' ] }
}
ReplyError: WRONGPASS invalid username-password pair or user is disabled.
    at parseError (/Users/adrianfranciscoperezgomez/Desktop/Personal Apps/vult-intel/node_modules/redis-parser/lib/parser.js:179:12)
    at parseType (/Users/adrianfranciscoperezgomez/Desktop/Personal Apps/vult-intel/node_modules/redis-parser/lib/parser.js:302:14) {
  command: { name: 'auth', args: [ 'IVB0VPnPl0urvQrpSKkbXLdEZBUfSHaP' ] }
}
ReplyError: WRONGPASS invalid username-password pair or user is disabled.
    at parseError (/Users/adrianfranciscoperezgomez/Desktop/Personal Apps/vult-intel/node_modules/redis-parser/lib/parser.js:179:12)
    at parseType (/Users/adrianfranciscoperezgomez/Desktop/Personal Apps/vult-intel/node_modules/redis-parser/lib/parser.js:302:14) {
  command: { name: 'auth', args: [ 'IVB0VPnPl0urvQrpSKkbXLdEZBUfSHaP' ] }
}
ReplyError: WRONGPASS invalid username-password pair or user is disabled.
    at parseError (/Users/adrianfranciscoperezgomez/Desktop/Personal Apps/vult-intel/node_modules/redis-parser/lib/parser.js:179:12)
    at parseType (/Users/adrianfranciscoperezgomez/Desktop/Personal Apps/vult-intel/node_modules/redis-parser/lib/parser.js:302:14) {
  command: { name: 'auth', args: [ 'IVB0VPnPl0urvQrpSKkbXLdEZBUfSHaP' ] }
}
ReplyError: WRONGPASS invalid username-password pair or user is disabled.
    at parseError (/Users/adrianfranciscoperezgomez/Desktop/Personal Apps/vult-intel/node_modules/redis-parser/lib/parser.js:179:12)
    at parseType (/Users/adrianfranciscoperezgomez/Desktop/Personal Apps/vult-intel/node_modules/redis-parser/lib/parser.js:302:14) {
  command: { name: 'auth', args: [ 'IVB0VPnPl0urvQrpSKkbXLdEZBUfSHaP' ] }
}
Connected to Redis for persistence
Redis connection error: ReplyError: WRONGPASS invalid username-password pair or user is disabled.
    at parseError (/Users/adrianfranciscoperezgomez/Desktop/Personal Apps/vult-intel/node_modules/redis-parser/lib/parser.js:179:12)
    at parseType (/Users/adrianfranciscoperezgomez/Desktop/Personal Apps/vult-intel/node_modules/redis-parser/lib/parser.js:302:14) {
  command: { name: 'auth', args: [ 'IVB0VPnPl0urvQrpSKkbXLdEZBUfSHaP' ] }
}
ReplyError: WRONGPASS invalid username-password pair or user is disabled.
    at parseError (/Users/adrianfranciscoperezgomez/Desktop/Personal Apps/vult-intel/node_modules/redis-parser/lib/parser.js:179:12)
    at parseType (/Users/adrianfranciscoperezgomez/Desktop/Personal Apps/vult-intel/node_modules/redis-parser/lib/parser.js:302:14) {
  command: { name: 'auth', args: [ 'IVB0VPnPl0urvQrpSKkbXLdEZBUfSHaP' ] }
}
ReplyError: WRONGPASS invalid username-password pair or user is disabled.
    at parseError (/Users/adrianfranciscoperezgomez/Desktop/Personal Apps/vult-intel/node_modules/redis-parser/lib/parser.js:179:12)
    at parseType (/Users/adrianfranciscoperezgomez/Desktop/Personal Apps/vult-intel/node_modules/redis-parser/lib/parser.js:302:14) {
  command: { name: 'auth', args: [ 'IVB0VPnPl0urvQrpSKkbXLdEZBUfSHaP' ] }
}
ReplyError: WRONGPASS invalid username-password pair or user is disabled.
    at parseError (/Users/adrianfranciscoperezgomez/Desktop/Personal Apps/vult-intel/node_modules/redis-parser/lib/parser.js:179:12)
    at parseType (/Users/adrianfranciscoperezgomez/Desktop/Personal Apps/vult-intel/node_modules/redis-parser/lib/parser.js:302:14) {
  command: { name: 'auth', args: [ 'IVB0VPnPl0urvQrpSKkbXLdEZBUfSHaP' ] }
}
ReplyError: WRONGPASS invalid username-password pair or user is disabled.
    at parseError (/Users/adrianfranciscoperezgomez/Desktop/Personal Apps/vult-intel/node_modules/redis-parser/lib/parser.js:179:12)
    at parseType (/Users/adrianfranciscoperezgomez/Desktop/Personal Apps/vult-intel/node_modules/redis-parser/lib/parser.js:302:14) {
  command: { name: 'auth', args: [ 'IVB0VPnPl0urvQrpSKkbXLdEZBUfSHaP' ] }
}
ReplyError: WRONGPASS invalid username-password pair or user is disabled.
    at parseError (/Users/adrianfranciscoperezgomez/Desktop/Personal Apps/vult-intel/node_modules/redis-parser/lib/parser.js:179:12)
    at parseType (/Users/adrianfranciscoperezgomez/Desktop/Personal Apps/vult-intel/node_modules/redis-parser/lib/parser.js:302:14) {
  command: { name: 'auth', args: [ 'IVB0VPnPl0urvQrpSKkbXLdEZBUfSHaP' ] }
}
ReplyError: WRONGPASS invalid username-password pair or user is disabled.
    at parseError (/Users/adrianfranciscoperezgomez/Desktop/Personal Apps/vult-intel/node_modules/redis-parser/lib/parser.js:179:12)
    at parseType (/Users/adrianfranciscoperezgomez/Desktop/Personal Apps/vult-intel/node_modules/redis-parser/lib/parser.js:302:14) {
  command: { name: 'auth', args: [ 'IVB0VPnPl0urvQrpSKkbXLdEZBUfSHaP' ] }
}
Connected to Redis for persistence
Redis connection error: ReplyError: WRONGPASS invalid username-password pair or user is disabled.
    at parseError (/Users/adrianfranciscoperezgomez/Desktop/Personal Apps/vult-intel/node_modules/redis-parser/lib/parser.js:179:12)
    at parseType (/Users/adrianfranciscoperezgomez/Desktop/Personal Apps/vult-intel/node_modules/redis-parser/lib/parser.js:302:14) {
  command: { name: 'auth', args: [ 'IVB0VPnPl0urvQrpSKkbXLdEZBUfSHaP' ] }
}
ReplyError: WRONGPASS invalid username-password pair or user is disabled.
    at parseError (/Users/adrianfranciscoperezgomez/Desktop/Personal Apps/vult-intel/node_modules/redis-parser/lib/parser.js:179:12)
    at parseType (/Users/adrianfranciscoperezgomez/Desktop/Personal Apps/vult-intel/node_modules/redis-parser/lib/parser.js:302:14) {
  command: { name: 'auth', args: [ 'IVB0VPnPl0urvQrpSKkbXLdEZBUfSHaP' ] }
}
ReplyError: WRONGPASS invalid username-password pair or user is disabled.
    at parseError (/Users/adrianfranciscoperezgomez/Desktop/Personal Apps/vult-intel/node_modules/redis-parser/lib/parser.js:179:12)
    at parseType (/Users/adrianfranciscoperezgomez/Desktop/Personal Apps/vult-intel/node_modules/redis-parser/lib/parser.js:302:14) {
  command: { name: 'auth', args: [ 'IVB0VPnPl0urvQrpSKkbXLdEZBUfSHaP' ] }
}
ReplyError: WRONGPASS invalid username-password pair or user is disabled.
    at parseError (/Users/adrianfranciscoperezgomez/Desktop/Personal Apps/vult-intel/node_modules/redis-parser/lib/parser.js:179:12)
    at parseType (/Users/adrianfranciscoperezgomez/Desktop/Personal Apps/vult-intel/node_modules/redis-parser/lib/parser.js:302:14) {
  command: { name: 'auth', args: [ 'IVB0VPnPl0urvQrpSKkbXLdEZBUfSHaP' ] }
}
ReplyError: WRONGPASS invalid username-password pair or user is disabled.
    at parseError (/Users/adrianfranciscoperezgomez/Desktop/Personal Apps/vult-intel/node_modules/redis-parser/lib/parser.js:179:12)
    at parseType (/Users/adrianfranciscoperezgomez/Desktop/Personal Apps/vult-intel/node_modules/redis-parser/lib/parser.js:302:14) {
  command: { name: 'auth', args: [ 'IVB0VPnPl0urvQrpSKkbXLdEZBUfSHaP' ] }
}
ReplyError: WRONGPASS invalid username-password pair or user is disabled.
    at parseError (/Users/adrianfranciscoperezgomez/Desktop/Personal Apps/vult-intel/node_modules/redis-parser/lib/parser.js:179:12)
    at parseType (/Users/adrianfranciscoperezgomez/Desktop/Personal Apps/vult-intel/node_modules/redis-parser/lib/parser.js:302:14) {
  command: { name: 'auth', args: [ 'IVB0VPnPl0urvQrpSKkbXLdEZBUfSHaP' ] }
}
ReplyError: WRONGPASS invalid username-password pair or user is disabled.
    at parseError (/Users/adrianfranciscoperezgomez/Desktop/Personal Apps/vult-intel/node_modules/redis-parser/lib/parser.js:179:12)
    at parseType (/Users/adrianfranciscoperezgomez/Desktop/Personal Apps/vult-intel/node_modules/redis-parser/lib/parser.js:302:14) {
  command: { name: 'auth', args: [ 'IVB0VPnPl0urvQrpSKkbXLdEZBUfSHaP' ] }
}
Connected to Redis for persistence
ReplyError: WRONGPASS invalid username-password pair or user is disabled.
    at parseError (/Users/adrianfranciscoperezgomez/Desktop/Personal Apps/vult-intel/node_modules/redis-parser/lib/parser.js:179:12)
    at parseType (/Users/adrianfranciscoperezgomez/Desktop/Personal Apps/vult-intel/node_modules/redis-parser/lib/parser.js:302:14) {
  command: { name: 'auth', args: [ 'IVB0VPnPl0urvQrpSKkbXLdEZBUfSHaP' ] }
}
Redis connection error: ReplyError: WRONGPASS invalid username-password pair or user is disabled.
    at parseError (/Users/adrianfranciscoperezgomez/Desktop/Personal Apps/vult-intel/node_modules/redis-parser/lib/parser.js:179:12)
    at parseType (/Users/adrianfranciscoperezgomez/Desktop/Personal Apps/vult-intel/node_modules/redis-parser/lib/parser.js:302:14) {
  command: { name: 'auth', args: [ 'IVB0VPnPl0urvQrpSKkbXLdEZBUfSHaP' ] }
}
ReplyError: WRONGPASS invalid username-password pair or user is disabled.
    at parseError (/Users/adrianfranciscoperezgomez/Desktop/Personal Apps/vult-intel/node_modules/redis-parser/lib/parser.js:179:12)
    at parseType (/Users/adrianfranciscoperezgomez/Desktop/Personal Apps/vult-intel/node_modules/redis-parser/lib/parser.js:302:14) {
  command: { name: 'auth', args: [ 'IVB0VPnPl0urvQrpSKkbXLdEZBUfSHaP' ] }
}
ReplyError: WRONGPASS invalid username-password pair or user is disabled.
    at parseError (/Users/adrianfranciscoperezgomez/Desktop/Personal Apps/vult-intel/node_modules/redis-parser/lib/parser.js:179:12)
    at parseType (/Users/adrianfranciscoperezgomez/Desktop/Personal Apps/vult-intel/node_modules/redis-parser/lib/parser.js:302:14) {
  command: { name: 'auth', args: [ 'IVB0VPnPl0urvQrpSKkbXLdEZBUfSHaP' ] }
}
ReplyError: WRONGPASS invalid username-password pair or user is disabled.
    at parseError (/Users/adrianfranciscoperezgomez/Desktop/Personal Apps/vult-intel/node_modules/redis-parser/lib/parser.js:179:12)
    at parseType (/Users/adrianfranciscoperezgomez/Desktop/Personal Apps/vult-intel/node_modules/redis-parser/lib/parser.js:302:14) {
  command: { name: 'auth', args: [ 'IVB0VPnPl0urvQrpSKkbXLdEZBUfSHaP' ] }
}
ReplyError: WRONGPASS invalid username-password pair or user is disabled.
    at parseError (/Users/adrianfranciscoperezgomez/Desktop/Personal Apps/vult-intel/node_modules/redis-parser/lib/parser.js:179:12)
    at parseType (/Users/adrianfranciscoperezgomez/Desktop/Personal Apps/vult-intel/node_modules/redis-parser/lib/parser.js:302:14) {
  command: { name: 'auth', args: [ 'IVB0VPnPl0urvQrpSKkbXLdEZBUfSHaP' ] }
}
ReplyError: WRONGPASS invalid username-password pair or user is disabled.
    at parseError (/Users/adrianfranciscoperezgomez/Desktop/Personal Apps/vult-intel/node_modules/redis-parser/lib/parser.js:179:12)
    at parseType (/Users/adrianfranciscoperezgomez/Desktop/Personal Apps/vult-intel/node_modules/redis-parser/lib/parser.js:302:14) {
  command: { name: 'auth', args: [ 'IVB0VPnPl0urvQrpSKkbXLdEZBUfSHaP' ] }
}
Connected to Redis for persistence
ReplyError: WRONGPASS invalid username-password pair or user is disabled.
    at parseError (/Users/adrianfranciscoperezgomez/Desktop/Personal Apps/vult-intel/node_modules/redis-parser/lib/parser.js:179:12)
    at parseType (/Users/adrianfranciscoperezgomez/Desktop/Personal Apps/vult-intel/node_modules/redis-parser/lib/parser.js:302:14) {
  command: { name: 'auth', args: [ 'IVB0VPnPl0urvQrpSKkbXLdEZBUfSHaP' ] }
}
Redis connection error: ReplyError: WRONGPASS invalid username-password pair or user is disabled.
    at parseError (/Users/adrianfranciscoperezgomez/Desktop/Personal Apps/vult-intel/node_modules/redis-parser/lib/parser.js:179:12)
    at parseType (/Users/adrianfranciscoperezgomez/Desktop/Personal Apps/vult-intel/node_modules/redis-parser/lib/parser.js:302:14) {
  command: { name: 'auth', args: [ 'IVB0VPnPl0urvQrpSKkbXLdEZBUfSHaP' ] }
}
ReplyError: WRONGPASS invalid username-password pair or user is disabled.
    at parseError (/Users/adrianfranciscoperezgomez/Desktop/Personal Apps/vult-intel/node_modules/redis-parser/lib/parser.js:179:12)
    at parseType (/Users/adrianfranciscoperezgomez/Desktop/Personal Apps/vult-intel/node_modules/redis-parser/lib/parser.js:302:14) {
  command: { name: 'auth', args: [ 'IVB0VPnPl0urvQrpSKkbXLdEZBUfSHaP' ] }
}
ReplyError: WRONGPASS invalid username-password pair or user is disabled.
    at parseError (/Users/adrianfranciscoperezgomez/Desktop/Personal Apps/vult-intel/node_modules/redis-parser/lib/parser.js:179:12)
    at parseType (/Users/adrianfranciscoperezgomez/Desktop/Personal Apps/vult-intel/node_modules/redis-parser/lib/parser.js:302:14) {
  command: { name: 'auth', args: [ 'IVB0VPnPl0urvQrpSKkbXLdEZBUfSHaP' ] }
}
ReplyError: WRONGPASS invalid username-password pair or user is disabled.
    at parseError (/Users/adrianfranciscoperezgomez/Desktop/Personal Apps/vult-intel/node_modules/redis-parser/lib/parser.js:179:12)
    at parseType (/Users/adrianfranciscoperezgomez/Desktop/Personal Apps/vult-intel/node_modules/redis-parser/lib/parser.js:302:14) {
  command: { name: 'auth', args: [ 'IVB0VPnPl0urvQrpSKkbXLdEZBUfSHaP' ] }
}
ReplyError: WRONGPASS invalid username-password pair or user is disabled.
    at parseError (/Users/adrianfranciscoperezgomez/Desktop/Personal Apps/vult-intel/node_modules/redis-parser/lib/parser.js:179:12)
    at parseType (/Users/adrianfranciscoperezgomez/Desktop/Personal Apps/vult-intel/node_modules/redis-parser/lib/parser.js:302:14) {
  command: { name: 'auth', args: [ 'IVB0VPnPl0urvQrpSKkbXLdEZBUfSHaP' ] }
}
ReplyError: WRONGPASS invalid username-password pair or user is disabled.
    at parseError (/Users/adrianfranciscoperezgomez/Desktop/Personal Apps/vult-intel/node_modules/redis-parser/lib/parser.js:179:12)
    at parseType (/Users/adrianfranciscoperezgomez/Desktop/Personal Apps/vult-intel/node_modules/redis-parser/lib/parser.js:302:14) {
  command: { name: 'auth', args: [ 'IVB0VPnPl0urvQrpSKkbXLdEZBUfSHaP' ] }
}
Connected to Redis for persistence
ReplyError: WRONGPASS invalid username-password pair or user is disabled.
    at parseError (/Users/adrianfranciscoperezgomez/Desktop/Personal Apps/vult-intel/node_modules/redis-parser/lib/parser.js:179:12)
    at parseType (/Users/adrianfranciscoperezgomez/Desktop/Personal Apps/vult-intel/node_modules/redis-parser/lib/parser.js:302:14) {
  command: { name: 'auth', args: [ 'IVB0VPnPl0urvQrpSKkbXLdEZBUfSHaP' ] }
}
Redis connection error: ReplyError: WRONGPASS invalid username-password pair or user is disabled.
    at parseError (/Users/adrianfranciscoperezgomez/Desktop/Personal Apps/vult-intel/node_modules/redis-parser/lib/parser.js:179:12)
    at parseType (/Users/adrianfranciscoperezgomez/Desktop/Personal Apps/vult-intel/node_modules/redis-parser/lib/parser.js:302:14) {
  command: { name: 'auth', args: [ 'IVB0VPnPl0urvQrpSKkbXLdEZBUfSHaP' ] }
}
ReplyError: WRONGPASS invalid username-password pair or user is disabled.
    at parseError (/Users/adrianfranciscoperezgomez/Desktop/Personal Apps/vult-intel/node_modules/redis-parser/lib/parser.js:179:12)
    at parseType (/Users/adrianfranciscoperezgomez/Desktop/Personal Apps/vult-intel/node_modules/redis-parser/lib/parser.js:302:14) {
  command: { name: 'auth', args: [ 'IVB0VPnPl0urvQrpSKkbXLdEZBUfSHaP' ] }
}
ReplyError: WRONGPASS invalid username-password pair or user is disabled.
    at parseError (/Users/adrianfranciscoperezgomez/Desktop/Personal Apps/vult-intel/node_modules/redis-parser/lib/parser.js:179:12)
    at parseType (/Users/adrianfranciscoperezgomez/Desktop/Personal Apps/vult-intel/node_modules/redis-parser/lib/parser.js:302:14) {
  command: { name: 'auth', args: [ 'IVB0VPnPl0urvQrpSKkbXLdEZBUfSHaP' ] }
}
ReplyError: WRONGPASS invalid username-password pair or user is disabled.
    at parseError (/Users/adrianfranciscoperezgomez/Desktop/Personal Apps/vult-intel/node_modules/redis-parser/lib/parser.js:179:12)
    at parseType (/Users/adrianfranciscoperezgomez/Desktop/Personal Apps/vult-intel/node_modules/redis-parser/lib/parser.js:302:14) {
  command: { name: 'auth', args: [ 'IVB0VPnPl0urvQrpSKkbXLdEZBUfSHaP' ] }
}
ReplyError: WRONGPASS invalid username-password pair or user is disabled.
    at parseError (/Users/adrianfranciscoperezgomez/Desktop/Personal Apps/vult-intel/node_modules/redis-parser/lib/parser.js:179:12)
    at parseType (/Users/adrianfranciscoperezgomez/Desktop/Personal Apps/vult-intel/node_modules/redis-parser/lib/parser.js:302:14) {
  command: { name: 'auth', args: [ 'IVB0VPnPl0urvQrpSKkbXLdEZBUfSHaP' ] }
}
ReplyError: WRONGPASS invalid username-password pair or user is disabled.
    at parseError (/Users/adrianfranciscoperezgomez/Desktop/Personal Apps/vult-intel/node_modules/redis-parser/lib/parser.js:179:12)
    at parseType (/Users/adrianfranciscoperezgomez/Desktop/Personal Apps/vult-intel/node_modules/redis-parser/lib/parser.js:302:14) {
  command: { name: 'auth', args: [ 'IVB0VPnPl0urvQrpSKkbXLdEZBUfSHaP' ] }
}
Connected to Redis for persistence
ReplyError: WRONGPASS invalid username-password pair or user is disabled.
    at parseError (/Users/adrianfranciscoperezgomez/Desktop/Personal Apps/vult-intel/node_modules/redis-parser/lib/parser.js:179:12)
    at parseType (/Users/adrianfranciscoperezgomez/Desktop/Personal Apps/vult-intel/node_modules/redis-parser/lib/parser.js:302:14) {
  command: { name: 'auth', args: [ 'IVB0VPnPl0urvQrpSKkbXLdEZBUfSHaP' ] }
}
Redis connection error: ReplyError: WRONGPASS invalid username-password pair or user is disabled.
    at parseError (/Users/adrianfranciscoperezgomez/Desktop/Personal Apps/vult-intel/node_modules/redis-parser/lib/parser.js:179:12)
    at parseType (/Users/adrianfranciscoperezgomez/Desktop/Personal Apps/vult-intel/node_modules/redis-parser/lib/parser.js:302:14) {
  command: { name: 'auth', args: [ 'IVB0VPnPl0urvQrpSKkbXLdEZBUfSHaP' ] }
}
ReplyError: WRONGPASS invalid username-password pair or user is disabled.
    at parseError (/Users/adrianfranciscoperezgomez/Desktop/Personal Apps/vult-intel/node_modules/redis-parser/lib/parser.js:179:12)
    at parseType (/Users/adrianfranciscoperezgomez/Desktop/Personal Apps/vult-intel/node_modules/redis-parser/lib/parser.js:302:14) {
  command: { name: 'auth', args: [ 'IVB0VPnPl0urvQrpSKkbXLdEZBUfSHaP' ] }
}
ReplyError: WRONGPASS invalid username-password pair or user is disabled.
    at parseError (/Users/adrianfranciscoperezgomez/Desktop/Personal Apps/vult-intel/node_modules/redis-parser/lib/parser.js:179:12)
    at parseType (/Users/adrianfranciscoperezgomez/Desktop/Personal Apps/vult-intel/node_modules/redis-parser/lib/parser.js:302:14) {
  command: { name: 'auth', args: [ 'IVB0VPnPl0urvQrpSKkbXLdEZBUfSHaP' ] }
}
ReplyError: WRONGPASS invalid username-password pair or user is disabled.
    at parseError (/Users/adrianfranciscoperezgomez/Desktop/Personal Apps/vult-intel/node_modules/redis-parser/lib/parser.js:179:12)
    at parseType (/Users/adrianfranciscoperezgomez/Desktop/Personal Apps/vult-intel/node_modules/redis-parser/lib/parser.js:302:14) {
  command: { name: 'auth', args: [ 'IVB0VPnPl0urvQrpSKkbXLdEZBUfSHaP' ] }
}
ReplyError: WRONGPASS invalid username-password pair or user is disabled.
    at parseError (/Users/adrianfranciscoperezgomez/Desktop/Personal Apps/vult-intel/node_modules/redis-parser/lib/parser.js:179:12)
    at parseType (/Users/adrianfranciscoperezgomez/Desktop/Personal Apps/vult-intel/node_modules/redis-parser/lib/parser.js:302:14) {
  command: { name: 'auth', args: [ 'IVB0VPnPl0urvQrpSKkbXLdEZBUfSHaP' ] }
}
ReplyError: WRONGPASS invalid username-password pair or user is disabled.
    at parseError (/Users/adrianfranciscoperezgomez/Desktop/Personal Apps/vult-intel/node_modules/redis-parser/lib/parser.js:179:12)
    at parseType (/Users/adrianfranciscoperezgomez/Desktop/Personal Apps/vult-intel/node_modules/redis-parser/lib/parser.js:302:14) {
  command: { name: 'auth', args: [ 'IVB0VPnPl0urvQrpSKkbXLdEZBUfSHaP' ] }
}
Connected to Redis for persistence
ReplyError: WRONGPASS invalid username-password pair or user is disabled.
    at parseError (/Users/adrianfranciscoperezgomez/Desktop/Personal Apps/vult-intel/node_modules/redis-parser/lib/parser.js:179:12)
    at parseType (/Users/adrianfranciscoperezgomez/Desktop/Personal Apps/vult-intel/node_modules/redis-parser/lib/parser.js:302:14) {
  command: { name: 'auth', args: [ 'IVB0VPnPl0urvQrpSKkbXLdEZBUfSHaP' ] }
}
Redis connection error: ReplyError: WRONGPASS invalid username-password pair or user is disabled.
    at parseError (/Users/adrianfranciscoperezgomez/Desktop/Personal Apps/vult-intel/node_modules/redis-parser/lib/parser.js:179:12)
    at parseType (/Users/adrianfranciscoperezgomez/Desktop/Personal Apps/vult-intel/node_modules/redis-parser/lib/parser.js:302:14) {
  command: { name: 'auth', args: [ 'IVB0VPnPl0urvQrpSKkbXLdEZBUfSHaP' ] }
}
ReplyError: WRONGPASS invalid username-password pair or user is disabled.
    at parseError (/Users/adrianfranciscoperezgomez/Desktop/Personal Apps/vult-intel/node_modules/redis-parser/lib/parser.js:179:12)
    at parseType (/Users/adrianfranciscoperezgomez/Desktop/Personal Apps/vult-intel/node_modules/redis-parser/lib/parser.js:302:14) {
  command: { name: 'auth', args: [ 'IVB0VPnPl0urvQrpSKkbXLdEZBUfSHaP' ] }
}
ReplyError: WRONGPASS invalid username-password pair or user is disabled.
    at parseError (/Users/adrianfranciscoperezgomez/Desktop/Personal Apps/vult-intel/node_modules/redis-parser/lib/parser.js:179:12)
    at parseType (/Users/adrianfranciscoperezgomez/Desktop/Personal Apps/vult-intel/node_modules/redis-parser/lib/parser.js:302:14) {
  command: { name: 'auth', args: [ 'IVB0VPnPl0urvQrpSKkbXLdEZBUfSHaP' ] }
}
ReplyError: WRONGPASS invalid username-password pair or user is disabled.
    at parseError (/Users/adrianfranciscoperezgomez/Desktop/Personal Apps/vult-intel/node_modules/redis-parser/lib/parser.js:179:12)
    at parseType (/Users/adrianfranciscoperezgomez/Desktop/Personal Apps/vult-intel/node_modules/redis-parser/lib/parser.js:302:14) {
  command: { name: 'auth', args: [ 'IVB0VPnPl0urvQrpSKkbXLdEZBUfSHaP' ] }
}
ReplyError: WRONGPASS invalid username-password pair or user is disabled.
    at parseError (/Users/adrianfranciscoperezgomez/Desktop/Personal Apps/vult-intel/node_modules/redis-parser/lib/parser.js:179:12)
    at parseType (/Users/adrianfranciscoperezgomez/Desktop/Personal Apps/vult-intel/node_modules/redis-parser/lib/parser.js:302:14) {
  command: { name: 'auth', args: [ 'IVB0VPnPl0urvQrpSKkbXLdEZBUfSHaP' ] }
}
ReplyError: WRONGPASS invalid username-password pair or user is disabled.
    at parseError (/Users/adrianfranciscoperezgomez/Desktop/Personal Apps/vult-intel/node_modules/redis-parser/lib/parser.js:179:12)
    at parseType (/Users/adrianfranciscoperezgomez/Desktop/Personal Apps/vult-intel/node_modules/redis-parser/lib/parser.js:302:14) {
  command: { name: 'auth', args: [ 'IVB0VPnPl0urvQrpSKkbXLdEZBUfSHaP' ] }
}
Connected to Redis for persistence
Redis connection error: ReplyError: WRONGPASS invalid username-password pair or user is disabled.
    at parseError (/Users/adrianfranciscoperezgomez/Desktop/Personal Apps/vult-intel/node_modules/redis-parser/lib/parser.js:179:12)
    at parseType (/Users/adrianfranciscoperezgomez/Desktop/Personal Apps/vult-intel/node_modules/redis-parser/lib/parser.js:302:14) {
  command: { name: 'auth', args: [ 'IVB0VPnPl0urvQrpSKkbXLdEZBUfSHaP' ] }
}
ReplyError: WRONGPASS invalid username-password pair or user is disabled.
    at parseError (/Users/adrianfranciscoperezgomez/Desktop/Personal Apps/vult-intel/node_modules/redis-parser/lib/parser.js:179:12)
    at parseType (/Users/adrianfranciscoperezgomez/Desktop/Personal Apps/vult-intel/node_modules/redis-parser/lib/parser.js:302:14) {
  command: { name: 'auth', args: [ 'IVB0VPnPl0urvQrpSKkbXLdEZBUfSHaP' ] }
}
ReplyError: WRONGPASS invalid username-password pair or user is disabled.
    at parseError (/Users/adrianfranciscoperezgomez/Desktop/Personal Apps/vult-intel/node_modules/redis-parser/lib/parser.js:179:12)
    at parseType (/Users/adrianfranciscoperezgomez/Desktop/Personal Apps/vult-intel/node_modules/redis-parser/lib/parser.js:302:14) {
  command: { name: 'auth', args: [ 'IVB0VPnPl0urvQrpSKkbXLdEZBUfSHaP' ] }
}
ReplyError: WRONGPASS invalid username-password pair or user is disabled.
    at parseError (/Users/adrianfranciscoperezgomez/Desktop/Personal Apps/vult-intel/node_modules/redis-parser/lib/parser.js:179:12)
    at parseType (/Users/adrianfranciscoperezgomez/Desktop/Personal Apps/vult-intel/node_modules/redis-parser/lib/parser.js:302:14) {
  command: { name: 'auth', args: [ 'IVB0VPnPl0urvQrpSKkbXLdEZBUfSHaP' ] }
}
ReplyError: WRONGPASS invalid username-password pair or user is disabled.
    at parseError (/Users/adrianfranciscoperezgomez/Desktop/Personal Apps/vult-intel/node_modules/redis-parser/lib/parser.js:179:12)
    at parseType (/Users/adrianfranciscoperezgomez/Desktop/Personal Apps/vult-intel/node_modules/redis-parser/lib/parser.js:302:14) {
  command: { name: 'auth', args: [ 'IVB0VPnPl0urvQrpSKkbXLdEZBUfSHaP' ] }
}
ReplyError: WRONGPASS invalid username-password pair or user is disabled.
    at parseError (/Users/adrianfranciscoperezgomez/Desktop/Personal Apps/vult-intel/node_modules/redis-parser/lib/parser.js:179:12)
    at parseType (/Users/adrianfranciscoperezgomez/Desktop/Personal Apps/vult-intel/node_modules/redis-parser/lib/parser.js:302:14) {
  command: { name: 'auth', args: [ 'IVB0VPnPl0urvQrpSKkbXLdEZBUfSHaP' ] }
}
ReplyError: WRONGPASS invalid username-password pair or user is disabled.
    at parseError (/Users/adrianfranciscoperezgomez/Desktop/Personal Apps/vult-intel/node_modules/redis-parser/lib/parser.js:179:12)
    at parseType (/Users/adrianfranciscoperezgomez/Desktop/Personal Apps/vult-intel/node_modules/redis-parser/lib/parser.js:302:14) {
  command: { name: 'auth', args: [ 'IVB0VPnPl0urvQrpSKkbXLdEZBUfSHaP' ] }
}
Connected to Redis for persistence
Redis connection error: ReplyError: WRONGPASS invalid username-password pair or user is disabled.
    at parseError (/Users/adrianfranciscoperezgomez/Desktop/Personal Apps/vult-intel/node_modules/redis-parser/lib/parser.js:179:12)
    at parseType (/Users/adrianfranciscoperezgomez/Desktop/Personal Apps/vult-intel/node_modules/redis-parser/lib/parser.js:302:14) {
  command: { name: 'auth', args: [ 'IVB0VPnPl0urvQrpSKkbXLdEZBUfSHaP' ] }
}
ReplyError: WRONGPASS invalid username-password pair or user is disabled.
    at parseError (/Users/adrianfranciscoperezgomez/Desktop/Personal Apps/vult-intel/node_modules/redis-parser/lib/parser.js:179:12)
    at parseType (/Users/adrianfranciscoperezgomez/Desktop/Personal Apps/vult-intel/node_modules/redis-parser/lib/parser.js:302:14) {
  command: { name: 'auth', args: [ 'IVB0VPnPl0urvQrpSKkbXLdEZBUfSHaP' ] }
}
ReplyError: WRONGPASS invalid username-password pair or user is disabled.
    at parseError (/Users/adrianfranciscoperezgomez/Desktop/Personal Apps/vult-intel/node_modules/redis-parser/lib/parser.js:179:12)
    at parseType (/Users/adrianfranciscoperezgomez/Desktop/Personal Apps/vult-intel/node_modules/redis-parser/lib/parser.js:302:14) {
  command: { name: 'auth', args: [ 'IVB0VPnPl0urvQrpSKkbXLdEZBUfSHaP' ] }
}
ReplyError: WRONGPASS invalid username-password pair or user is disabled.
    at parseError (/Users/adrianfranciscoperezgomez/Desktop/Personal Apps/vult-intel/node_modules/redis-parser/lib/parser.js:179:12)
    at parseType (/Users/adrianfranciscoperezgomez/Desktop/Personal Apps/vult-intel/node_modules/redis-parser/lib/parser.js:302:14) {
  command: { name: 'auth', args: [ 'IVB0VPnPl0urvQrpSKkbXLdEZBUfSHaP' ] }
}
ReplyError: WRONGPASS invalid username-password pair or user is disabled.
    at parseError (/Users/adrianfranciscoperezgomez/Desktop/Personal Apps/vult-intel/node_modules/redis-parser/lib/parser.js:179:12)
    at parseType (/Users/adrianfranciscoperezgomez/Desktop/Personal Apps/vult-intel/node_modules/redis-parser/lib/parser.js:302:14) {
  command: { name: 'auth', args: [ 'IVB0VPnPl0urvQrpSKkbXLdEZBUfSHaP' ] }
}
ReplyError: WRONGPASS invalid username-password pair or user is disabled.
    at parseError (/Users/adrianfranciscoperezgomez/Desktop/Personal Apps/vult-intel/node_modules/redis-parser/lib/parser.js:179:12)
    at parseType (/Users/adrianfranciscoperezgomez/Desktop/Personal Apps/vult-intel/node_modules/redis-parser/lib/parser.js:302:14) {
  command: { name: 'auth', args: [ 'IVB0VPnPl0urvQrpSKkbXLdEZBUfSHaP' ] }
}
ReplyError: WRONGPASS invalid username-password pair or user is disabled.
    at parseError (/Users/adrianfranciscoperezgomez/Desktop/Personal Apps/vult-intel/node_modules/redis-parser/lib/parser.js:179:12)
    at parseType (/Users/adrianfranciscoperezgomez/Desktop/Personal Apps/vult-intel/node_modules/redis-parser/lib/parser.js:302:14) {
  command: { name: 'auth', args: [ 'IVB0VPnPl0urvQrpSKkbXLdEZBUfSHaP' ] }
}
Connected to Redis for persistence
Redis connection error: ReplyError: WRONGPASS invalid username-password pair or user is disabled.
    at parseError (/Users/adrianfranciscoperezgomez/Desktop/Personal Apps/vult-intel/node_modules/redis-parser/lib/parser.js:179:12)
    at parseType (/Users/adrianfranciscoperezgomez/Desktop/Personal Apps/vult-intel/node_modules/redis-parser/lib/parser.js:302:14) {
  command: { name: 'auth', args: [ 'IVB0VPnPl0urvQrpSKkbXLdEZBUfSHaP' ] }
}
ReplyError: WRONGPASS invalid username-password pair or user is disabled.
    at parseError (/Users/adrianfranciscoperezgomez/Desktop/Personal Apps/vult-intel/node_modules/redis-parser/lib/parser.js:179:12)
    at parseType (/Users/adrianfranciscoperezgomez/Desktop/Personal Apps/vult-intel/node_modules/redis-parser/lib/parser.js:302:14) {
  command: { name: 'auth', args: [ 'IVB0VPnPl0urvQrpSKkbXLdEZBUfSHaP' ] }
}
ReplyError: WRONGPASS invalid username-password pair or user is disabled.
    at parseError (/Users/adrianfranciscoperezgomez/Desktop/Personal Apps/vult-intel/node_modules/redis-parser/lib/parser.js:179:12)
    at parseType (/Users/adrianfranciscoperezgomez/Desktop/Personal Apps/vult-intel/node_modules/redis-parser/lib/parser.js:302:14) {
  command: { name: 'auth', args: [ 'IVB0VPnPl0urvQrpSKkbXLdEZBUfSHaP' ] }
}
ReplyError: WRONGPASS invalid username-password pair or user is disabled.
    at parseError (/Users/adrianfranciscoperezgomez/Desktop/Personal Apps/vult-intel/node_modules/redis-parser/lib/parser.js:179:12)
    at parseType (/Users/adrianfranciscoperezgomez/Desktop/Personal Apps/vult-intel/node_modules/redis-parser/lib/parser.js:302:14) {
  command: { name: 'auth', args: [ 'IVB0VPnPl0urvQrpSKkbXLdEZBUfSHaP' ] }
}
ReplyError: WRONGPASS invalid username-password pair or user is disabled.
    at parseError (/Users/adrianfranciscoperezgomez/Desktop/Personal Apps/vult-intel/node_modules/redis-parser/lib/parser.js:179:12)
    at parseType (/Users/adrianfranciscoperezgomez/Desktop/Personal Apps/vult-intel/node_modules/redis-parser/lib/parser.js:302:14) {
  command: { name: 'auth', args: [ 'IVB0VPnPl0urvQrpSKkbXLdEZBUfSHaP' ] }
}
ReplyError: WRONGPASS invalid username-password pair or user is disabled.
    at parseError (/Users/adrianfranciscoperezgomez/Desktop/Personal Apps/vult-intel/node_modules/redis-parser/lib/parser.js:179:12)
    at parseType (/Users/adrianfranciscoperezgomez/Desktop/Personal Apps/vult-intel/node_modules/redis-parser/lib/parser.js:302:14) {
  command: { name: 'auth', args: [ 'IVB0VPnPl0urvQrpSKkbXLdEZBUfSHaP' ] }
}
ReplyError: WRONGPASS invalid username-password pair or user is disabled.
    at parseError (/Users/adrianfranciscoperezgomez/Desktop/Personal Apps/vult-intel/node_modules/redis-parser/lib/parser.js:179:12)
    at parseType (/Users/adrianfranciscoperezgomez/Desktop/Personal Apps/vult-intel/node_modules/redis-parser/lib/parser.js:302:14) {
  command: { name: 'auth', args: [ 'IVB0VPnPl0urvQrpSKkbXLdEZBUfSHaP' ] }
}
Connected to Redis for persistence
Redis connection error: ReplyError: WRONGPASS invalid username-password pair or user is disabled.
    at parseError (/Users/adrianfranciscoperezgomez/Desktop/Personal Apps/vult-intel/node_modules/redis-parser/lib/parser.js:179:12)
    at parseType (/Users/adrianfranciscoperezgomez/Desktop/Personal Apps/vult-intel/node_modules/redis-parser/lib/parser.js:302:14) {
  command: { name: 'auth', args: [ 'IVB0VPnPl0urvQrpSKkbXLdEZBUfSHaP' ] }
}
ReplyError: WRONGPASS invalid username-password pair or user is disabled.
    at parseError (/Users/adrianfranciscoperezgomez/Desktop/Personal Apps/vult-intel/node_modules/redis-parser/lib/parser.js:179:12)
    at parseType (/Users/adrianfranciscoperezgomez/Desktop/Personal Apps/vult-intel/node_modules/redis-parser/lib/parser.js:302:14) {
  command: { name: 'auth', args: [ 'IVB0VPnPl0urvQrpSKkbXLdEZBUfSHaP' ] }
}
ReplyError: WRONGPASS invalid username-password pair or user is disabled.
    at parseError (/Users/adrianfranciscoperezgomez/Desktop/Personal Apps/vult-intel/node_modules/redis-parser/lib/parser.js:179:12)
    at parseType (/Users/adrianfranciscoperezgomez/Desktop/Personal Apps/vult-intel/node_modules/redis-parser/lib/parser.js:302:14) {
  command: { name: 'auth', args: [ 'IVB0VPnPl0urvQrpSKkbXLdEZBUfSHaP' ] }
}
ReplyError: WRONGPASS invalid username-password pair or user is disabled.
    at parseError (/Users/adrianfranciscoperezgomez/Desktop/Personal Apps/vult-intel/node_modules/redis-parser/lib/parser.js:179:12)
    at parseType (/Users/adrianfranciscoperezgomez/Desktop/Personal Apps/vult-intel/node_modules/redis-parser/lib/parser.js:302:14) {
  command: { name: 'auth', args: [ 'IVB0VPnPl0urvQrpSKkbXLdEZBUfSHaP' ] }
}
ReplyError: WRONGPASS invalid username-password pair or user is disabled.
    at parseError (/Users/adrianfranciscoperezgomez/Desktop/Personal Apps/vult-intel/node_modules/redis-parser/lib/parser.js:179:12)
    at parseType (/Users/adrianfranciscoperezgomez/Desktop/Personal Apps/vult-intel/node_modules/redis-parser/lib/parser.js:302:14) {
  command: { name: 'auth', args: [ 'IVB0VPnPl0urvQrpSKkbXLdEZBUfSHaP' ] }
}
ReplyError: WRONGPASS invalid username-password pair or user is disabled.
    at parseError (/Users/adrianfranciscoperezgomez/Desktop/Personal Apps/vult-intel/node_modules/redis-parser/lib/parser.js:179:12)
    at parseType (/Users/adrianfranciscoperezgomez/Desktop/Personal Apps/vult-intel/node_modules/redis-parser/lib/parser.js:302:14) {
  command: { name: 'auth', args: [ 'IVB0VPnPl0urvQrpSKkbXLdEZBUfSHaP' ] }
}
ReplyError: WRONGPASS invalid username-password pair or user is disabled.
    at parseError (/Users/adrianfranciscoperezgomez/Desktop/Personal Apps/vult-intel/node_modules/redis-parser/lib/parser.js:179:12)
    at parseType (/Users/adrianfranciscoperezgomez/Desktop/Personal Apps/vult-intel/node_modules/redis-parser/lib/parser.js:302:14) {
  command: { name: 'auth', args: [ 'IVB0VPnPl0urvQrpSKkbXLdEZBUfSHaP' ] }
}
Connected to Redis for persistence
Redis connection error: ReplyError: WRONGPASS invalid username-password pair or user is disabled.
    at parseError (/Users/adrianfranciscoperezgomez/Desktop/Personal Apps/vult-intel/node_modules/redis-parser/lib/parser.js:179:12)
    at parseType (/Users/adrianfranciscoperezgomez/Desktop/Personal Apps/vult-intel/node_modules/redis-parser/lib/parser.js:302:14) {
  command: { name: 'auth', args: [ 'IVB0VPnPl0urvQrpSKkbXLdEZBUfSHaP' ] }
}
ReplyError: WRONGPASS invalid username-password pair or user is disabled.
    at parseError (/Users/adrianfranciscoperezgomez/Desktop/Personal Apps/vult-intel/node_modules/redis-parser/lib/parser.js:179:12)
    at parseType (/Users/adrianfranciscoperezgomez/Desktop/Personal Apps/vult-intel/node_modules/redis-parser/lib/parser.js:302:14) {
  command: { name: 'auth', args: [ 'IVB0VPnPl0urvQrpSKkbXLdEZBUfSHaP' ] }
}
ReplyError: WRONGPASS invalid username-password pair or user is disabled.
    at parseError (/Users/adrianfranciscoperezgomez/Desktop/Personal Apps/vult-intel/node_modules/redis-parser/lib/parser.js:179:12)
    at parseType (/Users/adrianfranciscoperezgomez/Desktop/Personal Apps/vult-intel/node_modules/redis-parser/lib/parser.js:302:14) {
  command: { name: 'auth', args: [ 'IVB0VPnPl0urvQrpSKkbXLdEZBUfSHaP' ] }
}
ReplyError: WRONGPASS invalid username-password pair or user is disabled.
    at parseError (/Users/adrianfranciscoperezgomez/Desktop/Personal Apps/vult-intel/node_modules/redis-parser/lib/parser.js:179:12)
    at parseType (/Users/adrianfranciscoperezgomez/Desktop/Personal Apps/vult-intel/node_modules/redis-parser/lib/parser.js:302:14) {
  command: { name: 'auth', args: [ 'IVB0VPnPl0urvQrpSKkbXLdEZBUfSHaP' ] }
}
ReplyError: WRONGPASS invalid username-password pair or user is disabled.
    at parseError (/Users/adrianfranciscoperezgomez/Desktop/Personal Apps/vult-intel/node_modules/redis-parser/lib/parser.js:179:12)
    at parseType (/Users/adrianfranciscoperezgomez/Desktop/Personal Apps/vult-intel/node_modules/redis-parser/lib/parser.js:302:14) {
  command: { name: 'auth', args: [ 'IVB0VPnPl0urvQrpSKkbXLdEZBUfSHaP' ] }
}
ReplyError: WRONGPASS invalid username-password pair or user is disabled.
    at parseError (/Users/adrianfranciscoperezgomez/Desktop/Personal Apps/vult-intel/node_modules/redis-parser/lib/parser.js:179:12)
    at parseType (/Users/adrianfranciscoperezgomez/Desktop/Personal Apps/vult-intel/node_modules/redis-parser/lib/parser.js:302:14) {
  command: { name: 'auth', args: [ 'IVB0VPnPl0urvQrpSKkbXLdEZBUfSHaP' ] }
}
ReplyError: WRONGPASS invalid username-password pair or user is disabled.
    at parseError (/Users/adrianfranciscoperezgomez/Desktop/Personal Apps/vult-intel/node_modules/redis-parser/lib/parser.js:179:12)
    at parseType (/Users/adrianfranciscoperezgomez/Desktop/Personal Apps/vult-intel/node_modules/redis-parser/lib/parser.js:302:14) {
  command: { name: 'auth', args: [ 'IVB0VPnPl0urvQrpSKkbXLdEZBUfSHaP' ] }
}
Connected to Redis for persistence
Redis connection error: ReplyError: WRONGPASS invalid username-password pair or user is disabled.
    at parseError (/Users/adrianfranciscoperezgomez/Desktop/Personal Apps/vult-intel/node_modules/redis-parser/lib/parser.js:179:12)
    at parseType (/Users/adrianfranciscoperezgomez/Desktop/Personal Apps/vult-intel/node_modules/redis-parser/lib/parser.js:302:14) {
  command: { name: 'auth', args: [ 'IVB0VPnPl0urvQrpSKkbXLdEZBUfSHaP' ] }
}
ReplyError: WRONGPASS invalid username-password pair or user is disabled.
    at parseError (/Users/adrianfranciscoperezgomez/Desktop/Personal Apps/vult-intel/node_modules/redis-parser/lib/parser.js:179:12)
    at parseType (/Users/adrianfranciscoperezgomez/Desktop/Personal Apps/vult-intel/node_modules/redis-parser/lib/parser.js:302:14) {
  command: { name: 'auth', args: [ 'IVB0VPnPl0urvQrpSKkbXLdEZBUfSHaP' ] }
}
ReplyError: WRONGPASS invalid username-password pair or user is disabled.
    at parseError (/Users/adrianfranciscoperezgomez/Desktop/Personal Apps/vult-intel/node_modules/redis-parser/lib/parser.js:179:12)
    at parseType (/Users/adrianfranciscoperezgomez/Desktop/Personal Apps/vult-intel/node_modules/redis-parser/lib/parser.js:302:14) {
  command: { name: 'auth', args: [ 'IVB0VPnPl0urvQrpSKkbXLdEZBUfSHaP' ] }
}
ReplyError: WRONGPASS invalid username-password pair or user is disabled.
    at parseError (/Users/adrianfranciscoperezgomez/Desktop/Personal Apps/vult-intel/node_modules/redis-parser/lib/parser.js:179:12)
    at parseType (/Users/adrianfranciscoperezgomez/Desktop/Personal Apps/vult-intel/node_modules/redis-parser/lib/parser.js:302:14) {
  command: { name: 'auth', args: [ 'IVB0VPnPl0urvQrpSKkbXLdEZBUfSHaP' ] }
}
ReplyError: WRONGPASS invalid username-password pair or user is disabled.
    at parseError (/Users/adrianfranciscoperezgomez/Desktop/Personal Apps/vult-intel/node_modules/redis-parser/lib/parser.js:179:12)
    at parseType (/Users/adrianfranciscoperezgomez/Desktop/Personal Apps/vult-intel/node_modules/redis-parser/lib/parser.js:302:14) {
  command: { name: 'auth', args: [ 'IVB0VPnPl0urvQrpSKkbXLdEZBUfSHaP' ] }
}
ReplyError: WRONGPASS invalid username-password pair or user is disabled.
    at parseError (/Users/adrianfranciscoperezgomez/Desktop/Personal Apps/vult-intel/node_modules/redis-parser/lib/parser.js:179:12)
    at parseType (/Users/adrianfranciscoperezgomez/Desktop/Personal Apps/vult-intel/node_modules/redis-parser/lib/parser.js:302:14) {
  command: { name: 'auth', args: [ 'IVB0VPnPl0urvQrpSKkbXLdEZBUfSHaP' ] }
}
ReplyError: WRONGPASS invalid username-password pair or user is disabled.
    at parseError (/Users/adrianfranciscoperezgomez/Desktop/Personal Apps/vult-intel/node_modules/redis-parser/lib/parser.js:179:12)
    at parseType (/Users/adrianfranciscoperezgomez/Desktop/Personal Apps/vult-intel/node_modules/redis-parser/lib/parser.js:302:14) {
  command: { name: 'auth', args: [ 'IVB0VPnPl0urvQrpSKkbXLdEZBUfSHaP' ] }
}
Connected to Redis for persistence
Redis connection error: ReplyError: WRONGPASS invalid username-password pair or user is disabled.
    at parseError (/Users/adrianfranciscoperezgomez/Desktop/Personal Apps/vult-intel/node_modules/redis-parser/lib/parser.js:179:12)
    at parseType (/Users/adrianfranciscoperezgomez/Desktop/Personal Apps/vult-intel/node_modules/redis-parser/lib/parser.js:302:14) {
  command: { name: 'auth', args: [ 'IVB0VPnPl0urvQrpSKkbXLdEZBUfSHaP' ] }
}
ReplyError: WRONGPASS invalid username-password pair or user is disabled.
    at parseError (/Users/adrianfranciscoperezgomez/Desktop/Personal Apps/vult-intel/node_modules/redis-parser/lib/parser.js:179:12)
    at parseType (/Users/adrianfranciscoperezgomez/Desktop/Personal Apps/vult-intel/node_modules/redis-parser/lib/parser.js:302:14) {
  command: { name: 'auth', args: [ 'IVB0VPnPl0urvQrpSKkbXLdEZBUfSHaP' ] }
}
ReplyError: WRONGPASS invalid username-password pair or user is disabled.
    at parseError (/Users/adrianfranciscoperezgomez/Desktop/Personal Apps/vult-intel/node_modules/redis-parser/lib/parser.js:179:12)
    at parseType (/Users/adrianfranciscoperezgomez/Desktop/Personal Apps/vult-intel/node_modules/redis-parser/lib/parser.js:302:14) {
  command: { name: 'auth', args: [ 'IVB0VPnPl0urvQrpSKkbXLdEZBUfSHaP' ] }
}
ReplyError: WRONGPASS invalid username-password pair or user is disabled.
    at parseError (/Users/adrianfranciscoperezgomez/Desktop/Personal Apps/vult-intel/node_modules/redis-parser/lib/parser.js:179:12)
    at parseType (/Users/adrianfranciscoperezgomez/Desktop/Personal Apps/vult-intel/node_modules/redis-parser/lib/parser.js:302:14) {
  command: { name: 'auth', args: [ 'IVB0VPnPl0urvQrpSKkbXLdEZBUfSHaP' ] }
}
ReplyError: WRONGPASS invalid username-password pair or user is disabled.
    at parseError (/Users/adrianfranciscoperezgomez/Desktop/Personal Apps/vult-intel/node_modules/redis-parser/lib/parser.js:179:12)
    at parseType (/Users/adrianfranciscoperezgomez/Desktop/Personal Apps/vult-intel/node_modules/redis-parser/lib/parser.js:302:14) {
  command: { name: 'auth', args: [ 'IVB0VPnPl0urvQrpSKkbXLdEZBUfSHaP' ] }
}
ReplyError: WRONGPASS invalid username-password pair or user is disabled.
    at parseError (/Users/adrianfranciscoperezgomez/Desktop/Personal Apps/vult-intel/node_modules/redis-parser/lib/parser.js:179:12)
    at parseType (/Users/adrianfranciscoperezgomez/Desktop/Personal Apps/vult-intel/node_modules/redis-parser/lib/parser.js:302:14) {
  command: { name: 'auth', args: [ 'IVB0VPnPl0urvQrpSKkbXLdEZBUfSHaP' ] }
}
ReplyError: WRONGPASS invalid username-password pair or user is disabled.
    at parseError (/Users/adrianfranciscoperezgomez/Desktop/Personal Apps/vult-intel/node_modules/redis-parser/lib/parser.js:179:12)
    at parseType (/Users/adrianfranciscoperezgomez/Desktop/Personal Apps/vult-intel/node_modules/redis-parser/lib/parser.js:302:14) {
  command: { name: 'auth', args: [ 'IVB0VPnPl0urvQrpSKkbXLdEZBUfSHaP' ] }
}
Connected to Redis for persistence
Redis connection error: ReplyError: WRONGPASS invalid username-password pair or user is disabled.
    at parseError (/Users/adrianfranciscoperezgomez/Desktop/Personal Apps/vult-intel/node_modules/redis-parser/lib/parser.js:179:12)
    at parseType (/Users/adrianfranciscoperezgomez/Desktop/Personal Apps/vult-intel/node_modules/redis-parser/lib/parser.js:302:14) {
  command: { name: 'auth', args: [ 'IVB0VPnPl0urvQrpSKkbXLdEZBUfSHaP' ] }
}
ReplyError: WRONGPASS invalid username-password pair or user is disabled.
    at parseError (/Users/adrianfranciscoperezgomez/Desktop/Personal Apps/vult-intel/node_modules/redis-parser/lib/parser.js:179:12)
    at parseType (/Users/adrianfranciscoperezgomez/Desktop/Personal Apps/vult-intel/node_modules/redis-parser/lib/parser.js:302:14) {
  command: { name: 'auth', args: [ 'IVB0VPnPl0urvQrpSKkbXLdEZBUfSHaP' ] }
}
ReplyError: WRONGPASS invalid username-password pair or user is disabled.
    at parseError (/Users/adrianfranciscoperezgomez/Desktop/Personal Apps/vult-intel/node_modules/redis-parser/lib/parser.js:179:12)
    at parseType (/Users/adrianfranciscoperezgomez/Desktop/Personal Apps/vult-intel/node_modules/redis-parser/lib/parser.js:302:14) {
  command: { name: 'auth', args: [ 'IVB0VPnPl0urvQrpSKkbXLdEZBUfSHaP' ] }
}
ReplyError: WRONGPASS invalid username-password pair or user is disabled.
    at parseError (/Users/adrianfranciscoperezgomez/Desktop/Personal Apps/vult-intel/node_modules/redis-parser/lib/parser.js:179:12)
    at parseType (/Users/adrianfranciscoperezgomez/Desktop/Personal Apps/vult-intel/node_modules/redis-parser/lib/parser.js:302:14) {
  command: { name: 'auth', args: [ 'IVB0VPnPl0urvQrpSKkbXLdEZBUfSHaP' ] }
}
ReplyError: WRONGPASS invalid username-password pair or user is disabled.
    at parseError (/Users/adrianfranciscoperezgomez/Desktop/Personal Apps/vult-intel/node_modules/redis-parser/lib/parser.js:179:12)
    at parseType (/Users/adrianfranciscoperezgomez/Desktop/Personal Apps/vult-intel/node_modules/redis-parser/lib/parser.js:302:14) {
  command: { name: 'auth', args: [ 'IVB0VPnPl0urvQrpSKkbXLdEZBUfSHaP' ] }
}
ReplyError: WRONGPASS invalid username-password pair or user is disabled.
    at parseError (/Users/adrianfranciscoperezgomez/Desktop/Personal Apps/vult-intel/node_modules/redis-parser/lib/parser.js:179:12)
    at parseType (/Users/adrianfranciscoperezgomez/Desktop/Personal Apps/vult-intel/node_modules/redis-parser/lib/parser.js:302:14) {
  command: { name: 'auth', args: [ 'IVB0VPnPl0urvQrpSKkbXLdEZBUfSHaP' ] }
}
ReplyError: WRONGPASS invalid username-password pair or user is disabled.
    at parseError (/Users/adrianfranciscoperezgomez/Desktop/Personal Apps/vult-intel/node_modules/redis-parser/lib/parser.js:179:12)
    at parseType (/Users/adrianfranciscoperezgomez/Desktop/Personal Apps/vult-intel/node_modules/redis-parser/lib/parser.js:302:14) {
  command: { name: 'auth', args: [ 'IVB0VPnPl0urvQrpSKkbXLdEZBUfSHaP' ] }
}
Connected to Redis for persistence
Redis connection error: ReplyError: WRONGPASS invalid username-password pair or user is disabled.
    at parseError (/Users/adrianfranciscoperezgomez/Desktop/Personal Apps/vult-intel/node_modules/redis-parser/lib/parser.js:179:12)
    at parseType (/Users/adrianfranciscoperezgomez/Desktop/Personal Apps/vult-intel/node_modules/redis-parser/lib/parser.js:302:14) {
  command: { name: 'auth', args: [ 'IVB0VPnPl0urvQrpSKkbXLdEZBUfSHaP' ] }
}
ReplyError: WRONGPASS invalid username-password pair or user is disabled.
    at parseError (/Users/adrianfranciscoperezgomez/Desktop/Personal Apps/vult-intel/node_modules/redis-parser/lib/parser.js:179:12)
    at parseType (/Users/adrianfranciscoperezgomez/Desktop/Personal Apps/vult-intel/node_modules/redis-parser/lib/parser.js:302:14) {
  command: { name: 'auth', args: [ 'IVB0VPnPl0urvQrpSKkbXLdEZBUfSHaP' ] }
}
ReplyError: WRONGPASS invalid username-password pair or user is disabled.
    at parseError (/Users/adrianfranciscoperezgomez/Desktop/Personal Apps/vult-intel/node_modules/redis-parser/lib/parser.js:179:12)
    at parseType (/Users/adrianfranciscoperezgomez/Desktop/Personal Apps/vult-intel/node_modules/redis-parser/lib/parser.js:302:14) {
  command: { name: 'auth', args: [ 'IVB0VPnPl0urvQrpSKkbXLdEZBUfSHaP' ] }
}
ReplyError: WRONGPASS invalid username-password pair or user is disabled.
    at parseError (/Users/adrianfranciscoperezgomez/Desktop/Personal Apps/vult-intel/node_modules/redis-parser/lib/parser.js:179:12)
    at parseType (/Users/adrianfranciscoperezgomez/Desktop/Personal Apps/vult-intel/node_modules/redis-parser/lib/parser.js:302:14) {
  command: { name: 'auth', args: [ 'IVB0VPnPl0urvQrpSKkbXLdEZBUfSHaP' ] }
}
ReplyError: WRONGPASS invalid username-password pair or user is disabled.
    at parseError (/Users/adrianfranciscoperezgomez/Desktop/Personal Apps/vult-intel/node_modules/redis-parser/lib/parser.js:179:12)
    at parseType (/Users/adrianfranciscoperezgomez/Desktop/Personal Apps/vult-intel/node_modules/redis-parser/lib/parser.js:302:14) {
  command: { name: 'auth', args: [ 'IVB0VPnPl0urvQrpSKkbXLdEZBUfSHaP' ] }
}
ReplyError: WRONGPASS invalid username-password pair or user is disabled.
    at parseError (/Users/adrianfranciscoperezgomez/Desktop/Personal Apps/vult-intel/node_modules/redis-parser/lib/parser.js:179:12)
    at parseType (/Users/adrianfranciscoperezgomez/Desktop/Personal Apps/vult-intel/node_modules/redis-parser/lib/parser.js:302:14) {
  command: { name: 'auth', args: [ 'IVB0VPnPl0urvQrpSKkbXLdEZBUfSHaP' ] }
}
ReplyError: WRONGPASS invalid username-password pair or user is disabled.
    at parseError (/Users/adrianfranciscoperezgomez/Desktop/Personal Apps/vult-intel/node_modules/redis-parser/lib/parser.js:179:12)
    at parseType (/Users/adrianfranciscoperezgomez/Desktop/Personal Apps/vult-intel/node_modules/redis-parser/lib/parser.js:302:14) {
  command: { name: 'auth', args: [ 'IVB0VPnPl0urvQrpSKkbXLdEZBUfSHaP' ] }
}
Connected to Redis for persistence
Redis connection error: ReplyError: WRONGPASS invalid username-password pair or user is disabled.
    at parseError (/Users/adrianfranciscoperezgomez/Desktop/Personal Apps/vult-intel/node_modules/redis-parser/lib/parser.js:179:12)
    at parseType (/Users/adrianfranciscoperezgomez/Desktop/Personal Apps/vult-intel/node_modules/redis-parser/lib/parser.js:302:14) {
  command: { name: 'auth', args: [ 'IVB0VPnPl0urvQrpSKkbXLdEZBUfSHaP' ] }
}
ReplyError: WRONGPASS invalid username-password pair or user is disabled.
    at parseError (/Users/adrianfranciscoperezgomez/Desktop/Personal Apps/vult-intel/node_modules/redis-parser/lib/parser.js:179:12)
    at parseType (/Users/adrianfranciscoperezgomez/Desktop/Personal Apps/vult-intel/node_modules/redis-parser/lib/parser.js:302:14) {
  command: { name: 'auth', args: [ 'IVB0VPnPl0urvQrpSKkbXLdEZBUfSHaP' ] }
}
ReplyError: WRONGPASS invalid username-password pair or user is disabled.
    at parseError (/Users/adrianfranciscoperezgomez/Desktop/Personal Apps/vult-intel/node_modules/redis-parser/lib/parser.js:179:12)
    at parseType (/Users/adrianfranciscoperezgomez/Desktop/Personal Apps/vult-intel/node_modules/redis-parser/lib/parser.js:302:14) {
  command: { name: 'auth', args: [ 'IVB0VPnPl0urvQrpSKkbXLdEZBUfSHaP' ] }
}
ReplyError: WRONGPASS invalid username-password pair or user is disabled.
    at parseError (/Users/adrianfranciscoperezgomez/Desktop/Personal Apps/vult-intel/node_modules/redis-parser/lib/parser.js:179:12)
    at parseType (/Users/adrianfranciscoperezgomez/Desktop/Personal Apps/vult-intel/node_modules/redis-parser/lib/parser.js:302:14) {
  command: { name: 'auth', args: [ 'IVB0VPnPl0urvQrpSKkbXLdEZBUfSHaP' ] }
}
ReplyError: WRONGPASS invalid username-password pair or user is disabled.
    at parseError (/Users/adrianfranciscoperezgomez/Desktop/Personal Apps/vult-intel/node_modules/redis-parser/lib/parser.js:179:12)
    at parseType (/Users/adrianfranciscoperezgomez/Desktop/Personal Apps/vult-intel/node_modules/redis-parser/lib/parser.js:302:14) {
  command: { name: 'auth', args: [ 'IVB0VPnPl0urvQrpSKkbXLdEZBUfSHaP' ] }
}
ReplyError: WRONGPASS invalid username-password pair or user is disabled.
    at parseError (/Users/adrianfranciscoperezgomez/Desktop/Personal Apps/vult-intel/node_modules/redis-parser/lib/parser.js:179:12)
    at parseType (/Users/adrianfranciscoperezgomez/Desktop/Personal Apps/vult-intel/node_modules/redis-parser/lib/parser.js:302:14) {
  command: { name: 'auth', args: [ 'IVB0VPnPl0urvQrpSKkbXLdEZBUfSHaP' ] }
}
ReplyError: WRONGPASS invalid username-password pair or user is disabled.
    at parseError (/Users/adrianfranciscoperezgomez/Desktop/Personal Apps/vult-intel/node_modules/redis-parser/lib/parser.js:179:12)
    at parseType (/Users/adrianfranciscoperezgomez/Desktop/Personal Apps/vult-intel/node_modules/redis-parser/lib/parser.js:302:14) {
  command: { name: 'auth', args: [ 'IVB0VPnPl0urvQrpSKkbXLdEZBUfSHaP' ] }
}
Connected to Redis for persistence
Redis connection error: ReplyError: WRONGPASS invalid username-password pair or user is disabled.
    at parseError (/Users/adrianfranciscoperezgomez/Desktop/Personal Apps/vult-intel/node_modules/redis-parser/lib/parser.js:179:12)
    at parseType (/Users/adrianfranciscoperezgomez/Desktop/Personal Apps/vult-intel/node_modules/redis-parser/lib/parser.js:302:14) {
  command: { name: 'auth', args: [ 'IVB0VPnPl0urvQrpSKkbXLdEZBUfSHaP' ] }
}
ReplyError: WRONGPASS invalid username-password pair or user is disabled.
    at parseError (/Users/adrianfranciscoperezgomez/Desktop/Personal Apps/vult-intel/node_modules/redis-parser/lib/parser.js:179:12)
    at parseType (/Users/adrianfranciscoperezgomez/Desktop/Personal Apps/vult-intel/node_modules/redis-parser/lib/parser.js:302:14) {
  command: { name: 'auth', args: [ 'IVB0VPnPl0urvQrpSKkbXLdEZBUfSHaP' ] }
}
ReplyError: WRONGPASS invalid username-password pair or user is disabled.
    at parseError (/Users/adrianfranciscoperezgomez/Desktop/Personal Apps/vult-intel/node_modules/redis-parser/lib/parser.js:179:12)
    at parseType (/Users/adrianfranciscoperezgomez/Desktop/Personal Apps/vult-intel/node_modules/redis-parser/lib/parser.js:302:14) {
  command: { name: 'auth', args: [ 'IVB0VPnPl0urvQrpSKkbXLdEZBUfSHaP' ] }
}
ReplyError: WRONGPASS invalid username-password pair or user is disabled.
    at parseError (/Users/adrianfranciscoperezgomez/Desktop/Personal Apps/vult-intel/node_modules/redis-parser/lib/parser.js:179:12)
    at parseType (/Users/adrianfranciscoperezgomez/Desktop/Personal Apps/vult-intel/node_modules/redis-parser/lib/parser.js:302:14) {
  command: { name: 'auth', args: [ 'IVB0VPnPl0urvQrpSKkbXLdEZBUfSHaP' ] }
}
ReplyError: WRONGPASS invalid username-password pair or user is disabled.
    at parseError (/Users/adrianfranciscoperezgomez/Desktop/Personal Apps/vult-intel/node_modules/redis-parser/lib/parser.js:179:12)
    at parseType (/Users/adrianfranciscoperezgomez/Desktop/Personal Apps/vult-intel/node_modules/redis-parser/lib/parser.js:302:14) {
  command: { name: 'auth', args: [ 'IVB0VPnPl0urvQrpSKkbXLdEZBUfSHaP' ] }
}
ReplyError: WRONGPASS invalid username-password pair or user is disabled.
    at parseError (/Users/adrianfranciscoperezgomez/Desktop/Personal Apps/vult-intel/node_modules/redis-parser/lib/parser.js:179:12)
    at parseType (/Users/adrianfranciscoperezgomez/Desktop/Personal Apps/vult-intel/node_modules/redis-parser/lib/parser.js:302:14) {
  command: { name: 'auth', args: [ 'IVB0VPnPl0urvQrpSKkbXLdEZBUfSHaP' ] }
}
ReplyError: WRONGPASS invalid username-password pair or user is disabled.
    at parseError (/Users/adrianfranciscoperezgomez/Desktop/Personal Apps/vult-intel/node_modules/redis-parser/lib/parser.js:179:12)
    at parseType (/Users/adrianfranciscoperezgomez/Desktop/Personal Apps/vult-intel/node_modules/redis-parser/lib/parser.js:302:14) {
  command: { name: 'auth', args: [ 'IVB0VPnPl0urvQrpSKkbXLdEZBUfSHaP' ] }
}
Connected to Redis for persistence
Redis connection error: ReplyError: WRONGPASS invalid username-password pair or user is disabled.
    at parseError (/Users/adrianfranciscoperezgomez/Desktop/Personal Apps/vult-intel/node_modules/redis-parser/lib/parser.js:179:12)
    at parseType (/Users/adrianfranciscoperezgomez/Desktop/Personal Apps/vult-intel/node_modules/redis-parser/lib/parser.js:302:14) {
  command: { name: 'auth', args: [ 'IVB0VPnPl0urvQrpSKkbXLdEZBUfSHaP' ] }
}
ReplyError: WRONGPASS invalid username-password pair or user is disabled.
    at parseError (/Users/adrianfranciscoperezgomez/Desktop/Personal Apps/vult-intel/node_modules/redis-parser/lib/parser.js:179:12)
    at parseType (/Users/adrianfranciscoperezgomez/Desktop/Personal Apps/vult-intel/node_modules/redis-parser/lib/parser.js:302:14) {
  command: { name: 'auth', args: [ 'IVB0VPnPl0urvQrpSKkbXLdEZBUfSHaP' ] }
}
ReplyError: WRONGPASS invalid username-password pair or user is disabled.
    at parseError (/Users/adrianfranciscoperezgomez/Desktop/Personal Apps/vult-intel/node_modules/redis-parser/lib/parser.js:179:12)
    at parseType (/Users/adrianfranciscoperezgomez/Desktop/Personal Apps/vult-intel/node_modules/redis-parser/lib/parser.js:302:14) {
  command: { name: 'auth', args: [ 'IVB0VPnPl0urvQrpSKkbXLdEZBUfSHaP' ] }
}
ReplyError: WRONGPASS invalid username-password pair or user is disabled.
    at parseError (/Users/adrianfranciscoperezgomez/Desktop/Personal Apps/vult-intel/node_modules/redis-parser/lib/parser.js:179:12)
    at parseType (/Users/adrianfranciscoperezgomez/Desktop/Personal Apps/vult-intel/node_modules/redis-parser/lib/parser.js:302:14) {
  command: { name: 'auth', args: [ 'IVB0VPnPl0urvQrpSKkbXLdEZBUfSHaP' ] }
}
ReplyError: WRONGPASS invalid username-password pair or user is disabled.
    at parseError (/Users/adrianfranciscoperezgomez/Desktop/Personal Apps/vult-intel/node_modules/redis-parser/lib/parser.js:179:12)
    at parseType (/Users/adrianfranciscoperezgomez/Desktop/Personal Apps/vult-intel/node_modules/redis-parser/lib/parser.js:302:14) {
  command: { name: 'auth', args: [ 'IVB0VPnPl0urvQrpSKkbXLdEZBUfSHaP' ] }
}
ReplyError: WRONGPASS invalid username-password pair or user is disabled.
    at parseError (/Users/adrianfranciscoperezgomez/Desktop/Personal Apps/vult-intel/node_modules/redis-parser/lib/parser.js:179:12)
    at parseType (/Users/adrianfranciscoperezgomez/Desktop/Personal Apps/vult-intel/node_modules/redis-parser/lib/parser.js:302:14) {
  command: { name: 'auth', args: [ 'IVB0VPnPl0urvQrpSKkbXLdEZBUfSHaP' ] }
}
ReplyError: WRONGPASS invalid username-password pair or user is disabled.
    at parseError (/Users/adrianfranciscoperezgomez/Desktop/Personal Apps/vult-intel/node_modules/redis-parser/lib/parser.js:179:12)
    at parseType (/Users/adrianfranciscoperezgomez/Desktop/Personal Apps/vult-intel/node_modules/redis-parser/lib/parser.js:302:14) {
  command: { name: 'auth', args: [ 'IVB0VPnPl0urvQrpSKkbXLdEZBUfSHaP' ] }
}
Connected to Redis for persistence
Redis connection error: ReplyError: WRONGPASS invalid username-password pair or user is disabled.
    at parseError (/Users/adrianfranciscoperezgomez/Desktop/Personal Apps/vult-intel/node_modules/redis-parser/lib/parser.js:179:12)
    at parseType (/Users/adrianfranciscoperezgomez/Desktop/Personal Apps/vult-intel/node_modules/redis-parser/lib/parser.js:302:14) {
  command: { name: 'auth', args: [ 'IVB0VPnPl0urvQrpSKkbXLdEZBUfSHaP' ] }
}
ReplyError: WRONGPASS invalid username-password pair or user is disabled.
    at parseError (/Users/adrianfranciscoperezgomez/Desktop/Personal Apps/vult-intel/node_modules/redis-parser/lib/parser.js:179:12)
    at parseType (/Users/adrianfranciscoperezgomez/Desktop/Personal Apps/vult-intel/node_modules/redis-parser/lib/parser.js:302:14) {
  command: { name: 'auth', args: [ 'IVB0VPnPl0urvQrpSKkbXLdEZBUfSHaP' ] }
}
ReplyError: WRONGPASS invalid username-password pair or user is disabled.
    at parseError (/Users/adrianfranciscoperezgomez/Desktop/Personal Apps/vult-intel/node_modules/redis-parser/lib/parser.js:179:12)
    at parseType (/Users/adrianfranciscoperezgomez/Desktop/Personal Apps/vult-intel/node_modules/redis-parser/lib/parser.js:302:14) {
  command: { name: 'auth', args: [ 'IVB0VPnPl0urvQrpSKkbXLdEZBUfSHaP' ] }
}
ReplyError: WRONGPASS invalid username-password pair or user is disabled.
    at parseError (/Users/adrianfranciscoperezgomez/Desktop/Personal Apps/vult-intel/node_modules/redis-parser/lib/parser.js:179:12)
    at parseType (/Users/adrianfranciscoperezgomez/Desktop/Personal Apps/vult-intel/node_modules/redis-parser/lib/parser.js:302:14) {
  command: { name: 'auth', args: [ 'IVB0VPnPl0urvQrpSKkbXLdEZBUfSHaP' ] }
}
ReplyError: WRONGPASS invalid username-password pair or user is disabled.
    at parseError (/Users/adrianfranciscoperezgomez/Desktop/Personal Apps/vult-intel/node_modules/redis-parser/lib/parser.js:179:12)
    at parseType (/Users/adrianfranciscoperezgomez/Desktop/Personal Apps/vult-intel/node_modules/redis-parser/lib/parser.js:302:14) {
  command: { name: 'auth', args: [ 'IVB0VPnPl0urvQrpSKkbXLdEZBUfSHaP' ] }
}
ReplyError: WRONGPASS invalid username-password pair or user is disabled.
    at parseError (/Users/adrianfranciscoperezgomez/Desktop/Personal Apps/vult-intel/node_modules/redis-parser/lib/parser.js:179:12)
    at parseType (/Users/adrianfranciscoperezgomez/Desktop/Personal Apps/vult-intel/node_modules/redis-parser/lib/parser.js:302:14) {
  command: { name: 'auth', args: [ 'IVB0VPnPl0urvQrpSKkbXLdEZBUfSHaP' ] }
}
ReplyError: WRONGPASS invalid username-password pair or user is disabled.
    at parseError (/Users/adrianfranciscoperezgomez/Desktop/Personal Apps/vult-intel/node_modules/redis-parser/lib/parser.js:179:12)
    at parseType (/Users/adrianfranciscoperezgomez/Desktop/Personal Apps/vult-intel/node_modules/redis-parser/lib/parser.js:302:14) {
  command: { name: 'auth', args: [ 'IVB0VPnPl0urvQrpSKkbXLdEZBUfSHaP' ] }
}
Connected to Redis for persistence
Redis connection error: ReplyError: WRONGPASS invalid username-password pair or user is disabled.
    at parseError (/Users/adrianfranciscoperezgomez/Desktop/Personal Apps/vult-intel/node_modules/redis-parser/lib/parser.js:179:12)
    at parseType (/Users/adrianfranciscoperezgomez/Desktop/Personal Apps/vult-intel/node_modules/redis-parser/lib/parser.js:302:14) {
  command: { name: 'auth', args: [ 'IVB0VPnPl0urvQrpSKkbXLdEZBUfSHaP' ] }
}
ReplyError: WRONGPASS invalid username-password pair or user is disabled.
    at parseError (/Users/adrianfranciscoperezgomez/Desktop/Personal Apps/vult-intel/node_modules/redis-parser/lib/parser.js:179:12)
    at parseType (/Users/adrianfranciscoperezgomez/Desktop/Personal Apps/vult-intel/node_modules/redis-parser/lib/parser.js:302:14) {
  command: { name: 'auth', args: [ 'IVB0VPnPl0urvQrpSKkbXLdEZBUfSHaP' ] }
}
ReplyError: WRONGPASS invalid username-password pair or user is disabled.
    at parseError (/Users/adrianfranciscoperezgomez/Desktop/Personal Apps/vult-intel/node_modules/redis-parser/lib/parser.js:179:12)
    at parseType (/Users/adrianfranciscoperezgomez/Desktop/Personal Apps/vult-intel/node_modules/redis-parser/lib/parser.js:302:14) {
  command: { name: 'auth', args: [ 'IVB0VPnPl0urvQrpSKkbXLdEZBUfSHaP' ] }
}
ReplyError: WRONGPASS invalid username-password pair or user is disabled.
    at parseError (/Users/adrianfranciscoperezgomez/Desktop/Personal Apps/vult-intel/node_modules/redis-parser/lib/parser.js:179:12)
    at parseType (/Users/adrianfranciscoperezgomez/Desktop/Personal Apps/vult-intel/node_modules/redis-parser/lib/parser.js:302:14) {
  command: { name: 'auth', args: [ 'IVB0VPnPl0urvQrpSKkbXLdEZBUfSHaP' ] }
}
ReplyError: WRONGPASS invalid username-password pair or user is disabled.
    at parseError (/Users/adrianfranciscoperezgomez/Desktop/Personal Apps/vult-intel/node_modules/redis-parser/lib/parser.js:179:12)
    at parseType (/Users/adrianfranciscoperezgomez/Desktop/Personal Apps/vult-intel/node_modules/redis-parser/lib/parser.js:302:14) {
  command: { name: 'auth', args: [ 'IVB0VPnPl0urvQrpSKkbXLdEZBUfSHaP' ] }
}
ReplyError: WRONGPASS invalid username-password pair or user is disabled.
    at parseError (/Users/adrianfranciscoperezgomez/Desktop/Personal Apps/vult-intel/node_modules/redis-parser/lib/parser.js:179:12)
    at parseType (/Users/adrianfranciscoperezgomez/Desktop/Personal Apps/vult-intel/node_modules/redis-parser/lib/parser.js:302:14) {
  command: { name: 'auth', args: [ 'IVB0VPnPl0urvQrpSKkbXLdEZBUfSHaP' ] }
}
ReplyError: WRONGPASS invalid username-password pair or user is disabled.
    at parseError (/Users/adrianfranciscoperezgomez/Desktop/Personal Apps/vult-intel/node_modules/redis-parser/lib/parser.js:179:12)
    at parseType (/Users/adrianfranciscoperezgomez/Desktop/Personal Apps/vult-intel/node_modules/redis-parser/lib/parser.js:302:14) {
  command: { name: 'auth', args: [ 'IVB0VPnPl0urvQrpSKkbXLdEZBUfSHaP' ] }
}
Connected to Redis for persistence
Redis connection error: ReplyError: WRONGPASS invalid username-password pair or user is disabled.
    at parseError (/Users/adrianfranciscoperezgomez/Desktop/Personal Apps/vult-intel/node_modules/redis-parser/lib/parser.js:179:12)
    at parseType (/Users/adrianfranciscoperezgomez/Desktop/Personal Apps/vult-intel/node_modules/redis-parser/lib/parser.js:302:14) {
  command: { name: 'auth', args: [ 'IVB0VPnPl0urvQrpSKkbXLdEZBUfSHaP' ] }
}
ReplyError: WRONGPASS invalid username-password pair or user is disabled.
    at parseError (/Users/adrianfranciscoperezgomez/Desktop/Personal Apps/vult-intel/node_modules/redis-parser/lib/parser.js:179:12)
    at parseType (/Users/adrianfranciscoperezgomez/Desktop/Personal Apps/vult-intel/node_modules/redis-parser/lib/parser.js:302:14) {
  command: { name: 'auth', args: [ 'IVB0VPnPl0urvQrpSKkbXLdEZBUfSHaP' ] }
}
ReplyError: WRONGPASS invalid username-password pair or user is disabled.
    at parseError (/Users/adrianfranciscoperezgomez/Desktop/Personal Apps/vult-intel/node_modules/redis-parser/lib/parser.js:179:12)
    at parseType (/Users/adrianfranciscoperezgomez/Desktop/Personal Apps/vult-intel/node_modules/redis-parser/lib/parser.js:302:14) {
  command: { name: 'auth', args: [ 'IVB0VPnPl0urvQrpSKkbXLdEZBUfSHaP' ] }
}
ReplyError: WRONGPASS invalid username-password pair or user is disabled.
    at parseError (/Users/adrianfranciscoperezgomez/Desktop/Personal Apps/vult-intel/node_modules/redis-parser/lib/parser.js:179:12)
    at parseType (/Users/adrianfranciscoperezgomez/Desktop/Personal Apps/vult-intel/node_modules/redis-parser/lib/parser.js:302:14) {
  command: { name: 'auth', args: [ 'IVB0VPnPl0urvQrpSKkbXLdEZBUfSHaP' ] }
}
ReplyError: WRONGPASS invalid username-password pair or user is disabled.
    at parseError (/Users/adrianfranciscoperezgomez/Desktop/Personal Apps/vult-intel/node_modules/redis-parser/lib/parser.js:179:12)
    at parseType (/Users/adrianfranciscoperezgomez/Desktop/Personal Apps/vult-intel/node_modules/redis-parser/lib/parser.js:302:14) {
  command: { name: 'auth', args: [ 'IVB0VPnPl0urvQrpSKkbXLdEZBUfSHaP' ] }
}
ReplyError: WRONGPASS invalid username-password pair or user is disabled.
    at parseError (/Users/adrianfranciscoperezgomez/Desktop/Personal Apps/vult-intel/node_modules/redis-parser/lib/parser.js:179:12)
    at parseType (/Users/adrianfranciscoperezgomez/Desktop/Personal Apps/vult-intel/node_modules/redis-parser/lib/parser.js:302:14) {
  command: { name: 'auth', args: [ 'IVB0VPnPl0urvQrpSKkbXLdEZBUfSHaP' ] }
}
ReplyError: WRONGPASS invalid username-password pair or user is disabled.
    at parseError (/Users/adrianfranciscoperezgomez/Desktop/Personal Apps/vult-intel/node_modules/redis-parser/lib/parser.js:179:12)
    at parseType (/Users/adrianfranciscoperezgomez/Desktop/Personal Apps/vult-intel/node_modules/redis-parser/lib/parser.js:302:14) {
  command: { name: 'auth', args: [ 'IVB0VPnPl0urvQrpSKkbXLdEZBUfSHaP' ] }
}
Connected to Redis for persistence
Redis connection error: ReplyError: WRONGPASS invalid username-password pair or user is disabled.
    at parseError (/Users/adrianfranciscoperezgomez/Desktop/Personal Apps/vult-intel/node_modules/redis-parser/lib/parser.js:179:12)
    at parseType (/Users/adrianfranciscoperezgomez/Desktop/Personal Apps/vult-intel/node_modules/redis-parser/lib/parser.js:302:14) {
  command: { name: 'auth', args: [ 'IVB0VPnPl0urvQrpSKkbXLdEZBUfSHaP' ] }
}
ReplyError: WRONGPASS invalid username-password pair or user is disabled.
    at parseError (/Users/adrianfranciscoperezgomez/Desktop/Personal Apps/vult-intel/node_modules/redis-parser/lib/parser.js:179:12)
    at parseType (/Users/adrianfranciscoperezgomez/Desktop/Personal Apps/vult-intel/node_modules/redis-parser/lib/parser.js:302:14) {
  command: { name: 'auth', args: [ 'IVB0VPnPl0urvQrpSKkbXLdEZBUfSHaP' ] }
}
ReplyError: WRONGPASS invalid username-password pair or user is disabled.
    at parseError (/Users/adrianfranciscoperezgomez/Desktop/Personal Apps/vult-intel/node_modules/redis-parser/lib/parser.js:179:12)
    at parseType (/Users/adrianfranciscoperezgomez/Desktop/Personal Apps/vult-intel/node_modules/redis-parser/lib/parser.js:302:14) {
  command: { name: 'auth', args: [ 'IVB0VPnPl0urvQrpSKkbXLdEZBUfSHaP' ] }
}
ReplyError: WRONGPASS invalid username-password pair or user is disabled.
    at parseError (/Users/adrianfranciscoperezgomez/Desktop/Personal Apps/vult-intel/node_modules/redis-parser/lib/parser.js:179:12)
    at parseType (/Users/adrianfranciscoperezgomez/Desktop/Personal Apps/vult-intel/node_modules/redis-parser/lib/parser.js:302:14) {
  command: { name: 'auth', args: [ 'IVB0VPnPl0urvQrpSKkbXLdEZBUfSHaP' ] }
}
ReplyError: WRONGPASS invalid username-password pair or user is disabled.
    at parseError (/Users/adrianfranciscoperezgomez/Desktop/Personal Apps/vult-intel/node_modules/redis-parser/lib/parser.js:179:12)
    at parseType (/Users/adrianfranciscoperezgomez/Desktop/Personal Apps/vult-intel/node_modules/redis-parser/lib/parser.js:302:14) {
  command: { name: 'auth', args: [ 'IVB0VPnPl0urvQrpSKkbXLdEZBUfSHaP' ] }
}
ReplyError: WRONGPASS invalid username-password pair or user is disabled.
    at parseError (/Users/adrianfranciscoperezgomez/Desktop/Personal Apps/vult-intel/node_modules/redis-parser/lib/parser.js:179:12)
    at parseType (/Users/adrianfranciscoperezgomez/Desktop/Personal Apps/vult-intel/node_modules/redis-parser/lib/parser.js:302:14) {
  command: { name: 'auth', args: [ 'IVB0VPnPl0urvQrpSKkbXLdEZBUfSHaP' ] }
}
ReplyError: WRONGPASS invalid username-password pair or user is disabled.
    at parseError (/Users/adrianfranciscoperezgomez/Desktop/Personal Apps/vult-intel/node_modules/redis-parser/lib/parser.js:179:12)
    at parseType (/Users/adrianfranciscoperezgomez/Desktop/Personal Apps/vult-intel/node_modules/redis-parser/lib/parser.js:302:14) {
  command: { name: 'auth', args: [ 'IVB0VPnPl0urvQrpSKkbXLdEZBUfSHaP' ] }
}
Connected to Redis for persistence
Redis connection error: ReplyError: WRONGPASS invalid username-password pair or user is disabled.
    at parseError (/Users/adrianfranciscoperezgomez/Desktop/Personal Apps/vult-intel/node_modules/redis-parser/lib/parser.js:179:12)
    at parseType (/Users/adrianfranciscoperezgomez/Desktop/Personal Apps/vult-intel/node_modules/redis-parser/lib/parser.js:302:14) {
  command: { name: 'auth', args: [ 'IVB0VPnPl0urvQrpSKkbXLdEZBUfSHaP' ] }
}
ReplyError: WRONGPASS invalid username-password pair or user is disabled.
    at parseError (/Users/adrianfranciscoperezgomez/Desktop/Personal Apps/vult-intel/node_modules/redis-parser/lib/parser.js:179:12)
    at parseType (/Users/adrianfranciscoperezgomez/Desktop/Personal Apps/vult-intel/node_modules/redis-parser/lib/parser.js:302:14) {
  command: { name: 'auth', args: [ 'IVB0VPnPl0urvQrpSKkbXLdEZBUfSHaP' ] }
}
ReplyError: WRONGPASS invalid username-password pair or user is disabled.
    at parseError (/Users/adrianfranciscoperezgomez/Desktop/Personal Apps/vult-intel/node_modules/redis-parser/lib/parser.js:179:12)
    at parseType (/Users/adrianfranciscoperezgomez/Desktop/Personal Apps/vult-intel/node_modules/redis-parser/lib/parser.js:302:14) {
  command: { name: 'auth', args: [ 'IVB0VPnPl0urvQrpSKkbXLdEZBUfSHaP' ] }
}
ReplyError: WRONGPASS invalid username-password pair or user is disabled.
    at parseError (/Users/adrianfranciscoperezgomez/Desktop/Personal Apps/vult-intel/node_modules/redis-parser/lib/parser.js:179:12)
    at parseType (/Users/adrianfranciscoperezgomez/Desktop/Personal Apps/vult-intel/node_modules/redis-parser/lib/parser.js:302:14) {
  command: { name: 'auth', args: [ 'IVB0VPnPl0urvQrpSKkbXLdEZBUfSHaP' ] }
}
ReplyError: WRONGPASS invalid username-password pair or user is disabled.
    at parseError (/Users/adrianfranciscoperezgomez/Desktop/Personal Apps/vult-intel/node_modules/redis-parser/lib/parser.js:179:12)
    at parseType (/Users/adrianfranciscoperezgomez/Desktop/Personal Apps/vult-intel/node_modules/redis-parser/lib/parser.js:302:14) {
  command: { name: 'auth', args: [ 'IVB0VPnPl0urvQrpSKkbXLdEZBUfSHaP' ] }
}
ReplyError: WRONGPASS invalid username-password pair or user is disabled.
    at parseError (/Users/adrianfranciscoperezgomez/Desktop/Personal Apps/vult-intel/node_modules/redis-parser/lib/parser.js:179:12)
    at parseType (/Users/adrianfranciscoperezgomez/Desktop/Personal Apps/vult-intel/node_modules/redis-parser/lib/parser.js:302:14) {
  command: { name: 'auth', args: [ 'IVB0VPnPl0urvQrpSKkbXLdEZBUfSHaP' ] }
}
ReplyError: WRONGPASS invalid username-password pair or user is disabled.
    at parseError (/Users/adrianfranciscoperezgomez/Desktop/Personal Apps/vult-intel/node_modules/redis-parser/lib/parser.js:179:12)
    at parseType (/Users/adrianfranciscoperezgomez/Desktop/Personal Apps/vult-intel/node_modules/redis-parser/lib/parser.js:302:14) {
  command: { name: 'auth', args: [ 'IVB0VPnPl0urvQrpSKkbXLdEZBUfSHaP' ] }
}
Connected to Redis for persistence
Redis connection error: ReplyError: WRONGPASS invalid username-password pair or user is disabled.
    at parseError (/Users/adrianfranciscoperezgomez/Desktop/Personal Apps/vult-intel/node_modules/redis-parser/lib/parser.js:179:12)
    at parseType (/Users/adrianfranciscoperezgomez/Desktop/Personal Apps/vult-intel/node_modules/redis-parser/lib/parser.js:302:14) {
  command: { name: 'auth', args: [ 'IVB0VPnPl0urvQrpSKkbXLdEZBUfSHaP' ] }
}
ReplyError: WRONGPASS invalid username-password pair or user is disabled.
    at parseError (/Users/adrianfranciscoperezgomez/Desktop/Personal Apps/vult-intel/node_modules/redis-parser/lib/parser.js:179:12)
    at parseType (/Users/adrianfranciscoperezgomez/Desktop/Personal Apps/vult-intel/node_modules/redis-parser/lib/parser.js:302:14) {
  command: { name: 'auth', args: [ 'IVB0VPnPl0urvQrpSKkbXLdEZBUfSHaP' ] }
}
ReplyError: WRONGPASS invalid username-password pair or user is disabled.
    at parseError (/Users/adrianfranciscoperezgomez/Desktop/Personal Apps/vult-intel/node_modules/redis-parser/lib/parser.js:179:12)
    at parseType (/Users/adrianfranciscoperezgomez/Desktop/Personal Apps/vult-intel/node_modules/redis-parser/lib/parser.js:302:14) {
  command: { name: 'auth', args: [ 'IVB0VPnPl0urvQrpSKkbXLdEZBUfSHaP' ] }
}
ReplyError: WRONGPASS invalid username-password pair or user is disabled.
    at parseError (/Users/adrianfranciscoperezgomez/Desktop/Personal Apps/vult-intel/node_modules/redis-parser/lib/parser.js:179:12)
    at parseType (/Users/adrianfranciscoperezgomez/Desktop/Personal Apps/vult-intel/node_modules/redis-parser/lib/parser.js:302:14) {
  command: { name: 'auth', args: [ 'IVB0VPnPl0urvQrpSKkbXLdEZBUfSHaP' ] }
}
ReplyError: WRONGPASS invalid username-password pair or user is disabled.
    at parseError (/Users/adrianfranciscoperezgomez/Desktop/Personal Apps/vult-intel/node_modules/redis-parser/lib/parser.js:179:12)
    at parseType (/Users/adrianfranciscoperezgomez/Desktop/Personal Apps/vult-intel/node_modules/redis-parser/lib/parser.js:302:14) {
  command: { name: 'auth', args: [ 'IVB0VPnPl0urvQrpSKkbXLdEZBUfSHaP' ] }
}
ReplyError: WRONGPASS invalid username-password pair or user is disabled.
    at parseError (/Users/adrianfranciscoperezgomez/Desktop/Personal Apps/vult-intel/node_modules/redis-parser/lib/parser.js:179:12)
    at parseType (/Users/adrianfranciscoperezgomez/Desktop/Personal Apps/vult-intel/node_modules/redis-parser/lib/parser.js:302:14) {
  command: { name: 'auth', args: [ 'IVB0VPnPl0urvQrpSKkbXLdEZBUfSHaP' ] }
}
ReplyError: WRONGPASS invalid username-password pair or user is disabled.
    at parseError (/Users/adrianfranciscoperezgomez/Desktop/Personal Apps/vult-intel/node_modules/redis-parser/lib/parser.js:179:12)
    at parseType (/Users/adrianfranciscoperezgomez/Desktop/Personal Apps/vult-intel/node_modules/redis-parser/lib/parser.js:302:14) {
  command: { name: 'auth', args: [ 'IVB0VPnPl0urvQrpSKkbXLdEZBUfSHaP' ] }
}
Connected to Redis for persistence
Redis connection error: ReplyError: WRONGPASS invalid username-password pair or user is disabled.
    at parseError (/Users/adrianfranciscoperezgomez/Desktop/Personal Apps/vult-intel/node_modules/redis-parser/lib/parser.js:179:12)
    at parseType (/Users/adrianfranciscoperezgomez/Desktop/Personal Apps/vult-intel/node_modules/redis-parser/lib/parser.js:302:14) {
  command: { name: 'auth', args: [ 'IVB0VPnPl0urvQrpSKkbXLdEZBUfSHaP' ] }
}
ReplyError: WRONGPASS invalid username-password pair or user is disabled.
    at parseError (/Users/adrianfranciscoperezgomez/Desktop/Personal Apps/vult-intel/node_modules/redis-parser/lib/parser.js:179:12)
    at parseType (/Users/adrianfranciscoperezgomez/Desktop/Personal Apps/vult-intel/node_modules/redis-parser/lib/parser.js:302:14) {
  command: { name: 'auth', args: [ 'IVB0VPnPl0urvQrpSKkbXLdEZBUfSHaP' ] }
}
ReplyError: WRONGPASS invalid username-password pair or user is disabled.
    at parseError (/Users/adrianfranciscoperezgomez/Desktop/Personal Apps/vult-intel/node_modules/redis-parser/lib/parser.js:179:12)
    at parseType (/Users/adrianfranciscoperezgomez/Desktop/Personal Apps/vult-intel/node_modules/redis-parser/lib/parser.js:302:14) {
  command: { name: 'auth', args: [ 'IVB0VPnPl0urvQrpSKkbXLdEZBUfSHaP' ] }
}
ReplyError: WRONGPASS invalid username-password pair or user is disabled.
    at parseError (/Users/adrianfranciscoperezgomez/Desktop/Personal Apps/vult-intel/node_modules/redis-parser/lib/parser.js:179:12)
    at parseType (/Users/adrianfranciscoperezgomez/Desktop/Personal Apps/vult-intel/node_modules/redis-parser/lib/parser.js:302:14) {
  command: { name: 'auth', args: [ 'IVB0VPnPl0urvQrpSKkbXLdEZBUfSHaP' ] }
}
ReplyError: WRONGPASS invalid username-password pair or user is disabled.
    at parseError (/Users/adrianfranciscoperezgomez/Desktop/Personal Apps/vult-intel/node_modules/redis-parser/lib/parser.js:179:12)
    at parseType (/Users/adrianfranciscoperezgomez/Desktop/Personal Apps/vult-intel/node_modules/redis-parser/lib/parser.js:302:14) {
  command: { name: 'auth', args: [ 'IVB0VPnPl0urvQrpSKkbXLdEZBUfSHaP' ] }
}
ReplyError: WRONGPASS invalid username-password pair or user is disabled.
    at parseError (/Users/adrianfranciscoperezgomez/Desktop/Personal Apps/vult-intel/node_modules/redis-parser/lib/parser.js:179:12)
    at parseType (/Users/adrianfranciscoperezgomez/Desktop/Personal Apps/vult-intel/node_modules/redis-parser/lib/parser.js:302:14) {
  command: { name: 'auth', args: [ 'IVB0VPnPl0urvQrpSKkbXLdEZBUfSHaP' ] }
}
ReplyError: WRONGPASS invalid username-password pair or user is disabled.
    at parseError (/Users/adrianfranciscoperezgomez/Desktop/Personal Apps/vult-intel/node_modules/redis-parser/lib/parser.js:179:12)
    at parseType (/Users/adrianfranciscoperezgomez/Desktop/Personal Apps/vult-intel/node_modules/redis-parser/lib/parser.js:302:14) {
  command: { name: 'auth', args: [ 'IVB0VPnPl0urvQrpSKkbXLdEZBUfSHaP' ] }
}
Connected to Redis for persistence
Redis connection error: ReplyError: WRONGPASS invalid username-password pair or user is disabled.
    at parseError (/Users/adrianfranciscoperezgomez/Desktop/Personal Apps/vult-intel/node_modules/redis-parser/lib/parser.js:179:12)
    at parseType (/Users/adrianfranciscoperezgomez/Desktop/Personal Apps/vult-intel/node_modules/redis-parser/lib/parser.js:302:14) {
  command: { name: 'auth', args: [ 'IVB0VPnPl0urvQrpSKkbXLdEZBUfSHaP' ] }
}
ReplyError: WRONGPASS invalid username-password pair or user is disabled.
    at parseError (/Users/adrianfranciscoperezgomez/Desktop/Personal Apps/vult-intel/node_modules/redis-parser/lib/parser.js:179:12)
    at parseType (/Users/adrianfranciscoperezgomez/Desktop/Personal Apps/vult-intel/node_modules/redis-parser/lib/parser.js:302:14) {
  command: { name: 'auth', args: [ 'IVB0VPnPl0urvQrpSKkbXLdEZBUfSHaP' ] }
}
ReplyError: WRONGPASS invalid username-password pair or user is disabled.
    at parseError (/Users/adrianfranciscoperezgomez/Desktop/Personal Apps/vult-intel/node_modules/redis-parser/lib/parser.js:179:12)
    at parseType (/Users/adrianfranciscoperezgomez/Desktop/Personal Apps/vult-intel/node_modules/redis-parser/lib/parser.js:302:14) {
  command: { name: 'auth', args: [ 'IVB0VPnPl0urvQrpSKkbXLdEZBUfSHaP' ] }
}
ReplyError: WRONGPASS invalid username-password pair or user is disabled.
    at parseError (/Users/adrianfranciscoperezgomez/Desktop/Personal Apps/vult-intel/node_modules/redis-parser/lib/parser.js:179:12)
    at parseType (/Users/adrianfranciscoperezgomez/Desktop/Personal Apps/vult-intel/node_modules/redis-parser/lib/parser.js:302:14) {
  command: { name: 'auth', args: [ 'IVB0VPnPl0urvQrpSKkbXLdEZBUfSHaP' ] }
}
ReplyError: WRONGPASS invalid username-password pair or user is disabled.
    at parseError (/Users/adrianfranciscoperezgomez/Desktop/Personal Apps/vult-intel/node_modules/redis-parser/lib/parser.js:179:12)
    at parseType (/Users/adrianfranciscoperezgomez/Desktop/Personal Apps/vult-intel/node_modules/redis-parser/lib/parser.js:302:14) {
  command: { name: 'auth', args: [ 'IVB0VPnPl0urvQrpSKkbXLdEZBUfSHaP' ] }
}
ReplyError: WRONGPASS invalid username-password pair or user is disabled.
    at parseError (/Users/adrianfranciscoperezgomez/Desktop/Personal Apps/vult-intel/node_modules/redis-parser/lib/parser.js:179:12)
    at parseType (/Users/adrianfranciscoperezgomez/Desktop/Personal Apps/vult-intel/node_modules/redis-parser/lib/parser.js:302:14) {
  command: { name: 'auth', args: [ 'IVB0VPnPl0urvQrpSKkbXLdEZBUfSHaP' ] }
}
ReplyError: WRONGPASS invalid username-password pair or user is disabled.
    at parseError (/Users/adrianfranciscoperezgomez/Desktop/Personal Apps/vult-intel/node_modules/redis-parser/lib/parser.js:179:12)
    at parseType (/Users/adrianfranciscoperezgomez/Desktop/Personal Apps/vult-intel/node_modules/redis-parser/lib/parser.js:302:14) {
  command: { name: 'auth', args: [ 'IVB0VPnPl0urvQrpSKkbXLdEZBUfSHaP' ] }
}
Connected to Redis for persistence
Redis connection error: ReplyError: WRONGPASS invalid username-password pair or user is disabled.
    at parseError (/Users/adrianfranciscoperezgomez/Desktop/Personal Apps/vult-intel/node_modules/redis-parser/lib/parser.js:179:12)
    at parseType (/Users/adrianfranciscoperezgomez/Desktop/Personal Apps/vult-intel/node_modules/redis-parser/lib/parser.js:302:14) {
  command: { name: 'auth', args: [ 'IVB0VPnPl0urvQrpSKkbXLdEZBUfSHaP' ] }
}
ReplyError: WRONGPASS invalid username-password pair or user is disabled.
    at parseError (/Users/adrianfranciscoperezgomez/Desktop/Personal Apps/vult-intel/node_modules/redis-parser/lib/parser.js:179:12)
    at parseType (/Users/adrianfranciscoperezgomez/Desktop/Personal Apps/vult-intel/node_modules/redis-parser/lib/parser.js:302:14) {
  command: { name: 'auth', args: [ 'IVB0VPnPl0urvQrpSKkbXLdEZBUfSHaP' ] }
}
ReplyError: WRONGPASS invalid username-password pair or user is disabled.
    at parseError (/Users/adrianfranciscoperezgomez/Desktop/Personal Apps/vult-intel/node_modules/redis-parser/lib/parser.js:179:12)
    at parseType (/Users/adrianfranciscoperezgomez/Desktop/Personal Apps/vult-intel/node_modules/redis-parser/lib/parser.js:302:14) {
  command: { name: 'auth', args: [ 'IVB0VPnPl0urvQrpSKkbXLdEZBUfSHaP' ] }
}
ReplyError: WRONGPASS invalid username-password pair or user is disabled.
    at parseError (/Users/adrianfranciscoperezgomez/Desktop/Personal Apps/vult-intel/node_modules/redis-parser/lib/parser.js:179:12)
    at parseType (/Users/adrianfranciscoperezgomez/Desktop/Personal Apps/vult-intel/node_modules/redis-parser/lib/parser.js:302:14) {
  command: { name: 'auth', args: [ 'IVB0VPnPl0urvQrpSKkbXLdEZBUfSHaP' ] }
}
ReplyError: WRONGPASS invalid username-password pair or user is disabled.
    at parseError (/Users/adrianfranciscoperezgomez/Desktop/Personal Apps/vult-intel/node_modules/redis-parser/lib/parser.js:179:12)
    at parseType (/Users/adrianfranciscoperezgomez/Desktop/Personal Apps/vult-intel/node_modules/redis-parser/lib/parser.js:302:14) {
  command: { name: 'auth', args: [ 'IVB0VPnPl0urvQrpSKkbXLdEZBUfSHaP' ] }
}
ReplyError: WRONGPASS invalid username-password pair or user is disabled.
    at parseError (/Users/adrianfranciscoperezgomez/Desktop/Personal Apps/vult-intel/node_modules/redis-parser/lib/parser.js:179:12)
    at parseType (/Users/adrianfranciscoperezgomez/Desktop/Personal Apps/vult-intel/node_modules/redis-parser/lib/parser.js:302:14) {
  command: { name: 'auth', args: [ 'IVB0VPnPl0urvQrpSKkbXLdEZBUfSHaP' ] }
}
ReplyError: WRONGPASS invalid username-password pair or user is disabled.
    at parseError (/Users/adrianfranciscoperezgomez/Desktop/Personal Apps/vult-intel/node_modules/redis-parser/lib/parser.js:179:12)
    at parseType (/Users/adrianfranciscoperezgomez/Desktop/Personal Apps/vult-intel/node_modules/redis-parser/lib/parser.js:302:14) {
  command: { name: 'auth', args: [ 'IVB0VPnPl0urvQrpSKkbXLdEZBUfSHaP' ] }
}
Connected to Redis for persistence
Redis connection error: ReplyError: WRONGPASS invalid username-password pair or user is disabled.
    at parseError (/Users/adrianfranciscoperezgomez/Desktop/Personal Apps/vult-intel/node_modules/redis-parser/lib/parser.js:179:12)
    at parseType (/Users/adrianfranciscoperezgomez/Desktop/Personal Apps/vult-intel/node_modules/redis-parser/lib/parser.js:302:14) {
  command: { name: 'auth', args: [ 'IVB0VPnPl0urvQrpSKkbXLdEZBUfSHaP' ] }
}
ReplyError: WRONGPASS invalid username-password pair or user is disabled.
    at parseError (/Users/adrianfranciscoperezgomez/Desktop/Personal Apps/vult-intel/node_modules/redis-parser/lib/parser.js:179:12)
    at parseType (/Users/adrianfranciscoperezgomez/Desktop/Personal Apps/vult-intel/node_modules/redis-parser/lib/parser.js:302:14) {
  command: { name: 'auth', args: [ 'IVB0VPnPl0urvQrpSKkbXLdEZBUfSHaP' ] }
}
ReplyError: WRONGPASS invalid username-password pair or user is disabled.
    at parseError (/Users/adrianfranciscoperezgomez/Desktop/Personal Apps/vult-intel/node_modules/redis-parser/lib/parser.js:179:12)
    at parseType (/Users/adrianfranciscoperezgomez/Desktop/Personal Apps/vult-intel/node_modules/redis-parser/lib/parser.js:302:14) {
  command: { name: 'auth', args: [ 'IVB0VPnPl0urvQrpSKkbXLdEZBUfSHaP' ] }
}
ReplyError: WRONGPASS invalid username-password pair or user is disabled.
    at parseError (/Users/adrianfranciscoperezgomez/Desktop/Personal Apps/vult-intel/node_modules/redis-parser/lib/parser.js:179:12)
    at parseType (/Users/adrianfranciscoperezgomez/Desktop/Personal Apps/vult-intel/node_modules/redis-parser/lib/parser.js:302:14) {
  command: { name: 'auth', args: [ 'IVB0VPnPl0urvQrpSKkbXLdEZBUfSHaP' ] }
}
ReplyError: WRONGPASS invalid username-password pair or user is disabled.
    at parseError (/Users/adrianfranciscoperezgomez/Desktop/Personal Apps/vult-intel/node_modules/redis-parser/lib/parser.js:179:12)
    at parseType (/Users/adrianfranciscoperezgomez/Desktop/Personal Apps/vult-intel/node_modules/redis-parser/lib/parser.js:302:14) {
  command: { name: 'auth', args: [ 'IVB0VPnPl0urvQrpSKkbXLdEZBUfSHaP' ] }
}
ReplyError: WRONGPASS invalid username-password pair or user is disabled.
    at parseError (/Users/adrianfranciscoperezgomez/Desktop/Personal Apps/vult-intel/node_modules/redis-parser/lib/parser.js:179:12)
    at parseType (/Users/adrianfranciscoperezgomez/Desktop/Personal Apps/vult-intel/node_modules/redis-parser/lib/parser.js:302:14) {
  command: { name: 'auth', args: [ 'IVB0VPnPl0urvQrpSKkbXLdEZBUfSHaP' ] }
}
ReplyError: WRONGPASS invalid username-password pair or user is disabled.
    at parseError (/Users/adrianfranciscoperezgomez/Desktop/Personal Apps/vult-intel/node_modules/redis-parser/lib/parser.js:179:12)
    at parseType (/Users/adrianfranciscoperezgomez/Desktop/Personal Apps/vult-intel/node_modules/redis-parser/lib/parser.js:302:14) {
  command: { name: 'auth', args: [ 'IVB0VPnPl0urvQrpSKkbXLdEZBUfSHaP' ] }
}
Connected to Redis for persistence
Redis connection error: ReplyError: WRONGPASS invalid username-password pair or user is disabled.
    at parseError (/Users/adrianfranciscoperezgomez/Desktop/Personal Apps/vult-intel/node_modules/redis-parser/lib/parser.js:179:12)
    at parseType (/Users/adrianfranciscoperezgomez/Desktop/Personal Apps/vult-intel/node_modules/redis-parser/lib/parser.js:302:14) {
  command: { name: 'auth', args: [ 'IVB0VPnPl0urvQrpSKkbXLdEZBUfSHaP' ] }
}
ReplyError: WRONGPASS invalid username-password pair or user is disabled.
    at parseError (/Users/adrianfranciscoperezgomez/Desktop/Personal Apps/vult-intel/node_modules/redis-parser/lib/parser.js:179:12)
    at parseType (/Users/adrianfranciscoperezgomez/Desktop/Personal Apps/vult-intel/node_modules/redis-parser/lib/parser.js:302:14) {
  command: { name: 'auth', args: [ 'IVB0VPnPl0urvQrpSKkbXLdEZBUfSHaP' ] }
}
ReplyError: WRONGPASS invalid username-password pair or user is disabled.
    at parseError (/Users/adrianfranciscoperezgomez/Desktop/Personal Apps/vult-intel/node_modules/redis-parser/lib/parser.js:179:12)
    at parseType (/Users/adrianfranciscoperezgomez/Desktop/Personal Apps/vult-intel/node_modules/redis-parser/lib/parser.js:302:14) {
  command: { name: 'auth', args: [ 'IVB0VPnPl0urvQrpSKkbXLdEZBUfSHaP' ] }
}
ReplyError: WRONGPASS invalid username-password pair or user is disabled.
    at parseError (/Users/adrianfranciscoperezgomez/Desktop/Personal Apps/vult-intel/node_modules/redis-parser/lib/parser.js:179:12)
    at parseType (/Users/adrianfranciscoperezgomez/Desktop/Personal Apps/vult-intel/node_modules/redis-parser/lib/parser.js:302:14) {
  command: { name: 'auth', args: [ 'IVB0VPnPl0urvQrpSKkbXLdEZBUfSHaP' ] }
}
ReplyError: WRONGPASS invalid username-password pair or user is disabled.
    at parseError (/Users/adrianfranciscoperezgomez/Desktop/Personal Apps/vult-intel/node_modules/redis-parser/lib/parser.js:179:12)
    at parseType (/Users/adrianfranciscoperezgomez/Desktop/Personal Apps/vult-intel/node_modules/redis-parser/lib/parser.js:302:14) {
  command: { name: 'auth', args: [ 'IVB0VPnPl0urvQrpSKkbXLdEZBUfSHaP' ] }
}
ReplyError: WRONGPASS invalid username-password pair or user is disabled.
    at parseError (/Users/adrianfranciscoperezgomez/Desktop/Personal Apps/vult-intel/node_modules/redis-parser/lib/parser.js:179:12)
    at parseType (/Users/adrianfranciscoperezgomez/Desktop/Personal Apps/vult-intel/node_modules/redis-parser/lib/parser.js:302:14) {
  command: { name: 'auth', args: [ 'IVB0VPnPl0urvQrpSKkbXLdEZBUfSHaP' ] }
}
ReplyError: WRONGPASS invalid username-password pair or user is disabled.
    at parseError (/Users/adrianfranciscoperezgomez/Desktop/Personal Apps/vult-intel/node_modules/redis-parser/lib/parser.js:179:12)
    at parseType (/Users/adrianfranciscoperezgomez/Desktop/Personal Apps/vult-intel/node_modules/redis-parser/lib/parser.js:302:14) {
  command: { name: 'auth', args: [ 'IVB0VPnPl0urvQrpSKkbXLdEZBUfSHaP' ] }
}
Connected to Redis for persistence
Redis connection error: ReplyError: WRONGPASS invalid username-password pair or user is disabled.
    at parseError (/Users/adrianfranciscoperezgomez/Desktop/Personal Apps/vult-intel/node_modules/redis-parser/lib/parser.js:179:12)
    at parseType (/Users/adrianfranciscoperezgomez/Desktop/Personal Apps/vult-intel/node_modules/redis-parser/lib/parser.js:302:14) {
  command: { name: 'auth', args: [ 'IVB0VPnPl0urvQrpSKkbXLdEZBUfSHaP' ] }
}
ReplyError: WRONGPASS invalid username-password pair or user is disabled.
    at parseError (/Users/adrianfranciscoperezgomez/Desktop/Personal Apps/vult-intel/node_modules/redis-parser/lib/parser.js:179:12)
    at parseType (/Users/adrianfranciscoperezgomez/Desktop/Personal Apps/vult-intel/node_modules/redis-parser/lib/parser.js:302:14) {
  command: { name: 'auth', args: [ 'IVB0VPnPl0urvQrpSKkbXLdEZBUfSHaP' ] }
}
ReplyError: WRONGPASS invalid username-password pair or user is disabled.
    at parseError (/Users/adrianfranciscoperezgomez/Desktop/Personal Apps/vult-intel/node_modules/redis-parser/lib/parser.js:179:12)
    at parseType (/Users/adrianfranciscoperezgomez/Desktop/Personal Apps/vult-intel/node_modules/redis-parser/lib/parser.js:302:14) {
  command: { name: 'auth', args: [ 'IVB0VPnPl0urvQrpSKkbXLdEZBUfSHaP' ] }
}
ReplyError: WRONGPASS invalid username-password pair or user is disabled.
    at parseError (/Users/adrianfranciscoperezgomez/Desktop/Personal Apps/vult-intel/node_modules/redis-parser/lib/parser.js:179:12)
    at parseType (/Users/adrianfranciscoperezgomez/Desktop/Personal Apps/vult-intel/node_modules/redis-parser/lib/parser.js:302:14) {
  command: { name: 'auth', args: [ 'IVB0VPnPl0urvQrpSKkbXLdEZBUfSHaP' ] }
}
ReplyError: WRONGPASS invalid username-password pair or user is disabled.
    at parseError (/Users/adrianfranciscoperezgomez/Desktop/Personal Apps/vult-intel/node_modules/redis-parser/lib/parser.js:179:12)
    at parseType (/Users/adrianfranciscoperezgomez/Desktop/Personal Apps/vult-intel/node_modules/redis-parser/lib/parser.js:302:14) {
  command: { name: 'auth', args: [ 'IVB0VPnPl0urvQrpSKkbXLdEZBUfSHaP' ] }
}
ReplyError: WRONGPASS invalid username-password pair or user is disabled.
    at parseError (/Users/adrianfranciscoperezgomez/Desktop/Personal Apps/vult-intel/node_modules/redis-parser/lib/parser.js:179:12)
    at parseType (/Users/adrianfranciscoperezgomez/Desktop/Personal Apps/vult-intel/node_modules/redis-parser/lib/parser.js:302:14) {
  command: { name: 'auth', args: [ 'IVB0VPnPl0urvQrpSKkbXLdEZBUfSHaP' ] }
}
ReplyError: WRONGPASS invalid username-password pair or user is disabled.
    at parseError (/Users/adrianfranciscoperezgomez/Desktop/Personal Apps/vult-intel/node_modules/redis-parser/lib/parser.js:179:12)
    at parseType (/Users/adrianfranciscoperezgomez/Desktop/Personal Apps/vult-intel/node_modules/redis-parser/lib/parser.js:302:14) {
  command: { name: 'auth', args: [ 'IVB0VPnPl0urvQrpSKkbXLdEZBUfSHaP' ] }
}
Connected to Redis for persistence
Redis connection error: ReplyError: WRONGPASS invalid username-password pair or user is disabled.
    at parseError (/Users/adrianfranciscoperezgomez/Desktop/Personal Apps/vult-intel/node_modules/redis-parser/lib/parser.js:179:12)
    at parseType (/Users/adrianfranciscoperezgomez/Desktop/Personal Apps/vult-intel/node_modules/redis-parser/lib/parser.js:302:14) {
  command: { name: 'auth', args: [ 'IVB0VPnPl0urvQrpSKkbXLdEZBUfSHaP' ] }
}
ReplyError: WRONGPASS invalid username-password pair or user is disabled.
    at parseError (/Users/adrianfranciscoperezgomez/Desktop/Personal Apps/vult-intel/node_modules/redis-parser/lib/parser.js:179:12)
    at parseType (/Users/adrianfranciscoperezgomez/Desktop/Personal Apps/vult-intel/node_modules/redis-parser/lib/parser.js:302:14) {
  command: { name: 'auth', args: [ 'IVB0VPnPl0urvQrpSKkbXLdEZBUfSHaP' ] }
}
ReplyError: WRONGPASS invalid username-password pair or user is disabled.
    at parseError (/Users/adrianfranciscoperezgomez/Desktop/Personal Apps/vult-intel/node_modules/redis-parser/lib/parser.js:179:12)
    at parseType (/Users/adrianfranciscoperezgomez/Desktop/Personal Apps/vult-intel/node_modules/redis-parser/lib/parser.js:302:14) {
  command: { name: 'auth', args: [ 'IVB0VPnPl0urvQrpSKkbXLdEZBUfSHaP' ] }
}
ReplyError: WRONGPASS invalid username-password pair or user is disabled.
    at parseError (/Users/adrianfranciscoperezgomez/Desktop/Personal Apps/vult-intel/node_modules/redis-parser/lib/parser.js:179:12)
    at parseType (/Users/adrianfranciscoperezgomez/Desktop/Personal Apps/vult-intel/node_modules/redis-parser/lib/parser.js:302:14) {
  command: { name: 'auth', args: [ 'IVB0VPnPl0urvQrpSKkbXLdEZBUfSHaP' ] }
}
ReplyError: WRONGPASS invalid username-password pair or user is disabled.
    at parseError (/Users/adrianfranciscoperezgomez/Desktop/Personal Apps/vult-intel/node_modules/redis-parser/lib/parser.js:179:12)
    at parseType (/Users/adrianfranciscoperezgomez/Desktop/Personal Apps/vult-intel/node_modules/redis-parser/lib/parser.js:302:14) {
  command: { name: 'auth', args: [ 'IVB0VPnPl0urvQrpSKkbXLdEZBUfSHaP' ] }
}
ReplyError: WRONGPASS invalid username-password pair or user is disabled.
    at parseError (/Users/adrianfranciscoperezgomez/Desktop/Personal Apps/vult-intel/node_modules/redis-parser/lib/parser.js:179:12)
    at parseType (/Users/adrianfranciscoperezgomez/Desktop/Personal Apps/vult-intel/node_modules/redis-parser/lib/parser.js:302:14) {
  command: { name: 'auth', args: [ 'IVB0VPnPl0urvQrpSKkbXLdEZBUfSHaP' ] }
}
ReplyError: WRONGPASS invalid username-password pair or user is disabled.
    at parseError (/Users/adrianfranciscoperezgomez/Desktop/Personal Apps/vult-intel/node_modules/redis-parser/lib/parser.js:179:12)
    at parseType (/Users/adrianfranciscoperezgomez/Desktop/Personal Apps/vult-intel/node_modules/redis-parser/lib/parser.js:302:14) {
  command: { name: 'auth', args: [ 'IVB0VPnPl0urvQrpSKkbXLdEZBUfSHaP' ] }
}
Connected to Redis for persistence
Redis connection error: ReplyError: WRONGPASS invalid username-password pair or user is disabled.
    at parseError (/Users/adrianfranciscoperezgomez/Desktop/Personal Apps/vult-intel/node_modules/redis-parser/lib/parser.js:179:12)
    at parseType (/Users/adrianfranciscoperezgomez/Desktop/Personal Apps/vult-intel/node_modules/redis-parser/lib/parser.js:302:14) {
  command: { name: 'auth', args: [ 'IVB0VPnPl0urvQrpSKkbXLdEZBUfSHaP' ] }
}
ReplyError: WRONGPASS invalid username-password pair or user is disabled.
    at parseError (/Users/adrianfranciscoperezgomez/Desktop/Personal Apps/vult-intel/node_modules/redis-parser/lib/parser.js:179:12)
    at parseType (/Users/adrianfranciscoperezgomez/Desktop/Personal Apps/vult-intel/node_modules/redis-parser/lib/parser.js:302:14) {
  command: { name: 'auth', args: [ 'IVB0VPnPl0urvQrpSKkbXLdEZBUfSHaP' ] }
}
ReplyError: WRONGPASS invalid username-password pair or user is disabled.
    at parseError (/Users/adrianfranciscoperezgomez/Desktop/Personal Apps/vult-intel/node_modules/redis-parser/lib/parser.js:179:12)
    at parseType (/Users/adrianfranciscoperezgomez/Desktop/Personal Apps/vult-intel/node_modules/redis-parser/lib/parser.js:302:14) {
  command: { name: 'auth', args: [ 'IVB0VPnPl0urvQrpSKkbXLdEZBUfSHaP' ] }
}
ReplyError: WRONGPASS invalid username-password pair or user is disabled.
    at parseError (/Users/adrianfranciscoperezgomez/Desktop/Personal Apps/vult-intel/node_modules/redis-parser/lib/parser.js:179:12)
    at parseType (/Users/adrianfranciscoperezgomez/Desktop/Personal Apps/vult-intel/node_modules/redis-parser/lib/parser.js:302:14) {
  command: { name: 'auth', args: [ 'IVB0VPnPl0urvQrpSKkbXLdEZBUfSHaP' ] }
}
ReplyError: WRONGPASS invalid username-password pair or user is disabled.
    at parseError (/Users/adrianfranciscoperezgomez/Desktop/Personal Apps/vult-intel/node_modules/redis-parser/lib/parser.js:179:12)
    at parseType (/Users/adrianfranciscoperezgomez/Desktop/Personal Apps/vult-intel/node_modules/redis-parser/lib/parser.js:302:14) {
  command: { name: 'auth', args: [ 'IVB0VPnPl0urvQrpSKkbXLdEZBUfSHaP' ] }
}
ReplyError: WRONGPASS invalid username-password pair or user is disabled.
    at parseError (/Users/adrianfranciscoperezgomez/Desktop/Personal Apps/vult-intel/node_modules/redis-parser/lib/parser.js:179:12)
    at parseType (/Users/adrianfranciscoperezgomez/Desktop/Personal Apps/vult-intel/node_modules/redis-parser/lib/parser.js:302:14) {
  command: { name: 'auth', args: [ 'IVB0VPnPl0urvQrpSKkbXLdEZBUfSHaP' ] }
}
ReplyError: WRONGPASS invalid username-password pair or user is disabled.
    at parseError (/Users/adrianfranciscoperezgomez/Desktop/Personal Apps/vult-intel/node_modules/redis-parser/lib/parser.js:179:12)
    at parseType (/Users/adrianfranciscoperezgomez/Desktop/Personal Apps/vult-intel/node_modules/redis-parser/lib/parser.js:302:14) {
  command: { name: 'auth', args: [ 'IVB0VPnPl0urvQrpSKkbXLdEZBUfSHaP' ] }
}
Connected to Redis for persistence
Redis connection error: ReplyError: WRONGPASS invalid username-password pair or user is disabled.
    at parseError (/Users/adrianfranciscoperezgomez/Desktop/Personal Apps/vult-intel/node_modules/redis-parser/lib/parser.js:179:12)
    at parseType (/Users/adrianfranciscoperezgomez/Desktop/Personal Apps/vult-intel/node_modules/redis-parser/lib/parser.js:302:14) {
  command: { name: 'auth', args: [ 'IVB0VPnPl0urvQrpSKkbXLdEZBUfSHaP' ] }
}
ReplyError: WRONGPASS invalid username-password pair or user is disabled.
    at parseError (/Users/adrianfranciscoperezgomez/Desktop/Personal Apps/vult-intel/node_modules/redis-parser/lib/parser.js:179:12)
    at parseType (/Users/adrianfranciscoperezgomez/Desktop/Personal Apps/vult-intel/node_modules/redis-parser/lib/parser.js:302:14) {
  command: { name: 'auth', args: [ 'IVB0VPnPl0urvQrpSKkbXLdEZBUfSHaP' ] }
}
ReplyError: WRONGPASS invalid username-password pair or user is disabled.
    at parseError (/Users/adrianfranciscoperezgomez/Desktop/Personal Apps/vult-intel/node_modules/redis-parser/lib/parser.js:179:12)
    at parseType (/Users/adrianfranciscoperezgomez/Desktop/Personal Apps/vult-intel/node_modules/redis-parser/lib/parser.js:302:14) {
  command: { name: 'auth', args: [ 'IVB0VPnPl0urvQrpSKkbXLdEZBUfSHaP' ] }
}
ReplyError: WRONGPASS invalid username-password pair or user is disabled.
    at parseError (/Users/adrianfranciscoperezgomez/Desktop/Personal Apps/vult-intel/node_modules/redis-parser/lib/parser.js:179:12)
    at parseType (/Users/adrianfranciscoperezgomez/Desktop/Personal Apps/vult-intel/node_modules/redis-parser/lib/parser.js:302:14) {
  command: { name: 'auth', args: [ 'IVB0VPnPl0urvQrpSKkbXLdEZBUfSHaP' ] }
}
ReplyError: WRONGPASS invalid username-password pair or user is disabled.
    at parseError (/Users/adrianfranciscoperezgomez/Desktop/Personal Apps/vult-intel/node_modules/redis-parser/lib/parser.js:179:12)
    at parseType (/Users/adrianfranciscoperezgomez/Desktop/Personal Apps/vult-intel/node_modules/redis-parser/lib/parser.js:302:14) {
  command: { name: 'auth', args: [ 'IVB0VPnPl0urvQrpSKkbXLdEZBUfSHaP' ] }
}
ReplyError: WRONGPASS invalid username-password pair or user is disabled.
    at parseError (/Users/adrianfranciscoperezgomez/Desktop/Personal Apps/vult-intel/node_modules/redis-parser/lib/parser.js:179:12)
    at parseType (/Users/adrianfranciscoperezgomez/Desktop/Personal Apps/vult-intel/node_modules/redis-parser/lib/parser.js:302:14) {
  command: { name: 'auth', args: [ 'IVB0VPnPl0urvQrpSKkbXLdEZBUfSHaP' ] }
}
ReplyError: WRONGPASS invalid username-password pair or user is disabled.
    at parseError (/Users/adrianfranciscoperezgomez/Desktop/Personal Apps/vult-intel/node_modules/redis-parser/lib/parser.js:179:12)
    at parseType (/Users/adrianfranciscoperezgomez/Desktop/Personal Apps/vult-intel/node_modules/redis-parser/lib/parser.js:302:14) {
  command: { name: 'auth', args: [ 'IVB0VPnPl0urvQrpSKkbXLdEZBUfSHaP' ] }
}
Connected to Redis for persistence
Redis connection error: ReplyError: WRONGPASS invalid username-password pair or user is disabled.
    at parseError (/Users/adrianfranciscoperezgomez/Desktop/Personal Apps/vult-intel/node_modules/redis-parser/lib/parser.js:179:12)
    at parseType (/Users/adrianfranciscoperezgomez/Desktop/Personal Apps/vult-intel/node_modules/redis-parser/lib/parser.js:302:14) {
  command: { name: 'auth', args: [ 'IVB0VPnPl0urvQrpSKkbXLdEZBUfSHaP' ] }
}
ReplyError: WRONGPASS invalid username-password pair or user is disabled.
    at parseError (/Users/adrianfranciscoperezgomez/Desktop/Personal Apps/vult-intel/node_modules/redis-parser/lib/parser.js:179:12)
    at parseType (/Users/adrianfranciscoperezgomez/Desktop/Personal Apps/vult-intel/node_modules/redis-parser/lib/parser.js:302:14) {
  command: { name: 'auth', args: [ 'IVB0VPnPl0urvQrpSKkbXLdEZBUfSHaP' ] }
}
ReplyError: WRONGPASS invalid username-password pair or user is disabled.
    at parseError (/Users/adrianfranciscoperezgomez/Desktop/Personal Apps/vult-intel/node_modules/redis-parser/lib/parser.js:179:12)
    at parseType (/Users/adrianfranciscoperezgomez/Desktop/Personal Apps/vult-intel/node_modules/redis-parser/lib/parser.js:302:14) {
  command: { name: 'auth', args: [ 'IVB0VPnPl0urvQrpSKkbXLdEZBUfSHaP' ] }
}
ReplyError: WRONGPASS invalid username-password pair or user is disabled.
    at parseError (/Users/adrianfranciscoperezgomez/Desktop/Personal Apps/vult-intel/node_modules/redis-parser/lib/parser.js:179:12)
    at parseType (/Users/adrianfranciscoperezgomez/Desktop/Personal Apps/vult-intel/node_modules/redis-parser/lib/parser.js:302:14) {
  command: { name: 'auth', args: [ 'IVB0VPnPl0urvQrpSKkbXLdEZBUfSHaP' ] }
}
ReplyError: WRONGPASS invalid username-password pair or user is disabled.
    at parseError (/Users/adrianfranciscoperezgomez/Desktop/Personal Apps/vult-intel/node_modules/redis-parser/lib/parser.js:179:12)
    at parseType (/Users/adrianfranciscoperezgomez/Desktop/Personal Apps/vult-intel/node_modules/redis-parser/lib/parser.js:302:14) {
  command: { name: 'auth', args: [ 'IVB0VPnPl0urvQrpSKkbXLdEZBUfSHaP' ] }
}
ReplyError: WRONGPASS invalid username-password pair or user is disabled.
    at parseError (/Users/adrianfranciscoperezgomez/Desktop/Personal Apps/vult-intel/node_modules/redis-parser/lib/parser.js:179:12)
    at parseType (/Users/adrianfranciscoperezgomez/Desktop/Personal Apps/vult-intel/node_modules/redis-parser/lib/parser.js:302:14) {
  command: { name: 'auth', args: [ 'IVB0VPnPl0urvQrpSKkbXLdEZBUfSHaP' ] }
}
ReplyError: WRONGPASS invalid username-password pair or user is disabled.
    at parseError (/Users/adrianfranciscoperezgomez/Desktop/Personal Apps/vult-intel/node_modules/redis-parser/lib/parser.js:179:12)
    at parseType (/Users/adrianfranciscoperezgomez/Desktop/Personal Apps/vult-intel/node_modules/redis-parser/lib/parser.js:302:14) {
  command: { name: 'auth', args: [ 'IVB0VPnPl0urvQrpSKkbXLdEZBUfSHaP' ] }
}
Connected to Redis for persistence
Redis connection error: ReplyError: WRONGPASS invalid username-password pair or user is disabled.
    at parseError (/Users/adrianfranciscoperezgomez/Desktop/Personal Apps/vult-intel/node_modules/redis-parser/lib/parser.js:179:12)
    at parseType (/Users/adrianfranciscoperezgomez/Desktop/Personal Apps/vult-intel/node_modules/redis-parser/lib/parser.js:302:14) {
  command: { name: 'auth', args: [ 'IVB0VPnPl0urvQrpSKkbXLdEZBUfSHaP' ] }
}
ReplyError: WRONGPASS invalid username-password pair or user is disabled.
    at parseError (/Users/adrianfranciscoperezgomez/Desktop/Personal Apps/vult-intel/node_modules/redis-parser/lib/parser.js:179:12)
    at parseType (/Users/adrianfranciscoperezgomez/Desktop/Personal Apps/vult-intel/node_modules/redis-parser/lib/parser.js:302:14) {
  command: { name: 'auth', args: [ 'IVB0VPnPl0urvQrpSKkbXLdEZBUfSHaP' ] }
}
ReplyError: WRONGPASS invalid username-password pair or user is disabled.
    at parseError (/Users/adrianfranciscoperezgomez/Desktop/Personal Apps/vult-intel/node_modules/redis-parser/lib/parser.js:179:12)
    at parseType (/Users/adrianfranciscoperezgomez/Desktop/Personal Apps/vult-intel/node_modules/redis-parser/lib/parser.js:302:14) {
  command: { name: 'auth', args: [ 'IVB0VPnPl0urvQrpSKkbXLdEZBUfSHaP' ] }
}
ReplyError: WRONGPASS invalid username-password pair or user is disabled.
    at parseError (/Users/adrianfranciscoperezgomez/Desktop/Personal Apps/vult-intel/node_modules/redis-parser/lib/parser.js:179:12)
    at parseType (/Users/adrianfranciscoperezgomez/Desktop/Personal Apps/vult-intel/node_modules/redis-parser/lib/parser.js:302:14) {
  command: { name: 'auth', args: [ 'IVB0VPnPl0urvQrpSKkbXLdEZBUfSHaP' ] }
}
ReplyError: WRONGPASS invalid username-password pair or user is disabled.
    at parseError (/Users/adrianfranciscoperezgomez/Desktop/Personal Apps/vult-intel/node_modules/redis-parser/lib/parser.js:179:12)
    at parseType (/Users/adrianfranciscoperezgomez/Desktop/Personal Apps/vult-intel/node_modules/redis-parser/lib/parser.js:302:14) {
  command: { name: 'auth', args: [ 'IVB0VPnPl0urvQrpSKkbXLdEZBUfSHaP' ] }
}
ReplyError: WRONGPASS invalid username-password pair or user is disabled.
    at parseError (/Users/adrianfranciscoperezgomez/Desktop/Personal Apps/vult-intel/node_modules/redis-parser/lib/parser.js:179:12)
    at parseType (/Users/adrianfranciscoperezgomez/Desktop/Personal Apps/vult-intel/node_modules/redis-parser/lib/parser.js:302:14) {
  command: { name: 'auth', args: [ 'IVB0VPnPl0urvQrpSKkbXLdEZBUfSHaP' ] }
}
ReplyError: WRONGPASS invalid username-password pair or user is disabled.
    at parseError (/Users/adrianfranciscoperezgomez/Desktop/Personal Apps/vult-intel/node_modules/redis-parser/lib/parser.js:179:12)
    at parseType (/Users/adrianfranciscoperezgomez/Desktop/Personal Apps/vult-intel/node_modules/redis-parser/lib/parser.js:302:14) {
  command: { name: 'auth', args: [ 'IVB0VPnPl0urvQrpSKkbXLdEZBUfSHaP' ] }
}
Connected to Redis for persistence
Redis connection error: ReplyError: WRONGPASS invalid username-password pair or user is disabled.
    at parseError (/Users/adrianfranciscoperezgomez/Desktop/Personal Apps/vult-intel/node_modules/redis-parser/lib/parser.js:179:12)
    at parseType (/Users/adrianfranciscoperezgomez/Desktop/Personal Apps/vult-intel/node_modules/redis-parser/lib/parser.js:302:14) {
  command: { name: 'auth', args: [ 'IVB0VPnPl0urvQrpSKkbXLdEZBUfSHaP' ] }
}
ReplyError: WRONGPASS invalid username-password pair or user is disabled.
    at parseError (/Users/adrianfranciscoperezgomez/Desktop/Personal Apps/vult-intel/node_modules/redis-parser/lib/parser.js:179:12)
    at parseType (/Users/adrianfranciscoperezgomez/Desktop/Personal Apps/vult-intel/node_modules/redis-parser/lib/parser.js:302:14) {
  command: { name: 'auth', args: [ 'IVB0VPnPl0urvQrpSKkbXLdEZBUfSHaP' ] }
}
ReplyError: WRONGPASS invalid username-password pair or user is disabled.
    at parseError (/Users/adrianfranciscoperezgomez/Desktop/Personal Apps/vult-intel/node_modules/redis-parser/lib/parser.js:179:12)
    at parseType (/Users/adrianfranciscoperezgomez/Desktop/Personal Apps/vult-intel/node_modules/redis-parser/lib/parser.js:302:14) {
  command: { name: 'auth', args: [ 'IVB0VPnPl0urvQrpSKkbXLdEZBUfSHaP' ] }
}
ReplyError: WRONGPASS invalid username-password pair or user is disabled.
    at parseError (/Users/adrianfranciscoperezgomez/Desktop/Personal Apps/vult-intel/node_modules/redis-parser/lib/parser.js:179:12)
    at parseType (/Users/adrianfranciscoperezgomez/Desktop/Personal Apps/vult-intel/node_modules/redis-parser/lib/parser.js:302:14) {
  command: { name: 'auth', args: [ 'IVB0VPnPl0urvQrpSKkbXLdEZBUfSHaP' ] }
}
ReplyError: WRONGPASS invalid username-password pair or user is disabled.
    at parseError (/Users/adrianfranciscoperezgomez/Desktop/Personal Apps/vult-intel/node_modules/redis-parser/lib/parser.js:179:12)
    at parseType (/Users/adrianfranciscoperezgomez/Desktop/Personal Apps/vult-intel/node_modules/redis-parser/lib/parser.js:302:14) {
  command: { name: 'auth', args: [ 'IVB0VPnPl0urvQrpSKkbXLdEZBUfSHaP' ] }
}
ReplyError: WRONGPASS invalid username-password pair or user is disabled.
    at parseError (/Users/adrianfranciscoperezgomez/Desktop/Personal Apps/vult-intel/node_modules/redis-parser/lib/parser.js:179:12)
    at parseType (/Users/adrianfranciscoperezgomez/Desktop/Personal Apps/vult-intel/node_modules/redis-parser/lib/parser.js:302:14) {
  command: { name: 'auth', args: [ 'IVB0VPnPl0urvQrpSKkbXLdEZBUfSHaP' ] }
}
ReplyError: WRONGPASS invalid username-password pair or user is disabled.
    at parseError (/Users/adrianfranciscoperezgomez/Desktop/Personal Apps/vult-intel/node_modules/redis-parser/lib/parser.js:179:12)
    at parseType (/Users/adrianfranciscoperezgomez/Desktop/Personal Apps/vult-intel/node_modules/redis-parser/lib/parser.js:302:14) {
  command: { name: 'auth', args: [ 'IVB0VPnPl0urvQrpSKkbXLdEZBUfSHaP' ] }
}
Connected to Redis for persistence
Redis connection error: ReplyError: WRONGPASS invalid username-password pair or user is disabled.
    at parseError (/Users/adrianfranciscoperezgomez/Desktop/Personal Apps/vult-intel/node_modules/redis-parser/lib/parser.js:179:12)
    at parseType (/Users/adrianfranciscoperezgomez/Desktop/Personal Apps/vult-intel/node_modules/redis-parser/lib/parser.js:302:14) {
  command: { name: 'auth', args: [ 'IVB0VPnPl0urvQrpSKkbXLdEZBUfSHaP' ] }
}
ReplyError: WRONGPASS invalid username-password pair or user is disabled.
    at parseError (/Users/adrianfranciscoperezgomez/Desktop/Personal Apps/vult-intel/node_modules/redis-parser/lib/parser.js:179:12)
    at parseType (/Users/adrianfranciscoperezgomez/Desktop/Personal Apps/vult-intel/node_modules/redis-parser/lib/parser.js:302:14) {
  command: { name: 'auth', args: [ 'IVB0VPnPl0urvQrpSKkbXLdEZBUfSHaP' ] }
}
ReplyError: WRONGPASS invalid username-password pair or user is disabled.
    at parseError (/Users/adrianfranciscoperezgomez/Desktop/Personal Apps/vult-intel/node_modules/redis-parser/lib/parser.js:179:12)
    at parseType (/Users/adrianfranciscoperezgomez/Desktop/Personal Apps/vult-intel/node_modules/redis-parser/lib/parser.js:302:14) {
  command: { name: 'auth', args: [ 'IVB0VPnPl0urvQrpSKkbXLdEZBUfSHaP' ] }
}
ReplyError: WRONGPASS invalid username-password pair or user is disabled.
    at parseError (/Users/adrianfranciscoperezgomez/Desktop/Personal Apps/vult-intel/node_modules/redis-parser/lib/parser.js:179:12)
    at parseType (/Users/adrianfranciscoperezgomez/Desktop/Personal Apps/vult-intel/node_modules/redis-parser/lib/parser.js:302:14) {
  command: { name: 'auth', args: [ 'IVB0VPnPl0urvQrpSKkbXLdEZBUfSHaP' ] }
}
ReplyError: WRONGPASS invalid username-password pair or user is disabled.
    at parseError (/Users/adrianfranciscoperezgomez/Desktop/Personal Apps/vult-intel/node_modules/redis-parser/lib/parser.js:179:12)
    at parseType (/Users/adrianfranciscoperezgomez/Desktop/Personal Apps/vult-intel/node_modules/redis-parser/lib/parser.js:302:14) {
  command: { name: 'auth', args: [ 'IVB0VPnPl0urvQrpSKkbXLdEZBUfSHaP' ] }
}
ReplyError: WRONGPASS invalid username-password pair or user is disabled.
    at parseError (/Users/adrianfranciscoperezgomez/Desktop/Personal Apps/vult-intel/node_modules/redis-parser/lib/parser.js:179:12)
    at parseType (/Users/adrianfranciscoperezgomez/Desktop/Personal Apps/vult-intel/node_modules/redis-parser/lib/parser.js:302:14) {
  command: { name: 'auth', args: [ 'IVB0VPnPl0urvQrpSKkbXLdEZBUfSHaP' ] }
}
ReplyError: WRONGPASS invalid username-password pair or user is disabled.
    at parseError (/Users/adrianfranciscoperezgomez/Desktop/Personal Apps/vult-intel/node_modules/redis-parser/lib/parser.js:179:12)
    at parseType (/Users/adrianfranciscoperezgomez/Desktop/Personal Apps/vult-intel/node_modules/redis-parser/lib/parser.js:302:14) {
  command: { name: 'auth', args: [ 'IVB0VPnPl0urvQrpSKkbXLdEZBUfSHaP' ] }
}
Connected to Redis for persistence
Redis connection error: ReplyError: WRONGPASS invalid username-password pair or user is disabled.
    at parseError (/Users/adrianfranciscoperezgomez/Desktop/Personal Apps/vult-intel/node_modules/redis-parser/lib/parser.js:179:12)
    at parseType (/Users/adrianfranciscoperezgomez/Desktop/Personal Apps/vult-intel/node_modules/redis-parser/lib/parser.js:302:14) {
  command: { name: 'auth', args: [ 'IVB0VPnPl0urvQrpSKkbXLdEZBUfSHaP' ] }
}
ReplyError: WRONGPASS invalid username-password pair or user is disabled.
    at parseError (/Users/adrianfranciscoperezgomez/Desktop/Personal Apps/vult-intel/node_modules/redis-parser/lib/parser.js:179:12)
    at parseType (/Users/adrianfranciscoperezgomez/Desktop/Personal Apps/vult-intel/node_modules/redis-parser/lib/parser.js:302:14) {
  command: { name: 'auth', args: [ 'IVB0VPnPl0urvQrpSKkbXLdEZBUfSHaP' ] }
}
ReplyError: WRONGPASS invalid username-password pair or user is disabled.
    at parseError (/Users/adrianfranciscoperezgomez/Desktop/Personal Apps/vult-intel/node_modules/redis-parser/lib/parser.js:179:12)
    at parseType (/Users/adrianfranciscoperezgomez/Desktop/Personal Apps/vult-intel/node_modules/redis-parser/lib/parser.js:302:14) {
  command: { name: 'auth', args: [ 'IVB0VPnPl0urvQrpSKkbXLdEZBUfSHaP' ] }
}
ReplyError: WRONGPASS invalid username-password pair or user is disabled.
    at parseError (/Users/adrianfranciscoperezgomez/Desktop/Personal Apps/vult-intel/node_modules/redis-parser/lib/parser.js:179:12)
    at parseType (/Users/adrianfranciscoperezgomez/Desktop/Personal Apps/vult-intel/node_modules/redis-parser/lib/parser.js:302:14) {
  command: { name: 'auth', args: [ 'IVB0VPnPl0urvQrpSKkbXLdEZBUfSHaP' ] }
}
ReplyError: WRONGPASS invalid username-password pair or user is disabled.
    at parseError (/Users/adrianfranciscoperezgomez/Desktop/Personal Apps/vult-intel/node_modules/redis-parser/lib/parser.js:179:12)
    at parseType (/Users/adrianfranciscoperezgomez/Desktop/Personal Apps/vult-intel/node_modules/redis-parser/lib/parser.js:302:14) {
  command: { name: 'auth', args: [ 'IVB0VPnPl0urvQrpSKkbXLdEZBUfSHaP' ] }
}
ReplyError: WRONGPASS invalid username-password pair or user is disabled.
    at parseError (/Users/adrianfranciscoperezgomez/Desktop/Personal Apps/vult-intel/node_modules/redis-parser/lib/parser.js:179:12)
    at parseType (/Users/adrianfranciscoperezgomez/Desktop/Personal Apps/vult-intel/node_modules/redis-parser/lib/parser.js:302:14) {
  command: { name: 'auth', args: [ 'IVB0VPnPl0urvQrpSKkbXLdEZBUfSHaP' ] }
}
ReplyError: WRONGPASS invalid username-password pair or user is disabled.
    at parseError (/Users/adrianfranciscoperezgomez/Desktop/Personal Apps/vult-intel/node_modules/redis-parser/lib/parser.js:179:12)
    at parseType (/Users/adrianfranciscoperezgomez/Desktop/Personal Apps/vult-intel/node_modules/redis-parser/lib/parser.js:302:14) {
  command: { name: 'auth', args: [ 'IVB0VPnPl0urvQrpSKkbXLdEZBUfSHaP' ] }
}
Connected to Redis for persistence
Redis connection error: ReplyError: WRONGPASS invalid username-password pair or user is disabled.
    at parseError (/Users/adrianfranciscoperezgomez/Desktop/Personal Apps/vult-intel/node_modules/redis-parser/lib/parser.js:179:12)
    at parseType (/Users/adrianfranciscoperezgomez/Desktop/Personal Apps/vult-intel/node_modules/redis-parser/lib/parser.js:302:14) {
  command: { name: 'auth', args: [ 'IVB0VPnPl0urvQrpSKkbXLdEZBUfSHaP' ] }
}
ReplyError: WRONGPASS invalid username-password pair or user is disabled.
    at parseError (/Users/adrianfranciscoperezgomez/Desktop/Personal Apps/vult-intel/node_modules/redis-parser/lib/parser.js:179:12)
    at parseType (/Users/adrianfranciscoperezgomez/Desktop/Personal Apps/vult-intel/node_modules/redis-parser/lib/parser.js:302:14) {
  command: { name: 'auth', args: [ 'IVB0VPnPl0urvQrpSKkbXLdEZBUfSHaP' ] }
}
ReplyError: WRONGPASS invalid username-password pair or user is disabled.
    at parseError (/Users/adrianfranciscoperezgomez/Desktop/Personal Apps/vult-intel/node_modules/redis-parser/lib/parser.js:179:12)
    at parseType (/Users/adrianfranciscoperezgomez/Desktop/Personal Apps/vult-intel/node_modules/redis-parser/lib/parser.js:302:14) {
  command: { name: 'auth', args: [ 'IVB0VPnPl0urvQrpSKkbXLdEZBUfSHaP' ] }
}
ReplyError: WRONGPASS invalid username-password pair or user is disabled.
    at parseError (/Users/adrianfranciscoperezgomez/Desktop/Personal Apps/vult-intel/node_modules/redis-parser/lib/parser.js:179:12)
    at parseType (/Users/adrianfranciscoperezgomez/Desktop/Personal Apps/vult-intel/node_modules/redis-parser/lib/parser.js:302:14) {
  command: { name: 'auth', args: [ 'IVB0VPnPl0urvQrpSKkbXLdEZBUfSHaP' ] }
}
ReplyError: WRONGPASS invalid username-password pair or user is disabled.
    at parseError (/Users/adrianfranciscoperezgomez/Desktop/Personal Apps/vult-intel/node_modules/redis-parser/lib/parser.js:179:12)
    at parseType (/Users/adrianfranciscoperezgomez/Desktop/Personal Apps/vult-intel/node_modules/redis-parser/lib/parser.js:302:14) {
  command: { name: 'auth', args: [ 'IVB0VPnPl0urvQrpSKkbXLdEZBUfSHaP' ] }
}
ReplyError: WRONGPASS invalid username-password pair or user is disabled.
    at parseError (/Users/adrianfranciscoperezgomez/Desktop/Personal Apps/vult-intel/node_modules/redis-parser/lib/parser.js:179:12)
    at parseType (/Users/adrianfranciscoperezgomez/Desktop/Personal Apps/vult-intel/node_modules/redis-parser/lib/parser.js:302:14) {
  command: { name: 'auth', args: [ 'IVB0VPnPl0urvQrpSKkbXLdEZBUfSHaP' ] }
}
ReplyError: WRONGPASS invalid username-password pair or user is disabled.
    at parseError (/Users/adrianfranciscoperezgomez/Desktop/Personal Apps/vult-intel/node_modules/redis-parser/lib/parser.js:179:12)
    at parseType (/Users/adrianfranciscoperezgomez/Desktop/Personal Apps/vult-intel/node_modules/redis-parser/lib/parser.js:302:14) {
  command: { name: 'auth', args: [ 'IVB0VPnPl0urvQrpSKkbXLdEZBUfSHaP' ] }
}
Connected to Redis for persistence
Redis connection error: ReplyError: WRONGPASS invalid username-password pair or user is disabled.
    at parseError (/Users/adrianfranciscoperezgomez/Desktop/Personal Apps/vult-intel/node_modules/redis-parser/lib/parser.js:179:12)
    at parseType (/Users/adrianfranciscoperezgomez/Desktop/Personal Apps/vult-intel/node_modules/redis-parser/lib/parser.js:302:14) {
  command: { name: 'auth', args: [ 'IVB0VPnPl0urvQrpSKkbXLdEZBUfSHaP' ] }
}
ReplyError: WRONGPASS invalid username-password pair or user is disabled.
    at parseError (/Users/adrianfranciscoperezgomez/Desktop/Personal Apps/vult-intel/node_modules/redis-parser/lib/parser.js:179:12)
    at parseType (/Users/adrianfranciscoperezgomez/Desktop/Personal Apps/vult-intel/node_modules/redis-parser/lib/parser.js:302:14) {
  command: { name: 'auth', args: [ 'IVB0VPnPl0urvQrpSKkbXLdEZBUfSHaP' ] }
}
ReplyError: WRONGPASS invalid username-password pair or user is disabled.
    at parseError (/Users/adrianfranciscoperezgomez/Desktop/Personal Apps/vult-intel/node_modules/redis-parser/lib/parser.js:179:12)
    at parseType (/Users/adrianfranciscoperezgomez/Desktop/Personal Apps/vult-intel/node_modules/redis-parser/lib/parser.js:302:14) {
  command: { name: 'auth', args: [ 'IVB0VPnPl0urvQrpSKkbXLdEZBUfSHaP' ] }
}
ReplyError: WRONGPASS invalid username-password pair or user is disabled.
    at parseError (/Users/adrianfranciscoperezgomez/Desktop/Personal Apps/vult-intel/node_modules/redis-parser/lib/parser.js:179:12)
    at parseType (/Users/adrianfranciscoperezgomez/Desktop/Personal Apps/vult-intel/node_modules/redis-parser/lib/parser.js:302:14) {
  command: { name: 'auth', args: [ 'IVB0VPnPl0urvQrpSKkbXLdEZBUfSHaP' ] }
}
ReplyError: WRONGPASS invalid username-password pair or user is disabled.
    at parseError (/Users/adrianfranciscoperezgomez/Desktop/Personal Apps/vult-intel/node_modules/redis-parser/lib/parser.js:179:12)
    at parseType (/Users/adrianfranciscoperezgomez/Desktop/Personal Apps/vult-intel/node_modules/redis-parser/lib/parser.js:302:14) {
  command: { name: 'auth', args: [ 'IVB0VPnPl0urvQrpSKkbXLdEZBUfSHaP' ] }
}
ReplyError: WRONGPASS invalid username-password pair or user is disabled.
    at parseError (/Users/adrianfranciscoperezgomez/Desktop/Personal Apps/vult-intel/node_modules/redis-parser/lib/parser.js:179:12)
    at parseType (/Users/adrianfranciscoperezgomez/Desktop/Personal Apps/vult-intel/node_modules/redis-parser/lib/parser.js:302:14) {
  command: { name: 'auth', args: [ 'IVB0VPnPl0urvQrpSKkbXLdEZBUfSHaP' ] }
}
ReplyError: WRONGPASS invalid username-password pair or user is disabled.
    at parseError (/Users/adrianfranciscoperezgomez/Desktop/Personal Apps/vult-intel/node_modules/redis-parser/lib/parser.js:179:12)
    at parseType (/Users/adrianfranciscoperezgomez/Desktop/Personal Apps/vult-intel/node_modules/redis-parser/lib/parser.js:302:14) {
  command: { name: 'auth', args: [ 'IVB0VPnPl0urvQrpSKkbXLdEZBUfSHaP' ] }
}
Connected to Redis for persistence
Redis connection error: ReplyError: WRONGPASS invalid username-password pair or user is disabled.
    at parseError (/Users/adrianfranciscoperezgomez/Desktop/Personal Apps/vult-intel/node_modules/redis-parser/lib/parser.js:179:12)
    at parseType (/Users/adrianfranciscoperezgomez/Desktop/Personal Apps/vult-intel/node_modules/redis-parser/lib/parser.js:302:14) {
  command: { name: 'auth', args: [ 'IVB0VPnPl0urvQrpSKkbXLdEZBUfSHaP' ] }
}
ReplyError: WRONGPASS invalid username-password pair or user is disabled.
    at parseError (/Users/adrianfranciscoperezgomez/Desktop/Personal Apps/vult-intel/node_modules/redis-parser/lib/parser.js:179:12)
    at parseType (/Users/adrianfranciscoperezgomez/Desktop/Personal Apps/vult-intel/node_modules/redis-parser/lib/parser.js:302:14) {
  command: { name: 'auth', args: [ 'IVB0VPnPl0urvQrpSKkbXLdEZBUfSHaP' ] }
}
ReplyError: WRONGPASS invalid username-password pair or user is disabled.
    at parseError (/Users/adrianfranciscoperezgomez/Desktop/Personal Apps/vult-intel/node_modules/redis-parser/lib/parser.js:179:12)
    at parseType (/Users/adrianfranciscoperezgomez/Desktop/Personal Apps/vult-intel/node_modules/redis-parser/lib/parser.js:302:14) {
  command: { name: 'auth', args: [ 'IVB0VPnPl0urvQrpSKkbXLdEZBUfSHaP' ] }
}
ReplyError: WRONGPASS invalid username-password pair or user is disabled.
    at parseError (/Users/adrianfranciscoperezgomez/Desktop/Personal Apps/vult-intel/node_modules/redis-parser/lib/parser.js:179:12)
    at parseType (/Users/adrianfranciscoperezgomez/Desktop/Personal Apps/vult-intel/node_modules/redis-parser/lib/parser.js:302:14) {
  command: { name: 'auth', args: [ 'IVB0VPnPl0urvQrpSKkbXLdEZBUfSHaP' ] }
}
ReplyError: WRONGPASS invalid username-password pair or user is disabled.
    at parseError (/Users/adrianfranciscoperezgomez/Desktop/Personal Apps/vult-intel/node_modules/redis-parser/lib/parser.js:179:12)
    at parseType (/Users/adrianfranciscoperezgomez/Desktop/Personal Apps/vult-intel/node_modules/redis-parser/lib/parser.js:302:14) {
  command: { name: 'auth', args: [ 'IVB0VPnPl0urvQrpSKkbXLdEZBUfSHaP' ] }
}
ReplyError: WRONGPASS invalid username-password pair or user is disabled.
    at parseError (/Users/adrianfranciscoperezgomez/Desktop/Personal Apps/vult-intel/node_modules/redis-parser/lib/parser.js:179:12)
    at parseType (/Users/adrianfranciscoperezgomez/Desktop/Personal Apps/vult-intel/node_modules/redis-parser/lib/parser.js:302:14) {
  command: { name: 'auth', args: [ 'IVB0VPnPl0urvQrpSKkbXLdEZBUfSHaP' ] }
}
ReplyError: WRONGPASS invalid username-password pair or user is disabled.
    at parseError (/Users/adrianfranciscoperezgomez/Desktop/Personal Apps/vult-intel/node_modules/redis-parser/lib/parser.js:179:12)
    at parseType (/Users/adrianfranciscoperezgomez/Desktop/Personal Apps/vult-intel/node_modules/redis-parser/lib/parser.js:302:14) {
  command: { name: 'auth', args: [ 'IVB0VPnPl0urvQrpSKkbXLdEZBUfSHaP' ] }
}
Connected to Redis for persistence
Redis connection error: ReplyError: WRONGPASS invalid username-password pair or user is disabled.
    at parseError (/Users/adrianfranciscoperezgomez/Desktop/Personal Apps/vult-intel/node_modules/redis-parser/lib/parser.js:179:12)
    at parseType (/Users/adrianfranciscoperezgomez/Desktop/Personal Apps/vult-intel/node_modules/redis-parser/lib/parser.js:302:14) {
  command: { name: 'auth', args: [ 'IVB0VPnPl0urvQrpSKkbXLdEZBUfSHaP' ] }
}
ReplyError: WRONGPASS invalid username-password pair or user is disabled.
    at parseError (/Users/adrianfranciscoperezgomez/Desktop/Personal Apps/vult-intel/node_modules/redis-parser/lib/parser.js:179:12)
    at parseType (/Users/adrianfranciscoperezgomez/Desktop/Personal Apps/vult-intel/node_modules/redis-parser/lib/parser.js:302:14) {
  command: { name: 'auth', args: [ 'IVB0VPnPl0urvQrpSKkbXLdEZBUfSHaP' ] }
}
ReplyError: WRONGPASS invalid username-password pair or user is disabled.
    at parseError (/Users/adrianfranciscoperezgomez/Desktop/Personal Apps/vult-intel/node_modules/redis-parser/lib/parser.js:179:12)
    at parseType (/Users/adrianfranciscoperezgomez/Desktop/Personal Apps/vult-intel/node_modules/redis-parser/lib/parser.js:302:14) {
  command: { name: 'auth', args: [ 'IVB0VPnPl0urvQrpSKkbXLdEZBUfSHaP' ] }
}
ReplyError: WRONGPASS invalid username-password pair or user is disabled.
    at parseError (/Users/adrianfranciscoperezgomez/Desktop/Personal Apps/vult-intel/node_modules/redis-parser/lib/parser.js:179:12)
    at parseType (/Users/adrianfranciscoperezgomez/Desktop/Personal Apps/vult-intel/node_modules/redis-parser/lib/parser.js:302:14) {
  command: { name: 'auth', args: [ 'IVB0VPnPl0urvQrpSKkbXLdEZBUfSHaP' ] }
}
ReplyError: WRONGPASS invalid username-password pair or user is disabled.
    at parseError (/Users/adrianfranciscoperezgomez/Desktop/Personal Apps/vult-intel/node_modules/redis-parser/lib/parser.js:179:12)
    at parseType (/Users/adrianfranciscoperezgomez/Desktop/Personal Apps/vult-intel/node_modules/redis-parser/lib/parser.js:302:14) {
  command: { name: 'auth', args: [ 'IVB0VPnPl0urvQrpSKkbXLdEZBUfSHaP' ] }
}
ReplyError: WRONGPASS invalid username-password pair or user is disabled.
    at parseError (/Users/adrianfranciscoperezgomez/Desktop/Personal Apps/vult-intel/node_modules/redis-parser/lib/parser.js:179:12)
    at parseType (/Users/adrianfranciscoperezgomez/Desktop/Personal Apps/vult-intel/node_modules/redis-parser/lib/parser.js:302:14) {
  command: { name: 'auth', args: [ 'IVB0VPnPl0urvQrpSKkbXLdEZBUfSHaP' ] }
}
ReplyError: WRONGPASS invalid username-password pair or user is disabled.
    at parseError (/Users/adrianfranciscoperezgomez/Desktop/Personal Apps/vult-intel/node_modules/redis-parser/lib/parser.js:179:12)
    at parseType (/Users/adrianfranciscoperezgomez/Desktop/Personal Apps/vult-intel/node_modules/redis-parser/lib/parser.js:302:14) {
  command: { name: 'auth', args: [ 'IVB0VPnPl0urvQrpSKkbXLdEZBUfSHaP' ] }
}
Connected to Redis for persistence
Redis connection error: ReplyError: WRONGPASS invalid username-password pair or user is disabled.
    at parseError (/Users/adrianfranciscoperezgomez/Desktop/Personal Apps/vult-intel/node_modules/redis-parser/lib/parser.js:179:12)
    at parseType (/Users/adrianfranciscoperezgomez/Desktop/Personal Apps/vult-intel/node_modules/redis-parser/lib/parser.js:302:14) {
  command: { name: 'auth', args: [ 'IVB0VPnPl0urvQrpSKkbXLdEZBUfSHaP' ] }
}
ReplyError: WRONGPASS invalid username-password pair or user is disabled.
    at parseError (/Users/adrianfranciscoperezgomez/Desktop/Personal Apps/vult-intel/node_modules/redis-parser/lib/parser.js:179:12)
    at parseType (/Users/adrianfranciscoperezgomez/Desktop/Personal Apps/vult-intel/node_modules/redis-parser/lib/parser.js:302:14) {
  command: { name: 'auth', args: [ 'IVB0VPnPl0urvQrpSKkbXLdEZBUfSHaP' ] }
}
ReplyError: WRONGPASS invalid username-password pair or user is disabled.
    at parseError (/Users/adrianfranciscoperezgomez/Desktop/Personal Apps/vult-intel/node_modules/redis-parser/lib/parser.js:179:12)
    at parseType (/Users/adrianfranciscoperezgomez/Desktop/Personal Apps/vult-intel/node_modules/redis-parser/lib/parser.js:302:14) {
  command: { name: 'auth', args: [ 'IVB0VPnPl0urvQrpSKkbXLdEZBUfSHaP' ] }
}
ReplyError: WRONGPASS invalid username-password pair or user is disabled.
    at parseError (/Users/adrianfranciscoperezgomez/Desktop/Personal Apps/vult-intel/node_modules/redis-parser/lib/parser.js:179:12)
    at parseType (/Users/adrianfranciscoperezgomez/Desktop/Personal Apps/vult-intel/node_modules/redis-parser/lib/parser.js:302:14) {
  command: { name: 'auth', args: [ 'IVB0VPnPl0urvQrpSKkbXLdEZBUfSHaP' ] }
}
ReplyError: WRONGPASS invalid username-password pair or user is disabled.
    at parseError (/Users/adrianfranciscoperezgomez/Desktop/Personal Apps/vult-intel/node_modules/redis-parser/lib/parser.js:179:12)
    at parseType (/Users/adrianfranciscoperezgomez/Desktop/Personal Apps/vult-intel/node_modules/redis-parser/lib/parser.js:302:14) {
  command: { name: 'auth', args: [ 'IVB0VPnPl0urvQrpSKkbXLdEZBUfSHaP' ] }
}
ReplyError: WRONGPASS invalid username-password pair or user is disabled.
    at parseError (/Users/adrianfranciscoperezgomez/Desktop/Personal Apps/vult-intel/node_modules/redis-parser/lib/parser.js:179:12)
    at parseType (/Users/adrianfranciscoperezgomez/Desktop/Personal Apps/vult-intel/node_modules/redis-parser/lib/parser.js:302:14) {
  command: { name: 'auth', args: [ 'IVB0VPnPl0urvQrpSKkbXLdEZBUfSHaP' ] }
}
ReplyError: WRONGPASS invalid username-password pair or user is disabled.
    at parseError (/Users/adrianfranciscoperezgomez/Desktop/Personal Apps/vult-intel/node_modules/redis-parser/lib/parser.js:179:12)
    at parseType (/Users/adrianfranciscoperezgomez/Desktop/Personal Apps/vult-intel/node_modules/redis-parser/lib/parser.js:302:14) {
  command: { name: 'auth', args: [ 'IVB0VPnPl0urvQrpSKkbXLdEZBUfSHaP' ] }
}
Connected to Redis for persistence
Redis connection error: ReplyError: WRONGPASS invalid username-password pair or user is disabled.
    at parseError (/Users/adrianfranciscoperezgomez/Desktop/Personal Apps/vult-intel/node_modules/redis-parser/lib/parser.js:179:12)
    at parseType (/Users/adrianfranciscoperezgomez/Desktop/Personal Apps/vult-intel/node_modules/redis-parser/lib/parser.js:302:14) {
  command: { name: 'auth', args: [ 'IVB0VPnPl0urvQrpSKkbXLdEZBUfSHaP' ] }
}
ReplyError: WRONGPASS invalid username-password pair or user is disabled.
    at parseError (/Users/adrianfranciscoperezgomez/Desktop/Personal Apps/vult-intel/node_modules/redis-parser/lib/parser.js:179:12)
    at parseType (/Users/adrianfranciscoperezgomez/Desktop/Personal Apps/vult-intel/node_modules/redis-parser/lib/parser.js:302:14) {
  command: { name: 'auth', args: [ 'IVB0VPnPl0urvQrpSKkbXLdEZBUfSHaP' ] }
}
ReplyError: WRONGPASS invalid username-password pair or user is disabled.
    at parseError (/Users/adrianfranciscoperezgomez/Desktop/Personal Apps/vult-intel/node_modules/redis-parser/lib/parser.js:179:12)
    at parseType (/Users/adrianfranciscoperezgomez/Desktop/Personal Apps/vult-intel/node_modules/redis-parser/lib/parser.js:302:14) {
  command: { name: 'auth', args: [ 'IVB0VPnPl0urvQrpSKkbXLdEZBUfSHaP' ] }
}
ReplyError: WRONGPASS invalid username-password pair or user is disabled.
    at parseError (/Users/adrianfranciscoperezgomez/Desktop/Personal Apps/vult-intel/node_modules/redis-parser/lib/parser.js:179:12)
    at parseType (/Users/adrianfranciscoperezgomez/Desktop/Personal Apps/vult-intel/node_modules/redis-parser/lib/parser.js:302:14) {
  command: { name: 'auth', args: [ 'IVB0VPnPl0urvQrpSKkbXLdEZBUfSHaP' ] }
}
ReplyError: WRONGPASS invalid username-password pair or user is disabled.
    at parseError (/Users/adrianfranciscoperezgomez/Desktop/Personal Apps/vult-intel/node_modules/redis-parser/lib/parser.js:179:12)
    at parseType (/Users/adrianfranciscoperezgomez/Desktop/Personal Apps/vult-intel/node_modules/redis-parser/lib/parser.js:302:14) {
  command: { name: 'auth', args: [ 'IVB0VPnPl0urvQrpSKkbXLdEZBUfSHaP' ] }
}
ReplyError: WRONGPASS invalid username-password pair or user is disabled.
    at parseError (/Users/adrianfranciscoperezgomez/Desktop/Personal Apps/vult-intel/node_modules/redis-parser/lib/parser.js:179:12)
    at parseType (/Users/adrianfranciscoperezgomez/Desktop/Personal Apps/vult-intel/node_modules/redis-parser/lib/parser.js:302:14) {
  command: { name: 'auth', args: [ 'IVB0VPnPl0urvQrpSKkbXLdEZBUfSHaP' ] }
}
ReplyError: WRONGPASS invalid username-password pair or user is disabled.
    at parseError (/Users/adrianfranciscoperezgomez/Desktop/Personal Apps/vult-intel/node_modules/redis-parser/lib/parser.js:179:12)
    at parseType (/Users/adrianfranciscoperezgomez/Desktop/Personal Apps/vult-intel/node_modules/redis-parser/lib/parser.js:302:14) {
  command: { name: 'auth', args: [ 'IVB0VPnPl0urvQrpSKkbXLdEZBUfSHaP' ] }
}
Connected to Redis for persistence
Redis connection error: ReplyError: WRONGPASS invalid username-password pair or user is disabled.
    at parseError (/Users/adrianfranciscoperezgomez/Desktop/Personal Apps/vult-intel/node_modules/redis-parser/lib/parser.js:179:12)
    at parseType (/Users/adrianfranciscoperezgomez/Desktop/Personal Apps/vult-intel/node_modules/redis-parser/lib/parser.js:302:14) {
  command: { name: 'auth', args: [ 'IVB0VPnPl0urvQrpSKkbXLdEZBUfSHaP' ] }
}
ReplyError: WRONGPASS invalid username-password pair or user is disabled.
    at parseError (/Users/adrianfranciscoperezgomez/Desktop/Personal Apps/vult-intel/node_modules/redis-parser/lib/parser.js:179:12)
    at parseType (/Users/adrianfranciscoperezgomez/Desktop/Personal Apps/vult-intel/node_modules/redis-parser/lib/parser.js:302:14) {
  command: { name: 'auth', args: [ 'IVB0VPnPl0urvQrpSKkbXLdEZBUfSHaP' ] }
}
ReplyError: WRONGPASS invalid username-password pair or user is disabled.
    at parseError (/Users/adrianfranciscoperezgomez/Desktop/Personal Apps/vult-intel/node_modules/redis-parser/lib/parser.js:179:12)
    at parseType (/Users/adrianfranciscoperezgomez/Desktop/Personal Apps/vult-intel/node_modules/redis-parser/lib/parser.js:302:14) {
  command: { name: 'auth', args: [ 'IVB0VPnPl0urvQrpSKkbXLdEZBUfSHaP' ] }
}
ReplyError: WRONGPASS invalid username-password pair or user is disabled.
    at parseError (/Users/adrianfranciscoperezgomez/Desktop/Personal Apps/vult-intel/node_modules/redis-parser/lib/parser.js:179:12)
    at parseType (/Users/adrianfranciscoperezgomez/Desktop/Personal Apps/vult-intel/node_modules/redis-parser/lib/parser.js:302:14) {
  command: { name: 'auth', args: [ 'IVB0VPnPl0urvQrpSKkbXLdEZBUfSHaP' ] }
}
ReplyError: WRONGPASS invalid username-password pair or user is disabled.
    at parseError (/Users/adrianfranciscoperezgomez/Desktop/Personal Apps/vult-intel/node_modules/redis-parser/lib/parser.js:179:12)
    at parseType (/Users/adrianfranciscoperezgomez/Desktop/Personal Apps/vult-intel/node_modules/redis-parser/lib/parser.js:302:14) {
  command: { name: 'auth', args: [ 'IVB0VPnPl0urvQrpSKkbXLdEZBUfSHaP' ] }
}
ReplyError: WRONGPASS invalid username-password pair or user is disabled.
    at parseError (/Users/adrianfranciscoperezgomez/Desktop/Personal Apps/vult-intel/node_modules/redis-parser/lib/parser.js:179:12)
    at parseType (/Users/adrianfranciscoperezgomez/Desktop/Personal Apps/vult-intel/node_modules/redis-parser/lib/parser.js:302:14) {
  command: { name: 'auth', args: [ 'IVB0VPnPl0urvQrpSKkbXLdEZBUfSHaP' ] }
}
ReplyError: WRONGPASS invalid username-password pair or user is disabled.
    at parseError (/Users/adrianfranciscoperezgomez/Desktop/Personal Apps/vult-intel/node_modules/redis-parser/lib/parser.js:179:12)
    at parseType (/Users/adrianfranciscoperezgomez/Desktop/Personal Apps/vult-intel/node_modules/redis-parser/lib/parser.js:302:14) {
  command: { name: 'auth', args: [ 'IVB0VPnPl0urvQrpSKkbXLdEZBUfSHaP' ] }
}
Connected to Redis for persistence
Redis connection error: ReplyError: WRONGPASS invalid username-password pair or user is disabled.
    at parseError (/Users/adrianfranciscoperezgomez/Desktop/Personal Apps/vult-intel/node_modules/redis-parser/lib/parser.js:179:12)
    at parseType (/Users/adrianfranciscoperezgomez/Desktop/Personal Apps/vult-intel/node_modules/redis-parser/lib/parser.js:302:14) {
  command: { name: 'auth', args: [ 'IVB0VPnPl0urvQrpSKkbXLdEZBUfSHaP' ] }
}
ReplyError: WRONGPASS invalid username-password pair or user is disabled.
    at parseError (/Users/adrianfranciscoperezgomez/Desktop/Personal Apps/vult-intel/node_modules/redis-parser/lib/parser.js:179:12)
    at parseType (/Users/adrianfranciscoperezgomez/Desktop/Personal Apps/vult-intel/node_modules/redis-parser/lib/parser.js:302:14) {
  command: { name: 'auth', args: [ 'IVB0VPnPl0urvQrpSKkbXLdEZBUfSHaP' ] }
}
ReplyError: WRONGPASS invalid username-password pair or user is disabled.
    at parseError (/Users/adrianfranciscoperezgomez/Desktop/Personal Apps/vult-intel/node_modules/redis-parser/lib/parser.js:179:12)
    at parseType (/Users/adrianfranciscoperezgomez/Desktop/Personal Apps/vult-intel/node_modules/redis-parser/lib/parser.js:302:14) {
  command: { name: 'auth', args: [ 'IVB0VPnPl0urvQrpSKkbXLdEZBUfSHaP' ] }
}
ReplyError: WRONGPASS invalid username-password pair or user is disabled.
    at parseError (/Users/adrianfranciscoperezgomez/Desktop/Personal Apps/vult-intel/node_modules/redis-parser/lib/parser.js:179:12)
    at parseType (/Users/adrianfranciscoperezgomez/Desktop/Personal Apps/vult-intel/node_modules/redis-parser/lib/parser.js:302:14) {
  command: { name: 'auth', args: [ 'IVB0VPnPl0urvQrpSKkbXLdEZBUfSHaP' ] }
}
ReplyError: WRONGPASS invalid username-password pair or user is disabled.
    at parseError (/Users/adrianfranciscoperezgomez/Desktop/Personal Apps/vult-intel/node_modules/redis-parser/lib/parser.js:179:12)
    at parseType (/Users/adrianfranciscoperezgomez/Desktop/Personal Apps/vult-intel/node_modules/redis-parser/lib/parser.js:302:14) {
  command: { name: 'auth', args: [ 'IVB0VPnPl0urvQrpSKkbXLdEZBUfSHaP' ] }
}
ReplyError: WRONGPASS invalid username-password pair or user is disabled.
    at parseError (/Users/adrianfranciscoperezgomez/Desktop/Personal Apps/vult-intel/node_modules/redis-parser/lib/parser.js:179:12)
    at parseType (/Users/adrianfranciscoperezgomez/Desktop/Personal Apps/vult-intel/node_modules/redis-parser/lib/parser.js:302:14) {
  command: { name: 'auth', args: [ 'IVB0VPnPl0urvQrpSKkbXLdEZBUfSHaP' ] }
}
ReplyError: WRONGPASS invalid username-password pair or user is disabled.
    at parseError (/Users/adrianfranciscoperezgomez/Desktop/Personal Apps/vult-intel/node_modules/redis-parser/lib/parser.js:179:12)
    at parseType (/Users/adrianfranciscoperezgomez/Desktop/Personal Apps/vult-intel/node_modules/redis-parser/lib/parser.js:302:14) {
  command: { name: 'auth', args: [ 'IVB0VPnPl0urvQrpSKkbXLdEZBUfSHaP' ] }
}
Connected to Redis for persistence
Redis connection error: ReplyError: WRONGPASS invalid username-password pair or user is disabled.
    at parseError (/Users/adrianfranciscoperezgomez/Desktop/Personal Apps/vult-intel/node_modules/redis-parser/lib/parser.js:179:12)
    at parseType (/Users/adrianfranciscoperezgomez/Desktop/Personal Apps/vult-intel/node_modules/redis-parser/lib/parser.js:302:14) {
  command: { name: 'auth', args: [ 'IVB0VPnPl0urvQrpSKkbXLdEZBUfSHaP' ] }
}
ReplyError: WRONGPASS invalid username-password pair or user is disabled.
    at parseError (/Users/adrianfranciscoperezgomez/Desktop/Personal Apps/vult-intel/node_modules/redis-parser/lib/parser.js:179:12)
    at parseType (/Users/adrianfranciscoperezgomez/Desktop/Personal Apps/vult-intel/node_modules/redis-parser/lib/parser.js:302:14) {
  command: { name: 'auth', args: [ 'IVB0VPnPl0urvQrpSKkbXLdEZBUfSHaP' ] }
}
ReplyError: WRONGPASS invalid username-password pair or user is disabled.
    at parseError (/Users/adrianfranciscoperezgomez/Desktop/Personal Apps/vult-intel/node_modules/redis-parser/lib/parser.js:179:12)
    at parseType (/Users/adrianfranciscoperezgomez/Desktop/Personal Apps/vult-intel/node_modules/redis-parser/lib/parser.js:302:14) {
  command: { name: 'auth', args: [ 'IVB0VPnPl0urvQrpSKkbXLdEZBUfSHaP' ] }
}
ReplyError: WRONGPASS invalid username-password pair or user is disabled.
    at parseError (/Users/adrianfranciscoperezgomez/Desktop/Personal Apps/vult-intel/node_modules/redis-parser/lib/parser.js:179:12)
    at parseType (/Users/adrianfranciscoperezgomez/Desktop/Personal Apps/vult-intel/node_modules/redis-parser/lib/parser.js:302:14) {
  command: { name: 'auth', args: [ 'IVB0VPnPl0urvQrpSKkbXLdEZBUfSHaP' ] }
}
ReplyError: WRONGPASS invalid username-password pair or user is disabled.
    at parseError (/Users/adrianfranciscoperezgomez/Desktop/Personal Apps/vult-intel/node_modules/redis-parser/lib/parser.js:179:12)
    at parseType (/Users/adrianfranciscoperezgomez/Desktop/Personal Apps/vult-intel/node_modules/redis-parser/lib/parser.js:302:14) {
  command: { name: 'auth', args: [ 'IVB0VPnPl0urvQrpSKkbXLdEZBUfSHaP' ] }
}
ReplyError: WRONGPASS invalid username-password pair or user is disabled.
    at parseError (/Users/adrianfranciscoperezgomez/Desktop/Personal Apps/vult-intel/node_modules/redis-parser/lib/parser.js:179:12)
    at parseType (/Users/adrianfranciscoperezgomez/Desktop/Personal Apps/vult-intel/node_modules/redis-parser/lib/parser.js:302:14) {
  command: { name: 'auth', args: [ 'IVB0VPnPl0urvQrpSKkbXLdEZBUfSHaP' ] }
}
ReplyError: WRONGPASS invalid username-password pair or user is disabled.
    at parseError (/Users/adrianfranciscoperezgomez/Desktop/Personal Apps/vult-intel/node_modules/redis-parser/lib/parser.js:179:12)
    at parseType (/Users/adrianfranciscoperezgomez/Desktop/Personal Apps/vult-intel/node_modules/redis-parser/lib/parser.js:302:14) {
  command: { name: 'auth', args: [ 'IVB0VPnPl0urvQrpSKkbXLdEZBUfSHaP' ] }
}
Connected to Redis for persistence
Redis connection error: ReplyError: WRONGPASS invalid username-password pair or user is disabled.
    at parseError (/Users/adrianfranciscoperezgomez/Desktop/Personal Apps/vult-intel/node_modules/redis-parser/lib/parser.js:179:12)
    at parseType (/Users/adrianfranciscoperezgomez/Desktop/Personal Apps/vult-intel/node_modules/redis-parser/lib/parser.js:302:14) {
  command: { name: 'auth', args: [ 'IVB0VPnPl0urvQrpSKkbXLdEZBUfSHaP' ] }
}
ReplyError: WRONGPASS invalid username-password pair or user is disabled.
    at parseError (/Users/adrianfranciscoperezgomez/Desktop/Personal Apps/vult-intel/node_modules/redis-parser/lib/parser.js:179:12)
    at parseType (/Users/adrianfranciscoperezgomez/Desktop/Personal Apps/vult-intel/node_modules/redis-parser/lib/parser.js:302:14) {
  command: { name: 'auth', args: [ 'IVB0VPnPl0urvQrpSKkbXLdEZBUfSHaP' ] }
}
ReplyError: WRONGPASS invalid username-password pair or user is disabled.
    at parseError (/Users/adrianfranciscoperezgomez/Desktop/Personal Apps/vult-intel/node_modules/redis-parser/lib/parser.js:179:12)
    at parseType (/Users/adrianfranciscoperezgomez/Desktop/Personal Apps/vult-intel/node_modules/redis-parser/lib/parser.js:302:14) {
  command: { name: 'auth', args: [ 'IVB0VPnPl0urvQrpSKkbXLdEZBUfSHaP' ] }
}
ReplyError: WRONGPASS invalid username-password pair or user is disabled.
    at parseError (/Users/adrianfranciscoperezgomez/Desktop/Personal Apps/vult-intel/node_modules/redis-parser/lib/parser.js:179:12)
    at parseType (/Users/adrianfranciscoperezgomez/Desktop/Personal Apps/vult-intel/node_modules/redis-parser/lib/parser.js:302:14) {
  command: { name: 'auth', args: [ 'IVB0VPnPl0urvQrpSKkbXLdEZBUfSHaP' ] }
}
ReplyError: WRONGPASS invalid username-password pair or user is disabled.
    at parseError (/Users/adrianfranciscoperezgomez/Desktop/Personal Apps/vult-intel/node_modules/redis-parser/lib/parser.js:179:12)
    at parseType (/Users/adrianfranciscoperezgomez/Desktop/Personal Apps/vult-intel/node_modules/redis-parser/lib/parser.js:302:14) {
  command: { name: 'auth', args: [ 'IVB0VPnPl0urvQrpSKkbXLdEZBUfSHaP' ] }
}
ReplyError: WRONGPASS invalid username-password pair or user is disabled.
    at parseError (/Users/adrianfranciscoperezgomez/Desktop/Personal Apps/vult-intel/node_modules/redis-parser/lib/parser.js:179:12)
    at parseType (/Users/adrianfranciscoperezgomez/Desktop/Personal Apps/vult-intel/node_modules/redis-parser/lib/parser.js:302:14) {
  command: { name: 'auth', args: [ 'IVB0VPnPl0urvQrpSKkbXLdEZBUfSHaP' ] }
}
ReplyError: WRONGPASS invalid username-password pair or user is disabled.
    at parseError (/Users/adrianfranciscoperezgomez/Desktop/Personal Apps/vult-intel/node_modules/redis-parser/lib/parser.js:179:12)
    at parseType (/Users/adrianfranciscoperezgomez/Desktop/Personal Apps/vult-intel/node_modules/redis-parser/lib/parser.js:302:14) {
  command: { name: 'auth', args: [ 'IVB0VPnPl0urvQrpSKkbXLdEZBUfSHaP' ] }
}
Connected to Redis for persistence
Redis connection error: ReplyError: WRONGPASS invalid username-password pair or user is disabled.
    at parseError (/Users/adrianfranciscoperezgomez/Desktop/Personal Apps/vult-intel/node_modules/redis-parser/lib/parser.js:179:12)
    at parseType (/Users/adrianfranciscoperezgomez/Desktop/Personal Apps/vult-intel/node_modules/redis-parser/lib/parser.js:302:14) {
  command: { name: 'auth', args: [ 'IVB0VPnPl0urvQrpSKkbXLdEZBUfSHaP' ] }
}
ReplyError: WRONGPASS invalid username-password pair or user is disabled.
    at parseError (/Users/adrianfranciscoperezgomez/Desktop/Personal Apps/vult-intel/node_modules/redis-parser/lib/parser.js:179:12)
    at parseType (/Users/adrianfranciscoperezgomez/Desktop/Personal Apps/vult-intel/node_modules/redis-parser/lib/parser.js:302:14) {
  command: { name: 'auth', args: [ 'IVB0VPnPl0urvQrpSKkbXLdEZBUfSHaP' ] }
}
ReplyError: WRONGPASS invalid username-password pair or user is disabled.
    at parseError (/Users/adrianfranciscoperezgomez/Desktop/Personal Apps/vult-intel/node_modules/redis-parser/lib/parser.js:179:12)
    at parseType (/Users/adrianfranciscoperezgomez/Desktop/Personal Apps/vult-intel/node_modules/redis-parser/lib/parser.js:302:14) {
  command: { name: 'auth', args: [ 'IVB0VPnPl0urvQrpSKkbXLdEZBUfSHaP' ] }
}
ReplyError: WRONGPASS invalid username-password pair or user is disabled.
    at parseError (/Users/adrianfranciscoperezgomez/Desktop/Personal Apps/vult-intel/node_modules/redis-parser/lib/parser.js:179:12)
    at parseType (/Users/adrianfranciscoperezgomez/Desktop/Personal Apps/vult-intel/node_modules/redis-parser/lib/parser.js:302:14) {
  command: { name: 'auth', args: [ 'IVB0VPnPl0urvQrpSKkbXLdEZBUfSHaP' ] }
}
ReplyError: WRONGPASS invalid username-password pair or user is disabled.
    at parseError (/Users/adrianfranciscoperezgomez/Desktop/Personal Apps/vult-intel/node_modules/redis-parser/lib/parser.js:179:12)
    at parseType (/Users/adrianfranciscoperezgomez/Desktop/Personal Apps/vult-intel/node_modules/redis-parser/lib/parser.js:302:14) {
  command: { name: 'auth', args: [ 'IVB0VPnPl0urvQrpSKkbXLdEZBUfSHaP' ] }
}
ReplyError: WRONGPASS invalid username-password pair or user is disabled.
    at parseError (/Users/adrianfranciscoperezgomez/Desktop/Personal Apps/vult-intel/node_modules/redis-parser/lib/parser.js:179:12)
    at parseType (/Users/adrianfranciscoperezgomez/Desktop/Personal Apps/vult-intel/node_modules/redis-parser/lib/parser.js:302:14) {
  command: { name: 'auth', args: [ 'IVB0VPnPl0urvQrpSKkbXLdEZBUfSHaP' ] }
}
ReplyError: WRONGPASS invalid username-password pair or user is disabled.
    at parseError (/Users/adrianfranciscoperezgomez/Desktop/Personal Apps/vult-intel/node_modules/redis-parser/lib/parser.js:179:12)
    at parseType (/Users/adrianfranciscoperezgomez/Desktop/Personal Apps/vult-intel/node_modules/redis-parser/lib/parser.js:302:14) {
  command: { name: 'auth', args: [ 'IVB0VPnPl0urvQrpSKkbXLdEZBUfSHaP' ] }
}
Connected to Redis for persistence
Redis connection error: ReplyError: WRONGPASS invalid username-password pair or user is disabled.
    at parseError (/Users/adrianfranciscoperezgomez/Desktop/Personal Apps/vult-intel/node_modules/redis-parser/lib/parser.js:179:12)
    at parseType (/Users/adrianfranciscoperezgomez/Desktop/Personal Apps/vult-intel/node_modules/redis-parser/lib/parser.js:302:14) {
  command: { name: 'auth', args: [ 'IVB0VPnPl0urvQrpSKkbXLdEZBUfSHaP' ] }
}
ReplyError: WRONGPASS invalid username-password pair or user is disabled.
    at parseError (/Users/adrianfranciscoperezgomez/Desktop/Personal Apps/vult-intel/node_modules/redis-parser/lib/parser.js:179:12)
    at parseType (/Users/adrianfranciscoperezgomez/Desktop/Personal Apps/vult-intel/node_modules/redis-parser/lib/parser.js:302:14) {
  command: { name: 'auth', args: [ 'IVB0VPnPl0urvQrpSKkbXLdEZBUfSHaP' ] }
}
ReplyError: WRONGPASS invalid username-password pair or user is disabled.
    at parseError (/Users/adrianfranciscoperezgomez/Desktop/Personal Apps/vult-intel/node_modules/redis-parser/lib/parser.js:179:12)
    at parseType (/Users/adrianfranciscoperezgomez/Desktop/Personal Apps/vult-intel/node_modules/redis-parser/lib/parser.js:302:14) {
  command: { name: 'auth', args: [ 'IVB0VPnPl0urvQrpSKkbXLdEZBUfSHaP' ] }
}
ReplyError: WRONGPASS invalid username-password pair or user is disabled.
    at parseError (/Users/adrianfranciscoperezgomez/Desktop/Personal Apps/vult-intel/node_modules/redis-parser/lib/parser.js:179:12)
    at parseType (/Users/adrianfranciscoperezgomez/Desktop/Personal Apps/vult-intel/node_modules/redis-parser/lib/parser.js:302:14) {
  command: { name: 'auth', args: [ 'IVB0VPnPl0urvQrpSKkbXLdEZBUfSHaP' ] }
}
ReplyError: WRONGPASS invalid username-password pair or user is disabled.
    at parseError (/Users/adrianfranciscoperezgomez/Desktop/Personal Apps/vult-intel/node_modules/redis-parser/lib/parser.js:179:12)
    at parseType (/Users/adrianfranciscoperezgomez/Desktop/Personal Apps/vult-intel/node_modules/redis-parser/lib/parser.js:302:14) {
  command: { name: 'auth', args: [ 'IVB0VPnPl0urvQrpSKkbXLdEZBUfSHaP' ] }
}
ReplyError: WRONGPASS invalid username-password pair or user is disabled.
    at parseError (/Users/adrianfranciscoperezgomez/Desktop/Personal Apps/vult-intel/node_modules/redis-parser/lib/parser.js:179:12)
    at parseType (/Users/adrianfranciscoperezgomez/Desktop/Personal Apps/vult-intel/node_modules/redis-parser/lib/parser.js:302:14) {
  command: { name: 'auth', args: [ 'IVB0VPnPl0urvQrpSKkbXLdEZBUfSHaP' ] }
}
ReplyError: WRONGPASS invalid username-password pair or user is disabled.
    at parseError (/Users/adrianfranciscoperezgomez/Desktop/Personal Apps/vult-intel/node_modules/redis-parser/lib/parser.js:179:12)
    at parseType (/Users/adrianfranciscoperezgomez/Desktop/Personal Apps/vult-intel/node_modules/redis-parser/lib/parser.js:302:14) {
  command: { name: 'auth', args: [ 'IVB0VPnPl0urvQrpSKkbXLdEZBUfSHaP' ] }
}
Connected to Redis for persistence
Redis connection error: ReplyError: WRONGPASS invalid username-password pair or user is disabled.
    at parseError (/Users/adrianfranciscoperezgomez/Desktop/Personal Apps/vult-intel/node_modules/redis-parser/lib/parser.js:179:12)
    at parseType (/Users/adrianfranciscoperezgomez/Desktop/Personal Apps/vult-intel/node_modules/redis-parser/lib/parser.js:302:14) {
  command: { name: 'auth', args: [ 'IVB0VPnPl0urvQrpSKkbXLdEZBUfSHaP' ] }
}
ReplyError: WRONGPASS invalid username-password pair or user is disabled.
    at parseError (/Users/adrianfranciscoperezgomez/Desktop/Personal Apps/vult-intel/node_modules/redis-parser/lib/parser.js:179:12)
    at parseType (/Users/adrianfranciscoperezgomez/Desktop/Personal Apps/vult-intel/node_modules/redis-parser/lib/parser.js:302:14) {
  command: { name: 'auth', args: [ 'IVB0VPnPl0urvQrpSKkbXLdEZBUfSHaP' ] }
}
ReplyError: WRONGPASS invalid username-password pair or user is disabled.
    at parseError (/Users/adrianfranciscoperezgomez/Desktop/Personal Apps/vult-intel/node_modules/redis-parser/lib/parser.js:179:12)
    at parseType (/Users/adrianfranciscoperezgomez/Desktop/Personal Apps/vult-intel/node_modules/redis-parser/lib/parser.js:302:14) {
  command: { name: 'auth', args: [ 'IVB0VPnPl0urvQrpSKkbXLdEZBUfSHaP' ] }
}
ReplyError: WRONGPASS invalid username-password pair or user is disabled.
    at parseError (/Users/adrianfranciscoperezgomez/Desktop/Personal Apps/vult-intel/node_modules/redis-parser/lib/parser.js:179:12)
    at parseType (/Users/adrianfranciscoperezgomez/Desktop/Personal Apps/vult-intel/node_modules/redis-parser/lib/parser.js:302:14) {
  command: { name: 'auth', args: [ 'IVB0VPnPl0urvQrpSKkbXLdEZBUfSHaP' ] }
}
ReplyError: WRONGPASS invalid username-password pair or user is disabled.
    at parseError (/Users/adrianfranciscoperezgomez/Desktop/Personal Apps/vult-intel/node_modules/redis-parser/lib/parser.js:179:12)
    at parseType (/Users/adrianfranciscoperezgomez/Desktop/Personal Apps/vult-intel/node_modules/redis-parser/lib/parser.js:302:14) {
  command: { name: 'auth', args: [ 'IVB0VPnPl0urvQrpSKkbXLdEZBUfSHaP' ] }
}
ReplyError: WRONGPASS invalid username-password pair or user is disabled.
    at parseError (/Users/adrianfranciscoperezgomez/Desktop/Personal Apps/vult-intel/node_modules/redis-parser/lib/parser.js:179:12)
    at parseType (/Users/adrianfranciscoperezgomez/Desktop/Personal Apps/vult-intel/node_modules/redis-parser/lib/parser.js:302:14) {
  command: { name: 'auth', args: [ 'IVB0VPnPl0urvQrpSKkbXLdEZBUfSHaP' ] }
}
ReplyError: WRONGPASS invalid username-password pair or user is disabled.
    at parseError (/Users/adrianfranciscoperezgomez/Desktop/Personal Apps/vult-intel/node_modules/redis-parser/lib/parser.js:179:12)
    at parseType (/Users/adrianfranciscoperezgomez/Desktop/Personal Apps/vult-intel/node_modules/redis-parser/lib/parser.js:302:14) {
  command: { name: 'auth', args: [ 'IVB0VPnPl0urvQrpSKkbXLdEZBUfSHaP' ] }
}
Connected to Redis for persistence
Redis connection error: ReplyError: WRONGPASS invalid username-password pair or user is disabled.
    at parseError (/Users/adrianfranciscoperezgomez/Desktop/Personal Apps/vult-intel/node_modules/redis-parser/lib/parser.js:179:12)
    at parseType (/Users/adrianfranciscoperezgomez/Desktop/Personal Apps/vult-intel/node_modules/redis-parser/lib/parser.js:302:14) {
  command: { name: 'auth', args: [ 'IVB0VPnPl0urvQrpSKkbXLdEZBUfSHaP' ] }
}
ReplyError: WRONGPASS invalid username-password pair or user is disabled.
    at parseError (/Users/adrianfranciscoperezgomez/Desktop/Personal Apps/vult-intel/node_modules/redis-parser/lib/parser.js:179:12)
    at parseType (/Users/adrianfranciscoperezgomez/Desktop/Personal Apps/vult-intel/node_modules/redis-parser/lib/parser.js:302:14) {
  command: { name: 'auth', args: [ 'IVB0VPnPl0urvQrpSKkbXLdEZBUfSHaP' ] }
}
ReplyError: WRONGPASS invalid username-password pair or user is disabled.
    at parseError (/Users/adrianfranciscoperezgomez/Desktop/Personal Apps/vult-intel/node_modules/redis-parser/lib/parser.js:179:12)
    at parseType (/Users/adrianfranciscoperezgomez/Desktop/Personal Apps/vult-intel/node_modules/redis-parser/lib/parser.js:302:14) {
  command: { name: 'auth', args: [ 'IVB0VPnPl0urvQrpSKkbXLdEZBUfSHaP' ] }
}
ReplyError: WRONGPASS invalid username-password pair or user is disabled.
    at parseError (/Users/adrianfranciscoperezgomez/Desktop/Personal Apps/vult-intel/node_modules/redis-parser/lib/parser.js:179:12)
    at parseType (/Users/adrianfranciscoperezgomez/Desktop/Personal Apps/vult-intel/node_modules/redis-parser/lib/parser.js:302:14) {
  command: { name: 'auth', args: [ 'IVB0VPnPl0urvQrpSKkbXLdEZBUfSHaP' ] }
}
ReplyError: WRONGPASS invalid username-password pair or user is disabled.
    at parseError (/Users/adrianfranciscoperezgomez/Desktop/Personal Apps/vult-intel/node_modules/redis-parser/lib/parser.js:179:12)
    at parseType (/Users/adrianfranciscoperezgomez/Desktop/Personal Apps/vult-intel/node_modules/redis-parser/lib/parser.js:302:14) {
  command: { name: 'auth', args: [ 'IVB0VPnPl0urvQrpSKkbXLdEZBUfSHaP' ] }
}
ReplyError: WRONGPASS invalid username-password pair or user is disabled.
    at parseError (/Users/adrianfranciscoperezgomez/Desktop/Personal Apps/vult-intel/node_modules/redis-parser/lib/parser.js:179:12)
    at parseType (/Users/adrianfranciscoperezgomez/Desktop/Personal Apps/vult-intel/node_modules/redis-parser/lib/parser.js:302:14) {
  command: { name: 'auth', args: [ 'IVB0VPnPl0urvQrpSKkbXLdEZBUfSHaP' ] }
}
ReplyError: WRONGPASS invalid username-password pair or user is disabled.
    at parseError (/Users/adrianfranciscoperezgomez/Desktop/Personal Apps/vult-intel/node_modules/redis-parser/lib/parser.js:179:12)
    at parseType (/Users/adrianfranciscoperezgomez/Desktop/Personal Apps/vult-intel/node_modules/redis-parser/lib/parser.js:302:14) {
  command: { name: 'auth', args: [ 'IVB0VPnPl0urvQrpSKkbXLdEZBUfSHaP' ] }
}
Connected to Redis for persistence
Redis connection error: ReplyError: WRONGPASS invalid username-password pair or user is disabled.
    at parseError (/Users/adrianfranciscoperezgomez/Desktop/Personal Apps/vult-intel/node_modules/redis-parser/lib/parser.js:179:12)
    at parseType (/Users/adrianfranciscoperezgomez/Desktop/Personal Apps/vult-intel/node_modules/redis-parser/lib/parser.js:302:14) {
  command: { name: 'auth', args: [ 'IVB0VPnPl0urvQrpSKkbXLdEZBUfSHaP' ] }
}
ReplyError: WRONGPASS invalid username-password pair or user is disabled.
    at parseError (/Users/adrianfranciscoperezgomez/Desktop/Personal Apps/vult-intel/node_modules/redis-parser/lib/parser.js:179:12)
    at parseType (/Users/adrianfranciscoperezgomez/Desktop/Personal Apps/vult-intel/node_modules/redis-parser/lib/parser.js:302:14) {
  command: { name: 'auth', args: [ 'IVB0VPnPl0urvQrpSKkbXLdEZBUfSHaP' ] }
}
ReplyError: WRONGPASS invalid username-password pair or user is disabled.
    at parseError (/Users/adrianfranciscoperezgomez/Desktop/Personal Apps/vult-intel/node_modules/redis-parser/lib/parser.js:179:12)
    at parseType (/Users/adrianfranciscoperezgomez/Desktop/Personal Apps/vult-intel/node_modules/redis-parser/lib/parser.js:302:14) {
  command: { name: 'auth', args: [ 'IVB0VPnPl0urvQrpSKkbXLdEZBUfSHaP' ] }
}
ReplyError: WRONGPASS invalid username-password pair or user is disabled.
    at parseError (/Users/adrianfranciscoperezgomez/Desktop/Personal Apps/vult-intel/node_modules/redis-parser/lib/parser.js:179:12)
    at parseType (/Users/adrianfranciscoperezgomez/Desktop/Personal Apps/vult-intel/node_modules/redis-parser/lib/parser.js:302:14) {
  command: { name: 'auth', args: [ 'IVB0VPnPl0urvQrpSKkbXLdEZBUfSHaP' ] }
}
ReplyError: WRONGPASS invalid username-password pair or user is disabled.
    at parseError (/Users/adrianfranciscoperezgomez/Desktop/Personal Apps/vult-intel/node_modules/redis-parser/lib/parser.js:179:12)
    at parseType (/Users/adrianfranciscoperezgomez/Desktop/Personal Apps/vult-intel/node_modules/redis-parser/lib/parser.js:302:14) {
  command: { name: 'auth', args: [ 'IVB0VPnPl0urvQrpSKkbXLdEZBUfSHaP' ] }
}
ReplyError: WRONGPASS invalid username-password pair or user is disabled.
    at parseError (/Users/adrianfranciscoperezgomez/Desktop/Personal Apps/vult-intel/node_modules/redis-parser/lib/parser.js:179:12)
    at parseType (/Users/adrianfranciscoperezgomez/Desktop/Personal Apps/vult-intel/node_modules/redis-parser/lib/parser.js:302:14) {
  command: { name: 'auth', args: [ 'IVB0VPnPl0urvQrpSKkbXLdEZBUfSHaP' ] }
}
ReplyError: WRONGPASS invalid username-password pair or user is disabled.
    at parseError (/Users/adrianfranciscoperezgomez/Desktop/Personal Apps/vult-intel/node_modules/redis-parser/lib/parser.js:179:12)
    at parseType (/Users/adrianfranciscoperezgomez/Desktop/Personal Apps/vult-intel/node_modules/redis-parser/lib/parser.js:302:14) {
  command: { name: 'auth', args: [ 'IVB0VPnPl0urvQrpSKkbXLdEZBUfSHaP' ] }
}
Connected to Redis for persistence
Redis connection error: ReplyError: WRONGPASS invalid username-password pair or user is disabled.
    at parseError (/Users/adrianfranciscoperezgomez/Desktop/Personal Apps/vult-intel/node_modules/redis-parser/lib/parser.js:179:12)
    at parseType (/Users/adrianfranciscoperezgomez/Desktop/Personal Apps/vult-intel/node_modules/redis-parser/lib/parser.js:302:14) {
  command: { name: 'auth', args: [ 'IVB0VPnPl0urvQrpSKkbXLdEZBUfSHaP' ] }
}
ReplyError: WRONGPASS invalid username-password pair or user is disabled.
    at parseError (/Users/adrianfranciscoperezgomez/Desktop/Personal Apps/vult-intel/node_modules/redis-parser/lib/parser.js:179:12)
    at parseType (/Users/adrianfranciscoperezgomez/Desktop/Personal Apps/vult-intel/node_modules/redis-parser/lib/parser.js:302:14) {
  command: { name: 'auth', args: [ 'IVB0VPnPl0urvQrpSKkbXLdEZBUfSHaP' ] }
}
ReplyError: WRONGPASS invalid username-password pair or user is disabled.
    at parseError (/Users/adrianfranciscoperezgomez/Desktop/Personal Apps/vult-intel/node_modules/redis-parser/lib/parser.js:179:12)
    at parseType (/Users/adrianfranciscoperezgomez/Desktop/Personal Apps/vult-intel/node_modules/redis-parser/lib/parser.js:302:14) {
  command: { name: 'auth', args: [ 'IVB0VPnPl0urvQrpSKkbXLdEZBUfSHaP' ] }
}
ReplyError: WRONGPASS invalid username-password pair or user is disabled.
    at parseError (/Users/adrianfranciscoperezgomez/Desktop/Personal Apps/vult-intel/node_modules/redis-parser/lib/parser.js:179:12)
    at parseType (/Users/adrianfranciscoperezgomez/Desktop/Personal Apps/vult-intel/node_modules/redis-parser/lib/parser.js:302:14) {
  command: { name: 'auth', args: [ 'IVB0VPnPl0urvQrpSKkbXLdEZBUfSHaP' ] }
}
ReplyError: WRONGPASS invalid username-password pair or user is disabled.
    at parseError (/Users/adrianfranciscoperezgomez/Desktop/Personal Apps/vult-intel/node_modules/redis-parser/lib/parser.js:179:12)
    at parseType (/Users/adrianfranciscoperezgomez/Desktop/Personal Apps/vult-intel/node_modules/redis-parser/lib/parser.js:302:14) {
  command: { name: 'auth', args: [ 'IVB0VPnPl0urvQrpSKkbXLdEZBUfSHaP' ] }
}
ReplyError: WRONGPASS invalid username-password pair or user is disabled.
    at parseError (/Users/adrianfranciscoperezgomez/Desktop/Personal Apps/vult-intel/node_modules/redis-parser/lib/parser.js:179:12)
    at parseType (/Users/adrianfranciscoperezgomez/Desktop/Personal Apps/vult-intel/node_modules/redis-parser/lib/parser.js:302:14) {
  command: { name: 'auth', args: [ 'IVB0VPnPl0urvQrpSKkbXLdEZBUfSHaP' ] }
}
ReplyError: WRONGPASS invalid username-password pair or user is disabled.
    at parseError (/Users/adrianfranciscoperezgomez/Desktop/Personal Apps/vult-intel/node_modules/redis-parser/lib/parser.js:179:12)
    at parseType (/Users/adrianfranciscoperezgomez/Desktop/Personal Apps/vult-intel/node_modules/redis-parser/lib/parser.js:302:14) {
  command: { name: 'auth', args: [ 'IVB0VPnPl0urvQrpSKkbXLdEZBUfSHaP' ] }
}
Connected to Redis for persistence
Redis connection error: ReplyError: WRONGPASS invalid username-password pair or user is disabled.
    at parseError (/Users/adrianfranciscoperezgomez/Desktop/Personal Apps/vult-intel/node_modules/redis-parser/lib/parser.js:179:12)
    at parseType (/Users/adrianfranciscoperezgomez/Desktop/Personal Apps/vult-intel/node_modules/redis-parser/lib/parser.js:302:14) {
  command: { name: 'auth', args: [ 'IVB0VPnPl0urvQrpSKkbXLdEZBUfSHaP' ] }
}
ReplyError: WRONGPASS invalid username-password pair or user is disabled.
    at parseError (/Users/adrianfranciscoperezgomez/Desktop/Personal Apps/vult-intel/node_modules/redis-parser/lib/parser.js:179:12)
    at parseType (/Users/adrianfranciscoperezgomez/Desktop/Personal Apps/vult-intel/node_modules/redis-parser/lib/parser.js:302:14) {
  command: { name: 'auth', args: [ 'IVB0VPnPl0urvQrpSKkbXLdEZBUfSHaP' ] }
}
ReplyError: WRONGPASS invalid username-password pair or user is disabled.
    at parseError (/Users/adrianfranciscoperezgomez/Desktop/Personal Apps/vult-intel/node_modules/redis-parser/lib/parser.js:179:12)
    at parseType (/Users/adrianfranciscoperezgomez/Desktop/Personal Apps/vult-intel/node_modules/redis-parser/lib/parser.js:302:14) {
  command: { name: 'auth', args: [ 'IVB0VPnPl0urvQrpSKkbXLdEZBUfSHaP' ] }
}
ReplyError: WRONGPASS invalid username-password pair or user is disabled.
    at parseError (/Users/adrianfranciscoperezgomez/Desktop/Personal Apps/vult-intel/node_modules/redis-parser/lib/parser.js:179:12)
    at parseType (/Users/adrianfranciscoperezgomez/Desktop/Personal Apps/vult-intel/node_modules/redis-parser/lib/parser.js:302:14) {
  command: { name: 'auth', args: [ 'IVB0VPnPl0urvQrpSKkbXLdEZBUfSHaP' ] }
}
ReplyError: WRONGPASS invalid username-password pair or user is disabled.
    at parseError (/Users/adrianfranciscoperezgomez/Desktop/Personal Apps/vult-intel/node_modules/redis-parser/lib/parser.js:179:12)
    at parseType (/Users/adrianfranciscoperezgomez/Desktop/Personal Apps/vult-intel/node_modules/redis-parser/lib/parser.js:302:14) {
  command: { name: 'auth', args: [ 'IVB0VPnPl0urvQrpSKkbXLdEZBUfSHaP' ] }
}
ReplyError: WRONGPASS invalid username-password pair or user is disabled.
    at parseError (/Users/adrianfranciscoperezgomez/Desktop/Personal Apps/vult-intel/node_modules/redis-parser/lib/parser.js:179:12)
    at parseType (/Users/adrianfranciscoperezgomez/Desktop/Personal Apps/vult-intel/node_modules/redis-parser/lib/parser.js:302:14) {
  command: { name: 'auth', args: [ 'IVB0VPnPl0urvQrpSKkbXLdEZBUfSHaP' ] }
}
ReplyError: WRONGPASS invalid username-password pair or user is disabled.
    at parseError (/Users/adrianfranciscoperezgomez/Desktop/Personal Apps/vult-intel/node_modules/redis-parser/lib/parser.js:179:12)
    at parseType (/Users/adrianfranciscoperezgomez/Desktop/Personal Apps/vult-intel/node_modules/redis-parser/lib/parser.js:302:14) {
  command: { name: 'auth', args: [ 'IVB0VPnPl0urvQrpSKkbXLdEZBUfSHaP' ] }
}
Connected to Redis for persistence
Redis connection error: ReplyError: WRONGPASS invalid username-password pair or user is disabled.
    at parseError (/Users/adrianfranciscoperezgomez/Desktop/Personal Apps/vult-intel/node_modules/redis-parser/lib/parser.js:179:12)
    at parseType (/Users/adrianfranciscoperezgomez/Desktop/Personal Apps/vult-intel/node_modules/redis-parser/lib/parser.js:302:14) {
  command: { name: 'auth', args: [ 'IVB0VPnPl0urvQrpSKkbXLdEZBUfSHaP' ] }
}
ReplyError: WRONGPASS invalid username-password pair or user is disabled.
    at parseError (/Users/adrianfranciscoperezgomez/Desktop/Personal Apps/vult-intel/node_modules/redis-parser/lib/parser.js:179:12)
    at parseType (/Users/adrianfranciscoperezgomez/Desktop/Personal Apps/vult-intel/node_modules/redis-parser/lib/parser.js:302:14) {
  command: { name: 'auth', args: [ 'IVB0VPnPl0urvQrpSKkbXLdEZBUfSHaP' ] }
}
ReplyError: WRONGPASS invalid username-password pair or user is disabled.
    at parseError (/Users/adrianfranciscoperezgomez/Desktop/Personal Apps/vult-intel/node_modules/redis-parser/lib/parser.js:179:12)
    at parseType (/Users/adrianfranciscoperezgomez/Desktop/Personal Apps/vult-intel/node_modules/redis-parser/lib/parser.js:302:14) {
  command: { name: 'auth', args: [ 'IVB0VPnPl0urvQrpSKkbXLdEZBUfSHaP' ] }
}
ReplyError: WRONGPASS invalid username-password pair or user is disabled.
    at parseError (/Users/adrianfranciscoperezgomez/Desktop/Personal Apps/vult-intel/node_modules/redis-parser/lib/parser.js:179:12)
    at parseType (/Users/adrianfranciscoperezgomez/Desktop/Personal Apps/vult-intel/node_modules/redis-parser/lib/parser.js:302:14) {
  command: { name: 'auth', args: [ 'IVB0VPnPl0urvQrpSKkbXLdEZBUfSHaP' ] }
}
ReplyError: WRONGPASS invalid username-password pair or user is disabled.
    at parseError (/Users/adrianfranciscoperezgomez/Desktop/Personal Apps/vult-intel/node_modules/redis-parser/lib/parser.js:179:12)
    at parseType (/Users/adrianfranciscoperezgomez/Desktop/Personal Apps/vult-intel/node_modules/redis-parser/lib/parser.js:302:14) {
  command: { name: 'auth', args: [ 'IVB0VPnPl0urvQrpSKkbXLdEZBUfSHaP' ] }
}
ReplyError: WRONGPASS invalid username-password pair or user is disabled.
    at parseError (/Users/adrianfranciscoperezgomez/Desktop/Personal Apps/vult-intel/node_modules/redis-parser/lib/parser.js:179:12)
    at parseType (/Users/adrianfranciscoperezgomez/Desktop/Personal Apps/vult-intel/node_modules/redis-parser/lib/parser.js:302:14) {
  command: { name: 'auth', args: [ 'IVB0VPnPl0urvQrpSKkbXLdEZBUfSHaP' ] }
}
ReplyError: WRONGPASS invalid username-password pair or user is disabled.
    at parseError (/Users/adrianfranciscoperezgomez/Desktop/Personal Apps/vult-intel/node_modules/redis-parser/lib/parser.js:179:12)
    at parseType (/Users/adrianfranciscoperezgomez/Desktop/Personal Apps/vult-intel/node_modules/redis-parser/lib/parser.js:302:14) {
  command: { name: 'auth', args: [ 'IVB0VPnPl0urvQrpSKkbXLdEZBUfSHaP' ] }
}
Connected to Redis for persistence
Redis connection error: ReplyError: WRONGPASS invalid username-password pair or user is disabled.
    at parseError (/Users/adrianfranciscoperezgomez/Desktop/Personal Apps/vult-intel/node_modules/redis-parser/lib/parser.js:179:12)
    at parseType (/Users/adrianfranciscoperezgomez/Desktop/Personal Apps/vult-intel/node_modules/redis-parser/lib/parser.js:302:14) {
  command: { name: 'auth', args: [ 'IVB0VPnPl0urvQrpSKkbXLdEZBUfSHaP' ] }
}
ReplyError: WRONGPASS invalid username-password pair or user is disabled.
    at parseError (/Users/adrianfranciscoperezgomez/Desktop/Personal Apps/vult-intel/node_modules/redis-parser/lib/parser.js:179:12)
    at parseType (/Users/adrianfranciscoperezgomez/Desktop/Personal Apps/vult-intel/node_modules/redis-parser/lib/parser.js:302:14) {
  command: { name: 'auth', args: [ 'IVB0VPnPl0urvQrpSKkbXLdEZBUfSHaP' ] }
}
ReplyError: WRONGPASS invalid username-password pair or user is disabled.
    at parseError (/Users/adrianfranciscoperezgomez/Desktop/Personal Apps/vult-intel/node_modules/redis-parser/lib/parser.js:179:12)
    at parseType (/Users/adrianfranciscoperezgomez/Desktop/Personal Apps/vult-intel/node_modules/redis-parser/lib/parser.js:302:14) {
  command: { name: 'auth', args: [ 'IVB0VPnPl0urvQrpSKkbXLdEZBUfSHaP' ] }
}
ReplyError: WRONGPASS invalid username-password pair or user is disabled.
    at parseError (/Users/adrianfranciscoperezgomez/Desktop/Personal Apps/vult-intel/node_modules/redis-parser/lib/parser.js:179:12)
    at parseType (/Users/adrianfranciscoperezgomez/Desktop/Personal Apps/vult-intel/node_modules/redis-parser/lib/parser.js:302:14) {
  command: { name: 'auth', args: [ 'IVB0VPnPl0urvQrpSKkbXLdEZBUfSHaP' ] }
}
ReplyError: WRONGPASS invalid username-password pair or user is disabled.
    at parseError (/Users/adrianfranciscoperezgomez/Desktop/Personal Apps/vult-intel/node_modules/redis-parser/lib/parser.js:179:12)
    at parseType (/Users/adrianfranciscoperezgomez/Desktop/Personal Apps/vult-intel/node_modules/redis-parser/lib/parser.js:302:14) {
  command: { name: 'auth', args: [ 'IVB0VPnPl0urvQrpSKkbXLdEZBUfSHaP' ] }
}
ReplyError: WRONGPASS invalid username-password pair or user is disabled.
    at parseError (/Users/adrianfranciscoperezgomez/Desktop/Personal Apps/vult-intel/node_modules/redis-parser/lib/parser.js:179:12)
    at parseType (/Users/adrianfranciscoperezgomez/Desktop/Personal Apps/vult-intel/node_modules/redis-parser/lib/parser.js:302:14) {
  command: { name: 'auth', args: [ 'IVB0VPnPl0urvQrpSKkbXLdEZBUfSHaP' ] }
}
ReplyError: WRONGPASS invalid username-password pair or user is disabled.
    at parseError (/Users/adrianfranciscoperezgomez/Desktop/Personal Apps/vult-intel/node_modules/redis-parser/lib/parser.js:179:12)
    at parseType (/Users/adrianfranciscoperezgomez/Desktop/Personal Apps/vult-intel/node_modules/redis-parser/lib/parser.js:302:14) {
  command: { name: 'auth', args: [ 'IVB0VPnPl0urvQrpSKkbXLdEZBUfSHaP' ] }
}
Connected to Redis for persistence
Redis connection error: ReplyError: WRONGPASS invalid username-password pair or user is disabled.
    at parseError (/Users/adrianfranciscoperezgomez/Desktop/Personal Apps/vult-intel/node_modules/redis-parser/lib/parser.js:179:12)
    at parseType (/Users/adrianfranciscoperezgomez/Desktop/Personal Apps/vult-intel/node_modules/redis-parser/lib/parser.js:302:14) {
  command: { name: 'auth', args: [ 'IVB0VPnPl0urvQrpSKkbXLdEZBUfSHaP' ] }
}
ReplyError: WRONGPASS invalid username-password pair or user is disabled.
    at parseError (/Users/adrianfranciscoperezgomez/Desktop/Personal Apps/vult-intel/node_modules/redis-parser/lib/parser.js:179:12)
    at parseType (/Users/adrianfranciscoperezgomez/Desktop/Personal Apps/vult-intel/node_modules/redis-parser/lib/parser.js:302:14) {
  command: { name: 'auth', args: [ 'IVB0VPnPl0urvQrpSKkbXLdEZBUfSHaP' ] }
}
ReplyError: WRONGPASS invalid username-password pair or user is disabled.
    at parseError (/Users/adrianfranciscoperezgomez/Desktop/Personal Apps/vult-intel/node_modules/redis-parser/lib/parser.js:179:12)
    at parseType (/Users/adrianfranciscoperezgomez/Desktop/Personal Apps/vult-intel/node_modules/redis-parser/lib/parser.js:302:14) {
  command: { name: 'auth', args: [ 'IVB0VPnPl0urvQrpSKkbXLdEZBUfSHaP' ] }
}
ReplyError: WRONGPASS invalid username-password pair or user is disabled.
    at parseError (/Users/adrianfranciscoperezgomez/Desktop/Personal Apps/vult-intel/node_modules/redis-parser/lib/parser.js:179:12)
    at parseType (/Users/adrianfranciscoperezgomez/Desktop/Personal Apps/vult-intel/node_modules/redis-parser/lib/parser.js:302:14) {
  command: { name: 'auth', args: [ 'IVB0VPnPl0urvQrpSKkbXLdEZBUfSHaP' ] }
}
ReplyError: WRONGPASS invalid username-password pair or user is disabled.
    at parseError (/Users/adrianfranciscoperezgomez/Desktop/Personal Apps/vult-intel/node_modules/redis-parser/lib/parser.js:179:12)
    at parseType (/Users/adrianfranciscoperezgomez/Desktop/Personal Apps/vult-intel/node_modules/redis-parser/lib/parser.js:302:14) {
  command: { name: 'auth', args: [ 'IVB0VPnPl0urvQrpSKkbXLdEZBUfSHaP' ] }
}
ReplyError: WRONGPASS invalid username-password pair or user is disabled.
    at parseError (/Users/adrianfranciscoperezgomez/Desktop/Personal Apps/vult-intel/node_modules/redis-parser/lib/parser.js:179:12)
    at parseType (/Users/adrianfranciscoperezgomez/Desktop/Personal Apps/vult-intel/node_modules/redis-parser/lib/parser.js:302:14) {
  command: { name: 'auth', args: [ 'IVB0VPnPl0urvQrpSKkbXLdEZBUfSHaP' ] }
}
ReplyError: WRONGPASS invalid username-password pair or user is disabled.
    at parseError (/Users/adrianfranciscoperezgomez/Desktop/Personal Apps/vult-intel/node_modules/redis-parser/lib/parser.js:179:12)
    at parseType (/Users/adrianfranciscoperezgomez/Desktop/Personal Apps/vult-intel/node_modules/redis-parser/lib/parser.js:302:14) {
  command: { name: 'auth', args: [ 'IVB0VPnPl0urvQrpSKkbXLdEZBUfSHaP' ] }
}
Connected to Redis for persistence
Redis connection error: ReplyError: WRONGPASS invalid username-password pair or user is disabled.
    at parseError (/Users/adrianfranciscoperezgomez/Desktop/Personal Apps/vult-intel/node_modules/redis-parser/lib/parser.js:179:12)
    at parseType (/Users/adrianfranciscoperezgomez/Desktop/Personal Apps/vult-intel/node_modules/redis-parser/lib/parser.js:302:14) {
  command: { name: 'auth', args: [ 'IVB0VPnPl0urvQrpSKkbXLdEZBUfSHaP' ] }
}
ReplyError: WRONGPASS invalid username-password pair or user is disabled.
    at parseError (/Users/adrianfranciscoperezgomez/Desktop/Personal Apps/vult-intel/node_modules/redis-parser/lib/parser.js:179:12)
    at parseType (/Users/adrianfranciscoperezgomez/Desktop/Personal Apps/vult-intel/node_modules/redis-parser/lib/parser.js:302:14) {
  command: { name: 'auth', args: [ 'IVB0VPnPl0urvQrpSKkbXLdEZBUfSHaP' ] }
}
ReplyError: WRONGPASS invalid username-password pair or user is disabled.
    at parseError (/Users/adrianfranciscoperezgomez/Desktop/Personal Apps/vult-intel/node_modules/redis-parser/lib/parser.js:179:12)
    at parseType (/Users/adrianfranciscoperezgomez/Desktop/Personal Apps/vult-intel/node_modules/redis-parser/lib/parser.js:302:14) {
  command: { name: 'auth', args: [ 'IVB0VPnPl0urvQrpSKkbXLdEZBUfSHaP' ] }
}
ReplyError: WRONGPASS invalid username-password pair or user is disabled.
    at parseError (/Users/adrianfranciscoperezgomez/Desktop/Personal Apps/vult-intel/node_modules/redis-parser/lib/parser.js:179:12)
    at parseType (/Users/adrianfranciscoperezgomez/Desktop/Personal Apps/vult-intel/node_modules/redis-parser/lib/parser.js:302:14) {
  command: { name: 'auth', args: [ 'IVB0VPnPl0urvQrpSKkbXLdEZBUfSHaP' ] }
}
ReplyError: WRONGPASS invalid username-password pair or user is disabled.
    at parseError (/Users/adrianfranciscoperezgomez/Desktop/Personal Apps/vult-intel/node_modules/redis-parser/lib/parser.js:179:12)
    at parseType (/Users/adrianfranciscoperezgomez/Desktop/Personal Apps/vult-intel/node_modules/redis-parser/lib/parser.js:302:14) {
  command: { name: 'auth', args: [ 'IVB0VPnPl0urvQrpSKkbXLdEZBUfSHaP' ] }
}
ReplyError: WRONGPASS invalid username-password pair or user is disabled.
    at parseError (/Users/adrianfranciscoperezgomez/Desktop/Personal Apps/vult-intel/node_modules/redis-parser/lib/parser.js:179:12)
    at parseType (/Users/adrianfranciscoperezgomez/Desktop/Personal Apps/vult-intel/node_modules/redis-parser/lib/parser.js:302:14) {
  command: { name: 'auth', args: [ 'IVB0VPnPl0urvQrpSKkbXLdEZBUfSHaP' ] }
}
ReplyError: WRONGPASS invalid username-password pair or user is disabled.
    at parseError (/Users/adrianfranciscoperezgomez/Desktop/Personal Apps/vult-intel/node_modules/redis-parser/lib/parser.js:179:12)
    at parseType (/Users/adrianfranciscoperezgomez/Desktop/Personal Apps/vult-intel/node_modules/redis-parser/lib/parser.js:302:14) {
  command: { name: 'auth', args: [ 'IVB0VPnPl0urvQrpSKkbXLdEZBUfSHaP' ] }
}
Connected to Redis for persistence
Redis connection error: ReplyError: WRONGPASS invalid username-password pair or user is disabled.
    at parseError (/Users/adrianfranciscoperezgomez/Desktop/Personal Apps/vult-intel/node_modules/redis-parser/lib/parser.js:179:12)
    at parseType (/Users/adrianfranciscoperezgomez/Desktop/Personal Apps/vult-intel/node_modules/redis-parser/lib/parser.js:302:14) {
  command: { name: 'auth', args: [ 'IVB0VPnPl0urvQrpSKkbXLdEZBUfSHaP' ] }
}
ReplyError: WRONGPASS invalid username-password pair or user is disabled.
    at parseError (/Users/adrianfranciscoperezgomez/Desktop/Personal Apps/vult-intel/node_modules/redis-parser/lib/parser.js:179:12)
    at parseType (/Users/adrianfranciscoperezgomez/Desktop/Personal Apps/vult-intel/node_modules/redis-parser/lib/parser.js:302:14) {
  command: { name: 'auth', args: [ 'IVB0VPnPl0urvQrpSKkbXLdEZBUfSHaP' ] }
}
ReplyError: WRONGPASS invalid username-password pair or user is disabled.
    at parseError (/Users/adrianfranciscoperezgomez/Desktop/Personal Apps/vult-intel/node_modules/redis-parser/lib/parser.js:179:12)
    at parseType (/Users/adrianfranciscoperezgomez/Desktop/Personal Apps/vult-intel/node_modules/redis-parser/lib/parser.js:302:14) {
  command: { name: 'auth', args: [ 'IVB0VPnPl0urvQrpSKkbXLdEZBUfSHaP' ] }
}
ReplyError: WRONGPASS invalid username-password pair or user is disabled.
    at parseError (/Users/adrianfranciscoperezgomez/Desktop/Personal Apps/vult-intel/node_modules/redis-parser/lib/parser.js:179:12)
    at parseType (/Users/adrianfranciscoperezgomez/Desktop/Personal Apps/vult-intel/node_modules/redis-parser/lib/parser.js:302:14) {
  command: { name: 'auth', args: [ 'IVB0VPnPl0urvQrpSKkbXLdEZBUfSHaP' ] }
}
ReplyError: WRONGPASS invalid username-password pair or user is disabled.
    at parseError (/Users/adrianfranciscoperezgomez/Desktop/Personal Apps/vult-intel/node_modules/redis-parser/lib/parser.js:179:12)
    at parseType (/Users/adrianfranciscoperezgomez/Desktop/Personal Apps/vult-intel/node_modules/redis-parser/lib/parser.js:302:14) {
  command: { name: 'auth', args: [ 'IVB0VPnPl0urvQrpSKkbXLdEZBUfSHaP' ] }
}
ReplyError: WRONGPASS invalid username-password pair or user is disabled.
    at parseError (/Users/adrianfranciscoperezgomez/Desktop/Personal Apps/vult-intel/node_modules/redis-parser/lib/parser.js:179:12)
    at parseType (/Users/adrianfranciscoperezgomez/Desktop/Personal Apps/vult-intel/node_modules/redis-parser/lib/parser.js:302:14) {
  command: { name: 'auth', args: [ 'IVB0VPnPl0urvQrpSKkbXLdEZBUfSHaP' ] }
}
ReplyError: WRONGPASS invalid username-password pair or user is disabled.
    at parseError (/Users/adrianfranciscoperezgomez/Desktop/Personal Apps/vult-intel/node_modules/redis-parser/lib/parser.js:179:12)
    at parseType (/Users/adrianfranciscoperezgomez/Desktop/Personal Apps/vult-intel/node_modules/redis-parser/lib/parser.js:302:14) {
  command: { name: 'auth', args: [ 'IVB0VPnPl0urvQrpSKkbXLdEZBUfSHaP' ] }
}
Connected to Redis for persistence
Redis connection error: ReplyError: WRONGPASS invalid username-password pair or user is disabled.
    at parseError (/Users/adrianfranciscoperezgomez/Desktop/Personal Apps/vult-intel/node_modules/redis-parser/lib/parser.js:179:12)
    at parseType (/Users/adrianfranciscoperezgomez/Desktop/Personal Apps/vult-intel/node_modules/redis-parser/lib/parser.js:302:14) {
  command: { name: 'auth', args: [ 'IVB0VPnPl0urvQrpSKkbXLdEZBUfSHaP' ] }
}
ReplyError: WRONGPASS invalid username-password pair or user is disabled.
    at parseError (/Users/adrianfranciscoperezgomez/Desktop/Personal Apps/vult-intel/node_modules/redis-parser/lib/parser.js:179:12)
    at parseType (/Users/adrianfranciscoperezgomez/Desktop/Personal Apps/vult-intel/node_modules/redis-parser/lib/parser.js:302:14) {
  command: { name: 'auth', args: [ 'IVB0VPnPl0urvQrpSKkbXLdEZBUfSHaP' ] }
}
ReplyError: WRONGPASS invalid username-password pair or user is disabled.
    at parseError (/Users/adrianfranciscoperezgomez/Desktop/Personal Apps/vult-intel/node_modules/redis-parser/lib/parser.js:179:12)
    at parseType (/Users/adrianfranciscoperezgomez/Desktop/Personal Apps/vult-intel/node_modules/redis-parser/lib/parser.js:302:14) {
  command: { name: 'auth', args: [ 'IVB0VPnPl0urvQrpSKkbXLdEZBUfSHaP' ] }
}
ReplyError: WRONGPASS invalid username-password pair or user is disabled.
    at parseError (/Users/adrianfranciscoperezgomez/Desktop/Personal Apps/vult-intel/node_modules/redis-parser/lib/parser.js:179:12)
    at parseType (/Users/adrianfranciscoperezgomez/Desktop/Personal Apps/vult-intel/node_modules/redis-parser/lib/parser.js:302:14) {
  command: { name: 'auth', args: [ 'IVB0VPnPl0urvQrpSKkbXLdEZBUfSHaP' ] }
}
ReplyError: WRONGPASS invalid username-password pair or user is disabled.
    at parseError (/Users/adrianfranciscoperezgomez/Desktop/Personal Apps/vult-intel/node_modules/redis-parser/lib/parser.js:179:12)
    at parseType (/Users/adrianfranciscoperezgomez/Desktop/Personal Apps/vult-intel/node_modules/redis-parser/lib/parser.js:302:14) {
  command: { name: 'auth', args: [ 'IVB0VPnPl0urvQrpSKkbXLdEZBUfSHaP' ] }
}
ReplyError: WRONGPASS invalid username-password pair or user is disabled.
    at parseError (/Users/adrianfranciscoperezgomez/Desktop/Personal Apps/vult-intel/node_modules/redis-parser/lib/parser.js:179:12)
    at parseType (/Users/adrianfranciscoperezgomez/Desktop/Personal Apps/vult-intel/node_modules/redis-parser/lib/parser.js:302:14) {
  command: { name: 'auth', args: [ 'IVB0VPnPl0urvQrpSKkbXLdEZBUfSHaP' ] }
}
ReplyError: WRONGPASS invalid username-password pair or user is disabled.
    at parseError (/Users/adrianfranciscoperezgomez/Desktop/Personal Apps/vult-intel/node_modules/redis-parser/lib/parser.js:179:12)
    at parseType (/Users/adrianfranciscoperezgomez/Desktop/Personal Apps/vult-intel/node_modules/redis-parser/lib/parser.js:302:14) {
  command: { name: 'auth', args: [ 'IVB0VPnPl0urvQrpSKkbXLdEZBUfSHaP' ] }
}
Connected to Redis for persistence
Redis connection error: ReplyError: WRONGPASS invalid username-password pair or user is disabled.
    at parseError (/Users/adrianfranciscoperezgomez/Desktop/Personal Apps/vult-intel/node_modules/redis-parser/lib/parser.js:179:12)
    at parseType (/Users/adrianfranciscoperezgomez/Desktop/Personal Apps/vult-intel/node_modules/redis-parser/lib/parser.js:302:14) {
  command: { name: 'auth', args: [ 'IVB0VPnPl0urvQrpSKkbXLdEZBUfSHaP' ] }
}
ReplyError: WRONGPASS invalid username-password pair or user is disabled.
    at parseError (/Users/adrianfranciscoperezgomez/Desktop/Personal Apps/vult-intel/node_modules/redis-parser/lib/parser.js:179:12)
    at parseType (/Users/adrianfranciscoperezgomez/Desktop/Personal Apps/vult-intel/node_modules/redis-parser/lib/parser.js:302:14) {
  command: { name: 'auth', args: [ 'IVB0VPnPl0urvQrpSKkbXLdEZBUfSHaP' ] }
}
ReplyError: WRONGPASS invalid username-password pair or user is disabled.
    at parseError (/Users/adrianfranciscoperezgomez/Desktop/Personal Apps/vult-intel/node_modules/redis-parser/lib/parser.js:179:12)
    at parseType (/Users/adrianfranciscoperezgomez/Desktop/Personal Apps/vult-intel/node_modules/redis-parser/lib/parser.js:302:14) {
  command: { name: 'auth', args: [ 'IVB0VPnPl0urvQrpSKkbXLdEZBUfSHaP' ] }
}
ReplyError: WRONGPASS invalid username-password pair or user is disabled.
    at parseError (/Users/adrianfranciscoperezgomez/Desktop/Personal Apps/vult-intel/node_modules/redis-parser/lib/parser.js:179:12)
    at parseType (/Users/adrianfranciscoperezgomez/Desktop/Personal Apps/vult-intel/node_modules/redis-parser/lib/parser.js:302:14) {
  command: { name: 'auth', args: [ 'IVB0VPnPl0urvQrpSKkbXLdEZBUfSHaP' ] }
}
ReplyError: WRONGPASS invalid username-password pair or user is disabled.
    at parseError (/Users/adrianfranciscoperezgomez/Desktop/Personal Apps/vult-intel/node_modules/redis-parser/lib/parser.js:179:12)
    at parseType (/Users/adrianfranciscoperezgomez/Desktop/Personal Apps/vult-intel/node_modules/redis-parser/lib/parser.js:302:14) {
  command: { name: 'auth', args: [ 'IVB0VPnPl0urvQrpSKkbXLdEZBUfSHaP' ] }
}
ReplyError: WRONGPASS invalid username-password pair or user is disabled.
    at parseError (/Users/adrianfranciscoperezgomez/Desktop/Personal Apps/vult-intel/node_modules/redis-parser/lib/parser.js:179:12)
    at parseType (/Users/adrianfranciscoperezgomez/Desktop/Personal Apps/vult-intel/node_modules/redis-parser/lib/parser.js:302:14) {
  command: { name: 'auth', args: [ 'IVB0VPnPl0urvQrpSKkbXLdEZBUfSHaP' ] }
}
ReplyError: WRONGPASS invalid username-password pair or user is disabled.
    at parseError (/Users/adrianfranciscoperezgomez/Desktop/Personal Apps/vult-intel/node_modules/redis-parser/lib/parser.js:179:12)
    at parseType (/Users/adrianfranciscoperezgomez/Desktop/Personal Apps/vult-intel/node_modules/redis-parser/lib/parser.js:302:14) {
  command: { name: 'auth', args: [ 'IVB0VPnPl0urvQrpSKkbXLdEZBUfSHaP' ] }
}
Connected to Redis for persistence
Redis connection error: ReplyError: WRONGPASS invalid username-password pair or user is disabled.
    at parseError (/Users/adrianfranciscoperezgomez/Desktop/Personal Apps/vult-intel/node_modules/redis-parser/lib/parser.js:179:12)
    at parseType (/Users/adrianfranciscoperezgomez/Desktop/Personal Apps/vult-intel/node_modules/redis-parser/lib/parser.js:302:14) {
  command: { name: 'auth', args: [ 'IVB0VPnPl0urvQrpSKkbXLdEZBUfSHaP' ] }
}
ReplyError: WRONGPASS invalid username-password pair or user is disabled.
    at parseError (/Users/adrianfranciscoperezgomez/Desktop/Personal Apps/vult-intel/node_modules/redis-parser/lib/parser.js:179:12)
    at parseType (/Users/adrianfranciscoperezgomez/Desktop/Personal Apps/vult-intel/node_modules/redis-parser/lib/parser.js:302:14) {
  command: { name: 'auth', args: [ 'IVB0VPnPl0urvQrpSKkbXLdEZBUfSHaP' ] }
}
ReplyError: WRONGPASS invalid username-password pair or user is disabled.
    at parseError (/Users/adrianfranciscoperezgomez/Desktop/Personal Apps/vult-intel/node_modules/redis-parser/lib/parser.js:179:12)
    at parseType (/Users/adrianfranciscoperezgomez/Desktop/Personal Apps/vult-intel/node_modules/redis-parser/lib/parser.js:302:14) {
  command: { name: 'auth', args: [ 'IVB0VPnPl0urvQrpSKkbXLdEZBUfSHaP' ] }
}
ReplyError: WRONGPASS invalid username-password pair or user is disabled.
    at parseError (/Users/adrianfranciscoperezgomez/Desktop/Personal Apps/vult-intel/node_modules/redis-parser/lib/parser.js:179:12)
    at parseType (/Users/adrianfranciscoperezgomez/Desktop/Personal Apps/vult-intel/node_modules/redis-parser/lib/parser.js:302:14) {
  command: { name: 'auth', args: [ 'IVB0VPnPl0urvQrpSKkbXLdEZBUfSHaP' ] }
}
ReplyError: WRONGPASS invalid username-password pair or user is disabled.
    at parseError (/Users/adrianfranciscoperezgomez/Desktop/Personal Apps/vult-intel/node_modules/redis-parser/lib/parser.js:179:12)
    at parseType (/Users/adrianfranciscoperezgomez/Desktop/Personal Apps/vult-intel/node_modules/redis-parser/lib/parser.js:302:14) {
  command: { name: 'auth', args: [ 'IVB0VPnPl0urvQrpSKkbXLdEZBUfSHaP' ] }
}
ReplyError: WRONGPASS invalid username-password pair or user is disabled.
    at parseError (/Users/adrianfranciscoperezgomez/Desktop/Personal Apps/vult-intel/node_modules/redis-parser/lib/parser.js:179:12)
    at parseType (/Users/adrianfranciscoperezgomez/Desktop/Personal Apps/vult-intel/node_modules/redis-parser/lib/parser.js:302:14) {
  command: { name: 'auth', args: [ 'IVB0VPnPl0urvQrpSKkbXLdEZBUfSHaP' ] }
}
ReplyError: WRONGPASS invalid username-password pair or user is disabled.
    at parseError (/Users/adrianfranciscoperezgomez/Desktop/Personal Apps/vult-intel/node_modules/redis-parser/lib/parser.js:179:12)
    at parseType (/Users/adrianfranciscoperezgomez/Desktop/Personal Apps/vult-intel/node_modules/redis-parser/lib/parser.js:302:14) {
  command: { name: 'auth', args: [ 'IVB0VPnPl0urvQrpSKkbXLdEZBUfSHaP' ] }
}
Connected to Redis for persistence
Redis connection error: ReplyError: WRONGPASS invalid username-password pair or user is disabled.
    at parseError (/Users/adrianfranciscoperezgomez/Desktop/Personal Apps/vult-intel/node_modules/redis-parser/lib/parser.js:179:12)
    at parseType (/Users/adrianfranciscoperezgomez/Desktop/Personal Apps/vult-intel/node_modules/redis-parser/lib/parser.js:302:14) {
  command: { name: 'auth', args: [ 'IVB0VPnPl0urvQrpSKkbXLdEZBUfSHaP' ] }
}
ReplyError: WRONGPASS invalid username-password pair or user is disabled.
    at parseError (/Users/adrianfranciscoperezgomez/Desktop/Personal Apps/vult-intel/node_modules/redis-parser/lib/parser.js:179:12)
    at parseType (/Users/adrianfranciscoperezgomez/Desktop/Personal Apps/vult-intel/node_modules/redis-parser/lib/parser.js:302:14) {
  command: { name: 'auth', args: [ 'IVB0VPnPl0urvQrpSKkbXLdEZBUfSHaP' ] }
}
ReplyError: WRONGPASS invalid username-password pair or user is disabled.
    at parseError (/Users/adrianfranciscoperezgomez/Desktop/Personal Apps/vult-intel/node_modules/redis-parser/lib/parser.js:179:12)
    at parseType (/Users/adrianfranciscoperezgomez/Desktop/Personal Apps/vult-intel/node_modules/redis-parser/lib/parser.js:302:14) {
  command: { name: 'auth', args: [ 'IVB0VPnPl0urvQrpSKkbXLdEZBUfSHaP' ] }
}
ReplyError: WRONGPASS invalid username-password pair or user is disabled.
    at parseError (/Users/adrianfranciscoperezgomez/Desktop/Personal Apps/vult-intel/node_modules/redis-parser/lib/parser.js:179:12)
    at parseType (/Users/adrianfranciscoperezgomez/Desktop/Personal Apps/vult-intel/node_modules/redis-parser/lib/parser.js:302:14) {
  command: { name: 'auth', args: [ 'IVB0VPnPl0urvQrpSKkbXLdEZBUfSHaP' ] }
}
ReplyError: WRONGPASS invalid username-password pair or user is disabled.
    at parseError (/Users/adrianfranciscoperezgomez/Desktop/Personal Apps/vult-intel/node_modules/redis-parser/lib/parser.js:179:12)
    at parseType (/Users/adrianfranciscoperezgomez/Desktop/Personal Apps/vult-intel/node_modules/redis-parser/lib/parser.js:302:14) {
  command: { name: 'auth', args: [ 'IVB0VPnPl0urvQrpSKkbXLdEZBUfSHaP' ] }
}
ReplyError: WRONGPASS invalid username-password pair or user is disabled.
    at parseError (/Users/adrianfranciscoperezgomez/Desktop/Personal Apps/vult-intel/node_modules/redis-parser/lib/parser.js:179:12)
    at parseType (/Users/adrianfranciscoperezgomez/Desktop/Personal Apps/vult-intel/node_modules/redis-parser/lib/parser.js:302:14) {
  command: { name: 'auth', args: [ 'IVB0VPnPl0urvQrpSKkbXLdEZBUfSHaP' ] }
}
ReplyError: WRONGPASS invalid username-password pair or user is disabled.
    at parseError (/Users/adrianfranciscoperezgomez/Desktop/Personal Apps/vult-intel/node_modules/redis-parser/lib/parser.js:179:12)
    at parseType (/Users/adrianfranciscoperezgomez/Desktop/Personal Apps/vult-intel/node_modules/redis-parser/lib/parser.js:302:14) {
  command: { name: 'auth', args: [ 'IVB0VPnPl0urvQrpSKkbXLdEZBUfSHaP' ] }
}
Connected to Redis for persistence
Redis connection error: ReplyError: WRONGPASS invalid username-password pair or user is disabled.
    at parseError (/Users/adrianfranciscoperezgomez/Desktop/Personal Apps/vult-intel/node_modules/redis-parser/lib/parser.js:179:12)
    at parseType (/Users/adrianfranciscoperezgomez/Desktop/Personal Apps/vult-intel/node_modules/redis-parser/lib/parser.js:302:14) {
  command: { name: 'auth', args: [ 'IVB0VPnPl0urvQrpSKkbXLdEZBUfSHaP' ] }
}
ReplyError: WRONGPASS invalid username-password pair or user is disabled.
    at parseError (/Users/adrianfranciscoperezgomez/Desktop/Personal Apps/vult-intel/node_modules/redis-parser/lib/parser.js:179:12)
    at parseType (/Users/adrianfranciscoperezgomez/Desktop/Personal Apps/vult-intel/node_modules/redis-parser/lib/parser.js:302:14) {
  command: { name: 'auth', args: [ 'IVB0VPnPl0urvQrpSKkbXLdEZBUfSHaP' ] }
}
ReplyError: WRONGPASS invalid username-password pair or user is disabled.
    at parseError (/Users/adrianfranciscoperezgomez/Desktop/Personal Apps/vult-intel/node_modules/redis-parser/lib/parser.js:179:12)
    at parseType (/Users/adrianfranciscoperezgomez/Desktop/Personal Apps/vult-intel/node_modules/redis-parser/lib/parser.js:302:14) {
  command: { name: 'auth', args: [ 'IVB0VPnPl0urvQrpSKkbXLdEZBUfSHaP' ] }
}
ReplyError: WRONGPASS invalid username-password pair or user is disabled.
    at parseError (/Users/adrianfranciscoperezgomez/Desktop/Personal Apps/vult-intel/node_modules/redis-parser/lib/parser.js:179:12)
    at parseType (/Users/adrianfranciscoperezgomez/Desktop/Personal Apps/vult-intel/node_modules/redis-parser/lib/parser.js:302:14) {
  command: { name: 'auth', args: [ 'IVB0VPnPl0urvQrpSKkbXLdEZBUfSHaP' ] }
}
ReplyError: WRONGPASS invalid username-password pair or user is disabled.
    at parseError (/Users/adrianfranciscoperezgomez/Desktop/Personal Apps/vult-intel/node_modules/redis-parser/lib/parser.js:179:12)
    at parseType (/Users/adrianfranciscoperezgomez/Desktop/Personal Apps/vult-intel/node_modules/redis-parser/lib/parser.js:302:14) {
  command: { name: 'auth', args: [ 'IVB0VPnPl0urvQrpSKkbXLdEZBUfSHaP' ] }
}
ReplyError: WRONGPASS invalid username-password pair or user is disabled.
    at parseError (/Users/adrianfranciscoperezgomez/Desktop/Personal Apps/vult-intel/node_modules/redis-parser/lib/parser.js:179:12)
    at parseType (/Users/adrianfranciscoperezgomez/Desktop/Personal Apps/vult-intel/node_modules/redis-parser/lib/parser.js:302:14) {
  command: { name: 'auth', args: [ 'IVB0VPnPl0urvQrpSKkbXLdEZBUfSHaP' ] }
}
ReplyError: WRONGPASS invalid username-password pair or user is disabled.
    at parseError (/Users/adrianfranciscoperezgomez/Desktop/Personal Apps/vult-intel/node_modules/redis-parser/lib/parser.js:179:12)
    at parseType (/Users/adrianfranciscoperezgomez/Desktop/Personal Apps/vult-intel/node_modules/redis-parser/lib/parser.js:302:14) {
  command: { name: 'auth', args: [ 'IVB0VPnPl0urvQrpSKkbXLdEZBUfSHaP' ] }
}
Connected to Redis for persistence
Redis connection error: ReplyError: WRONGPASS invalid username-password pair or user is disabled.
    at parseError (/Users/adrianfranciscoperezgomez/Desktop/Personal Apps/vult-intel/node_modules/redis-parser/lib/parser.js:179:12)
    at parseType (/Users/adrianfranciscoperezgomez/Desktop/Personal Apps/vult-intel/node_modules/redis-parser/lib/parser.js:302:14) {
  command: { name: 'auth', args: [ 'IVB0VPnPl0urvQrpSKkbXLdEZBUfSHaP' ] }
}
ReplyError: WRONGPASS invalid username-password pair or user is disabled.
    at parseError (/Users/adrianfranciscoperezgomez/Desktop/Personal Apps/vult-intel/node_modules/redis-parser/lib/parser.js:179:12)
    at parseType (/Users/adrianfranciscoperezgomez/Desktop/Personal Apps/vult-intel/node_modules/redis-parser/lib/parser.js:302:14) {
  command: { name: 'auth', args: [ 'IVB0VPnPl0urvQrpSKkbXLdEZBUfSHaP' ] }
}
ReplyError: WRONGPASS invalid username-password pair or user is disabled.
    at parseError (/Users/adrianfranciscoperezgomez/Desktop/Personal Apps/vult-intel/node_modules/redis-parser/lib/parser.js:179:12)
    at parseType (/Users/adrianfranciscoperezgomez/Desktop/Personal Apps/vult-intel/node_modules/redis-parser/lib/parser.js:302:14) {
  command: { name: 'auth', args: [ 'IVB0VPnPl0urvQrpSKkbXLdEZBUfSHaP' ] }
}
ReplyError: WRONGPASS invalid username-password pair or user is disabled.
    at parseError (/Users/adrianfranciscoperezgomez/Desktop/Personal Apps/vult-intel/node_modules/redis-parser/lib/parser.js:179:12)
    at parseType (/Users/adrianfranciscoperezgomez/Desktop/Personal Apps/vult-intel/node_modules/redis-parser/lib/parser.js:302:14) {
  command: { name: 'auth', args: [ 'IVB0VPnPl0urvQrpSKkbXLdEZBUfSHaP' ] }
}
ReplyError: WRONGPASS invalid username-password pair or user is disabled.
    at parseError (/Users/adrianfranciscoperezgomez/Desktop/Personal Apps/vult-intel/node_modules/redis-parser/lib/parser.js:179:12)
    at parseType (/Users/adrianfranciscoperezgomez/Desktop/Personal Apps/vult-intel/node_modules/redis-parser/lib/parser.js:302:14) {
  command: { name: 'auth', args: [ 'IVB0VPnPl0urvQrpSKkbXLdEZBUfSHaP' ] }
}
ReplyError: WRONGPASS invalid username-password pair or user is disabled.
    at parseError (/Users/adrianfranciscoperezgomez/Desktop/Personal Apps/vult-intel/node_modules/redis-parser/lib/parser.js:179:12)
    at parseType (/Users/adrianfranciscoperezgomez/Desktop/Personal Apps/vult-intel/node_modules/redis-parser/lib/parser.js:302:14) {
  command: { name: 'auth', args: [ 'IVB0VPnPl0urvQrpSKkbXLdEZBUfSHaP' ] }
}
ReplyError: WRONGPASS invalid username-password pair or user is disabled.
    at parseError (/Users/adrianfranciscoperezgomez/Desktop/Personal Apps/vult-intel/node_modules/redis-parser/lib/parser.js:179:12)
    at parseType (/Users/adrianfranciscoperezgomez/Desktop/Personal Apps/vult-intel/node_modules/redis-parser/lib/parser.js:302:14) {
  command: { name: 'auth', args: [ 'IVB0VPnPl0urvQrpSKkbXLdEZBUfSHaP' ] }
}
Connected to Redis for persistence
Redis connection error: ReplyError: WRONGPASS invalid username-password pair or user is disabled.
    at parseError (/Users/adrianfranciscoperezgomez/Desktop/Personal Apps/vult-intel/node_modules/redis-parser/lib/parser.js:179:12)
    at parseType (/Users/adrianfranciscoperezgomez/Desktop/Personal Apps/vult-intel/node_modules/redis-parser/lib/parser.js:302:14) {
  command: { name: 'auth', args: [ 'IVB0VPnPl0urvQrpSKkbXLdEZBUfSHaP' ] }
}
ReplyError: WRONGPASS invalid username-password pair or user is disabled.
    at parseError (/Users/adrianfranciscoperezgomez/Desktop/Personal Apps/vult-intel/node_modules/redis-parser/lib/parser.js:179:12)
    at parseType (/Users/adrianfranciscoperezgomez/Desktop/Personal Apps/vult-intel/node_modules/redis-parser/lib/parser.js:302:14) {
  command: { name: 'auth', args: [ 'IVB0VPnPl0urvQrpSKkbXLdEZBUfSHaP' ] }
}
ReplyError: WRONGPASS invalid username-password pair or user is disabled.
    at parseError (/Users/adrianfranciscoperezgomez/Desktop/Personal Apps/vult-intel/node_modules/redis-parser/lib/parser.js:179:12)
    at parseType (/Users/adrianfranciscoperezgomez/Desktop/Personal Apps/vult-intel/node_modules/redis-parser/lib/parser.js:302:14) {
  command: { name: 'auth', args: [ 'IVB0VPnPl0urvQrpSKkbXLdEZBUfSHaP' ] }
}
ReplyError: WRONGPASS invalid username-password pair or user is disabled.
    at parseError (/Users/adrianfranciscoperezgomez/Desktop/Personal Apps/vult-intel/node_modules/redis-parser/lib/parser.js:179:12)
    at parseType (/Users/adrianfranciscoperezgomez/Desktop/Personal Apps/vult-intel/node_modules/redis-parser/lib/parser.js:302:14) {
  command: { name: 'auth', args: [ 'IVB0VPnPl0urvQrpSKkbXLdEZBUfSHaP' ] }
}
ReplyError: WRONGPASS invalid username-password pair or user is disabled.
    at parseError (/Users/adrianfranciscoperezgomez/Desktop/Personal Apps/vult-intel/node_modules/redis-parser/lib/parser.js:179:12)
    at parseType (/Users/adrianfranciscoperezgomez/Desktop/Personal Apps/vult-intel/node_modules/redis-parser/lib/parser.js:302:14) {
  command: { name: 'auth', args: [ 'IVB0VPnPl0urvQrpSKkbXLdEZBUfSHaP' ] }
}
ReplyError: WRONGPASS invalid username-password pair or user is disabled.
    at parseError (/Users/adrianfranciscoperezgomez/Desktop/Personal Apps/vult-intel/node_modules/redis-parser/lib/parser.js:179:12)
    at parseType (/Users/adrianfranciscoperezgomez/Desktop/Personal Apps/vult-intel/node_modules/redis-parser/lib/parser.js:302:14) {
  command: { name: 'auth', args: [ 'IVB0VPnPl0urvQrpSKkbXLdEZBUfSHaP' ] }
}
ReplyError: WRONGPASS invalid username-password pair or user is disabled.
    at parseError (/Users/adrianfranciscoperezgomez/Desktop/Personal Apps/vult-intel/node_modules/redis-parser/lib/parser.js:179:12)
    at parseType (/Users/adrianfranciscoperezgomez/Desktop/Personal Apps/vult-intel/node_modules/redis-parser/lib/parser.js:302:14) {
  command: { name: 'auth', args: [ 'IVB0VPnPl0urvQrpSKkbXLdEZBUfSHaP' ] }
}
Connected to Redis for persistence
Redis connection error: ReplyError: WRONGPASS invalid username-password pair or user is disabled.
    at parseError (/Users/adrianfranciscoperezgomez/Desktop/Personal Apps/vult-intel/node_modules/redis-parser/lib/parser.js:179:12)
    at parseType (/Users/adrianfranciscoperezgomez/Desktop/Personal Apps/vult-intel/node_modules/redis-parser/lib/parser.js:302:14) {
  command: { name: 'auth', args: [ 'IVB0VPnPl0urvQrpSKkbXLdEZBUfSHaP' ] }
}
ReplyError: WRONGPASS invalid username-password pair or user is disabled.
    at parseError (/Users/adrianfranciscoperezgomez/Desktop/Personal Apps/vult-intel/node_modules/redis-parser/lib/parser.js:179:12)
    at parseType (/Users/adrianfranciscoperezgomez/Desktop/Personal Apps/vult-intel/node_modules/redis-parser/lib/parser.js:302:14) {
  command: { name: 'auth', args: [ 'IVB0VPnPl0urvQrpSKkbXLdEZBUfSHaP' ] }
}
ReplyError: WRONGPASS invalid username-password pair or user is disabled.
    at parseError (/Users/adrianfranciscoperezgomez/Desktop/Personal Apps/vult-intel/node_modules/redis-parser/lib/parser.js:179:12)
    at parseType (/Users/adrianfranciscoperezgomez/Desktop/Personal Apps/vult-intel/node_modules/redis-parser/lib/parser.js:302:14) {
  command: { name: 'auth', args: [ 'IVB0VPnPl0urvQrpSKkbXLdEZBUfSHaP' ] }
}
ReplyError: WRONGPASS invalid username-password pair or user is disabled.
    at parseError (/Users/adrianfranciscoperezgomez/Desktop/Personal Apps/vult-intel/node_modules/redis-parser/lib/parser.js:179:12)
    at parseType (/Users/adrianfranciscoperezgomez/Desktop/Personal Apps/vult-intel/node_modules/redis-parser/lib/parser.js:302:14) {
  command: { name: 'auth', args: [ 'IVB0VPnPl0urvQrpSKkbXLdEZBUfSHaP' ] }
}
ReplyError: WRONGPASS invalid username-password pair or user is disabled.
    at parseError (/Users/adrianfranciscoperezgomez/Desktop/Personal Apps/vult-intel/node_modules/redis-parser/lib/parser.js:179:12)
    at parseType (/Users/adrianfranciscoperezgomez/Desktop/Personal Apps/vult-intel/node_modules/redis-parser/lib/parser.js:302:14) {
  command: { name: 'auth', args: [ 'IVB0VPnPl0urvQrpSKkbXLdEZBUfSHaP' ] }
}
ReplyError: WRONGPASS invalid username-password pair or user is disabled.
    at parseError (/Users/adrianfranciscoperezgomez/Desktop/Personal Apps/vult-intel/node_modules/redis-parser/lib/parser.js:179:12)
    at parseType (/Users/adrianfranciscoperezgomez/Desktop/Personal Apps/vult-intel/node_modules/redis-parser/lib/parser.js:302:14) {
  command: { name: 'auth', args: [ 'IVB0VPnPl0urvQrpSKkbXLdEZBUfSHaP' ] }
}
ReplyError: WRONGPASS invalid username-password pair or user is disabled.
    at parseError (/Users/adrianfranciscoperezgomez/Desktop/Personal Apps/vult-intel/node_modules/redis-parser/lib/parser.js:179:12)
    at parseType (/Users/adrianfranciscoperezgomez/Desktop/Personal Apps/vult-intel/node_modules/redis-parser/lib/parser.js:302:14) {
  command: { name: 'auth', args: [ 'IVB0VPnPl0urvQrpSKkbXLdEZBUfSHaP' ] }
}
Connected to Redis for persistence
Redis connection error: ReplyError: WRONGPASS invalid username-password pair or user is disabled.
    at parseError (/Users/adrianfranciscoperezgomez/Desktop/Personal Apps/vult-intel/node_modules/redis-parser/lib/parser.js:179:12)
    at parseType (/Users/adrianfranciscoperezgomez/Desktop/Personal Apps/vult-intel/node_modules/redis-parser/lib/parser.js:302:14) {
  command: { name: 'auth', args: [ 'IVB0VPnPl0urvQrpSKkbXLdEZBUfSHaP' ] }
}
ReplyError: WRONGPASS invalid username-password pair or user is disabled.
    at parseError (/Users/adrianfranciscoperezgomez/Desktop/Personal Apps/vult-intel/node_modules/redis-parser/lib/parser.js:179:12)
    at parseType (/Users/adrianfranciscoperezgomez/Desktop/Personal Apps/vult-intel/node_modules/redis-parser/lib/parser.js:302:14) {
  command: { name: 'auth', args: [ 'IVB0VPnPl0urvQrpSKkbXLdEZBUfSHaP' ] }
}
ReplyError: WRONGPASS invalid username-password pair or user is disabled.
    at parseError (/Users/adrianfranciscoperezgomez/Desktop/Personal Apps/vult-intel/node_modules/redis-parser/lib/parser.js:179:12)
    at parseType (/Users/adrianfranciscoperezgomez/Desktop/Personal Apps/vult-intel/node_modules/redis-parser/lib/parser.js:302:14) {
  command: { name: 'auth', args: [ 'IVB0VPnPl0urvQrpSKkbXLdEZBUfSHaP' ] }
}
ReplyError: WRONGPASS invalid username-password pair or user is disabled.
    at parseError (/Users/adrianfranciscoperezgomez/Desktop/Personal Apps/vult-intel/node_modules/redis-parser/lib/parser.js:179:12)
    at parseType (/Users/adrianfranciscoperezgomez/Desktop/Personal Apps/vult-intel/node_modules/redis-parser/lib/parser.js:302:14) {
  command: { name: 'auth', args: [ 'IVB0VPnPl0urvQrpSKkbXLdEZBUfSHaP' ] }
}
ReplyError: WRONGPASS invalid username-password pair or user is disabled.
    at parseError (/Users/adrianfranciscoperezgomez/Desktop/Personal Apps/vult-intel/node_modules/redis-parser/lib/parser.js:179:12)
    at parseType (/Users/adrianfranciscoperezgomez/Desktop/Personal Apps/vult-intel/node_modules/redis-parser/lib/parser.js:302:14) {
  command: { name: 'auth', args: [ 'IVB0VPnPl0urvQrpSKkbXLdEZBUfSHaP' ] }
}
ReplyError: WRONGPASS invalid username-password pair or user is disabled.
    at parseError (/Users/adrianfranciscoperezgomez/Desktop/Personal Apps/vult-intel/node_modules/redis-parser/lib/parser.js:179:12)
    at parseType (/Users/adrianfranciscoperezgomez/Desktop/Personal Apps/vult-intel/node_modules/redis-parser/lib/parser.js:302:14) {
  command: { name: 'auth', args: [ 'IVB0VPnPl0urvQrpSKkbXLdEZBUfSHaP' ] }
}
ReplyError: WRONGPASS invalid username-password pair or user is disabled.
    at parseError (/Users/adrianfranciscoperezgomez/Desktop/Personal Apps/vult-intel/node_modules/redis-parser/lib/parser.js:179:12)
    at parseType (/Users/adrianfranciscoperezgomez/Desktop/Personal Apps/vult-intel/node_modules/redis-parser/lib/parser.js:302:14) {
  command: { name: 'auth', args: [ 'IVB0VPnPl0urvQrpSKkbXLdEZBUfSHaP' ] }
}
Connected to Redis for persistence
Redis connection error: ReplyError: WRONGPASS invalid username-password pair or user is disabled.
    at parseError (/Users/adrianfranciscoperezgomez/Desktop/Personal Apps/vult-intel/node_modules/redis-parser/lib/parser.js:179:12)
    at parseType (/Users/adrianfranciscoperezgomez/Desktop/Personal Apps/vult-intel/node_modules/redis-parser/lib/parser.js:302:14) {
  command: { name: 'auth', args: [ 'IVB0VPnPl0urvQrpSKkbXLdEZBUfSHaP' ] }
}
ReplyError: WRONGPASS invalid username-password pair or user is disabled.
    at parseError (/Users/adrianfranciscoperezgomez/Desktop/Personal Apps/vult-intel/node_modules/redis-parser/lib/parser.js:179:12)
    at parseType (/Users/adrianfranciscoperezgomez/Desktop/Personal Apps/vult-intel/node_modules/redis-parser/lib/parser.js:302:14) {
  command: { name: 'auth', args: [ 'IVB0VPnPl0urvQrpSKkbXLdEZBUfSHaP' ] }
}
ReplyError: WRONGPASS invalid username-password pair or user is disabled.
    at parseError (/Users/adrianfranciscoperezgomez/Desktop/Personal Apps/vult-intel/node_modules/redis-parser/lib/parser.js:179:12)
    at parseType (/Users/adrianfranciscoperezgomez/Desktop/Personal Apps/vult-intel/node_modules/redis-parser/lib/parser.js:302:14) {
  command: { name: 'auth', args: [ 'IVB0VPnPl0urvQrpSKkbXLdEZBUfSHaP' ] }
}
ReplyError: WRONGPASS invalid username-password pair or user is disabled.
    at parseError (/Users/adrianfranciscoperezgomez/Desktop/Personal Apps/vult-intel/node_modules/redis-parser/lib/parser.js:179:12)
    at parseType (/Users/adrianfranciscoperezgomez/Desktop/Personal Apps/vult-intel/node_modules/redis-parser/lib/parser.js:302:14) {
  command: { name: 'auth', args: [ 'IVB0VPnPl0urvQrpSKkbXLdEZBUfSHaP' ] }
}
ReplyError: WRONGPASS invalid username-password pair or user is disabled.
    at parseError (/Users/adrianfranciscoperezgomez/Desktop/Personal Apps/vult-intel/node_modules/redis-parser/lib/parser.js:179:12)
    at parseType (/Users/adrianfranciscoperezgomez/Desktop/Personal Apps/vult-intel/node_modules/redis-parser/lib/parser.js:302:14) {
  command: { name: 'auth', args: [ 'IVB0VPnPl0urvQrpSKkbXLdEZBUfSHaP' ] }
}
ReplyError: WRONGPASS invalid username-password pair or user is disabled.
    at parseError (/Users/adrianfranciscoperezgomez/Desktop/Personal Apps/vult-intel/node_modules/redis-parser/lib/parser.js:179:12)
    at parseType (/Users/adrianfranciscoperezgomez/Desktop/Personal Apps/vult-intel/node_modules/redis-parser/lib/parser.js:302:14) {
  command: { name: 'auth', args: [ 'IVB0VPnPl0urvQrpSKkbXLdEZBUfSHaP' ] }
}
ReplyError: WRONGPASS invalid username-password pair or user is disabled.
    at parseError (/Users/adrianfranciscoperezgomez/Desktop/Personal Apps/vult-intel/node_modules/redis-parser/lib/parser.js:179:12)
    at parseType (/Users/adrianfranciscoperezgomez/Desktop/Personal Apps/vult-intel/node_modules/redis-parser/lib/parser.js:302:14) {
  command: { name: 'auth', args: [ 'IVB0VPnPl0urvQrpSKkbXLdEZBUfSHaP' ] }
}
Connected to Redis for persistence
Redis connection error: ReplyError: WRONGPASS invalid username-password pair or user is disabled.
    at parseError (/Users/adrianfranciscoperezgomez/Desktop/Personal Apps/vult-intel/node_modules/redis-parser/lib/parser.js:179:12)
    at parseType (/Users/adrianfranciscoperezgomez/Desktop/Personal Apps/vult-intel/node_modules/redis-parser/lib/parser.js:302:14) {
  command: { name: 'auth', args: [ 'IVB0VPnPl0urvQrpSKkbXLdEZBUfSHaP' ] }
}
ReplyError: WRONGPASS invalid username-password pair or user is disabled.
    at parseError (/Users/adrianfranciscoperezgomez/Desktop/Personal Apps/vult-intel/node_modules/redis-parser/lib/parser.js:179:12)
    at parseType (/Users/adrianfranciscoperezgomez/Desktop/Personal Apps/vult-intel/node_modules/redis-parser/lib/parser.js:302:14) {
  command: { name: 'auth', args: [ 'IVB0VPnPl0urvQrpSKkbXLdEZBUfSHaP' ] }
}
ReplyError: WRONGPASS invalid username-password pair or user is disabled.
    at parseError (/Users/adrianfranciscoperezgomez/Desktop/Personal Apps/vult-intel/node_modules/redis-parser/lib/parser.js:179:12)
    at parseType (/Users/adrianfranciscoperezgomez/Desktop/Personal Apps/vult-intel/node_modules/redis-parser/lib/parser.js:302:14) {
  command: { name: 'auth', args: [ 'IVB0VPnPl0urvQrpSKkbXLdEZBUfSHaP' ] }
}
ReplyError: WRONGPASS invalid username-password pair or user is disabled.
    at parseError (/Users/adrianfranciscoperezgomez/Desktop/Personal Apps/vult-intel/node_modules/redis-parser/lib/parser.js:179:12)
    at parseType (/Users/adrianfranciscoperezgomez/Desktop/Personal Apps/vult-intel/node_modules/redis-parser/lib/parser.js:302:14) {
  command: { name: 'auth', args: [ 'IVB0VPnPl0urvQrpSKkbXLdEZBUfSHaP' ] }
}
ReplyError: WRONGPASS invalid username-password pair or user is disabled.
    at parseError (/Users/adrianfranciscoperezgomez/Desktop/Personal Apps/vult-intel/node_modules/redis-parser/lib/parser.js:179:12)
    at parseType (/Users/adrianfranciscoperezgomez/Desktop/Personal Apps/vult-intel/node_modules/redis-parser/lib/parser.js:302:14) {
  command: { name: 'auth', args: [ 'IVB0VPnPl0urvQrpSKkbXLdEZBUfSHaP' ] }
}
ReplyError: WRONGPASS invalid username-password pair or user is disabled.
    at parseError (/Users/adrianfranciscoperezgomez/Desktop/Personal Apps/vult-intel/node_modules/redis-parser/lib/parser.js:179:12)
    at parseType (/Users/adrianfranciscoperezgomez/Desktop/Personal Apps/vult-intel/node_modules/redis-parser/lib/parser.js:302:14) {
  command: { name: 'auth', args: [ 'IVB0VPnPl0urvQrpSKkbXLdEZBUfSHaP' ] }
}
ReplyError: WRONGPASS invalid username-password pair or user is disabled.
    at parseError (/Users/adrianfranciscoperezgomez/Desktop/Personal Apps/vult-intel/node_modules/redis-parser/lib/parser.js:179:12)
    at parseType (/Users/adrianfranciscoperezgomez/Desktop/Personal Apps/vult-intel/node_modules/redis-parser/lib/parser.js:302:14) {
  command: { name: 'auth', args: [ 'IVB0VPnPl0urvQrpSKkbXLdEZBUfSHaP' ] }
}
Connected to Redis for persistence
Redis connection error: ReplyError: WRONGPASS invalid username-password pair or user is disabled.
    at parseError (/Users/adrianfranciscoperezgomez/Desktop/Personal Apps/vult-intel/node_modules/redis-parser/lib/parser.js:179:12)
    at parseType (/Users/adrianfranciscoperezgomez/Desktop/Personal Apps/vult-intel/node_modules/redis-parser/lib/parser.js:302:14) {
  command: { name: 'auth', args: [ 'IVB0VPnPl0urvQrpSKkbXLdEZBUfSHaP' ] }
}
ReplyError: WRONGPASS invalid username-password pair or user is disabled.
    at parseError (/Users/adrianfranciscoperezgomez/Desktop/Personal Apps/vult-intel/node_modules/redis-parser/lib/parser.js:179:12)
    at parseType (/Users/adrianfranciscoperezgomez/Desktop/Personal Apps/vult-intel/node_modules/redis-parser/lib/parser.js:302:14) {
  command: { name: 'auth', args: [ 'IVB0VPnPl0urvQrpSKkbXLdEZBUfSHaP' ] }
}
ReplyError: WRONGPASS invalid username-password pair or user is disabled.
    at parseError (/Users/adrianfranciscoperezgomez/Desktop/Personal Apps/vult-intel/node_modules/redis-parser/lib/parser.js:179:12)
    at parseType (/Users/adrianfranciscoperezgomez/Desktop/Personal Apps/vult-intel/node_modules/redis-parser/lib/parser.js:302:14) {
  command: { name: 'auth', args: [ 'IVB0VPnPl0urvQrpSKkbXLdEZBUfSHaP' ] }
}
ReplyError: WRONGPASS invalid username-password pair or user is disabled.
    at parseError (/Users/adrianfranciscoperezgomez/Desktop/Personal Apps/vult-intel/node_modules/redis-parser/lib/parser.js:179:12)
    at parseType (/Users/adrianfranciscoperezgomez/Desktop/Personal Apps/vult-intel/node_modules/redis-parser/lib/parser.js:302:14) {
  command: { name: 'auth', args: [ 'IVB0VPnPl0urvQrpSKkbXLdEZBUfSHaP' ] }
}
ReplyError: WRONGPASS invalid username-password pair or user is disabled.
    at parseError (/Users/adrianfranciscoperezgomez/Desktop/Personal Apps/vult-intel/node_modules/redis-parser/lib/parser.js:179:12)
    at parseType (/Users/adrianfranciscoperezgomez/Desktop/Personal Apps/vult-intel/node_modules/redis-parser/lib/parser.js:302:14) {
  command: { name: 'auth', args: [ 'IVB0VPnPl0urvQrpSKkbXLdEZBUfSHaP' ] }
}
ReplyError: WRONGPASS invalid username-password pair or user is disabled.
    at parseError (/Users/adrianfranciscoperezgomez/Desktop/Personal Apps/vult-intel/node_modules/redis-parser/lib/parser.js:179:12)
    at parseType (/Users/adrianfranciscoperezgomez/Desktop/Personal Apps/vult-intel/node_modules/redis-parser/lib/parser.js:302:14) {
  command: { name: 'auth', args: [ 'IVB0VPnPl0urvQrpSKkbXLdEZBUfSHaP' ] }
}
ReplyError: WRONGPASS invalid username-password pair or user is disabled.
    at parseError (/Users/adrianfranciscoperezgomez/Desktop/Personal Apps/vult-intel/node_modules/redis-parser/lib/parser.js:179:12)
    at parseType (/Users/adrianfranciscoperezgomez/Desktop/Personal Apps/vult-intel/node_modules/redis-parser/lib/parser.js:302:14) {
  command: { name: 'auth', args: [ 'IVB0VPnPl0urvQrpSKkbXLdEZBUfSHaP' ] }
}
Connected to Redis for persistence
Redis connection error: ReplyError: WRONGPASS invalid username-password pair or user is disabled.
    at parseError (/Users/adrianfranciscoperezgomez/Desktop/Personal Apps/vult-intel/node_modules/redis-parser/lib/parser.js:179:12)
    at parseType (/Users/adrianfranciscoperezgomez/Desktop/Personal Apps/vult-intel/node_modules/redis-parser/lib/parser.js:302:14) {
  command: { name: 'auth', args: [ 'IVB0VPnPl0urvQrpSKkbXLdEZBUfSHaP' ] }
}
ReplyError: WRONGPASS invalid username-password pair or user is disabled.
    at parseError (/Users/adrianfranciscoperezgomez/Desktop/Personal Apps/vult-intel/node_modules/redis-parser/lib/parser.js:179:12)
    at parseType (/Users/adrianfranciscoperezgomez/Desktop/Personal Apps/vult-intel/node_modules/redis-parser/lib/parser.js:302:14) {
  command: { name: 'auth', args: [ 'IVB0VPnPl0urvQrpSKkbXLdEZBUfSHaP' ] }
}
ReplyError: WRONGPASS invalid username-password pair or user is disabled.
    at parseError (/Users/adrianfranciscoperezgomez/Desktop/Personal Apps/vult-intel/node_modules/redis-parser/lib/parser.js:179:12)
    at parseType (/Users/adrianfranciscoperezgomez/Desktop/Personal Apps/vult-intel/node_modules/redis-parser/lib/parser.js:302:14) {
  command: { name: 'auth', args: [ 'IVB0VPnPl0urvQrpSKkbXLdEZBUfSHaP' ] }
}
ReplyError: WRONGPASS invalid username-password pair or user is disabled.
    at parseError (/Users/adrianfranciscoperezgomez/Desktop/Personal Apps/vult-intel/node_modules/redis-parser/lib/parser.js:179:12)
    at parseType (/Users/adrianfranciscoperezgomez/Desktop/Personal Apps/vult-intel/node_modules/redis-parser/lib/parser.js:302:14) {
  command: { name: 'auth', args: [ 'IVB0VPnPl0urvQrpSKkbXLdEZBUfSHaP' ] }
}
ReplyError: WRONGPASS invalid username-password pair or user is disabled.
    at parseError (/Users/adrianfranciscoperezgomez/Desktop/Personal Apps/vult-intel/node_modules/redis-parser/lib/parser.js:179:12)
    at parseType (/Users/adrianfranciscoperezgomez/Desktop/Personal Apps/vult-intel/node_modules/redis-parser/lib/parser.js:302:14) {
  command: { name: 'auth', args: [ 'IVB0VPnPl0urvQrpSKkbXLdEZBUfSHaP' ] }
}
ReplyError: WRONGPASS invalid username-password pair or user is disabled.
    at parseError (/Users/adrianfranciscoperezgomez/Desktop/Personal Apps/vult-intel/node_modules/redis-parser/lib/parser.js:179:12)
    at parseType (/Users/adrianfranciscoperezgomez/Desktop/Personal Apps/vult-intel/node_modules/redis-parser/lib/parser.js:302:14) {
  command: { name: 'auth', args: [ 'IVB0VPnPl0urvQrpSKkbXLdEZBUfSHaP' ] }
}
ReplyError: WRONGPASS invalid username-password pair or user is disabled.
    at parseError (/Users/adrianfranciscoperezgomez/Desktop/Personal Apps/vult-intel/node_modules/redis-parser/lib/parser.js:179:12)
    at parseType (/Users/adrianfranciscoperezgomez/Desktop/Personal Apps/vult-intel/node_modules/redis-parser/lib/parser.js:302:14) {
  command: { name: 'auth', args: [ 'IVB0VPnPl0urvQrpSKkbXLdEZBUfSHaP' ] }
}
Connected to Redis for persistence
Redis connection error: ReplyError: WRONGPASS invalid username-password pair or user is disabled.
    at parseError (/Users/adrianfranciscoperezgomez/Desktop/Personal Apps/vult-intel/node_modules/redis-parser/lib/parser.js:179:12)
    at parseType (/Users/adrianfranciscoperezgomez/Desktop/Personal Apps/vult-intel/node_modules/redis-parser/lib/parser.js:302:14) {
  command: { name: 'auth', args: [ 'IVB0VPnPl0urvQrpSKkbXLdEZBUfSHaP' ] }
}
ReplyError: WRONGPASS invalid username-password pair or user is disabled.
    at parseError (/Users/adrianfranciscoperezgomez/Desktop/Personal Apps/vult-intel/node_modules/redis-parser/lib/parser.js:179:12)
    at parseType (/Users/adrianfranciscoperezgomez/Desktop/Personal Apps/vult-intel/node_modules/redis-parser/lib/parser.js:302:14) {
  command: { name: 'auth', args: [ 'IVB0VPnPl0urvQrpSKkbXLdEZBUfSHaP' ] }
}
ReplyError: WRONGPASS invalid username-password pair or user is disabled.
    at parseError (/Users/adrianfranciscoperezgomez/Desktop/Personal Apps/vult-intel/node_modules/redis-parser/lib/parser.js:179:12)
    at parseType (/Users/adrianfranciscoperezgomez/Desktop/Personal Apps/vult-intel/node_modules/redis-parser/lib/parser.js:302:14) {
  command: { name: 'auth', args: [ 'IVB0VPnPl0urvQrpSKkbXLdEZBUfSHaP' ] }
}
ReplyError: WRONGPASS invalid username-password pair or user is disabled.
    at parseError (/Users/adrianfranciscoperezgomez/Desktop/Personal Apps/vult-intel/node_modules/redis-parser/lib/parser.js:179:12)
    at parseType (/Users/adrianfranciscoperezgomez/Desktop/Personal Apps/vult-intel/node_modules/redis-parser/lib/parser.js:302:14) {
  command: { name: 'auth', args: [ 'IVB0VPnPl0urvQrpSKkbXLdEZBUfSHaP' ] }
}
ReplyError: WRONGPASS invalid username-password pair or user is disabled.
    at parseError (/Users/adrianfranciscoperezgomez/Desktop/Personal Apps/vult-intel/node_modules/redis-parser/lib/parser.js:179:12)
    at parseType (/Users/adrianfranciscoperezgomez/Desktop/Personal Apps/vult-intel/node_modules/redis-parser/lib/parser.js:302:14) {
  command: { name: 'auth', args: [ 'IVB0VPnPl0urvQrpSKkbXLdEZBUfSHaP' ] }
}
ReplyError: WRONGPASS invalid username-password pair or user is disabled.
    at parseError (/Users/adrianfranciscoperezgomez/Desktop/Personal Apps/vult-intel/node_modules/redis-parser/lib/parser.js:179:12)
    at parseType (/Users/adrianfranciscoperezgomez/Desktop/Personal Apps/vult-intel/node_modules/redis-parser/lib/parser.js:302:14) {
  command: { name: 'auth', args: [ 'IVB0VPnPl0urvQrpSKkbXLdEZBUfSHaP' ] }
}
ReplyError: WRONGPASS invalid username-password pair or user is disabled.
    at parseError (/Users/adrianfranciscoperezgomez/Desktop/Personal Apps/vult-intel/node_modules/redis-parser/lib/parser.js:179:12)
    at parseType (/Users/adrianfranciscoperezgomez/Desktop/Personal Apps/vult-intel/node_modules/redis-parser/lib/parser.js:302:14) {
  command: { name: 'auth', args: [ 'IVB0VPnPl0urvQrpSKkbXLdEZBUfSHaP' ] }
}
Connected to Redis for persistence
Redis connection error: ReplyError: WRONGPASS invalid username-password pair or user is disabled.
    at parseError (/Users/adrianfranciscoperezgomez/Desktop/Personal Apps/vult-intel/node_modules/redis-parser/lib/parser.js:179:12)
    at parseType (/Users/adrianfranciscoperezgomez/Desktop/Personal Apps/vult-intel/node_modules/redis-parser/lib/parser.js:302:14) {
  command: { name: 'auth', args: [ 'IVB0VPnPl0urvQrpSKkbXLdEZBUfSHaP' ] }
}
ReplyError: WRONGPASS invalid username-password pair or user is disabled.
    at parseError (/Users/adrianfranciscoperezgomez/Desktop/Personal Apps/vult-intel/node_modules/redis-parser/lib/parser.js:179:12)
    at parseType (/Users/adrianfranciscoperezgomez/Desktop/Personal Apps/vult-intel/node_modules/redis-parser/lib/parser.js:302:14) {
  command: { name: 'auth', args: [ 'IVB0VPnPl0urvQrpSKkbXLdEZBUfSHaP' ] }
}
ReplyError: WRONGPASS invalid username-password pair or user is disabled.
    at parseError (/Users/adrianfranciscoperezgomez/Desktop/Personal Apps/vult-intel/node_modules/redis-parser/lib/parser.js:179:12)
    at parseType (/Users/adrianfranciscoperezgomez/Desktop/Personal Apps/vult-intel/node_modules/redis-parser/lib/parser.js:302:14) {
  command: { name: 'auth', args: [ 'IVB0VPnPl0urvQrpSKkbXLdEZBUfSHaP' ] }
}
ReplyError: WRONGPASS invalid username-password pair or user is disabled.
    at parseError (/Users/adrianfranciscoperezgomez/Desktop/Personal Apps/vult-intel/node_modules/redis-parser/lib/parser.js:179:12)
    at parseType (/Users/adrianfranciscoperezgomez/Desktop/Personal Apps/vult-intel/node_modules/redis-parser/lib/parser.js:302:14) {
  command: { name: 'auth', args: [ 'IVB0VPnPl0urvQrpSKkbXLdEZBUfSHaP' ] }
}
ReplyError: WRONGPASS invalid username-password pair or user is disabled.
    at parseError (/Users/adrianfranciscoperezgomez/Desktop/Personal Apps/vult-intel/node_modules/redis-parser/lib/parser.js:179:12)
    at parseType (/Users/adrianfranciscoperezgomez/Desktop/Personal Apps/vult-intel/node_modules/redis-parser/lib/parser.js:302:14) {
  command: { name: 'auth', args: [ 'IVB0VPnPl0urvQrpSKkbXLdEZBUfSHaP' ] }
}
ReplyError: WRONGPASS invalid username-password pair or user is disabled.
    at parseError (/Users/adrianfranciscoperezgomez/Desktop/Personal Apps/vult-intel/node_modules/redis-parser/lib/parser.js:179:12)
    at parseType (/Users/adrianfranciscoperezgomez/Desktop/Personal Apps/vult-intel/node_modules/redis-parser/lib/parser.js:302:14) {
  command: { name: 'auth', args: [ 'IVB0VPnPl0urvQrpSKkbXLdEZBUfSHaP' ] }
}
ReplyError: WRONGPASS invalid username-password pair or user is disabled.
    at parseError (/Users/adrianfranciscoperezgomez/Desktop/Personal Apps/vult-intel/node_modules/redis-parser/lib/parser.js:179:12)
    at parseType (/Users/adrianfranciscoperezgomez/Desktop/Personal Apps/vult-intel/node_modules/redis-parser/lib/parser.js:302:14) {
  command: { name: 'auth', args: [ 'IVB0VPnPl0urvQrpSKkbXLdEZBUfSHaP' ] }
}
Connected to Redis for persistence
Redis connection error: ReplyError: WRONGPASS invalid username-password pair or user is disabled.
    at parseError (/Users/adrianfranciscoperezgomez/Desktop/Personal Apps/vult-intel/node_modules/redis-parser/lib/parser.js:179:12)
    at parseType (/Users/adrianfranciscoperezgomez/Desktop/Personal Apps/vult-intel/node_modules/redis-parser/lib/parser.js:302:14) {
  command: { name: 'auth', args: [ 'IVB0VPnPl0urvQrpSKkbXLdEZBUfSHaP' ] }
}
ReplyError: WRONGPASS invalid username-password pair or user is disabled.
    at parseError (/Users/adrianfranciscoperezgomez/Desktop/Personal Apps/vult-intel/node_modules/redis-parser/lib/parser.js:179:12)
    at parseType (/Users/adrianfranciscoperezgomez/Desktop/Personal Apps/vult-intel/node_modules/redis-parser/lib/parser.js:302:14) {
  command: { name: 'auth', args: [ 'IVB0VPnPl0urvQrpSKkbXLdEZBUfSHaP' ] }
}
ReplyError: WRONGPASS invalid username-password pair or user is disabled.
    at parseError (/Users/adrianfranciscoperezgomez/Desktop/Personal Apps/vult-intel/node_modules/redis-parser/lib/parser.js:179:12)
    at parseType (/Users/adrianfranciscoperezgomez/Desktop/Personal Apps/vult-intel/node_modules/redis-parser/lib/parser.js:302:14) {
  command: { name: 'auth', args: [ 'IVB0VPnPl0urvQrpSKkbXLdEZBUfSHaP' ] }
}
ReplyError: WRONGPASS invalid username-password pair or user is disabled.
    at parseError (/Users/adrianfranciscoperezgomez/Desktop/Personal Apps/vult-intel/node_modules/redis-parser/lib/parser.js:179:12)
    at parseType (/Users/adrianfranciscoperezgomez/Desktop/Personal Apps/vult-intel/node_modules/redis-parser/lib/parser.js:302:14) {
  command: { name: 'auth', args: [ 'IVB0VPnPl0urvQrpSKkbXLdEZBUfSHaP' ] }
}
ReplyError: WRONGPASS invalid username-password pair or user is disabled.
    at parseError (/Users/adrianfranciscoperezgomez/Desktop/Personal Apps/vult-intel/node_modules/redis-parser/lib/parser.js:179:12)
    at parseType (/Users/adrianfranciscoperezgomez/Desktop/Personal Apps/vult-intel/node_modules/redis-parser/lib/parser.js:302:14) {
  command: { name: 'auth', args: [ 'IVB0VPnPl0urvQrpSKkbXLdEZBUfSHaP' ] }
}
ReplyError: WRONGPASS invalid username-password pair or user is disabled.
    at parseError (/Users/adrianfranciscoperezgomez/Desktop/Personal Apps/vult-intel/node_modules/redis-parser/lib/parser.js:179:12)
    at parseType (/Users/adrianfranciscoperezgomez/Desktop/Personal Apps/vult-intel/node_modules/redis-parser/lib/parser.js:302:14) {
  command: { name: 'auth', args: [ 'IVB0VPnPl0urvQrpSKkbXLdEZBUfSHaP' ] }
}
ReplyError: WRONGPASS invalid username-password pair or user is disabled.
    at parseError (/Users/adrianfranciscoperezgomez/Desktop/Personal Apps/vult-intel/node_modules/redis-parser/lib/parser.js:179:12)
    at parseType (/Users/adrianfranciscoperezgomez/Desktop/Personal Apps/vult-intel/node_modules/redis-parser/lib/parser.js:302:14) {
  command: { name: 'auth', args: [ 'IVB0VPnPl0urvQrpSKkbXLdEZBUfSHaP' ] }
}
Connected to Redis for persistence
Redis connection error: ReplyError: WRONGPASS invalid username-password pair or user is disabled.
    at parseError (/Users/adrianfranciscoperezgomez/Desktop/Personal Apps/vult-intel/node_modules/redis-parser/lib/parser.js:179:12)
    at parseType (/Users/adrianfranciscoperezgomez/Desktop/Personal Apps/vult-intel/node_modules/redis-parser/lib/parser.js:302:14) {
  command: { name: 'auth', args: [ 'IVB0VPnPl0urvQrpSKkbXLdEZBUfSHaP' ] }
}
ReplyError: WRONGPASS invalid username-password pair or user is disabled.
    at parseError (/Users/adrianfranciscoperezgomez/Desktop/Personal Apps/vult-intel/node_modules/redis-parser/lib/parser.js:179:12)
    at parseType (/Users/adrianfranciscoperezgomez/Desktop/Personal Apps/vult-intel/node_modules/redis-parser/lib/parser.js:302:14) {
  command: { name: 'auth', args: [ 'IVB0VPnPl0urvQrpSKkbXLdEZBUfSHaP' ] }
}
ReplyError: WRONGPASS invalid username-password pair or user is disabled.
    at parseError (/Users/adrianfranciscoperezgomez/Desktop/Personal Apps/vult-intel/node_modules/redis-parser/lib/parser.js:179:12)
    at parseType (/Users/adrianfranciscoperezgomez/Desktop/Personal Apps/vult-intel/node_modules/redis-parser/lib/parser.js:302:14) {
  command: { name: 'auth', args: [ 'IVB0VPnPl0urvQrpSKkbXLdEZBUfSHaP' ] }
}
ReplyError: WRONGPASS invalid username-password pair or user is disabled.
    at parseError (/Users/adrianfranciscoperezgomez/Desktop/Personal Apps/vult-intel/node_modules/redis-parser/lib/parser.js:179:12)
    at parseType (/Users/adrianfranciscoperezgomez/Desktop/Personal Apps/vult-intel/node_modules/redis-parser/lib/parser.js:302:14) {
  command: { name: 'auth', args: [ 'IVB0VPnPl0urvQrpSKkbXLdEZBUfSHaP' ] }
}
ReplyError: WRONGPASS invalid username-password pair or user is disabled.
    at parseError (/Users/adrianfranciscoperezgomez/Desktop/Personal Apps/vult-intel/node_modules/redis-parser/lib/parser.js:179:12)
    at parseType (/Users/adrianfranciscoperezgomez/Desktop/Personal Apps/vult-intel/node_modules/redis-parser/lib/parser.js:302:14) {
  command: { name: 'auth', args: [ 'IVB0VPnPl0urvQrpSKkbXLdEZBUfSHaP' ] }
}
ReplyError: WRONGPASS invalid username-password pair or user is disabled.
    at parseError (/Users/adrianfranciscoperezgomez/Desktop/Personal Apps/vult-intel/node_modules/redis-parser/lib/parser.js:179:12)
    at parseType (/Users/adrianfranciscoperezgomez/Desktop/Personal Apps/vult-intel/node_modules/redis-parser/lib/parser.js:302:14) {
  command: { name: 'auth', args: [ 'IVB0VPnPl0urvQrpSKkbXLdEZBUfSHaP' ] }
}
ReplyError: WRONGPASS invalid username-password pair or user is disabled.
    at parseError (/Users/adrianfranciscoperezgomez/Desktop/Personal Apps/vult-intel/node_modules/redis-parser/lib/parser.js:179:12)
    at parseType (/Users/adrianfranciscoperezgomez/Desktop/Personal Apps/vult-intel/node_modules/redis-parser/lib/parser.js:302:14) {
  command: { name: 'auth', args: [ 'IVB0VPnPl0urvQrpSKkbXLdEZBUfSHaP' ] }
}
Connected to Redis for persistence
Redis connection error: ReplyError: WRONGPASS invalid username-password pair or user is disabled.
    at parseError (/Users/adrianfranciscoperezgomez/Desktop/Personal Apps/vult-intel/node_modules/redis-parser/lib/parser.js:179:12)
    at parseType (/Users/adrianfranciscoperezgomez/Desktop/Personal Apps/vult-intel/node_modules/redis-parser/lib/parser.js:302:14) {
  command: { name: 'auth', args: [ 'IVB0VPnPl0urvQrpSKkbXLdEZBUfSHaP' ] }
}
ReplyError: WRONGPASS invalid username-password pair or user is disabled.
    at parseError (/Users/adrianfranciscoperezgomez/Desktop/Personal Apps/vult-intel/node_modules/redis-parser/lib/parser.js:179:12)
    at parseType (/Users/adrianfranciscoperezgomez/Desktop/Personal Apps/vult-intel/node_modules/redis-parser/lib/parser.js:302:14) {
  command: { name: 'auth', args: [ 'IVB0VPnPl0urvQrpSKkbXLdEZBUfSHaP' ] }
}
ReplyError: WRONGPASS invalid username-password pair or user is disabled.
    at parseError (/Users/adrianfranciscoperezgomez/Desktop/Personal Apps/vult-intel/node_modules/redis-parser/lib/parser.js:179:12)
    at parseType (/Users/adrianfranciscoperezgomez/Desktop/Personal Apps/vult-intel/node_modules/redis-parser/lib/parser.js:302:14) {
  command: { name: 'auth', args: [ 'IVB0VPnPl0urvQrpSKkbXLdEZBUfSHaP' ] }
}
ReplyError: WRONGPASS invalid username-password pair or user is disabled.
    at parseError (/Users/adrianfranciscoperezgomez/Desktop/Personal Apps/vult-intel/node_modules/redis-parser/lib/parser.js:179:12)
    at parseType (/Users/adrianfranciscoperezgomez/Desktop/Personal Apps/vult-intel/node_modules/redis-parser/lib/parser.js:302:14) {
  command: { name: 'auth', args: [ 'IVB0VPnPl0urvQrpSKkbXLdEZBUfSHaP' ] }
}
ReplyError: WRONGPASS invalid username-password pair or user is disabled.
    at parseError (/Users/adrianfranciscoperezgomez/Desktop/Personal Apps/vult-intel/node_modules/redis-parser/lib/parser.js:179:12)
    at parseType (/Users/adrianfranciscoperezgomez/Desktop/Personal Apps/vult-intel/node_modules/redis-parser/lib/parser.js:302:14) {
  command: { name: 'auth', args: [ 'IVB0VPnPl0urvQrpSKkbXLdEZBUfSHaP' ] }
}
ReplyError: WRONGPASS invalid username-password pair or user is disabled.
    at parseError (/Users/adrianfranciscoperezgomez/Desktop/Personal Apps/vult-intel/node_modules/redis-parser/lib/parser.js:179:12)
    at parseType (/Users/adrianfranciscoperezgomez/Desktop/Personal Apps/vult-intel/node_modules/redis-parser/lib/parser.js:302:14) {
  command: { name: 'auth', args: [ 'IVB0VPnPl0urvQrpSKkbXLdEZBUfSHaP' ] }
}
ReplyError: WRONGPASS invalid username-password pair or user is disabled.
    at parseError (/Users/adrianfranciscoperezgomez/Desktop/Personal Apps/vult-intel/node_modules/redis-parser/lib/parser.js:179:12)
    at parseType (/Users/adrianfranciscoperezgomez/Desktop/Personal Apps/vult-intel/node_modules/redis-parser/lib/parser.js:302:14) {
  command: { name: 'auth', args: [ 'IVB0VPnPl0urvQrpSKkbXLdEZBUfSHaP' ] }
}
Connected to Redis for persistence
Redis connection error: ReplyError: WRONGPASS invalid username-password pair or user is disabled.
    at parseError (/Users/adrianfranciscoperezgomez/Desktop/Personal Apps/vult-intel/node_modules/redis-parser/lib/parser.js:179:12)
    at parseType (/Users/adrianfranciscoperezgomez/Desktop/Personal Apps/vult-intel/node_modules/redis-parser/lib/parser.js:302:14) {
  command: { name: 'auth', args: [ 'IVB0VPnPl0urvQrpSKkbXLdEZBUfSHaP' ] }
}
ReplyError: WRONGPASS invalid username-password pair or user is disabled.
    at parseError (/Users/adrianfranciscoperezgomez/Desktop/Personal Apps/vult-intel/node_modules/redis-parser/lib/parser.js:179:12)
    at parseType (/Users/adrianfranciscoperezgomez/Desktop/Personal Apps/vult-intel/node_modules/redis-parser/lib/parser.js:302:14) {
  command: { name: 'auth', args: [ 'IVB0VPnPl0urvQrpSKkbXLdEZBUfSHaP' ] }
}
ReplyError: WRONGPASS invalid username-password pair or user is disabled.
    at parseError (/Users/adrianfranciscoperezgomez/Desktop/Personal Apps/vult-intel/node_modules/redis-parser/lib/parser.js:179:12)
    at parseType (/Users/adrianfranciscoperezgomez/Desktop/Personal Apps/vult-intel/node_modules/redis-parser/lib/parser.js:302:14) {
  command: { name: 'auth', args: [ 'IVB0VPnPl0urvQrpSKkbXLdEZBUfSHaP' ] }
}
ReplyError: WRONGPASS invalid username-password pair or user is disabled.
    at parseError (/Users/adrianfranciscoperezgomez/Desktop/Personal Apps/vult-intel/node_modules/redis-parser/lib/parser.js:179:12)
    at parseType (/Users/adrianfranciscoperezgomez/Desktop/Personal Apps/vult-intel/node_modules/redis-parser/lib/parser.js:302:14) {
  command: { name: 'auth', args: [ 'IVB0VPnPl0urvQrpSKkbXLdEZBUfSHaP' ] }
}
ReplyError: WRONGPASS invalid username-password pair or user is disabled.
    at parseError (/Users/adrianfranciscoperezgomez/Desktop/Personal Apps/vult-intel/node_modules/redis-parser/lib/parser.js:179:12)
    at parseType (/Users/adrianfranciscoperezgomez/Desktop/Personal Apps/vult-intel/node_modules/redis-parser/lib/parser.js:302:14) {
  command: { name: 'auth', args: [ 'IVB0VPnPl0urvQrpSKkbXLdEZBUfSHaP' ] }
}
ReplyError: WRONGPASS invalid username-password pair or user is disabled.
    at parseError (/Users/adrianfranciscoperezgomez/Desktop/Personal Apps/vult-intel/node_modules/redis-parser/lib/parser.js:179:12)
    at parseType (/Users/adrianfranciscoperezgomez/Desktop/Personal Apps/vult-intel/node_modules/redis-parser/lib/parser.js:302:14) {
  command: { name: 'auth', args: [ 'IVB0VPnPl0urvQrpSKkbXLdEZBUfSHaP' ] }
}
ReplyError: WRONGPASS invalid username-password pair or user is disabled.
    at parseError (/Users/adrianfranciscoperezgomez/Desktop/Personal Apps/vult-intel/node_modules/redis-parser/lib/parser.js:179:12)
    at parseType (/Users/adrianfranciscoperezgomez/Desktop/Personal Apps/vult-intel/node_modules/redis-parser/lib/parser.js:302:14) {
  command: { name: 'auth', args: [ 'IVB0VPnPl0urvQrpSKkbXLdEZBUfSHaP' ] }
}
Connected to Redis for persistence
Redis connection error: ReplyError: WRONGPASS invalid username-password pair or user is disabled.
    at parseError (/Users/adrianfranciscoperezgomez/Desktop/Personal Apps/vult-intel/node_modules/redis-parser/lib/parser.js:179:12)
    at parseType (/Users/adrianfranciscoperezgomez/Desktop/Personal Apps/vult-intel/node_modules/redis-parser/lib/parser.js:302:14) {
  command: { name: 'auth', args: [ 'IVB0VPnPl0urvQrpSKkbXLdEZBUfSHaP' ] }
}
ReplyError: WRONGPASS invalid username-password pair or user is disabled.
    at parseError (/Users/adrianfranciscoperezgomez/Desktop/Personal Apps/vult-intel/node_modules/redis-parser/lib/parser.js:179:12)
    at parseType (/Users/adrianfranciscoperezgomez/Desktop/Personal Apps/vult-intel/node_modules/redis-parser/lib/parser.js:302:14) {
  command: { name: 'auth', args: [ 'IVB0VPnPl0urvQrpSKkbXLdEZBUfSHaP' ] }
}
ReplyError: WRONGPASS invalid username-password pair or user is disabled.
    at parseError (/Users/adrianfranciscoperezgomez/Desktop/Personal Apps/vult-intel/node_modules/redis-parser/lib/parser.js:179:12)
    at parseType (/Users/adrianfranciscoperezgomez/Desktop/Personal Apps/vult-intel/node_modules/redis-parser/lib/parser.js:302:14) {
  command: { name: 'auth', args: [ 'IVB0VPnPl0urvQrpSKkbXLdEZBUfSHaP' ] }
}
ReplyError: WRONGPASS invalid username-password pair or user is disabled.
    at parseError (/Users/adrianfranciscoperezgomez/Desktop/Personal Apps/vult-intel/node_modules/redis-parser/lib/parser.js:179:12)
    at parseType (/Users/adrianfranciscoperezgomez/Desktop/Personal Apps/vult-intel/node_modules/redis-parser/lib/parser.js:302:14) {
  command: { name: 'auth', args: [ 'IVB0VPnPl0urvQrpSKkbXLdEZBUfSHaP' ] }
}
ReplyError: WRONGPASS invalid username-password pair or user is disabled.
    at parseError (/Users/adrianfranciscoperezgomez/Desktop/Personal Apps/vult-intel/node_modules/redis-parser/lib/parser.js:179:12)
    at parseType (/Users/adrianfranciscoperezgomez/Desktop/Personal Apps/vult-intel/node_modules/redis-parser/lib/parser.js:302:14) {
  command: { name: 'auth', args: [ 'IVB0VPnPl0urvQrpSKkbXLdEZBUfSHaP' ] }
}
ReplyError: WRONGPASS invalid username-password pair or user is disabled.
    at parseError (/Users/adrianfranciscoperezgomez/Desktop/Personal Apps/vult-intel/node_modules/redis-parser/lib/parser.js:179:12)
    at parseType (/Users/adrianfranciscoperezgomez/Desktop/Personal Apps/vult-intel/node_modules/redis-parser/lib/parser.js:302:14) {
  command: { name: 'auth', args: [ 'IVB0VPnPl0urvQrpSKkbXLdEZBUfSHaP' ] }
}
ReplyError: WRONGPASS invalid username-password pair or user is disabled.
    at parseError (/Users/adrianfranciscoperezgomez/Desktop/Personal Apps/vult-intel/node_modules/redis-parser/lib/parser.js:179:12)
    at parseType (/Users/adrianfranciscoperezgomez/Desktop/Personal Apps/vult-intel/node_modules/redis-parser/lib/parser.js:302:14) {
  command: { name: 'auth', args: [ 'IVB0VPnPl0urvQrpSKkbXLdEZBUfSHaP' ] }
}
Connected to Redis for persistence
Redis connection error: ReplyError: WRONGPASS invalid username-password pair or user is disabled.
    at parseError (/Users/adrianfranciscoperezgomez/Desktop/Personal Apps/vult-intel/node_modules/redis-parser/lib/parser.js:179:12)
    at parseType (/Users/adrianfranciscoperezgomez/Desktop/Personal Apps/vult-intel/node_modules/redis-parser/lib/parser.js:302:14) {
  command: { name: 'auth', args: [ 'IVB0VPnPl0urvQrpSKkbXLdEZBUfSHaP' ] }
}
ReplyError: WRONGPASS invalid username-password pair or user is disabled.
    at parseError (/Users/adrianfranciscoperezgomez/Desktop/Personal Apps/vult-intel/node_modules/redis-parser/lib/parser.js:179:12)
    at parseType (/Users/adrianfranciscoperezgomez/Desktop/Personal Apps/vult-intel/node_modules/redis-parser/lib/parser.js:302:14) {
  command: { name: 'auth', args: [ 'IVB0VPnPl0urvQrpSKkbXLdEZBUfSHaP' ] }
}
ReplyError: WRONGPASS invalid username-password pair or user is disabled.
    at parseError (/Users/adrianfranciscoperezgomez/Desktop/Personal Apps/vult-intel/node_modules/redis-parser/lib/parser.js:179:12)
    at parseType (/Users/adrianfranciscoperezgomez/Desktop/Personal Apps/vult-intel/node_modules/redis-parser/lib/parser.js:302:14) {
  command: { name: 'auth', args: [ 'IVB0VPnPl0urvQrpSKkbXLdEZBUfSHaP' ] }
}
ReplyError: WRONGPASS invalid username-password pair or user is disabled.
    at parseError (/Users/adrianfranciscoperezgomez/Desktop/Personal Apps/vult-intel/node_modules/redis-parser/lib/parser.js:179:12)
    at parseType (/Users/adrianfranciscoperezgomez/Desktop/Personal Apps/vult-intel/node_modules/redis-parser/lib/parser.js:302:14) {
  command: { name: 'auth', args: [ 'IVB0VPnPl0urvQrpSKkbXLdEZBUfSHaP' ] }
}
ReplyError: WRONGPASS invalid username-password pair or user is disabled.
    at parseError (/Users/adrianfranciscoperezgomez/Desktop/Personal Apps/vult-intel/node_modules/redis-parser/lib/parser.js:179:12)
    at parseType (/Users/adrianfranciscoperezgomez/Desktop/Personal Apps/vult-intel/node_modules/redis-parser/lib/parser.js:302:14) {
  command: { name: 'auth', args: [ 'IVB0VPnPl0urvQrpSKkbXLdEZBUfSHaP' ] }
}
ReplyError: WRONGPASS invalid username-password pair or user is disabled.
    at parseError (/Users/adrianfranciscoperezgomez/Desktop/Personal Apps/vult-intel/node_modules/redis-parser/lib/parser.js:179:12)
    at parseType (/Users/adrianfranciscoperezgomez/Desktop/Personal Apps/vult-intel/node_modules/redis-parser/lib/parser.js:302:14) {
  command: { name: 'auth', args: [ 'IVB0VPnPl0urvQrpSKkbXLdEZBUfSHaP' ] }
}
ReplyError: WRONGPASS invalid username-password pair or user is disabled.
    at parseError (/Users/adrianfranciscoperezgomez/Desktop/Personal Apps/vult-intel/node_modules/redis-parser/lib/parser.js:179:12)
    at parseType (/Users/adrianfranciscoperezgomez/Desktop/Personal Apps/vult-intel/node_modules/redis-parser/lib/parser.js:302:14) {
  command: { name: 'auth', args: [ 'IVB0VPnPl0urvQrpSKkbXLdEZBUfSHaP' ] }
}
Connected to Redis for persistence
Redis connection error: ReplyError: WRONGPASS invalid username-password pair or user is disabled.
    at parseError (/Users/adrianfranciscoperezgomez/Desktop/Personal Apps/vult-intel/node_modules/redis-parser/lib/parser.js:179:12)
    at parseType (/Users/adrianfranciscoperezgomez/Desktop/Personal Apps/vult-intel/node_modules/redis-parser/lib/parser.js:302:14) {
  command: { name: 'auth', args: [ 'IVB0VPnPl0urvQrpSKkbXLdEZBUfSHaP' ] }
}
ReplyError: WRONGPASS invalid username-password pair or user is disabled.
    at parseError (/Users/adrianfranciscoperezgomez/Desktop/Personal Apps/vult-intel/node_modules/redis-parser/lib/parser.js:179:12)
    at parseType (/Users/adrianfranciscoperezgomez/Desktop/Personal Apps/vult-intel/node_modules/redis-parser/lib/parser.js:302:14) {
  command: { name: 'auth', args: [ 'IVB0VPnPl0urvQrpSKkbXLdEZBUfSHaP' ] }
}
ReplyError: WRONGPASS invalid username-password pair or user is disabled.
    at parseError (/Users/adrianfranciscoperezgomez/Desktop/Personal Apps/vult-intel/node_modules/redis-parser/lib/parser.js:179:12)
    at parseType (/Users/adrianfranciscoperezgomez/Desktop/Personal Apps/vult-intel/node_modules/redis-parser/lib/parser.js:302:14) {
  command: { name: 'auth', args: [ 'IVB0VPnPl0urvQrpSKkbXLdEZBUfSHaP' ] }
}
ReplyError: WRONGPASS invalid username-password pair or user is disabled.
    at parseError (/Users/adrianfranciscoperezgomez/Desktop/Personal Apps/vult-intel/node_modules/redis-parser/lib/parser.js:179:12)
    at parseType (/Users/adrianfranciscoperezgomez/Desktop/Personal Apps/vult-intel/node_modules/redis-parser/lib/parser.js:302:14) {
  command: { name: 'auth', args: [ 'IVB0VPnPl0urvQrpSKkbXLdEZBUfSHaP' ] }
}
ReplyError: WRONGPASS invalid username-password pair or user is disabled.
    at parseError (/Users/adrianfranciscoperezgomez/Desktop/Personal Apps/vult-intel/node_modules/redis-parser/lib/parser.js:179:12)
    at parseType (/Users/adrianfranciscoperezgomez/Desktop/Personal Apps/vult-intel/node_modules/redis-parser/lib/parser.js:302:14) {
  command: { name: 'auth', args: [ 'IVB0VPnPl0urvQrpSKkbXLdEZBUfSHaP' ] }
}
ReplyError: WRONGPASS invalid username-password pair or user is disabled.
    at parseError (/Users/adrianfranciscoperezgomez/Desktop/Personal Apps/vult-intel/node_modules/redis-parser/lib/parser.js:179:12)
    at parseType (/Users/adrianfranciscoperezgomez/Desktop/Personal Apps/vult-intel/node_modules/redis-parser/lib/parser.js:302:14) {
  command: { name: 'auth', args: [ 'IVB0VPnPl0urvQrpSKkbXLdEZBUfSHaP' ] }
}
ReplyError: WRONGPASS invalid username-password pair or user is disabled.
    at parseError (/Users/adrianfranciscoperezgomez/Desktop/Personal Apps/vult-intel/node_modules/redis-parser/lib/parser.js:179:12)
    at parseType (/Users/adrianfranciscoperezgomez/Desktop/Personal Apps/vult-intel/node_modules/redis-parser/lib/parser.js:302:14) {
  command: { name: 'auth', args: [ 'IVB0VPnPl0urvQrpSKkbXLdEZBUfSHaP' ] }
}
Connected to Redis for persistence
Redis connection error: ReplyError: WRONGPASS invalid username-password pair or user is disabled.
    at parseError (/Users/adrianfranciscoperezgomez/Desktop/Personal Apps/vult-intel/node_modules/redis-parser/lib/parser.js:179:12)
    at parseType (/Users/adrianfranciscoperezgomez/Desktop/Personal Apps/vult-intel/node_modules/redis-parser/lib/parser.js:302:14) {
  command: { name: 'auth', args: [ 'IVB0VPnPl0urvQrpSKkbXLdEZBUfSHaP' ] }
}
ReplyError: WRONGPASS invalid username-password pair or user is disabled.
    at parseError (/Users/adrianfranciscoperezgomez/Desktop/Personal Apps/vult-intel/node_modules/redis-parser/lib/parser.js:179:12)
    at parseType (/Users/adrianfranciscoperezgomez/Desktop/Personal Apps/vult-intel/node_modules/redis-parser/lib/parser.js:302:14) {
  command: { name: 'auth', args: [ 'IVB0VPnPl0urvQrpSKkbXLdEZBUfSHaP' ] }
}
ReplyError: WRONGPASS invalid username-password pair or user is disabled.
    at parseError (/Users/adrianfranciscoperezgomez/Desktop/Personal Apps/vult-intel/node_modules/redis-parser/lib/parser.js:179:12)
    at parseType (/Users/adrianfranciscoperezgomez/Desktop/Personal Apps/vult-intel/node_modules/redis-parser/lib/parser.js:302:14) {
  command: { name: 'auth', args: [ 'IVB0VPnPl0urvQrpSKkbXLdEZBUfSHaP' ] }
}
ReplyError: WRONGPASS invalid username-password pair or user is disabled.
    at parseError (/Users/adrianfranciscoperezgomez/Desktop/Personal Apps/vult-intel/node_modules/redis-parser/lib/parser.js:179:12)
    at parseType (/Users/adrianfranciscoperezgomez/Desktop/Personal Apps/vult-intel/node_modules/redis-parser/lib/parser.js:302:14) {
  command: { name: 'auth', args: [ 'IVB0VPnPl0urvQrpSKkbXLdEZBUfSHaP' ] }
}
ReplyError: WRONGPASS invalid username-password pair or user is disabled.
    at parseError (/Users/adrianfranciscoperezgomez/Desktop/Personal Apps/vult-intel/node_modules/redis-parser/lib/parser.js:179:12)
    at parseType (/Users/adrianfranciscoperezgomez/Desktop/Personal Apps/vult-intel/node_modules/redis-parser/lib/parser.js:302:14) {
  command: { name: 'auth', args: [ 'IVB0VPnPl0urvQrpSKkbXLdEZBUfSHaP' ] }
}
ReplyError: WRONGPASS invalid username-password pair or user is disabled.
    at parseError (/Users/adrianfranciscoperezgomez/Desktop/Personal Apps/vult-intel/node_modules/redis-parser/lib/parser.js:179:12)
    at parseType (/Users/adrianfranciscoperezgomez/Desktop/Personal Apps/vult-intel/node_modules/redis-parser/lib/parser.js:302:14) {
  command: { name: 'auth', args: [ 'IVB0VPnPl0urvQrpSKkbXLdEZBUfSHaP' ] }
}
ReplyError: WRONGPASS invalid username-password pair or user is disabled.
    at parseError (/Users/adrianfranciscoperezgomez/Desktop/Personal Apps/vult-intel/node_modules/redis-parser/lib/parser.js:179:12)
    at parseType (/Users/adrianfranciscoperezgomez/Desktop/Personal Apps/vult-intel/node_modules/redis-parser/lib/parser.js:302:14) {
  command: { name: 'auth', args: [ 'IVB0VPnPl0urvQrpSKkbXLdEZBUfSHaP' ] }
}
Connected to Redis for persistence
Redis connection error: ReplyError: WRONGPASS invalid username-password pair or user is disabled.
    at parseError (/Users/adrianfranciscoperezgomez/Desktop/Personal Apps/vult-intel/node_modules/redis-parser/lib/parser.js:179:12)
    at parseType (/Users/adrianfranciscoperezgomez/Desktop/Personal Apps/vult-intel/node_modules/redis-parser/lib/parser.js:302:14) {
  command: { name: 'auth', args: [ 'IVB0VPnPl0urvQrpSKkbXLdEZBUfSHaP' ] }
}
ReplyError: WRONGPASS invalid username-password pair or user is disabled.
    at parseError (/Users/adrianfranciscoperezgomez/Desktop/Personal Apps/vult-intel/node_modules/redis-parser/lib/parser.js:179:12)
    at parseType (/Users/adrianfranciscoperezgomez/Desktop/Personal Apps/vult-intel/node_modules/redis-parser/lib/parser.js:302:14) {
  command: { name: 'auth', args: [ 'IVB0VPnPl0urvQrpSKkbXLdEZBUfSHaP' ] }
}
ReplyError: WRONGPASS invalid username-password pair or user is disabled.
    at parseError (/Users/adrianfranciscoperezgomez/Desktop/Personal Apps/vult-intel/node_modules/redis-parser/lib/parser.js:179:12)
    at parseType (/Users/adrianfranciscoperezgomez/Desktop/Personal Apps/vult-intel/node_modules/redis-parser/lib/parser.js:302:14) {
  command: { name: 'auth', args: [ 'IVB0VPnPl0urvQrpSKkbXLdEZBUfSHaP' ] }
}
ReplyError: WRONGPASS invalid username-password pair or user is disabled.
    at parseError (/Users/adrianfranciscoperezgomez/Desktop/Personal Apps/vult-intel/node_modules/redis-parser/lib/parser.js:179:12)
    at parseType (/Users/adrianfranciscoperezgomez/Desktop/Personal Apps/vult-intel/node_modules/redis-parser/lib/parser.js:302:14) {
  command: { name: 'auth', args: [ 'IVB0VPnPl0urvQrpSKkbXLdEZBUfSHaP' ] }
}
ReplyError: WRONGPASS invalid username-password pair or user is disabled.
    at parseError (/Users/adrianfranciscoperezgomez/Desktop/Personal Apps/vult-intel/node_modules/redis-parser/lib/parser.js:179:12)
    at parseType (/Users/adrianfranciscoperezgomez/Desktop/Personal Apps/vult-intel/node_modules/redis-parser/lib/parser.js:302:14) {
  command: { name: 'auth', args: [ 'IVB0VPnPl0urvQrpSKkbXLdEZBUfSHaP' ] }
}
ReplyError: WRONGPASS invalid username-password pair or user is disabled.
    at parseError (/Users/adrianfranciscoperezgomez/Desktop/Personal Apps/vult-intel/node_modules/redis-parser/lib/parser.js:179:12)
    at parseType (/Users/adrianfranciscoperezgomez/Desktop/Personal Apps/vult-intel/node_modules/redis-parser/lib/parser.js:302:14) {
  command: { name: 'auth', args: [ 'IVB0VPnPl0urvQrpSKkbXLdEZBUfSHaP' ] }
}
ReplyError: WRONGPASS invalid username-password pair or user is disabled.
    at parseError (/Users/adrianfranciscoperezgomez/Desktop/Personal Apps/vult-intel/node_modules/redis-parser/lib/parser.js:179:12)
    at parseType (/Users/adrianfranciscoperezgomez/Desktop/Personal Apps/vult-intel/node_modules/redis-parser/lib/parser.js:302:14) {
  command: { name: 'auth', args: [ 'IVB0VPnPl0urvQrpSKkbXLdEZBUfSHaP' ] }
}
Connected to Redis for persistence
Redis connection error: ReplyError: WRONGPASS invalid username-password pair or user is disabled.
    at parseError (/Users/adrianfranciscoperezgomez/Desktop/Personal Apps/vult-intel/node_modules/redis-parser/lib/parser.js:179:12)
    at parseType (/Users/adrianfranciscoperezgomez/Desktop/Personal Apps/vult-intel/node_modules/redis-parser/lib/parser.js:302:14) {
  command: { name: 'auth', args: [ 'IVB0VPnPl0urvQrpSKkbXLdEZBUfSHaP' ] }
}
ReplyError: WRONGPASS invalid username-password pair or user is disabled.
    at parseError (/Users/adrianfranciscoperezgomez/Desktop/Personal Apps/vult-intel/node_modules/redis-parser/lib/parser.js:179:12)
    at parseType (/Users/adrianfranciscoperezgomez/Desktop/Personal Apps/vult-intel/node_modules/redis-parser/lib/parser.js:302:14) {
  command: { name: 'auth', args: [ 'IVB0VPnPl0urvQrpSKkbXLdEZBUfSHaP' ] }
}
ReplyError: WRONGPASS invalid username-password pair or user is disabled.
    at parseError (/Users/adrianfranciscoperezgomez/Desktop/Personal Apps/vult-intel/node_modules/redis-parser/lib/parser.js:179:12)
    at parseType (/Users/adrianfranciscoperezgomez/Desktop/Personal Apps/vult-intel/node_modules/redis-parser/lib/parser.js:302:14) {
  command: { name: 'auth', args: [ 'IVB0VPnPl0urvQrpSKkbXLdEZBUfSHaP' ] }
}
ReplyError: WRONGPASS invalid username-password pair or user is disabled.
    at parseError (/Users/adrianfranciscoperezgomez/Desktop/Personal Apps/vult-intel/node_modules/redis-parser/lib/parser.js:179:12)
    at parseType (/Users/adrianfranciscoperezgomez/Desktop/Personal Apps/vult-intel/node_modules/redis-parser/lib/parser.js:302:14) {
  command: { name: 'auth', args: [ 'IVB0VPnPl0urvQrpSKkbXLdEZBUfSHaP' ] }
}
ReplyError: WRONGPASS invalid username-password pair or user is disabled.
    at parseError (/Users/adrianfranciscoperezgomez/Desktop/Personal Apps/vult-intel/node_modules/redis-parser/lib/parser.js:179:12)
    at parseType (/Users/adrianfranciscoperezgomez/Desktop/Personal Apps/vult-intel/node_modules/redis-parser/lib/parser.js:302:14) {
  command: { name: 'auth', args: [ 'IVB0VPnPl0urvQrpSKkbXLdEZBUfSHaP' ] }
}
ReplyError: WRONGPASS invalid username-password pair or user is disabled.
    at parseError (/Users/adrianfranciscoperezgomez/Desktop/Personal Apps/vult-intel/node_modules/redis-parser/lib/parser.js:179:12)
    at parseType (/Users/adrianfranciscoperezgomez/Desktop/Personal Apps/vult-intel/node_modules/redis-parser/lib/parser.js:302:14) {
  command: { name: 'auth', args: [ 'IVB0VPnPl0urvQrpSKkbXLdEZBUfSHaP' ] }
}
ReplyError: WRONGPASS invalid username-password pair or user is disabled.
    at parseError (/Users/adrianfranciscoperezgomez/Desktop/Personal Apps/vult-intel/node_modules/redis-parser/lib/parser.js:179:12)
    at parseType (/Users/adrianfranciscoperezgomez/Desktop/Personal Apps/vult-intel/node_modules/redis-parser/lib/parser.js:302:14) {
  command: { name: 'auth', args: [ 'IVB0VPnPl0urvQrpSKkbXLdEZBUfSHaP' ] }
}
Connected to Redis for persistence
Redis connection error: ReplyError: WRONGPASS invalid username-password pair or user is disabled.
    at parseError (/Users/adrianfranciscoperezgomez/Desktop/Personal Apps/vult-intel/node_modules/redis-parser/lib/parser.js:179:12)
    at parseType (/Users/adrianfranciscoperezgomez/Desktop/Personal Apps/vult-intel/node_modules/redis-parser/lib/parser.js:302:14) {
  command: { name: 'auth', args: [ 'IVB0VPnPl0urvQrpSKkbXLdEZBUfSHaP' ] }
}
ReplyError: WRONGPASS invalid username-password pair or user is disabled.
    at parseError (/Users/adrianfranciscoperezgomez/Desktop/Personal Apps/vult-intel/node_modules/redis-parser/lib/parser.js:179:12)
    at parseType (/Users/adrianfranciscoperezgomez/Desktop/Personal Apps/vult-intel/node_modules/redis-parser/lib/parser.js:302:14) {
  command: { name: 'auth', args: [ 'IVB0VPnPl0urvQrpSKkbXLdEZBUfSHaP' ] }
}
ReplyError: WRONGPASS invalid username-password pair or user is disabled.
    at parseError (/Users/adrianfranciscoperezgomez/Desktop/Personal Apps/vult-intel/node_modules/redis-parser/lib/parser.js:179:12)
    at parseType (/Users/adrianfranciscoperezgomez/Desktop/Personal Apps/vult-intel/node_modules/redis-parser/lib/parser.js:302:14) {
  command: { name: 'auth', args: [ 'IVB0VPnPl0urvQrpSKkbXLdEZBUfSHaP' ] }
}
ReplyError: WRONGPASS invalid username-password pair or user is disabled.
    at parseError (/Users/adrianfranciscoperezgomez/Desktop/Personal Apps/vult-intel/node_modules/redis-parser/lib/parser.js:179:12)
    at parseType (/Users/adrianfranciscoperezgomez/Desktop/Personal Apps/vult-intel/node_modules/redis-parser/lib/parser.js:302:14) {
  command: { name: 'auth', args: [ 'IVB0VPnPl0urvQrpSKkbXLdEZBUfSHaP' ] }
}
ReplyError: WRONGPASS invalid username-password pair or user is disabled.
    at parseError (/Users/adrianfranciscoperezgomez/Desktop/Personal Apps/vult-intel/node_modules/redis-parser/lib/parser.js:179:12)
    at parseType (/Users/adrianfranciscoperezgomez/Desktop/Personal Apps/vult-intel/node_modules/redis-parser/lib/parser.js:302:14) {
  command: { name: 'auth', args: [ 'IVB0VPnPl0urvQrpSKkbXLdEZBUfSHaP' ] }
}
ReplyError: WRONGPASS invalid username-password pair or user is disabled.
    at parseError (/Users/adrianfranciscoperezgomez/Desktop/Personal Apps/vult-intel/node_modules/redis-parser/lib/parser.js:179:12)
    at parseType (/Users/adrianfranciscoperezgomez/Desktop/Personal Apps/vult-intel/node_modules/redis-parser/lib/parser.js:302:14) {
  command: { name: 'auth', args: [ 'IVB0VPnPl0urvQrpSKkbXLdEZBUfSHaP' ] }
}
ReplyError: WRONGPASS invalid username-password pair or user is disabled.
    at parseError (/Users/adrianfranciscoperezgomez/Desktop/Personal Apps/vult-intel/node_modules/redis-parser/lib/parser.js:179:12)
    at parseType (/Users/adrianfranciscoperezgomez/Desktop/Personal Apps/vult-intel/node_modules/redis-parser/lib/parser.js:302:14) {
  command: { name: 'auth', args: [ 'IVB0VPnPl0urvQrpSKkbXLdEZBUfSHaP' ] }
}
Connected to Redis for persistence
Redis connection error: ReplyError: WRONGPASS invalid username-password pair or user is disabled.
    at parseError (/Users/adrianfranciscoperezgomez/Desktop/Personal Apps/vult-intel/node_modules/redis-parser/lib/parser.js:179:12)
    at parseType (/Users/adrianfranciscoperezgomez/Desktop/Personal Apps/vult-intel/node_modules/redis-parser/lib/parser.js:302:14) {
  command: { name: 'auth', args: [ 'IVB0VPnPl0urvQrpSKkbXLdEZBUfSHaP' ] }
}
ReplyError: WRONGPASS invalid username-password pair or user is disabled.
    at parseError (/Users/adrianfranciscoperezgomez/Desktop/Personal Apps/vult-intel/node_modules/redis-parser/lib/parser.js:179:12)
    at parseType (/Users/adrianfranciscoperezgomez/Desktop/Personal Apps/vult-intel/node_modules/redis-parser/lib/parser.js:302:14) {
  command: { name: 'auth', args: [ 'IVB0VPnPl0urvQrpSKkbXLdEZBUfSHaP' ] }
}
ReplyError: WRONGPASS invalid username-password pair or user is disabled.
    at parseError (/Users/adrianfranciscoperezgomez/Desktop/Personal Apps/vult-intel/node_modules/redis-parser/lib/parser.js:179:12)
    at parseType (/Users/adrianfranciscoperezgomez/Desktop/Personal Apps/vult-intel/node_modules/redis-parser/lib/parser.js:302:14) {
  command: { name: 'auth', args: [ 'IVB0VPnPl0urvQrpSKkbXLdEZBUfSHaP' ] }
}
ReplyError: WRONGPASS invalid username-password pair or user is disabled.
    at parseError (/Users/adrianfranciscoperezgomez/Desktop/Personal Apps/vult-intel/node_modules/redis-parser/lib/parser.js:179:12)
    at parseType (/Users/adrianfranciscoperezgomez/Desktop/Personal Apps/vult-intel/node_modules/redis-parser/lib/parser.js:302:14) {
  command: { name: 'auth', args: [ 'IVB0VPnPl0urvQrpSKkbXLdEZBUfSHaP' ] }
}
ReplyError: WRONGPASS invalid username-password pair or user is disabled.
    at parseError (/Users/adrianfranciscoperezgomez/Desktop/Personal Apps/vult-intel/node_modules/redis-parser/lib/parser.js:179:12)
    at parseType (/Users/adrianfranciscoperezgomez/Desktop/Personal Apps/vult-intel/node_modules/redis-parser/lib/parser.js:302:14) {
  command: { name: 'auth', args: [ 'IVB0VPnPl0urvQrpSKkbXLdEZBUfSHaP' ] }
}
ReplyError: WRONGPASS invalid username-password pair or user is disabled.
    at parseError (/Users/adrianfranciscoperezgomez/Desktop/Personal Apps/vult-intel/node_modules/redis-parser/lib/parser.js:179:12)
    at parseType (/Users/adrianfranciscoperezgomez/Desktop/Personal Apps/vult-intel/node_modules/redis-parser/lib/parser.js:302:14) {
  command: { name: 'auth', args: [ 'IVB0VPnPl0urvQrpSKkbXLdEZBUfSHaP' ] }
}
ReplyError: WRONGPASS invalid username-password pair or user is disabled.
    at parseError (/Users/adrianfranciscoperezgomez/Desktop/Personal Apps/vult-intel/node_modules/redis-parser/lib/parser.js:179:12)
    at parseType (/Users/adrianfranciscoperezgomez/Desktop/Personal Apps/vult-intel/node_modules/redis-parser/lib/parser.js:302:14) {
  command: { name: 'auth', args: [ 'IVB0VPnPl0urvQrpSKkbXLdEZBUfSHaP' ] }
}
Connected to Redis for persistence
Redis connection error: ReplyError: WRONGPASS invalid username-password pair or user is disabled.
    at parseError (/Users/adrianfranciscoperezgomez/Desktop/Personal Apps/vult-intel/node_modules/redis-parser/lib/parser.js:179:12)
    at parseType (/Users/adrianfranciscoperezgomez/Desktop/Personal Apps/vult-intel/node_modules/redis-parser/lib/parser.js:302:14) {
  command: { name: 'auth', args: [ 'IVB0VPnPl0urvQrpSKkbXLdEZBUfSHaP' ] }
}
ReplyError: WRONGPASS invalid username-password pair or user is disabled.
    at parseError (/Users/adrianfranciscoperezgomez/Desktop/Personal Apps/vult-intel/node_modules/redis-parser/lib/parser.js:179:12)
    at parseType (/Users/adrianfranciscoperezgomez/Desktop/Personal Apps/vult-intel/node_modules/redis-parser/lib/parser.js:302:14) {
  command: { name: 'auth', args: [ 'IVB0VPnPl0urvQrpSKkbXLdEZBUfSHaP' ] }
}
ReplyError: WRONGPASS invalid username-password pair or user is disabled.
    at parseError (/Users/adrianfranciscoperezgomez/Desktop/Personal Apps/vult-intel/node_modules/redis-parser/lib/parser.js:179:12)
    at parseType (/Users/adrianfranciscoperezgomez/Desktop/Personal Apps/vult-intel/node_modules/redis-parser/lib/parser.js:302:14) {
  command: { name: 'auth', args: [ 'IVB0VPnPl0urvQrpSKkbXLdEZBUfSHaP' ] }
}
ReplyError: WRONGPASS invalid username-password pair or user is disabled.
    at parseError (/Users/adrianfranciscoperezgomez/Desktop/Personal Apps/vult-intel/node_modules/redis-parser/lib/parser.js:179:12)
    at parseType (/Users/adrianfranciscoperezgomez/Desktop/Personal Apps/vult-intel/node_modules/redis-parser/lib/parser.js:302:14) {
  command: { name: 'auth', args: [ 'IVB0VPnPl0urvQrpSKkbXLdEZBUfSHaP' ] }
}
ReplyError: WRONGPASS invalid username-password pair or user is disabled.
    at parseError (/Users/adrianfranciscoperezgomez/Desktop/Personal Apps/vult-intel/node_modules/redis-parser/lib/parser.js:179:12)
    at parseType (/Users/adrianfranciscoperezgomez/Desktop/Personal Apps/vult-intel/node_modules/redis-parser/lib/parser.js:302:14) {
  command: { name: 'auth', args: [ 'IVB0VPnPl0urvQrpSKkbXLdEZBUfSHaP' ] }
}
ReplyError: WRONGPASS invalid username-password pair or user is disabled.
    at parseError (/Users/adrianfranciscoperezgomez/Desktop/Personal Apps/vult-intel/node_modules/redis-parser/lib/parser.js:179:12)
    at parseType (/Users/adrianfranciscoperezgomez/Desktop/Personal Apps/vult-intel/node_modules/redis-parser/lib/parser.js:302:14) {
  command: { name: 'auth', args: [ 'IVB0VPnPl0urvQrpSKkbXLdEZBUfSHaP' ] }
}
ReplyError: WRONGPASS invalid username-password pair or user is disabled.
    at parseError (/Users/adrianfranciscoperezgomez/Desktop/Personal Apps/vult-intel/node_modules/redis-parser/lib/parser.js:179:12)
    at parseType (/Users/adrianfranciscoperezgomez/Desktop/Personal Apps/vult-intel/node_modules/redis-parser/lib/parser.js:302:14) {
  command: { name: 'auth', args: [ 'IVB0VPnPl0urvQrpSKkbXLdEZBUfSHaP' ] }
}
Connected to Redis for persistence
Redis connection error: ReplyError: WRONGPASS invalid username-password pair or user is disabled.
    at parseError (/Users/adrianfranciscoperezgomez/Desktop/Personal Apps/vult-intel/node_modules/redis-parser/lib/parser.js:179:12)
    at parseType (/Users/adrianfranciscoperezgomez/Desktop/Personal Apps/vult-intel/node_modules/redis-parser/lib/parser.js:302:14) {
  command: { name: 'auth', args: [ 'IVB0VPnPl0urvQrpSKkbXLdEZBUfSHaP' ] }
}
ReplyError: WRONGPASS invalid username-password pair or user is disabled.
    at parseError (/Users/adrianfranciscoperezgomez/Desktop/Personal Apps/vult-intel/node_modules/redis-parser/lib/parser.js:179:12)
    at parseType (/Users/adrianfranciscoperezgomez/Desktop/Personal Apps/vult-intel/node_modules/redis-parser/lib/parser.js:302:14) {
  command: { name: 'auth', args: [ 'IVB0VPnPl0urvQrpSKkbXLdEZBUfSHaP' ] }
}
ReplyError: WRONGPASS invalid username-password pair or user is disabled.
    at parseError (/Users/adrianfranciscoperezgomez/Desktop/Personal Apps/vult-intel/node_modules/redis-parser/lib/parser.js:179:12)
    at parseType (/Users/adrianfranciscoperezgomez/Desktop/Personal Apps/vult-intel/node_modules/redis-parser/lib/parser.js:302:14) {
  command: { name: 'auth', args: [ 'IVB0VPnPl0urvQrpSKkbXLdEZBUfSHaP' ] }
}
ReplyError: WRONGPASS invalid username-password pair or user is disabled.
    at parseError (/Users/adrianfranciscoperezgomez/Desktop/Personal Apps/vult-intel/node_modules/redis-parser/lib/parser.js:179:12)
    at parseType (/Users/adrianfranciscoperezgomez/Desktop/Personal Apps/vult-intel/node_modules/redis-parser/lib/parser.js:302:14) {
  command: { name: 'auth', args: [ 'IVB0VPnPl0urvQrpSKkbXLdEZBUfSHaP' ] }
}
ReplyError: WRONGPASS invalid username-password pair or user is disabled.
    at parseError (/Users/adrianfranciscoperezgomez/Desktop/Personal Apps/vult-intel/node_modules/redis-parser/lib/parser.js:179:12)
    at parseType (/Users/adrianfranciscoperezgomez/Desktop/Personal Apps/vult-intel/node_modules/redis-parser/lib/parser.js:302:14) {
  command: { name: 'auth', args: [ 'IVB0VPnPl0urvQrpSKkbXLdEZBUfSHaP' ] }
}
ReplyError: WRONGPASS invalid username-password pair or user is disabled.
    at parseError (/Users/adrianfranciscoperezgomez/Desktop/Personal Apps/vult-intel/node_modules/redis-parser/lib/parser.js:179:12)
    at parseType (/Users/adrianfranciscoperezgomez/Desktop/Personal Apps/vult-intel/node_modules/redis-parser/lib/parser.js:302:14) {
  command: { name: 'auth', args: [ 'IVB0VPnPl0urvQrpSKkbXLdEZBUfSHaP' ] }
}
ReplyError: WRONGPASS invalid username-password pair or user is disabled.
    at parseError (/Users/adrianfranciscoperezgomez/Desktop/Personal Apps/vult-intel/node_modules/redis-parser/lib/parser.js:179:12)
    at parseType (/Users/adrianfranciscoperezgomez/Desktop/Personal Apps/vult-intel/node_modules/redis-parser/lib/parser.js:302:14) {
  command: { name: 'auth', args: [ 'IVB0VPnPl0urvQrpSKkbXLdEZBUfSHaP' ] }
}
Connected to Redis for persistence
Redis connection error: ReplyError: WRONGPASS invalid username-password pair or user is disabled.
    at parseError (/Users/adrianfranciscoperezgomez/Desktop/Personal Apps/vult-intel/node_modules/redis-parser/lib/parser.js:179:12)
    at parseType (/Users/adrianfranciscoperezgomez/Desktop/Personal Apps/vult-intel/node_modules/redis-parser/lib/parser.js:302:14) {
  command: { name: 'auth', args: [ 'IVB0VPnPl0urvQrpSKkbXLdEZBUfSHaP' ] }
}
ReplyError: WRONGPASS invalid username-password pair or user is disabled.
    at parseError (/Users/adrianfranciscoperezgomez/Desktop/Personal Apps/vult-intel/node_modules/redis-parser/lib/parser.js:179:12)
    at parseType (/Users/adrianfranciscoperezgomez/Desktop/Personal Apps/vult-intel/node_modules/redis-parser/lib/parser.js:302:14) {
  command: { name: 'auth', args: [ 'IVB0VPnPl0urvQrpSKkbXLdEZBUfSHaP' ] }
}
ReplyError: WRONGPASS invalid username-password pair or user is disabled.
    at parseError (/Users/adrianfranciscoperezgomez/Desktop/Personal Apps/vult-intel/node_modules/redis-parser/lib/parser.js:179:12)
    at parseType (/Users/adrianfranciscoperezgomez/Desktop/Personal Apps/vult-intel/node_modules/redis-parser/lib/parser.js:302:14) {
  command: { name: 'auth', args: [ 'IVB0VPnPl0urvQrpSKkbXLdEZBUfSHaP' ] }
}
ReplyError: WRONGPASS invalid username-password pair or user is disabled.
    at parseError (/Users/adrianfranciscoperezgomez/Desktop/Personal Apps/vult-intel/node_modules/redis-parser/lib/parser.js:179:12)
    at parseType (/Users/adrianfranciscoperezgomez/Desktop/Personal Apps/vult-intel/node_modules/redis-parser/lib/parser.js:302:14) {
  command: { name: 'auth', args: [ 'IVB0VPnPl0urvQrpSKkbXLdEZBUfSHaP' ] }
}
ReplyError: WRONGPASS invalid username-password pair or user is disabled.
    at parseError (/Users/adrianfranciscoperezgomez/Desktop/Personal Apps/vult-intel/node_modules/redis-parser/lib/parser.js:179:12)
    at parseType (/Users/adrianfranciscoperezgomez/Desktop/Personal Apps/vult-intel/node_modules/redis-parser/lib/parser.js:302:14) {
  command: { name: 'auth', args: [ 'IVB0VPnPl0urvQrpSKkbXLdEZBUfSHaP' ] }
}
ReplyError: WRONGPASS invalid username-password pair or user is disabled.
    at parseError (/Users/adrianfranciscoperezgomez/Desktop/Personal Apps/vult-intel/node_modules/redis-parser/lib/parser.js:179:12)
    at parseType (/Users/adrianfranciscoperezgomez/Desktop/Personal Apps/vult-intel/node_modules/redis-parser/lib/parser.js:302:14) {
  command: { name: 'auth', args: [ 'IVB0VPnPl0urvQrpSKkbXLdEZBUfSHaP' ] }
}
ReplyError: WRONGPASS invalid username-password pair or user is disabled.
    at parseError (/Users/adrianfranciscoperezgomez/Desktop/Personal Apps/vult-intel/node_modules/redis-parser/lib/parser.js:179:12)
    at parseType (/Users/adrianfranciscoperezgomez/Desktop/Personal Apps/vult-intel/node_modules/redis-parser/lib/parser.js:302:14) {
  command: { name: 'auth', args: [ 'IVB0VPnPl0urvQrpSKkbXLdEZBUfSHaP' ] }
}
Connected to Redis for persistence
Redis connection error: ReplyError: WRONGPASS invalid username-password pair or user is disabled.
    at parseError (/Users/adrianfranciscoperezgomez/Desktop/Personal Apps/vult-intel/node_modules/redis-parser/lib/parser.js:179:12)
    at parseType (/Users/adrianfranciscoperezgomez/Desktop/Personal Apps/vult-intel/node_modules/redis-parser/lib/parser.js:302:14) {
  command: { name: 'auth', args: [ 'IVB0VPnPl0urvQrpSKkbXLdEZBUfSHaP' ] }
}
ReplyError: WRONGPASS invalid username-password pair or user is disabled.
    at parseError (/Users/adrianfranciscoperezgomez/Desktop/Personal Apps/vult-intel/node_modules/redis-parser/lib/parser.js:179:12)
    at parseType (/Users/adrianfranciscoperezgomez/Desktop/Personal Apps/vult-intel/node_modules/redis-parser/lib/parser.js:302:14) {
  command: { name: 'auth', args: [ 'IVB0VPnPl0urvQrpSKkbXLdEZBUfSHaP' ] }
}
ReplyError: WRONGPASS invalid username-password pair or user is disabled.
    at parseError (/Users/adrianfranciscoperezgomez/Desktop/Personal Apps/vult-intel/node_modules/redis-parser/lib/parser.js:179:12)
    at parseType (/Users/adrianfranciscoperezgomez/Desktop/Personal Apps/vult-intel/node_modules/redis-parser/lib/parser.js:302:14) {
  command: { name: 'auth', args: [ 'IVB0VPnPl0urvQrpSKkbXLdEZBUfSHaP' ] }
}
ReplyError: WRONGPASS invalid username-password pair or user is disabled.
    at parseError (/Users/adrianfranciscoperezgomez/Desktop/Personal Apps/vult-intel/node_modules/redis-parser/lib/parser.js:179:12)
    at parseType (/Users/adrianfranciscoperezgomez/Desktop/Personal Apps/vult-intel/node_modules/redis-parser/lib/parser.js:302:14) {
  command: { name: 'auth', args: [ 'IVB0VPnPl0urvQrpSKkbXLdEZBUfSHaP' ] }
}
ReplyError: WRONGPASS invalid username-password pair or user is disabled.
    at parseError (/Users/adrianfranciscoperezgomez/Desktop/Personal Apps/vult-intel/node_modules/redis-parser/lib/parser.js:179:12)
    at parseType (/Users/adrianfranciscoperezgomez/Desktop/Personal Apps/vult-intel/node_modules/redis-parser/lib/parser.js:302:14) {
  command: { name: 'auth', args: [ 'IVB0VPnPl0urvQrpSKkbXLdEZBUfSHaP' ] }
}
ReplyError: WRONGPASS invalid username-password pair or user is disabled.
    at parseError (/Users/adrianfranciscoperezgomez/Desktop/Personal Apps/vult-intel/node_modules/redis-parser/lib/parser.js:179:12)
    at parseType (/Users/adrianfranciscoperezgomez/Desktop/Personal Apps/vult-intel/node_modules/redis-parser/lib/parser.js:302:14) {
  command: { name: 'auth', args: [ 'IVB0VPnPl0urvQrpSKkbXLdEZBUfSHaP' ] }
}
ReplyError: WRONGPASS invalid username-password pair or user is disabled.
    at parseError (/Users/adrianfranciscoperezgomez/Desktop/Personal Apps/vult-intel/node_modules/redis-parser/lib/parser.js:179:12)
    at parseType (/Users/adrianfranciscoperezgomez/Desktop/Personal Apps/vult-intel/node_modules/redis-parser/lib/parser.js:302:14) {
  command: { name: 'auth', args: [ 'IVB0VPnPl0urvQrpSKkbXLdEZBUfSHaP' ] }
}
Connected to Redis for persistence
Redis connection error: ReplyError: WRONGPASS invalid username-password pair or user is disabled.
    at parseError (/Users/adrianfranciscoperezgomez/Desktop/Personal Apps/vult-intel/node_modules/redis-parser/lib/parser.js:179:12)
    at parseType (/Users/adrianfranciscoperezgomez/Desktop/Personal Apps/vult-intel/node_modules/redis-parser/lib/parser.js:302:14) {
  command: { name: 'auth', args: [ 'IVB0VPnPl0urvQrpSKkbXLdEZBUfSHaP' ] }
}
ReplyError: WRONGPASS invalid username-password pair or user is disabled.
    at parseError (/Users/adrianfranciscoperezgomez/Desktop/Personal Apps/vult-intel/node_modules/redis-parser/lib/parser.js:179:12)
    at parseType (/Users/adrianfranciscoperezgomez/Desktop/Personal Apps/vult-intel/node_modules/redis-parser/lib/parser.js:302:14) {
  command: { name: 'auth', args: [ 'IVB0VPnPl0urvQrpSKkbXLdEZBUfSHaP' ] }
}
ReplyError: WRONGPASS invalid username-password pair or user is disabled.
    at parseError (/Users/adrianfranciscoperezgomez/Desktop/Personal Apps/vult-intel/node_modules/redis-parser/lib/parser.js:179:12)
    at parseType (/Users/adrianfranciscoperezgomez/Desktop/Personal Apps/vult-intel/node_modules/redis-parser/lib/parser.js:302:14) {
  command: { name: 'auth', args: [ 'IVB0VPnPl0urvQrpSKkbXLdEZBUfSHaP' ] }
}
ReplyError: WRONGPASS invalid username-password pair or user is disabled.
    at parseError (/Users/adrianfranciscoperezgomez/Desktop/Personal Apps/vult-intel/node_modules/redis-parser/lib/parser.js:179:12)
    at parseType (/Users/adrianfranciscoperezgomez/Desktop/Personal Apps/vult-intel/node_modules/redis-parser/lib/parser.js:302:14) {
  command: { name: 'auth', args: [ 'IVB0VPnPl0urvQrpSKkbXLdEZBUfSHaP' ] }
}
ReplyError: WRONGPASS invalid username-password pair or user is disabled.
    at parseError (/Users/adrianfranciscoperezgomez/Desktop/Personal Apps/vult-intel/node_modules/redis-parser/lib/parser.js:179:12)
    at parseType (/Users/adrianfranciscoperezgomez/Desktop/Personal Apps/vult-intel/node_modules/redis-parser/lib/parser.js:302:14) {
  command: { name: 'auth', args: [ 'IVB0VPnPl0urvQrpSKkbXLdEZBUfSHaP' ] }
}
ReplyError: WRONGPASS invalid username-password pair or user is disabled.
    at parseError (/Users/adrianfranciscoperezgomez/Desktop/Personal Apps/vult-intel/node_modules/redis-parser/lib/parser.js:179:12)
    at parseType (/Users/adrianfranciscoperezgomez/Desktop/Personal Apps/vult-intel/node_modules/redis-parser/lib/parser.js:302:14) {
  command: { name: 'auth', args: [ 'IVB0VPnPl0urvQrpSKkbXLdEZBUfSHaP' ] }
}
ReplyError: WRONGPASS invalid username-password pair or user is disabled.
    at parseError (/Users/adrianfranciscoperezgomez/Desktop/Personal Apps/vult-intel/node_modules/redis-parser/lib/parser.js:179:12)
    at parseType (/Users/adrianfranciscoperezgomez/Desktop/Personal Apps/vult-intel/node_modules/redis-parser/lib/parser.js:302:14) {
  command: { name: 'auth', args: [ 'IVB0VPnPl0urvQrpSKkbXLdEZBUfSHaP' ] }
}
Connected to Redis for persistence
Redis connection error: ReplyError: WRONGPASS invalid username-password pair or user is disabled.
    at parseError (/Users/adrianfranciscoperezgomez/Desktop/Personal Apps/vult-intel/node_modules/redis-parser/lib/parser.js:179:12)
    at parseType (/Users/adrianfranciscoperezgomez/Desktop/Personal Apps/vult-intel/node_modules/redis-parser/lib/parser.js:302:14) {
  command: { name: 'auth', args: [ 'IVB0VPnPl0urvQrpSKkbXLdEZBUfSHaP' ] }
}
ReplyError: WRONGPASS invalid username-password pair or user is disabled.
    at parseError (/Users/adrianfranciscoperezgomez/Desktop/Personal Apps/vult-intel/node_modules/redis-parser/lib/parser.js:179:12)
    at parseType (/Users/adrianfranciscoperezgomez/Desktop/Personal Apps/vult-intel/node_modules/redis-parser/lib/parser.js:302:14) {
  command: { name: 'auth', args: [ 'IVB0VPnPl0urvQrpSKkbXLdEZBUfSHaP' ] }
}
ReplyError: WRONGPASS invalid username-password pair or user is disabled.
    at parseError (/Users/adrianfranciscoperezgomez/Desktop/Personal Apps/vult-intel/node_modules/redis-parser/lib/parser.js:179:12)
    at parseType (/Users/adrianfranciscoperezgomez/Desktop/Personal Apps/vult-intel/node_modules/redis-parser/lib/parser.js:302:14) {
  command: { name: 'auth', args: [ 'IVB0VPnPl0urvQrpSKkbXLdEZBUfSHaP' ] }
}
ReplyError: WRONGPASS invalid username-password pair or user is disabled.
    at parseError (/Users/adrianfranciscoperezgomez/Desktop/Personal Apps/vult-intel/node_modules/redis-parser/lib/parser.js:179:12)
    at parseType (/Users/adrianfranciscoperezgomez/Desktop/Personal Apps/vult-intel/node_modules/redis-parser/lib/parser.js:302:14) {
  command: { name: 'auth', args: [ 'IVB0VPnPl0urvQrpSKkbXLdEZBUfSHaP' ] }
}
ReplyError: WRONGPASS invalid username-password pair or user is disabled.
    at parseError (/Users/adrianfranciscoperezgomez/Desktop/Personal Apps/vult-intel/node_modules/redis-parser/lib/parser.js:179:12)
    at parseType (/Users/adrianfranciscoperezgomez/Desktop/Personal Apps/vult-intel/node_modules/redis-parser/lib/parser.js:302:14) {
  command: { name: 'auth', args: [ 'IVB0VPnPl0urvQrpSKkbXLdEZBUfSHaP' ] }
}
ReplyError: WRONGPASS invalid username-password pair or user is disabled.
    at parseError (/Users/adrianfranciscoperezgomez/Desktop/Personal Apps/vult-intel/node_modules/redis-parser/lib/parser.js:179:12)
    at parseType (/Users/adrianfranciscoperezgomez/Desktop/Personal Apps/vult-intel/node_modules/redis-parser/lib/parser.js:302:14) {
  command: { name: 'auth', args: [ 'IVB0VPnPl0urvQrpSKkbXLdEZBUfSHaP' ] }
}
ReplyError: WRONGPASS invalid username-password pair or user is disabled.
    at parseError (/Users/adrianfranciscoperezgomez/Desktop/Personal Apps/vult-intel/node_modules/redis-parser/lib/parser.js:179:12)
    at parseType (/Users/adrianfranciscoperezgomez/Desktop/Personal Apps/vult-intel/node_modules/redis-parser/lib/parser.js:302:14) {
  command: { name: 'auth', args: [ 'IVB0VPnPl0urvQrpSKkbXLdEZBUfSHaP' ] }
}
Connected to Redis for persistence
Redis connection error: ReplyError: WRONGPASS invalid username-password pair or user is disabled.
    at parseError (/Users/adrianfranciscoperezgomez/Desktop/Personal Apps/vult-intel/node_modules/redis-parser/lib/parser.js:179:12)
    at parseType (/Users/adrianfranciscoperezgomez/Desktop/Personal Apps/vult-intel/node_modules/redis-parser/lib/parser.js:302:14) {
  command: { name: 'auth', args: [ 'IVB0VPnPl0urvQrpSKkbXLdEZBUfSHaP' ] }
}
ReplyError: WRONGPASS invalid username-password pair or user is disabled.
    at parseError (/Users/adrianfranciscoperezgomez/Desktop/Personal Apps/vult-intel/node_modules/redis-parser/lib/parser.js:179:12)
    at parseType (/Users/adrianfranciscoperezgomez/Desktop/Personal Apps/vult-intel/node_modules/redis-parser/lib/parser.js:302:14) {
  command: { name: 'auth', args: [ 'IVB0VPnPl0urvQrpSKkbXLdEZBUfSHaP' ] }
}
ReplyError: WRONGPASS invalid username-password pair or user is disabled.
    at parseError (/Users/adrianfranciscoperezgomez/Desktop/Personal Apps/vult-intel/node_modules/redis-parser/lib/parser.js:179:12)
    at parseType (/Users/adrianfranciscoperezgomez/Desktop/Personal Apps/vult-intel/node_modules/redis-parser/lib/parser.js:302:14) {
  command: { name: 'auth', args: [ 'IVB0VPnPl0urvQrpSKkbXLdEZBUfSHaP' ] }
}
ReplyError: WRONGPASS invalid username-password pair or user is disabled.
    at parseError (/Users/adrianfranciscoperezgomez/Desktop/Personal Apps/vult-intel/node_modules/redis-parser/lib/parser.js:179:12)
    at parseType (/Users/adrianfranciscoperezgomez/Desktop/Personal Apps/vult-intel/node_modules/redis-parser/lib/parser.js:302:14) {
  command: { name: 'auth', args: [ 'IVB0VPnPl0urvQrpSKkbXLdEZBUfSHaP' ] }
}
ReplyError: WRONGPASS invalid username-password pair or user is disabled.
    at parseError (/Users/adrianfranciscoperezgomez/Desktop/Personal Apps/vult-intel/node_modules/redis-parser/lib/parser.js:179:12)
    at parseType (/Users/adrianfranciscoperezgomez/Desktop/Personal Apps/vult-intel/node_modules/redis-parser/lib/parser.js:302:14) {
  command: { name: 'auth', args: [ 'IVB0VPnPl0urvQrpSKkbXLdEZBUfSHaP' ] }
}
ReplyError: WRONGPASS invalid username-password pair or user is disabled.
    at parseError (/Users/adrianfranciscoperezgomez/Desktop/Personal Apps/vult-intel/node_modules/redis-parser/lib/parser.js:179:12)
    at parseType (/Users/adrianfranciscoperezgomez/Desktop/Personal Apps/vult-intel/node_modules/redis-parser/lib/parser.js:302:14) {
  command: { name: 'auth', args: [ 'IVB0VPnPl0urvQrpSKkbXLdEZBUfSHaP' ] }
}
ReplyError: WRONGPASS invalid username-password pair or user is disabled.
    at parseError (/Users/adrianfranciscoperezgomez/Desktop/Personal Apps/vult-intel/node_modules/redis-parser/lib/parser.js:179:12)
    at parseType (/Users/adrianfranciscoperezgomez/Desktop/Personal Apps/vult-intel/node_modules/redis-parser/lib/parser.js:302:14) {
  command: { name: 'auth', args: [ 'IVB0VPnPl0urvQrpSKkbXLdEZBUfSHaP' ] }
}
Connected to Redis for persistence
Redis connection error: ReplyError: WRONGPASS invalid username-password pair or user is disabled.
    at parseError (/Users/adrianfranciscoperezgomez/Desktop/Personal Apps/vult-intel/node_modules/redis-parser/lib/parser.js:179:12)
    at parseType (/Users/adrianfranciscoperezgomez/Desktop/Personal Apps/vult-intel/node_modules/redis-parser/lib/parser.js:302:14) {
  command: { name: 'auth', args: [ 'IVB0VPnPl0urvQrpSKkbXLdEZBUfSHaP' ] }
}
ReplyError: WRONGPASS invalid username-password pair or user is disabled.
    at parseError (/Users/adrianfranciscoperezgomez/Desktop/Personal Apps/vult-intel/node_modules/redis-parser/lib/parser.js:179:12)
    at parseType (/Users/adrianfranciscoperezgomez/Desktop/Personal Apps/vult-intel/node_modules/redis-parser/lib/parser.js:302:14) {
  command: { name: 'auth', args: [ 'IVB0VPnPl0urvQrpSKkbXLdEZBUfSHaP' ] }
}
ReplyError: WRONGPASS invalid username-password pair or user is disabled.
    at parseError (/Users/adrianfranciscoperezgomez/Desktop/Personal Apps/vult-intel/node_modules/redis-parser/lib/parser.js:179:12)
    at parseType (/Users/adrianfranciscoperezgomez/Desktop/Personal Apps/vult-intel/node_modules/redis-parser/lib/parser.js:302:14) {
  command: { name: 'auth', args: [ 'IVB0VPnPl0urvQrpSKkbXLdEZBUfSHaP' ] }
}
ReplyError: WRONGPASS invalid username-password pair or user is disabled.
    at parseError (/Users/adrianfranciscoperezgomez/Desktop/Personal Apps/vult-intel/node_modules/redis-parser/lib/parser.js:179:12)
    at parseType (/Users/adrianfranciscoperezgomez/Desktop/Personal Apps/vult-intel/node_modules/redis-parser/lib/parser.js:302:14) {
  command: { name: 'auth', args: [ 'IVB0VPnPl0urvQrpSKkbXLdEZBUfSHaP' ] }
}
ReplyError: WRONGPASS invalid username-password pair or user is disabled.
    at parseError (/Users/adrianfranciscoperezgomez/Desktop/Personal Apps/vult-intel/node_modules/redis-parser/lib/parser.js:179:12)
    at parseType (/Users/adrianfranciscoperezgomez/Desktop/Personal Apps/vult-intel/node_modules/redis-parser/lib/parser.js:302:14) {
  command: { name: 'auth', args: [ 'IVB0VPnPl0urvQrpSKkbXLdEZBUfSHaP' ] }
}
ReplyError: WRONGPASS invalid username-password pair or user is disabled.
    at parseError (/Users/adrianfranciscoperezgomez/Desktop/Personal Apps/vult-intel/node_modules/redis-parser/lib/parser.js:179:12)
    at parseType (/Users/adrianfranciscoperezgomez/Desktop/Personal Apps/vult-intel/node_modules/redis-parser/lib/parser.js:302:14) {
  command: { name: 'auth', args: [ 'IVB0VPnPl0urvQrpSKkbXLdEZBUfSHaP' ] }
}
ReplyError: WRONGPASS invalid username-password pair or user is disabled.
    at parseError (/Users/adrianfranciscoperezgomez/Desktop/Personal Apps/vult-intel/node_modules/redis-parser/lib/parser.js:179:12)
    at parseType (/Users/adrianfranciscoperezgomez/Desktop/Personal Apps/vult-intel/node_modules/redis-parser/lib/parser.js:302:14) {
  command: { name: 'auth', args: [ 'IVB0VPnPl0urvQrpSKkbXLdEZBUfSHaP' ] }
}
Connected to Redis for persistence
Redis connection error: ReplyError: WRONGPASS invalid username-password pair or user is disabled.
    at parseError (/Users/adrianfranciscoperezgomez/Desktop/Personal Apps/vult-intel/node_modules/redis-parser/lib/parser.js:179:12)
    at parseType (/Users/adrianfranciscoperezgomez/Desktop/Personal Apps/vult-intel/node_modules/redis-parser/lib/parser.js:302:14) {
  command: { name: 'auth', args: [ 'IVB0VPnPl0urvQrpSKkbXLdEZBUfSHaP' ] }
}
ReplyError: WRONGPASS invalid username-password pair or user is disabled.
    at parseError (/Users/adrianfranciscoperezgomez/Desktop/Personal Apps/vult-intel/node_modules/redis-parser/lib/parser.js:179:12)
    at parseType (/Users/adrianfranciscoperezgomez/Desktop/Personal Apps/vult-intel/node_modules/redis-parser/lib/parser.js:302:14) {
  command: { name: 'auth', args: [ 'IVB0VPnPl0urvQrpSKkbXLdEZBUfSHaP' ] }
}
ReplyError: WRONGPASS invalid username-password pair or user is disabled.
    at parseError (/Users/adrianfranciscoperezgomez/Desktop/Personal Apps/vult-intel/node_modules/redis-parser/lib/parser.js:179:12)
    at parseType (/Users/adrianfranciscoperezgomez/Desktop/Personal Apps/vult-intel/node_modules/redis-parser/lib/parser.js:302:14) {
  command: { name: 'auth', args: [ 'IVB0VPnPl0urvQrpSKkbXLdEZBUfSHaP' ] }
}
ReplyError: WRONGPASS invalid username-password pair or user is disabled.
    at parseError (/Users/adrianfranciscoperezgomez/Desktop/Personal Apps/vult-intel/node_modules/redis-parser/lib/parser.js:179:12)
    at parseType (/Users/adrianfranciscoperezgomez/Desktop/Personal Apps/vult-intel/node_modules/redis-parser/lib/parser.js:302:14) {
  command: { name: 'auth', args: [ 'IVB0VPnPl0urvQrpSKkbXLdEZBUfSHaP' ] }
}
ReplyError: WRONGPASS invalid username-password pair or user is disabled.
    at parseError (/Users/adrianfranciscoperezgomez/Desktop/Personal Apps/vult-intel/node_modules/redis-parser/lib/parser.js:179:12)
    at parseType (/Users/adrianfranciscoperezgomez/Desktop/Personal Apps/vult-intel/node_modules/redis-parser/lib/parser.js:302:14) {
  command: { name: 'auth', args: [ 'IVB0VPnPl0urvQrpSKkbXLdEZBUfSHaP' ] }
}
ReplyError: WRONGPASS invalid username-password pair or user is disabled.
    at parseError (/Users/adrianfranciscoperezgomez/Desktop/Personal Apps/vult-intel/node_modules/redis-parser/lib/parser.js:179:12)
    at parseType (/Users/adrianfranciscoperezgomez/Desktop/Personal Apps/vult-intel/node_modules/redis-parser/lib/parser.js:302:14) {
  command: { name: 'auth', args: [ 'IVB0VPnPl0urvQrpSKkbXLdEZBUfSHaP' ] }
}
ReplyError: WRONGPASS invalid username-password pair or user is disabled.
    at parseError (/Users/adrianfranciscoperezgomez/Desktop/Personal Apps/vult-intel/node_modules/redis-parser/lib/parser.js:179:12)
    at parseType (/Users/adrianfranciscoperezgomez/Desktop/Personal Apps/vult-intel/node_modules/redis-parser/lib/parser.js:302:14) {
  command: { name: 'auth', args: [ 'IVB0VPnPl0urvQrpSKkbXLdEZBUfSHaP' ] }
}
Connected to Redis for persistence
Redis connection error: ReplyError: WRONGPASS invalid username-password pair or user is disabled.
    at parseError (/Users/adrianfranciscoperezgomez/Desktop/Personal Apps/vult-intel/node_modules/redis-parser/lib/parser.js:179:12)
    at parseType (/Users/adrianfranciscoperezgomez/Desktop/Personal Apps/vult-intel/node_modules/redis-parser/lib/parser.js:302:14) {
  command: { name: 'auth', args: [ 'IVB0VPnPl0urvQrpSKkbXLdEZBUfSHaP' ] }
}
ReplyError: WRONGPASS invalid username-password pair or user is disabled.
    at parseError (/Users/adrianfranciscoperezgomez/Desktop/Personal Apps/vult-intel/node_modules/redis-parser/lib/parser.js:179:12)
    at parseType (/Users/adrianfranciscoperezgomez/Desktop/Personal Apps/vult-intel/node_modules/redis-parser/lib/parser.js:302:14) {
  command: { name: 'auth', args: [ 'IVB0VPnPl0urvQrpSKkbXLdEZBUfSHaP' ] }
}
ReplyError: WRONGPASS invalid username-password pair or user is disabled.
    at parseError (/Users/adrianfranciscoperezgomez/Desktop/Personal Apps/vult-intel/node_modules/redis-parser/lib/parser.js:179:12)
    at parseType (/Users/adrianfranciscoperezgomez/Desktop/Personal Apps/vult-intel/node_modules/redis-parser/lib/parser.js:302:14) {
  command: { name: 'auth', args: [ 'IVB0VPnPl0urvQrpSKkbXLdEZBUfSHaP' ] }
}
ReplyError: WRONGPASS invalid username-password pair or user is disabled.
    at parseError (/Users/adrianfranciscoperezgomez/Desktop/Personal Apps/vult-intel/node_modules/redis-parser/lib/parser.js:179:12)
    at parseType (/Users/adrianfranciscoperezgomez/Desktop/Personal Apps/vult-intel/node_modules/redis-parser/lib/parser.js:302:14) {
  command: { name: 'auth', args: [ 'IVB0VPnPl0urvQrpSKkbXLdEZBUfSHaP' ] }
}
ReplyError: WRONGPASS invalid username-password pair or user is disabled.
    at parseError (/Users/adrianfranciscoperezgomez/Desktop/Personal Apps/vult-intel/node_modules/redis-parser/lib/parser.js:179:12)
    at parseType (/Users/adrianfranciscoperezgomez/Desktop/Personal Apps/vult-intel/node_modules/redis-parser/lib/parser.js:302:14) {
  command: { name: 'auth', args: [ 'IVB0VPnPl0urvQrpSKkbXLdEZBUfSHaP' ] }
}
ReplyError: WRONGPASS invalid username-password pair or user is disabled.
    at parseError (/Users/adrianfranciscoperezgomez/Desktop/Personal Apps/vult-intel/node_modules/redis-parser/lib/parser.js:179:12)
    at parseType (/Users/adrianfranciscoperezgomez/Desktop/Personal Apps/vult-intel/node_modules/redis-parser/lib/parser.js:302:14) {
  command: { name: 'auth', args: [ 'IVB0VPnPl0urvQrpSKkbXLdEZBUfSHaP' ] }
}
ReplyError: WRONGPASS invalid username-password pair or user is disabled.
    at parseError (/Users/adrianfranciscoperezgomez/Desktop/Personal Apps/vult-intel/node_modules/redis-parser/lib/parser.js:179:12)
    at parseType (/Users/adrianfranciscoperezgomez/Desktop/Personal Apps/vult-intel/node_modules/redis-parser/lib/parser.js:302:14) {
  command: { name: 'auth', args: [ 'IVB0VPnPl0urvQrpSKkbXLdEZBUfSHaP' ] }
}
Connected to Redis for persistence
Redis connection error: ReplyError: WRONGPASS invalid username-password pair or user is disabled.
    at parseError (/Users/adrianfranciscoperezgomez/Desktop/Personal Apps/vult-intel/node_modules/redis-parser/lib/parser.js:179:12)
    at parseType (/Users/adrianfranciscoperezgomez/Desktop/Personal Apps/vult-intel/node_modules/redis-parser/lib/parser.js:302:14) {
  command: { name: 'auth', args: [ 'IVB0VPnPl0urvQrpSKkbXLdEZBUfSHaP' ] }
}
ReplyError: WRONGPASS invalid username-password pair or user is disabled.
    at parseError (/Users/adrianfranciscoperezgomez/Desktop/Personal Apps/vult-intel/node_modules/redis-parser/lib/parser.js:179:12)
    at parseType (/Users/adrianfranciscoperezgomez/Desktop/Personal Apps/vult-intel/node_modules/redis-parser/lib/parser.js:302:14) {
  command: { name: 'auth', args: [ 'IVB0VPnPl0urvQrpSKkbXLdEZBUfSHaP' ] }
}
ReplyError: WRONGPASS invalid username-password pair or user is disabled.
    at parseError (/Users/adrianfranciscoperezgomez/Desktop/Personal Apps/vult-intel/node_modules/redis-parser/lib/parser.js:179:12)
    at parseType (/Users/adrianfranciscoperezgomez/Desktop/Personal Apps/vult-intel/node_modules/redis-parser/lib/parser.js:302:14) {
  command: { name: 'auth', args: [ 'IVB0VPnPl0urvQrpSKkbXLdEZBUfSHaP' ] }
}
ReplyError: WRONGPASS invalid username-password pair or user is disabled.
    at parseError (/Users/adrianfranciscoperezgomez/Desktop/Personal Apps/vult-intel/node_modules/redis-parser/lib/parser.js:179:12)
    at parseType (/Users/adrianfranciscoperezgomez/Desktop/Personal Apps/vult-intel/node_modules/redis-parser/lib/parser.js:302:14) {
  command: { name: 'auth', args: [ 'IVB0VPnPl0urvQrpSKkbXLdEZBUfSHaP' ] }
}
ReplyError: WRONGPASS invalid username-password pair or user is disabled.
    at parseError (/Users/adrianfranciscoperezgomez/Desktop/Personal Apps/vult-intel/node_modules/redis-parser/lib/parser.js:179:12)
    at parseType (/Users/adrianfranciscoperezgomez/Desktop/Personal Apps/vult-intel/node_modules/redis-parser/lib/parser.js:302:14) {
  command: { name: 'auth', args: [ 'IVB0VPnPl0urvQrpSKkbXLdEZBUfSHaP' ] }
}
ReplyError: WRONGPASS invalid username-password pair or user is disabled.
    at parseError (/Users/adrianfranciscoperezgomez/Desktop/Personal Apps/vult-intel/node_modules/redis-parser/lib/parser.js:179:12)
    at parseType (/Users/adrianfranciscoperezgomez/Desktop/Personal Apps/vult-intel/node_modules/redis-parser/lib/parser.js:302:14) {
  command: { name: 'auth', args: [ 'IVB0VPnPl0urvQrpSKkbXLdEZBUfSHaP' ] }
}
ReplyError: WRONGPASS invalid username-password pair or user is disabled.
    at parseError (/Users/adrianfranciscoperezgomez/Desktop/Personal Apps/vult-intel/node_modules/redis-parser/lib/parser.js:179:12)
    at parseType (/Users/adrianfranciscoperezgomez/Desktop/Personal Apps/vult-intel/node_modules/redis-parser/lib/parser.js:302:14) {
  command: { name: 'auth', args: [ 'IVB0VPnPl0urvQrpSKkbXLdEZBUfSHaP' ] }
}
Connected to Redis for persistence
ReplyError: WRONGPASS invalid username-password pair or user is disabled.
    at parseError (/Users/adrianfranciscoperezgomez/Desktop/Personal Apps/vult-intel/node_modules/redis-parser/lib/parser.js:179:12)
    at parseType (/Users/adrianfranciscoperezgomez/Desktop/Personal Apps/vult-intel/node_modules/redis-parser/lib/parser.js:302:14) {
  command: { name: 'auth', args: [ 'IVB0VPnPl0urvQrpSKkbXLdEZBUfSHaP' ] }
}
Redis connection error: ReplyError: WRONGPASS invalid username-password pair or user is disabled.
    at parseError (/Users/adrianfranciscoperezgomez/Desktop/Personal Apps/vult-intel/node_modules/redis-parser/lib/parser.js:179:12)
    at parseType (/Users/adrianfranciscoperezgomez/Desktop/Personal Apps/vult-intel/node_modules/redis-parser/lib/parser.js:302:14) {
  command: { name: 'auth', args: [ 'IVB0VPnPl0urvQrpSKkbXLdEZBUfSHaP' ] }
}
ReplyError: WRONGPASS invalid username-password pair or user is disabled.
    at parseError (/Users/adrianfranciscoperezgomez/Desktop/Personal Apps/vult-intel/node_modules/redis-parser/lib/parser.js:179:12)
    at parseType (/Users/adrianfranciscoperezgomez/Desktop/Personal Apps/vult-intel/node_modules/redis-parser/lib/parser.js:302:14) {
  command: { name: 'auth', args: [ 'IVB0VPnPl0urvQrpSKkbXLdEZBUfSHaP' ] }
}
ReplyError: WRONGPASS invalid username-password pair or user is disabled.
    at parseError (/Users/adrianfranciscoperezgomez/Desktop/Personal Apps/vult-intel/node_modules/redis-parser/lib/parser.js:179:12)
    at parseType (/Users/adrianfranciscoperezgomez/Desktop/Personal Apps/vult-intel/node_modules/redis-parser/lib/parser.js:302:14) {
  command: { name: 'auth', args: [ 'IVB0VPnPl0urvQrpSKkbXLdEZBUfSHaP' ] }
}
ReplyError: WRONGPASS invalid username-password pair or user is disabled.
    at parseError (/Users/adrianfranciscoperezgomez/Desktop/Personal Apps/vult-intel/node_modules/redis-parser/lib/parser.js:179:12)
    at parseType (/Users/adrianfranciscoperezgomez/Desktop/Personal Apps/vult-intel/node_modules/redis-parser/lib/parser.js:302:14) {
  command: { name: 'auth', args: [ 'IVB0VPnPl0urvQrpSKkbXLdEZBUfSHaP' ] }
}
ReplyError: WRONGPASS invalid username-password pair or user is disabled.
    at parseError (/Users/adrianfranciscoperezgomez/Desktop/Personal Apps/vult-intel/node_modules/redis-parser/lib/parser.js:179:12)
    at parseType (/Users/adrianfranciscoperezgomez/Desktop/Personal Apps/vult-intel/node_modules/redis-parser/lib/parser.js:302:14) {
  command: { name: 'auth', args: [ 'IVB0VPnPl0urvQrpSKkbXLdEZBUfSHaP' ] }
}
ReplyError: WRONGPASS invalid username-password pair or user is disabled.
    at parseError (/Users/adrianfranciscoperezgomez/Desktop/Personal Apps/vult-intel/node_modules/redis-parser/lib/parser.js:179:12)
    at parseType (/Users/adrianfranciscoperezgomez/Desktop/Personal Apps/vult-intel/node_modules/redis-parser/lib/parser.js:302:14) {
  command: { name: 'auth', args: [ 'IVB0VPnPl0urvQrpSKkbXLdEZBUfSHaP' ] }
}
Connected to Redis for persistence
ReplyError: WRONGPASS invalid username-password pair or user is disabled.
    at parseError (/Users/adrianfranciscoperezgomez/Desktop/Personal Apps/vult-intel/node_modules/redis-parser/lib/parser.js:179:12)
    at parseType (/Users/adrianfranciscoperezgomez/Desktop/Personal Apps/vult-intel/node_modules/redis-parser/lib/parser.js:302:14) {
  command: { name: 'auth', args: [ 'IVB0VPnPl0urvQrpSKkbXLdEZBUfSHaP' ] }
}
Redis connection error: ReplyError: WRONGPASS invalid username-password pair or user is disabled.
    at parseError (/Users/adrianfranciscoperezgomez/Desktop/Personal Apps/vult-intel/node_modules/redis-parser/lib/parser.js:179:12)
    at parseType (/Users/adrianfranciscoperezgomez/Desktop/Personal Apps/vult-intel/node_modules/redis-parser/lib/parser.js:302:14) {
  command: { name: 'auth', args: [ 'IVB0VPnPl0urvQrpSKkbXLdEZBUfSHaP' ] }
}
ReplyError: WRONGPASS invalid username-password pair or user is disabled.
    at parseError (/Users/adrianfranciscoperezgomez/Desktop/Personal Apps/vult-intel/node_modules/redis-parser/lib/parser.js:179:12)
    at parseType (/Users/adrianfranciscoperezgomez/Desktop/Personal Apps/vult-intel/node_modules/redis-parser/lib/parser.js:302:14) {
  command: { name: 'auth', args: [ 'IVB0VPnPl0urvQrpSKkbXLdEZBUfSHaP' ] }
}
ReplyError: WRONGPASS invalid username-password pair or user is disabled.
    at parseError (/Users/adrianfranciscoperezgomez/Desktop/Personal Apps/vult-intel/node_modules/redis-parser/lib/parser.js:179:12)
    at parseType (/Users/adrianfranciscoperezgomez/Desktop/Personal Apps/vult-intel/node_modules/redis-parser/lib/parser.js:302:14) {
  command: { name: 'auth', args: [ 'IVB0VPnPl0urvQrpSKkbXLdEZBUfSHaP' ] }
}
ReplyError: WRONGPASS invalid username-password pair or user is disabled.
    at parseError (/Users/adrianfranciscoperezgomez/Desktop/Personal Apps/vult-intel/node_modules/redis-parser/lib/parser.js:179:12)
    at parseType (/Users/adrianfranciscoperezgomez/Desktop/Personal Apps/vult-intel/node_modules/redis-parser/lib/parser.js:302:14) {
  command: { name: 'auth', args: [ 'IVB0VPnPl0urvQrpSKkbXLdEZBUfSHaP' ] }
}
ReplyError: WRONGPASS invalid username-password pair or user is disabled.
    at parseError (/Users/adrianfranciscoperezgomez/Desktop/Personal Apps/vult-intel/node_modules/redis-parser/lib/parser.js:179:12)
    at parseType (/Users/adrianfranciscoperezgomez/Desktop/Personal Apps/vult-intel/node_modules/redis-parser/lib/parser.js:302:14) {
  command: { name: 'auth', args: [ 'IVB0VPnPl0urvQrpSKkbXLdEZBUfSHaP' ] }
}
ReplyError: WRONGPASS invalid username-password pair or user is disabled.
    at parseError (/Users/adrianfranciscoperezgomez/Desktop/Personal Apps/vult-intel/node_modules/redis-parser/lib/parser.js:179:12)
    at parseType (/Users/adrianfranciscoperezgomez/Desktop/Personal Apps/vult-intel/node_modules/redis-parser/lib/parser.js:302:14) {
  command: { name: 'auth', args: [ 'IVB0VPnPl0urvQrpSKkbXLdEZBUfSHaP' ] }
}
Connected to Redis for persistence
ReplyError: WRONGPASS invalid username-password pair or user is disabled.
    at parseError (/Users/adrianfranciscoperezgomez/Desktop/Personal Apps/vult-intel/node_modules/redis-parser/lib/parser.js:179:12)
    at parseType (/Users/adrianfranciscoperezgomez/Desktop/Personal Apps/vult-intel/node_modules/redis-parser/lib/parser.js:302:14) {
  command: { name: 'auth', args: [ 'IVB0VPnPl0urvQrpSKkbXLdEZBUfSHaP' ] }
}
Redis connection error: ReplyError: WRONGPASS invalid username-password pair or user is disabled.
    at parseError (/Users/adrianfranciscoperezgomez/Desktop/Personal Apps/vult-intel/node_modules/redis-parser/lib/parser.js:179:12)
    at parseType (/Users/adrianfranciscoperezgomez/Desktop/Personal Apps/vult-intel/node_modules/redis-parser/lib/parser.js:302:14) {
  command: { name: 'auth', args: [ 'IVB0VPnPl0urvQrpSKkbXLdEZBUfSHaP' ] }
}
ReplyError: WRONGPASS invalid username-password pair or user is disabled.
    at parseError (/Users/adrianfranciscoperezgomez/Desktop/Personal Apps/vult-intel/node_modules/redis-parser/lib/parser.js:179:12)
    at parseType (/Users/adrianfranciscoperezgomez/Desktop/Personal Apps/vult-intel/node_modules/redis-parser/lib/parser.js:302:14) {
  command: { name: 'auth', args: [ 'IVB0VPnPl0urvQrpSKkbXLdEZBUfSHaP' ] }
}
ReplyError: WRONGPASS invalid username-password pair or user is disabled.
    at parseError (/Users/adrianfranciscoperezgomez/Desktop/Personal Apps/vult-intel/node_modules/redis-parser/lib/parser.js:179:12)
    at parseType (/Users/adrianfranciscoperezgomez/Desktop/Personal Apps/vult-intel/node_modules/redis-parser/lib/parser.js:302:14) {
  command: { name: 'auth', args: [ 'IVB0VPnPl0urvQrpSKkbXLdEZBUfSHaP' ] }
}
ReplyError: WRONGPASS invalid username-password pair or user is disabled.
    at parseError (/Users/adrianfranciscoperezgomez/Desktop/Personal Apps/vult-intel/node_modules/redis-parser/lib/parser.js:179:12)
    at parseType (/Users/adrianfranciscoperezgomez/Desktop/Personal Apps/vult-intel/node_modules/redis-parser/lib/parser.js:302:14) {
  command: { name: 'auth', args: [ 'IVB0VPnPl0urvQrpSKkbXLdEZBUfSHaP' ] }
}
ReplyError: WRONGPASS invalid username-password pair or user is disabled.
    at parseError (/Users/adrianfranciscoperezgomez/Desktop/Personal Apps/vult-intel/node_modules/redis-parser/lib/parser.js:179:12)
    at parseType (/Users/adrianfranciscoperezgomez/Desktop/Personal Apps/vult-intel/node_modules/redis-parser/lib/parser.js:302:14) {
  command: { name: 'auth', args: [ 'IVB0VPnPl0urvQrpSKkbXLdEZBUfSHaP' ] }
}
ReplyError: WRONGPASS invalid username-password pair or user is disabled.
    at parseError (/Users/adrianfranciscoperezgomez/Desktop/Personal Apps/vult-intel/node_modules/redis-parser/lib/parser.js:179:12)
    at parseType (/Users/adrianfranciscoperezgomez/Desktop/Personal Apps/vult-intel/node_modules/redis-parser/lib/parser.js:302:14) {
  command: { name: 'auth', args: [ 'IVB0VPnPl0urvQrpSKkbXLdEZBUfSHaP' ] }
}
Connected to Redis for persistence
ReplyError: WRONGPASS invalid username-password pair or user is disabled.
    at parseError (/Users/adrianfranciscoperezgomez/Desktop/Personal Apps/vult-intel/node_modules/redis-parser/lib/parser.js:179:12)
    at parseType (/Users/adrianfranciscoperezgomez/Desktop/Personal Apps/vult-intel/node_modules/redis-parser/lib/parser.js:302:14) {
  command: { name: 'auth', args: [ 'IVB0VPnPl0urvQrpSKkbXLdEZBUfSHaP' ] }
}
Redis connection error: ReplyError: WRONGPASS invalid username-password pair or user is disabled.
    at parseError (/Users/adrianfranciscoperezgomez/Desktop/Personal Apps/vult-intel/node_modules/redis-parser/lib/parser.js:179:12)
    at parseType (/Users/adrianfranciscoperezgomez/Desktop/Personal Apps/vult-intel/node_modules/redis-parser/lib/parser.js:302:14) {
  command: { name: 'auth', args: [ 'IVB0VPnPl0urvQrpSKkbXLdEZBUfSHaP' ] }
}
ReplyError: WRONGPASS invalid username-password pair or user is disabled.
    at parseError (/Users/adrianfranciscoperezgomez/Desktop/Personal Apps/vult-intel/node_modules/redis-parser/lib/parser.js:179:12)
    at parseType (/Users/adrianfranciscoperezgomez/Desktop/Personal Apps/vult-intel/node_modules/redis-parser/lib/parser.js:302:14) {
  command: { name: 'auth', args: [ 'IVB0VPnPl0urvQrpSKkbXLdEZBUfSHaP' ] }
}
ReplyError: WRONGPASS invalid username-password pair or user is disabled.
    at parseError (/Users/adrianfranciscoperezgomez/Desktop/Personal Apps/vult-intel/node_modules/redis-parser/lib/parser.js:179:12)
    at parseType (/Users/adrianfranciscoperezgomez/Desktop/Personal Apps/vult-intel/node_modules/redis-parser/lib/parser.js:302:14) {
  command: { name: 'auth', args: [ 'IVB0VPnPl0urvQrpSKkbXLdEZBUfSHaP' ] }
}
ReplyError: WRONGPASS invalid username-password pair or user is disabled.
    at parseError (/Users/adrianfranciscoperezgomez/Desktop/Personal Apps/vult-intel/node_modules/redis-parser/lib/parser.js:179:12)
    at parseType (/Users/adrianfranciscoperezgomez/Desktop/Personal Apps/vult-intel/node_modules/redis-parser/lib/parser.js:302:14) {
  command: { name: 'auth', args: [ 'IVB0VPnPl0urvQrpSKkbXLdEZBUfSHaP' ] }
}
ReplyError: WRONGPASS invalid username-password pair or user is disabled.
    at parseError (/Users/adrianfranciscoperezgomez/Desktop/Personal Apps/vult-intel/node_modules/redis-parser/lib/parser.js:179:12)
    at parseType (/Users/adrianfranciscoperezgomez/Desktop/Personal Apps/vult-intel/node_modules/redis-parser/lib/parser.js:302:14) {
  command: { name: 'auth', args: [ 'IVB0VPnPl0urvQrpSKkbXLdEZBUfSHaP' ] }
}
ReplyError: WRONGPASS invalid username-password pair or user is disabled.
    at parseError (/Users/adrianfranciscoperezgomez/Desktop/Personal Apps/vult-intel/node_modules/redis-parser/lib/parser.js:179:12)
    at parseType (/Users/adrianfranciscoperezgomez/Desktop/Personal Apps/vult-intel/node_modules/redis-parser/lib/parser.js:302:14) {
  command: { name: 'auth', args: [ 'IVB0VPnPl0urvQrpSKkbXLdEZBUfSHaP' ] }
}
Connected to Redis for persistence
Redis connection error: ReplyError: WRONGPASS invalid username-password pair or user is disabled.
    at parseError (/Users/adrianfranciscoperezgomez/Desktop/Personal Apps/vult-intel/node_modules/redis-parser/lib/parser.js:179:12)
    at parseType (/Users/adrianfranciscoperezgomez/Desktop/Personal Apps/vult-intel/node_modules/redis-parser/lib/parser.js:302:14) {
  command: { name: 'auth', args: [ 'IVB0VPnPl0urvQrpSKkbXLdEZBUfSHaP' ] }
}
ReplyError: WRONGPASS invalid username-password pair or user is disabled.
    at parseError (/Users/adrianfranciscoperezgomez/Desktop/Personal Apps/vult-intel/node_modules/redis-parser/lib/parser.js:179:12)
    at parseType (/Users/adrianfranciscoperezgomez/Desktop/Personal Apps/vult-intel/node_modules/redis-parser/lib/parser.js:302:14) {
  command: { name: 'auth', args: [ 'IVB0VPnPl0urvQrpSKkbXLdEZBUfSHaP' ] }
}
ReplyError: WRONGPASS invalid username-password pair or user is disabled.
    at parseError (/Users/adrianfranciscoperezgomez/Desktop/Personal Apps/vult-intel/node_modules/redis-parser/lib/parser.js:179:12)
    at parseType (/Users/adrianfranciscoperezgomez/Desktop/Personal Apps/vult-intel/node_modules/redis-parser/lib/parser.js:302:14) {
  command: { name: 'auth', args: [ 'IVB0VPnPl0urvQrpSKkbXLdEZBUfSHaP' ] }
}
ReplyError: WRONGPASS invalid username-password pair or user is disabled.
    at parseError (/Users/adrianfranciscoperezgomez/Desktop/Personal Apps/vult-intel/node_modules/redis-parser/lib/parser.js:179:12)
    at parseType (/Users/adrianfranciscoperezgomez/Desktop/Personal Apps/vult-intel/node_modules/redis-parser/lib/parser.js:302:14) {
  command: { name: 'auth', args: [ 'IVB0VPnPl0urvQrpSKkbXLdEZBUfSHaP' ] }
}
ReplyError: WRONGPASS invalid username-password pair or user is disabled.
    at parseError (/Users/adrianfranciscoperezgomez/Desktop/Personal Apps/vult-intel/node_modules/redis-parser/lib/parser.js:179:12)
    at parseType (/Users/adrianfranciscoperezgomez/Desktop/Personal Apps/vult-intel/node_modules/redis-parser/lib/parser.js:302:14) {
  command: { name: 'auth', args: [ 'IVB0VPnPl0urvQrpSKkbXLdEZBUfSHaP' ] }
}
ReplyError: WRONGPASS invalid username-password pair or user is disabled.
    at parseError (/Users/adrianfranciscoperezgomez/Desktop/Personal Apps/vult-intel/node_modules/redis-parser/lib/parser.js:179:12)
    at parseType (/Users/adrianfranciscoperezgomez/Desktop/Personal Apps/vult-intel/node_modules/redis-parser/lib/parser.js:302:14) {
  command: { name: 'auth', args: [ 'IVB0VPnPl0urvQrpSKkbXLdEZBUfSHaP' ] }
}
ReplyError: WRONGPASS invalid username-password pair or user is disabled.
    at parseError (/Users/adrianfranciscoperezgomez/Desktop/Personal Apps/vult-intel/node_modules/redis-parser/lib/parser.js:179:12)
    at parseType (/Users/adrianfranciscoperezgomez/Desktop/Personal Apps/vult-intel/node_modules/redis-parser/lib/parser.js:302:14) {
  command: { name: 'auth', args: [ 'IVB0VPnPl0urvQrpSKkbXLdEZBUfSHaP' ] }
}
Connected to Redis for persistence
Redis connection error: ReplyError: WRONGPASS invalid username-password pair or user is disabled.
    at parseError (/Users/adrianfranciscoperezgomez/Desktop/Personal Apps/vult-intel/node_modules/redis-parser/lib/parser.js:179:12)
    at parseType (/Users/adrianfranciscoperezgomez/Desktop/Personal Apps/vult-intel/node_modules/redis-parser/lib/parser.js:302:14) {
  command: { name: 'auth', args: [ 'IVB0VPnPl0urvQrpSKkbXLdEZBUfSHaP' ] }
}
ReplyError: WRONGPASS invalid username-password pair or user is disabled.
    at parseError (/Users/adrianfranciscoperezgomez/Desktop/Personal Apps/vult-intel/node_modules/redis-parser/lib/parser.js:179:12)
    at parseType (/Users/adrianfranciscoperezgomez/Desktop/Personal Apps/vult-intel/node_modules/redis-parser/lib/parser.js:302:14) {
  command: { name: 'auth', args: [ 'IVB0VPnPl0urvQrpSKkbXLdEZBUfSHaP' ] }
}
ReplyError: WRONGPASS invalid username-password pair or user is disabled.
    at parseError (/Users/adrianfranciscoperezgomez/Desktop/Personal Apps/vult-intel/node_modules/redis-parser/lib/parser.js:179:12)
    at parseType (/Users/adrianfranciscoperezgomez/Desktop/Personal Apps/vult-intel/node_modules/redis-parser/lib/parser.js:302:14) {
  command: { name: 'auth', args: [ 'IVB0VPnPl0urvQrpSKkbXLdEZBUfSHaP' ] }
}
ReplyError: WRONGPASS invalid username-password pair or user is disabled.
    at parseError (/Users/adrianfranciscoperezgomez/Desktop/Personal Apps/vult-intel/node_modules/redis-parser/lib/parser.js:179:12)
    at parseType (/Users/adrianfranciscoperezgomez/Desktop/Personal Apps/vult-intel/node_modules/redis-parser/lib/parser.js:302:14) {
  command: { name: 'auth', args: [ 'IVB0VPnPl0urvQrpSKkbXLdEZBUfSHaP' ] }
}
ReplyError: WRONGPASS invalid username-password pair or user is disabled.
    at parseError (/Users/adrianfranciscoperezgomez/Desktop/Personal Apps/vult-intel/node_modules/redis-parser/lib/parser.js:179:12)
    at parseType (/Users/adrianfranciscoperezgomez/Desktop/Personal Apps/vult-intel/node_modules/redis-parser/lib/parser.js:302:14) {
  command: { name: 'auth', args: [ 'IVB0VPnPl0urvQrpSKkbXLdEZBUfSHaP' ] }
}
ReplyError: WRONGPASS invalid username-password pair or user is disabled.
    at parseError (/Users/adrianfranciscoperezgomez/Desktop/Personal Apps/vult-intel/node_modules/redis-parser/lib/parser.js:179:12)
    at parseType (/Users/adrianfranciscoperezgomez/Desktop/Personal Apps/vult-intel/node_modules/redis-parser/lib/parser.js:302:14) {
  command: { name: 'auth', args: [ 'IVB0VPnPl0urvQrpSKkbXLdEZBUfSHaP' ] }
}
ReplyError: WRONGPASS invalid username-password pair or user is disabled.
    at parseError (/Users/adrianfranciscoperezgomez/Desktop/Personal Apps/vult-intel/node_modules/redis-parser/lib/parser.js:179:12)
    at parseType (/Users/adrianfranciscoperezgomez/Desktop/Personal Apps/vult-intel/node_modules/redis-parser/lib/parser.js:302:14) {
  command: { name: 'auth', args: [ 'IVB0VPnPl0urvQrpSKkbXLdEZBUfSHaP' ] }
}
Connected to Redis for persistence
Redis connection error: ReplyError: WRONGPASS invalid username-password pair or user is disabled.
    at parseError (/Users/adrianfranciscoperezgomez/Desktop/Personal Apps/vult-intel/node_modules/redis-parser/lib/parser.js:179:12)
    at parseType (/Users/adrianfranciscoperezgomez/Desktop/Personal Apps/vult-intel/node_modules/redis-parser/lib/parser.js:302:14) {
  command: { name: 'auth', args: [ 'IVB0VPnPl0urvQrpSKkbXLdEZBUfSHaP' ] }
}
ReplyError: WRONGPASS invalid username-password pair or user is disabled.
    at parseError (/Users/adrianfranciscoperezgomez/Desktop/Personal Apps/vult-intel/node_modules/redis-parser/lib/parser.js:179:12)
    at parseType (/Users/adrianfranciscoperezgomez/Desktop/Personal Apps/vult-intel/node_modules/redis-parser/lib/parser.js:302:14) {
  command: { name: 'auth', args: [ 'IVB0VPnPl0urvQrpSKkbXLdEZBUfSHaP' ] }
}
ReplyError: WRONGPASS invalid username-password pair or user is disabled.
    at parseError (/Users/adrianfranciscoperezgomez/Desktop/Personal Apps/vult-intel/node_modules/redis-parser/lib/parser.js:179:12)
    at parseType (/Users/adrianfranciscoperezgomez/Desktop/Personal Apps/vult-intel/node_modules/redis-parser/lib/parser.js:302:14) {
  command: { name: 'auth', args: [ 'IVB0VPnPl0urvQrpSKkbXLdEZBUfSHaP' ] }
}
ReplyError: WRONGPASS invalid username-password pair or user is disabled.
    at parseError (/Users/adrianfranciscoperezgomez/Desktop/Personal Apps/vult-intel/node_modules/redis-parser/lib/parser.js:179:12)
    at parseType (/Users/adrianfranciscoperezgomez/Desktop/Personal Apps/vult-intel/node_modules/redis-parser/lib/parser.js:302:14) {
  command: { name: 'auth', args: [ 'IVB0VPnPl0urvQrpSKkbXLdEZBUfSHaP' ] }
}
ReplyError: WRONGPASS invalid username-password pair or user is disabled.
    at parseError (/Users/adrianfranciscoperezgomez/Desktop/Personal Apps/vult-intel/node_modules/redis-parser/lib/parser.js:179:12)
    at parseType (/Users/adrianfranciscoperezgomez/Desktop/Personal Apps/vult-intel/node_modules/redis-parser/lib/parser.js:302:14) {
  command: { name: 'auth', args: [ 'IVB0VPnPl0urvQrpSKkbXLdEZBUfSHaP' ] }
}
ReplyError: WRONGPASS invalid username-password pair or user is disabled.
    at parseError (/Users/adrianfranciscoperezgomez/Desktop/Personal Apps/vult-intel/node_modules/redis-parser/lib/parser.js:179:12)
    at parseType (/Users/adrianfranciscoperezgomez/Desktop/Personal Apps/vult-intel/node_modules/redis-parser/lib/parser.js:302:14) {
  command: { name: 'auth', args: [ 'IVB0VPnPl0urvQrpSKkbXLdEZBUfSHaP' ] }
}
ReplyError: WRONGPASS invalid username-password pair or user is disabled.
    at parseError (/Users/adrianfranciscoperezgomez/Desktop/Personal Apps/vult-intel/node_modules/redis-parser/lib/parser.js:179:12)
    at parseType (/Users/adrianfranciscoperezgomez/Desktop/Personal Apps/vult-intel/node_modules/redis-parser/lib/parser.js:302:14) {
  command: { name: 'auth', args: [ 'IVB0VPnPl0urvQrpSKkbXLdEZBUfSHaP' ] }
}
Connected to Redis for persistence
Redis connection error: ReplyError: WRONGPASS invalid username-password pair or user is disabled.
    at parseError (/Users/adrianfranciscoperezgomez/Desktop/Personal Apps/vult-intel/node_modules/redis-parser/lib/parser.js:179:12)
    at parseType (/Users/adrianfranciscoperezgomez/Desktop/Personal Apps/vult-intel/node_modules/redis-parser/lib/parser.js:302:14) {
  command: { name: 'auth', args: [ 'IVB0VPnPl0urvQrpSKkbXLdEZBUfSHaP' ] }
}
ReplyError: WRONGPASS invalid username-password pair or user is disabled.
    at parseError (/Users/adrianfranciscoperezgomez/Desktop/Personal Apps/vult-intel/node_modules/redis-parser/lib/parser.js:179:12)
    at parseType (/Users/adrianfranciscoperezgomez/Desktop/Personal Apps/vult-intel/node_modules/redis-parser/lib/parser.js:302:14) {
  command: { name: 'auth', args: [ 'IVB0VPnPl0urvQrpSKkbXLdEZBUfSHaP' ] }
}
ReplyError: WRONGPASS invalid username-password pair or user is disabled.
    at parseError (/Users/adrianfranciscoperezgomez/Desktop/Personal Apps/vult-intel/node_modules/redis-parser/lib/parser.js:179:12)
    at parseType (/Users/adrianfranciscoperezgomez/Desktop/Personal Apps/vult-intel/node_modules/redis-parser/lib/parser.js:302:14) {
  command: { name: 'auth', args: [ 'IVB0VPnPl0urvQrpSKkbXLdEZBUfSHaP' ] }
}
ReplyError: WRONGPASS invalid username-password pair or user is disabled.
    at parseError (/Users/adrianfranciscoperezgomez/Desktop/Personal Apps/vult-intel/node_modules/redis-parser/lib/parser.js:179:12)
    at parseType (/Users/adrianfranciscoperezgomez/Desktop/Personal Apps/vult-intel/node_modules/redis-parser/lib/parser.js:302:14) {
  command: { name: 'auth', args: [ 'IVB0VPnPl0urvQrpSKkbXLdEZBUfSHaP' ] }
}
ReplyError: WRONGPASS invalid username-password pair or user is disabled.
    at parseError (/Users/adrianfranciscoperezgomez/Desktop/Personal Apps/vult-intel/node_modules/redis-parser/lib/parser.js:179:12)
    at parseType (/Users/adrianfranciscoperezgomez/Desktop/Personal Apps/vult-intel/node_modules/redis-parser/lib/parser.js:302:14) {
  command: { name: 'auth', args: [ 'IVB0VPnPl0urvQrpSKkbXLdEZBUfSHaP' ] }
}
ReplyError: WRONGPASS invalid username-password pair or user is disabled.
    at parseError (/Users/adrianfranciscoperezgomez/Desktop/Personal Apps/vult-intel/node_modules/redis-parser/lib/parser.js:179:12)
    at parseType (/Users/adrianfranciscoperezgomez/Desktop/Personal Apps/vult-intel/node_modules/redis-parser/lib/parser.js:302:14) {
  command: { name: 'auth', args: [ 'IVB0VPnPl0urvQrpSKkbXLdEZBUfSHaP' ] }
}
ReplyError: WRONGPASS invalid username-password pair or user is disabled.
    at parseError (/Users/adrianfranciscoperezgomez/Desktop/Personal Apps/vult-intel/node_modules/redis-parser/lib/parser.js:179:12)
    at parseType (/Users/adrianfranciscoperezgomez/Desktop/Personal Apps/vult-intel/node_modules/redis-parser/lib/parser.js:302:14) {
  command: { name: 'auth', args: [ 'IVB0VPnPl0urvQrpSKkbXLdEZBUfSHaP' ] }
}
Connected to Redis for persistence
Redis connection error: ReplyError: WRONGPASS invalid username-password pair or user is disabled.
    at parseError (/Users/adrianfranciscoperezgomez/Desktop/Personal Apps/vult-intel/node_modules/redis-parser/lib/parser.js:179:12)
    at parseType (/Users/adrianfranciscoperezgomez/Desktop/Personal Apps/vult-intel/node_modules/redis-parser/lib/parser.js:302:14) {
  command: { name: 'auth', args: [ 'IVB0VPnPl0urvQrpSKkbXLdEZBUfSHaP' ] }
}
ReplyError: WRONGPASS invalid username-password pair or user is disabled.
    at parseError (/Users/adrianfranciscoperezgomez/Desktop/Personal Apps/vult-intel/node_modules/redis-parser/lib/parser.js:179:12)
    at parseType (/Users/adrianfranciscoperezgomez/Desktop/Personal Apps/vult-intel/node_modules/redis-parser/lib/parser.js:302:14) {
  command: { name: 'auth', args: [ 'IVB0VPnPl0urvQrpSKkbXLdEZBUfSHaP' ] }
}
ReplyError: WRONGPASS invalid username-password pair or user is disabled.
    at parseError (/Users/adrianfranciscoperezgomez/Desktop/Personal Apps/vult-intel/node_modules/redis-parser/lib/parser.js:179:12)
    at parseType (/Users/adrianfranciscoperezgomez/Desktop/Personal Apps/vult-intel/node_modules/redis-parser/lib/parser.js:302:14) {
  command: { name: 'auth', args: [ 'IVB0VPnPl0urvQrpSKkbXLdEZBUfSHaP' ] }
}
ReplyError: WRONGPASS invalid username-password pair or user is disabled.
    at parseError (/Users/adrianfranciscoperezgomez/Desktop/Personal Apps/vult-intel/node_modules/redis-parser/lib/parser.js:179:12)
    at parseType (/Users/adrianfranciscoperezgomez/Desktop/Personal Apps/vult-intel/node_modules/redis-parser/lib/parser.js:302:14) {
  command: { name: 'auth', args: [ 'IVB0VPnPl0urvQrpSKkbXLdEZBUfSHaP' ] }
}
ReplyError: WRONGPASS invalid username-password pair or user is disabled.
    at parseError (/Users/adrianfranciscoperezgomez/Desktop/Personal Apps/vult-intel/node_modules/redis-parser/lib/parser.js:179:12)
    at parseType (/Users/adrianfranciscoperezgomez/Desktop/Personal Apps/vult-intel/node_modules/redis-parser/lib/parser.js:302:14) {
  command: { name: 'auth', args: [ 'IVB0VPnPl0urvQrpSKkbXLdEZBUfSHaP' ] }
}
ReplyError: WRONGPASS invalid username-password pair or user is disabled.
    at parseError (/Users/adrianfranciscoperezgomez/Desktop/Personal Apps/vult-intel/node_modules/redis-parser/lib/parser.js:179:12)
    at parseType (/Users/adrianfranciscoperezgomez/Desktop/Personal Apps/vult-intel/node_modules/redis-parser/lib/parser.js:302:14) {
  command: { name: 'auth', args: [ 'IVB0VPnPl0urvQrpSKkbXLdEZBUfSHaP' ] }
}
ReplyError: WRONGPASS invalid username-password pair or user is disabled.
    at parseError (/Users/adrianfranciscoperezgomez/Desktop/Personal Apps/vult-intel/node_modules/redis-parser/lib/parser.js:179:12)
    at parseType (/Users/adrianfranciscoperezgomez/Desktop/Personal Apps/vult-intel/node_modules/redis-parser/lib/parser.js:302:14) {
  command: { name: 'auth', args: [ 'IVB0VPnPl0urvQrpSKkbXLdEZBUfSHaP' ] }
}
Connected to Redis for persistence
Redis connection error: ReplyError: WRONGPASS invalid username-password pair or user is disabled.
    at parseError (/Users/adrianfranciscoperezgomez/Desktop/Personal Apps/vult-intel/node_modules/redis-parser/lib/parser.js:179:12)
    at parseType (/Users/adrianfranciscoperezgomez/Desktop/Personal Apps/vult-intel/node_modules/redis-parser/lib/parser.js:302:14) {
  command: { name: 'auth', args: [ 'IVB0VPnPl0urvQrpSKkbXLdEZBUfSHaP' ] }
}
ReplyError: WRONGPASS invalid username-password pair or user is disabled.
    at parseError (/Users/adrianfranciscoperezgomez/Desktop/Personal Apps/vult-intel/node_modules/redis-parser/lib/parser.js:179:12)
    at parseType (/Users/adrianfranciscoperezgomez/Desktop/Personal Apps/vult-intel/node_modules/redis-parser/lib/parser.js:302:14) {
  command: { name: 'auth', args: [ 'IVB0VPnPl0urvQrpSKkbXLdEZBUfSHaP' ] }
}
ReplyError: WRONGPASS invalid username-password pair or user is disabled.
    at parseError (/Users/adrianfranciscoperezgomez/Desktop/Personal Apps/vult-intel/node_modules/redis-parser/lib/parser.js:179:12)
    at parseType (/Users/adrianfranciscoperezgomez/Desktop/Personal Apps/vult-intel/node_modules/redis-parser/lib/parser.js:302:14) {
  command: { name: 'auth', args: [ 'IVB0VPnPl0urvQrpSKkbXLdEZBUfSHaP' ] }
}
ReplyError: WRONGPASS invalid username-password pair or user is disabled.
    at parseError (/Users/adrianfranciscoperezgomez/Desktop/Personal Apps/vult-intel/node_modules/redis-parser/lib/parser.js:179:12)
    at parseType (/Users/adrianfranciscoperezgomez/Desktop/Personal Apps/vult-intel/node_modules/redis-parser/lib/parser.js:302:14) {
  command: { name: 'auth', args: [ 'IVB0VPnPl0urvQrpSKkbXLdEZBUfSHaP' ] }
}
ReplyError: WRONGPASS invalid username-password pair or user is disabled.
    at parseError (/Users/adrianfranciscoperezgomez/Desktop/Personal Apps/vult-intel/node_modules/redis-parser/lib/parser.js:179:12)
    at parseType (/Users/adrianfranciscoperezgomez/Desktop/Personal Apps/vult-intel/node_modules/redis-parser/lib/parser.js:302:14) {
  command: { name: 'auth', args: [ 'IVB0VPnPl0urvQrpSKkbXLdEZBUfSHaP' ] }
}
ReplyError: WRONGPASS invalid username-password pair or user is disabled.
    at parseError (/Users/adrianfranciscoperezgomez/Desktop/Personal Apps/vult-intel/node_modules/redis-parser/lib/parser.js:179:12)
    at parseType (/Users/adrianfranciscoperezgomez/Desktop/Personal Apps/vult-intel/node_modules/redis-parser/lib/parser.js:302:14) {
  command: { name: 'auth', args: [ 'IVB0VPnPl0urvQrpSKkbXLdEZBUfSHaP' ] }
}
ReplyError: WRONGPASS invalid username-password pair or user is disabled.
    at parseError (/Users/adrianfranciscoperezgomez/Desktop/Personal Apps/vult-intel/node_modules/redis-parser/lib/parser.js:179:12)
    at parseType (/Users/adrianfranciscoperezgomez/Desktop/Personal Apps/vult-intel/node_modules/redis-parser/lib/parser.js:302:14) {
  command: { name: 'auth', args: [ 'IVB0VPnPl0urvQrpSKkbXLdEZBUfSHaP' ] }
}
Connected to Redis for persistence
ReplyError: WRONGPASS invalid username-password pair or user is disabled.
    at parseError (/Users/adrianfranciscoperezgomez/Desktop/Personal Apps/vult-intel/node_modules/redis-parser/lib/parser.js:179:12)
    at parseType (/Users/adrianfranciscoperezgomez/Desktop/Personal Apps/vult-intel/node_modules/redis-parser/lib/parser.js:302:14) {
  command: { name: 'auth', args: [ 'IVB0VPnPl0urvQrpSKkbXLdEZBUfSHaP' ] }
}
Redis connection error: ReplyError: WRONGPASS invalid username-password pair or user is disabled.
    at parseError (/Users/adrianfranciscoperezgomez/Desktop/Personal Apps/vult-intel/node_modules/redis-parser/lib/parser.js:179:12)
    at parseType (/Users/adrianfranciscoperezgomez/Desktop/Personal Apps/vult-intel/node_modules/redis-parser/lib/parser.js:302:14) {
  command: { name: 'auth', args: [ 'IVB0VPnPl0urvQrpSKkbXLdEZBUfSHaP' ] }
}
ReplyError: WRONGPASS invalid username-password pair or user is disabled.
    at parseError (/Users/adrianfranciscoperezgomez/Desktop/Personal Apps/vult-intel/node_modules/redis-parser/lib/parser.js:179:12)
    at parseType (/Users/adrianfranciscoperezgomez/Desktop/Personal Apps/vult-intel/node_modules/redis-parser/lib/parser.js:302:14) {
  command: { name: 'auth', args: [ 'IVB0VPnPl0urvQrpSKkbXLdEZBUfSHaP' ] }
}
ReplyError: WRONGPASS invalid username-password pair or user is disabled.
    at parseError (/Users/adrianfranciscoperezgomez/Desktop/Personal Apps/vult-intel/node_modules/redis-parser/lib/parser.js:179:12)
    at parseType (/Users/adrianfranciscoperezgomez/Desktop/Personal Apps/vult-intel/node_modules/redis-parser/lib/parser.js:302:14) {
  command: { name: 'auth', args: [ 'IVB0VPnPl0urvQrpSKkbXLdEZBUfSHaP' ] }
}
ReplyError: WRONGPASS invalid username-password pair or user is disabled.
    at parseError (/Users/adrianfranciscoperezgomez/Desktop/Personal Apps/vult-intel/node_modules/redis-parser/lib/parser.js:179:12)
    at parseType (/Users/adrianfranciscoperezgomez/Desktop/Personal Apps/vult-intel/node_modules/redis-parser/lib/parser.js:302:14) {
  command: { name: 'auth', args: [ 'IVB0VPnPl0urvQrpSKkbXLdEZBUfSHaP' ] }
}
ReplyError: WRONGPASS invalid username-password pair or user is disabled.
    at parseError (/Users/adrianfranciscoperezgomez/Desktop/Personal Apps/vult-intel/node_modules/redis-parser/lib/parser.js:179:12)
    at parseType (/Users/adrianfranciscoperezgomez/Desktop/Personal Apps/vult-intel/node_modules/redis-parser/lib/parser.js:302:14) {
  command: { name: 'auth', args: [ 'IVB0VPnPl0urvQrpSKkbXLdEZBUfSHaP' ] }
}
ReplyError: WRONGPASS invalid username-password pair or user is disabled.
    at parseError (/Users/adrianfranciscoperezgomez/Desktop/Personal Apps/vult-intel/node_modules/redis-parser/lib/parser.js:179:12)
    at parseType (/Users/adrianfranciscoperezgomez/Desktop/Personal Apps/vult-intel/node_modules/redis-parser/lib/parser.js:302:14) {
  command: { name: 'auth', args: [ 'IVB0VPnPl0urvQrpSKkbXLdEZBUfSHaP' ] }
}
Connected to Redis for persistence
Redis connection error: ReplyError: WRONGPASS invalid username-password pair or user is disabled.
    at parseError (/Users/adrianfranciscoperezgomez/Desktop/Personal Apps/vult-intel/node_modules/redis-parser/lib/parser.js:179:12)
    at parseType (/Users/adrianfranciscoperezgomez/Desktop/Personal Apps/vult-intel/node_modules/redis-parser/lib/parser.js:302:14) {
  command: { name: 'auth', args: [ 'IVB0VPnPl0urvQrpSKkbXLdEZBUfSHaP' ] }
}
ReplyError: WRONGPASS invalid username-password pair or user is disabled.
    at parseError (/Users/adrianfranciscoperezgomez/Desktop/Personal Apps/vult-intel/node_modules/redis-parser/lib/parser.js:179:12)
    at parseType (/Users/adrianfranciscoperezgomez/Desktop/Personal Apps/vult-intel/node_modules/redis-parser/lib/parser.js:302:14) {
  command: { name: 'auth', args: [ 'IVB0VPnPl0urvQrpSKkbXLdEZBUfSHaP' ] }
}
ReplyError: WRONGPASS invalid username-password pair or user is disabled.
    at parseError (/Users/adrianfranciscoperezgomez/Desktop/Personal Apps/vult-intel/node_modules/redis-parser/lib/parser.js:179:12)
    at parseType (/Users/adrianfranciscoperezgomez/Desktop/Personal Apps/vult-intel/node_modules/redis-parser/lib/parser.js:302:14) {
  command: { name: 'auth', args: [ 'IVB0VPnPl0urvQrpSKkbXLdEZBUfSHaP' ] }
}
ReplyError: WRONGPASS invalid username-password pair or user is disabled.
    at parseError (/Users/adrianfranciscoperezgomez/Desktop/Personal Apps/vult-intel/node_modules/redis-parser/lib/parser.js:179:12)
    at parseType (/Users/adrianfranciscoperezgomez/Desktop/Personal Apps/vult-intel/node_modules/redis-parser/lib/parser.js:302:14) {
  command: { name: 'auth', args: [ 'IVB0VPnPl0urvQrpSKkbXLdEZBUfSHaP' ] }
}
ReplyError: WRONGPASS invalid username-password pair or user is disabled.
    at parseError (/Users/adrianfranciscoperezgomez/Desktop/Personal Apps/vult-intel/node_modules/redis-parser/lib/parser.js:179:12)
    at parseType (/Users/adrianfranciscoperezgomez/Desktop/Personal Apps/vult-intel/node_modules/redis-parser/lib/parser.js:302:14) {
  command: { name: 'auth', args: [ 'IVB0VPnPl0urvQrpSKkbXLdEZBUfSHaP' ] }
}
ReplyError: WRONGPASS invalid username-password pair or user is disabled.
    at parseError (/Users/adrianfranciscoperezgomez/Desktop/Personal Apps/vult-intel/node_modules/redis-parser/lib/parser.js:179:12)
    at parseType (/Users/adrianfranciscoperezgomez/Desktop/Personal Apps/vult-intel/node_modules/redis-parser/lib/parser.js:302:14) {
  command: { name: 'auth', args: [ 'IVB0VPnPl0urvQrpSKkbXLdEZBUfSHaP' ] }
}
ReplyError: WRONGPASS invalid username-password pair or user is disabled.
    at parseError (/Users/adrianfranciscoperezgomez/Desktop/Personal Apps/vult-intel/node_modules/redis-parser/lib/parser.js:179:12)
    at parseType (/Users/adrianfranciscoperezgomez/Desktop/Personal Apps/vult-intel/node_modules/redis-parser/lib/parser.js:302:14) {
  command: { name: 'auth', args: [ 'IVB0VPnPl0urvQrpSKkbXLdEZBUfSHaP' ] }
}
Connected to Redis for persistence
Redis connection error: ReplyError: WRONGPASS invalid username-password pair or user is disabled.
    at parseError (/Users/adrianfranciscoperezgomez/Desktop/Personal Apps/vult-intel/node_modules/redis-parser/lib/parser.js:179:12)
    at parseType (/Users/adrianfranciscoperezgomez/Desktop/Personal Apps/vult-intel/node_modules/redis-parser/lib/parser.js:302:14) {
  command: { name: 'auth', args: [ 'IVB0VPnPl0urvQrpSKkbXLdEZBUfSHaP' ] }
}
ReplyError: WRONGPASS invalid username-password pair or user is disabled.
    at parseError (/Users/adrianfranciscoperezgomez/Desktop/Personal Apps/vult-intel/node_modules/redis-parser/lib/parser.js:179:12)
    at parseType (/Users/adrianfranciscoperezgomez/Desktop/Personal Apps/vult-intel/node_modules/redis-parser/lib/parser.js:302:14) {
  command: { name: 'auth', args: [ 'IVB0VPnPl0urvQrpSKkbXLdEZBUfSHaP' ] }
}
ReplyError: WRONGPASS invalid username-password pair or user is disabled.
    at parseError (/Users/adrianfranciscoperezgomez/Desktop/Personal Apps/vult-intel/node_modules/redis-parser/lib/parser.js:179:12)
    at parseType (/Users/adrianfranciscoperezgomez/Desktop/Personal Apps/vult-intel/node_modules/redis-parser/lib/parser.js:302:14) {
  command: { name: 'auth', args: [ 'IVB0VPnPl0urvQrpSKkbXLdEZBUfSHaP' ] }
}
ReplyError: WRONGPASS invalid username-password pair or user is disabled.
    at parseError (/Users/adrianfranciscoperezgomez/Desktop/Personal Apps/vult-intel/node_modules/redis-parser/lib/parser.js:179:12)
    at parseType (/Users/adrianfranciscoperezgomez/Desktop/Personal Apps/vult-intel/node_modules/redis-parser/lib/parser.js:302:14) {
  command: { name: 'auth', args: [ 'IVB0VPnPl0urvQrpSKkbXLdEZBUfSHaP' ] }
}
ReplyError: WRONGPASS invalid username-password pair or user is disabled.
    at parseError (/Users/adrianfranciscoperezgomez/Desktop/Personal Apps/vult-intel/node_modules/redis-parser/lib/parser.js:179:12)
    at parseType (/Users/adrianfranciscoperezgomez/Desktop/Personal Apps/vult-intel/node_modules/redis-parser/lib/parser.js:302:14) {
  command: { name: 'auth', args: [ 'IVB0VPnPl0urvQrpSKkbXLdEZBUfSHaP' ] }
}
ReplyError: WRONGPASS invalid username-password pair or user is disabled.
    at parseError (/Users/adrianfranciscoperezgomez/Desktop/Personal Apps/vult-intel/node_modules/redis-parser/lib/parser.js:179:12)
    at parseType (/Users/adrianfranciscoperezgomez/Desktop/Personal Apps/vult-intel/node_modules/redis-parser/lib/parser.js:302:14) {
  command: { name: 'auth', args: [ 'IVB0VPnPl0urvQrpSKkbXLdEZBUfSHaP' ] }
}
ReplyError: WRONGPASS invalid username-password pair or user is disabled.
    at parseError (/Users/adrianfranciscoperezgomez/Desktop/Personal Apps/vult-intel/node_modules/redis-parser/lib/parser.js:179:12)
    at parseType (/Users/adrianfranciscoperezgomez/Desktop/Personal Apps/vult-intel/node_modules/redis-parser/lib/parser.js:302:14) {
  command: { name: 'auth', args: [ 'IVB0VPnPl0urvQrpSKkbXLdEZBUfSHaP' ] }
}
Connected to Redis for persistence
Redis connection error: ReplyError: WRONGPASS invalid username-password pair or user is disabled.
    at parseError (/Users/adrianfranciscoperezgomez/Desktop/Personal Apps/vult-intel/node_modules/redis-parser/lib/parser.js:179:12)
    at parseType (/Users/adrianfranciscoperezgomez/Desktop/Personal Apps/vult-intel/node_modules/redis-parser/lib/parser.js:302:14) {
  command: { name: 'auth', args: [ 'IVB0VPnPl0urvQrpSKkbXLdEZBUfSHaP' ] }
}
ReplyError: WRONGPASS invalid username-password pair or user is disabled.
    at parseError (/Users/adrianfranciscoperezgomez/Desktop/Personal Apps/vult-intel/node_modules/redis-parser/lib/parser.js:179:12)
    at parseType (/Users/adrianfranciscoperezgomez/Desktop/Personal Apps/vult-intel/node_modules/redis-parser/lib/parser.js:302:14) {
  command: { name: 'auth', args: [ 'IVB0VPnPl0urvQrpSKkbXLdEZBUfSHaP' ] }
}
ReplyError: WRONGPASS invalid username-password pair or user is disabled.
    at parseError (/Users/adrianfranciscoperezgomez/Desktop/Personal Apps/vult-intel/node_modules/redis-parser/lib/parser.js:179:12)
    at parseType (/Users/adrianfranciscoperezgomez/Desktop/Personal Apps/vult-intel/node_modules/redis-parser/lib/parser.js:302:14) {
  command: { name: 'auth', args: [ 'IVB0VPnPl0urvQrpSKkbXLdEZBUfSHaP' ] }
}
ReplyError: WRONGPASS invalid username-password pair or user is disabled.
    at parseError (/Users/adrianfranciscoperezgomez/Desktop/Personal Apps/vult-intel/node_modules/redis-parser/lib/parser.js:179:12)
    at parseType (/Users/adrianfranciscoperezgomez/Desktop/Personal Apps/vult-intel/node_modules/redis-parser/lib/parser.js:302:14) {
  command: { name: 'auth', args: [ 'IVB0VPnPl0urvQrpSKkbXLdEZBUfSHaP' ] }
}
ReplyError: WRONGPASS invalid username-password pair or user is disabled.
    at parseError (/Users/adrianfranciscoperezgomez/Desktop/Personal Apps/vult-intel/node_modules/redis-parser/lib/parser.js:179:12)
    at parseType (/Users/adrianfranciscoperezgomez/Desktop/Personal Apps/vult-intel/node_modules/redis-parser/lib/parser.js:302:14) {
  command: { name: 'auth', args: [ 'IVB0VPnPl0urvQrpSKkbXLdEZBUfSHaP' ] }
}
ReplyError: WRONGPASS invalid username-password pair or user is disabled.
    at parseError (/Users/adrianfranciscoperezgomez/Desktop/Personal Apps/vult-intel/node_modules/redis-parser/lib/parser.js:179:12)
    at parseType (/Users/adrianfranciscoperezgomez/Desktop/Personal Apps/vult-intel/node_modules/redis-parser/lib/parser.js:302:14) {
  command: { name: 'auth', args: [ 'IVB0VPnPl0urvQrpSKkbXLdEZBUfSHaP' ] }
}
ReplyError: WRONGPASS invalid username-password pair or user is disabled.
    at parseError (/Users/adrianfranciscoperezgomez/Desktop/Personal Apps/vult-intel/node_modules/redis-parser/lib/parser.js:179:12)
    at parseType (/Users/adrianfranciscoperezgomez/Desktop/Personal Apps/vult-intel/node_modules/redis-parser/lib/parser.js:302:14) {
  command: { name: 'auth', args: [ 'IVB0VPnPl0urvQrpSKkbXLdEZBUfSHaP' ] }
}
Connected to Redis for persistence
Redis connection error: ReplyError: WRONGPASS invalid username-password pair or user is disabled.
    at parseError (/Users/adrianfranciscoperezgomez/Desktop/Personal Apps/vult-intel/node_modules/redis-parser/lib/parser.js:179:12)
    at parseType (/Users/adrianfranciscoperezgomez/Desktop/Personal Apps/vult-intel/node_modules/redis-parser/lib/parser.js:302:14) {
  command: { name: 'auth', args: [ 'IVB0VPnPl0urvQrpSKkbXLdEZBUfSHaP' ] }
}
ReplyError: WRONGPASS invalid username-password pair or user is disabled.
    at parseError (/Users/adrianfranciscoperezgomez/Desktop/Personal Apps/vult-intel/node_modules/redis-parser/lib/parser.js:179:12)
    at parseType (/Users/adrianfranciscoperezgomez/Desktop/Personal Apps/vult-intel/node_modules/redis-parser/lib/parser.js:302:14) {
  command: { name: 'auth', args: [ 'IVB0VPnPl0urvQrpSKkbXLdEZBUfSHaP' ] }
}
ReplyError: WRONGPASS invalid username-password pair or user is disabled.
    at parseError (/Users/adrianfranciscoperezgomez/Desktop/Personal Apps/vult-intel/node_modules/redis-parser/lib/parser.js:179:12)
    at parseType (/Users/adrianfranciscoperezgomez/Desktop/Personal Apps/vult-intel/node_modules/redis-parser/lib/parser.js:302:14) {
  command: { name: 'auth', args: [ 'IVB0VPnPl0urvQrpSKkbXLdEZBUfSHaP' ] }
}
ReplyError: WRONGPASS invalid username-password pair or user is disabled.
    at parseError (/Users/adrianfranciscoperezgomez/Desktop/Personal Apps/vult-intel/node_modules/redis-parser/lib/parser.js:179:12)
    at parseType (/Users/adrianfranciscoperezgomez/Desktop/Personal Apps/vult-intel/node_modules/redis-parser/lib/parser.js:302:14) {
  command: { name: 'auth', args: [ 'IVB0VPnPl0urvQrpSKkbXLdEZBUfSHaP' ] }
}
ReplyError: WRONGPASS invalid username-password pair or user is disabled.
    at parseError (/Users/adrianfranciscoperezgomez/Desktop/Personal Apps/vult-intel/node_modules/redis-parser/lib/parser.js:179:12)
    at parseType (/Users/adrianfranciscoperezgomez/Desktop/Personal Apps/vult-intel/node_modules/redis-parser/lib/parser.js:302:14) {
  command: { name: 'auth', args: [ 'IVB0VPnPl0urvQrpSKkbXLdEZBUfSHaP' ] }
}
ReplyError: WRONGPASS invalid username-password pair or user is disabled.
    at parseError (/Users/adrianfranciscoperezgomez/Desktop/Personal Apps/vult-intel/node_modules/redis-parser/lib/parser.js:179:12)
    at parseType (/Users/adrianfranciscoperezgomez/Desktop/Personal Apps/vult-intel/node_modules/redis-parser/lib/parser.js:302:14) {
  command: { name: 'auth', args: [ 'IVB0VPnPl0urvQrpSKkbXLdEZBUfSHaP' ] }
}
ReplyError: WRONGPASS invalid username-password pair or user is disabled.
    at parseError (/Users/adrianfranciscoperezgomez/Desktop/Personal Apps/vult-intel/node_modules/redis-parser/lib/parser.js:179:12)
    at parseType (/Users/adrianfranciscoperezgomez/Desktop/Personal Apps/vult-intel/node_modules/redis-parser/lib/parser.js:302:14) {
  command: { name: 'auth', args: [ 'IVB0VPnPl0urvQrpSKkbXLdEZBUfSHaP' ] }
}
Connected to Redis for persistence
ReplyError: WRONGPASS invalid username-password pair or user is disabled.
    at parseError (/Users/adrianfranciscoperezgomez/Desktop/Personal Apps/vult-intel/node_modules/redis-parser/lib/parser.js:179:12)
    at parseType (/Users/adrianfranciscoperezgomez/Desktop/Personal Apps/vult-intel/node_modules/redis-parser/lib/parser.js:302:14) {
  command: { name: 'auth', args: [ 'IVB0VPnPl0urvQrpSKkbXLdEZBUfSHaP' ] }
}
Redis connection error: ReplyError: WRONGPASS invalid username-password pair or user is disabled.
    at parseError (/Users/adrianfranciscoperezgomez/Desktop/Personal Apps/vult-intel/node_modules/redis-parser/lib/parser.js:179:12)
    at parseType (/Users/adrianfranciscoperezgomez/Desktop/Personal Apps/vult-intel/node_modules/redis-parser/lib/parser.js:302:14) {
  command: { name: 'auth', args: [ 'IVB0VPnPl0urvQrpSKkbXLdEZBUfSHaP' ] }
}
ReplyError: WRONGPASS invalid username-password pair or user is disabled.
    at parseError (/Users/adrianfranciscoperezgomez/Desktop/Personal Apps/vult-intel/node_modules/redis-parser/lib/parser.js:179:12)
    at parseType (/Users/adrianfranciscoperezgomez/Desktop/Personal Apps/vult-intel/node_modules/redis-parser/lib/parser.js:302:14) {
  command: { name: 'auth', args: [ 'IVB0VPnPl0urvQrpSKkbXLdEZBUfSHaP' ] }
}
ReplyError: WRONGPASS invalid username-password pair or user is disabled.
    at parseError (/Users/adrianfranciscoperezgomez/Desktop/Personal Apps/vult-intel/node_modules/redis-parser/lib/parser.js:179:12)
    at parseType (/Users/adrianfranciscoperezgomez/Desktop/Personal Apps/vult-intel/node_modules/redis-parser/lib/parser.js:302:14) {
  command: { name: 'auth', args: [ 'IVB0VPnPl0urvQrpSKkbXLdEZBUfSHaP' ] }
}
ReplyError: WRONGPASS invalid username-password pair or user is disabled.
    at parseError (/Users/adrianfranciscoperezgomez/Desktop/Personal Apps/vult-intel/node_modules/redis-parser/lib/parser.js:179:12)
    at parseType (/Users/adrianfranciscoperezgomez/Desktop/Personal Apps/vult-intel/node_modules/redis-parser/lib/parser.js:302:14) {
  command: { name: 'auth', args: [ 'IVB0VPnPl0urvQrpSKkbXLdEZBUfSHaP' ] }
}
ReplyError: WRONGPASS invalid username-password pair or user is disabled.
    at parseError (/Users/adrianfranciscoperezgomez/Desktop/Personal Apps/vult-intel/node_modules/redis-parser/lib/parser.js:179:12)
    at parseType (/Users/adrianfranciscoperezgomez/Desktop/Personal Apps/vult-intel/node_modules/redis-parser/lib/parser.js:302:14) {
  command: { name: 'auth', args: [ 'IVB0VPnPl0urvQrpSKkbXLdEZBUfSHaP' ] }
}
ReplyError: WRONGPASS invalid username-password pair or user is disabled.
    at parseError (/Users/adrianfranciscoperezgomez/Desktop/Personal Apps/vult-intel/node_modules/redis-parser/lib/parser.js:179:12)
    at parseType (/Users/adrianfranciscoperezgomez/Desktop/Personal Apps/vult-intel/node_modules/redis-parser/lib/parser.js:302:14) {
  command: { name: 'auth', args: [ 'IVB0VPnPl0urvQrpSKkbXLdEZBUfSHaP' ] }
}
Connected to Redis for persistence
ReplyError: WRONGPASS invalid username-password pair or user is disabled.
    at parseError (/Users/adrianfranciscoperezgomez/Desktop/Personal Apps/vult-intel/node_modules/redis-parser/lib/parser.js:179:12)
    at parseType (/Users/adrianfranciscoperezgomez/Desktop/Personal Apps/vult-intel/node_modules/redis-parser/lib/parser.js:302:14) {
  command: { name: 'auth', args: [ 'IVB0VPnPl0urvQrpSKkbXLdEZBUfSHaP' ] }
}
Redis connection error: ReplyError: WRONGPASS invalid username-password pair or user is disabled.
    at parseError (/Users/adrianfranciscoperezgomez/Desktop/Personal Apps/vult-intel/node_modules/redis-parser/lib/parser.js:179:12)
    at parseType (/Users/adrianfranciscoperezgomez/Desktop/Personal Apps/vult-intel/node_modules/redis-parser/lib/parser.js:302:14) {
  command: { name: 'auth', args: [ 'IVB0VPnPl0urvQrpSKkbXLdEZBUfSHaP' ] }
}
ReplyError: WRONGPASS invalid username-password pair or user is disabled.
    at parseError (/Users/adrianfranciscoperezgomez/Desktop/Personal Apps/vult-intel/node_modules/redis-parser/lib/parser.js:179:12)
    at parseType (/Users/adrianfranciscoperezgomez/Desktop/Personal Apps/vult-intel/node_modules/redis-parser/lib/parser.js:302:14) {
  command: { name: 'auth', args: [ 'IVB0VPnPl0urvQrpSKkbXLdEZBUfSHaP' ] }
}
ReplyError: WRONGPASS invalid username-password pair or user is disabled.
    at parseError (/Users/adrianfranciscoperezgomez/Desktop/Personal Apps/vult-intel/node_modules/redis-parser/lib/parser.js:179:12)
    at parseType (/Users/adrianfranciscoperezgomez/Desktop/Personal Apps/vult-intel/node_modules/redis-parser/lib/parser.js:302:14) {
  command: { name: 'auth', args: [ 'IVB0VPnPl0urvQrpSKkbXLdEZBUfSHaP' ] }
}
ReplyError: WRONGPASS invalid username-password pair or user is disabled.
    at parseError (/Users/adrianfranciscoperezgomez/Desktop/Personal Apps/vult-intel/node_modules/redis-parser/lib/parser.js:179:12)
    at parseType (/Users/adrianfranciscoperezgomez/Desktop/Personal Apps/vult-intel/node_modules/redis-parser/lib/parser.js:302:14) {
  command: { name: 'auth', args: [ 'IVB0VPnPl0urvQrpSKkbXLdEZBUfSHaP' ] }
}
ReplyError: WRONGPASS invalid username-password pair or user is disabled.
    at parseError (/Users/adrianfranciscoperezgomez/Desktop/Personal Apps/vult-intel/node_modules/redis-parser/lib/parser.js:179:12)
    at parseType (/Users/adrianfranciscoperezgomez/Desktop/Personal Apps/vult-intel/node_modules/redis-parser/lib/parser.js:302:14) {
  command: { name: 'auth', args: [ 'IVB0VPnPl0urvQrpSKkbXLdEZBUfSHaP' ] }
}
ReplyError: WRONGPASS invalid username-password pair or user is disabled.
    at parseError (/Users/adrianfranciscoperezgomez/Desktop/Personal Apps/vult-intel/node_modules/redis-parser/lib/parser.js:179:12)
    at parseType (/Users/adrianfranciscoperezgomez/Desktop/Personal Apps/vult-intel/node_modules/redis-parser/lib/parser.js:302:14) {
  command: { name: 'auth', args: [ 'IVB0VPnPl0urvQrpSKkbXLdEZBUfSHaP' ] }
}
Connected to Redis for persistence
ReplyError: WRONGPASS invalid username-password pair or user is disabled.
    at parseError (/Users/adrianfranciscoperezgomez/Desktop/Personal Apps/vult-intel/node_modules/redis-parser/lib/parser.js:179:12)
    at parseType (/Users/adrianfranciscoperezgomez/Desktop/Personal Apps/vult-intel/node_modules/redis-parser/lib/parser.js:302:14) {
  command: { name: 'auth', args: [ 'IVB0VPnPl0urvQrpSKkbXLdEZBUfSHaP' ] }
}
Redis connection error: ReplyError: WRONGPASS invalid username-password pair or user is disabled.
    at parseError (/Users/adrianfranciscoperezgomez/Desktop/Personal Apps/vult-intel/node_modules/redis-parser/lib/parser.js:179:12)
    at parseType (/Users/adrianfranciscoperezgomez/Desktop/Personal Apps/vult-intel/node_modules/redis-parser/lib/parser.js:302:14) {
  command: { name: 'auth', args: [ 'IVB0VPnPl0urvQrpSKkbXLdEZBUfSHaP' ] }
}
ReplyError: WRONGPASS invalid username-password pair or user is disabled.
    at parseError (/Users/adrianfranciscoperezgomez/Desktop/Personal Apps/vult-intel/node_modules/redis-parser/lib/parser.js:179:12)
    at parseType (/Users/adrianfranciscoperezgomez/Desktop/Personal Apps/vult-intel/node_modules/redis-parser/lib/parser.js:302:14) {
  command: { name: 'auth', args: [ 'IVB0VPnPl0urvQrpSKkbXLdEZBUfSHaP' ] }
}
ReplyError: WRONGPASS invalid username-password pair or user is disabled.
    at parseError (/Users/adrianfranciscoperezgomez/Desktop/Personal Apps/vult-intel/node_modules/redis-parser/lib/parser.js:179:12)
    at parseType (/Users/adrianfranciscoperezgomez/Desktop/Personal Apps/vult-intel/node_modules/redis-parser/lib/parser.js:302:14) {
  command: { name: 'auth', args: [ 'IVB0VPnPl0urvQrpSKkbXLdEZBUfSHaP' ] }
}
ReplyError: WRONGPASS invalid username-password pair or user is disabled.
    at parseError (/Users/adrianfranciscoperezgomez/Desktop/Personal Apps/vult-intel/node_modules/redis-parser/lib/parser.js:179:12)
    at parseType (/Users/adrianfranciscoperezgomez/Desktop/Personal Apps/vult-intel/node_modules/redis-parser/lib/parser.js:302:14) {
  command: { name: 'auth', args: [ 'IVB0VPnPl0urvQrpSKkbXLdEZBUfSHaP' ] }
}
ReplyError: WRONGPASS invalid username-password pair or user is disabled.
    at parseError (/Users/adrianfranciscoperezgomez/Desktop/Personal Apps/vult-intel/node_modules/redis-parser/lib/parser.js:179:12)
    at parseType (/Users/adrianfranciscoperezgomez/Desktop/Personal Apps/vult-intel/node_modules/redis-parser/lib/parser.js:302:14) {
  command: { name: 'auth', args: [ 'IVB0VPnPl0urvQrpSKkbXLdEZBUfSHaP' ] }
}
ReplyError: WRONGPASS invalid username-password pair or user is disabled.
    at parseError (/Users/adrianfranciscoperezgomez/Desktop/Personal Apps/vult-intel/node_modules/redis-parser/lib/parser.js:179:12)
    at parseType (/Users/adrianfranciscoperezgomez/Desktop/Personal Apps/vult-intel/node_modules/redis-parser/lib/parser.js:302:14) {
  command: { name: 'auth', args: [ 'IVB0VPnPl0urvQrpSKkbXLdEZBUfSHaP' ] }
}
Connected to Redis for persistence
Redis connection error: ReplyError: WRONGPASS invalid username-password pair or user is disabled.
    at parseError (/Users/adrianfranciscoperezgomez/Desktop/Personal Apps/vult-intel/node_modules/redis-parser/lib/parser.js:179:12)
    at parseType (/Users/adrianfranciscoperezgomez/Desktop/Personal Apps/vult-intel/node_modules/redis-parser/lib/parser.js:302:14) {
  command: { name: 'auth', args: [ 'IVB0VPnPl0urvQrpSKkbXLdEZBUfSHaP' ] }
}
ReplyError: WRONGPASS invalid username-password pair or user is disabled.
    at parseError (/Users/adrianfranciscoperezgomez/Desktop/Personal Apps/vult-intel/node_modules/redis-parser/lib/parser.js:179:12)
    at parseType (/Users/adrianfranciscoperezgomez/Desktop/Personal Apps/vult-intel/node_modules/redis-parser/lib/parser.js:302:14) {
  command: { name: 'auth', args: [ 'IVB0VPnPl0urvQrpSKkbXLdEZBUfSHaP' ] }
}
ReplyError: WRONGPASS invalid username-password pair or user is disabled.
    at parseError (/Users/adrianfranciscoperezgomez/Desktop/Personal Apps/vult-intel/node_modules/redis-parser/lib/parser.js:179:12)
    at parseType (/Users/adrianfranciscoperezgomez/Desktop/Personal Apps/vult-intel/node_modules/redis-parser/lib/parser.js:302:14) {
  command: { name: 'auth', args: [ 'IVB0VPnPl0urvQrpSKkbXLdEZBUfSHaP' ] }
}
ReplyError: WRONGPASS invalid username-password pair or user is disabled.
    at parseError (/Users/adrianfranciscoperezgomez/Desktop/Personal Apps/vult-intel/node_modules/redis-parser/lib/parser.js:179:12)
    at parseType (/Users/adrianfranciscoperezgomez/Desktop/Personal Apps/vult-intel/node_modules/redis-parser/lib/parser.js:302:14) {
  command: { name: 'auth', args: [ 'IVB0VPnPl0urvQrpSKkbXLdEZBUfSHaP' ] }
}
ReplyError: WRONGPASS invalid username-password pair or user is disabled.
    at parseError (/Users/adrianfranciscoperezgomez/Desktop/Personal Apps/vult-intel/node_modules/redis-parser/lib/parser.js:179:12)
    at parseType (/Users/adrianfranciscoperezgomez/Desktop/Personal Apps/vult-intel/node_modules/redis-parser/lib/parser.js:302:14) {
  command: { name: 'auth', args: [ 'IVB0VPnPl0urvQrpSKkbXLdEZBUfSHaP' ] }
}
ReplyError: WRONGPASS invalid username-password pair or user is disabled.
    at parseError (/Users/adrianfranciscoperezgomez/Desktop/Personal Apps/vult-intel/node_modules/redis-parser/lib/parser.js:179:12)
    at parseType (/Users/adrianfranciscoperezgomez/Desktop/Personal Apps/vult-intel/node_modules/redis-parser/lib/parser.js:302:14) {
  command: { name: 'auth', args: [ 'IVB0VPnPl0urvQrpSKkbXLdEZBUfSHaP' ] }
}
ReplyError: WRONGPASS invalid username-password pair or user is disabled.
    at parseError (/Users/adrianfranciscoperezgomez/Desktop/Personal Apps/vult-intel/node_modules/redis-parser/lib/parser.js:179:12)
    at parseType (/Users/adrianfranciscoperezgomez/Desktop/Personal Apps/vult-intel/node_modules/redis-parser/lib/parser.js:302:14) {
  command: { name: 'auth', args: [ 'IVB0VPnPl0urvQrpSKkbXLdEZBUfSHaP' ] }
}
Connected to Redis for persistence
Redis connection error: ReplyError: WRONGPASS invalid username-password pair or user is disabled.
    at parseError (/Users/adrianfranciscoperezgomez/Desktop/Personal Apps/vult-intel/node_modules/redis-parser/lib/parser.js:179:12)
    at parseType (/Users/adrianfranciscoperezgomez/Desktop/Personal Apps/vult-intel/node_modules/redis-parser/lib/parser.js:302:14) {
  command: { name: 'auth', args: [ 'IVB0VPnPl0urvQrpSKkbXLdEZBUfSHaP' ] }
}
ReplyError: WRONGPASS invalid username-password pair or user is disabled.
    at parseError (/Users/adrianfranciscoperezgomez/Desktop/Personal Apps/vult-intel/node_modules/redis-parser/lib/parser.js:179:12)
    at parseType (/Users/adrianfranciscoperezgomez/Desktop/Personal Apps/vult-intel/node_modules/redis-parser/lib/parser.js:302:14) {
  command: { name: 'auth', args: [ 'IVB0VPnPl0urvQrpSKkbXLdEZBUfSHaP' ] }
}
ReplyError: WRONGPASS invalid username-password pair or user is disabled.
    at parseError (/Users/adrianfranciscoperezgomez/Desktop/Personal Apps/vult-intel/node_modules/redis-parser/lib/parser.js:179:12)
    at parseType (/Users/adrianfranciscoperezgomez/Desktop/Personal Apps/vult-intel/node_modules/redis-parser/lib/parser.js:302:14) {
  command: { name: 'auth', args: [ 'IVB0VPnPl0urvQrpSKkbXLdEZBUfSHaP' ] }
}
ReplyError: WRONGPASS invalid username-password pair or user is disabled.
    at parseError (/Users/adrianfranciscoperezgomez/Desktop/Personal Apps/vult-intel/node_modules/redis-parser/lib/parser.js:179:12)
    at parseType (/Users/adrianfranciscoperezgomez/Desktop/Personal Apps/vult-intel/node_modules/redis-parser/lib/parser.js:302:14) {
  command: { name: 'auth', args: [ 'IVB0VPnPl0urvQrpSKkbXLdEZBUfSHaP' ] }
}
ReplyError: WRONGPASS invalid username-password pair or user is disabled.
    at parseError (/Users/adrianfranciscoperezgomez/Desktop/Personal Apps/vult-intel/node_modules/redis-parser/lib/parser.js:179:12)
    at parseType (/Users/adrianfranciscoperezgomez/Desktop/Personal Apps/vult-intel/node_modules/redis-parser/lib/parser.js:302:14) {
  command: { name: 'auth', args: [ 'IVB0VPnPl0urvQrpSKkbXLdEZBUfSHaP' ] }
}
ReplyError: WRONGPASS invalid username-password pair or user is disabled.
    at parseError (/Users/adrianfranciscoperezgomez/Desktop/Personal Apps/vult-intel/node_modules/redis-parser/lib/parser.js:179:12)
    at parseType (/Users/adrianfranciscoperezgomez/Desktop/Personal Apps/vult-intel/node_modules/redis-parser/lib/parser.js:302:14) {
  command: { name: 'auth', args: [ 'IVB0VPnPl0urvQrpSKkbXLdEZBUfSHaP' ] }
}
ReplyError: WRONGPASS invalid username-password pair or user is disabled.
    at parseError (/Users/adrianfranciscoperezgomez/Desktop/Personal Apps/vult-intel/node_modules/redis-parser/lib/parser.js:179:12)
    at parseType (/Users/adrianfranciscoperezgomez/Desktop/Personal Apps/vult-intel/node_modules/redis-parser/lib/parser.js:302:14) {
  command: { name: 'auth', args: [ 'IVB0VPnPl0urvQrpSKkbXLdEZBUfSHaP' ] }
}
Connected to Redis for persistence
ReplyError: WRONGPASS invalid username-password pair or user is disabled.
    at parseError (/Users/adrianfranciscoperezgomez/Desktop/Personal Apps/vult-intel/node_modules/redis-parser/lib/parser.js:179:12)
    at parseType (/Users/adrianfranciscoperezgomez/Desktop/Personal Apps/vult-intel/node_modules/redis-parser/lib/parser.js:302:14) {
  command: { name: 'auth', args: [ 'IVB0VPnPl0urvQrpSKkbXLdEZBUfSHaP' ] }
}
Redis connection error: ReplyError: WRONGPASS invalid username-password pair or user is disabled.
    at parseError (/Users/adrianfranciscoperezgomez/Desktop/Personal Apps/vult-intel/node_modules/redis-parser/lib/parser.js:179:12)
    at parseType (/Users/adrianfranciscoperezgomez/Desktop/Personal Apps/vult-intel/node_modules/redis-parser/lib/parser.js:302:14) {
  command: { name: 'auth', args: [ 'IVB0VPnPl0urvQrpSKkbXLdEZBUfSHaP' ] }
}
ReplyError: WRONGPASS invalid username-password pair or user is disabled.
    at parseError (/Users/adrianfranciscoperezgomez/Desktop/Personal Apps/vult-intel/node_modules/redis-parser/lib/parser.js:179:12)
    at parseType (/Users/adrianfranciscoperezgomez/Desktop/Personal Apps/vult-intel/node_modules/redis-parser/lib/parser.js:302:14) {
  command: { name: 'auth', args: [ 'IVB0VPnPl0urvQrpSKkbXLdEZBUfSHaP' ] }
}
ReplyError: WRONGPASS invalid username-password pair or user is disabled.
    at parseError (/Users/adrianfranciscoperezgomez/Desktop/Personal Apps/vult-intel/node_modules/redis-parser/lib/parser.js:179:12)
    at parseType (/Users/adrianfranciscoperezgomez/Desktop/Personal Apps/vult-intel/node_modules/redis-parser/lib/parser.js:302:14) {
  command: { name: 'auth', args: [ 'IVB0VPnPl0urvQrpSKkbXLdEZBUfSHaP' ] }
}
ReplyError: WRONGPASS invalid username-password pair or user is disabled.
    at parseError (/Users/adrianfranciscoperezgomez/Desktop/Personal Apps/vult-intel/node_modules/redis-parser/lib/parser.js:179:12)
    at parseType (/Users/adrianfranciscoperezgomez/Desktop/Personal Apps/vult-intel/node_modules/redis-parser/lib/parser.js:302:14) {
  command: { name: 'auth', args: [ 'IVB0VPnPl0urvQrpSKkbXLdEZBUfSHaP' ] }
}
ReplyError: WRONGPASS invalid username-password pair or user is disabled.
    at parseError (/Users/adrianfranciscoperezgomez/Desktop/Personal Apps/vult-intel/node_modules/redis-parser/lib/parser.js:179:12)
    at parseType (/Users/adrianfranciscoperezgomez/Desktop/Personal Apps/vult-intel/node_modules/redis-parser/lib/parser.js:302:14) {
  command: { name: 'auth', args: [ 'IVB0VPnPl0urvQrpSKkbXLdEZBUfSHaP' ] }
}
ReplyError: WRONGPASS invalid username-password pair or user is disabled.
    at parseError (/Users/adrianfranciscoperezgomez/Desktop/Personal Apps/vult-intel/node_modules/redis-parser/lib/parser.js:179:12)
    at parseType (/Users/adrianfranciscoperezgomez/Desktop/Personal Apps/vult-intel/node_modules/redis-parser/lib/parser.js:302:14) {
  command: { name: 'auth', args: [ 'IVB0VPnPl0urvQrpSKkbXLdEZBUfSHaP' ] }
}
Connected to Redis for persistence
ReplyError: WRONGPASS invalid username-password pair or user is disabled.
    at parseError (/Users/adrianfranciscoperezgomez/Desktop/Personal Apps/vult-intel/node_modules/redis-parser/lib/parser.js:179:12)
    at parseType (/Users/adrianfranciscoperezgomez/Desktop/Personal Apps/vult-intel/node_modules/redis-parser/lib/parser.js:302:14) {
  command: { name: 'auth', args: [ 'IVB0VPnPl0urvQrpSKkbXLdEZBUfSHaP' ] }
}
Redis connection error: ReplyError: WRONGPASS invalid username-password pair or user is disabled.
    at parseError (/Users/adrianfranciscoperezgomez/Desktop/Personal Apps/vult-intel/node_modules/redis-parser/lib/parser.js:179:12)
    at parseType (/Users/adrianfranciscoperezgomez/Desktop/Personal Apps/vult-intel/node_modules/redis-parser/lib/parser.js:302:14) {
  command: { name: 'auth', args: [ 'IVB0VPnPl0urvQrpSKkbXLdEZBUfSHaP' ] }
}
ReplyError: WRONGPASS invalid username-password pair or user is disabled.
    at parseError (/Users/adrianfranciscoperezgomez/Desktop/Personal Apps/vult-intel/node_modules/redis-parser/lib/parser.js:179:12)
    at parseType (/Users/adrianfranciscoperezgomez/Desktop/Personal Apps/vult-intel/node_modules/redis-parser/lib/parser.js:302:14) {
  command: { name: 'auth', args: [ 'IVB0VPnPl0urvQrpSKkbXLdEZBUfSHaP' ] }
}
ReplyError: WRONGPASS invalid username-password pair or user is disabled.
    at parseError (/Users/adrianfranciscoperezgomez/Desktop/Personal Apps/vult-intel/node_modules/redis-parser/lib/parser.js:179:12)
    at parseType (/Users/adrianfranciscoperezgomez/Desktop/Personal Apps/vult-intel/node_modules/redis-parser/lib/parser.js:302:14) {
  command: { name: 'auth', args: [ 'IVB0VPnPl0urvQrpSKkbXLdEZBUfSHaP' ] }
}
ReplyError: WRONGPASS invalid username-password pair or user is disabled.
    at parseError (/Users/adrianfranciscoperezgomez/Desktop/Personal Apps/vult-intel/node_modules/redis-parser/lib/parser.js:179:12)
    at parseType (/Users/adrianfranciscoperezgomez/Desktop/Personal Apps/vult-intel/node_modules/redis-parser/lib/parser.js:302:14) {
  command: { name: 'auth', args: [ 'IVB0VPnPl0urvQrpSKkbXLdEZBUfSHaP' ] }
}
ReplyError: WRONGPASS invalid username-password pair or user is disabled.
    at parseError (/Users/adrianfranciscoperezgomez/Desktop/Personal Apps/vult-intel/node_modules/redis-parser/lib/parser.js:179:12)
    at parseType (/Users/adrianfranciscoperezgomez/Desktop/Personal Apps/vult-intel/node_modules/redis-parser/lib/parser.js:302:14) {
  command: { name: 'auth', args: [ 'IVB0VPnPl0urvQrpSKkbXLdEZBUfSHaP' ] }
}
ReplyError: WRONGPASS invalid username-password pair or user is disabled.
    at parseError (/Users/adrianfranciscoperezgomez/Desktop/Personal Apps/vult-intel/node_modules/redis-parser/lib/parser.js:179:12)
    at parseType (/Users/adrianfranciscoperezgomez/Desktop/Personal Apps/vult-intel/node_modules/redis-parser/lib/parser.js:302:14) {
  command: { name: 'auth', args: [ 'IVB0VPnPl0urvQrpSKkbXLdEZBUfSHaP' ] }
}
Connected to Redis for persistence
ReplyError: WRONGPASS invalid username-password pair or user is disabled.
    at parseError (/Users/adrianfranciscoperezgomez/Desktop/Personal Apps/vult-intel/node_modules/redis-parser/lib/parser.js:179:12)
    at parseType (/Users/adrianfranciscoperezgomez/Desktop/Personal Apps/vult-intel/node_modules/redis-parser/lib/parser.js:302:14) {
  command: { name: 'auth', args: [ 'IVB0VPnPl0urvQrpSKkbXLdEZBUfSHaP' ] }
}
Redis connection error: ReplyError: WRONGPASS invalid username-password pair or user is disabled.
    at parseError (/Users/adrianfranciscoperezgomez/Desktop/Personal Apps/vult-intel/node_modules/redis-parser/lib/parser.js:179:12)
    at parseType (/Users/adrianfranciscoperezgomez/Desktop/Personal Apps/vult-intel/node_modules/redis-parser/lib/parser.js:302:14) {
  command: { name: 'auth', args: [ 'IVB0VPnPl0urvQrpSKkbXLdEZBUfSHaP' ] }
}
ReplyError: WRONGPASS invalid username-password pair or user is disabled.
    at parseError (/Users/adrianfranciscoperezgomez/Desktop/Personal Apps/vult-intel/node_modules/redis-parser/lib/parser.js:179:12)
    at parseType (/Users/adrianfranciscoperezgomez/Desktop/Personal Apps/vult-intel/node_modules/redis-parser/lib/parser.js:302:14) {
  command: { name: 'auth', args: [ 'IVB0VPnPl0urvQrpSKkbXLdEZBUfSHaP' ] }
}
ReplyError: WRONGPASS invalid username-password pair or user is disabled.
    at parseError (/Users/adrianfranciscoperezgomez/Desktop/Personal Apps/vult-intel/node_modules/redis-parser/lib/parser.js:179:12)
    at parseType (/Users/adrianfranciscoperezgomez/Desktop/Personal Apps/vult-intel/node_modules/redis-parser/lib/parser.js:302:14) {
  command: { name: 'auth', args: [ 'IVB0VPnPl0urvQrpSKkbXLdEZBUfSHaP' ] }
}
ReplyError: WRONGPASS invalid username-password pair or user is disabled.
    at parseError (/Users/adrianfranciscoperezgomez/Desktop/Personal Apps/vult-intel/node_modules/redis-parser/lib/parser.js:179:12)
    at parseType (/Users/adrianfranciscoperezgomez/Desktop/Personal Apps/vult-intel/node_modules/redis-parser/lib/parser.js:302:14) {
  command: { name: 'auth', args: [ 'IVB0VPnPl0urvQrpSKkbXLdEZBUfSHaP' ] }
}
ReplyError: WRONGPASS invalid username-password pair or user is disabled.
    at parseError (/Users/adrianfranciscoperezgomez/Desktop/Personal Apps/vult-intel/node_modules/redis-parser/lib/parser.js:179:12)
    at parseType (/Users/adrianfranciscoperezgomez/Desktop/Personal Apps/vult-intel/node_modules/redis-parser/lib/parser.js:302:14) {
  command: { name: 'auth', args: [ 'IVB0VPnPl0urvQrpSKkbXLdEZBUfSHaP' ] }
}
ReplyError: WRONGPASS invalid username-password pair or user is disabled.
    at parseError (/Users/adrianfranciscoperezgomez/Desktop/Personal Apps/vult-intel/node_modules/redis-parser/lib/parser.js:179:12)
    at parseType (/Users/adrianfranciscoperezgomez/Desktop/Personal Apps/vult-intel/node_modules/redis-parser/lib/parser.js:302:14) {
  command: { name: 'auth', args: [ 'IVB0VPnPl0urvQrpSKkbXLdEZBUfSHaP' ] }
}
Connected to Redis for persistence
ReplyError: WRONGPASS invalid username-password pair or user is disabled.
    at parseError (/Users/adrianfranciscoperezgomez/Desktop/Personal Apps/vult-intel/node_modules/redis-parser/lib/parser.js:179:12)
    at parseType (/Users/adrianfranciscoperezgomez/Desktop/Personal Apps/vult-intel/node_modules/redis-parser/lib/parser.js:302:14) {
  command: { name: 'auth', args: [ 'IVB0VPnPl0urvQrpSKkbXLdEZBUfSHaP' ] }
}
Redis connection error: ReplyError: WRONGPASS invalid username-password pair or user is disabled.
    at parseError (/Users/adrianfranciscoperezgomez/Desktop/Personal Apps/vult-intel/node_modules/redis-parser/lib/parser.js:179:12)
    at parseType (/Users/adrianfranciscoperezgomez/Desktop/Personal Apps/vult-intel/node_modules/redis-parser/lib/parser.js:302:14) {
  command: { name: 'auth', args: [ 'IVB0VPnPl0urvQrpSKkbXLdEZBUfSHaP' ] }
}
ReplyError: WRONGPASS invalid username-password pair or user is disabled.
    at parseError (/Users/adrianfranciscoperezgomez/Desktop/Personal Apps/vult-intel/node_modules/redis-parser/lib/parser.js:179:12)
    at parseType (/Users/adrianfranciscoperezgomez/Desktop/Personal Apps/vult-intel/node_modules/redis-parser/lib/parser.js:302:14) {
  command: { name: 'auth', args: [ 'IVB0VPnPl0urvQrpSKkbXLdEZBUfSHaP' ] }
}
ReplyError: WRONGPASS invalid username-password pair or user is disabled.
    at parseError (/Users/adrianfranciscoperezgomez/Desktop/Personal Apps/vult-intel/node_modules/redis-parser/lib/parser.js:179:12)
    at parseType (/Users/adrianfranciscoperezgomez/Desktop/Personal Apps/vult-intel/node_modules/redis-parser/lib/parser.js:302:14) {
  command: { name: 'auth', args: [ 'IVB0VPnPl0urvQrpSKkbXLdEZBUfSHaP' ] }
}
ReplyError: WRONGPASS invalid username-password pair or user is disabled.
    at parseError (/Users/adrianfranciscoperezgomez/Desktop/Personal Apps/vult-intel/node_modules/redis-parser/lib/parser.js:179:12)
    at parseType (/Users/adrianfranciscoperezgomez/Desktop/Personal Apps/vult-intel/node_modules/redis-parser/lib/parser.js:302:14) {
  command: { name: 'auth', args: [ 'IVB0VPnPl0urvQrpSKkbXLdEZBUfSHaP' ] }
}
ReplyError: WRONGPASS invalid username-password pair or user is disabled.
    at parseError (/Users/adrianfranciscoperezgomez/Desktop/Personal Apps/vult-intel/node_modules/redis-parser/lib/parser.js:179:12)
    at parseType (/Users/adrianfranciscoperezgomez/Desktop/Personal Apps/vult-intel/node_modules/redis-parser/lib/parser.js:302:14) {
  command: { name: 'auth', args: [ 'IVB0VPnPl0urvQrpSKkbXLdEZBUfSHaP' ] }
}
ReplyError: WRONGPASS invalid username-password pair or user is disabled.
    at parseError (/Users/adrianfranciscoperezgomez/Desktop/Personal Apps/vult-intel/node_modules/redis-parser/lib/parser.js:179:12)
    at parseType (/Users/adrianfranciscoperezgomez/Desktop/Personal Apps/vult-intel/node_modules/redis-parser/lib/parser.js:302:14) {
  command: { name: 'auth', args: [ 'IVB0VPnPl0urvQrpSKkbXLdEZBUfSHaP' ] }
}
Connected to Redis for persistence
Redis connection error: ReplyError: WRONGPASS invalid username-password pair or user is disabled.
    at parseError (/Users/adrianfranciscoperezgomez/Desktop/Personal Apps/vult-intel/node_modules/redis-parser/lib/parser.js:179:12)
    at parseType (/Users/adrianfranciscoperezgomez/Desktop/Personal Apps/vult-intel/node_modules/redis-parser/lib/parser.js:302:14) {
  command: { name: 'auth', args: [ 'IVB0VPnPl0urvQrpSKkbXLdEZBUfSHaP' ] }
}
ReplyError: WRONGPASS invalid username-password pair or user is disabled.
    at parseError (/Users/adrianfranciscoperezgomez/Desktop/Personal Apps/vult-intel/node_modules/redis-parser/lib/parser.js:179:12)
    at parseType (/Users/adrianfranciscoperezgomez/Desktop/Personal Apps/vult-intel/node_modules/redis-parser/lib/parser.js:302:14) {
  command: { name: 'auth', args: [ 'IVB0VPnPl0urvQrpSKkbXLdEZBUfSHaP' ] }
}
ReplyError: WRONGPASS invalid username-password pair or user is disabled.
    at parseError (/Users/adrianfranciscoperezgomez/Desktop/Personal Apps/vult-intel/node_modules/redis-parser/lib/parser.js:179:12)
    at parseType (/Users/adrianfranciscoperezgomez/Desktop/Personal Apps/vult-intel/node_modules/redis-parser/lib/parser.js:302:14) {
  command: { name: 'auth', args: [ 'IVB0VPnPl0urvQrpSKkbXLdEZBUfSHaP' ] }
}
ReplyError: WRONGPASS invalid username-password pair or user is disabled.
    at parseError (/Users/adrianfranciscoperezgomez/Desktop/Personal Apps/vult-intel/node_modules/redis-parser/lib/parser.js:179:12)
    at parseType (/Users/adrianfranciscoperezgomez/Desktop/Personal Apps/vult-intel/node_modules/redis-parser/lib/parser.js:302:14) {
  command: { name: 'auth', args: [ 'IVB0VPnPl0urvQrpSKkbXLdEZBUfSHaP' ] }
}
ReplyError: WRONGPASS invalid username-password pair or user is disabled.
    at parseError (/Users/adrianfranciscoperezgomez/Desktop/Personal Apps/vult-intel/node_modules/redis-parser/lib/parser.js:179:12)
    at parseType (/Users/adrianfranciscoperezgomez/Desktop/Personal Apps/vult-intel/node_modules/redis-parser/lib/parser.js:302:14) {
  command: { name: 'auth', args: [ 'IVB0VPnPl0urvQrpSKkbXLdEZBUfSHaP' ] }
}
ReplyError: WRONGPASS invalid username-password pair or user is disabled.
    at parseError (/Users/adrianfranciscoperezgomez/Desktop/Personal Apps/vult-intel/node_modules/redis-parser/lib/parser.js:179:12)
    at parseType (/Users/adrianfranciscoperezgomez/Desktop/Personal Apps/vult-intel/node_modules/redis-parser/lib/parser.js:302:14) {
  command: { name: 'auth', args: [ 'IVB0VPnPl0urvQrpSKkbXLdEZBUfSHaP' ] }
}
ReplyError: WRONGPASS invalid username-password pair or user is disabled.
    at parseError (/Users/adrianfranciscoperezgomez/Desktop/Personal Apps/vult-intel/node_modules/redis-parser/lib/parser.js:179:12)
    at parseType (/Users/adrianfranciscoperezgomez/Desktop/Personal Apps/vult-intel/node_modules/redis-parser/lib/parser.js:302:14) {
  command: { name: 'auth', args: [ 'IVB0VPnPl0urvQrpSKkbXLdEZBUfSHaP' ] }
}
Connected to Redis for persistence
Redis connection error: ReplyError: WRONGPASS invalid username-password pair or user is disabled.
    at parseError (/Users/adrianfranciscoperezgomez/Desktop/Personal Apps/vult-intel/node_modules/redis-parser/lib/parser.js:179:12)
    at parseType (/Users/adrianfranciscoperezgomez/Desktop/Personal Apps/vult-intel/node_modules/redis-parser/lib/parser.js:302:14) {
  command: { name: 'auth', args: [ 'IVB0VPnPl0urvQrpSKkbXLdEZBUfSHaP' ] }
}
ReplyError: WRONGPASS invalid username-password pair or user is disabled.
    at parseError (/Users/adrianfranciscoperezgomez/Desktop/Personal Apps/vult-intel/node_modules/redis-parser/lib/parser.js:179:12)
    at parseType (/Users/adrianfranciscoperezgomez/Desktop/Personal Apps/vult-intel/node_modules/redis-parser/lib/parser.js:302:14) {
  command: { name: 'auth', args: [ 'IVB0VPnPl0urvQrpSKkbXLdEZBUfSHaP' ] }
}
ReplyError: WRONGPASS invalid username-password pair or user is disabled.
    at parseError (/Users/adrianfranciscoperezgomez/Desktop/Personal Apps/vult-intel/node_modules/redis-parser/lib/parser.js:179:12)
    at parseType (/Users/adrianfranciscoperezgomez/Desktop/Personal Apps/vult-intel/node_modules/redis-parser/lib/parser.js:302:14) {
  command: { name: 'auth', args: [ 'IVB0VPnPl0urvQrpSKkbXLdEZBUfSHaP' ] }
}
ReplyError: WRONGPASS invalid username-password pair or user is disabled.
    at parseError (/Users/adrianfranciscoperezgomez/Desktop/Personal Apps/vult-intel/node_modules/redis-parser/lib/parser.js:179:12)
    at parseType (/Users/adrianfranciscoperezgomez/Desktop/Personal Apps/vult-intel/node_modules/redis-parser/lib/parser.js:302:14) {
  command: { name: 'auth', args: [ 'IVB0VPnPl0urvQrpSKkbXLdEZBUfSHaP' ] }
}
ReplyError: WRONGPASS invalid username-password pair or user is disabled.
    at parseError (/Users/adrianfranciscoperezgomez/Desktop/Personal Apps/vult-intel/node_modules/redis-parser/lib/parser.js:179:12)
    at parseType (/Users/adrianfranciscoperezgomez/Desktop/Personal Apps/vult-intel/node_modules/redis-parser/lib/parser.js:302:14) {
  command: { name: 'auth', args: [ 'IVB0VPnPl0urvQrpSKkbXLdEZBUfSHaP' ] }
}
ReplyError: WRONGPASS invalid username-password pair or user is disabled.
    at parseError (/Users/adrianfranciscoperezgomez/Desktop/Personal Apps/vult-intel/node_modules/redis-parser/lib/parser.js:179:12)
    at parseType (/Users/adrianfranciscoperezgomez/Desktop/Personal Apps/vult-intel/node_modules/redis-parser/lib/parser.js:302:14) {
  command: { name: 'auth', args: [ 'IVB0VPnPl0urvQrpSKkbXLdEZBUfSHaP' ] }
}
ReplyError: WRONGPASS invalid username-password pair or user is disabled.
    at parseError (/Users/adrianfranciscoperezgomez/Desktop/Personal Apps/vult-intel/node_modules/redis-parser/lib/parser.js:179:12)
    at parseType (/Users/adrianfranciscoperezgomez/Desktop/Personal Apps/vult-intel/node_modules/redis-parser/lib/parser.js:302:14) {
  command: { name: 'auth', args: [ 'IVB0VPnPl0urvQrpSKkbXLdEZBUfSHaP' ] }
}
Connected to Redis for persistence
Redis connection error: ReplyError: WRONGPASS invalid username-password pair or user is disabled.
    at parseError (/Users/adrianfranciscoperezgomez/Desktop/Personal Apps/vult-intel/node_modules/redis-parser/lib/parser.js:179:12)
    at parseType (/Users/adrianfranciscoperezgomez/Desktop/Personal Apps/vult-intel/node_modules/redis-parser/lib/parser.js:302:14) {
  command: { name: 'auth', args: [ 'IVB0VPnPl0urvQrpSKkbXLdEZBUfSHaP' ] }
}
ReplyError: WRONGPASS invalid username-password pair or user is disabled.
    at parseError (/Users/adrianfranciscoperezgomez/Desktop/Personal Apps/vult-intel/node_modules/redis-parser/lib/parser.js:179:12)
    at parseType (/Users/adrianfranciscoperezgomez/Desktop/Personal Apps/vult-intel/node_modules/redis-parser/lib/parser.js:302:14) {
  command: { name: 'auth', args: [ 'IVB0VPnPl0urvQrpSKkbXLdEZBUfSHaP' ] }
}
ReplyError: WRONGPASS invalid username-password pair or user is disabled.
    at parseError (/Users/adrianfranciscoperezgomez/Desktop/Personal Apps/vult-intel/node_modules/redis-parser/lib/parser.js:179:12)
    at parseType (/Users/adrianfranciscoperezgomez/Desktop/Personal Apps/vult-intel/node_modules/redis-parser/lib/parser.js:302:14) {
  command: { name: 'auth', args: [ 'IVB0VPnPl0urvQrpSKkbXLdEZBUfSHaP' ] }
}
ReplyError: WRONGPASS invalid username-password pair or user is disabled.
    at parseError (/Users/adrianfranciscoperezgomez/Desktop/Personal Apps/vult-intel/node_modules/redis-parser/lib/parser.js:179:12)
    at parseType (/Users/adrianfranciscoperezgomez/Desktop/Personal Apps/vult-intel/node_modules/redis-parser/lib/parser.js:302:14) {
  command: { name: 'auth', args: [ 'IVB0VPnPl0urvQrpSKkbXLdEZBUfSHaP' ] }
}
ReplyError: WRONGPASS invalid username-password pair or user is disabled.
    at parseError (/Users/adrianfranciscoperezgomez/Desktop/Personal Apps/vult-intel/node_modules/redis-parser/lib/parser.js:179:12)
    at parseType (/Users/adrianfranciscoperezgomez/Desktop/Personal Apps/vult-intel/node_modules/redis-parser/lib/parser.js:302:14) {
  command: { name: 'auth', args: [ 'IVB0VPnPl0urvQrpSKkbXLdEZBUfSHaP' ] }
}
ReplyError: WRONGPASS invalid username-password pair or user is disabled.
    at parseError (/Users/adrianfranciscoperezgomez/Desktop/Personal Apps/vult-intel/node_modules/redis-parser/lib/parser.js:179:12)
    at parseType (/Users/adrianfranciscoperezgomez/Desktop/Personal Apps/vult-intel/node_modules/redis-parser/lib/parser.js:302:14) {
  command: { name: 'auth', args: [ 'IVB0VPnPl0urvQrpSKkbXLdEZBUfSHaP' ] }
}
ReplyError: WRONGPASS invalid username-password pair or user is disabled.
    at parseError (/Users/adrianfranciscoperezgomez/Desktop/Personal Apps/vult-intel/node_modules/redis-parser/lib/parser.js:179:12)
    at parseType (/Users/adrianfranciscoperezgomez/Desktop/Personal Apps/vult-intel/node_modules/redis-parser/lib/parser.js:302:14) {
  command: { name: 'auth', args: [ 'IVB0VPnPl0urvQrpSKkbXLdEZBUfSHaP' ] }
}
Connected to Redis for persistence
Redis connection error: ReplyError: WRONGPASS invalid username-password pair or user is disabled.
    at parseError (/Users/adrianfranciscoperezgomez/Desktop/Personal Apps/vult-intel/node_modules/redis-parser/lib/parser.js:179:12)
    at parseType (/Users/adrianfranciscoperezgomez/Desktop/Personal Apps/vult-intel/node_modules/redis-parser/lib/parser.js:302:14) {
  command: { name: 'auth', args: [ 'IVB0VPnPl0urvQrpSKkbXLdEZBUfSHaP' ] }
}
ReplyError: WRONGPASS invalid username-password pair or user is disabled.
    at parseError (/Users/adrianfranciscoperezgomez/Desktop/Personal Apps/vult-intel/node_modules/redis-parser/lib/parser.js:179:12)
    at parseType (/Users/adrianfranciscoperezgomez/Desktop/Personal Apps/vult-intel/node_modules/redis-parser/lib/parser.js:302:14) {
  command: { name: 'auth', args: [ 'IVB0VPnPl0urvQrpSKkbXLdEZBUfSHaP' ] }
}
ReplyError: WRONGPASS invalid username-password pair or user is disabled.
    at parseError (/Users/adrianfranciscoperezgomez/Desktop/Personal Apps/vult-intel/node_modules/redis-parser/lib/parser.js:179:12)
    at parseType (/Users/adrianfranciscoperezgomez/Desktop/Personal Apps/vult-intel/node_modules/redis-parser/lib/parser.js:302:14) {
  command: { name: 'auth', args: [ 'IVB0VPnPl0urvQrpSKkbXLdEZBUfSHaP' ] }
}
ReplyError: WRONGPASS invalid username-password pair or user is disabled.
    at parseError (/Users/adrianfranciscoperezgomez/Desktop/Personal Apps/vult-intel/node_modules/redis-parser/lib/parser.js:179:12)
    at parseType (/Users/adrianfranciscoperezgomez/Desktop/Personal Apps/vult-intel/node_modules/redis-parser/lib/parser.js:302:14) {
  command: { name: 'auth', args: [ 'IVB0VPnPl0urvQrpSKkbXLdEZBUfSHaP' ] }
}
ReplyError: WRONGPASS invalid username-password pair or user is disabled.
    at parseError (/Users/adrianfranciscoperezgomez/Desktop/Personal Apps/vult-intel/node_modules/redis-parser/lib/parser.js:179:12)
    at parseType (/Users/adrianfranciscoperezgomez/Desktop/Personal Apps/vult-intel/node_modules/redis-parser/lib/parser.js:302:14) {
  command: { name: 'auth', args: [ 'IVB0VPnPl0urvQrpSKkbXLdEZBUfSHaP' ] }
}
ReplyError: WRONGPASS invalid username-password pair or user is disabled.
    at parseError (/Users/adrianfranciscoperezgomez/Desktop/Personal Apps/vult-intel/node_modules/redis-parser/lib/parser.js:179:12)
    at parseType (/Users/adrianfranciscoperezgomez/Desktop/Personal Apps/vult-intel/node_modules/redis-parser/lib/parser.js:302:14) {
  command: { name: 'auth', args: [ 'IVB0VPnPl0urvQrpSKkbXLdEZBUfSHaP' ] }
}
ReplyError: WRONGPASS invalid username-password pair or user is disabled.
    at parseError (/Users/adrianfranciscoperezgomez/Desktop/Personal Apps/vult-intel/node_modules/redis-parser/lib/parser.js:179:12)
    at parseType (/Users/adrianfranciscoperezgomez/Desktop/Personal Apps/vult-intel/node_modules/redis-parser/lib/parser.js:302:14) {
  command: { name: 'auth', args: [ 'IVB0VPnPl0urvQrpSKkbXLdEZBUfSHaP' ] }
}
Connected to Redis for persistence
Redis connection error: ReplyError: WRONGPASS invalid username-password pair or user is disabled.
    at parseError (/Users/adrianfranciscoperezgomez/Desktop/Personal Apps/vult-intel/node_modules/redis-parser/lib/parser.js:179:12)
    at parseType (/Users/adrianfranciscoperezgomez/Desktop/Personal Apps/vult-intel/node_modules/redis-parser/lib/parser.js:302:14) {
  command: { name: 'auth', args: [ 'IVB0VPnPl0urvQrpSKkbXLdEZBUfSHaP' ] }
}
ReplyError: WRONGPASS invalid username-password pair or user is disabled.
    at parseError (/Users/adrianfranciscoperezgomez/Desktop/Personal Apps/vult-intel/node_modules/redis-parser/lib/parser.js:179:12)
    at parseType (/Users/adrianfranciscoperezgomez/Desktop/Personal Apps/vult-intel/node_modules/redis-parser/lib/parser.js:302:14) {
  command: { name: 'auth', args: [ 'IVB0VPnPl0urvQrpSKkbXLdEZBUfSHaP' ] }
}
ReplyError: WRONGPASS invalid username-password pair or user is disabled.
    at parseError (/Users/adrianfranciscoperezgomez/Desktop/Personal Apps/vult-intel/node_modules/redis-parser/lib/parser.js:179:12)
    at parseType (/Users/adrianfranciscoperezgomez/Desktop/Personal Apps/vult-intel/node_modules/redis-parser/lib/parser.js:302:14) {
  command: { name: 'auth', args: [ 'IVB0VPnPl0urvQrpSKkbXLdEZBUfSHaP' ] }
}
ReplyError: WRONGPASS invalid username-password pair or user is disabled.
    at parseError (/Users/adrianfranciscoperezgomez/Desktop/Personal Apps/vult-intel/node_modules/redis-parser/lib/parser.js:179:12)
    at parseType (/Users/adrianfranciscoperezgomez/Desktop/Personal Apps/vult-intel/node_modules/redis-parser/lib/parser.js:302:14) {
  command: { name: 'auth', args: [ 'IVB0VPnPl0urvQrpSKkbXLdEZBUfSHaP' ] }
}
ReplyError: WRONGPASS invalid username-password pair or user is disabled.
    at parseError (/Users/adrianfranciscoperezgomez/Desktop/Personal Apps/vult-intel/node_modules/redis-parser/lib/parser.js:179:12)
    at parseType (/Users/adrianfranciscoperezgomez/Desktop/Personal Apps/vult-intel/node_modules/redis-parser/lib/parser.js:302:14) {
  command: { name: 'auth', args: [ 'IVB0VPnPl0urvQrpSKkbXLdEZBUfSHaP' ] }
}
ReplyError: WRONGPASS invalid username-password pair or user is disabled.
    at parseError (/Users/adrianfranciscoperezgomez/Desktop/Personal Apps/vult-intel/node_modules/redis-parser/lib/parser.js:179:12)
    at parseType (/Users/adrianfranciscoperezgomez/Desktop/Personal Apps/vult-intel/node_modules/redis-parser/lib/parser.js:302:14) {
  command: { name: 'auth', args: [ 'IVB0VPnPl0urvQrpSKkbXLdEZBUfSHaP' ] }
}
ReplyError: WRONGPASS invalid username-password pair or user is disabled.
    at parseError (/Users/adrianfranciscoperezgomez/Desktop/Personal Apps/vult-intel/node_modules/redis-parser/lib/parser.js:179:12)
    at parseType (/Users/adrianfranciscoperezgomez/Desktop/Personal Apps/vult-intel/node_modules/redis-parser/lib/parser.js:302:14) {
  command: { name: 'auth', args: [ 'IVB0VPnPl0urvQrpSKkbXLdEZBUfSHaP' ] }
}
Connected to Redis for persistence
Redis connection error: ReplyError: WRONGPASS invalid username-password pair or user is disabled.
    at parseError (/Users/adrianfranciscoperezgomez/Desktop/Personal Apps/vult-intel/node_modules/redis-parser/lib/parser.js:179:12)
    at parseType (/Users/adrianfranciscoperezgomez/Desktop/Personal Apps/vult-intel/node_modules/redis-parser/lib/parser.js:302:14) {
  command: { name: 'auth', args: [ 'IVB0VPnPl0urvQrpSKkbXLdEZBUfSHaP' ] }
}
ReplyError: WRONGPASS invalid username-password pair or user is disabled.
    at parseError (/Users/adrianfranciscoperezgomez/Desktop/Personal Apps/vult-intel/node_modules/redis-parser/lib/parser.js:179:12)
    at parseType (/Users/adrianfranciscoperezgomez/Desktop/Personal Apps/vult-intel/node_modules/redis-parser/lib/parser.js:302:14) {
  command: { name: 'auth', args: [ 'IVB0VPnPl0urvQrpSKkbXLdEZBUfSHaP' ] }
}
ReplyError: WRONGPASS invalid username-password pair or user is disabled.
    at parseError (/Users/adrianfranciscoperezgomez/Desktop/Personal Apps/vult-intel/node_modules/redis-parser/lib/parser.js:179:12)
    at parseType (/Users/adrianfranciscoperezgomez/Desktop/Personal Apps/vult-intel/node_modules/redis-parser/lib/parser.js:302:14) {
  command: { name: 'auth', args: [ 'IVB0VPnPl0urvQrpSKkbXLdEZBUfSHaP' ] }
}
ReplyError: WRONGPASS invalid username-password pair or user is disabled.
    at parseError (/Users/adrianfranciscoperezgomez/Desktop/Personal Apps/vult-intel/node_modules/redis-parser/lib/parser.js:179:12)
    at parseType (/Users/adrianfranciscoperezgomez/Desktop/Personal Apps/vult-intel/node_modules/redis-parser/lib/parser.js:302:14) {
  command: { name: 'auth', args: [ 'IVB0VPnPl0urvQrpSKkbXLdEZBUfSHaP' ] }
}
ReplyError: WRONGPASS invalid username-password pair or user is disabled.
    at parseError (/Users/adrianfranciscoperezgomez/Desktop/Personal Apps/vult-intel/node_modules/redis-parser/lib/parser.js:179:12)
    at parseType (/Users/adrianfranciscoperezgomez/Desktop/Personal Apps/vult-intel/node_modules/redis-parser/lib/parser.js:302:14) {
  command: { name: 'auth', args: [ 'IVB0VPnPl0urvQrpSKkbXLdEZBUfSHaP' ] }
}
ReplyError: WRONGPASS invalid username-password pair or user is disabled.
    at parseError (/Users/adrianfranciscoperezgomez/Desktop/Personal Apps/vult-intel/node_modules/redis-parser/lib/parser.js:179:12)
    at parseType (/Users/adrianfranciscoperezgomez/Desktop/Personal Apps/vult-intel/node_modules/redis-parser/lib/parser.js:302:14) {
  command: { name: 'auth', args: [ 'IVB0VPnPl0urvQrpSKkbXLdEZBUfSHaP' ] }
}
ReplyError: WRONGPASS invalid username-password pair or user is disabled.
    at parseError (/Users/adrianfranciscoperezgomez/Desktop/Personal Apps/vult-intel/node_modules/redis-parser/lib/parser.js:179:12)
    at parseType (/Users/adrianfranciscoperezgomez/Desktop/Personal Apps/vult-intel/node_modules/redis-parser/lib/parser.js:302:14) {
  command: { name: 'auth', args: [ 'IVB0VPnPl0urvQrpSKkbXLdEZBUfSHaP' ] }
}
Connected to Redis for persistence
Redis connection error: ReplyError: WRONGPASS invalid username-password pair or user is disabled.
    at parseError (/Users/adrianfranciscoperezgomez/Desktop/Personal Apps/vult-intel/node_modules/redis-parser/lib/parser.js:179:12)
    at parseType (/Users/adrianfranciscoperezgomez/Desktop/Personal Apps/vult-intel/node_modules/redis-parser/lib/parser.js:302:14) {
  command: { name: 'auth', args: [ 'IVB0VPnPl0urvQrpSKkbXLdEZBUfSHaP' ] }
}
ReplyError: WRONGPASS invalid username-password pair or user is disabled.
    at parseError (/Users/adrianfranciscoperezgomez/Desktop/Personal Apps/vult-intel/node_modules/redis-parser/lib/parser.js:179:12)
    at parseType (/Users/adrianfranciscoperezgomez/Desktop/Personal Apps/vult-intel/node_modules/redis-parser/lib/parser.js:302:14) {
  command: { name: 'auth', args: [ 'IVB0VPnPl0urvQrpSKkbXLdEZBUfSHaP' ] }
}
ReplyError: WRONGPASS invalid username-password pair or user is disabled.
    at parseError (/Users/adrianfranciscoperezgomez/Desktop/Personal Apps/vult-intel/node_modules/redis-parser/lib/parser.js:179:12)
    at parseType (/Users/adrianfranciscoperezgomez/Desktop/Personal Apps/vult-intel/node_modules/redis-parser/lib/parser.js:302:14) {
  command: { name: 'auth', args: [ 'IVB0VPnPl0urvQrpSKkbXLdEZBUfSHaP' ] }
}
ReplyError: WRONGPASS invalid username-password pair or user is disabled.
    at parseError (/Users/adrianfranciscoperezgomez/Desktop/Personal Apps/vult-intel/node_modules/redis-parser/lib/parser.js:179:12)
    at parseType (/Users/adrianfranciscoperezgomez/Desktop/Personal Apps/vult-intel/node_modules/redis-parser/lib/parser.js:302:14) {
  command: { name: 'auth', args: [ 'IVB0VPnPl0urvQrpSKkbXLdEZBUfSHaP' ] }
}
ReplyError: WRONGPASS invalid username-password pair or user is disabled.
    at parseError (/Users/adrianfranciscoperezgomez/Desktop/Personal Apps/vult-intel/node_modules/redis-parser/lib/parser.js:179:12)
    at parseType (/Users/adrianfranciscoperezgomez/Desktop/Personal Apps/vult-intel/node_modules/redis-parser/lib/parser.js:302:14) {
  command: { name: 'auth', args: [ 'IVB0VPnPl0urvQrpSKkbXLdEZBUfSHaP' ] }
}
ReplyError: WRONGPASS invalid username-password pair or user is disabled.
    at parseError (/Users/adrianfranciscoperezgomez/Desktop/Personal Apps/vult-intel/node_modules/redis-parser/lib/parser.js:179:12)
    at parseType (/Users/adrianfranciscoperezgomez/Desktop/Personal Apps/vult-intel/node_modules/redis-parser/lib/parser.js:302:14) {
  command: { name: 'auth', args: [ 'IVB0VPnPl0urvQrpSKkbXLdEZBUfSHaP' ] }
}
ReplyError: WRONGPASS invalid username-password pair or user is disabled.
    at parseError (/Users/adrianfranciscoperezgomez/Desktop/Personal Apps/vult-intel/node_modules/redis-parser/lib/parser.js:179:12)
    at parseType (/Users/adrianfranciscoperezgomez/Desktop/Personal Apps/vult-intel/node_modules/redis-parser/lib/parser.js:302:14) {
  command: { name: 'auth', args: [ 'IVB0VPnPl0urvQrpSKkbXLdEZBUfSHaP' ] }
}
Connected to Redis for persistence
Redis connection error: ReplyError: WRONGPASS invalid username-password pair or user is disabled.
    at parseError (/Users/adrianfranciscoperezgomez/Desktop/Personal Apps/vult-intel/node_modules/redis-parser/lib/parser.js:179:12)
    at parseType (/Users/adrianfranciscoperezgomez/Desktop/Personal Apps/vult-intel/node_modules/redis-parser/lib/parser.js:302:14) {
  command: { name: 'auth', args: [ 'IVB0VPnPl0urvQrpSKkbXLdEZBUfSHaP' ] }
}
ReplyError: WRONGPASS invalid username-password pair or user is disabled.
    at parseError (/Users/adrianfranciscoperezgomez/Desktop/Personal Apps/vult-intel/node_modules/redis-parser/lib/parser.js:179:12)
    at parseType (/Users/adrianfranciscoperezgomez/Desktop/Personal Apps/vult-intel/node_modules/redis-parser/lib/parser.js:302:14) {
  command: { name: 'auth', args: [ 'IVB0VPnPl0urvQrpSKkbXLdEZBUfSHaP' ] }
}
ReplyError: WRONGPASS invalid username-password pair or user is disabled.
    at parseError (/Users/adrianfranciscoperezgomez/Desktop/Personal Apps/vult-intel/node_modules/redis-parser/lib/parser.js:179:12)
    at parseType (/Users/adrianfranciscoperezgomez/Desktop/Personal Apps/vult-intel/node_modules/redis-parser/lib/parser.js:302:14) {
  command: { name: 'auth', args: [ 'IVB0VPnPl0urvQrpSKkbXLdEZBUfSHaP' ] }
}
ReplyError: WRONGPASS invalid username-password pair or user is disabled.
    at parseError (/Users/adrianfranciscoperezgomez/Desktop/Personal Apps/vult-intel/node_modules/redis-parser/lib/parser.js:179:12)
    at parseType (/Users/adrianfranciscoperezgomez/Desktop/Personal Apps/vult-intel/node_modules/redis-parser/lib/parser.js:302:14) {
  command: { name: 'auth', args: [ 'IVB0VPnPl0urvQrpSKkbXLdEZBUfSHaP' ] }
}
ReplyError: WRONGPASS invalid username-password pair or user is disabled.
    at parseError (/Users/adrianfranciscoperezgomez/Desktop/Personal Apps/vult-intel/node_modules/redis-parser/lib/parser.js:179:12)
    at parseType (/Users/adrianfranciscoperezgomez/Desktop/Personal Apps/vult-intel/node_modules/redis-parser/lib/parser.js:302:14) {
  command: { name: 'auth', args: [ 'IVB0VPnPl0urvQrpSKkbXLdEZBUfSHaP' ] }
}
ReplyError: WRONGPASS invalid username-password pair or user is disabled.
    at parseError (/Users/adrianfranciscoperezgomez/Desktop/Personal Apps/vult-intel/node_modules/redis-parser/lib/parser.js:179:12)
    at parseType (/Users/adrianfranciscoperezgomez/Desktop/Personal Apps/vult-intel/node_modules/redis-parser/lib/parser.js:302:14) {
  command: { name: 'auth', args: [ 'IVB0VPnPl0urvQrpSKkbXLdEZBUfSHaP' ] }
}
ReplyError: WRONGPASS invalid username-password pair or user is disabled.
    at parseError (/Users/adrianfranciscoperezgomez/Desktop/Personal Apps/vult-intel/node_modules/redis-parser/lib/parser.js:179:12)
    at parseType (/Users/adrianfranciscoperezgomez/Desktop/Personal Apps/vult-intel/node_modules/redis-parser/lib/parser.js:302:14) {
  command: { name: 'auth', args: [ 'IVB0VPnPl0urvQrpSKkbXLdEZBUfSHaP' ] }
}
Connected to Redis for persistence
Redis connection error: ReplyError: WRONGPASS invalid username-password pair or user is disabled.
    at parseError (/Users/adrianfranciscoperezgomez/Desktop/Personal Apps/vult-intel/node_modules/redis-parser/lib/parser.js:179:12)
    at parseType (/Users/adrianfranciscoperezgomez/Desktop/Personal Apps/vult-intel/node_modules/redis-parser/lib/parser.js:302:14) {
  command: { name: 'auth', args: [ 'IVB0VPnPl0urvQrpSKkbXLdEZBUfSHaP' ] }
}
ReplyError: WRONGPASS invalid username-password pair or user is disabled.
    at parseError (/Users/adrianfranciscoperezgomez/Desktop/Personal Apps/vult-intel/node_modules/redis-parser/lib/parser.js:179:12)
    at parseType (/Users/adrianfranciscoperezgomez/Desktop/Personal Apps/vult-intel/node_modules/redis-parser/lib/parser.js:302:14) {
  command: { name: 'auth', args: [ 'IVB0VPnPl0urvQrpSKkbXLdEZBUfSHaP' ] }
}
ReplyError: WRONGPASS invalid username-password pair or user is disabled.
    at parseError (/Users/adrianfranciscoperezgomez/Desktop/Personal Apps/vult-intel/node_modules/redis-parser/lib/parser.js:179:12)
    at parseType (/Users/adrianfranciscoperezgomez/Desktop/Personal Apps/vult-intel/node_modules/redis-parser/lib/parser.js:302:14) {
  command: { name: 'auth', args: [ 'IVB0VPnPl0urvQrpSKkbXLdEZBUfSHaP' ] }
}
ReplyError: WRONGPASS invalid username-password pair or user is disabled.
    at parseError (/Users/adrianfranciscoperezgomez/Desktop/Personal Apps/vult-intel/node_modules/redis-parser/lib/parser.js:179:12)
    at parseType (/Users/adrianfranciscoperezgomez/Desktop/Personal Apps/vult-intel/node_modules/redis-parser/lib/parser.js:302:14) {
  command: { name: 'auth', args: [ 'IVB0VPnPl0urvQrpSKkbXLdEZBUfSHaP' ] }
}
ReplyError: WRONGPASS invalid username-password pair or user is disabled.
    at parseError (/Users/adrianfranciscoperezgomez/Desktop/Personal Apps/vult-intel/node_modules/redis-parser/lib/parser.js:179:12)
    at parseType (/Users/adrianfranciscoperezgomez/Desktop/Personal Apps/vult-intel/node_modules/redis-parser/lib/parser.js:302:14) {
  command: { name: 'auth', args: [ 'IVB0VPnPl0urvQrpSKkbXLdEZBUfSHaP' ] }
}
ReplyError: WRONGPASS invalid username-password pair or user is disabled.
    at parseError (/Users/adrianfranciscoperezgomez/Desktop/Personal Apps/vult-intel/node_modules/redis-parser/lib/parser.js:179:12)
    at parseType (/Users/adrianfranciscoperezgomez/Desktop/Personal Apps/vult-intel/node_modules/redis-parser/lib/parser.js:302:14) {
  command: { name: 'auth', args: [ 'IVB0VPnPl0urvQrpSKkbXLdEZBUfSHaP' ] }
}
ReplyError: WRONGPASS invalid username-password pair or user is disabled.
    at parseError (/Users/adrianfranciscoperezgomez/Desktop/Personal Apps/vult-intel/node_modules/redis-parser/lib/parser.js:179:12)
    at parseType (/Users/adrianfranciscoperezgomez/Desktop/Personal Apps/vult-intel/node_modules/redis-parser/lib/parser.js:302:14) {
  command: { name: 'auth', args: [ 'IVB0VPnPl0urvQrpSKkbXLdEZBUfSHaP' ] }
}
Connected to Redis for persistence
Redis connection error: ReplyError: WRONGPASS invalid username-password pair or user is disabled.
    at parseError (/Users/adrianfranciscoperezgomez/Desktop/Personal Apps/vult-intel/node_modules/redis-parser/lib/parser.js:179:12)
    at parseType (/Users/adrianfranciscoperezgomez/Desktop/Personal Apps/vult-intel/node_modules/redis-parser/lib/parser.js:302:14) {
  command: { name: 'auth', args: [ 'IVB0VPnPl0urvQrpSKkbXLdEZBUfSHaP' ] }
}
ReplyError: WRONGPASS invalid username-password pair or user is disabled.
    at parseError (/Users/adrianfranciscoperezgomez/Desktop/Personal Apps/vult-intel/node_modules/redis-parser/lib/parser.js:179:12)
    at parseType (/Users/adrianfranciscoperezgomez/Desktop/Personal Apps/vult-intel/node_modules/redis-parser/lib/parser.js:302:14) {
  command: { name: 'auth', args: [ 'IVB0VPnPl0urvQrpSKkbXLdEZBUfSHaP' ] }
}
ReplyError: WRONGPASS invalid username-password pair or user is disabled.
    at parseError (/Users/adrianfranciscoperezgomez/Desktop/Personal Apps/vult-intel/node_modules/redis-parser/lib/parser.js:179:12)
    at parseType (/Users/adrianfranciscoperezgomez/Desktop/Personal Apps/vult-intel/node_modules/redis-parser/lib/parser.js:302:14) {
  command: { name: 'auth', args: [ 'IVB0VPnPl0urvQrpSKkbXLdEZBUfSHaP' ] }
}
ReplyError: WRONGPASS invalid username-password pair or user is disabled.
    at parseError (/Users/adrianfranciscoperezgomez/Desktop/Personal Apps/vult-intel/node_modules/redis-parser/lib/parser.js:179:12)
    at parseType (/Users/adrianfranciscoperezgomez/Desktop/Personal Apps/vult-intel/node_modules/redis-parser/lib/parser.js:302:14) {
  command: { name: 'auth', args: [ 'IVB0VPnPl0urvQrpSKkbXLdEZBUfSHaP' ] }
}
ReplyError: WRONGPASS invalid username-password pair or user is disabled.
    at parseError (/Users/adrianfranciscoperezgomez/Desktop/Personal Apps/vult-intel/node_modules/redis-parser/lib/parser.js:179:12)
    at parseType (/Users/adrianfranciscoperezgomez/Desktop/Personal Apps/vult-intel/node_modules/redis-parser/lib/parser.js:302:14) {
  command: { name: 'auth', args: [ 'IVB0VPnPl0urvQrpSKkbXLdEZBUfSHaP' ] }
}
ReplyError: WRONGPASS invalid username-password pair or user is disabled.
    at parseError (/Users/adrianfranciscoperezgomez/Desktop/Personal Apps/vult-intel/node_modules/redis-parser/lib/parser.js:179:12)
    at parseType (/Users/adrianfranciscoperezgomez/Desktop/Personal Apps/vult-intel/node_modules/redis-parser/lib/parser.js:302:14) {
  command: { name: 'auth', args: [ 'IVB0VPnPl0urvQrpSKkbXLdEZBUfSHaP' ] }
}
ReplyError: WRONGPASS invalid username-password pair or user is disabled.
    at parseError (/Users/adrianfranciscoperezgomez/Desktop/Personal Apps/vult-intel/node_modules/redis-parser/lib/parser.js:179:12)
    at parseType (/Users/adrianfranciscoperezgomez/Desktop/Personal Apps/vult-intel/node_modules/redis-parser/lib/parser.js:302:14) {
  command: { name: 'auth', args: [ 'IVB0VPnPl0urvQrpSKkbXLdEZBUfSHaP' ] }
}
Connected to Redis for persistence
Redis connection error: ReplyError: WRONGPASS invalid username-password pair or user is disabled.
    at parseError (/Users/adrianfranciscoperezgomez/Desktop/Personal Apps/vult-intel/node_modules/redis-parser/lib/parser.js:179:12)
    at parseType (/Users/adrianfranciscoperezgomez/Desktop/Personal Apps/vult-intel/node_modules/redis-parser/lib/parser.js:302:14) {
  command: { name: 'auth', args: [ 'IVB0VPnPl0urvQrpSKkbXLdEZBUfSHaP' ] }
}
ReplyError: WRONGPASS invalid username-password pair or user is disabled.
    at parseError (/Users/adrianfranciscoperezgomez/Desktop/Personal Apps/vult-intel/node_modules/redis-parser/lib/parser.js:179:12)
    at parseType (/Users/adrianfranciscoperezgomez/Desktop/Personal Apps/vult-intel/node_modules/redis-parser/lib/parser.js:302:14) {
  command: { name: 'auth', args: [ 'IVB0VPnPl0urvQrpSKkbXLdEZBUfSHaP' ] }
}
ReplyError: WRONGPASS invalid username-password pair or user is disabled.
    at parseError (/Users/adrianfranciscoperezgomez/Desktop/Personal Apps/vult-intel/node_modules/redis-parser/lib/parser.js:179:12)
    at parseType (/Users/adrianfranciscoperezgomez/Desktop/Personal Apps/vult-intel/node_modules/redis-parser/lib/parser.js:302:14) {
  command: { name: 'auth', args: [ 'IVB0VPnPl0urvQrpSKkbXLdEZBUfSHaP' ] }
}
ReplyError: WRONGPASS invalid username-password pair or user is disabled.
    at parseError (/Users/adrianfranciscoperezgomez/Desktop/Personal Apps/vult-intel/node_modules/redis-parser/lib/parser.js:179:12)
    at parseType (/Users/adrianfranciscoperezgomez/Desktop/Personal Apps/vult-intel/node_modules/redis-parser/lib/parser.js:302:14) {
  command: { name: 'auth', args: [ 'IVB0VPnPl0urvQrpSKkbXLdEZBUfSHaP' ] }
}
ReplyError: WRONGPASS invalid username-password pair or user is disabled.
    at parseError (/Users/adrianfranciscoperezgomez/Desktop/Personal Apps/vult-intel/node_modules/redis-parser/lib/parser.js:179:12)
    at parseType (/Users/adrianfranciscoperezgomez/Desktop/Personal Apps/vult-intel/node_modules/redis-parser/lib/parser.js:302:14) {
  command: { name: 'auth', args: [ 'IVB0VPnPl0urvQrpSKkbXLdEZBUfSHaP' ] }
}
ReplyError: WRONGPASS invalid username-password pair or user is disabled.
    at parseError (/Users/adrianfranciscoperezgomez/Desktop/Personal Apps/vult-intel/node_modules/redis-parser/lib/parser.js:179:12)
    at parseType (/Users/adrianfranciscoperezgomez/Desktop/Personal Apps/vult-intel/node_modules/redis-parser/lib/parser.js:302:14) {
  command: { name: 'auth', args: [ 'IVB0VPnPl0urvQrpSKkbXLdEZBUfSHaP' ] }
}
ReplyError: WRONGPASS invalid username-password pair or user is disabled.
    at parseError (/Users/adrianfranciscoperezgomez/Desktop/Personal Apps/vult-intel/node_modules/redis-parser/lib/parser.js:179:12)
    at parseType (/Users/adrianfranciscoperezgomez/Desktop/Personal Apps/vult-intel/node_modules/redis-parser/lib/parser.js:302:14) {
  command: { name: 'auth', args: [ 'IVB0VPnPl0urvQrpSKkbXLdEZBUfSHaP' ] }
}
Connected to Redis for persistence
Redis connection error: ReplyError: WRONGPASS invalid username-password pair or user is disabled.
    at parseError (/Users/adrianfranciscoperezgomez/Desktop/Personal Apps/vult-intel/node_modules/redis-parser/lib/parser.js:179:12)
    at parseType (/Users/adrianfranciscoperezgomez/Desktop/Personal Apps/vult-intel/node_modules/redis-parser/lib/parser.js:302:14) {
  command: { name: 'auth', args: [ 'IVB0VPnPl0urvQrpSKkbXLdEZBUfSHaP' ] }
}
ReplyError: WRONGPASS invalid username-password pair or user is disabled.
    at parseError (/Users/adrianfranciscoperezgomez/Desktop/Personal Apps/vult-intel/node_modules/redis-parser/lib/parser.js:179:12)
    at parseType (/Users/adrianfranciscoperezgomez/Desktop/Personal Apps/vult-intel/node_modules/redis-parser/lib/parser.js:302:14) {
  command: { name: 'auth', args: [ 'IVB0VPnPl0urvQrpSKkbXLdEZBUfSHaP' ] }
}
ReplyError: WRONGPASS invalid username-password pair or user is disabled.
    at parseError (/Users/adrianfranciscoperezgomez/Desktop/Personal Apps/vult-intel/node_modules/redis-parser/lib/parser.js:179:12)
    at parseType (/Users/adrianfranciscoperezgomez/Desktop/Personal Apps/vult-intel/node_modules/redis-parser/lib/parser.js:302:14) {
  command: { name: 'auth', args: [ 'IVB0VPnPl0urvQrpSKkbXLdEZBUfSHaP' ] }
}
ReplyError: WRONGPASS invalid username-password pair or user is disabled.
    at parseError (/Users/adrianfranciscoperezgomez/Desktop/Personal Apps/vult-intel/node_modules/redis-parser/lib/parser.js:179:12)
    at parseType (/Users/adrianfranciscoperezgomez/Desktop/Personal Apps/vult-intel/node_modules/redis-parser/lib/parser.js:302:14) {
  command: { name: 'auth', args: [ 'IVB0VPnPl0urvQrpSKkbXLdEZBUfSHaP' ] }
}
ReplyError: WRONGPASS invalid username-password pair or user is disabled.
    at parseError (/Users/adrianfranciscoperezgomez/Desktop/Personal Apps/vult-intel/node_modules/redis-parser/lib/parser.js:179:12)
    at parseType (/Users/adrianfranciscoperezgomez/Desktop/Personal Apps/vult-intel/node_modules/redis-parser/lib/parser.js:302:14) {
  command: { name: 'auth', args: [ 'IVB0VPnPl0urvQrpSKkbXLdEZBUfSHaP' ] }
}
ReplyError: WRONGPASS invalid username-password pair or user is disabled.
    at parseError (/Users/adrianfranciscoperezgomez/Desktop/Personal Apps/vult-intel/node_modules/redis-parser/lib/parser.js:179:12)
    at parseType (/Users/adrianfranciscoperezgomez/Desktop/Personal Apps/vult-intel/node_modules/redis-parser/lib/parser.js:302:14) {
  command: { name: 'auth', args: [ 'IVB0VPnPl0urvQrpSKkbXLdEZBUfSHaP' ] }
}
ReplyError: WRONGPASS invalid username-password pair or user is disabled.
    at parseError (/Users/adrianfranciscoperezgomez/Desktop/Personal Apps/vult-intel/node_modules/redis-parser/lib/parser.js:179:12)
    at parseType (/Users/adrianfranciscoperezgomez/Desktop/Personal Apps/vult-intel/node_modules/redis-parser/lib/parser.js:302:14) {
  command: { name: 'auth', args: [ 'IVB0VPnPl0urvQrpSKkbXLdEZBUfSHaP' ] }
}
Connected to Redis for persistence
ReplyError: WRONGPASS invalid username-password pair or user is disabled.
    at parseError (/Users/adrianfranciscoperezgomez/Desktop/Personal Apps/vult-intel/node_modules/redis-parser/lib/parser.js:179:12)
    at parseType (/Users/adrianfranciscoperezgomez/Desktop/Personal Apps/vult-intel/node_modules/redis-parser/lib/parser.js:302:14) {
  command: { name: 'auth', args: [ 'IVB0VPnPl0urvQrpSKkbXLdEZBUfSHaP' ] }
}
Redis connection error: ReplyError: WRONGPASS invalid username-password pair or user is disabled.
    at parseError (/Users/adrianfranciscoperezgomez/Desktop/Personal Apps/vult-intel/node_modules/redis-parser/lib/parser.js:179:12)
    at parseType (/Users/adrianfranciscoperezgomez/Desktop/Personal Apps/vult-intel/node_modules/redis-parser/lib/parser.js:302:14) {
  command: { name: 'auth', args: [ 'IVB0VPnPl0urvQrpSKkbXLdEZBUfSHaP' ] }
}
ReplyError: WRONGPASS invalid username-password pair or user is disabled.
    at parseError (/Users/adrianfranciscoperezgomez/Desktop/Personal Apps/vult-intel/node_modules/redis-parser/lib/parser.js:179:12)
    at parseType (/Users/adrianfranciscoperezgomez/Desktop/Personal Apps/vult-intel/node_modules/redis-parser/lib/parser.js:302:14) {
  command: { name: 'auth', args: [ 'IVB0VPnPl0urvQrpSKkbXLdEZBUfSHaP' ] }
}
ReplyError: WRONGPASS invalid username-password pair or user is disabled.
    at parseError (/Users/adrianfranciscoperezgomez/Desktop/Personal Apps/vult-intel/node_modules/redis-parser/lib/parser.js:179:12)
    at parseType (/Users/adrianfranciscoperezgomez/Desktop/Personal Apps/vult-intel/node_modules/redis-parser/lib/parser.js:302:14) {
  command: { name: 'auth', args: [ 'IVB0VPnPl0urvQrpSKkbXLdEZBUfSHaP' ] }
}
ReplyError: WRONGPASS invalid username-password pair or user is disabled.
    at parseError (/Users/adrianfranciscoperezgomez/Desktop/Personal Apps/vult-intel/node_modules/redis-parser/lib/parser.js:179:12)
    at parseType (/Users/adrianfranciscoperezgomez/Desktop/Personal Apps/vult-intel/node_modules/redis-parser/lib/parser.js:302:14) {
  command: { name: 'auth', args: [ 'IVB0VPnPl0urvQrpSKkbXLdEZBUfSHaP' ] }
}
ReplyError: WRONGPASS invalid username-password pair or user is disabled.
    at parseError (/Users/adrianfranciscoperezgomez/Desktop/Personal Apps/vult-intel/node_modules/redis-parser/lib/parser.js:179:12)
    at parseType (/Users/adrianfranciscoperezgomez/Desktop/Personal Apps/vult-intel/node_modules/redis-parser/lib/parser.js:302:14) {
  command: { name: 'auth', args: [ 'IVB0VPnPl0urvQrpSKkbXLdEZBUfSHaP' ] }
}
ReplyError: WRONGPASS invalid username-password pair or user is disabled.
    at parseError (/Users/adrianfranciscoperezgomez/Desktop/Personal Apps/vult-intel/node_modules/redis-parser/lib/parser.js:179:12)
    at parseType (/Users/adrianfranciscoperezgomez/Desktop/Personal Apps/vult-intel/node_modules/redis-parser/lib/parser.js:302:14) {
  command: { name: 'auth', args: [ 'IVB0VPnPl0urvQrpSKkbXLdEZBUfSHaP' ] }
}
Connected to Redis for persistence
Redis connection error: ReplyError: WRONGPASS invalid username-password pair or user is disabled.
    at parseError (/Users/adrianfranciscoperezgomez/Desktop/Personal Apps/vult-intel/node_modules/redis-parser/lib/parser.js:179:12)
    at parseType (/Users/adrianfranciscoperezgomez/Desktop/Personal Apps/vult-intel/node_modules/redis-parser/lib/parser.js:302:14) {
  command: { name: 'auth', args: [ 'IVB0VPnPl0urvQrpSKkbXLdEZBUfSHaP' ] }
}
ReplyError: WRONGPASS invalid username-password pair or user is disabled.
    at parseError (/Users/adrianfranciscoperezgomez/Desktop/Personal Apps/vult-intel/node_modules/redis-parser/lib/parser.js:179:12)
    at parseType (/Users/adrianfranciscoperezgomez/Desktop/Personal Apps/vult-intel/node_modules/redis-parser/lib/parser.js:302:14) {
  command: { name: 'auth', args: [ 'IVB0VPnPl0urvQrpSKkbXLdEZBUfSHaP' ] }
}
ReplyError: WRONGPASS invalid username-password pair or user is disabled.
    at parseError (/Users/adrianfranciscoperezgomez/Desktop/Personal Apps/vult-intel/node_modules/redis-parser/lib/parser.js:179:12)
    at parseType (/Users/adrianfranciscoperezgomez/Desktop/Personal Apps/vult-intel/node_modules/redis-parser/lib/parser.js:302:14) {
  command: { name: 'auth', args: [ 'IVB0VPnPl0urvQrpSKkbXLdEZBUfSHaP' ] }
}
ReplyError: WRONGPASS invalid username-password pair or user is disabled.
    at parseError (/Users/adrianfranciscoperezgomez/Desktop/Personal Apps/vult-intel/node_modules/redis-parser/lib/parser.js:179:12)
    at parseType (/Users/adrianfranciscoperezgomez/Desktop/Personal Apps/vult-intel/node_modules/redis-parser/lib/parser.js:302:14) {
  command: { name: 'auth', args: [ 'IVB0VPnPl0urvQrpSKkbXLdEZBUfSHaP' ] }
}
ReplyError: WRONGPASS invalid username-password pair or user is disabled.
    at parseError (/Users/adrianfranciscoperezgomez/Desktop/Personal Apps/vult-intel/node_modules/redis-parser/lib/parser.js:179:12)
    at parseType (/Users/adrianfranciscoperezgomez/Desktop/Personal Apps/vult-intel/node_modules/redis-parser/lib/parser.js:302:14) {
  command: { name: 'auth', args: [ 'IVB0VPnPl0urvQrpSKkbXLdEZBUfSHaP' ] }
}
ReplyError: WRONGPASS invalid username-password pair or user is disabled.
    at parseError (/Users/adrianfranciscoperezgomez/Desktop/Personal Apps/vult-intel/node_modules/redis-parser/lib/parser.js:179:12)
    at parseType (/Users/adrianfranciscoperezgomez/Desktop/Personal Apps/vult-intel/node_modules/redis-parser/lib/parser.js:302:14) {
  command: { name: 'auth', args: [ 'IVB0VPnPl0urvQrpSKkbXLdEZBUfSHaP' ] }
}
ReplyError: WRONGPASS invalid username-password pair or user is disabled.
    at parseError (/Users/adrianfranciscoperezgomez/Desktop/Personal Apps/vult-intel/node_modules/redis-parser/lib/parser.js:179:12)
    at parseType (/Users/adrianfranciscoperezgomez/Desktop/Personal Apps/vult-intel/node_modules/redis-parser/lib/parser.js:302:14) {
  command: { name: 'auth', args: [ 'IVB0VPnPl0urvQrpSKkbXLdEZBUfSHaP' ] }
}
Connected to Redis for persistence
ReplyError: WRONGPASS invalid username-password pair or user is disabled.
    at parseError (/Users/adrianfranciscoperezgomez/Desktop/Personal Apps/vult-intel/node_modules/redis-parser/lib/parser.js:179:12)
    at parseType (/Users/adrianfranciscoperezgomez/Desktop/Personal Apps/vult-intel/node_modules/redis-parser/lib/parser.js:302:14) {
  command: { name: 'auth', args: [ 'IVB0VPnPl0urvQrpSKkbXLdEZBUfSHaP' ] }
}
Redis connection error: ReplyError: WRONGPASS invalid username-password pair or user is disabled.
    at parseError (/Users/adrianfranciscoperezgomez/Desktop/Personal Apps/vult-intel/node_modules/redis-parser/lib/parser.js:179:12)
    at parseType (/Users/adrianfranciscoperezgomez/Desktop/Personal Apps/vult-intel/node_modules/redis-parser/lib/parser.js:302:14) {
  command: { name: 'auth', args: [ 'IVB0VPnPl0urvQrpSKkbXLdEZBUfSHaP' ] }
}
ReplyError: WRONGPASS invalid username-password pair or user is disabled.
    at parseError (/Users/adrianfranciscoperezgomez/Desktop/Personal Apps/vult-intel/node_modules/redis-parser/lib/parser.js:179:12)
    at parseType (/Users/adrianfranciscoperezgomez/Desktop/Personal Apps/vult-intel/node_modules/redis-parser/lib/parser.js:302:14) {
  command: { name: 'auth', args: [ 'IVB0VPnPl0urvQrpSKkbXLdEZBUfSHaP' ] }
}
ReplyError: WRONGPASS invalid username-password pair or user is disabled.
    at parseError (/Users/adrianfranciscoperezgomez/Desktop/Personal Apps/vult-intel/node_modules/redis-parser/lib/parser.js:179:12)
    at parseType (/Users/adrianfranciscoperezgomez/Desktop/Personal Apps/vult-intel/node_modules/redis-parser/lib/parser.js:302:14) {
  command: { name: 'auth', args: [ 'IVB0VPnPl0urvQrpSKkbXLdEZBUfSHaP' ] }
}
ReplyError: WRONGPASS invalid username-password pair or user is disabled.
    at parseError (/Users/adrianfranciscoperezgomez/Desktop/Personal Apps/vult-intel/node_modules/redis-parser/lib/parser.js:179:12)
    at parseType (/Users/adrianfranciscoperezgomez/Desktop/Personal Apps/vult-intel/node_modules/redis-parser/lib/parser.js:302:14) {
  command: { name: 'auth', args: [ 'IVB0VPnPl0urvQrpSKkbXLdEZBUfSHaP' ] }
}
ReplyError: WRONGPASS invalid username-password pair or user is disabled.
    at parseError (/Users/adrianfranciscoperezgomez/Desktop/Personal Apps/vult-intel/node_modules/redis-parser/lib/parser.js:179:12)
    at parseType (/Users/adrianfranciscoperezgomez/Desktop/Personal Apps/vult-intel/node_modules/redis-parser/lib/parser.js:302:14) {
  command: { name: 'auth', args: [ 'IVB0VPnPl0urvQrpSKkbXLdEZBUfSHaP' ] }
}
ReplyError: WRONGPASS invalid username-password pair or user is disabled.
    at parseError (/Users/adrianfranciscoperezgomez/Desktop/Personal Apps/vult-intel/node_modules/redis-parser/lib/parser.js:179:12)
    at parseType (/Users/adrianfranciscoperezgomez/Desktop/Personal Apps/vult-intel/node_modules/redis-parser/lib/parser.js:302:14) {
  command: { name: 'auth', args: [ 'IVB0VPnPl0urvQrpSKkbXLdEZBUfSHaP' ] }
}
Connected to Redis for persistence
ReplyError: WRONGPASS invalid username-password pair or user is disabled.
    at parseError (/Users/adrianfranciscoperezgomez/Desktop/Personal Apps/vult-intel/node_modules/redis-parser/lib/parser.js:179:12)
    at parseType (/Users/adrianfranciscoperezgomez/Desktop/Personal Apps/vult-intel/node_modules/redis-parser/lib/parser.js:302:14) {
  command: { name: 'auth', args: [ 'IVB0VPnPl0urvQrpSKkbXLdEZBUfSHaP' ] }
}
Redis connection error: ReplyError: WRONGPASS invalid username-password pair or user is disabled.
    at parseError (/Users/adrianfranciscoperezgomez/Desktop/Personal Apps/vult-intel/node_modules/redis-parser/lib/parser.js:179:12)
    at parseType (/Users/adrianfranciscoperezgomez/Desktop/Personal Apps/vult-intel/node_modules/redis-parser/lib/parser.js:302:14) {
  command: { name: 'auth', args: [ 'IVB0VPnPl0urvQrpSKkbXLdEZBUfSHaP' ] }
}
ReplyError: WRONGPASS invalid username-password pair or user is disabled.
    at parseError (/Users/adrianfranciscoperezgomez/Desktop/Personal Apps/vult-intel/node_modules/redis-parser/lib/parser.js:179:12)
    at parseType (/Users/adrianfranciscoperezgomez/Desktop/Personal Apps/vult-intel/node_modules/redis-parser/lib/parser.js:302:14) {
  command: { name: 'auth', args: [ 'IVB0VPnPl0urvQrpSKkbXLdEZBUfSHaP' ] }
}
ReplyError: WRONGPASS invalid username-password pair or user is disabled.
    at parseError (/Users/adrianfranciscoperezgomez/Desktop/Personal Apps/vult-intel/node_modules/redis-parser/lib/parser.js:179:12)
    at parseType (/Users/adrianfranciscoperezgomez/Desktop/Personal Apps/vult-intel/node_modules/redis-parser/lib/parser.js:302:14) {
  command: { name: 'auth', args: [ 'IVB0VPnPl0urvQrpSKkbXLdEZBUfSHaP' ] }
}
ReplyError: WRONGPASS invalid username-password pair or user is disabled.
    at parseError (/Users/adrianfranciscoperezgomez/Desktop/Personal Apps/vult-intel/node_modules/redis-parser/lib/parser.js:179:12)
    at parseType (/Users/adrianfranciscoperezgomez/Desktop/Personal Apps/vult-intel/node_modules/redis-parser/lib/parser.js:302:14) {
  command: { name: 'auth', args: [ 'IVB0VPnPl0urvQrpSKkbXLdEZBUfSHaP' ] }
}
ReplyError: WRONGPASS invalid username-password pair or user is disabled.
    at parseError (/Users/adrianfranciscoperezgomez/Desktop/Personal Apps/vult-intel/node_modules/redis-parser/lib/parser.js:179:12)
    at parseType (/Users/adrianfranciscoperezgomez/Desktop/Personal Apps/vult-intel/node_modules/redis-parser/lib/parser.js:302:14) {
  command: { name: 'auth', args: [ 'IVB0VPnPl0urvQrpSKkbXLdEZBUfSHaP' ] }
}
ReplyError: WRONGPASS invalid username-password pair or user is disabled.
    at parseError (/Users/adrianfranciscoperezgomez/Desktop/Personal Apps/vult-intel/node_modules/redis-parser/lib/parser.js:179:12)
    at parseType (/Users/adrianfranciscoperezgomez/Desktop/Personal Apps/vult-intel/node_modules/redis-parser/lib/parser.js:302:14) {
  command: { name: 'auth', args: [ 'IVB0VPnPl0urvQrpSKkbXLdEZBUfSHaP' ] }
}
Connected to Redis for persistence
Redis connection error: ReplyError: WRONGPASS invalid username-password pair or user is disabled.
    at parseError (/Users/adrianfranciscoperezgomez/Desktop/Personal Apps/vult-intel/node_modules/redis-parser/lib/parser.js:179:12)
    at parseType (/Users/adrianfranciscoperezgomez/Desktop/Personal Apps/vult-intel/node_modules/redis-parser/lib/parser.js:302:14) {
  command: { name: 'auth', args: [ 'IVB0VPnPl0urvQrpSKkbXLdEZBUfSHaP' ] }
}
ReplyError: WRONGPASS invalid username-password pair or user is disabled.
    at parseError (/Users/adrianfranciscoperezgomez/Desktop/Personal Apps/vult-intel/node_modules/redis-parser/lib/parser.js:179:12)
    at parseType (/Users/adrianfranciscoperezgomez/Desktop/Personal Apps/vult-intel/node_modules/redis-parser/lib/parser.js:302:14) {
  command: { name: 'auth', args: [ 'IVB0VPnPl0urvQrpSKkbXLdEZBUfSHaP' ] }
}
ReplyError: WRONGPASS invalid username-password pair or user is disabled.
    at parseError (/Users/adrianfranciscoperezgomez/Desktop/Personal Apps/vult-intel/node_modules/redis-parser/lib/parser.js:179:12)
    at parseType (/Users/adrianfranciscoperezgomez/Desktop/Personal Apps/vult-intel/node_modules/redis-parser/lib/parser.js:302:14) {
  command: { name: 'auth', args: [ 'IVB0VPnPl0urvQrpSKkbXLdEZBUfSHaP' ] }
}
ReplyError: WRONGPASS invalid username-password pair or user is disabled.
    at parseError (/Users/adrianfranciscoperezgomez/Desktop/Personal Apps/vult-intel/node_modules/redis-parser/lib/parser.js:179:12)
    at parseType (/Users/adrianfranciscoperezgomez/Desktop/Personal Apps/vult-intel/node_modules/redis-parser/lib/parser.js:302:14) {
  command: { name: 'auth', args: [ 'IVB0VPnPl0urvQrpSKkbXLdEZBUfSHaP' ] }
}
ReplyError: WRONGPASS invalid username-password pair or user is disabled.
    at parseError (/Users/adrianfranciscoperezgomez/Desktop/Personal Apps/vult-intel/node_modules/redis-parser/lib/parser.js:179:12)
    at parseType (/Users/adrianfranciscoperezgomez/Desktop/Personal Apps/vult-intel/node_modules/redis-parser/lib/parser.js:302:14) {
  command: { name: 'auth', args: [ 'IVB0VPnPl0urvQrpSKkbXLdEZBUfSHaP' ] }
}
ReplyError: WRONGPASS invalid username-password pair or user is disabled.
    at parseError (/Users/adrianfranciscoperezgomez/Desktop/Personal Apps/vult-intel/node_modules/redis-parser/lib/parser.js:179:12)
    at parseType (/Users/adrianfranciscoperezgomez/Desktop/Personal Apps/vult-intel/node_modules/redis-parser/lib/parser.js:302:14) {
  command: { name: 'auth', args: [ 'IVB0VPnPl0urvQrpSKkbXLdEZBUfSHaP' ] }
}
ReplyError: WRONGPASS invalid username-password pair or user is disabled.
    at parseError (/Users/adrianfranciscoperezgomez/Desktop/Personal Apps/vult-intel/node_modules/redis-parser/lib/parser.js:179:12)
    at parseType (/Users/adrianfranciscoperezgomez/Desktop/Personal Apps/vult-intel/node_modules/redis-parser/lib/parser.js:302:14) {
  command: { name: 'auth', args: [ 'IVB0VPnPl0urvQrpSKkbXLdEZBUfSHaP' ] }
}
Connected to Redis for persistence
Redis connection error: ReplyError: WRONGPASS invalid username-password pair or user is disabled.
    at parseError (/Users/adrianfranciscoperezgomez/Desktop/Personal Apps/vult-intel/node_modules/redis-parser/lib/parser.js:179:12)
    at parseType (/Users/adrianfranciscoperezgomez/Desktop/Personal Apps/vult-intel/node_modules/redis-parser/lib/parser.js:302:14) {
  command: { name: 'auth', args: [ 'IVB0VPnPl0urvQrpSKkbXLdEZBUfSHaP' ] }
}
ReplyError: WRONGPASS invalid username-password pair or user is disabled.
    at parseError (/Users/adrianfranciscoperezgomez/Desktop/Personal Apps/vult-intel/node_modules/redis-parser/lib/parser.js:179:12)
    at parseType (/Users/adrianfranciscoperezgomez/Desktop/Personal Apps/vult-intel/node_modules/redis-parser/lib/parser.js:302:14) {
  command: { name: 'auth', args: [ 'IVB0VPnPl0urvQrpSKkbXLdEZBUfSHaP' ] }
}
ReplyError: WRONGPASS invalid username-password pair or user is disabled.
    at parseError (/Users/adrianfranciscoperezgomez/Desktop/Personal Apps/vult-intel/node_modules/redis-parser/lib/parser.js:179:12)
    at parseType (/Users/adrianfranciscoperezgomez/Desktop/Personal Apps/vult-intel/node_modules/redis-parser/lib/parser.js:302:14) {
  command: { name: 'auth', args: [ 'IVB0VPnPl0urvQrpSKkbXLdEZBUfSHaP' ] }
}
ReplyError: WRONGPASS invalid username-password pair or user is disabled.
    at parseError (/Users/adrianfranciscoperezgomez/Desktop/Personal Apps/vult-intel/node_modules/redis-parser/lib/parser.js:179:12)
    at parseType (/Users/adrianfranciscoperezgomez/Desktop/Personal Apps/vult-intel/node_modules/redis-parser/lib/parser.js:302:14) {
  command: { name: 'auth', args: [ 'IVB0VPnPl0urvQrpSKkbXLdEZBUfSHaP' ] }
}
ReplyError: WRONGPASS invalid username-password pair or user is disabled.
    at parseError (/Users/adrianfranciscoperezgomez/Desktop/Personal Apps/vult-intel/node_modules/redis-parser/lib/parser.js:179:12)
    at parseType (/Users/adrianfranciscoperezgomez/Desktop/Personal Apps/vult-intel/node_modules/redis-parser/lib/parser.js:302:14) {
  command: { name: 'auth', args: [ 'IVB0VPnPl0urvQrpSKkbXLdEZBUfSHaP' ] }
}
ReplyError: WRONGPASS invalid username-password pair or user is disabled.
    at parseError (/Users/adrianfranciscoperezgomez/Desktop/Personal Apps/vult-intel/node_modules/redis-parser/lib/parser.js:179:12)
    at parseType (/Users/adrianfranciscoperezgomez/Desktop/Personal Apps/vult-intel/node_modules/redis-parser/lib/parser.js:302:14) {
  command: { name: 'auth', args: [ 'IVB0VPnPl0urvQrpSKkbXLdEZBUfSHaP' ] }
}
ReplyError: WRONGPASS invalid username-password pair or user is disabled.
    at parseError (/Users/adrianfranciscoperezgomez/Desktop/Personal Apps/vult-intel/node_modules/redis-parser/lib/parser.js:179:12)
    at parseType (/Users/adrianfranciscoperezgomez/Desktop/Personal Apps/vult-intel/node_modules/redis-parser/lib/parser.js:302:14) {
  command: { name: 'auth', args: [ 'IVB0VPnPl0urvQrpSKkbXLdEZBUfSHaP' ] }
}
Connected to Redis for persistence
Redis connection error: ReplyError: WRONGPASS invalid username-password pair or user is disabled.
    at parseError (/Users/adrianfranciscoperezgomez/Desktop/Personal Apps/vult-intel/node_modules/redis-parser/lib/parser.js:179:12)
    at parseType (/Users/adrianfranciscoperezgomez/Desktop/Personal Apps/vult-intel/node_modules/redis-parser/lib/parser.js:302:14) {
  command: { name: 'auth', args: [ 'IVB0VPnPl0urvQrpSKkbXLdEZBUfSHaP' ] }
}
ReplyError: WRONGPASS invalid username-password pair or user is disabled.
    at parseError (/Users/adrianfranciscoperezgomez/Desktop/Personal Apps/vult-intel/node_modules/redis-parser/lib/parser.js:179:12)
    at parseType (/Users/adrianfranciscoperezgomez/Desktop/Personal Apps/vult-intel/node_modules/redis-parser/lib/parser.js:302:14) {
  command: { name: 'auth', args: [ 'IVB0VPnPl0urvQrpSKkbXLdEZBUfSHaP' ] }
}
ReplyError: WRONGPASS invalid username-password pair or user is disabled.
    at parseError (/Users/adrianfranciscoperezgomez/Desktop/Personal Apps/vult-intel/node_modules/redis-parser/lib/parser.js:179:12)
    at parseType (/Users/adrianfranciscoperezgomez/Desktop/Personal Apps/vult-intel/node_modules/redis-parser/lib/parser.js:302:14) {
  command: { name: 'auth', args: [ 'IVB0VPnPl0urvQrpSKkbXLdEZBUfSHaP' ] }
}
ReplyError: WRONGPASS invalid username-password pair or user is disabled.
    at parseError (/Users/adrianfranciscoperezgomez/Desktop/Personal Apps/vult-intel/node_modules/redis-parser/lib/parser.js:179:12)
    at parseType (/Users/adrianfranciscoperezgomez/Desktop/Personal Apps/vult-intel/node_modules/redis-parser/lib/parser.js:302:14) {
  command: { name: 'auth', args: [ 'IVB0VPnPl0urvQrpSKkbXLdEZBUfSHaP' ] }
}
ReplyError: WRONGPASS invalid username-password pair or user is disabled.
    at parseError (/Users/adrianfranciscoperezgomez/Desktop/Personal Apps/vult-intel/node_modules/redis-parser/lib/parser.js:179:12)
    at parseType (/Users/adrianfranciscoperezgomez/Desktop/Personal Apps/vult-intel/node_modules/redis-parser/lib/parser.js:302:14) {
  command: { name: 'auth', args: [ 'IVB0VPnPl0urvQrpSKkbXLdEZBUfSHaP' ] }
}
ReplyError: WRONGPASS invalid username-password pair or user is disabled.
    at parseError (/Users/adrianfranciscoperezgomez/Desktop/Personal Apps/vult-intel/node_modules/redis-parser/lib/parser.js:179:12)
    at parseType (/Users/adrianfranciscoperezgomez/Desktop/Personal Apps/vult-intel/node_modules/redis-parser/lib/parser.js:302:14) {
  command: { name: 'auth', args: [ 'IVB0VPnPl0urvQrpSKkbXLdEZBUfSHaP' ] }
}
ReplyError: WRONGPASS invalid username-password pair or user is disabled.
    at parseError (/Users/adrianfranciscoperezgomez/Desktop/Personal Apps/vult-intel/node_modules/redis-parser/lib/parser.js:179:12)
    at parseType (/Users/adrianfranciscoperezgomez/Desktop/Personal Apps/vult-intel/node_modules/redis-parser/lib/parser.js:302:14) {
  command: { name: 'auth', args: [ 'IVB0VPnPl0urvQrpSKkbXLdEZBUfSHaP' ] }
}
Connected to Redis for persistence
Redis connection error: ReplyError: WRONGPASS invalid username-password pair or user is disabled.
    at parseError (/Users/adrianfranciscoperezgomez/Desktop/Personal Apps/vult-intel/node_modules/redis-parser/lib/parser.js:179:12)
    at parseType (/Users/adrianfranciscoperezgomez/Desktop/Personal Apps/vult-intel/node_modules/redis-parser/lib/parser.js:302:14) {
  command: { name: 'auth', args: [ 'IVB0VPnPl0urvQrpSKkbXLdEZBUfSHaP' ] }
}
ReplyError: WRONGPASS invalid username-password pair or user is disabled.
    at parseError (/Users/adrianfranciscoperezgomez/Desktop/Personal Apps/vult-intel/node_modules/redis-parser/lib/parser.js:179:12)
    at parseType (/Users/adrianfranciscoperezgomez/Desktop/Personal Apps/vult-intel/node_modules/redis-parser/lib/parser.js:302:14) {
  command: { name: 'auth', args: [ 'IVB0VPnPl0urvQrpSKkbXLdEZBUfSHaP' ] }
}
ReplyError: WRONGPASS invalid username-password pair or user is disabled.
    at parseError (/Users/adrianfranciscoperezgomez/Desktop/Personal Apps/vult-intel/node_modules/redis-parser/lib/parser.js:179:12)
    at parseType (/Users/adrianfranciscoperezgomez/Desktop/Personal Apps/vult-intel/node_modules/redis-parser/lib/parser.js:302:14) {
  command: { name: 'auth', args: [ 'IVB0VPnPl0urvQrpSKkbXLdEZBUfSHaP' ] }
}
ReplyError: WRONGPASS invalid username-password pair or user is disabled.
    at parseError (/Users/adrianfranciscoperezgomez/Desktop/Personal Apps/vult-intel/node_modules/redis-parser/lib/parser.js:179:12)
    at parseType (/Users/adrianfranciscoperezgomez/Desktop/Personal Apps/vult-intel/node_modules/redis-parser/lib/parser.js:302:14) {
  command: { name: 'auth', args: [ 'IVB0VPnPl0urvQrpSKkbXLdEZBUfSHaP' ] }
}
ReplyError: WRONGPASS invalid username-password pair or user is disabled.
    at parseError (/Users/adrianfranciscoperezgomez/Desktop/Personal Apps/vult-intel/node_modules/redis-parser/lib/parser.js:179:12)
    at parseType (/Users/adrianfranciscoperezgomez/Desktop/Personal Apps/vult-intel/node_modules/redis-parser/lib/parser.js:302:14) {
  command: { name: 'auth', args: [ 'IVB0VPnPl0urvQrpSKkbXLdEZBUfSHaP' ] }
}
ReplyError: WRONGPASS invalid username-password pair or user is disabled.
    at parseError (/Users/adrianfranciscoperezgomez/Desktop/Personal Apps/vult-intel/node_modules/redis-parser/lib/parser.js:179:12)
    at parseType (/Users/adrianfranciscoperezgomez/Desktop/Personal Apps/vult-intel/node_modules/redis-parser/lib/parser.js:302:14) {
  command: { name: 'auth', args: [ 'IVB0VPnPl0urvQrpSKkbXLdEZBUfSHaP' ] }
}
ReplyError: WRONGPASS invalid username-password pair or user is disabled.
    at parseError (/Users/adrianfranciscoperezgomez/Desktop/Personal Apps/vult-intel/node_modules/redis-parser/lib/parser.js:179:12)
    at parseType (/Users/adrianfranciscoperezgomez/Desktop/Personal Apps/vult-intel/node_modules/redis-parser/lib/parser.js:302:14) {
  command: { name: 'auth', args: [ 'IVB0VPnPl0urvQrpSKkbXLdEZBUfSHaP' ] }
}
Connected to Redis for persistence
Redis connection error: ReplyError: WRONGPASS invalid username-password pair or user is disabled.
    at parseError (/Users/adrianfranciscoperezgomez/Desktop/Personal Apps/vult-intel/node_modules/redis-parser/lib/parser.js:179:12)
    at parseType (/Users/adrianfranciscoperezgomez/Desktop/Personal Apps/vult-intel/node_modules/redis-parser/lib/parser.js:302:14) {
  command: { name: 'auth', args: [ 'IVB0VPnPl0urvQrpSKkbXLdEZBUfSHaP' ] }
}
ReplyError: WRONGPASS invalid username-password pair or user is disabled.
    at parseError (/Users/adrianfranciscoperezgomez/Desktop/Personal Apps/vult-intel/node_modules/redis-parser/lib/parser.js:179:12)
    at parseType (/Users/adrianfranciscoperezgomez/Desktop/Personal Apps/vult-intel/node_modules/redis-parser/lib/parser.js:302:14) {
  command: { name: 'auth', args: [ 'IVB0VPnPl0urvQrpSKkbXLdEZBUfSHaP' ] }
}
ReplyError: WRONGPASS invalid username-password pair or user is disabled.
    at parseError (/Users/adrianfranciscoperezgomez/Desktop/Personal Apps/vult-intel/node_modules/redis-parser/lib/parser.js:179:12)
    at parseType (/Users/adrianfranciscoperezgomez/Desktop/Personal Apps/vult-intel/node_modules/redis-parser/lib/parser.js:302:14) {
  command: { name: 'auth', args: [ 'IVB0VPnPl0urvQrpSKkbXLdEZBUfSHaP' ] }
}
ReplyError: WRONGPASS invalid username-password pair or user is disabled.
    at parseError (/Users/adrianfranciscoperezgomez/Desktop/Personal Apps/vult-intel/node_modules/redis-parser/lib/parser.js:179:12)
    at parseType (/Users/adrianfranciscoperezgomez/Desktop/Personal Apps/vult-intel/node_modules/redis-parser/lib/parser.js:302:14) {
  command: { name: 'auth', args: [ 'IVB0VPnPl0urvQrpSKkbXLdEZBUfSHaP' ] }
}
ReplyError: WRONGPASS invalid username-password pair or user is disabled.
    at parseError (/Users/adrianfranciscoperezgomez/Desktop/Personal Apps/vult-intel/node_modules/redis-parser/lib/parser.js:179:12)
    at parseType (/Users/adrianfranciscoperezgomez/Desktop/Personal Apps/vult-intel/node_modules/redis-parser/lib/parser.js:302:14) {
  command: { name: 'auth', args: [ 'IVB0VPnPl0urvQrpSKkbXLdEZBUfSHaP' ] }
}
ReplyError: WRONGPASS invalid username-password pair or user is disabled.
    at parseError (/Users/adrianfranciscoperezgomez/Desktop/Personal Apps/vult-intel/node_modules/redis-parser/lib/parser.js:179:12)
    at parseType (/Users/adrianfranciscoperezgomez/Desktop/Personal Apps/vult-intel/node_modules/redis-parser/lib/parser.js:302:14) {
  command: { name: 'auth', args: [ 'IVB0VPnPl0urvQrpSKkbXLdEZBUfSHaP' ] }
}
ReplyError: WRONGPASS invalid username-password pair or user is disabled.
    at parseError (/Users/adrianfranciscoperezgomez/Desktop/Personal Apps/vult-intel/node_modules/redis-parser/lib/parser.js:179:12)
    at parseType (/Users/adrianfranciscoperezgomez/Desktop/Personal Apps/vult-intel/node_modules/redis-parser/lib/parser.js:302:14) {
  command: { name: 'auth', args: [ 'IVB0VPnPl0urvQrpSKkbXLdEZBUfSHaP' ] }
}
Connected to Redis for persistence
Redis connection error: ReplyError: WRONGPASS invalid username-password pair or user is disabled.
    at parseError (/Users/adrianfranciscoperezgomez/Desktop/Personal Apps/vult-intel/node_modules/redis-parser/lib/parser.js:179:12)
    at parseType (/Users/adrianfranciscoperezgomez/Desktop/Personal Apps/vult-intel/node_modules/redis-parser/lib/parser.js:302:14) {
  command: { name: 'auth', args: [ 'IVB0VPnPl0urvQrpSKkbXLdEZBUfSHaP' ] }
}
ReplyError: WRONGPASS invalid username-password pair or user is disabled.
    at parseError (/Users/adrianfranciscoperezgomez/Desktop/Personal Apps/vult-intel/node_modules/redis-parser/lib/parser.js:179:12)
    at parseType (/Users/adrianfranciscoperezgomez/Desktop/Personal Apps/vult-intel/node_modules/redis-parser/lib/parser.js:302:14) {
  command: { name: 'auth', args: [ 'IVB0VPnPl0urvQrpSKkbXLdEZBUfSHaP' ] }
}
ReplyError: WRONGPASS invalid username-password pair or user is disabled.
    at parseError (/Users/adrianfranciscoperezgomez/Desktop/Personal Apps/vult-intel/node_modules/redis-parser/lib/parser.js:179:12)
    at parseType (/Users/adrianfranciscoperezgomez/Desktop/Personal Apps/vult-intel/node_modules/redis-parser/lib/parser.js:302:14) {
  command: { name: 'auth', args: [ 'IVB0VPnPl0urvQrpSKkbXLdEZBUfSHaP' ] }
}
ReplyError: WRONGPASS invalid username-password pair or user is disabled.
    at parseError (/Users/adrianfranciscoperezgomez/Desktop/Personal Apps/vult-intel/node_modules/redis-parser/lib/parser.js:179:12)
    at parseType (/Users/adrianfranciscoperezgomez/Desktop/Personal Apps/vult-intel/node_modules/redis-parser/lib/parser.js:302:14) {
  command: { name: 'auth', args: [ 'IVB0VPnPl0urvQrpSKkbXLdEZBUfSHaP' ] }
}
ReplyError: WRONGPASS invalid username-password pair or user is disabled.
    at parseError (/Users/adrianfranciscoperezgomez/Desktop/Personal Apps/vult-intel/node_modules/redis-parser/lib/parser.js:179:12)
    at parseType (/Users/adrianfranciscoperezgomez/Desktop/Personal Apps/vult-intel/node_modules/redis-parser/lib/parser.js:302:14) {
  command: { name: 'auth', args: [ 'IVB0VPnPl0urvQrpSKkbXLdEZBUfSHaP' ] }
}
ReplyError: WRONGPASS invalid username-password pair or user is disabled.
    at parseError (/Users/adrianfranciscoperezgomez/Desktop/Personal Apps/vult-intel/node_modules/redis-parser/lib/parser.js:179:12)
    at parseType (/Users/adrianfranciscoperezgomez/Desktop/Personal Apps/vult-intel/node_modules/redis-parser/lib/parser.js:302:14) {
  command: { name: 'auth', args: [ 'IVB0VPnPl0urvQrpSKkbXLdEZBUfSHaP' ] }
}
ReplyError: WRONGPASS invalid username-password pair or user is disabled.
    at parseError (/Users/adrianfranciscoperezgomez/Desktop/Personal Apps/vult-intel/node_modules/redis-parser/lib/parser.js:179:12)
    at parseType (/Users/adrianfranciscoperezgomez/Desktop/Personal Apps/vult-intel/node_modules/redis-parser/lib/parser.js:302:14) {
  command: { name: 'auth', args: [ 'IVB0VPnPl0urvQrpSKkbXLdEZBUfSHaP' ] }
}
Connected to Redis for persistence
Redis connection error: ReplyError: WRONGPASS invalid username-password pair or user is disabled.
    at parseError (/Users/adrianfranciscoperezgomez/Desktop/Personal Apps/vult-intel/node_modules/redis-parser/lib/parser.js:179:12)
    at parseType (/Users/adrianfranciscoperezgomez/Desktop/Personal Apps/vult-intel/node_modules/redis-parser/lib/parser.js:302:14) {
  command: { name: 'auth', args: [ 'IVB0VPnPl0urvQrpSKkbXLdEZBUfSHaP' ] }
}
ReplyError: WRONGPASS invalid username-password pair or user is disabled.
    at parseError (/Users/adrianfranciscoperezgomez/Desktop/Personal Apps/vult-intel/node_modules/redis-parser/lib/parser.js:179:12)
    at parseType (/Users/adrianfranciscoperezgomez/Desktop/Personal Apps/vult-intel/node_modules/redis-parser/lib/parser.js:302:14) {
  command: { name: 'auth', args: [ 'IVB0VPnPl0urvQrpSKkbXLdEZBUfSHaP' ] }
}
ReplyError: WRONGPASS invalid username-password pair or user is disabled.
    at parseError (/Users/adrianfranciscoperezgomez/Desktop/Personal Apps/vult-intel/node_modules/redis-parser/lib/parser.js:179:12)
    at parseType (/Users/adrianfranciscoperezgomez/Desktop/Personal Apps/vult-intel/node_modules/redis-parser/lib/parser.js:302:14) {
  command: { name: 'auth', args: [ 'IVB0VPnPl0urvQrpSKkbXLdEZBUfSHaP' ] }
}
ReplyError: WRONGPASS invalid username-password pair or user is disabled.
    at parseError (/Users/adrianfranciscoperezgomez/Desktop/Personal Apps/vult-intel/node_modules/redis-parser/lib/parser.js:179:12)
    at parseType (/Users/adrianfranciscoperezgomez/Desktop/Personal Apps/vult-intel/node_modules/redis-parser/lib/parser.js:302:14) {
  command: { name: 'auth', args: [ 'IVB0VPnPl0urvQrpSKkbXLdEZBUfSHaP' ] }
}
ReplyError: WRONGPASS invalid username-password pair or user is disabled.
    at parseError (/Users/adrianfranciscoperezgomez/Desktop/Personal Apps/vult-intel/node_modules/redis-parser/lib/parser.js:179:12)
    at parseType (/Users/adrianfranciscoperezgomez/Desktop/Personal Apps/vult-intel/node_modules/redis-parser/lib/parser.js:302:14) {
  command: { name: 'auth', args: [ 'IVB0VPnPl0urvQrpSKkbXLdEZBUfSHaP' ] }
}
ReplyError: WRONGPASS invalid username-password pair or user is disabled.
    at parseError (/Users/adrianfranciscoperezgomez/Desktop/Personal Apps/vult-intel/node_modules/redis-parser/lib/parser.js:179:12)
    at parseType (/Users/adrianfranciscoperezgomez/Desktop/Personal Apps/vult-intel/node_modules/redis-parser/lib/parser.js:302:14) {
  command: { name: 'auth', args: [ 'IVB0VPnPl0urvQrpSKkbXLdEZBUfSHaP' ] }
}
ReplyError: WRONGPASS invalid username-password pair or user is disabled.
    at parseError (/Users/adrianfranciscoperezgomez/Desktop/Personal Apps/vult-intel/node_modules/redis-parser/lib/parser.js:179:12)
    at parseType (/Users/adrianfranciscoperezgomez/Desktop/Personal Apps/vult-intel/node_modules/redis-parser/lib/parser.js:302:14) {
  command: { name: 'auth', args: [ 'IVB0VPnPl0urvQrpSKkbXLdEZBUfSHaP' ] }
}
Connected to Redis for persistence
ReplyError: WRONGPASS invalid username-password pair or user is disabled.
    at parseError (/Users/adrianfranciscoperezgomez/Desktop/Personal Apps/vult-intel/node_modules/redis-parser/lib/parser.js:179:12)
    at parseType (/Users/adrianfranciscoperezgomez/Desktop/Personal Apps/vult-intel/node_modules/redis-parser/lib/parser.js:302:14) {
  command: { name: 'auth', args: [ 'IVB0VPnPl0urvQrpSKkbXLdEZBUfSHaP' ] }
}
Redis connection error: ReplyError: WRONGPASS invalid username-password pair or user is disabled.
    at parseError (/Users/adrianfranciscoperezgomez/Desktop/Personal Apps/vult-intel/node_modules/redis-parser/lib/parser.js:179:12)
    at parseType (/Users/adrianfranciscoperezgomez/Desktop/Personal Apps/vult-intel/node_modules/redis-parser/lib/parser.js:302:14) {
  command: { name: 'auth', args: [ 'IVB0VPnPl0urvQrpSKkbXLdEZBUfSHaP' ] }
}
ReplyError: WRONGPASS invalid username-password pair or user is disabled.
    at parseError (/Users/adrianfranciscoperezgomez/Desktop/Personal Apps/vult-intel/node_modules/redis-parser/lib/parser.js:179:12)
    at parseType (/Users/adrianfranciscoperezgomez/Desktop/Personal Apps/vult-intel/node_modules/redis-parser/lib/parser.js:302:14) {
  command: { name: 'auth', args: [ 'IVB0VPnPl0urvQrpSKkbXLdEZBUfSHaP' ] }
}
ReplyError: WRONGPASS invalid username-password pair or user is disabled.
    at parseError (/Users/adrianfranciscoperezgomez/Desktop/Personal Apps/vult-intel/node_modules/redis-parser/lib/parser.js:179:12)
    at parseType (/Users/adrianfranciscoperezgomez/Desktop/Personal Apps/vult-intel/node_modules/redis-parser/lib/parser.js:302:14) {
  command: { name: 'auth', args: [ 'IVB0VPnPl0urvQrpSKkbXLdEZBUfSHaP' ] }
}
ReplyError: WRONGPASS invalid username-password pair or user is disabled.
    at parseError (/Users/adrianfranciscoperezgomez/Desktop/Personal Apps/vult-intel/node_modules/redis-parser/lib/parser.js:179:12)
    at parseType (/Users/adrianfranciscoperezgomez/Desktop/Personal Apps/vult-intel/node_modules/redis-parser/lib/parser.js:302:14) {
  command: { name: 'auth', args: [ 'IVB0VPnPl0urvQrpSKkbXLdEZBUfSHaP' ] }
}
ReplyError: WRONGPASS invalid username-password pair or user is disabled.
    at parseError (/Users/adrianfranciscoperezgomez/Desktop/Personal Apps/vult-intel/node_modules/redis-parser/lib/parser.js:179:12)
    at parseType (/Users/adrianfranciscoperezgomez/Desktop/Personal Apps/vult-intel/node_modules/redis-parser/lib/parser.js:302:14) {
  command: { name: 'auth', args: [ 'IVB0VPnPl0urvQrpSKkbXLdEZBUfSHaP' ] }
}
ReplyError: WRONGPASS invalid username-password pair or user is disabled.
    at parseError (/Users/adrianfranciscoperezgomez/Desktop/Personal Apps/vult-intel/node_modules/redis-parser/lib/parser.js:179:12)
    at parseType (/Users/adrianfranciscoperezgomez/Desktop/Personal Apps/vult-intel/node_modules/redis-parser/lib/parser.js:302:14) {
  command: { name: 'auth', args: [ 'IVB0VPnPl0urvQrpSKkbXLdEZBUfSHaP' ] }
}
Connected to Redis for persistence
Redis connection error: ReplyError: WRONGPASS invalid username-password pair or user is disabled.
    at parseError (/Users/adrianfranciscoperezgomez/Desktop/Personal Apps/vult-intel/node_modules/redis-parser/lib/parser.js:179:12)
    at parseType (/Users/adrianfranciscoperezgomez/Desktop/Personal Apps/vult-intel/node_modules/redis-parser/lib/parser.js:302:14) {
  command: { name: 'auth', args: [ 'IVB0VPnPl0urvQrpSKkbXLdEZBUfSHaP' ] }
}
ReplyError: WRONGPASS invalid username-password pair or user is disabled.
    at parseError (/Users/adrianfranciscoperezgomez/Desktop/Personal Apps/vult-intel/node_modules/redis-parser/lib/parser.js:179:12)
    at parseType (/Users/adrianfranciscoperezgomez/Desktop/Personal Apps/vult-intel/node_modules/redis-parser/lib/parser.js:302:14) {
  command: { name: 'auth', args: [ 'IVB0VPnPl0urvQrpSKkbXLdEZBUfSHaP' ] }
}
ReplyError: WRONGPASS invalid username-password pair or user is disabled.
    at parseError (/Users/adrianfranciscoperezgomez/Desktop/Personal Apps/vult-intel/node_modules/redis-parser/lib/parser.js:179:12)
    at parseType (/Users/adrianfranciscoperezgomez/Desktop/Personal Apps/vult-intel/node_modules/redis-parser/lib/parser.js:302:14) {
  command: { name: 'auth', args: [ 'IVB0VPnPl0urvQrpSKkbXLdEZBUfSHaP' ] }
}
ReplyError: WRONGPASS invalid username-password pair or user is disabled.
    at parseError (/Users/adrianfranciscoperezgomez/Desktop/Personal Apps/vult-intel/node_modules/redis-parser/lib/parser.js:179:12)
    at parseType (/Users/adrianfranciscoperezgomez/Desktop/Personal Apps/vult-intel/node_modules/redis-parser/lib/parser.js:302:14) {
  command: { name: 'auth', args: [ 'IVB0VPnPl0urvQrpSKkbXLdEZBUfSHaP' ] }
}
ReplyError: WRONGPASS invalid username-password pair or user is disabled.
    at parseError (/Users/adrianfranciscoperezgomez/Desktop/Personal Apps/vult-intel/node_modules/redis-parser/lib/parser.js:179:12)
    at parseType (/Users/adrianfranciscoperezgomez/Desktop/Personal Apps/vult-intel/node_modules/redis-parser/lib/parser.js:302:14) {
  command: { name: 'auth', args: [ 'IVB0VPnPl0urvQrpSKkbXLdEZBUfSHaP' ] }
}
ReplyError: WRONGPASS invalid username-password pair or user is disabled.
    at parseError (/Users/adrianfranciscoperezgomez/Desktop/Personal Apps/vult-intel/node_modules/redis-parser/lib/parser.js:179:12)
    at parseType (/Users/adrianfranciscoperezgomez/Desktop/Personal Apps/vult-intel/node_modules/redis-parser/lib/parser.js:302:14) {
  command: { name: 'auth', args: [ 'IVB0VPnPl0urvQrpSKkbXLdEZBUfSHaP' ] }
}
ReplyError: WRONGPASS invalid username-password pair or user is disabled.
    at parseError (/Users/adrianfranciscoperezgomez/Desktop/Personal Apps/vult-intel/node_modules/redis-parser/lib/parser.js:179:12)
    at parseType (/Users/adrianfranciscoperezgomez/Desktop/Personal Apps/vult-intel/node_modules/redis-parser/lib/parser.js:302:14) {
  command: { name: 'auth', args: [ 'IVB0VPnPl0urvQrpSKkbXLdEZBUfSHaP' ] }
}
Connected to Redis for persistence
ReplyError: WRONGPASS invalid username-password pair or user is disabled.
    at parseError (/Users/adrianfranciscoperezgomez/Desktop/Personal Apps/vult-intel/node_modules/redis-parser/lib/parser.js:179:12)
    at parseType (/Users/adrianfranciscoperezgomez/Desktop/Personal Apps/vult-intel/node_modules/redis-parser/lib/parser.js:302:14) {
  command: { name: 'auth', args: [ 'IVB0VPnPl0urvQrpSKkbXLdEZBUfSHaP' ] }
}
Redis connection error: ReplyError: WRONGPASS invalid username-password pair or user is disabled.
    at parseError (/Users/adrianfranciscoperezgomez/Desktop/Personal Apps/vult-intel/node_modules/redis-parser/lib/parser.js:179:12)
    at parseType (/Users/adrianfranciscoperezgomez/Desktop/Personal Apps/vult-intel/node_modules/redis-parser/lib/parser.js:302:14) {
  command: { name: 'auth', args: [ 'IVB0VPnPl0urvQrpSKkbXLdEZBUfSHaP' ] }
}
ReplyError: WRONGPASS invalid username-password pair or user is disabled.
    at parseError (/Users/adrianfranciscoperezgomez/Desktop/Personal Apps/vult-intel/node_modules/redis-parser/lib/parser.js:179:12)
    at parseType (/Users/adrianfranciscoperezgomez/Desktop/Personal Apps/vult-intel/node_modules/redis-parser/lib/parser.js:302:14) {
  command: { name: 'auth', args: [ 'IVB0VPnPl0urvQrpSKkbXLdEZBUfSHaP' ] }
}
ReplyError: WRONGPASS invalid username-password pair or user is disabled.
    at parseError (/Users/adrianfranciscoperezgomez/Desktop/Personal Apps/vult-intel/node_modules/redis-parser/lib/parser.js:179:12)
    at parseType (/Users/adrianfranciscoperezgomez/Desktop/Personal Apps/vult-intel/node_modules/redis-parser/lib/parser.js:302:14) {
  command: { name: 'auth', args: [ 'IVB0VPnPl0urvQrpSKkbXLdEZBUfSHaP' ] }
}
ReplyError: WRONGPASS invalid username-password pair or user is disabled.
    at parseError (/Users/adrianfranciscoperezgomez/Desktop/Personal Apps/vult-intel/node_modules/redis-parser/lib/parser.js:179:12)
    at parseType (/Users/adrianfranciscoperezgomez/Desktop/Personal Apps/vult-intel/node_modules/redis-parser/lib/parser.js:302:14) {
  command: { name: 'auth', args: [ 'IVB0VPnPl0urvQrpSKkbXLdEZBUfSHaP' ] }
}
ReplyError: WRONGPASS invalid username-password pair or user is disabled.
    at parseError (/Users/adrianfranciscoperezgomez/Desktop/Personal Apps/vult-intel/node_modules/redis-parser/lib/parser.js:179:12)
    at parseType (/Users/adrianfranciscoperezgomez/Desktop/Personal Apps/vult-intel/node_modules/redis-parser/lib/parser.js:302:14) {
  command: { name: 'auth', args: [ 'IVB0VPnPl0urvQrpSKkbXLdEZBUfSHaP' ] }
}
ReplyError: WRONGPASS invalid username-password pair or user is disabled.
    at parseError (/Users/adrianfranciscoperezgomez/Desktop/Personal Apps/vult-intel/node_modules/redis-parser/lib/parser.js:179:12)
    at parseType (/Users/adrianfranciscoperezgomez/Desktop/Personal Apps/vult-intel/node_modules/redis-parser/lib/parser.js:302:14) {
  command: { name: 'auth', args: [ 'IVB0VPnPl0urvQrpSKkbXLdEZBUfSHaP' ] }
}
Connected to Redis for persistence
ReplyError: WRONGPASS invalid username-password pair or user is disabled.
    at parseError (/Users/adrianfranciscoperezgomez/Desktop/Personal Apps/vult-intel/node_modules/redis-parser/lib/parser.js:179:12)
    at parseType (/Users/adrianfranciscoperezgomez/Desktop/Personal Apps/vult-intel/node_modules/redis-parser/lib/parser.js:302:14) {
  command: { name: 'auth', args: [ 'IVB0VPnPl0urvQrpSKkbXLdEZBUfSHaP' ] }
}
Redis connection error: ReplyError: WRONGPASS invalid username-password pair or user is disabled.
    at parseError (/Users/adrianfranciscoperezgomez/Desktop/Personal Apps/vult-intel/node_modules/redis-parser/lib/parser.js:179:12)
    at parseType (/Users/adrianfranciscoperezgomez/Desktop/Personal Apps/vult-intel/node_modules/redis-parser/lib/parser.js:302:14) {
  command: { name: 'auth', args: [ 'IVB0VPnPl0urvQrpSKkbXLdEZBUfSHaP' ] }
}
ReplyError: WRONGPASS invalid username-password pair or user is disabled.
    at parseError (/Users/adrianfranciscoperezgomez/Desktop/Personal Apps/vult-intel/node_modules/redis-parser/lib/parser.js:179:12)
    at parseType (/Users/adrianfranciscoperezgomez/Desktop/Personal Apps/vult-intel/node_modules/redis-parser/lib/parser.js:302:14) {
  command: { name: 'auth', args: [ 'IVB0VPnPl0urvQrpSKkbXLdEZBUfSHaP' ] }
}
ReplyError: WRONGPASS invalid username-password pair or user is disabled.
    at parseError (/Users/adrianfranciscoperezgomez/Desktop/Personal Apps/vult-intel/node_modules/redis-parser/lib/parser.js:179:12)
    at parseType (/Users/adrianfranciscoperezgomez/Desktop/Personal Apps/vult-intel/node_modules/redis-parser/lib/parser.js:302:14) {
  command: { name: 'auth', args: [ 'IVB0VPnPl0urvQrpSKkbXLdEZBUfSHaP' ] }
}
ReplyError: WRONGPASS invalid username-password pair or user is disabled.
    at parseError (/Users/adrianfranciscoperezgomez/Desktop/Personal Apps/vult-intel/node_modules/redis-parser/lib/parser.js:179:12)
    at parseType (/Users/adrianfranciscoperezgomez/Desktop/Personal Apps/vult-intel/node_modules/redis-parser/lib/parser.js:302:14) {
  command: { name: 'auth', args: [ 'IVB0VPnPl0urvQrpSKkbXLdEZBUfSHaP' ] }
}
ReplyError: WRONGPASS invalid username-password pair or user is disabled.
    at parseError (/Users/adrianfranciscoperezgomez/Desktop/Personal Apps/vult-intel/node_modules/redis-parser/lib/parser.js:179:12)
    at parseType (/Users/adrianfranciscoperezgomez/Desktop/Personal Apps/vult-intel/node_modules/redis-parser/lib/parser.js:302:14) {
  command: { name: 'auth', args: [ 'IVB0VPnPl0urvQrpSKkbXLdEZBUfSHaP' ] }
}
ReplyError: WRONGPASS invalid username-password pair or user is disabled.
    at parseError (/Users/adrianfranciscoperezgomez/Desktop/Personal Apps/vult-intel/node_modules/redis-parser/lib/parser.js:179:12)
    at parseType (/Users/adrianfranciscoperezgomez/Desktop/Personal Apps/vult-intel/node_modules/redis-parser/lib/parser.js:302:14) {
  command: { name: 'auth', args: [ 'IVB0VPnPl0urvQrpSKkbXLdEZBUfSHaP' ] }
}
Connected to Redis for persistence
Redis connection error: ReplyError: WRONGPASS invalid username-password pair or user is disabled.
    at parseError (/Users/adrianfranciscoperezgomez/Desktop/Personal Apps/vult-intel/node_modules/redis-parser/lib/parser.js:179:12)
    at parseType (/Users/adrianfranciscoperezgomez/Desktop/Personal Apps/vult-intel/node_modules/redis-parser/lib/parser.js:302:14) {
  command: { name: 'auth', args: [ 'IVB0VPnPl0urvQrpSKkbXLdEZBUfSHaP' ] }
}
ReplyError: WRONGPASS invalid username-password pair or user is disabled.
    at parseError (/Users/adrianfranciscoperezgomez/Desktop/Personal Apps/vult-intel/node_modules/redis-parser/lib/parser.js:179:12)
    at parseType (/Users/adrianfranciscoperezgomez/Desktop/Personal Apps/vult-intel/node_modules/redis-parser/lib/parser.js:302:14) {
  command: { name: 'auth', args: [ 'IVB0VPnPl0urvQrpSKkbXLdEZBUfSHaP' ] }
}
ReplyError: WRONGPASS invalid username-password pair or user is disabled.
    at parseError (/Users/adrianfranciscoperezgomez/Desktop/Personal Apps/vult-intel/node_modules/redis-parser/lib/parser.js:179:12)
    at parseType (/Users/adrianfranciscoperezgomez/Desktop/Personal Apps/vult-intel/node_modules/redis-parser/lib/parser.js:302:14) {
  command: { name: 'auth', args: [ 'IVB0VPnPl0urvQrpSKkbXLdEZBUfSHaP' ] }
}
ReplyError: WRONGPASS invalid username-password pair or user is disabled.
    at parseError (/Users/adrianfranciscoperezgomez/Desktop/Personal Apps/vult-intel/node_modules/redis-parser/lib/parser.js:179:12)
    at parseType (/Users/adrianfranciscoperezgomez/Desktop/Personal Apps/vult-intel/node_modules/redis-parser/lib/parser.js:302:14) {
  command: { name: 'auth', args: [ 'IVB0VPnPl0urvQrpSKkbXLdEZBUfSHaP' ] }
}
ReplyError: WRONGPASS invalid username-password pair or user is disabled.
    at parseError (/Users/adrianfranciscoperezgomez/Desktop/Personal Apps/vult-intel/node_modules/redis-parser/lib/parser.js:179:12)
    at parseType (/Users/adrianfranciscoperezgomez/Desktop/Personal Apps/vult-intel/node_modules/redis-parser/lib/parser.js:302:14) {
  command: { name: 'auth', args: [ 'IVB0VPnPl0urvQrpSKkbXLdEZBUfSHaP' ] }
}
ReplyError: WRONGPASS invalid username-password pair or user is disabled.
    at parseError (/Users/adrianfranciscoperezgomez/Desktop/Personal Apps/vult-intel/node_modules/redis-parser/lib/parser.js:179:12)
    at parseType (/Users/adrianfranciscoperezgomez/Desktop/Personal Apps/vult-intel/node_modules/redis-parser/lib/parser.js:302:14) {
  command: { name: 'auth', args: [ 'IVB0VPnPl0urvQrpSKkbXLdEZBUfSHaP' ] }
}
ReplyError: WRONGPASS invalid username-password pair or user is disabled.
    at parseError (/Users/adrianfranciscoperezgomez/Desktop/Personal Apps/vult-intel/node_modules/redis-parser/lib/parser.js:179:12)
    at parseType (/Users/adrianfranciscoperezgomez/Desktop/Personal Apps/vult-intel/node_modules/redis-parser/lib/parser.js:302:14) {
  command: { name: 'auth', args: [ 'IVB0VPnPl0urvQrpSKkbXLdEZBUfSHaP' ] }
}
Connected to Redis for persistence
ReplyError: WRONGPASS invalid username-password pair or user is disabled.
    at parseError (/Users/adrianfranciscoperezgomez/Desktop/Personal Apps/vult-intel/node_modules/redis-parser/lib/parser.js:179:12)
    at parseType (/Users/adrianfranciscoperezgomez/Desktop/Personal Apps/vult-intel/node_modules/redis-parser/lib/parser.js:302:14) {
  command: { name: 'auth', args: [ 'IVB0VPnPl0urvQrpSKkbXLdEZBUfSHaP' ] }
}
Redis connection error: ReplyError: WRONGPASS invalid username-password pair or user is disabled.
    at parseError (/Users/adrianfranciscoperezgomez/Desktop/Personal Apps/vult-intel/node_modules/redis-parser/lib/parser.js:179:12)
    at parseType (/Users/adrianfranciscoperezgomez/Desktop/Personal Apps/vult-intel/node_modules/redis-parser/lib/parser.js:302:14) {
  command: { name: 'auth', args: [ 'IVB0VPnPl0urvQrpSKkbXLdEZBUfSHaP' ] }
}
ReplyError: WRONGPASS invalid username-password pair or user is disabled.
    at parseError (/Users/adrianfranciscoperezgomez/Desktop/Personal Apps/vult-intel/node_modules/redis-parser/lib/parser.js:179:12)
    at parseType (/Users/adrianfranciscoperezgomez/Desktop/Personal Apps/vult-intel/node_modules/redis-parser/lib/parser.js:302:14) {
  command: { name: 'auth', args: [ 'IVB0VPnPl0urvQrpSKkbXLdEZBUfSHaP' ] }
}
ReplyError: WRONGPASS invalid username-password pair or user is disabled.
    at parseError (/Users/adrianfranciscoperezgomez/Desktop/Personal Apps/vult-intel/node_modules/redis-parser/lib/parser.js:179:12)
    at parseType (/Users/adrianfranciscoperezgomez/Desktop/Personal Apps/vult-intel/node_modules/redis-parser/lib/parser.js:302:14) {
  command: { name: 'auth', args: [ 'IVB0VPnPl0urvQrpSKkbXLdEZBUfSHaP' ] }
}
ReplyError: WRONGPASS invalid username-password pair or user is disabled.
    at parseError (/Users/adrianfranciscoperezgomez/Desktop/Personal Apps/vult-intel/node_modules/redis-parser/lib/parser.js:179:12)
    at parseType (/Users/adrianfranciscoperezgomez/Desktop/Personal Apps/vult-intel/node_modules/redis-parser/lib/parser.js:302:14) {
  command: { name: 'auth', args: [ 'IVB0VPnPl0urvQrpSKkbXLdEZBUfSHaP' ] }
}
ReplyError: WRONGPASS invalid username-password pair or user is disabled.
    at parseError (/Users/adrianfranciscoperezgomez/Desktop/Personal Apps/vult-intel/node_modules/redis-parser/lib/parser.js:179:12)
    at parseType (/Users/adrianfranciscoperezgomez/Desktop/Personal Apps/vult-intel/node_modules/redis-parser/lib/parser.js:302:14) {
  command: { name: 'auth', args: [ 'IVB0VPnPl0urvQrpSKkbXLdEZBUfSHaP' ] }
}
ReplyError: WRONGPASS invalid username-password pair or user is disabled.
    at parseError (/Users/adrianfranciscoperezgomez/Desktop/Personal Apps/vult-intel/node_modules/redis-parser/lib/parser.js:179:12)
    at parseType (/Users/adrianfranciscoperezgomez/Desktop/Personal Apps/vult-intel/node_modules/redis-parser/lib/parser.js:302:14) {
  command: { name: 'auth', args: [ 'IVB0VPnPl0urvQrpSKkbXLdEZBUfSHaP' ] }
}
Connected to Redis for persistence
ReplyError: WRONGPASS invalid username-password pair or user is disabled.
    at parseError (/Users/adrianfranciscoperezgomez/Desktop/Personal Apps/vult-intel/node_modules/redis-parser/lib/parser.js:179:12)
    at parseType (/Users/adrianfranciscoperezgomez/Desktop/Personal Apps/vult-intel/node_modules/redis-parser/lib/parser.js:302:14) {
  command: { name: 'auth', args: [ 'IVB0VPnPl0urvQrpSKkbXLdEZBUfSHaP' ] }
}
Redis connection error: ReplyError: WRONGPASS invalid username-password pair or user is disabled.
    at parseError (/Users/adrianfranciscoperezgomez/Desktop/Personal Apps/vult-intel/node_modules/redis-parser/lib/parser.js:179:12)
    at parseType (/Users/adrianfranciscoperezgomez/Desktop/Personal Apps/vult-intel/node_modules/redis-parser/lib/parser.js:302:14) {
  command: { name: 'auth', args: [ 'IVB0VPnPl0urvQrpSKkbXLdEZBUfSHaP' ] }
}
ReplyError: WRONGPASS invalid username-password pair or user is disabled.
    at parseError (/Users/adrianfranciscoperezgomez/Desktop/Personal Apps/vult-intel/node_modules/redis-parser/lib/parser.js:179:12)
    at parseType (/Users/adrianfranciscoperezgomez/Desktop/Personal Apps/vult-intel/node_modules/redis-parser/lib/parser.js:302:14) {
  command: { name: 'auth', args: [ 'IVB0VPnPl0urvQrpSKkbXLdEZBUfSHaP' ] }
}
ReplyError: WRONGPASS invalid username-password pair or user is disabled.
    at parseError (/Users/adrianfranciscoperezgomez/Desktop/Personal Apps/vult-intel/node_modules/redis-parser/lib/parser.js:179:12)
    at parseType (/Users/adrianfranciscoperezgomez/Desktop/Personal Apps/vult-intel/node_modules/redis-parser/lib/parser.js:302:14) {
  command: { name: 'auth', args: [ 'IVB0VPnPl0urvQrpSKkbXLdEZBUfSHaP' ] }
}
ReplyError: WRONGPASS invalid username-password pair or user is disabled.
    at parseError (/Users/adrianfranciscoperezgomez/Desktop/Personal Apps/vult-intel/node_modules/redis-parser/lib/parser.js:179:12)
    at parseType (/Users/adrianfranciscoperezgomez/Desktop/Personal Apps/vult-intel/node_modules/redis-parser/lib/parser.js:302:14) {
  command: { name: 'auth', args: [ 'IVB0VPnPl0urvQrpSKkbXLdEZBUfSHaP' ] }
}
ReplyError: WRONGPASS invalid username-password pair or user is disabled.
    at parseError (/Users/adrianfranciscoperezgomez/Desktop/Personal Apps/vult-intel/node_modules/redis-parser/lib/parser.js:179:12)
    at parseType (/Users/adrianfranciscoperezgomez/Desktop/Personal Apps/vult-intel/node_modules/redis-parser/lib/parser.js:302:14) {
  command: { name: 'auth', args: [ 'IVB0VPnPl0urvQrpSKkbXLdEZBUfSHaP' ] }
}
ReplyError: WRONGPASS invalid username-password pair or user is disabled.
    at parseError (/Users/adrianfranciscoperezgomez/Desktop/Personal Apps/vult-intel/node_modules/redis-parser/lib/parser.js:179:12)
    at parseType (/Users/adrianfranciscoperezgomez/Desktop/Personal Apps/vult-intel/node_modules/redis-parser/lib/parser.js:302:14) {
  command: { name: 'auth', args: [ 'IVB0VPnPl0urvQrpSKkbXLdEZBUfSHaP' ] }
}
Connected to Redis for persistence
ReplyError: WRONGPASS invalid username-password pair or user is disabled.
    at parseError (/Users/adrianfranciscoperezgomez/Desktop/Personal Apps/vult-intel/node_modules/redis-parser/lib/parser.js:179:12)
    at parseType (/Users/adrianfranciscoperezgomez/Desktop/Personal Apps/vult-intel/node_modules/redis-parser/lib/parser.js:302:14) {
  command: { name: 'auth', args: [ 'IVB0VPnPl0urvQrpSKkbXLdEZBUfSHaP' ] }
}
Redis connection error: ReplyError: WRONGPASS invalid username-password pair or user is disabled.
    at parseError (/Users/adrianfranciscoperezgomez/Desktop/Personal Apps/vult-intel/node_modules/redis-parser/lib/parser.js:179:12)
    at parseType (/Users/adrianfranciscoperezgomez/Desktop/Personal Apps/vult-intel/node_modules/redis-parser/lib/parser.js:302:14) {
  command: { name: 'auth', args: [ 'IVB0VPnPl0urvQrpSKkbXLdEZBUfSHaP' ] }
}
ReplyError: WRONGPASS invalid username-password pair or user is disabled.
    at parseError (/Users/adrianfranciscoperezgomez/Desktop/Personal Apps/vult-intel/node_modules/redis-parser/lib/parser.js:179:12)
    at parseType (/Users/adrianfranciscoperezgomez/Desktop/Personal Apps/vult-intel/node_modules/redis-parser/lib/parser.js:302:14) {
  command: { name: 'auth', args: [ 'IVB0VPnPl0urvQrpSKkbXLdEZBUfSHaP' ] }
}
ReplyError: WRONGPASS invalid username-password pair or user is disabled.
    at parseError (/Users/adrianfranciscoperezgomez/Desktop/Personal Apps/vult-intel/node_modules/redis-parser/lib/parser.js:179:12)
    at parseType (/Users/adrianfranciscoperezgomez/Desktop/Personal Apps/vult-intel/node_modules/redis-parser/lib/parser.js:302:14) {
  command: { name: 'auth', args: [ 'IVB0VPnPl0urvQrpSKkbXLdEZBUfSHaP' ] }
}
ReplyError: WRONGPASS invalid username-password pair or user is disabled.
    at parseError (/Users/adrianfranciscoperezgomez/Desktop/Personal Apps/vult-intel/node_modules/redis-parser/lib/parser.js:179:12)
    at parseType (/Users/adrianfranciscoperezgomez/Desktop/Personal Apps/vult-intel/node_modules/redis-parser/lib/parser.js:302:14) {
  command: { name: 'auth', args: [ 'IVB0VPnPl0urvQrpSKkbXLdEZBUfSHaP' ] }
}
ReplyError: WRONGPASS invalid username-password pair or user is disabled.
    at parseError (/Users/adrianfranciscoperezgomez/Desktop/Personal Apps/vult-intel/node_modules/redis-parser/lib/parser.js:179:12)
    at parseType (/Users/adrianfranciscoperezgomez/Desktop/Personal Apps/vult-intel/node_modules/redis-parser/lib/parser.js:302:14) {
  command: { name: 'auth', args: [ 'IVB0VPnPl0urvQrpSKkbXLdEZBUfSHaP' ] }
}
ReplyError: WRONGPASS invalid username-password pair or user is disabled.
    at parseError (/Users/adrianfranciscoperezgomez/Desktop/Personal Apps/vult-intel/node_modules/redis-parser/lib/parser.js:179:12)
    at parseType (/Users/adrianfranciscoperezgomez/Desktop/Personal Apps/vult-intel/node_modules/redis-parser/lib/parser.js:302:14) {
  command: { name: 'auth', args: [ 'IVB0VPnPl0urvQrpSKkbXLdEZBUfSHaP' ] }
}
Connected to Redis for persistence
ReplyError: WRONGPASS invalid username-password pair or user is disabled.
    at parseError (/Users/adrianfranciscoperezgomez/Desktop/Personal Apps/vult-intel/node_modules/redis-parser/lib/parser.js:179:12)
    at parseType (/Users/adrianfranciscoperezgomez/Desktop/Personal Apps/vult-intel/node_modules/redis-parser/lib/parser.js:302:14) {
  command: { name: 'auth', args: [ 'IVB0VPnPl0urvQrpSKkbXLdEZBUfSHaP' ] }
}
Redis connection error: ReplyError: WRONGPASS invalid username-password pair or user is disabled.
    at parseError (/Users/adrianfranciscoperezgomez/Desktop/Personal Apps/vult-intel/node_modules/redis-parser/lib/parser.js:179:12)
    at parseType (/Users/adrianfranciscoperezgomez/Desktop/Personal Apps/vult-intel/node_modules/redis-parser/lib/parser.js:302:14) {
  command: { name: 'auth', args: [ 'IVB0VPnPl0urvQrpSKkbXLdEZBUfSHaP' ] }
}
ReplyError: WRONGPASS invalid username-password pair or user is disabled.
    at parseError (/Users/adrianfranciscoperezgomez/Desktop/Personal Apps/vult-intel/node_modules/redis-parser/lib/parser.js:179:12)
    at parseType (/Users/adrianfranciscoperezgomez/Desktop/Personal Apps/vult-intel/node_modules/redis-parser/lib/parser.js:302:14) {
  command: { name: 'auth', args: [ 'IVB0VPnPl0urvQrpSKkbXLdEZBUfSHaP' ] }
}
ReplyError: WRONGPASS invalid username-password pair or user is disabled.
    at parseError (/Users/adrianfranciscoperezgomez/Desktop/Personal Apps/vult-intel/node_modules/redis-parser/lib/parser.js:179:12)
    at parseType (/Users/adrianfranciscoperezgomez/Desktop/Personal Apps/vult-intel/node_modules/redis-parser/lib/parser.js:302:14) {
  command: { name: 'auth', args: [ 'IVB0VPnPl0urvQrpSKkbXLdEZBUfSHaP' ] }
}
ReplyError: WRONGPASS invalid username-password pair or user is disabled.
    at parseError (/Users/adrianfranciscoperezgomez/Desktop/Personal Apps/vult-intel/node_modules/redis-parser/lib/parser.js:179:12)
    at parseType (/Users/adrianfranciscoperezgomez/Desktop/Personal Apps/vult-intel/node_modules/redis-parser/lib/parser.js:302:14) {
  command: { name: 'auth', args: [ 'IVB0VPnPl0urvQrpSKkbXLdEZBUfSHaP' ] }
}
ReplyError: WRONGPASS invalid username-password pair or user is disabled.
    at parseError (/Users/adrianfranciscoperezgomez/Desktop/Personal Apps/vult-intel/node_modules/redis-parser/lib/parser.js:179:12)
    at parseType (/Users/adrianfranciscoperezgomez/Desktop/Personal Apps/vult-intel/node_modules/redis-parser/lib/parser.js:302:14) {
  command: { name: 'auth', args: [ 'IVB0VPnPl0urvQrpSKkbXLdEZBUfSHaP' ] }
}
ReplyError: WRONGPASS invalid username-password pair or user is disabled.
    at parseError (/Users/adrianfranciscoperezgomez/Desktop/Personal Apps/vult-intel/node_modules/redis-parser/lib/parser.js:179:12)
    at parseType (/Users/adrianfranciscoperezgomez/Desktop/Personal Apps/vult-intel/node_modules/redis-parser/lib/parser.js:302:14) {
  command: { name: 'auth', args: [ 'IVB0VPnPl0urvQrpSKkbXLdEZBUfSHaP' ] }
}
Connected to Redis for persistence
ReplyError: WRONGPASS invalid username-password pair or user is disabled.
    at parseError (/Users/adrianfranciscoperezgomez/Desktop/Personal Apps/vult-intel/node_modules/redis-parser/lib/parser.js:179:12)
    at parseType (/Users/adrianfranciscoperezgomez/Desktop/Personal Apps/vult-intel/node_modules/redis-parser/lib/parser.js:302:14) {
  command: { name: 'auth', args: [ 'IVB0VPnPl0urvQrpSKkbXLdEZBUfSHaP' ] }
}
Redis connection error: ReplyError: WRONGPASS invalid username-password pair or user is disabled.
    at parseError (/Users/adrianfranciscoperezgomez/Desktop/Personal Apps/vult-intel/node_modules/redis-parser/lib/parser.js:179:12)
    at parseType (/Users/adrianfranciscoperezgomez/Desktop/Personal Apps/vult-intel/node_modules/redis-parser/lib/parser.js:302:14) {
  command: { name: 'auth', args: [ 'IVB0VPnPl0urvQrpSKkbXLdEZBUfSHaP' ] }
}
ReplyError: WRONGPASS invalid username-password pair or user is disabled.
    at parseError (/Users/adrianfranciscoperezgomez/Desktop/Personal Apps/vult-intel/node_modules/redis-parser/lib/parser.js:179:12)
    at parseType (/Users/adrianfranciscoperezgomez/Desktop/Personal Apps/vult-intel/node_modules/redis-parser/lib/parser.js:302:14) {
  command: { name: 'auth', args: [ 'IVB0VPnPl0urvQrpSKkbXLdEZBUfSHaP' ] }
}
ReplyError: WRONGPASS invalid username-password pair or user is disabled.
    at parseError (/Users/adrianfranciscoperezgomez/Desktop/Personal Apps/vult-intel/node_modules/redis-parser/lib/parser.js:179:12)
    at parseType (/Users/adrianfranciscoperezgomez/Desktop/Personal Apps/vult-intel/node_modules/redis-parser/lib/parser.js:302:14) {
  command: { name: 'auth', args: [ 'IVB0VPnPl0urvQrpSKkbXLdEZBUfSHaP' ] }
}
ReplyError: WRONGPASS invalid username-password pair or user is disabled.
    at parseError (/Users/adrianfranciscoperezgomez/Desktop/Personal Apps/vult-intel/node_modules/redis-parser/lib/parser.js:179:12)
    at parseType (/Users/adrianfranciscoperezgomez/Desktop/Personal Apps/vult-intel/node_modules/redis-parser/lib/parser.js:302:14) {
  command: { name: 'auth', args: [ 'IVB0VPnPl0urvQrpSKkbXLdEZBUfSHaP' ] }
}
ReplyError: WRONGPASS invalid username-password pair or user is disabled.
    at parseError (/Users/adrianfranciscoperezgomez/Desktop/Personal Apps/vult-intel/node_modules/redis-parser/lib/parser.js:179:12)
    at parseType (/Users/adrianfranciscoperezgomez/Desktop/Personal Apps/vult-intel/node_modules/redis-parser/lib/parser.js:302:14) {
  command: { name: 'auth', args: [ 'IVB0VPnPl0urvQrpSKkbXLdEZBUfSHaP' ] }
}
ReplyError: WRONGPASS invalid username-password pair or user is disabled.
    at parseError (/Users/adrianfranciscoperezgomez/Desktop/Personal Apps/vult-intel/node_modules/redis-parser/lib/parser.js:179:12)
    at parseType (/Users/adrianfranciscoperezgomez/Desktop/Personal Apps/vult-intel/node_modules/redis-parser/lib/parser.js:302:14) {
  command: { name: 'auth', args: [ 'IVB0VPnPl0urvQrpSKkbXLdEZBUfSHaP' ] }
}
Connected to Redis for persistence
Redis connection error: ReplyError: WRONGPASS invalid username-password pair or user is disabled.
    at parseError (/Users/adrianfranciscoperezgomez/Desktop/Personal Apps/vult-intel/node_modules/redis-parser/lib/parser.js:179:12)
    at parseType (/Users/adrianfranciscoperezgomez/Desktop/Personal Apps/vult-intel/node_modules/redis-parser/lib/parser.js:302:14) {
  command: { name: 'auth', args: [ 'IVB0VPnPl0urvQrpSKkbXLdEZBUfSHaP' ] }
}
ReplyError: WRONGPASS invalid username-password pair or user is disabled.
    at parseError (/Users/adrianfranciscoperezgomez/Desktop/Personal Apps/vult-intel/node_modules/redis-parser/lib/parser.js:179:12)
    at parseType (/Users/adrianfranciscoperezgomez/Desktop/Personal Apps/vult-intel/node_modules/redis-parser/lib/parser.js:302:14) {
  command: { name: 'auth', args: [ 'IVB0VPnPl0urvQrpSKkbXLdEZBUfSHaP' ] }
}
ReplyError: WRONGPASS invalid username-password pair or user is disabled.
    at parseError (/Users/adrianfranciscoperezgomez/Desktop/Personal Apps/vult-intel/node_modules/redis-parser/lib/parser.js:179:12)
    at parseType (/Users/adrianfranciscoperezgomez/Desktop/Personal Apps/vult-intel/node_modules/redis-parser/lib/parser.js:302:14) {
  command: { name: 'auth', args: [ 'IVB0VPnPl0urvQrpSKkbXLdEZBUfSHaP' ] }
}
ReplyError: WRONGPASS invalid username-password pair or user is disabled.
    at parseError (/Users/adrianfranciscoperezgomez/Desktop/Personal Apps/vult-intel/node_modules/redis-parser/lib/parser.js:179:12)
    at parseType (/Users/adrianfranciscoperezgomez/Desktop/Personal Apps/vult-intel/node_modules/redis-parser/lib/parser.js:302:14) {
  command: { name: 'auth', args: [ 'IVB0VPnPl0urvQrpSKkbXLdEZBUfSHaP' ] }
}
ReplyError: WRONGPASS invalid username-password pair or user is disabled.
    at parseError (/Users/adrianfranciscoperezgomez/Desktop/Personal Apps/vult-intel/node_modules/redis-parser/lib/parser.js:179:12)
    at parseType (/Users/adrianfranciscoperezgomez/Desktop/Personal Apps/vult-intel/node_modules/redis-parser/lib/parser.js:302:14) {
  command: { name: 'auth', args: [ 'IVB0VPnPl0urvQrpSKkbXLdEZBUfSHaP' ] }
}
ReplyError: WRONGPASS invalid username-password pair or user is disabled.
    at parseError (/Users/adrianfranciscoperezgomez/Desktop/Personal Apps/vult-intel/node_modules/redis-parser/lib/parser.js:179:12)
    at parseType (/Users/adrianfranciscoperezgomez/Desktop/Personal Apps/vult-intel/node_modules/redis-parser/lib/parser.js:302:14) {
  command: { name: 'auth', args: [ 'IVB0VPnPl0urvQrpSKkbXLdEZBUfSHaP' ] }
}
ReplyError: WRONGPASS invalid username-password pair or user is disabled.
    at parseError (/Users/adrianfranciscoperezgomez/Desktop/Personal Apps/vult-intel/node_modules/redis-parser/lib/parser.js:179:12)
    at parseType (/Users/adrianfranciscoperezgomez/Desktop/Personal Apps/vult-intel/node_modules/redis-parser/lib/parser.js:302:14) {
  command: { name: 'auth', args: [ 'IVB0VPnPl0urvQrpSKkbXLdEZBUfSHaP' ] }
}
Connected to Redis for persistence
Redis connection error: ReplyError: WRONGPASS invalid username-password pair or user is disabled.
    at parseError (/Users/adrianfranciscoperezgomez/Desktop/Personal Apps/vult-intel/node_modules/redis-parser/lib/parser.js:179:12)
    at parseType (/Users/adrianfranciscoperezgomez/Desktop/Personal Apps/vult-intel/node_modules/redis-parser/lib/parser.js:302:14) {
  command: { name: 'auth', args: [ 'IVB0VPnPl0urvQrpSKkbXLdEZBUfSHaP' ] }
}
ReplyError: WRONGPASS invalid username-password pair or user is disabled.
    at parseError (/Users/adrianfranciscoperezgomez/Desktop/Personal Apps/vult-intel/node_modules/redis-parser/lib/parser.js:179:12)
    at parseType (/Users/adrianfranciscoperezgomez/Desktop/Personal Apps/vult-intel/node_modules/redis-parser/lib/parser.js:302:14) {
  command: { name: 'auth', args: [ 'IVB0VPnPl0urvQrpSKkbXLdEZBUfSHaP' ] }
}
ReplyError: WRONGPASS invalid username-password pair or user is disabled.
    at parseError (/Users/adrianfranciscoperezgomez/Desktop/Personal Apps/vult-intel/node_modules/redis-parser/lib/parser.js:179:12)
    at parseType (/Users/adrianfranciscoperezgomez/Desktop/Personal Apps/vult-intel/node_modules/redis-parser/lib/parser.js:302:14) {
  command: { name: 'auth', args: [ 'IVB0VPnPl0urvQrpSKkbXLdEZBUfSHaP' ] }
}
ReplyError: WRONGPASS invalid username-password pair or user is disabled.
    at parseError (/Users/adrianfranciscoperezgomez/Desktop/Personal Apps/vult-intel/node_modules/redis-parser/lib/parser.js:179:12)
    at parseType (/Users/adrianfranciscoperezgomez/Desktop/Personal Apps/vult-intel/node_modules/redis-parser/lib/parser.js:302:14) {
  command: { name: 'auth', args: [ 'IVB0VPnPl0urvQrpSKkbXLdEZBUfSHaP' ] }
}
ReplyError: WRONGPASS invalid username-password pair or user is disabled.
    at parseError (/Users/adrianfranciscoperezgomez/Desktop/Personal Apps/vult-intel/node_modules/redis-parser/lib/parser.js:179:12)
    at parseType (/Users/adrianfranciscoperezgomez/Desktop/Personal Apps/vult-intel/node_modules/redis-parser/lib/parser.js:302:14) {
  command: { name: 'auth', args: [ 'IVB0VPnPl0urvQrpSKkbXLdEZBUfSHaP' ] }
}
ReplyError: WRONGPASS invalid username-password pair or user is disabled.
    at parseError (/Users/adrianfranciscoperezgomez/Desktop/Personal Apps/vult-intel/node_modules/redis-parser/lib/parser.js:179:12)
    at parseType (/Users/adrianfranciscoperezgomez/Desktop/Personal Apps/vult-intel/node_modules/redis-parser/lib/parser.js:302:14) {
  command: { name: 'auth', args: [ 'IVB0VPnPl0urvQrpSKkbXLdEZBUfSHaP' ] }
}
ReplyError: WRONGPASS invalid username-password pair or user is disabled.
    at parseError (/Users/adrianfranciscoperezgomez/Desktop/Personal Apps/vult-intel/node_modules/redis-parser/lib/parser.js:179:12)
    at parseType (/Users/adrianfranciscoperezgomez/Desktop/Personal Apps/vult-intel/node_modules/redis-parser/lib/parser.js:302:14) {
  command: { name: 'auth', args: [ 'IVB0VPnPl0urvQrpSKkbXLdEZBUfSHaP' ] }
}
Connected to Redis for persistence
Redis connection error: ReplyError: WRONGPASS invalid username-password pair or user is disabled.
    at parseError (/Users/adrianfranciscoperezgomez/Desktop/Personal Apps/vult-intel/node_modules/redis-parser/lib/parser.js:179:12)
    at parseType (/Users/adrianfranciscoperezgomez/Desktop/Personal Apps/vult-intel/node_modules/redis-parser/lib/parser.js:302:14) {
  command: { name: 'auth', args: [ 'IVB0VPnPl0urvQrpSKkbXLdEZBUfSHaP' ] }
}
ReplyError: WRONGPASS invalid username-password pair or user is disabled.
    at parseError (/Users/adrianfranciscoperezgomez/Desktop/Personal Apps/vult-intel/node_modules/redis-parser/lib/parser.js:179:12)
    at parseType (/Users/adrianfranciscoperezgomez/Desktop/Personal Apps/vult-intel/node_modules/redis-parser/lib/parser.js:302:14) {
  command: { name: 'auth', args: [ 'IVB0VPnPl0urvQrpSKkbXLdEZBUfSHaP' ] }
}
ReplyError: WRONGPASS invalid username-password pair or user is disabled.
    at parseError (/Users/adrianfranciscoperezgomez/Desktop/Personal Apps/vult-intel/node_modules/redis-parser/lib/parser.js:179:12)
    at parseType (/Users/adrianfranciscoperezgomez/Desktop/Personal Apps/vult-intel/node_modules/redis-parser/lib/parser.js:302:14) {
  command: { name: 'auth', args: [ 'IVB0VPnPl0urvQrpSKkbXLdEZBUfSHaP' ] }
}
ReplyError: WRONGPASS invalid username-password pair or user is disabled.
    at parseError (/Users/adrianfranciscoperezgomez/Desktop/Personal Apps/vult-intel/node_modules/redis-parser/lib/parser.js:179:12)
    at parseType (/Users/adrianfranciscoperezgomez/Desktop/Personal Apps/vult-intel/node_modules/redis-parser/lib/parser.js:302:14) {
  command: { name: 'auth', args: [ 'IVB0VPnPl0urvQrpSKkbXLdEZBUfSHaP' ] }
}
ReplyError: WRONGPASS invalid username-password pair or user is disabled.
    at parseError (/Users/adrianfranciscoperezgomez/Desktop/Personal Apps/vult-intel/node_modules/redis-parser/lib/parser.js:179:12)
    at parseType (/Users/adrianfranciscoperezgomez/Desktop/Personal Apps/vult-intel/node_modules/redis-parser/lib/parser.js:302:14) {
  command: { name: 'auth', args: [ 'IVB0VPnPl0urvQrpSKkbXLdEZBUfSHaP' ] }
}
ReplyError: WRONGPASS invalid username-password pair or user is disabled.
    at parseError (/Users/adrianfranciscoperezgomez/Desktop/Personal Apps/vult-intel/node_modules/redis-parser/lib/parser.js:179:12)
    at parseType (/Users/adrianfranciscoperezgomez/Desktop/Personal Apps/vult-intel/node_modules/redis-parser/lib/parser.js:302:14) {
  command: { name: 'auth', args: [ 'IVB0VPnPl0urvQrpSKkbXLdEZBUfSHaP' ] }
}
ReplyError: WRONGPASS invalid username-password pair or user is disabled.
    at parseError (/Users/adrianfranciscoperezgomez/Desktop/Personal Apps/vult-intel/node_modules/redis-parser/lib/parser.js:179:12)
    at parseType (/Users/adrianfranciscoperezgomez/Desktop/Personal Apps/vult-intel/node_modules/redis-parser/lib/parser.js:302:14) {
  command: { name: 'auth', args: [ 'IVB0VPnPl0urvQrpSKkbXLdEZBUfSHaP' ] }
}
Connected to Redis for persistence
ReplyError: WRONGPASS invalid username-password pair or user is disabled.
    at parseError (/Users/adrianfranciscoperezgomez/Desktop/Personal Apps/vult-intel/node_modules/redis-parser/lib/parser.js:179:12)
    at parseType (/Users/adrianfranciscoperezgomez/Desktop/Personal Apps/vult-intel/node_modules/redis-parser/lib/parser.js:302:14) {
  command: { name: 'auth', args: [ 'IVB0VPnPl0urvQrpSKkbXLdEZBUfSHaP' ] }
}
Redis connection error: ReplyError: WRONGPASS invalid username-password pair or user is disabled.
    at parseError (/Users/adrianfranciscoperezgomez/Desktop/Personal Apps/vult-intel/node_modules/redis-parser/lib/parser.js:179:12)
    at parseType (/Users/adrianfranciscoperezgomez/Desktop/Personal Apps/vult-intel/node_modules/redis-parser/lib/parser.js:302:14) {
  command: { name: 'auth', args: [ 'IVB0VPnPl0urvQrpSKkbXLdEZBUfSHaP' ] }
}
ReplyError: WRONGPASS invalid username-password pair or user is disabled.
    at parseError (/Users/adrianfranciscoperezgomez/Desktop/Personal Apps/vult-intel/node_modules/redis-parser/lib/parser.js:179:12)
    at parseType (/Users/adrianfranciscoperezgomez/Desktop/Personal Apps/vult-intel/node_modules/redis-parser/lib/parser.js:302:14) {
  command: { name: 'auth', args: [ 'IVB0VPnPl0urvQrpSKkbXLdEZBUfSHaP' ] }
}
ReplyError: WRONGPASS invalid username-password pair or user is disabled.
    at parseError (/Users/adrianfranciscoperezgomez/Desktop/Personal Apps/vult-intel/node_modules/redis-parser/lib/parser.js:179:12)
    at parseType (/Users/adrianfranciscoperezgomez/Desktop/Personal Apps/vult-intel/node_modules/redis-parser/lib/parser.js:302:14) {
  command: { name: 'auth', args: [ 'IVB0VPnPl0urvQrpSKkbXLdEZBUfSHaP' ] }
}
ReplyError: WRONGPASS invalid username-password pair or user is disabled.
    at parseError (/Users/adrianfranciscoperezgomez/Desktop/Personal Apps/vult-intel/node_modules/redis-parser/lib/parser.js:179:12)
    at parseType (/Users/adrianfranciscoperezgomez/Desktop/Personal Apps/vult-intel/node_modules/redis-parser/lib/parser.js:302:14) {
  command: { name: 'auth', args: [ 'IVB0VPnPl0urvQrpSKkbXLdEZBUfSHaP' ] }
}
ReplyError: WRONGPASS invalid username-password pair or user is disabled.
    at parseError (/Users/adrianfranciscoperezgomez/Desktop/Personal Apps/vult-intel/node_modules/redis-parser/lib/parser.js:179:12)
    at parseType (/Users/adrianfranciscoperezgomez/Desktop/Personal Apps/vult-intel/node_modules/redis-parser/lib/parser.js:302:14) {
  command: { name: 'auth', args: [ 'IVB0VPnPl0urvQrpSKkbXLdEZBUfSHaP' ] }
}
ReplyError: WRONGPASS invalid username-password pair or user is disabled.
    at parseError (/Users/adrianfranciscoperezgomez/Desktop/Personal Apps/vult-intel/node_modules/redis-parser/lib/parser.js:179:12)
    at parseType (/Users/adrianfranciscoperezgomez/Desktop/Personal Apps/vult-intel/node_modules/redis-parser/lib/parser.js:302:14) {
  command: { name: 'auth', args: [ 'IVB0VPnPl0urvQrpSKkbXLdEZBUfSHaP' ] }
}
Connected to Redis for persistence
ReplyError: WRONGPASS invalid username-password pair or user is disabled.
    at parseError (/Users/adrianfranciscoperezgomez/Desktop/Personal Apps/vult-intel/node_modules/redis-parser/lib/parser.js:179:12)
    at parseType (/Users/adrianfranciscoperezgomez/Desktop/Personal Apps/vult-intel/node_modules/redis-parser/lib/parser.js:302:14) {
  command: { name: 'auth', args: [ 'IVB0VPnPl0urvQrpSKkbXLdEZBUfSHaP' ] }
}
Redis connection error: ReplyError: WRONGPASS invalid username-password pair or user is disabled.
    at parseError (/Users/adrianfranciscoperezgomez/Desktop/Personal Apps/vult-intel/node_modules/redis-parser/lib/parser.js:179:12)
    at parseType (/Users/adrianfranciscoperezgomez/Desktop/Personal Apps/vult-intel/node_modules/redis-parser/lib/parser.js:302:14) {
  command: { name: 'auth', args: [ 'IVB0VPnPl0urvQrpSKkbXLdEZBUfSHaP' ] }
}
ReplyError: WRONGPASS invalid username-password pair or user is disabled.
    at parseError (/Users/adrianfranciscoperezgomez/Desktop/Personal Apps/vult-intel/node_modules/redis-parser/lib/parser.js:179:12)
    at parseType (/Users/adrianfranciscoperezgomez/Desktop/Personal Apps/vult-intel/node_modules/redis-parser/lib/parser.js:302:14) {
  command: { name: 'auth', args: [ 'IVB0VPnPl0urvQrpSKkbXLdEZBUfSHaP' ] }
}
ReplyError: WRONGPASS invalid username-password pair or user is disabled.
    at parseError (/Users/adrianfranciscoperezgomez/Desktop/Personal Apps/vult-intel/node_modules/redis-parser/lib/parser.js:179:12)
    at parseType (/Users/adrianfranciscoperezgomez/Desktop/Personal Apps/vult-intel/node_modules/redis-parser/lib/parser.js:302:14) {
  command: { name: 'auth', args: [ 'IVB0VPnPl0urvQrpSKkbXLdEZBUfSHaP' ] }
}
ReplyError: WRONGPASS invalid username-password pair or user is disabled.
    at parseError (/Users/adrianfranciscoperezgomez/Desktop/Personal Apps/vult-intel/node_modules/redis-parser/lib/parser.js:179:12)
    at parseType (/Users/adrianfranciscoperezgomez/Desktop/Personal Apps/vult-intel/node_modules/redis-parser/lib/parser.js:302:14) {
  command: { name: 'auth', args: [ 'IVB0VPnPl0urvQrpSKkbXLdEZBUfSHaP' ] }
}
ReplyError: WRONGPASS invalid username-password pair or user is disabled.
    at parseError (/Users/adrianfranciscoperezgomez/Desktop/Personal Apps/vult-intel/node_modules/redis-parser/lib/parser.js:179:12)
    at parseType (/Users/adrianfranciscoperezgomez/Desktop/Personal Apps/vult-intel/node_modules/redis-parser/lib/parser.js:302:14) {
  command: { name: 'auth', args: [ 'IVB0VPnPl0urvQrpSKkbXLdEZBUfSHaP' ] }
}
ReplyError: WRONGPASS invalid username-password pair or user is disabled.
    at parseError (/Users/adrianfranciscoperezgomez/Desktop/Personal Apps/vult-intel/node_modules/redis-parser/lib/parser.js:179:12)
    at parseType (/Users/adrianfranciscoperezgomez/Desktop/Personal Apps/vult-intel/node_modules/redis-parser/lib/parser.js:302:14) {
  command: { name: 'auth', args: [ 'IVB0VPnPl0urvQrpSKkbXLdEZBUfSHaP' ] }
}
Connected to Redis for persistence
ReplyError: WRONGPASS invalid username-password pair or user is disabled.
    at parseError (/Users/adrianfranciscoperezgomez/Desktop/Personal Apps/vult-intel/node_modules/redis-parser/lib/parser.js:179:12)
    at parseType (/Users/adrianfranciscoperezgomez/Desktop/Personal Apps/vult-intel/node_modules/redis-parser/lib/parser.js:302:14) {
  command: { name: 'auth', args: [ 'IVB0VPnPl0urvQrpSKkbXLdEZBUfSHaP' ] }
}
Redis connection error: ReplyError: WRONGPASS invalid username-password pair or user is disabled.
    at parseError (/Users/adrianfranciscoperezgomez/Desktop/Personal Apps/vult-intel/node_modules/redis-parser/lib/parser.js:179:12)
    at parseType (/Users/adrianfranciscoperezgomez/Desktop/Personal Apps/vult-intel/node_modules/redis-parser/lib/parser.js:302:14) {
  command: { name: 'auth', args: [ 'IVB0VPnPl0urvQrpSKkbXLdEZBUfSHaP' ] }
}
ReplyError: WRONGPASS invalid username-password pair or user is disabled.
    at parseError (/Users/adrianfranciscoperezgomez/Desktop/Personal Apps/vult-intel/node_modules/redis-parser/lib/parser.js:179:12)
    at parseType (/Users/adrianfranciscoperezgomez/Desktop/Personal Apps/vult-intel/node_modules/redis-parser/lib/parser.js:302:14) {
  command: { name: 'auth', args: [ 'IVB0VPnPl0urvQrpSKkbXLdEZBUfSHaP' ] }
}
ReplyError: WRONGPASS invalid username-password pair or user is disabled.
    at parseError (/Users/adrianfranciscoperezgomez/Desktop/Personal Apps/vult-intel/node_modules/redis-parser/lib/parser.js:179:12)
    at parseType (/Users/adrianfranciscoperezgomez/Desktop/Personal Apps/vult-intel/node_modules/redis-parser/lib/parser.js:302:14) {
  command: { name: 'auth', args: [ 'IVB0VPnPl0urvQrpSKkbXLdEZBUfSHaP' ] }
}
ReplyError: WRONGPASS invalid username-password pair or user is disabled.
    at parseError (/Users/adrianfranciscoperezgomez/Desktop/Personal Apps/vult-intel/node_modules/redis-parser/lib/parser.js:179:12)
    at parseType (/Users/adrianfranciscoperezgomez/Desktop/Personal Apps/vult-intel/node_modules/redis-parser/lib/parser.js:302:14) {
  command: { name: 'auth', args: [ 'IVB0VPnPl0urvQrpSKkbXLdEZBUfSHaP' ] }
}
ReplyError: WRONGPASS invalid username-password pair or user is disabled.
    at parseError (/Users/adrianfranciscoperezgomez/Desktop/Personal Apps/vult-intel/node_modules/redis-parser/lib/parser.js:179:12)
    at parseType (/Users/adrianfranciscoperezgomez/Desktop/Personal Apps/vult-intel/node_modules/redis-parser/lib/parser.js:302:14) {
  command: { name: 'auth', args: [ 'IVB0VPnPl0urvQrpSKkbXLdEZBUfSHaP' ] }
}
ReplyError: WRONGPASS invalid username-password pair or user is disabled.
    at parseError (/Users/adrianfranciscoperezgomez/Desktop/Personal Apps/vult-intel/node_modules/redis-parser/lib/parser.js:179:12)
    at parseType (/Users/adrianfranciscoperezgomez/Desktop/Personal Apps/vult-intel/node_modules/redis-parser/lib/parser.js:302:14) {
  command: { name: 'auth', args: [ 'IVB0VPnPl0urvQrpSKkbXLdEZBUfSHaP' ] }
}
ReplyError: WRONGPASS invalid username-password pair or user is disabled.
    at parseError (/Users/adrianfranciscoperezgomez/Desktop/Personal Apps/vult-intel/node_modules/redis-parser/lib/parser.js:179:12)
    at parseType (/Users/adrianfranciscoperezgomez/Desktop/Personal Apps/vult-intel/node_modules/redis-parser/lib/parser.js:302:14) {
  command: { name: 'auth', args: [ 'IVB0VPnPl0urvQrpSKkbXLdEZBUfSHaP' ] }
}
Connected to Redis for persistence
Redis connection error: ReplyError: WRONGPASS invalid username-password pair or user is disabled.
    at parseError (/Users/adrianfranciscoperezgomez/Desktop/Personal Apps/vult-intel/node_modules/redis-parser/lib/parser.js:179:12)
    at parseType (/Users/adrianfranciscoperezgomez/Desktop/Personal Apps/vult-intel/node_modules/redis-parser/lib/parser.js:302:14) {
  command: { name: 'auth', args: [ 'IVB0VPnPl0urvQrpSKkbXLdEZBUfSHaP' ] }
}
ReplyError: WRONGPASS invalid username-password pair or user is disabled.
    at parseError (/Users/adrianfranciscoperezgomez/Desktop/Personal Apps/vult-intel/node_modules/redis-parser/lib/parser.js:179:12)
    at parseType (/Users/adrianfranciscoperezgomez/Desktop/Personal Apps/vult-intel/node_modules/redis-parser/lib/parser.js:302:14) {
  command: { name: 'auth', args: [ 'IVB0VPnPl0urvQrpSKkbXLdEZBUfSHaP' ] }
}
ReplyError: WRONGPASS invalid username-password pair or user is disabled.
    at parseError (/Users/adrianfranciscoperezgomez/Desktop/Personal Apps/vult-intel/node_modules/redis-parser/lib/parser.js:179:12)
    at parseType (/Users/adrianfranciscoperezgomez/Desktop/Personal Apps/vult-intel/node_modules/redis-parser/lib/parser.js:302:14) {
  command: { name: 'auth', args: [ 'IVB0VPnPl0urvQrpSKkbXLdEZBUfSHaP' ] }
}
ReplyError: WRONGPASS invalid username-password pair or user is disabled.
    at parseError (/Users/adrianfranciscoperezgomez/Desktop/Personal Apps/vult-intel/node_modules/redis-parser/lib/parser.js:179:12)
    at parseType (/Users/adrianfranciscoperezgomez/Desktop/Personal Apps/vult-intel/node_modules/redis-parser/lib/parser.js:302:14) {
  command: { name: 'auth', args: [ 'IVB0VPnPl0urvQrpSKkbXLdEZBUfSHaP' ] }
}
ReplyError: WRONGPASS invalid username-password pair or user is disabled.
    at parseError (/Users/adrianfranciscoperezgomez/Desktop/Personal Apps/vult-intel/node_modules/redis-parser/lib/parser.js:179:12)
    at parseType (/Users/adrianfranciscoperezgomez/Desktop/Personal Apps/vult-intel/node_modules/redis-parser/lib/parser.js:302:14) {
  command: { name: 'auth', args: [ 'IVB0VPnPl0urvQrpSKkbXLdEZBUfSHaP' ] }
}
ReplyError: WRONGPASS invalid username-password pair or user is disabled.
    at parseError (/Users/adrianfranciscoperezgomez/Desktop/Personal Apps/vult-intel/node_modules/redis-parser/lib/parser.js:179:12)
    at parseType (/Users/adrianfranciscoperezgomez/Desktop/Personal Apps/vult-intel/node_modules/redis-parser/lib/parser.js:302:14) {
  command: { name: 'auth', args: [ 'IVB0VPnPl0urvQrpSKkbXLdEZBUfSHaP' ] }
}
Connected to Redis for persistence
ReplyError: WRONGPASS invalid username-password pair or user is disabled.
    at parseError (/Users/adrianfranciscoperezgomez/Desktop/Personal Apps/vult-intel/node_modules/redis-parser/lib/parser.js:179:12)
    at parseType (/Users/adrianfranciscoperezgomez/Desktop/Personal Apps/vult-intel/node_modules/redis-parser/lib/parser.js:302:14) {
  command: { name: 'auth', args: [ 'IVB0VPnPl0urvQrpSKkbXLdEZBUfSHaP' ] }
}
Redis connection error: ReplyError: WRONGPASS invalid username-password pair or user is disabled.
    at parseError (/Users/adrianfranciscoperezgomez/Desktop/Personal Apps/vult-intel/node_modules/redis-parser/lib/parser.js:179:12)
    at parseType (/Users/adrianfranciscoperezgomez/Desktop/Personal Apps/vult-intel/node_modules/redis-parser/lib/parser.js:302:14) {
  command: { name: 'auth', args: [ 'IVB0VPnPl0urvQrpSKkbXLdEZBUfSHaP' ] }
}
ReplyError: WRONGPASS invalid username-password pair or user is disabled.
    at parseError (/Users/adrianfranciscoperezgomez/Desktop/Personal Apps/vult-intel/node_modules/redis-parser/lib/parser.js:179:12)
    at parseType (/Users/adrianfranciscoperezgomez/Desktop/Personal Apps/vult-intel/node_modules/redis-parser/lib/parser.js:302:14) {
  command: { name: 'auth', args: [ 'IVB0VPnPl0urvQrpSKkbXLdEZBUfSHaP' ] }
}
ReplyError: WRONGPASS invalid username-password pair or user is disabled.
    at parseError (/Users/adrianfranciscoperezgomez/Desktop/Personal Apps/vult-intel/node_modules/redis-parser/lib/parser.js:179:12)
    at parseType (/Users/adrianfranciscoperezgomez/Desktop/Personal Apps/vult-intel/node_modules/redis-parser/lib/parser.js:302:14) {
  command: { name: 'auth', args: [ 'IVB0VPnPl0urvQrpSKkbXLdEZBUfSHaP' ] }
}
ReplyError: WRONGPASS invalid username-password pair or user is disabled.
    at parseError (/Users/adrianfranciscoperezgomez/Desktop/Personal Apps/vult-intel/node_modules/redis-parser/lib/parser.js:179:12)
    at parseType (/Users/adrianfranciscoperezgomez/Desktop/Personal Apps/vult-intel/node_modules/redis-parser/lib/parser.js:302:14) {
  command: { name: 'auth', args: [ 'IVB0VPnPl0urvQrpSKkbXLdEZBUfSHaP' ] }
}
ReplyError: WRONGPASS invalid username-password pair or user is disabled.
    at parseError (/Users/adrianfranciscoperezgomez/Desktop/Personal Apps/vult-intel/node_modules/redis-parser/lib/parser.js:179:12)
    at parseType (/Users/adrianfranciscoperezgomez/Desktop/Personal Apps/vult-intel/node_modules/redis-parser/lib/parser.js:302:14) {
  command: { name: 'auth', args: [ 'IVB0VPnPl0urvQrpSKkbXLdEZBUfSHaP' ] }
}
ReplyError: WRONGPASS invalid username-password pair or user is disabled.
    at parseError (/Users/adrianfranciscoperezgomez/Desktop/Personal Apps/vult-intel/node_modules/redis-parser/lib/parser.js:179:12)
    at parseType (/Users/adrianfranciscoperezgomez/Desktop/Personal Apps/vult-intel/node_modules/redis-parser/lib/parser.js:302:14) {
  command: { name: 'auth', args: [ 'IVB0VPnPl0urvQrpSKkbXLdEZBUfSHaP' ] }
}
Connected to Redis for persistence
ReplyError: WRONGPASS invalid username-password pair or user is disabled.
    at parseError (/Users/adrianfranciscoperezgomez/Desktop/Personal Apps/vult-intel/node_modules/redis-parser/lib/parser.js:179:12)
    at parseType (/Users/adrianfranciscoperezgomez/Desktop/Personal Apps/vult-intel/node_modules/redis-parser/lib/parser.js:302:14) {
  command: { name: 'auth', args: [ 'IVB0VPnPl0urvQrpSKkbXLdEZBUfSHaP' ] }
}
Redis connection error: ReplyError: WRONGPASS invalid username-password pair or user is disabled.
    at parseError (/Users/adrianfranciscoperezgomez/Desktop/Personal Apps/vult-intel/node_modules/redis-parser/lib/parser.js:179:12)
    at parseType (/Users/adrianfranciscoperezgomez/Desktop/Personal Apps/vult-intel/node_modules/redis-parser/lib/parser.js:302:14) {
  command: { name: 'auth', args: [ 'IVB0VPnPl0urvQrpSKkbXLdEZBUfSHaP' ] }
}
ReplyError: WRONGPASS invalid username-password pair or user is disabled.
    at parseError (/Users/adrianfranciscoperezgomez/Desktop/Personal Apps/vult-intel/node_modules/redis-parser/lib/parser.js:179:12)
    at parseType (/Users/adrianfranciscoperezgomez/Desktop/Personal Apps/vult-intel/node_modules/redis-parser/lib/parser.js:302:14) {
  command: { name: 'auth', args: [ 'IVB0VPnPl0urvQrpSKkbXLdEZBUfSHaP' ] }
}
ReplyError: WRONGPASS invalid username-password pair or user is disabled.
    at parseError (/Users/adrianfranciscoperezgomez/Desktop/Personal Apps/vult-intel/node_modules/redis-parser/lib/parser.js:179:12)
    at parseType (/Users/adrianfranciscoperezgomez/Desktop/Personal Apps/vult-intel/node_modules/redis-parser/lib/parser.js:302:14) {
  command: { name: 'auth', args: [ 'IVB0VPnPl0urvQrpSKkbXLdEZBUfSHaP' ] }
}
ReplyError: WRONGPASS invalid username-password pair or user is disabled.
    at parseError (/Users/adrianfranciscoperezgomez/Desktop/Personal Apps/vult-intel/node_modules/redis-parser/lib/parser.js:179:12)
    at parseType (/Users/adrianfranciscoperezgomez/Desktop/Personal Apps/vult-intel/node_modules/redis-parser/lib/parser.js:302:14) {
  command: { name: 'auth', args: [ 'IVB0VPnPl0urvQrpSKkbXLdEZBUfSHaP' ] }
}
ReplyError: WRONGPASS invalid username-password pair or user is disabled.
    at parseError (/Users/adrianfranciscoperezgomez/Desktop/Personal Apps/vult-intel/node_modules/redis-parser/lib/parser.js:179:12)
    at parseType (/Users/adrianfranciscoperezgomez/Desktop/Personal Apps/vult-intel/node_modules/redis-parser/lib/parser.js:302:14) {
  command: { name: 'auth', args: [ 'IVB0VPnPl0urvQrpSKkbXLdEZBUfSHaP' ] }
}
ReplyError: WRONGPASS invalid username-password pair or user is disabled.
    at parseError (/Users/adrianfranciscoperezgomez/Desktop/Personal Apps/vult-intel/node_modules/redis-parser/lib/parser.js:179:12)
    at parseType (/Users/adrianfranciscoperezgomez/Desktop/Personal Apps/vult-intel/node_modules/redis-parser/lib/parser.js:302:14) {
  command: { name: 'auth', args: [ 'IVB0VPnPl0urvQrpSKkbXLdEZBUfSHaP' ] }
}
Connected to Redis for persistence
ReplyError: WRONGPASS invalid username-password pair or user is disabled.
    at parseError (/Users/adrianfranciscoperezgomez/Desktop/Personal Apps/vult-intel/node_modules/redis-parser/lib/parser.js:179:12)
    at parseType (/Users/adrianfranciscoperezgomez/Desktop/Personal Apps/vult-intel/node_modules/redis-parser/lib/parser.js:302:14) {
  command: { name: 'auth', args: [ 'IVB0VPnPl0urvQrpSKkbXLdEZBUfSHaP' ] }
}
Redis connection error: ReplyError: WRONGPASS invalid username-password pair or user is disabled.
    at parseError (/Users/adrianfranciscoperezgomez/Desktop/Personal Apps/vult-intel/node_modules/redis-parser/lib/parser.js:179:12)
    at parseType (/Users/adrianfranciscoperezgomez/Desktop/Personal Apps/vult-intel/node_modules/redis-parser/lib/parser.js:302:14) {
  command: { name: 'auth', args: [ 'IVB0VPnPl0urvQrpSKkbXLdEZBUfSHaP' ] }
}
ReplyError: WRONGPASS invalid username-password pair or user is disabled.
    at parseError (/Users/adrianfranciscoperezgomez/Desktop/Personal Apps/vult-intel/node_modules/redis-parser/lib/parser.js:179:12)
    at parseType (/Users/adrianfranciscoperezgomez/Desktop/Personal Apps/vult-intel/node_modules/redis-parser/lib/parser.js:302:14) {
  command: { name: 'auth', args: [ 'IVB0VPnPl0urvQrpSKkbXLdEZBUfSHaP' ] }
}
ReplyError: WRONGPASS invalid username-password pair or user is disabled.
    at parseError (/Users/adrianfranciscoperezgomez/Desktop/Personal Apps/vult-intel/node_modules/redis-parser/lib/parser.js:179:12)
    at parseType (/Users/adrianfranciscoperezgomez/Desktop/Personal Apps/vult-intel/node_modules/redis-parser/lib/parser.js:302:14) {
  command: { name: 'auth', args: [ 'IVB0VPnPl0urvQrpSKkbXLdEZBUfSHaP' ] }
}
ReplyError: WRONGPASS invalid username-password pair or user is disabled.
    at parseError (/Users/adrianfranciscoperezgomez/Desktop/Personal Apps/vult-intel/node_modules/redis-parser/lib/parser.js:179:12)
    at parseType (/Users/adrianfranciscoperezgomez/Desktop/Personal Apps/vult-intel/node_modules/redis-parser/lib/parser.js:302:14) {
  command: { name: 'auth', args: [ 'IVB0VPnPl0urvQrpSKkbXLdEZBUfSHaP' ] }
}
ReplyError: WRONGPASS invalid username-password pair or user is disabled.
    at parseError (/Users/adrianfranciscoperezgomez/Desktop/Personal Apps/vult-intel/node_modules/redis-parser/lib/parser.js:179:12)
    at parseType (/Users/adrianfranciscoperezgomez/Desktop/Personal Apps/vult-intel/node_modules/redis-parser/lib/parser.js:302:14) {
  command: { name: 'auth', args: [ 'IVB0VPnPl0urvQrpSKkbXLdEZBUfSHaP' ] }
}
ReplyError: WRONGPASS invalid username-password pair or user is disabled.
    at parseError (/Users/adrianfranciscoperezgomez/Desktop/Personal Apps/vult-intel/node_modules/redis-parser/lib/parser.js:179:12)
    at parseType (/Users/adrianfranciscoperezgomez/Desktop/Personal Apps/vult-intel/node_modules/redis-parser/lib/parser.js:302:14) {
  command: { name: 'auth', args: [ 'IVB0VPnPl0urvQrpSKkbXLdEZBUfSHaP' ] }
}
Connected to Redis for persistence
ReplyError: WRONGPASS invalid username-password pair or user is disabled.
    at parseError (/Users/adrianfranciscoperezgomez/Desktop/Personal Apps/vult-intel/node_modules/redis-parser/lib/parser.js:179:12)
    at parseType (/Users/adrianfranciscoperezgomez/Desktop/Personal Apps/vult-intel/node_modules/redis-parser/lib/parser.js:302:14) {
  command: { name: 'auth', args: [ 'IVB0VPnPl0urvQrpSKkbXLdEZBUfSHaP' ] }
}
Redis connection error: ReplyError: WRONGPASS invalid username-password pair or user is disabled.
    at parseError (/Users/adrianfranciscoperezgomez/Desktop/Personal Apps/vult-intel/node_modules/redis-parser/lib/parser.js:179:12)
    at parseType (/Users/adrianfranciscoperezgomez/Desktop/Personal Apps/vult-intel/node_modules/redis-parser/lib/parser.js:302:14) {
  command: { name: 'auth', args: [ 'IVB0VPnPl0urvQrpSKkbXLdEZBUfSHaP' ] }
}
ReplyError: WRONGPASS invalid username-password pair or user is disabled.
    at parseError (/Users/adrianfranciscoperezgomez/Desktop/Personal Apps/vult-intel/node_modules/redis-parser/lib/parser.js:179:12)
    at parseType (/Users/adrianfranciscoperezgomez/Desktop/Personal Apps/vult-intel/node_modules/redis-parser/lib/parser.js:302:14) {
  command: { name: 'auth', args: [ 'IVB0VPnPl0urvQrpSKkbXLdEZBUfSHaP' ] }
}
ReplyError: WRONGPASS invalid username-password pair or user is disabled.
    at parseError (/Users/adrianfranciscoperezgomez/Desktop/Personal Apps/vult-intel/node_modules/redis-parser/lib/parser.js:179:12)
    at parseType (/Users/adrianfranciscoperezgomez/Desktop/Personal Apps/vult-intel/node_modules/redis-parser/lib/parser.js:302:14) {
  command: { name: 'auth', args: [ 'IVB0VPnPl0urvQrpSKkbXLdEZBUfSHaP' ] }
}
ReplyError: WRONGPASS invalid username-password pair or user is disabled.
    at parseError (/Users/adrianfranciscoperezgomez/Desktop/Personal Apps/vult-intel/node_modules/redis-parser/lib/parser.js:179:12)
    at parseType (/Users/adrianfranciscoperezgomez/Desktop/Personal Apps/vult-intel/node_modules/redis-parser/lib/parser.js:302:14) {
  command: { name: 'auth', args: [ 'IVB0VPnPl0urvQrpSKkbXLdEZBUfSHaP' ] }
}
ReplyError: WRONGPASS invalid username-password pair or user is disabled.
    at parseError (/Users/adrianfranciscoperezgomez/Desktop/Personal Apps/vult-intel/node_modules/redis-parser/lib/parser.js:179:12)
    at parseType (/Users/adrianfranciscoperezgomez/Desktop/Personal Apps/vult-intel/node_modules/redis-parser/lib/parser.js:302:14) {
  command: { name: 'auth', args: [ 'IVB0VPnPl0urvQrpSKkbXLdEZBUfSHaP' ] }
}
ReplyError: WRONGPASS invalid username-password pair or user is disabled.
    at parseError (/Users/adrianfranciscoperezgomez/Desktop/Personal Apps/vult-intel/node_modules/redis-parser/lib/parser.js:179:12)
    at parseType (/Users/adrianfranciscoperezgomez/Desktop/Personal Apps/vult-intel/node_modules/redis-parser/lib/parser.js:302:14) {
  command: { name: 'auth', args: [ 'IVB0VPnPl0urvQrpSKkbXLdEZBUfSHaP' ] }
}
Connected to Redis for persistence
ReplyError: WRONGPASS invalid username-password pair or user is disabled.
    at parseError (/Users/adrianfranciscoperezgomez/Desktop/Personal Apps/vult-intel/node_modules/redis-parser/lib/parser.js:179:12)
    at parseType (/Users/adrianfranciscoperezgomez/Desktop/Personal Apps/vult-intel/node_modules/redis-parser/lib/parser.js:302:14) {
  command: { name: 'auth', args: [ 'IVB0VPnPl0urvQrpSKkbXLdEZBUfSHaP' ] }
}
Redis connection error: ReplyError: WRONGPASS invalid username-password pair or user is disabled.
    at parseError (/Users/adrianfranciscoperezgomez/Desktop/Personal Apps/vult-intel/node_modules/redis-parser/lib/parser.js:179:12)
    at parseType (/Users/adrianfranciscoperezgomez/Desktop/Personal Apps/vult-intel/node_modules/redis-parser/lib/parser.js:302:14) {
  command: { name: 'auth', args: [ 'IVB0VPnPl0urvQrpSKkbXLdEZBUfSHaP' ] }
}
ReplyError: WRONGPASS invalid username-password pair or user is disabled.
    at parseError (/Users/adrianfranciscoperezgomez/Desktop/Personal Apps/vult-intel/node_modules/redis-parser/lib/parser.js:179:12)
    at parseType (/Users/adrianfranciscoperezgomez/Desktop/Personal Apps/vult-intel/node_modules/redis-parser/lib/parser.js:302:14) {
  command: { name: 'auth', args: [ 'IVB0VPnPl0urvQrpSKkbXLdEZBUfSHaP' ] }
}
ReplyError: WRONGPASS invalid username-password pair or user is disabled.
    at parseError (/Users/adrianfranciscoperezgomez/Desktop/Personal Apps/vult-intel/node_modules/redis-parser/lib/parser.js:179:12)
    at parseType (/Users/adrianfranciscoperezgomez/Desktop/Personal Apps/vult-intel/node_modules/redis-parser/lib/parser.js:302:14) {
  command: { name: 'auth', args: [ 'IVB0VPnPl0urvQrpSKkbXLdEZBUfSHaP' ] }
}
ReplyError: WRONGPASS invalid username-password pair or user is disabled.
    at parseError (/Users/adrianfranciscoperezgomez/Desktop/Personal Apps/vult-intel/node_modules/redis-parser/lib/parser.js:179:12)
    at parseType (/Users/adrianfranciscoperezgomez/Desktop/Personal Apps/vult-intel/node_modules/redis-parser/lib/parser.js:302:14) {
  command: { name: 'auth', args: [ 'IVB0VPnPl0urvQrpSKkbXLdEZBUfSHaP' ] }
}
ReplyError: WRONGPASS invalid username-password pair or user is disabled.
    at parseError (/Users/adrianfranciscoperezgomez/Desktop/Personal Apps/vult-intel/node_modules/redis-parser/lib/parser.js:179:12)
    at parseType (/Users/adrianfranciscoperezgomez/Desktop/Personal Apps/vult-intel/node_modules/redis-parser/lib/parser.js:302:14) {
  command: { name: 'auth', args: [ 'IVB0VPnPl0urvQrpSKkbXLdEZBUfSHaP' ] }
}
ReplyError: WRONGPASS invalid username-password pair or user is disabled.
    at parseError (/Users/adrianfranciscoperezgomez/Desktop/Personal Apps/vult-intel/node_modules/redis-parser/lib/parser.js:179:12)
    at parseType (/Users/adrianfranciscoperezgomez/Desktop/Personal Apps/vult-intel/node_modules/redis-parser/lib/parser.js:302:14) {
  command: { name: 'auth', args: [ 'IVB0VPnPl0urvQrpSKkbXLdEZBUfSHaP' ] }
}
Connected to Redis for persistence
ReplyError: WRONGPASS invalid username-password pair or user is disabled.
    at parseError (/Users/adrianfranciscoperezgomez/Desktop/Personal Apps/vult-intel/node_modules/redis-parser/lib/parser.js:179:12)
    at parseType (/Users/adrianfranciscoperezgomez/Desktop/Personal Apps/vult-intel/node_modules/redis-parser/lib/parser.js:302:14) {
  command: { name: 'auth', args: [ 'IVB0VPnPl0urvQrpSKkbXLdEZBUfSHaP' ] }
}
Redis connection error: ReplyError: WRONGPASS invalid username-password pair or user is disabled.
    at parseError (/Users/adrianfranciscoperezgomez/Desktop/Personal Apps/vult-intel/node_modules/redis-parser/lib/parser.js:179:12)
    at parseType (/Users/adrianfranciscoperezgomez/Desktop/Personal Apps/vult-intel/node_modules/redis-parser/lib/parser.js:302:14) {
  command: { name: 'auth', args: [ 'IVB0VPnPl0urvQrpSKkbXLdEZBUfSHaP' ] }
}
ReplyError: WRONGPASS invalid username-password pair or user is disabled.
    at parseError (/Users/adrianfranciscoperezgomez/Desktop/Personal Apps/vult-intel/node_modules/redis-parser/lib/parser.js:179:12)
    at parseType (/Users/adrianfranciscoperezgomez/Desktop/Personal Apps/vult-intel/node_modules/redis-parser/lib/parser.js:302:14) {
  command: { name: 'auth', args: [ 'IVB0VPnPl0urvQrpSKkbXLdEZBUfSHaP' ] }
}
ReplyError: WRONGPASS invalid username-password pair or user is disabled.
    at parseError (/Users/adrianfranciscoperezgomez/Desktop/Personal Apps/vult-intel/node_modules/redis-parser/lib/parser.js:179:12)
    at parseType (/Users/adrianfranciscoperezgomez/Desktop/Personal Apps/vult-intel/node_modules/redis-parser/lib/parser.js:302:14) {
  command: { name: 'auth', args: [ 'IVB0VPnPl0urvQrpSKkbXLdEZBUfSHaP' ] }
}
ReplyError: WRONGPASS invalid username-password pair or user is disabled.
    at parseError (/Users/adrianfranciscoperezgomez/Desktop/Personal Apps/vult-intel/node_modules/redis-parser/lib/parser.js:179:12)
    at parseType (/Users/adrianfranciscoperezgomez/Desktop/Personal Apps/vult-intel/node_modules/redis-parser/lib/parser.js:302:14) {
  command: { name: 'auth', args: [ 'IVB0VPnPl0urvQrpSKkbXLdEZBUfSHaP' ] }
}
ReplyError: WRONGPASS invalid username-password pair or user is disabled.
    at parseError (/Users/adrianfranciscoperezgomez/Desktop/Personal Apps/vult-intel/node_modules/redis-parser/lib/parser.js:179:12)
    at parseType (/Users/adrianfranciscoperezgomez/Desktop/Personal Apps/vult-intel/node_modules/redis-parser/lib/parser.js:302:14) {
  command: { name: 'auth', args: [ 'IVB0VPnPl0urvQrpSKkbXLdEZBUfSHaP' ] }
}
ReplyError: WRONGPASS invalid username-password pair or user is disabled.
    at parseError (/Users/adrianfranciscoperezgomez/Desktop/Personal Apps/vult-intel/node_modules/redis-parser/lib/parser.js:179:12)
    at parseType (/Users/adrianfranciscoperezgomez/Desktop/Personal Apps/vult-intel/node_modules/redis-parser/lib/parser.js:302:14) {
  command: { name: 'auth', args: [ 'IVB0VPnPl0urvQrpSKkbXLdEZBUfSHaP' ] }
}
Connected to Redis for persistence
ReplyError: WRONGPASS invalid username-password pair or user is disabled.
    at parseError (/Users/adrianfranciscoperezgomez/Desktop/Personal Apps/vult-intel/node_modules/redis-parser/lib/parser.js:179:12)
    at parseType (/Users/adrianfranciscoperezgomez/Desktop/Personal Apps/vult-intel/node_modules/redis-parser/lib/parser.js:302:14) {
  command: { name: 'auth', args: [ 'IVB0VPnPl0urvQrpSKkbXLdEZBUfSHaP' ] }
}
Redis connection error: ReplyError: WRONGPASS invalid username-password pair or user is disabled.
    at parseError (/Users/adrianfranciscoperezgomez/Desktop/Personal Apps/vult-intel/node_modules/redis-parser/lib/parser.js:179:12)
    at parseType (/Users/adrianfranciscoperezgomez/Desktop/Personal Apps/vult-intel/node_modules/redis-parser/lib/parser.js:302:14) {
  command: { name: 'auth', args: [ 'IVB0VPnPl0urvQrpSKkbXLdEZBUfSHaP' ] }
}
ReplyError: WRONGPASS invalid username-password pair or user is disabled.
    at parseError (/Users/adrianfranciscoperezgomez/Desktop/Personal Apps/vult-intel/node_modules/redis-parser/lib/parser.js:179:12)
    at parseType (/Users/adrianfranciscoperezgomez/Desktop/Personal Apps/vult-intel/node_modules/redis-parser/lib/parser.js:302:14) {
  command: { name: 'auth', args: [ 'IVB0VPnPl0urvQrpSKkbXLdEZBUfSHaP' ] }
}
ReplyError: WRONGPASS invalid username-password pair or user is disabled.
    at parseError (/Users/adrianfranciscoperezgomez/Desktop/Personal Apps/vult-intel/node_modules/redis-parser/lib/parser.js:179:12)
    at parseType (/Users/adrianfranciscoperezgomez/Desktop/Personal Apps/vult-intel/node_modules/redis-parser/lib/parser.js:302:14) {
  command: { name: 'auth', args: [ 'IVB0VPnPl0urvQrpSKkbXLdEZBUfSHaP' ] }
}
ReplyError: WRONGPASS invalid username-password pair or user is disabled.
    at parseError (/Users/adrianfranciscoperezgomez/Desktop/Personal Apps/vult-intel/node_modules/redis-parser/lib/parser.js:179:12)
    at parseType (/Users/adrianfranciscoperezgomez/Desktop/Personal Apps/vult-intel/node_modules/redis-parser/lib/parser.js:302:14) {
  command: { name: 'auth', args: [ 'IVB0VPnPl0urvQrpSKkbXLdEZBUfSHaP' ] }
}
ReplyError: WRONGPASS invalid username-password pair or user is disabled.
    at parseError (/Users/adrianfranciscoperezgomez/Desktop/Personal Apps/vult-intel/node_modules/redis-parser/lib/parser.js:179:12)
    at parseType (/Users/adrianfranciscoperezgomez/Desktop/Personal Apps/vult-intel/node_modules/redis-parser/lib/parser.js:302:14) {
  command: { name: 'auth', args: [ 'IVB0VPnPl0urvQrpSKkbXLdEZBUfSHaP' ] }
}
ReplyError: WRONGPASS invalid username-password pair or user is disabled.
    at parseError (/Users/adrianfranciscoperezgomez/Desktop/Personal Apps/vult-intel/node_modules/redis-parser/lib/parser.js:179:12)
    at parseType (/Users/adrianfranciscoperezgomez/Desktop/Personal Apps/vult-intel/node_modules/redis-parser/lib/parser.js:302:14) {
  command: { name: 'auth', args: [ 'IVB0VPnPl0urvQrpSKkbXLdEZBUfSHaP' ] }
}
Connected to Redis for persistence
ReplyError: WRONGPASS invalid username-password pair or user is disabled.
    at parseError (/Users/adrianfranciscoperezgomez/Desktop/Personal Apps/vult-intel/node_modules/redis-parser/lib/parser.js:179:12)
    at parseType (/Users/adrianfranciscoperezgomez/Desktop/Personal Apps/vult-intel/node_modules/redis-parser/lib/parser.js:302:14) {
  command: { name: 'auth', args: [ 'IVB0VPnPl0urvQrpSKkbXLdEZBUfSHaP' ] }
}
Redis connection error: ReplyError: WRONGPASS invalid username-password pair or user is disabled.
    at parseError (/Users/adrianfranciscoperezgomez/Desktop/Personal Apps/vult-intel/node_modules/redis-parser/lib/parser.js:179:12)
    at parseType (/Users/adrianfranciscoperezgomez/Desktop/Personal Apps/vult-intel/node_modules/redis-parser/lib/parser.js:302:14) {
  command: { name: 'auth', args: [ 'IVB0VPnPl0urvQrpSKkbXLdEZBUfSHaP' ] }
}
ReplyError: WRONGPASS invalid username-password pair or user is disabled.
    at parseError (/Users/adrianfranciscoperezgomez/Desktop/Personal Apps/vult-intel/node_modules/redis-parser/lib/parser.js:179:12)
    at parseType (/Users/adrianfranciscoperezgomez/Desktop/Personal Apps/vult-intel/node_modules/redis-parser/lib/parser.js:302:14) {
  command: { name: 'auth', args: [ 'IVB0VPnPl0urvQrpSKkbXLdEZBUfSHaP' ] }
}
ReplyError: WRONGPASS invalid username-password pair or user is disabled.
    at parseError (/Users/adrianfranciscoperezgomez/Desktop/Personal Apps/vult-intel/node_modules/redis-parser/lib/parser.js:179:12)
    at parseType (/Users/adrianfranciscoperezgomez/Desktop/Personal Apps/vult-intel/node_modules/redis-parser/lib/parser.js:302:14) {
  command: { name: 'auth', args: [ 'IVB0VPnPl0urvQrpSKkbXLdEZBUfSHaP' ] }
}
ReplyError: WRONGPASS invalid username-password pair or user is disabled.
    at parseError (/Users/adrianfranciscoperezgomez/Desktop/Personal Apps/vult-intel/node_modules/redis-parser/lib/parser.js:179:12)
    at parseType (/Users/adrianfranciscoperezgomez/Desktop/Personal Apps/vult-intel/node_modules/redis-parser/lib/parser.js:302:14) {
  command: { name: 'auth', args: [ 'IVB0VPnPl0urvQrpSKkbXLdEZBUfSHaP' ] }
}
ReplyError: WRONGPASS invalid username-password pair or user is disabled.
    at parseError (/Users/adrianfranciscoperezgomez/Desktop/Personal Apps/vult-intel/node_modules/redis-parser/lib/parser.js:179:12)
    at parseType (/Users/adrianfranciscoperezgomez/Desktop/Personal Apps/vult-intel/node_modules/redis-parser/lib/parser.js:302:14) {
  command: { name: 'auth', args: [ 'IVB0VPnPl0urvQrpSKkbXLdEZBUfSHaP' ] }
}
ReplyError: WRONGPASS invalid username-password pair or user is disabled.
    at parseError (/Users/adrianfranciscoperezgomez/Desktop/Personal Apps/vult-intel/node_modules/redis-parser/lib/parser.js:179:12)
    at parseType (/Users/adrianfranciscoperezgomez/Desktop/Personal Apps/vult-intel/node_modules/redis-parser/lib/parser.js:302:14) {
  command: { name: 'auth', args: [ 'IVB0VPnPl0urvQrpSKkbXLdEZBUfSHaP' ] }
}
Connected to Redis for persistence
Redis connection error: ReplyError: WRONGPASS invalid username-password pair or user is disabled.
    at parseError (/Users/adrianfranciscoperezgomez/Desktop/Personal Apps/vult-intel/node_modules/redis-parser/lib/parser.js:179:12)
    at parseType (/Users/adrianfranciscoperezgomez/Desktop/Personal Apps/vult-intel/node_modules/redis-parser/lib/parser.js:302:14) {
  command: { name: 'auth', args: [ 'IVB0VPnPl0urvQrpSKkbXLdEZBUfSHaP' ] }
}
ReplyError: WRONGPASS invalid username-password pair or user is disabled.
    at parseError (/Users/adrianfranciscoperezgomez/Desktop/Personal Apps/vult-intel/node_modules/redis-parser/lib/parser.js:179:12)
    at parseType (/Users/adrianfranciscoperezgomez/Desktop/Personal Apps/vult-intel/node_modules/redis-parser/lib/parser.js:302:14) {
  command: { name: 'auth', args: [ 'IVB0VPnPl0urvQrpSKkbXLdEZBUfSHaP' ] }
}
ReplyError: WRONGPASS invalid username-password pair or user is disabled.
    at parseError (/Users/adrianfranciscoperezgomez/Desktop/Personal Apps/vult-intel/node_modules/redis-parser/lib/parser.js:179:12)
    at parseType (/Users/adrianfranciscoperezgomez/Desktop/Personal Apps/vult-intel/node_modules/redis-parser/lib/parser.js:302:14) {
  command: { name: 'auth', args: [ 'IVB0VPnPl0urvQrpSKkbXLdEZBUfSHaP' ] }
}
ReplyError: WRONGPASS invalid username-password pair or user is disabled.
    at parseError (/Users/adrianfranciscoperezgomez/Desktop/Personal Apps/vult-intel/node_modules/redis-parser/lib/parser.js:179:12)
    at parseType (/Users/adrianfranciscoperezgomez/Desktop/Personal Apps/vult-intel/node_modules/redis-parser/lib/parser.js:302:14) {
  command: { name: 'auth', args: [ 'IVB0VPnPl0urvQrpSKkbXLdEZBUfSHaP' ] }
}
ReplyError: WRONGPASS invalid username-password pair or user is disabled.
    at parseError (/Users/adrianfranciscoperezgomez/Desktop/Personal Apps/vult-intel/node_modules/redis-parser/lib/parser.js:179:12)
    at parseType (/Users/adrianfranciscoperezgomez/Desktop/Personal Apps/vult-intel/node_modules/redis-parser/lib/parser.js:302:14) {
  command: { name: 'auth', args: [ 'IVB0VPnPl0urvQrpSKkbXLdEZBUfSHaP' ] }
}
ReplyError: WRONGPASS invalid username-password pair or user is disabled.
    at parseError (/Users/adrianfranciscoperezgomez/Desktop/Personal Apps/vult-intel/node_modules/redis-parser/lib/parser.js:179:12)
    at parseType (/Users/adrianfranciscoperezgomez/Desktop/Personal Apps/vult-intel/node_modules/redis-parser/lib/parser.js:302:14) {
  command: { name: 'auth', args: [ 'IVB0VPnPl0urvQrpSKkbXLdEZBUfSHaP' ] }
}
ReplyError: WRONGPASS invalid username-password pair or user is disabled.
    at parseError (/Users/adrianfranciscoperezgomez/Desktop/Personal Apps/vult-intel/node_modules/redis-parser/lib/parser.js:179:12)
    at parseType (/Users/adrianfranciscoperezgomez/Desktop/Personal Apps/vult-intel/node_modules/redis-parser/lib/parser.js:302:14) {
  command: { name: 'auth', args: [ 'IVB0VPnPl0urvQrpSKkbXLdEZBUfSHaP' ] }
}
Connected to Redis for persistence
ReplyError: WRONGPASS invalid username-password pair or user is disabled.
    at parseError (/Users/adrianfranciscoperezgomez/Desktop/Personal Apps/vult-intel/node_modules/redis-parser/lib/parser.js:179:12)
    at parseType (/Users/adrianfranciscoperezgomez/Desktop/Personal Apps/vult-intel/node_modules/redis-parser/lib/parser.js:302:14) {
  command: { name: 'auth', args: [ 'IVB0VPnPl0urvQrpSKkbXLdEZBUfSHaP' ] }
}
Redis connection error: ReplyError: WRONGPASS invalid username-password pair or user is disabled.
    at parseError (/Users/adrianfranciscoperezgomez/Desktop/Personal Apps/vult-intel/node_modules/redis-parser/lib/parser.js:179:12)
    at parseType (/Users/adrianfranciscoperezgomez/Desktop/Personal Apps/vult-intel/node_modules/redis-parser/lib/parser.js:302:14) {
  command: { name: 'auth', args: [ 'IVB0VPnPl0urvQrpSKkbXLdEZBUfSHaP' ] }
}
ReplyError: WRONGPASS invalid username-password pair or user is disabled.
    at parseError (/Users/adrianfranciscoperezgomez/Desktop/Personal Apps/vult-intel/node_modules/redis-parser/lib/parser.js:179:12)
    at parseType (/Users/adrianfranciscoperezgomez/Desktop/Personal Apps/vult-intel/node_modules/redis-parser/lib/parser.js:302:14) {
  command: { name: 'auth', args: [ 'IVB0VPnPl0urvQrpSKkbXLdEZBUfSHaP' ] }
}
ReplyError: WRONGPASS invalid username-password pair or user is disabled.
    at parseError (/Users/adrianfranciscoperezgomez/Desktop/Personal Apps/vult-intel/node_modules/redis-parser/lib/parser.js:179:12)
    at parseType (/Users/adrianfranciscoperezgomez/Desktop/Personal Apps/vult-intel/node_modules/redis-parser/lib/parser.js:302:14) {
  command: { name: 'auth', args: [ 'IVB0VPnPl0urvQrpSKkbXLdEZBUfSHaP' ] }
}
ReplyError: WRONGPASS invalid username-password pair or user is disabled.
    at parseError (/Users/adrianfranciscoperezgomez/Desktop/Personal Apps/vult-intel/node_modules/redis-parser/lib/parser.js:179:12)
    at parseType (/Users/adrianfranciscoperezgomez/Desktop/Personal Apps/vult-intel/node_modules/redis-parser/lib/parser.js:302:14) {
  command: { name: 'auth', args: [ 'IVB0VPnPl0urvQrpSKkbXLdEZBUfSHaP' ] }
}
ReplyError: WRONGPASS invalid username-password pair or user is disabled.
    at parseError (/Users/adrianfranciscoperezgomez/Desktop/Personal Apps/vult-intel/node_modules/redis-parser/lib/parser.js:179:12)
    at parseType (/Users/adrianfranciscoperezgomez/Desktop/Personal Apps/vult-intel/node_modules/redis-parser/lib/parser.js:302:14) {
  command: { name: 'auth', args: [ 'IVB0VPnPl0urvQrpSKkbXLdEZBUfSHaP' ] }
}
ReplyError: WRONGPASS invalid username-password pair or user is disabled.
    at parseError (/Users/adrianfranciscoperezgomez/Desktop/Personal Apps/vult-intel/node_modules/redis-parser/lib/parser.js:179:12)
    at parseType (/Users/adrianfranciscoperezgomez/Desktop/Personal Apps/vult-intel/node_modules/redis-parser/lib/parser.js:302:14) {
  command: { name: 'auth', args: [ 'IVB0VPnPl0urvQrpSKkbXLdEZBUfSHaP' ] }
}
Connected to Redis for persistence
Redis connection error: ReplyError: WRONGPASS invalid username-password pair or user is disabled.
    at parseError (/Users/adrianfranciscoperezgomez/Desktop/Personal Apps/vult-intel/node_modules/redis-parser/lib/parser.js:179:12)
    at parseType (/Users/adrianfranciscoperezgomez/Desktop/Personal Apps/vult-intel/node_modules/redis-parser/lib/parser.js:302:14) {
  command: { name: 'auth', args: [ 'IVB0VPnPl0urvQrpSKkbXLdEZBUfSHaP' ] }
}
ReplyError: WRONGPASS invalid username-password pair or user is disabled.
    at parseError (/Users/adrianfranciscoperezgomez/Desktop/Personal Apps/vult-intel/node_modules/redis-parser/lib/parser.js:179:12)
    at parseType (/Users/adrianfranciscoperezgomez/Desktop/Personal Apps/vult-intel/node_modules/redis-parser/lib/parser.js:302:14) {
  command: { name: 'auth', args: [ 'IVB0VPnPl0urvQrpSKkbXLdEZBUfSHaP' ] }
}
ReplyError: WRONGPASS invalid username-password pair or user is disabled.
    at parseError (/Users/adrianfranciscoperezgomez/Desktop/Personal Apps/vult-intel/node_modules/redis-parser/lib/parser.js:179:12)
    at parseType (/Users/adrianfranciscoperezgomez/Desktop/Personal Apps/vult-intel/node_modules/redis-parser/lib/parser.js:302:14) {
  command: { name: 'auth', args: [ 'IVB0VPnPl0urvQrpSKkbXLdEZBUfSHaP' ] }
}
ReplyError: WRONGPASS invalid username-password pair or user is disabled.
    at parseError (/Users/adrianfranciscoperezgomez/Desktop/Personal Apps/vult-intel/node_modules/redis-parser/lib/parser.js:179:12)
    at parseType (/Users/adrianfranciscoperezgomez/Desktop/Personal Apps/vult-intel/node_modules/redis-parser/lib/parser.js:302:14) {
  command: { name: 'auth', args: [ 'IVB0VPnPl0urvQrpSKkbXLdEZBUfSHaP' ] }
}
ReplyError: WRONGPASS invalid username-password pair or user is disabled.
    at parseError (/Users/adrianfranciscoperezgomez/Desktop/Personal Apps/vult-intel/node_modules/redis-parser/lib/parser.js:179:12)
    at parseType (/Users/adrianfranciscoperezgomez/Desktop/Personal Apps/vult-intel/node_modules/redis-parser/lib/parser.js:302:14) {
  command: { name: 'auth', args: [ 'IVB0VPnPl0urvQrpSKkbXLdEZBUfSHaP' ] }
}
ReplyError: WRONGPASS invalid username-password pair or user is disabled.
    at parseError (/Users/adrianfranciscoperezgomez/Desktop/Personal Apps/vult-intel/node_modules/redis-parser/lib/parser.js:179:12)
    at parseType (/Users/adrianfranciscoperezgomez/Desktop/Personal Apps/vult-intel/node_modules/redis-parser/lib/parser.js:302:14) {
  command: { name: 'auth', args: [ 'IVB0VPnPl0urvQrpSKkbXLdEZBUfSHaP' ] }
}
ReplyError: WRONGPASS invalid username-password pair or user is disabled.
    at parseError (/Users/adrianfranciscoperezgomez/Desktop/Personal Apps/vult-intel/node_modules/redis-parser/lib/parser.js:179:12)
    at parseType (/Users/adrianfranciscoperezgomez/Desktop/Personal Apps/vult-intel/node_modules/redis-parser/lib/parser.js:302:14) {
  command: { name: 'auth', args: [ 'IVB0VPnPl0urvQrpSKkbXLdEZBUfSHaP' ] }
}
Connected to Redis for persistence
ReplyError: WRONGPASS invalid username-password pair or user is disabled.
    at parseError (/Users/adrianfranciscoperezgomez/Desktop/Personal Apps/vult-intel/node_modules/redis-parser/lib/parser.js:179:12)
    at parseType (/Users/adrianfranciscoperezgomez/Desktop/Personal Apps/vult-intel/node_modules/redis-parser/lib/parser.js:302:14) {
  command: { name: 'auth', args: [ 'IVB0VPnPl0urvQrpSKkbXLdEZBUfSHaP' ] }
}
Redis connection error: ReplyError: WRONGPASS invalid username-password pair or user is disabled.
    at parseError (/Users/adrianfranciscoperezgomez/Desktop/Personal Apps/vult-intel/node_modules/redis-parser/lib/parser.js:179:12)
    at parseType (/Users/adrianfranciscoperezgomez/Desktop/Personal Apps/vult-intel/node_modules/redis-parser/lib/parser.js:302:14) {
  command: { name: 'auth', args: [ 'IVB0VPnPl0urvQrpSKkbXLdEZBUfSHaP' ] }
}
ReplyError: WRONGPASS invalid username-password pair or user is disabled.
    at parseError (/Users/adrianfranciscoperezgomez/Desktop/Personal Apps/vult-intel/node_modules/redis-parser/lib/parser.js:179:12)
    at parseType (/Users/adrianfranciscoperezgomez/Desktop/Personal Apps/vult-intel/node_modules/redis-parser/lib/parser.js:302:14) {
  command: { name: 'auth', args: [ 'IVB0VPnPl0urvQrpSKkbXLdEZBUfSHaP' ] }
}
ReplyError: WRONGPASS invalid username-password pair or user is disabled.
    at parseError (/Users/adrianfranciscoperezgomez/Desktop/Personal Apps/vult-intel/node_modules/redis-parser/lib/parser.js:179:12)
    at parseType (/Users/adrianfranciscoperezgomez/Desktop/Personal Apps/vult-intel/node_modules/redis-parser/lib/parser.js:302:14) {
  command: { name: 'auth', args: [ 'IVB0VPnPl0urvQrpSKkbXLdEZBUfSHaP' ] }
}
ReplyError: WRONGPASS invalid username-password pair or user is disabled.
    at parseError (/Users/adrianfranciscoperezgomez/Desktop/Personal Apps/vult-intel/node_modules/redis-parser/lib/parser.js:179:12)
    at parseType (/Users/adrianfranciscoperezgomez/Desktop/Personal Apps/vult-intel/node_modules/redis-parser/lib/parser.js:302:14) {
  command: { name: 'auth', args: [ 'IVB0VPnPl0urvQrpSKkbXLdEZBUfSHaP' ] }
}
ReplyError: WRONGPASS invalid username-password pair or user is disabled.
    at parseError (/Users/adrianfranciscoperezgomez/Desktop/Personal Apps/vult-intel/node_modules/redis-parser/lib/parser.js:179:12)
    at parseType (/Users/adrianfranciscoperezgomez/Desktop/Personal Apps/vult-intel/node_modules/redis-parser/lib/parser.js:302:14) {
  command: { name: 'auth', args: [ 'IVB0VPnPl0urvQrpSKkbXLdEZBUfSHaP' ] }
}
ReplyError: WRONGPASS invalid username-password pair or user is disabled.
    at parseError (/Users/adrianfranciscoperezgomez/Desktop/Personal Apps/vult-intel/node_modules/redis-parser/lib/parser.js:179:12)
    at parseType (/Users/adrianfranciscoperezgomez/Desktop/Personal Apps/vult-intel/node_modules/redis-parser/lib/parser.js:302:14) {
  command: { name: 'auth', args: [ 'IVB0VPnPl0urvQrpSKkbXLdEZBUfSHaP' ] }
}
Connected to Redis for persistence
ReplyError: WRONGPASS invalid username-password pair or user is disabled.
    at parseError (/Users/adrianfranciscoperezgomez/Desktop/Personal Apps/vult-intel/node_modules/redis-parser/lib/parser.js:179:12)
    at parseType (/Users/adrianfranciscoperezgomez/Desktop/Personal Apps/vult-intel/node_modules/redis-parser/lib/parser.js:302:14) {
  command: { name: 'auth', args: [ 'IVB0VPnPl0urvQrpSKkbXLdEZBUfSHaP' ] }
}
Redis connection error: ReplyError: WRONGPASS invalid username-password pair or user is disabled.
    at parseError (/Users/adrianfranciscoperezgomez/Desktop/Personal Apps/vult-intel/node_modules/redis-parser/lib/parser.js:179:12)
    at parseType (/Users/adrianfranciscoperezgomez/Desktop/Personal Apps/vult-intel/node_modules/redis-parser/lib/parser.js:302:14) {
  command: { name: 'auth', args: [ 'IVB0VPnPl0urvQrpSKkbXLdEZBUfSHaP' ] }
}
ReplyError: WRONGPASS invalid username-password pair or user is disabled.
    at parseError (/Users/adrianfranciscoperezgomez/Desktop/Personal Apps/vult-intel/node_modules/redis-parser/lib/parser.js:179:12)
    at parseType (/Users/adrianfranciscoperezgomez/Desktop/Personal Apps/vult-intel/node_modules/redis-parser/lib/parser.js:302:14) {
  command: { name: 'auth', args: [ 'IVB0VPnPl0urvQrpSKkbXLdEZBUfSHaP' ] }
}
ReplyError: WRONGPASS invalid username-password pair or user is disabled.
    at parseError (/Users/adrianfranciscoperezgomez/Desktop/Personal Apps/vult-intel/node_modules/redis-parser/lib/parser.js:179:12)
    at parseType (/Users/adrianfranciscoperezgomez/Desktop/Personal Apps/vult-intel/node_modules/redis-parser/lib/parser.js:302:14) {
  command: { name: 'auth', args: [ 'IVB0VPnPl0urvQrpSKkbXLdEZBUfSHaP' ] }
}
ReplyError: WRONGPASS invalid username-password pair or user is disabled.
    at parseError (/Users/adrianfranciscoperezgomez/Desktop/Personal Apps/vult-intel/node_modules/redis-parser/lib/parser.js:179:12)
    at parseType (/Users/adrianfranciscoperezgomez/Desktop/Personal Apps/vult-intel/node_modules/redis-parser/lib/parser.js:302:14) {
  command: { name: 'auth', args: [ 'IVB0VPnPl0urvQrpSKkbXLdEZBUfSHaP' ] }
}
ReplyError: WRONGPASS invalid username-password pair or user is disabled.
    at parseError (/Users/adrianfranciscoperezgomez/Desktop/Personal Apps/vult-intel/node_modules/redis-parser/lib/parser.js:179:12)
    at parseType (/Users/adrianfranciscoperezgomez/Desktop/Personal Apps/vult-intel/node_modules/redis-parser/lib/parser.js:302:14) {
  command: { name: 'auth', args: [ 'IVB0VPnPl0urvQrpSKkbXLdEZBUfSHaP' ] }
}
ReplyError: WRONGPASS invalid username-password pair or user is disabled.
    at parseError (/Users/adrianfranciscoperezgomez/Desktop/Personal Apps/vult-intel/node_modules/redis-parser/lib/parser.js:179:12)
    at parseType (/Users/adrianfranciscoperezgomez/Desktop/Personal Apps/vult-intel/node_modules/redis-parser/lib/parser.js:302:14) {
  command: { name: 'auth', args: [ 'IVB0VPnPl0urvQrpSKkbXLdEZBUfSHaP' ] }
}
Connected to Redis for persistence
ReplyError: WRONGPASS invalid username-password pair or user is disabled.
    at parseError (/Users/adrianfranciscoperezgomez/Desktop/Personal Apps/vult-intel/node_modules/redis-parser/lib/parser.js:179:12)
    at parseType (/Users/adrianfranciscoperezgomez/Desktop/Personal Apps/vult-intel/node_modules/redis-parser/lib/parser.js:302:14) {
  command: { name: 'auth', args: [ 'IVB0VPnPl0urvQrpSKkbXLdEZBUfSHaP' ] }
}
Redis connection error: ReplyError: WRONGPASS invalid username-password pair or user is disabled.
    at parseError (/Users/adrianfranciscoperezgomez/Desktop/Personal Apps/vult-intel/node_modules/redis-parser/lib/parser.js:179:12)
    at parseType (/Users/adrianfranciscoperezgomez/Desktop/Personal Apps/vult-intel/node_modules/redis-parser/lib/parser.js:302:14) {
  command: { name: 'auth', args: [ 'IVB0VPnPl0urvQrpSKkbXLdEZBUfSHaP' ] }
}
ReplyError: WRONGPASS invalid username-password pair or user is disabled.
    at parseError (/Users/adrianfranciscoperezgomez/Desktop/Personal Apps/vult-intel/node_modules/redis-parser/lib/parser.js:179:12)
    at parseType (/Users/adrianfranciscoperezgomez/Desktop/Personal Apps/vult-intel/node_modules/redis-parser/lib/parser.js:302:14) {
  command: { name: 'auth', args: [ 'IVB0VPnPl0urvQrpSKkbXLdEZBUfSHaP' ] }
}
ReplyError: WRONGPASS invalid username-password pair or user is disabled.
    at parseError (/Users/adrianfranciscoperezgomez/Desktop/Personal Apps/vult-intel/node_modules/redis-parser/lib/parser.js:179:12)
    at parseType (/Users/adrianfranciscoperezgomez/Desktop/Personal Apps/vult-intel/node_modules/redis-parser/lib/parser.js:302:14) {
  command: { name: 'auth', args: [ 'IVB0VPnPl0urvQrpSKkbXLdEZBUfSHaP' ] }
}
ReplyError: WRONGPASS invalid username-password pair or user is disabled.
    at parseError (/Users/adrianfranciscoperezgomez/Desktop/Personal Apps/vult-intel/node_modules/redis-parser/lib/parser.js:179:12)
    at parseType (/Users/adrianfranciscoperezgomez/Desktop/Personal Apps/vult-intel/node_modules/redis-parser/lib/parser.js:302:14) {
  command: { name: 'auth', args: [ 'IVB0VPnPl0urvQrpSKkbXLdEZBUfSHaP' ] }
}
ReplyError: WRONGPASS invalid username-password pair or user is disabled.
    at parseError (/Users/adrianfranciscoperezgomez/Desktop/Personal Apps/vult-intel/node_modules/redis-parser/lib/parser.js:179:12)
    at parseType (/Users/adrianfranciscoperezgomez/Desktop/Personal Apps/vult-intel/node_modules/redis-parser/lib/parser.js:302:14) {
  command: { name: 'auth', args: [ 'IVB0VPnPl0urvQrpSKkbXLdEZBUfSHaP' ] }
}
ReplyError: WRONGPASS invalid username-password pair or user is disabled.
    at parseError (/Users/adrianfranciscoperezgomez/Desktop/Personal Apps/vult-intel/node_modules/redis-parser/lib/parser.js:179:12)
    at parseType (/Users/adrianfranciscoperezgomez/Desktop/Personal Apps/vult-intel/node_modules/redis-parser/lib/parser.js:302:14) {
  command: { name: 'auth', args: [ 'IVB0VPnPl0urvQrpSKkbXLdEZBUfSHaP' ] }
}
Connected to Redis for persistence
ReplyError: WRONGPASS invalid username-password pair or user is disabled.
    at parseError (/Users/adrianfranciscoperezgomez/Desktop/Personal Apps/vult-intel/node_modules/redis-parser/lib/parser.js:179:12)
    at parseType (/Users/adrianfranciscoperezgomez/Desktop/Personal Apps/vult-intel/node_modules/redis-parser/lib/parser.js:302:14) {
  command: { name: 'auth', args: [ 'IVB0VPnPl0urvQrpSKkbXLdEZBUfSHaP' ] }
}
Redis connection error: ReplyError: WRONGPASS invalid username-password pair or user is disabled.
    at parseError (/Users/adrianfranciscoperezgomez/Desktop/Personal Apps/vult-intel/node_modules/redis-parser/lib/parser.js:179:12)
    at parseType (/Users/adrianfranciscoperezgomez/Desktop/Personal Apps/vult-intel/node_modules/redis-parser/lib/parser.js:302:14) {
  command: { name: 'auth', args: [ 'IVB0VPnPl0urvQrpSKkbXLdEZBUfSHaP' ] }
}
ReplyError: WRONGPASS invalid username-password pair or user is disabled.
    at parseError (/Users/adrianfranciscoperezgomez/Desktop/Personal Apps/vult-intel/node_modules/redis-parser/lib/parser.js:179:12)
    at parseType (/Users/adrianfranciscoperezgomez/Desktop/Personal Apps/vult-intel/node_modules/redis-parser/lib/parser.js:302:14) {
  command: { name: 'auth', args: [ 'IVB0VPnPl0urvQrpSKkbXLdEZBUfSHaP' ] }
}
ReplyError: WRONGPASS invalid username-password pair or user is disabled.
    at parseError (/Users/adrianfranciscoperezgomez/Desktop/Personal Apps/vult-intel/node_modules/redis-parser/lib/parser.js:179:12)
    at parseType (/Users/adrianfranciscoperezgomez/Desktop/Personal Apps/vult-intel/node_modules/redis-parser/lib/parser.js:302:14) {
  command: { name: 'auth', args: [ 'IVB0VPnPl0urvQrpSKkbXLdEZBUfSHaP' ] }
}
ReplyError: WRONGPASS invalid username-password pair or user is disabled.
    at parseError (/Users/adrianfranciscoperezgomez/Desktop/Personal Apps/vult-intel/node_modules/redis-parser/lib/parser.js:179:12)
    at parseType (/Users/adrianfranciscoperezgomez/Desktop/Personal Apps/vult-intel/node_modules/redis-parser/lib/parser.js:302:14) {
  command: { name: 'auth', args: [ 'IVB0VPnPl0urvQrpSKkbXLdEZBUfSHaP' ] }
}
ReplyError: WRONGPASS invalid username-password pair or user is disabled.
    at parseError (/Users/adrianfranciscoperezgomez/Desktop/Personal Apps/vult-intel/node_modules/redis-parser/lib/parser.js:179:12)
    at parseType (/Users/adrianfranciscoperezgomez/Desktop/Personal Apps/vult-intel/node_modules/redis-parser/lib/parser.js:302:14) {
  command: { name: 'auth', args: [ 'IVB0VPnPl0urvQrpSKkbXLdEZBUfSHaP' ] }
}
ReplyError: WRONGPASS invalid username-password pair or user is disabled.
    at parseError (/Users/adrianfranciscoperezgomez/Desktop/Personal Apps/vult-intel/node_modules/redis-parser/lib/parser.js:179:12)
    at parseType (/Users/adrianfranciscoperezgomez/Desktop/Personal Apps/vult-intel/node_modules/redis-parser/lib/parser.js:302:14) {
  command: { name: 'auth', args: [ 'IVB0VPnPl0urvQrpSKkbXLdEZBUfSHaP' ] }
}
Connected to Redis for persistence
Redis connection error: ReplyError: WRONGPASS invalid username-password pair or user is disabled.
    at parseError (/Users/adrianfranciscoperezgomez/Desktop/Personal Apps/vult-intel/node_modules/redis-parser/lib/parser.js:179:12)
    at parseType (/Users/adrianfranciscoperezgomez/Desktop/Personal Apps/vult-intel/node_modules/redis-parser/lib/parser.js:302:14) {
  command: { name: 'auth', args: [ 'IVB0VPnPl0urvQrpSKkbXLdEZBUfSHaP' ] }
}
ReplyError: WRONGPASS invalid username-password pair or user is disabled.
    at parseError (/Users/adrianfranciscoperezgomez/Desktop/Personal Apps/vult-intel/node_modules/redis-parser/lib/parser.js:179:12)
    at parseType (/Users/adrianfranciscoperezgomez/Desktop/Personal Apps/vult-intel/node_modules/redis-parser/lib/parser.js:302:14) {
  command: { name: 'auth', args: [ 'IVB0VPnPl0urvQrpSKkbXLdEZBUfSHaP' ] }
}
ReplyError: WRONGPASS invalid username-password pair or user is disabled.
    at parseError (/Users/adrianfranciscoperezgomez/Desktop/Personal Apps/vult-intel/node_modules/redis-parser/lib/parser.js:179:12)
    at parseType (/Users/adrianfranciscoperezgomez/Desktop/Personal Apps/vult-intel/node_modules/redis-parser/lib/parser.js:302:14) {
  command: { name: 'auth', args: [ 'IVB0VPnPl0urvQrpSKkbXLdEZBUfSHaP' ] }
}
ReplyError: WRONGPASS invalid username-password pair or user is disabled.
    at parseError (/Users/adrianfranciscoperezgomez/Desktop/Personal Apps/vult-intel/node_modules/redis-parser/lib/parser.js:179:12)
    at parseType (/Users/adrianfranciscoperezgomez/Desktop/Personal Apps/vult-intel/node_modules/redis-parser/lib/parser.js:302:14) {
  command: { name: 'auth', args: [ 'IVB0VPnPl0urvQrpSKkbXLdEZBUfSHaP' ] }
}
ReplyError: WRONGPASS invalid username-password pair or user is disabled.
    at parseError (/Users/adrianfranciscoperezgomez/Desktop/Personal Apps/vult-intel/node_modules/redis-parser/lib/parser.js:179:12)
    at parseType (/Users/adrianfranciscoperezgomez/Desktop/Personal Apps/vult-intel/node_modules/redis-parser/lib/parser.js:302:14) {
  command: { name: 'auth', args: [ 'IVB0VPnPl0urvQrpSKkbXLdEZBUfSHaP' ] }
}
ReplyError: WRONGPASS invalid username-password pair or user is disabled.
    at parseError (/Users/adrianfranciscoperezgomez/Desktop/Personal Apps/vult-intel/node_modules/redis-parser/lib/parser.js:179:12)
    at parseType (/Users/adrianfranciscoperezgomez/Desktop/Personal Apps/vult-intel/node_modules/redis-parser/lib/parser.js:302:14) {
  command: { name: 'auth', args: [ 'IVB0VPnPl0urvQrpSKkbXLdEZBUfSHaP' ] }
}
ReplyError: WRONGPASS invalid username-password pair or user is disabled.
    at parseError (/Users/adrianfranciscoperezgomez/Desktop/Personal Apps/vult-intel/node_modules/redis-parser/lib/parser.js:179:12)
    at parseType (/Users/adrianfranciscoperezgomez/Desktop/Personal Apps/vult-intel/node_modules/redis-parser/lib/parser.js:302:14) {
  command: { name: 'auth', args: [ 'IVB0VPnPl0urvQrpSKkbXLdEZBUfSHaP' ] }
}
Connected to Redis for persistence
ReplyError: WRONGPASS invalid username-password pair or user is disabled.
    at parseError (/Users/adrianfranciscoperezgomez/Desktop/Personal Apps/vult-intel/node_modules/redis-parser/lib/parser.js:179:12)
    at parseType (/Users/adrianfranciscoperezgomez/Desktop/Personal Apps/vult-intel/node_modules/redis-parser/lib/parser.js:302:14) {
  command: { name: 'auth', args: [ 'IVB0VPnPl0urvQrpSKkbXLdEZBUfSHaP' ] }
}
Redis connection error: ReplyError: WRONGPASS invalid username-password pair or user is disabled.
    at parseError (/Users/adrianfranciscoperezgomez/Desktop/Personal Apps/vult-intel/node_modules/redis-parser/lib/parser.js:179:12)
    at parseType (/Users/adrianfranciscoperezgomez/Desktop/Personal Apps/vult-intel/node_modules/redis-parser/lib/parser.js:302:14) {
  command: { name: 'auth', args: [ 'IVB0VPnPl0urvQrpSKkbXLdEZBUfSHaP' ] }
}
ReplyError: WRONGPASS invalid username-password pair or user is disabled.
    at parseError (/Users/adrianfranciscoperezgomez/Desktop/Personal Apps/vult-intel/node_modules/redis-parser/lib/parser.js:179:12)
    at parseType (/Users/adrianfranciscoperezgomez/Desktop/Personal Apps/vult-intel/node_modules/redis-parser/lib/parser.js:302:14) {
  command: { name: 'auth', args: [ 'IVB0VPnPl0urvQrpSKkbXLdEZBUfSHaP' ] }
}
ReplyError: WRONGPASS invalid username-password pair or user is disabled.
    at parseError (/Users/adrianfranciscoperezgomez/Desktop/Personal Apps/vult-intel/node_modules/redis-parser/lib/parser.js:179:12)
    at parseType (/Users/adrianfranciscoperezgomez/Desktop/Personal Apps/vult-intel/node_modules/redis-parser/lib/parser.js:302:14) {
  command: { name: 'auth', args: [ 'IVB0VPnPl0urvQrpSKkbXLdEZBUfSHaP' ] }
}
ReplyError: WRONGPASS invalid username-password pair or user is disabled.
    at parseError (/Users/adrianfranciscoperezgomez/Desktop/Personal Apps/vult-intel/node_modules/redis-parser/lib/parser.js:179:12)
    at parseType (/Users/adrianfranciscoperezgomez/Desktop/Personal Apps/vult-intel/node_modules/redis-parser/lib/parser.js:302:14) {
  command: { name: 'auth', args: [ 'IVB0VPnPl0urvQrpSKkbXLdEZBUfSHaP' ] }
}
ReplyError: WRONGPASS invalid username-password pair or user is disabled.
    at parseError (/Users/adrianfranciscoperezgomez/Desktop/Personal Apps/vult-intel/node_modules/redis-parser/lib/parser.js:179:12)
    at parseType (/Users/adrianfranciscoperezgomez/Desktop/Personal Apps/vult-intel/node_modules/redis-parser/lib/parser.js:302:14) {
  command: { name: 'auth', args: [ 'IVB0VPnPl0urvQrpSKkbXLdEZBUfSHaP' ] }
}
ReplyError: WRONGPASS invalid username-password pair or user is disabled.
    at parseError (/Users/adrianfranciscoperezgomez/Desktop/Personal Apps/vult-intel/node_modules/redis-parser/lib/parser.js:179:12)
    at parseType (/Users/adrianfranciscoperezgomez/Desktop/Personal Apps/vult-intel/node_modules/redis-parser/lib/parser.js:302:14) {
  command: { name: 'auth', args: [ 'IVB0VPnPl0urvQrpSKkbXLdEZBUfSHaP' ] }
}
Connected to Redis for persistence
ReplyError: WRONGPASS invalid username-password pair or user is disabled.
    at parseError (/Users/adrianfranciscoperezgomez/Desktop/Personal Apps/vult-intel/node_modules/redis-parser/lib/parser.js:179:12)
    at parseType (/Users/adrianfranciscoperezgomez/Desktop/Personal Apps/vult-intel/node_modules/redis-parser/lib/parser.js:302:14) {
  command: { name: 'auth', args: [ 'IVB0VPnPl0urvQrpSKkbXLdEZBUfSHaP' ] }
}
Redis connection error: ReplyError: WRONGPASS invalid username-password pair or user is disabled.
    at parseError (/Users/adrianfranciscoperezgomez/Desktop/Personal Apps/vult-intel/node_modules/redis-parser/lib/parser.js:179:12)
    at parseType (/Users/adrianfranciscoperezgomez/Desktop/Personal Apps/vult-intel/node_modules/redis-parser/lib/parser.js:302:14) {
  command: { name: 'auth', args: [ 'IVB0VPnPl0urvQrpSKkbXLdEZBUfSHaP' ] }
}
ReplyError: WRONGPASS invalid username-password pair or user is disabled.
    at parseError (/Users/adrianfranciscoperezgomez/Desktop/Personal Apps/vult-intel/node_modules/redis-parser/lib/parser.js:179:12)
    at parseType (/Users/adrianfranciscoperezgomez/Desktop/Personal Apps/vult-intel/node_modules/redis-parser/lib/parser.js:302:14) {
  command: { name: 'auth', args: [ 'IVB0VPnPl0urvQrpSKkbXLdEZBUfSHaP' ] }
}
ReplyError: WRONGPASS invalid username-password pair or user is disabled.
    at parseError (/Users/adrianfranciscoperezgomez/Desktop/Personal Apps/vult-intel/node_modules/redis-parser/lib/parser.js:179:12)
    at parseType (/Users/adrianfranciscoperezgomez/Desktop/Personal Apps/vult-intel/node_modules/redis-parser/lib/parser.js:302:14) {
  command: { name: 'auth', args: [ 'IVB0VPnPl0urvQrpSKkbXLdEZBUfSHaP' ] }
}
ReplyError: WRONGPASS invalid username-password pair or user is disabled.
    at parseError (/Users/adrianfranciscoperezgomez/Desktop/Personal Apps/vult-intel/node_modules/redis-parser/lib/parser.js:179:12)
    at parseType (/Users/adrianfranciscoperezgomez/Desktop/Personal Apps/vult-intel/node_modules/redis-parser/lib/parser.js:302:14) {
  command: { name: 'auth', args: [ 'IVB0VPnPl0urvQrpSKkbXLdEZBUfSHaP' ] }
}
ReplyError: WRONGPASS invalid username-password pair or user is disabled.
    at parseError (/Users/adrianfranciscoperezgomez/Desktop/Personal Apps/vult-intel/node_modules/redis-parser/lib/parser.js:179:12)
    at parseType (/Users/adrianfranciscoperezgomez/Desktop/Personal Apps/vult-intel/node_modules/redis-parser/lib/parser.js:302:14) {
  command: { name: 'auth', args: [ 'IVB0VPnPl0urvQrpSKkbXLdEZBUfSHaP' ] }
}
ReplyError: WRONGPASS invalid username-password pair or user is disabled.
    at parseError (/Users/adrianfranciscoperezgomez/Desktop/Personal Apps/vult-intel/node_modules/redis-parser/lib/parser.js:179:12)
    at parseType (/Users/adrianfranciscoperezgomez/Desktop/Personal Apps/vult-intel/node_modules/redis-parser/lib/parser.js:302:14) {
  command: { name: 'auth', args: [ 'IVB0VPnPl0urvQrpSKkbXLdEZBUfSHaP' ] }
}
Connected to Redis for persistence
Redis connection error: ReplyError: WRONGPASS invalid username-password pair or user is disabled.
    at parseError (/Users/adrianfranciscoperezgomez/Desktop/Personal Apps/vult-intel/node_modules/redis-parser/lib/parser.js:179:12)
    at parseType (/Users/adrianfranciscoperezgomez/Desktop/Personal Apps/vult-intel/node_modules/redis-parser/lib/parser.js:302:14) {
  command: { name: 'auth', args: [ 'IVB0VPnPl0urvQrpSKkbXLdEZBUfSHaP' ] }
}
ReplyError: WRONGPASS invalid username-password pair or user is disabled.
    at parseError (/Users/adrianfranciscoperezgomez/Desktop/Personal Apps/vult-intel/node_modules/redis-parser/lib/parser.js:179:12)
    at parseType (/Users/adrianfranciscoperezgomez/Desktop/Personal Apps/vult-intel/node_modules/redis-parser/lib/parser.js:302:14) {
  command: { name: 'auth', args: [ 'IVB0VPnPl0urvQrpSKkbXLdEZBUfSHaP' ] }
}
ReplyError: WRONGPASS invalid username-password pair or user is disabled.
    at parseError (/Users/adrianfranciscoperezgomez/Desktop/Personal Apps/vult-intel/node_modules/redis-parser/lib/parser.js:179:12)
    at parseType (/Users/adrianfranciscoperezgomez/Desktop/Personal Apps/vult-intel/node_modules/redis-parser/lib/parser.js:302:14) {
  command: { name: 'auth', args: [ 'IVB0VPnPl0urvQrpSKkbXLdEZBUfSHaP' ] }
}
ReplyError: WRONGPASS invalid username-password pair or user is disabled.
    at parseError (/Users/adrianfranciscoperezgomez/Desktop/Personal Apps/vult-intel/node_modules/redis-parser/lib/parser.js:179:12)
    at parseType (/Users/adrianfranciscoperezgomez/Desktop/Personal Apps/vult-intel/node_modules/redis-parser/lib/parser.js:302:14) {
  command: { name: 'auth', args: [ 'IVB0VPnPl0urvQrpSKkbXLdEZBUfSHaP' ] }
}
ReplyError: WRONGPASS invalid username-password pair or user is disabled.
    at parseError (/Users/adrianfranciscoperezgomez/Desktop/Personal Apps/vult-intel/node_modules/redis-parser/lib/parser.js:179:12)
    at parseType (/Users/adrianfranciscoperezgomez/Desktop/Personal Apps/vult-intel/node_modules/redis-parser/lib/parser.js:302:14) {
  command: { name: 'auth', args: [ 'IVB0VPnPl0urvQrpSKkbXLdEZBUfSHaP' ] }
}
ReplyError: WRONGPASS invalid username-password pair or user is disabled.
    at parseError (/Users/adrianfranciscoperezgomez/Desktop/Personal Apps/vult-intel/node_modules/redis-parser/lib/parser.js:179:12)
    at parseType (/Users/adrianfranciscoperezgomez/Desktop/Personal Apps/vult-intel/node_modules/redis-parser/lib/parser.js:302:14) {
  command: { name: 'auth', args: [ 'IVB0VPnPl0urvQrpSKkbXLdEZBUfSHaP' ] }
}
ReplyError: WRONGPASS invalid username-password pair or user is disabled.
    at parseError (/Users/adrianfranciscoperezgomez/Desktop/Personal Apps/vult-intel/node_modules/redis-parser/lib/parser.js:179:12)
    at parseType (/Users/adrianfranciscoperezgomez/Desktop/Personal Apps/vult-intel/node_modules/redis-parser/lib/parser.js:302:14) {
  command: { name: 'auth', args: [ 'IVB0VPnPl0urvQrpSKkbXLdEZBUfSHaP' ] }
}
Connected to Redis for persistence
Redis connection error: ReplyError: WRONGPASS invalid username-password pair or user is disabled.
    at parseError (/Users/adrianfranciscoperezgomez/Desktop/Personal Apps/vult-intel/node_modules/redis-parser/lib/parser.js:179:12)
    at parseType (/Users/adrianfranciscoperezgomez/Desktop/Personal Apps/vult-intel/node_modules/redis-parser/lib/parser.js:302:14) {
  command: { name: 'auth', args: [ 'IVB0VPnPl0urvQrpSKkbXLdEZBUfSHaP' ] }
}
ReplyError: WRONGPASS invalid username-password pair or user is disabled.
    at parseError (/Users/adrianfranciscoperezgomez/Desktop/Personal Apps/vult-intel/node_modules/redis-parser/lib/parser.js:179:12)
    at parseType (/Users/adrianfranciscoperezgomez/Desktop/Personal Apps/vult-intel/node_modules/redis-parser/lib/parser.js:302:14) {
  command: { name: 'auth', args: [ 'IVB0VPnPl0urvQrpSKkbXLdEZBUfSHaP' ] }
}
ReplyError: WRONGPASS invalid username-password pair or user is disabled.
    at parseError (/Users/adrianfranciscoperezgomez/Desktop/Personal Apps/vult-intel/node_modules/redis-parser/lib/parser.js:179:12)
    at parseType (/Users/adrianfranciscoperezgomez/Desktop/Personal Apps/vult-intel/node_modules/redis-parser/lib/parser.js:302:14) {
  command: { name: 'auth', args: [ 'IVB0VPnPl0urvQrpSKkbXLdEZBUfSHaP' ] }
}
ReplyError: WRONGPASS invalid username-password pair or user is disabled.
    at parseError (/Users/adrianfranciscoperezgomez/Desktop/Personal Apps/vult-intel/node_modules/redis-parser/lib/parser.js:179:12)
    at parseType (/Users/adrianfranciscoperezgomez/Desktop/Personal Apps/vult-intel/node_modules/redis-parser/lib/parser.js:302:14) {
  command: { name: 'auth', args: [ 'IVB0VPnPl0urvQrpSKkbXLdEZBUfSHaP' ] }
}
ReplyError: WRONGPASS invalid username-password pair or user is disabled.
    at parseError (/Users/adrianfranciscoperezgomez/Desktop/Personal Apps/vult-intel/node_modules/redis-parser/lib/parser.js:179:12)
    at parseType (/Users/adrianfranciscoperezgomez/Desktop/Personal Apps/vult-intel/node_modules/redis-parser/lib/parser.js:302:14) {
  command: { name: 'auth', args: [ 'IVB0VPnPl0urvQrpSKkbXLdEZBUfSHaP' ] }
}
ReplyError: WRONGPASS invalid username-password pair or user is disabled.
    at parseError (/Users/adrianfranciscoperezgomez/Desktop/Personal Apps/vult-intel/node_modules/redis-parser/lib/parser.js:179:12)
    at parseType (/Users/adrianfranciscoperezgomez/Desktop/Personal Apps/vult-intel/node_modules/redis-parser/lib/parser.js:302:14) {
  command: { name: 'auth', args: [ 'IVB0VPnPl0urvQrpSKkbXLdEZBUfSHaP' ] }
}
ReplyError: WRONGPASS invalid username-password pair or user is disabled.
    at parseError (/Users/adrianfranciscoperezgomez/Desktop/Personal Apps/vult-intel/node_modules/redis-parser/lib/parser.js:179:12)
    at parseType (/Users/adrianfranciscoperezgomez/Desktop/Personal Apps/vult-intel/node_modules/redis-parser/lib/parser.js:302:14) {
  command: { name: 'auth', args: [ 'IVB0VPnPl0urvQrpSKkbXLdEZBUfSHaP' ] }
}
Connected to Redis for persistence
Redis connection error: ReplyError: WRONGPASS invalid username-password pair or user is disabled.
    at parseError (/Users/adrianfranciscoperezgomez/Desktop/Personal Apps/vult-intel/node_modules/redis-parser/lib/parser.js:179:12)
    at parseType (/Users/adrianfranciscoperezgomez/Desktop/Personal Apps/vult-intel/node_modules/redis-parser/lib/parser.js:302:14) {
  command: { name: 'auth', args: [ 'IVB0VPnPl0urvQrpSKkbXLdEZBUfSHaP' ] }
}
ReplyError: WRONGPASS invalid username-password pair or user is disabled.
    at parseError (/Users/adrianfranciscoperezgomez/Desktop/Personal Apps/vult-intel/node_modules/redis-parser/lib/parser.js:179:12)
    at parseType (/Users/adrianfranciscoperezgomez/Desktop/Personal Apps/vult-intel/node_modules/redis-parser/lib/parser.js:302:14) {
  command: { name: 'auth', args: [ 'IVB0VPnPl0urvQrpSKkbXLdEZBUfSHaP' ] }
}
ReplyError: WRONGPASS invalid username-password pair or user is disabled.
    at parseError (/Users/adrianfranciscoperezgomez/Desktop/Personal Apps/vult-intel/node_modules/redis-parser/lib/parser.js:179:12)
    at parseType (/Users/adrianfranciscoperezgomez/Desktop/Personal Apps/vult-intel/node_modules/redis-parser/lib/parser.js:302:14) {
  command: { name: 'auth', args: [ 'IVB0VPnPl0urvQrpSKkbXLdEZBUfSHaP' ] }
}
ReplyError: WRONGPASS invalid username-password pair or user is disabled.
    at parseError (/Users/adrianfranciscoperezgomez/Desktop/Personal Apps/vult-intel/node_modules/redis-parser/lib/parser.js:179:12)
    at parseType (/Users/adrianfranciscoperezgomez/Desktop/Personal Apps/vult-intel/node_modules/redis-parser/lib/parser.js:302:14) {
  command: { name: 'auth', args: [ 'IVB0VPnPl0urvQrpSKkbXLdEZBUfSHaP' ] }
}
ReplyError: WRONGPASS invalid username-password pair or user is disabled.
    at parseError (/Users/adrianfranciscoperezgomez/Desktop/Personal Apps/vult-intel/node_modules/redis-parser/lib/parser.js:179:12)
    at parseType (/Users/adrianfranciscoperezgomez/Desktop/Personal Apps/vult-intel/node_modules/redis-parser/lib/parser.js:302:14) {
  command: { name: 'auth', args: [ 'IVB0VPnPl0urvQrpSKkbXLdEZBUfSHaP' ] }
}
ReplyError: WRONGPASS invalid username-password pair or user is disabled.
    at parseError (/Users/adrianfranciscoperezgomez/Desktop/Personal Apps/vult-intel/node_modules/redis-parser/lib/parser.js:179:12)
    at parseType (/Users/adrianfranciscoperezgomez/Desktop/Personal Apps/vult-intel/node_modules/redis-parser/lib/parser.js:302:14) {
  command: { name: 'auth', args: [ 'IVB0VPnPl0urvQrpSKkbXLdEZBUfSHaP' ] }
}
ReplyError: WRONGPASS invalid username-password pair or user is disabled.
    at parseError (/Users/adrianfranciscoperezgomez/Desktop/Personal Apps/vult-intel/node_modules/redis-parser/lib/parser.js:179:12)
    at parseType (/Users/adrianfranciscoperezgomez/Desktop/Personal Apps/vult-intel/node_modules/redis-parser/lib/parser.js:302:14) {
  command: { name: 'auth', args: [ 'IVB0VPnPl0urvQrpSKkbXLdEZBUfSHaP' ] }
}
Connected to Redis for persistence
Redis connection error: ReplyError: WRONGPASS invalid username-password pair or user is disabled.
    at parseError (/Users/adrianfranciscoperezgomez/Desktop/Personal Apps/vult-intel/node_modules/redis-parser/lib/parser.js:179:12)
    at parseType (/Users/adrianfranciscoperezgomez/Desktop/Personal Apps/vult-intel/node_modules/redis-parser/lib/parser.js:302:14) {
  command: { name: 'auth', args: [ 'IVB0VPnPl0urvQrpSKkbXLdEZBUfSHaP' ] }
}
ReplyError: WRONGPASS invalid username-password pair or user is disabled.
    at parseError (/Users/adrianfranciscoperezgomez/Desktop/Personal Apps/vult-intel/node_modules/redis-parser/lib/parser.js:179:12)
    at parseType (/Users/adrianfranciscoperezgomez/Desktop/Personal Apps/vult-intel/node_modules/redis-parser/lib/parser.js:302:14) {
  command: { name: 'auth', args: [ 'IVB0VPnPl0urvQrpSKkbXLdEZBUfSHaP' ] }
}
ReplyError: WRONGPASS invalid username-password pair or user is disabled.
    at parseError (/Users/adrianfranciscoperezgomez/Desktop/Personal Apps/vult-intel/node_modules/redis-parser/lib/parser.js:179:12)
    at parseType (/Users/adrianfranciscoperezgomez/Desktop/Personal Apps/vult-intel/node_modules/redis-parser/lib/parser.js:302:14) {
  command: { name: 'auth', args: [ 'IVB0VPnPl0urvQrpSKkbXLdEZBUfSHaP' ] }
}
ReplyError: WRONGPASS invalid username-password pair or user is disabled.
    at parseError (/Users/adrianfranciscoperezgomez/Desktop/Personal Apps/vult-intel/node_modules/redis-parser/lib/parser.js:179:12)
    at parseType (/Users/adrianfranciscoperezgomez/Desktop/Personal Apps/vult-intel/node_modules/redis-parser/lib/parser.js:302:14) {
  command: { name: 'auth', args: [ 'IVB0VPnPl0urvQrpSKkbXLdEZBUfSHaP' ] }
}
ReplyError: WRONGPASS invalid username-password pair or user is disabled.
    at parseError (/Users/adrianfranciscoperezgomez/Desktop/Personal Apps/vult-intel/node_modules/redis-parser/lib/parser.js:179:12)
    at parseType (/Users/adrianfranciscoperezgomez/Desktop/Personal Apps/vult-intel/node_modules/redis-parser/lib/parser.js:302:14) {
  command: { name: 'auth', args: [ 'IVB0VPnPl0urvQrpSKkbXLdEZBUfSHaP' ] }
}
ReplyError: WRONGPASS invalid username-password pair or user is disabled.
    at parseError (/Users/adrianfranciscoperezgomez/Desktop/Personal Apps/vult-intel/node_modules/redis-parser/lib/parser.js:179:12)
    at parseType (/Users/adrianfranciscoperezgomez/Desktop/Personal Apps/vult-intel/node_modules/redis-parser/lib/parser.js:302:14) {
  command: { name: 'auth', args: [ 'IVB0VPnPl0urvQrpSKkbXLdEZBUfSHaP' ] }
}
ReplyError: WRONGPASS invalid username-password pair or user is disabled.
    at parseError (/Users/adrianfranciscoperezgomez/Desktop/Personal Apps/vult-intel/node_modules/redis-parser/lib/parser.js:179:12)
    at parseType (/Users/adrianfranciscoperezgomez/Desktop/Personal Apps/vult-intel/node_modules/redis-parser/lib/parser.js:302:14) {
  command: { name: 'auth', args: [ 'IVB0VPnPl0urvQrpSKkbXLdEZBUfSHaP' ] }
}
Connected to Redis for persistence
Redis connection error: ReplyError: WRONGPASS invalid username-password pair or user is disabled.
    at parseError (/Users/adrianfranciscoperezgomez/Desktop/Personal Apps/vult-intel/node_modules/redis-parser/lib/parser.js:179:12)
    at parseType (/Users/adrianfranciscoperezgomez/Desktop/Personal Apps/vult-intel/node_modules/redis-parser/lib/parser.js:302:14) {
  command: { name: 'auth', args: [ 'IVB0VPnPl0urvQrpSKkbXLdEZBUfSHaP' ] }
}
ReplyError: WRONGPASS invalid username-password pair or user is disabled.
    at parseError (/Users/adrianfranciscoperezgomez/Desktop/Personal Apps/vult-intel/node_modules/redis-parser/lib/parser.js:179:12)
    at parseType (/Users/adrianfranciscoperezgomez/Desktop/Personal Apps/vult-intel/node_modules/redis-parser/lib/parser.js:302:14) {
  command: { name: 'auth', args: [ 'IVB0VPnPl0urvQrpSKkbXLdEZBUfSHaP' ] }
}
ReplyError: WRONGPASS invalid username-password pair or user is disabled.
    at parseError (/Users/adrianfranciscoperezgomez/Desktop/Personal Apps/vult-intel/node_modules/redis-parser/lib/parser.js:179:12)
    at parseType (/Users/adrianfranciscoperezgomez/Desktop/Personal Apps/vult-intel/node_modules/redis-parser/lib/parser.js:302:14) {
  command: { name: 'auth', args: [ 'IVB0VPnPl0urvQrpSKkbXLdEZBUfSHaP' ] }
}
ReplyError: WRONGPASS invalid username-password pair or user is disabled.
    at parseError (/Users/adrianfranciscoperezgomez/Desktop/Personal Apps/vult-intel/node_modules/redis-parser/lib/parser.js:179:12)
    at parseType (/Users/adrianfranciscoperezgomez/Desktop/Personal Apps/vult-intel/node_modules/redis-parser/lib/parser.js:302:14) {
  command: { name: 'auth', args: [ 'IVB0VPnPl0urvQrpSKkbXLdEZBUfSHaP' ] }
}
ReplyError: WRONGPASS invalid username-password pair or user is disabled.
    at parseError (/Users/adrianfranciscoperezgomez/Desktop/Personal Apps/vult-intel/node_modules/redis-parser/lib/parser.js:179:12)
    at parseType (/Users/adrianfranciscoperezgomez/Desktop/Personal Apps/vult-intel/node_modules/redis-parser/lib/parser.js:302:14) {
  command: { name: 'auth', args: [ 'IVB0VPnPl0urvQrpSKkbXLdEZBUfSHaP' ] }
}
ReplyError: WRONGPASS invalid username-password pair or user is disabled.
    at parseError (/Users/adrianfranciscoperezgomez/Desktop/Personal Apps/vult-intel/node_modules/redis-parser/lib/parser.js:179:12)
    at parseType (/Users/adrianfranciscoperezgomez/Desktop/Personal Apps/vult-intel/node_modules/redis-parser/lib/parser.js:302:14) {
  command: { name: 'auth', args: [ 'IVB0VPnPl0urvQrpSKkbXLdEZBUfSHaP' ] }
}
ReplyError: WRONGPASS invalid username-password pair or user is disabled.
    at parseError (/Users/adrianfranciscoperezgomez/Desktop/Personal Apps/vult-intel/node_modules/redis-parser/lib/parser.js:179:12)
    at parseType (/Users/adrianfranciscoperezgomez/Desktop/Personal Apps/vult-intel/node_modules/redis-parser/lib/parser.js:302:14) {
  command: { name: 'auth', args: [ 'IVB0VPnPl0urvQrpSKkbXLdEZBUfSHaP' ] }
}
Connected to Redis for persistence
Redis connection error: ReplyError: WRONGPASS invalid username-password pair or user is disabled.
    at parseError (/Users/adrianfranciscoperezgomez/Desktop/Personal Apps/vult-intel/node_modules/redis-parser/lib/parser.js:179:12)
    at parseType (/Users/adrianfranciscoperezgomez/Desktop/Personal Apps/vult-intel/node_modules/redis-parser/lib/parser.js:302:14) {
  command: { name: 'auth', args: [ 'IVB0VPnPl0urvQrpSKkbXLdEZBUfSHaP' ] }
}
ReplyError: WRONGPASS invalid username-password pair or user is disabled.
    at parseError (/Users/adrianfranciscoperezgomez/Desktop/Personal Apps/vult-intel/node_modules/redis-parser/lib/parser.js:179:12)
    at parseType (/Users/adrianfranciscoperezgomez/Desktop/Personal Apps/vult-intel/node_modules/redis-parser/lib/parser.js:302:14) {
  command: { name: 'auth', args: [ 'IVB0VPnPl0urvQrpSKkbXLdEZBUfSHaP' ] }
}
ReplyError: WRONGPASS invalid username-password pair or user is disabled.
    at parseError (/Users/adrianfranciscoperezgomez/Desktop/Personal Apps/vult-intel/node_modules/redis-parser/lib/parser.js:179:12)
    at parseType (/Users/adrianfranciscoperezgomez/Desktop/Personal Apps/vult-intel/node_modules/redis-parser/lib/parser.js:302:14) {
  command: { name: 'auth', args: [ 'IVB0VPnPl0urvQrpSKkbXLdEZBUfSHaP' ] }
}
ReplyError: WRONGPASS invalid username-password pair or user is disabled.
    at parseError (/Users/adrianfranciscoperezgomez/Desktop/Personal Apps/vult-intel/node_modules/redis-parser/lib/parser.js:179:12)
    at parseType (/Users/adrianfranciscoperezgomez/Desktop/Personal Apps/vult-intel/node_modules/redis-parser/lib/parser.js:302:14) {
  command: { name: 'auth', args: [ 'IVB0VPnPl0urvQrpSKkbXLdEZBUfSHaP' ] }
}
ReplyError: WRONGPASS invalid username-password pair or user is disabled.
    at parseError (/Users/adrianfranciscoperezgomez/Desktop/Personal Apps/vult-intel/node_modules/redis-parser/lib/parser.js:179:12)
    at parseType (/Users/adrianfranciscoperezgomez/Desktop/Personal Apps/vult-intel/node_modules/redis-parser/lib/parser.js:302:14) {
  command: { name: 'auth', args: [ 'IVB0VPnPl0urvQrpSKkbXLdEZBUfSHaP' ] }
}
ReplyError: WRONGPASS invalid username-password pair or user is disabled.
    at parseError (/Users/adrianfranciscoperezgomez/Desktop/Personal Apps/vult-intel/node_modules/redis-parser/lib/parser.js:179:12)
    at parseType (/Users/adrianfranciscoperezgomez/Desktop/Personal Apps/vult-intel/node_modules/redis-parser/lib/parser.js:302:14) {
  command: { name: 'auth', args: [ 'IVB0VPnPl0urvQrpSKkbXLdEZBUfSHaP' ] }
}
ReplyError: WRONGPASS invalid username-password pair or user is disabled.
    at parseError (/Users/adrianfranciscoperezgomez/Desktop/Personal Apps/vult-intel/node_modules/redis-parser/lib/parser.js:179:12)
    at parseType (/Users/adrianfranciscoperezgomez/Desktop/Personal Apps/vult-intel/node_modules/redis-parser/lib/parser.js:302:14) {
  command: { name: 'auth', args: [ 'IVB0VPnPl0urvQrpSKkbXLdEZBUfSHaP' ] }
}
Connected to Redis for persistence
Redis connection error: ReplyError: WRONGPASS invalid username-password pair or user is disabled.
    at parseError (/Users/adrianfranciscoperezgomez/Desktop/Personal Apps/vult-intel/node_modules/redis-parser/lib/parser.js:179:12)
    at parseType (/Users/adrianfranciscoperezgomez/Desktop/Personal Apps/vult-intel/node_modules/redis-parser/lib/parser.js:302:14) {
  command: { name: 'auth', args: [ 'IVB0VPnPl0urvQrpSKkbXLdEZBUfSHaP' ] }
}
ReplyError: WRONGPASS invalid username-password pair or user is disabled.
    at parseError (/Users/adrianfranciscoperezgomez/Desktop/Personal Apps/vult-intel/node_modules/redis-parser/lib/parser.js:179:12)
    at parseType (/Users/adrianfranciscoperezgomez/Desktop/Personal Apps/vult-intel/node_modules/redis-parser/lib/parser.js:302:14) {
  command: { name: 'auth', args: [ 'IVB0VPnPl0urvQrpSKkbXLdEZBUfSHaP' ] }
}
ReplyError: WRONGPASS invalid username-password pair or user is disabled.
    at parseError (/Users/adrianfranciscoperezgomez/Desktop/Personal Apps/vult-intel/node_modules/redis-parser/lib/parser.js:179:12)
    at parseType (/Users/adrianfranciscoperezgomez/Desktop/Personal Apps/vult-intel/node_modules/redis-parser/lib/parser.js:302:14) {
  command: { name: 'auth', args: [ 'IVB0VPnPl0urvQrpSKkbXLdEZBUfSHaP' ] }
}
ReplyError: WRONGPASS invalid username-password pair or user is disabled.
    at parseError (/Users/adrianfranciscoperezgomez/Desktop/Personal Apps/vult-intel/node_modules/redis-parser/lib/parser.js:179:12)
    at parseType (/Users/adrianfranciscoperezgomez/Desktop/Personal Apps/vult-intel/node_modules/redis-parser/lib/parser.js:302:14) {
  command: { name: 'auth', args: [ 'IVB0VPnPl0urvQrpSKkbXLdEZBUfSHaP' ] }
}
ReplyError: WRONGPASS invalid username-password pair or user is disabled.
    at parseError (/Users/adrianfranciscoperezgomez/Desktop/Personal Apps/vult-intel/node_modules/redis-parser/lib/parser.js:179:12)
    at parseType (/Users/adrianfranciscoperezgomez/Desktop/Personal Apps/vult-intel/node_modules/redis-parser/lib/parser.js:302:14) {
  command: { name: 'auth', args: [ 'IVB0VPnPl0urvQrpSKkbXLdEZBUfSHaP' ] }
}
ReplyError: WRONGPASS invalid username-password pair or user is disabled.
    at parseError (/Users/adrianfranciscoperezgomez/Desktop/Personal Apps/vult-intel/node_modules/redis-parser/lib/parser.js:179:12)
    at parseType (/Users/adrianfranciscoperezgomez/Desktop/Personal Apps/vult-intel/node_modules/redis-parser/lib/parser.js:302:14) {
  command: { name: 'auth', args: [ 'IVB0VPnPl0urvQrpSKkbXLdEZBUfSHaP' ] }
}
ReplyError: WRONGPASS invalid username-password pair or user is disabled.
    at parseError (/Users/adrianfranciscoperezgomez/Desktop/Personal Apps/vult-intel/node_modules/redis-parser/lib/parser.js:179:12)
    at parseType (/Users/adrianfranciscoperezgomez/Desktop/Personal Apps/vult-intel/node_modules/redis-parser/lib/parser.js:302:14) {
  command: { name: 'auth', args: [ 'IVB0VPnPl0urvQrpSKkbXLdEZBUfSHaP' ] }
}
Connected to Redis for persistence
Redis connection error: ReplyError: WRONGPASS invalid username-password pair or user is disabled.
    at parseError (/Users/adrianfranciscoperezgomez/Desktop/Personal Apps/vult-intel/node_modules/redis-parser/lib/parser.js:179:12)
    at parseType (/Users/adrianfranciscoperezgomez/Desktop/Personal Apps/vult-intel/node_modules/redis-parser/lib/parser.js:302:14) {
  command: { name: 'auth', args: [ 'IVB0VPnPl0urvQrpSKkbXLdEZBUfSHaP' ] }
}
ReplyError: WRONGPASS invalid username-password pair or user is disabled.
    at parseError (/Users/adrianfranciscoperezgomez/Desktop/Personal Apps/vult-intel/node_modules/redis-parser/lib/parser.js:179:12)
    at parseType (/Users/adrianfranciscoperezgomez/Desktop/Personal Apps/vult-intel/node_modules/redis-parser/lib/parser.js:302:14) {
  command: { name: 'auth', args: [ 'IVB0VPnPl0urvQrpSKkbXLdEZBUfSHaP' ] }
}
ReplyError: WRONGPASS invalid username-password pair or user is disabled.
    at parseError (/Users/adrianfranciscoperezgomez/Desktop/Personal Apps/vult-intel/node_modules/redis-parser/lib/parser.js:179:12)
    at parseType (/Users/adrianfranciscoperezgomez/Desktop/Personal Apps/vult-intel/node_modules/redis-parser/lib/parser.js:302:14) {
  command: { name: 'auth', args: [ 'IVB0VPnPl0urvQrpSKkbXLdEZBUfSHaP' ] }
}
ReplyError: WRONGPASS invalid username-password pair or user is disabled.
    at parseError (/Users/adrianfranciscoperezgomez/Desktop/Personal Apps/vult-intel/node_modules/redis-parser/lib/parser.js:179:12)
    at parseType (/Users/adrianfranciscoperezgomez/Desktop/Personal Apps/vult-intel/node_modules/redis-parser/lib/parser.js:302:14) {
  command: { name: 'auth', args: [ 'IVB0VPnPl0urvQrpSKkbXLdEZBUfSHaP' ] }
}
ReplyError: WRONGPASS invalid username-password pair or user is disabled.
    at parseError (/Users/adrianfranciscoperezgomez/Desktop/Personal Apps/vult-intel/node_modules/redis-parser/lib/parser.js:179:12)
    at parseType (/Users/adrianfranciscoperezgomez/Desktop/Personal Apps/vult-intel/node_modules/redis-parser/lib/parser.js:302:14) {
  command: { name: 'auth', args: [ 'IVB0VPnPl0urvQrpSKkbXLdEZBUfSHaP' ] }
}
ReplyError: WRONGPASS invalid username-password pair or user is disabled.
    at parseError (/Users/adrianfranciscoperezgomez/Desktop/Personal Apps/vult-intel/node_modules/redis-parser/lib/parser.js:179:12)
    at parseType (/Users/adrianfranciscoperezgomez/Desktop/Personal Apps/vult-intel/node_modules/redis-parser/lib/parser.js:302:14) {
  command: { name: 'auth', args: [ 'IVB0VPnPl0urvQrpSKkbXLdEZBUfSHaP' ] }
}
ReplyError: WRONGPASS invalid username-password pair or user is disabled.
    at parseError (/Users/adrianfranciscoperezgomez/Desktop/Personal Apps/vult-intel/node_modules/redis-parser/lib/parser.js:179:12)
    at parseType (/Users/adrianfranciscoperezgomez/Desktop/Personal Apps/vult-intel/node_modules/redis-parser/lib/parser.js:302:14) {
  command: { name: 'auth', args: [ 'IVB0VPnPl0urvQrpSKkbXLdEZBUfSHaP' ] }
}
Connected to Redis for persistence
Redis connection error: ReplyError: WRONGPASS invalid username-password pair or user is disabled.
    at parseError (/Users/adrianfranciscoperezgomez/Desktop/Personal Apps/vult-intel/node_modules/redis-parser/lib/parser.js:179:12)
    at parseType (/Users/adrianfranciscoperezgomez/Desktop/Personal Apps/vult-intel/node_modules/redis-parser/lib/parser.js:302:14) {
  command: { name: 'auth', args: [ 'IVB0VPnPl0urvQrpSKkbXLdEZBUfSHaP' ] }
}
ReplyError: WRONGPASS invalid username-password pair or user is disabled.
    at parseError (/Users/adrianfranciscoperezgomez/Desktop/Personal Apps/vult-intel/node_modules/redis-parser/lib/parser.js:179:12)
    at parseType (/Users/adrianfranciscoperezgomez/Desktop/Personal Apps/vult-intel/node_modules/redis-parser/lib/parser.js:302:14) {
  command: { name: 'auth', args: [ 'IVB0VPnPl0urvQrpSKkbXLdEZBUfSHaP' ] }
}
ReplyError: WRONGPASS invalid username-password pair or user is disabled.
    at parseError (/Users/adrianfranciscoperezgomez/Desktop/Personal Apps/vult-intel/node_modules/redis-parser/lib/parser.js:179:12)
    at parseType (/Users/adrianfranciscoperezgomez/Desktop/Personal Apps/vult-intel/node_modules/redis-parser/lib/parser.js:302:14) {
  command: { name: 'auth', args: [ 'IVB0VPnPl0urvQrpSKkbXLdEZBUfSHaP' ] }
}
ReplyError: WRONGPASS invalid username-password pair or user is disabled.
    at parseError (/Users/adrianfranciscoperezgomez/Desktop/Personal Apps/vult-intel/node_modules/redis-parser/lib/parser.js:179:12)
    at parseType (/Users/adrianfranciscoperezgomez/Desktop/Personal Apps/vult-intel/node_modules/redis-parser/lib/parser.js:302:14) {
  command: { name: 'auth', args: [ 'IVB0VPnPl0urvQrpSKkbXLdEZBUfSHaP' ] }
}
ReplyError: WRONGPASS invalid username-password pair or user is disabled.
    at parseError (/Users/adrianfranciscoperezgomez/Desktop/Personal Apps/vult-intel/node_modules/redis-parser/lib/parser.js:179:12)
    at parseType (/Users/adrianfranciscoperezgomez/Desktop/Personal Apps/vult-intel/node_modules/redis-parser/lib/parser.js:302:14) {
  command: { name: 'auth', args: [ 'IVB0VPnPl0urvQrpSKkbXLdEZBUfSHaP' ] }
}
ReplyError: WRONGPASS invalid username-password pair or user is disabled.
    at parseError (/Users/adrianfranciscoperezgomez/Desktop/Personal Apps/vult-intel/node_modules/redis-parser/lib/parser.js:179:12)
    at parseType (/Users/adrianfranciscoperezgomez/Desktop/Personal Apps/vult-intel/node_modules/redis-parser/lib/parser.js:302:14) {
  command: { name: 'auth', args: [ 'IVB0VPnPl0urvQrpSKkbXLdEZBUfSHaP' ] }
}
ReplyError: WRONGPASS invalid username-password pair or user is disabled.
    at parseError (/Users/adrianfranciscoperezgomez/Desktop/Personal Apps/vult-intel/node_modules/redis-parser/lib/parser.js:179:12)
    at parseType (/Users/adrianfranciscoperezgomez/Desktop/Personal Apps/vult-intel/node_modules/redis-parser/lib/parser.js:302:14) {
  command: { name: 'auth', args: [ 'IVB0VPnPl0urvQrpSKkbXLdEZBUfSHaP' ] }
}
Connected to Redis for persistence
ReplyError: WRONGPASS invalid username-password pair or user is disabled.
    at parseError (/Users/adrianfranciscoperezgomez/Desktop/Personal Apps/vult-intel/node_modules/redis-parser/lib/parser.js:179:12)
    at parseType (/Users/adrianfranciscoperezgomez/Desktop/Personal Apps/vult-intel/node_modules/redis-parser/lib/parser.js:302:14) {
  command: { name: 'auth', args: [ 'IVB0VPnPl0urvQrpSKkbXLdEZBUfSHaP' ] }
}
Redis connection error: ReplyError: WRONGPASS invalid username-password pair or user is disabled.
    at parseError (/Users/adrianfranciscoperezgomez/Desktop/Personal Apps/vult-intel/node_modules/redis-parser/lib/parser.js:179:12)
    at parseType (/Users/adrianfranciscoperezgomez/Desktop/Personal Apps/vult-intel/node_modules/redis-parser/lib/parser.js:302:14) {
  command: { name: 'auth', args: [ 'IVB0VPnPl0urvQrpSKkbXLdEZBUfSHaP' ] }
}
ReplyError: WRONGPASS invalid username-password pair or user is disabled.
    at parseError (/Users/adrianfranciscoperezgomez/Desktop/Personal Apps/vult-intel/node_modules/redis-parser/lib/parser.js:179:12)
    at parseType (/Users/adrianfranciscoperezgomez/Desktop/Personal Apps/vult-intel/node_modules/redis-parser/lib/parser.js:302:14) {
  command: { name: 'auth', args: [ 'IVB0VPnPl0urvQrpSKkbXLdEZBUfSHaP' ] }
}
ReplyError: WRONGPASS invalid username-password pair or user is disabled.
    at parseError (/Users/adrianfranciscoperezgomez/Desktop/Personal Apps/vult-intel/node_modules/redis-parser/lib/parser.js:179:12)
    at parseType (/Users/adrianfranciscoperezgomez/Desktop/Personal Apps/vult-intel/node_modules/redis-parser/lib/parser.js:302:14) {
  command: { name: 'auth', args: [ 'IVB0VPnPl0urvQrpSKkbXLdEZBUfSHaP' ] }
}
ReplyError: WRONGPASS invalid username-password pair or user is disabled.
    at parseError (/Users/adrianfranciscoperezgomez/Desktop/Personal Apps/vult-intel/node_modules/redis-parser/lib/parser.js:179:12)
    at parseType (/Users/adrianfranciscoperezgomez/Desktop/Personal Apps/vult-intel/node_modules/redis-parser/lib/parser.js:302:14) {
  command: { name: 'auth', args: [ 'IVB0VPnPl0urvQrpSKkbXLdEZBUfSHaP' ] }
}
ReplyError: WRONGPASS invalid username-password pair or user is disabled.
    at parseError (/Users/adrianfranciscoperezgomez/Desktop/Personal Apps/vult-intel/node_modules/redis-parser/lib/parser.js:179:12)
    at parseType (/Users/adrianfranciscoperezgomez/Desktop/Personal Apps/vult-intel/node_modules/redis-parser/lib/parser.js:302:14) {
  command: { name: 'auth', args: [ 'IVB0VPnPl0urvQrpSKkbXLdEZBUfSHaP' ] }
}
ReplyError: WRONGPASS invalid username-password pair or user is disabled.
    at parseError (/Users/adrianfranciscoperezgomez/Desktop/Personal Apps/vult-intel/node_modules/redis-parser/lib/parser.js:179:12)
    at parseType (/Users/adrianfranciscoperezgomez/Desktop/Personal Apps/vult-intel/node_modules/redis-parser/lib/parser.js:302:14) {
  command: { name: 'auth', args: [ 'IVB0VPnPl0urvQrpSKkbXLdEZBUfSHaP' ] }
}
Connected to Redis for persistence
ReplyError: WRONGPASS invalid username-password pair or user is disabled.
    at parseError (/Users/adrianfranciscoperezgomez/Desktop/Personal Apps/vult-intel/node_modules/redis-parser/lib/parser.js:179:12)
    at parseType (/Users/adrianfranciscoperezgomez/Desktop/Personal Apps/vult-intel/node_modules/redis-parser/lib/parser.js:302:14) {
  command: { name: 'auth', args: [ 'IVB0VPnPl0urvQrpSKkbXLdEZBUfSHaP' ] }
}
Redis connection error: ReplyError: WRONGPASS invalid username-password pair or user is disabled.
    at parseError (/Users/adrianfranciscoperezgomez/Desktop/Personal Apps/vult-intel/node_modules/redis-parser/lib/parser.js:179:12)
    at parseType (/Users/adrianfranciscoperezgomez/Desktop/Personal Apps/vult-intel/node_modules/redis-parser/lib/parser.js:302:14) {
  command: { name: 'auth', args: [ 'IVB0VPnPl0urvQrpSKkbXLdEZBUfSHaP' ] }
}
ReplyError: WRONGPASS invalid username-password pair or user is disabled.
    at parseError (/Users/adrianfranciscoperezgomez/Desktop/Personal Apps/vult-intel/node_modules/redis-parser/lib/parser.js:179:12)
    at parseType (/Users/adrianfranciscoperezgomez/Desktop/Personal Apps/vult-intel/node_modules/redis-parser/lib/parser.js:302:14) {
  command: { name: 'auth', args: [ 'IVB0VPnPl0urvQrpSKkbXLdEZBUfSHaP' ] }
}
ReplyError: WRONGPASS invalid username-password pair or user is disabled.
    at parseError (/Users/adrianfranciscoperezgomez/Desktop/Personal Apps/vult-intel/node_modules/redis-parser/lib/parser.js:179:12)
    at parseType (/Users/adrianfranciscoperezgomez/Desktop/Personal Apps/vult-intel/node_modules/redis-parser/lib/parser.js:302:14) {
  command: { name: 'auth', args: [ 'IVB0VPnPl0urvQrpSKkbXLdEZBUfSHaP' ] }
}
ReplyError: WRONGPASS invalid username-password pair or user is disabled.
    at parseError (/Users/adrianfranciscoperezgomez/Desktop/Personal Apps/vult-intel/node_modules/redis-parser/lib/parser.js:179:12)
    at parseType (/Users/adrianfranciscoperezgomez/Desktop/Personal Apps/vult-intel/node_modules/redis-parser/lib/parser.js:302:14) {
  command: { name: 'auth', args: [ 'IVB0VPnPl0urvQrpSKkbXLdEZBUfSHaP' ] }
}
ReplyError: WRONGPASS invalid username-password pair or user is disabled.
    at parseError (/Users/adrianfranciscoperezgomez/Desktop/Personal Apps/vult-intel/node_modules/redis-parser/lib/parser.js:179:12)
    at parseType (/Users/adrianfranciscoperezgomez/Desktop/Personal Apps/vult-intel/node_modules/redis-parser/lib/parser.js:302:14) {
  command: { name: 'auth', args: [ 'IVB0VPnPl0urvQrpSKkbXLdEZBUfSHaP' ] }
}
ReplyError: WRONGPASS invalid username-password pair or user is disabled.
    at parseError (/Users/adrianfranciscoperezgomez/Desktop/Personal Apps/vult-intel/node_modules/redis-parser/lib/parser.js:179:12)
    at parseType (/Users/adrianfranciscoperezgomez/Desktop/Personal Apps/vult-intel/node_modules/redis-parser/lib/parser.js:302:14) {
  command: { name: 'auth', args: [ 'IVB0VPnPl0urvQrpSKkbXLdEZBUfSHaP' ] }
}
Connected to Redis for persistence
ReplyError: WRONGPASS invalid username-password pair or user is disabled.
    at parseError (/Users/adrianfranciscoperezgomez/Desktop/Personal Apps/vult-intel/node_modules/redis-parser/lib/parser.js:179:12)
    at parseType (/Users/adrianfranciscoperezgomez/Desktop/Personal Apps/vult-intel/node_modules/redis-parser/lib/parser.js:302:14) {
  command: { name: 'auth', args: [ 'IVB0VPnPl0urvQrpSKkbXLdEZBUfSHaP' ] }
}
Redis connection error: ReplyError: WRONGPASS invalid username-password pair or user is disabled.
    at parseError (/Users/adrianfranciscoperezgomez/Desktop/Personal Apps/vult-intel/node_modules/redis-parser/lib/parser.js:179:12)
    at parseType (/Users/adrianfranciscoperezgomez/Desktop/Personal Apps/vult-intel/node_modules/redis-parser/lib/parser.js:302:14) {
  command: { name: 'auth', args: [ 'IVB0VPnPl0urvQrpSKkbXLdEZBUfSHaP' ] }
}
ReplyError: WRONGPASS invalid username-password pair or user is disabled.
    at parseError (/Users/adrianfranciscoperezgomez/Desktop/Personal Apps/vult-intel/node_modules/redis-parser/lib/parser.js:179:12)
    at parseType (/Users/adrianfranciscoperezgomez/Desktop/Personal Apps/vult-intel/node_modules/redis-parser/lib/parser.js:302:14) {
  command: { name: 'auth', args: [ 'IVB0VPnPl0urvQrpSKkbXLdEZBUfSHaP' ] }
}
ReplyError: WRONGPASS invalid username-password pair or user is disabled.
    at parseError (/Users/adrianfranciscoperezgomez/Desktop/Personal Apps/vult-intel/node_modules/redis-parser/lib/parser.js:179:12)
    at parseType (/Users/adrianfranciscoperezgomez/Desktop/Personal Apps/vult-intel/node_modules/redis-parser/lib/parser.js:302:14) {
  command: { name: 'auth', args: [ 'IVB0VPnPl0urvQrpSKkbXLdEZBUfSHaP' ] }
}
ReplyError: WRONGPASS invalid username-password pair or user is disabled.
    at parseError (/Users/adrianfranciscoperezgomez/Desktop/Personal Apps/vult-intel/node_modules/redis-parser/lib/parser.js:179:12)
    at parseType (/Users/adrianfranciscoperezgomez/Desktop/Personal Apps/vult-intel/node_modules/redis-parser/lib/parser.js:302:14) {
  command: { name: 'auth', args: [ 'IVB0VPnPl0urvQrpSKkbXLdEZBUfSHaP' ] }
}
ReplyError: WRONGPASS invalid username-password pair or user is disabled.
    at parseError (/Users/adrianfranciscoperezgomez/Desktop/Personal Apps/vult-intel/node_modules/redis-parser/lib/parser.js:179:12)
    at parseType (/Users/adrianfranciscoperezgomez/Desktop/Personal Apps/vult-intel/node_modules/redis-parser/lib/parser.js:302:14) {
  command: { name: 'auth', args: [ 'IVB0VPnPl0urvQrpSKkbXLdEZBUfSHaP' ] }
}
ReplyError: WRONGPASS invalid username-password pair or user is disabled.
    at parseError (/Users/adrianfranciscoperezgomez/Desktop/Personal Apps/vult-intel/node_modules/redis-parser/lib/parser.js:179:12)
    at parseType (/Users/adrianfranciscoperezgomez/Desktop/Personal Apps/vult-intel/node_modules/redis-parser/lib/parser.js:302:14) {
  command: { name: 'auth', args: [ 'IVB0VPnPl0urvQrpSKkbXLdEZBUfSHaP' ] }
}
Connected to Redis for persistence
ReplyError: WRONGPASS invalid username-password pair or user is disabled.
    at parseError (/Users/adrianfranciscoperezgomez/Desktop/Personal Apps/vult-intel/node_modules/redis-parser/lib/parser.js:179:12)
    at parseType (/Users/adrianfranciscoperezgomez/Desktop/Personal Apps/vult-intel/node_modules/redis-parser/lib/parser.js:302:14) {
  command: { name: 'auth', args: [ 'IVB0VPnPl0urvQrpSKkbXLdEZBUfSHaP' ] }
}
Redis connection error: ReplyError: WRONGPASS invalid username-password pair or user is disabled.
    at parseError (/Users/adrianfranciscoperezgomez/Desktop/Personal Apps/vult-intel/node_modules/redis-parser/lib/parser.js:179:12)
    at parseType (/Users/adrianfranciscoperezgomez/Desktop/Personal Apps/vult-intel/node_modules/redis-parser/lib/parser.js:302:14) {
  command: { name: 'auth', args: [ 'IVB0VPnPl0urvQrpSKkbXLdEZBUfSHaP' ] }
}
ReplyError: WRONGPASS invalid username-password pair or user is disabled.
    at parseError (/Users/adrianfranciscoperezgomez/Desktop/Personal Apps/vult-intel/node_modules/redis-parser/lib/parser.js:179:12)
    at parseType (/Users/adrianfranciscoperezgomez/Desktop/Personal Apps/vult-intel/node_modules/redis-parser/lib/parser.js:302:14) {
  command: { name: 'auth', args: [ 'IVB0VPnPl0urvQrpSKkbXLdEZBUfSHaP' ] }
}
ReplyError: WRONGPASS invalid username-password pair or user is disabled.
    at parseError (/Users/adrianfranciscoperezgomez/Desktop/Personal Apps/vult-intel/node_modules/redis-parser/lib/parser.js:179:12)
    at parseType (/Users/adrianfranciscoperezgomez/Desktop/Personal Apps/vult-intel/node_modules/redis-parser/lib/parser.js:302:14) {
  command: { name: 'auth', args: [ 'IVB0VPnPl0urvQrpSKkbXLdEZBUfSHaP' ] }
}
ReplyError: WRONGPASS invalid username-password pair or user is disabled.
    at parseError (/Users/adrianfranciscoperezgomez/Desktop/Personal Apps/vult-intel/node_modules/redis-parser/lib/parser.js:179:12)
    at parseType (/Users/adrianfranciscoperezgomez/Desktop/Personal Apps/vult-intel/node_modules/redis-parser/lib/parser.js:302:14) {
  command: { name: 'auth', args: [ 'IVB0VPnPl0urvQrpSKkbXLdEZBUfSHaP' ] }
}
ReplyError: WRONGPASS invalid username-password pair or user is disabled.
    at parseError (/Users/adrianfranciscoperezgomez/Desktop/Personal Apps/vult-intel/node_modules/redis-parser/lib/parser.js:179:12)
    at parseType (/Users/adrianfranciscoperezgomez/Desktop/Personal Apps/vult-intel/node_modules/redis-parser/lib/parser.js:302:14) {
  command: { name: 'auth', args: [ 'IVB0VPnPl0urvQrpSKkbXLdEZBUfSHaP' ] }
}
ReplyError: WRONGPASS invalid username-password pair or user is disabled.
    at parseError (/Users/adrianfranciscoperezgomez/Desktop/Personal Apps/vult-intel/node_modules/redis-parser/lib/parser.js:179:12)
    at parseType (/Users/adrianfranciscoperezgomez/Desktop/Personal Apps/vult-intel/node_modules/redis-parser/lib/parser.js:302:14) {
  command: { name: 'auth', args: [ 'IVB0VPnPl0urvQrpSKkbXLdEZBUfSHaP' ] }
}
Connected to Redis for persistence
ReplyError: WRONGPASS invalid username-password pair or user is disabled.
    at parseError (/Users/adrianfranciscoperezgomez/Desktop/Personal Apps/vult-intel/node_modules/redis-parser/lib/parser.js:179:12)
    at parseType (/Users/adrianfranciscoperezgomez/Desktop/Personal Apps/vult-intel/node_modules/redis-parser/lib/parser.js:302:14) {
  command: { name: 'auth', args: [ 'IVB0VPnPl0urvQrpSKkbXLdEZBUfSHaP' ] }
}
Redis connection error: ReplyError: WRONGPASS invalid username-password pair or user is disabled.
    at parseError (/Users/adrianfranciscoperezgomez/Desktop/Personal Apps/vult-intel/node_modules/redis-parser/lib/parser.js:179:12)
    at parseType (/Users/adrianfranciscoperezgomez/Desktop/Personal Apps/vult-intel/node_modules/redis-parser/lib/parser.js:302:14) {
  command: { name: 'auth', args: [ 'IVB0VPnPl0urvQrpSKkbXLdEZBUfSHaP' ] }
}
ReplyError: WRONGPASS invalid username-password pair or user is disabled.
    at parseError (/Users/adrianfranciscoperezgomez/Desktop/Personal Apps/vult-intel/node_modules/redis-parser/lib/parser.js:179:12)
    at parseType (/Users/adrianfranciscoperezgomez/Desktop/Personal Apps/vult-intel/node_modules/redis-parser/lib/parser.js:302:14) {
  command: { name: 'auth', args: [ 'IVB0VPnPl0urvQrpSKkbXLdEZBUfSHaP' ] }
}
ReplyError: WRONGPASS invalid username-password pair or user is disabled.
    at parseError (/Users/adrianfranciscoperezgomez/Desktop/Personal Apps/vult-intel/node_modules/redis-parser/lib/parser.js:179:12)
    at parseType (/Users/adrianfranciscoperezgomez/Desktop/Personal Apps/vult-intel/node_modules/redis-parser/lib/parser.js:302:14) {
  command: { name: 'auth', args: [ 'IVB0VPnPl0urvQrpSKkbXLdEZBUfSHaP' ] }
}
ReplyError: WRONGPASS invalid username-password pair or user is disabled.
    at parseError (/Users/adrianfranciscoperezgomez/Desktop/Personal Apps/vult-intel/node_modules/redis-parser/lib/parser.js:179:12)
    at parseType (/Users/adrianfranciscoperezgomez/Desktop/Personal Apps/vult-intel/node_modules/redis-parser/lib/parser.js:302:14) {
  command: { name: 'auth', args: [ 'IVB0VPnPl0urvQrpSKkbXLdEZBUfSHaP' ] }
}
ReplyError: WRONGPASS invalid username-password pair or user is disabled.
    at parseError (/Users/adrianfranciscoperezgomez/Desktop/Personal Apps/vult-intel/node_modules/redis-parser/lib/parser.js:179:12)
    at parseType (/Users/adrianfranciscoperezgomez/Desktop/Personal Apps/vult-intel/node_modules/redis-parser/lib/parser.js:302:14) {
  command: { name: 'auth', args: [ 'IVB0VPnPl0urvQrpSKkbXLdEZBUfSHaP' ] }
}
ReplyError: WRONGPASS invalid username-password pair or user is disabled.
    at parseError (/Users/adrianfranciscoperezgomez/Desktop/Personal Apps/vult-intel/node_modules/redis-parser/lib/parser.js:179:12)
    at parseType (/Users/adrianfranciscoperezgomez/Desktop/Personal Apps/vult-intel/node_modules/redis-parser/lib/parser.js:302:14) {
  command: { name: 'auth', args: [ 'IVB0VPnPl0urvQrpSKkbXLdEZBUfSHaP' ] }
}
Connected to Redis for persistence
ReplyError: WRONGPASS invalid username-password pair or user is disabled.
    at parseError (/Users/adrianfranciscoperezgomez/Desktop/Personal Apps/vult-intel/node_modules/redis-parser/lib/parser.js:179:12)
    at parseType (/Users/adrianfranciscoperezgomez/Desktop/Personal Apps/vult-intel/node_modules/redis-parser/lib/parser.js:302:14) {
  command: { name: 'auth', args: [ 'IVB0VPnPl0urvQrpSKkbXLdEZBUfSHaP' ] }
}
Redis connection error: ReplyError: WRONGPASS invalid username-password pair or user is disabled.
    at parseError (/Users/adrianfranciscoperezgomez/Desktop/Personal Apps/vult-intel/node_modules/redis-parser/lib/parser.js:179:12)
    at parseType (/Users/adrianfranciscoperezgomez/Desktop/Personal Apps/vult-intel/node_modules/redis-parser/lib/parser.js:302:14) {
  command: { name: 'auth', args: [ 'IVB0VPnPl0urvQrpSKkbXLdEZBUfSHaP' ] }
}
ReplyError: WRONGPASS invalid username-password pair or user is disabled.
    at parseError (/Users/adrianfranciscoperezgomez/Desktop/Personal Apps/vult-intel/node_modules/redis-parser/lib/parser.js:179:12)
    at parseType (/Users/adrianfranciscoperezgomez/Desktop/Personal Apps/vult-intel/node_modules/redis-parser/lib/parser.js:302:14) {
  command: { name: 'auth', args: [ 'IVB0VPnPl0urvQrpSKkbXLdEZBUfSHaP' ] }
}
ReplyError: WRONGPASS invalid username-password pair or user is disabled.
    at parseError (/Users/adrianfranciscoperezgomez/Desktop/Personal Apps/vult-intel/node_modules/redis-parser/lib/parser.js:179:12)
    at parseType (/Users/adrianfranciscoperezgomez/Desktop/Personal Apps/vult-intel/node_modules/redis-parser/lib/parser.js:302:14) {
  command: { name: 'auth', args: [ 'IVB0VPnPl0urvQrpSKkbXLdEZBUfSHaP' ] }
}
ReplyError: WRONGPASS invalid username-password pair or user is disabled.
    at parseError (/Users/adrianfranciscoperezgomez/Desktop/Personal Apps/vult-intel/node_modules/redis-parser/lib/parser.js:179:12)
    at parseType (/Users/adrianfranciscoperezgomez/Desktop/Personal Apps/vult-intel/node_modules/redis-parser/lib/parser.js:302:14) {
  command: { name: 'auth', args: [ 'IVB0VPnPl0urvQrpSKkbXLdEZBUfSHaP' ] }
}
ReplyError: WRONGPASS invalid username-password pair or user is disabled.
    at parseError (/Users/adrianfranciscoperezgomez/Desktop/Personal Apps/vult-intel/node_modules/redis-parser/lib/parser.js:179:12)
    at parseType (/Users/adrianfranciscoperezgomez/Desktop/Personal Apps/vult-intel/node_modules/redis-parser/lib/parser.js:302:14) {
  command: { name: 'auth', args: [ 'IVB0VPnPl0urvQrpSKkbXLdEZBUfSHaP' ] }
}
ReplyError: WRONGPASS invalid username-password pair or user is disabled.
    at parseError (/Users/adrianfranciscoperezgomez/Desktop/Personal Apps/vult-intel/node_modules/redis-parser/lib/parser.js:179:12)
    at parseType (/Users/adrianfranciscoperezgomez/Desktop/Personal Apps/vult-intel/node_modules/redis-parser/lib/parser.js:302:14) {
  command: { name: 'auth', args: [ 'IVB0VPnPl0urvQrpSKkbXLdEZBUfSHaP' ] }
}
Connected to Redis for persistence
ReplyError: WRONGPASS invalid username-password pair or user is disabled.
    at parseError (/Users/adrianfranciscoperezgomez/Desktop/Personal Apps/vult-intel/node_modules/redis-parser/lib/parser.js:179:12)
    at parseType (/Users/adrianfranciscoperezgomez/Desktop/Personal Apps/vult-intel/node_modules/redis-parser/lib/parser.js:302:14) {
  command: { name: 'auth', args: [ 'IVB0VPnPl0urvQrpSKkbXLdEZBUfSHaP' ] }
}
Redis connection error: ReplyError: WRONGPASS invalid username-password pair or user is disabled.
    at parseError (/Users/adrianfranciscoperezgomez/Desktop/Personal Apps/vult-intel/node_modules/redis-parser/lib/parser.js:179:12)
    at parseType (/Users/adrianfranciscoperezgomez/Desktop/Personal Apps/vult-intel/node_modules/redis-parser/lib/parser.js:302:14) {
  command: { name: 'auth', args: [ 'IVB0VPnPl0urvQrpSKkbXLdEZBUfSHaP' ] }
}
ReplyError: WRONGPASS invalid username-password pair or user is disabled.
    at parseError (/Users/adrianfranciscoperezgomez/Desktop/Personal Apps/vult-intel/node_modules/redis-parser/lib/parser.js:179:12)
    at parseType (/Users/adrianfranciscoperezgomez/Desktop/Personal Apps/vult-intel/node_modules/redis-parser/lib/parser.js:302:14) {
  command: { name: 'auth', args: [ 'IVB0VPnPl0urvQrpSKkbXLdEZBUfSHaP' ] }
}
ReplyError: WRONGPASS invalid username-password pair or user is disabled.
    at parseError (/Users/adrianfranciscoperezgomez/Desktop/Personal Apps/vult-intel/node_modules/redis-parser/lib/parser.js:179:12)
    at parseType (/Users/adrianfranciscoperezgomez/Desktop/Personal Apps/vult-intel/node_modules/redis-parser/lib/parser.js:302:14) {
  command: { name: 'auth', args: [ 'IVB0VPnPl0urvQrpSKkbXLdEZBUfSHaP' ] }
}
ReplyError: WRONGPASS invalid username-password pair or user is disabled.
    at parseError (/Users/adrianfranciscoperezgomez/Desktop/Personal Apps/vult-intel/node_modules/redis-parser/lib/parser.js:179:12)
    at parseType (/Users/adrianfranciscoperezgomez/Desktop/Personal Apps/vult-intel/node_modules/redis-parser/lib/parser.js:302:14) {
  command: { name: 'auth', args: [ 'IVB0VPnPl0urvQrpSKkbXLdEZBUfSHaP' ] }
}
ReplyError: WRONGPASS invalid username-password pair or user is disabled.
    at parseError (/Users/adrianfranciscoperezgomez/Desktop/Personal Apps/vult-intel/node_modules/redis-parser/lib/parser.js:179:12)
    at parseType (/Users/adrianfranciscoperezgomez/Desktop/Personal Apps/vult-intel/node_modules/redis-parser/lib/parser.js:302:14) {
  command: { name: 'auth', args: [ 'IVB0VPnPl0urvQrpSKkbXLdEZBUfSHaP' ] }
}
ReplyError: WRONGPASS invalid username-password pair or user is disabled.
    at parseError (/Users/adrianfranciscoperezgomez/Desktop/Personal Apps/vult-intel/node_modules/redis-parser/lib/parser.js:179:12)
    at parseType (/Users/adrianfranciscoperezgomez/Desktop/Personal Apps/vult-intel/node_modules/redis-parser/lib/parser.js:302:14) {
  command: { name: 'auth', args: [ 'IVB0VPnPl0urvQrpSKkbXLdEZBUfSHaP' ] }
}
Connected to Redis for persistence
ReplyError: WRONGPASS invalid username-password pair or user is disabled.
    at parseError (/Users/adrianfranciscoperezgomez/Desktop/Personal Apps/vult-intel/node_modules/redis-parser/lib/parser.js:179:12)
    at parseType (/Users/adrianfranciscoperezgomez/Desktop/Personal Apps/vult-intel/node_modules/redis-parser/lib/parser.js:302:14) {
  command: { name: 'auth', args: [ 'IVB0VPnPl0urvQrpSKkbXLdEZBUfSHaP' ] }
}
Redis connection error: ReplyError: WRONGPASS invalid username-password pair or user is disabled.
    at parseError (/Users/adrianfranciscoperezgomez/Desktop/Personal Apps/vult-intel/node_modules/redis-parser/lib/parser.js:179:12)
    at parseType (/Users/adrianfranciscoperezgomez/Desktop/Personal Apps/vult-intel/node_modules/redis-parser/lib/parser.js:302:14) {
  command: { name: 'auth', args: [ 'IVB0VPnPl0urvQrpSKkbXLdEZBUfSHaP' ] }
}
ReplyError: WRONGPASS invalid username-password pair or user is disabled.
    at parseError (/Users/adrianfranciscoperezgomez/Desktop/Personal Apps/vult-intel/node_modules/redis-parser/lib/parser.js:179:12)
    at parseType (/Users/adrianfranciscoperezgomez/Desktop/Personal Apps/vult-intel/node_modules/redis-parser/lib/parser.js:302:14) {
  command: { name: 'auth', args: [ 'IVB0VPnPl0urvQrpSKkbXLdEZBUfSHaP' ] }
}
ReplyError: WRONGPASS invalid username-password pair or user is disabled.
    at parseError (/Users/adrianfranciscoperezgomez/Desktop/Personal Apps/vult-intel/node_modules/redis-parser/lib/parser.js:179:12)
    at parseType (/Users/adrianfranciscoperezgomez/Desktop/Personal Apps/vult-intel/node_modules/redis-parser/lib/parser.js:302:14) {
  command: { name: 'auth', args: [ 'IVB0VPnPl0urvQrpSKkbXLdEZBUfSHaP' ] }
}
ReplyError: WRONGPASS invalid username-password pair or user is disabled.
    at parseError (/Users/adrianfranciscoperezgomez/Desktop/Personal Apps/vult-intel/node_modules/redis-parser/lib/parser.js:179:12)
    at parseType (/Users/adrianfranciscoperezgomez/Desktop/Personal Apps/vult-intel/node_modules/redis-parser/lib/parser.js:302:14) {
  command: { name: 'auth', args: [ 'IVB0VPnPl0urvQrpSKkbXLdEZBUfSHaP' ] }
}
ReplyError: WRONGPASS invalid username-password pair or user is disabled.
    at parseError (/Users/adrianfranciscoperezgomez/Desktop/Personal Apps/vult-intel/node_modules/redis-parser/lib/parser.js:179:12)
    at parseType (/Users/adrianfranciscoperezgomez/Desktop/Personal Apps/vult-intel/node_modules/redis-parser/lib/parser.js:302:14) {
  command: { name: 'auth', args: [ 'IVB0VPnPl0urvQrpSKkbXLdEZBUfSHaP' ] }
}
ReplyError: WRONGPASS invalid username-password pair or user is disabled.
    at parseError (/Users/adrianfranciscoperezgomez/Desktop/Personal Apps/vult-intel/node_modules/redis-parser/lib/parser.js:179:12)
    at parseType (/Users/adrianfranciscoperezgomez/Desktop/Personal Apps/vult-intel/node_modules/redis-parser/lib/parser.js:302:14) {
  command: { name: 'auth', args: [ 'IVB0VPnPl0urvQrpSKkbXLdEZBUfSHaP' ] }
}
Connected to Redis for persistence
ReplyError: WRONGPASS invalid username-password pair or user is disabled.
    at parseError (/Users/adrianfranciscoperezgomez/Desktop/Personal Apps/vult-intel/node_modules/redis-parser/lib/parser.js:179:12)
    at parseType (/Users/adrianfranciscoperezgomez/Desktop/Personal Apps/vult-intel/node_modules/redis-parser/lib/parser.js:302:14) {
  command: { name: 'auth', args: [ 'IVB0VPnPl0urvQrpSKkbXLdEZBUfSHaP' ] }
}
Redis connection error: ReplyError: WRONGPASS invalid username-password pair or user is disabled.
    at parseError (/Users/adrianfranciscoperezgomez/Desktop/Personal Apps/vult-intel/node_modules/redis-parser/lib/parser.js:179:12)
    at parseType (/Users/adrianfranciscoperezgomez/Desktop/Personal Apps/vult-intel/node_modules/redis-parser/lib/parser.js:302:14) {
  command: { name: 'auth', args: [ 'IVB0VPnPl0urvQrpSKkbXLdEZBUfSHaP' ] }
}
ReplyError: WRONGPASS invalid username-password pair or user is disabled.
    at parseError (/Users/adrianfranciscoperezgomez/Desktop/Personal Apps/vult-intel/node_modules/redis-parser/lib/parser.js:179:12)
    at parseType (/Users/adrianfranciscoperezgomez/Desktop/Personal Apps/vult-intel/node_modules/redis-parser/lib/parser.js:302:14) {
  command: { name: 'auth', args: [ 'IVB0VPnPl0urvQrpSKkbXLdEZBUfSHaP' ] }
}
ReplyError: WRONGPASS invalid username-password pair or user is disabled.
    at parseError (/Users/adrianfranciscoperezgomez/Desktop/Personal Apps/vult-intel/node_modules/redis-parser/lib/parser.js:179:12)
    at parseType (/Users/adrianfranciscoperezgomez/Desktop/Personal Apps/vult-intel/node_modules/redis-parser/lib/parser.js:302:14) {
  command: { name: 'auth', args: [ 'IVB0VPnPl0urvQrpSKkbXLdEZBUfSHaP' ] }
}
ReplyError: WRONGPASS invalid username-password pair or user is disabled.
    at parseError (/Users/adrianfranciscoperezgomez/Desktop/Personal Apps/vult-intel/node_modules/redis-parser/lib/parser.js:179:12)
    at parseType (/Users/adrianfranciscoperezgomez/Desktop/Personal Apps/vult-intel/node_modules/redis-parser/lib/parser.js:302:14) {
  command: { name: 'auth', args: [ 'IVB0VPnPl0urvQrpSKkbXLdEZBUfSHaP' ] }
}
ReplyError: WRONGPASS invalid username-password pair or user is disabled.
    at parseError (/Users/adrianfranciscoperezgomez/Desktop/Personal Apps/vult-intel/node_modules/redis-parser/lib/parser.js:179:12)
    at parseType (/Users/adrianfranciscoperezgomez/Desktop/Personal Apps/vult-intel/node_modules/redis-parser/lib/parser.js:302:14) {
  command: { name: 'auth', args: [ 'IVB0VPnPl0urvQrpSKkbXLdEZBUfSHaP' ] }
}
ReplyError: WRONGPASS invalid username-password pair or user is disabled.
    at parseError (/Users/adrianfranciscoperezgomez/Desktop/Personal Apps/vult-intel/node_modules/redis-parser/lib/parser.js:179:12)
    at parseType (/Users/adrianfranciscoperezgomez/Desktop/Personal Apps/vult-intel/node_modules/redis-parser/lib/parser.js:302:14) {
  command: { name: 'auth', args: [ 'IVB0VPnPl0urvQrpSKkbXLdEZBUfSHaP' ] }
}
Connected to Redis for persistence
ReplyError: WRONGPASS invalid username-password pair or user is disabled.
    at parseError (/Users/adrianfranciscoperezgomez/Desktop/Personal Apps/vult-intel/node_modules/redis-parser/lib/parser.js:179:12)
    at parseType (/Users/adrianfranciscoperezgomez/Desktop/Personal Apps/vult-intel/node_modules/redis-parser/lib/parser.js:302:14) {
  command: { name: 'auth', args: [ 'IVB0VPnPl0urvQrpSKkbXLdEZBUfSHaP' ] }
}
Redis connection error: ReplyError: WRONGPASS invalid username-password pair or user is disabled.
    at parseError (/Users/adrianfranciscoperezgomez/Desktop/Personal Apps/vult-intel/node_modules/redis-parser/lib/parser.js:179:12)
    at parseType (/Users/adrianfranciscoperezgomez/Desktop/Personal Apps/vult-intel/node_modules/redis-parser/lib/parser.js:302:14) {
  command: { name: 'auth', args: [ 'IVB0VPnPl0urvQrpSKkbXLdEZBUfSHaP' ] }
}
ReplyError: WRONGPASS invalid username-password pair or user is disabled.
    at parseError (/Users/adrianfranciscoperezgomez/Desktop/Personal Apps/vult-intel/node_modules/redis-parser/lib/parser.js:179:12)
    at parseType (/Users/adrianfranciscoperezgomez/Desktop/Personal Apps/vult-intel/node_modules/redis-parser/lib/parser.js:302:14) {
  command: { name: 'auth', args: [ 'IVB0VPnPl0urvQrpSKkbXLdEZBUfSHaP' ] }
}
ReplyError: WRONGPASS invalid username-password pair or user is disabled.
    at parseError (/Users/adrianfranciscoperezgomez/Desktop/Personal Apps/vult-intel/node_modules/redis-parser/lib/parser.js:179:12)
    at parseType (/Users/adrianfranciscoperezgomez/Desktop/Personal Apps/vult-intel/node_modules/redis-parser/lib/parser.js:302:14) {
  command: { name: 'auth', args: [ 'IVB0VPnPl0urvQrpSKkbXLdEZBUfSHaP' ] }
}
ReplyError: WRONGPASS invalid username-password pair or user is disabled.
    at parseError (/Users/adrianfranciscoperezgomez/Desktop/Personal Apps/vult-intel/node_modules/redis-parser/lib/parser.js:179:12)
    at parseType (/Users/adrianfranciscoperezgomez/Desktop/Personal Apps/vult-intel/node_modules/redis-parser/lib/parser.js:302:14) {
  command: { name: 'auth', args: [ 'IVB0VPnPl0urvQrpSKkbXLdEZBUfSHaP' ] }
}
ReplyError: WRONGPASS invalid username-password pair or user is disabled.
    at parseError (/Users/adrianfranciscoperezgomez/Desktop/Personal Apps/vult-intel/node_modules/redis-parser/lib/parser.js:179:12)
    at parseType (/Users/adrianfranciscoperezgomez/Desktop/Personal Apps/vult-intel/node_modules/redis-parser/lib/parser.js:302:14) {
  command: { name: 'auth', args: [ 'IVB0VPnPl0urvQrpSKkbXLdEZBUfSHaP' ] }
}
ReplyError: WRONGPASS invalid username-password pair or user is disabled.
    at parseError (/Users/adrianfranciscoperezgomez/Desktop/Personal Apps/vult-intel/node_modules/redis-parser/lib/parser.js:179:12)
    at parseType (/Users/adrianfranciscoperezgomez/Desktop/Personal Apps/vult-intel/node_modules/redis-parser/lib/parser.js:302:14) {
  command: { name: 'auth', args: [ 'IVB0VPnPl0urvQrpSKkbXLdEZBUfSHaP' ] }
}
Connected to Redis for persistence
ReplyError: WRONGPASS invalid username-password pair or user is disabled.
    at parseError (/Users/adrianfranciscoperezgomez/Desktop/Personal Apps/vult-intel/node_modules/redis-parser/lib/parser.js:179:12)
    at parseType (/Users/adrianfranciscoperezgomez/Desktop/Personal Apps/vult-intel/node_modules/redis-parser/lib/parser.js:302:14) {
  command: { name: 'auth', args: [ 'IVB0VPnPl0urvQrpSKkbXLdEZBUfSHaP' ] }
}
Redis connection error: ReplyError: WRONGPASS invalid username-password pair or user is disabled.
    at parseError (/Users/adrianfranciscoperezgomez/Desktop/Personal Apps/vult-intel/node_modules/redis-parser/lib/parser.js:179:12)
    at parseType (/Users/adrianfranciscoperezgomez/Desktop/Personal Apps/vult-intel/node_modules/redis-parser/lib/parser.js:302:14) {
  command: { name: 'auth', args: [ 'IVB0VPnPl0urvQrpSKkbXLdEZBUfSHaP' ] }
}
ReplyError: WRONGPASS invalid username-password pair or user is disabled.
    at parseError (/Users/adrianfranciscoperezgomez/Desktop/Personal Apps/vult-intel/node_modules/redis-parser/lib/parser.js:179:12)
    at parseType (/Users/adrianfranciscoperezgomez/Desktop/Personal Apps/vult-intel/node_modules/redis-parser/lib/parser.js:302:14) {
  command: { name: 'auth', args: [ 'IVB0VPnPl0urvQrpSKkbXLdEZBUfSHaP' ] }
}
ReplyError: WRONGPASS invalid username-password pair or user is disabled.
    at parseError (/Users/adrianfranciscoperezgomez/Desktop/Personal Apps/vult-intel/node_modules/redis-parser/lib/parser.js:179:12)
    at parseType (/Users/adrianfranciscoperezgomez/Desktop/Personal Apps/vult-intel/node_modules/redis-parser/lib/parser.js:302:14) {
  command: { name: 'auth', args: [ 'IVB0VPnPl0urvQrpSKkbXLdEZBUfSHaP' ] }
}
ReplyError: WRONGPASS invalid username-password pair or user is disabled.
    at parseError (/Users/adrianfranciscoperezgomez/Desktop/Personal Apps/vult-intel/node_modules/redis-parser/lib/parser.js:179:12)
    at parseType (/Users/adrianfranciscoperezgomez/Desktop/Personal Apps/vult-intel/node_modules/redis-parser/lib/parser.js:302:14) {
  command: { name: 'auth', args: [ 'IVB0VPnPl0urvQrpSKkbXLdEZBUfSHaP' ] }
}
ReplyError: WRONGPASS invalid username-password pair or user is disabled.
    at parseError (/Users/adrianfranciscoperezgomez/Desktop/Personal Apps/vult-intel/node_modules/redis-parser/lib/parser.js:179:12)
    at parseType (/Users/adrianfranciscoperezgomez/Desktop/Personal Apps/vult-intel/node_modules/redis-parser/lib/parser.js:302:14) {
  command: { name: 'auth', args: [ 'IVB0VPnPl0urvQrpSKkbXLdEZBUfSHaP' ] }
}
ReplyError: WRONGPASS invalid username-password pair or user is disabled.
    at parseError (/Users/adrianfranciscoperezgomez/Desktop/Personal Apps/vult-intel/node_modules/redis-parser/lib/parser.js:179:12)
    at parseType (/Users/adrianfranciscoperezgomez/Desktop/Personal Apps/vult-intel/node_modules/redis-parser/lib/parser.js:302:14) {
  command: { name: 'auth', args: [ 'IVB0VPnPl0urvQrpSKkbXLdEZBUfSHaP' ] }
}
Connected to Redis for persistence
ReplyError: WRONGPASS invalid username-password pair or user is disabled.
    at parseError (/Users/adrianfranciscoperezgomez/Desktop/Personal Apps/vult-intel/node_modules/redis-parser/lib/parser.js:179:12)
    at parseType (/Users/adrianfranciscoperezgomez/Desktop/Personal Apps/vult-intel/node_modules/redis-parser/lib/parser.js:302:14) {
  command: { name: 'auth', args: [ 'IVB0VPnPl0urvQrpSKkbXLdEZBUfSHaP' ] }
}
Redis connection error: ReplyError: WRONGPASS invalid username-password pair or user is disabled.
    at parseError (/Users/adrianfranciscoperezgomez/Desktop/Personal Apps/vult-intel/node_modules/redis-parser/lib/parser.js:179:12)
    at parseType (/Users/adrianfranciscoperezgomez/Desktop/Personal Apps/vult-intel/node_modules/redis-parser/lib/parser.js:302:14) {
  command: { name: 'auth', args: [ 'IVB0VPnPl0urvQrpSKkbXLdEZBUfSHaP' ] }
}
ReplyError: WRONGPASS invalid username-password pair or user is disabled.
    at parseError (/Users/adrianfranciscoperezgomez/Desktop/Personal Apps/vult-intel/node_modules/redis-parser/lib/parser.js:179:12)
    at parseType (/Users/adrianfranciscoperezgomez/Desktop/Personal Apps/vult-intel/node_modules/redis-parser/lib/parser.js:302:14) {
  command: { name: 'auth', args: [ 'IVB0VPnPl0urvQrpSKkbXLdEZBUfSHaP' ] }
}
ReplyError: WRONGPASS invalid username-password pair or user is disabled.
    at parseError (/Users/adrianfranciscoperezgomez/Desktop/Personal Apps/vult-intel/node_modules/redis-parser/lib/parser.js:179:12)
    at parseType (/Users/adrianfranciscoperezgomez/Desktop/Personal Apps/vult-intel/node_modules/redis-parser/lib/parser.js:302:14) {
  command: { name: 'auth', args: [ 'IVB0VPnPl0urvQrpSKkbXLdEZBUfSHaP' ] }
}
ReplyError: WRONGPASS invalid username-password pair or user is disabled.
    at parseError (/Users/adrianfranciscoperezgomez/Desktop/Personal Apps/vult-intel/node_modules/redis-parser/lib/parser.js:179:12)
    at parseType (/Users/adrianfranciscoperezgomez/Desktop/Personal Apps/vult-intel/node_modules/redis-parser/lib/parser.js:302:14) {
  command: { name: 'auth', args: [ 'IVB0VPnPl0urvQrpSKkbXLdEZBUfSHaP' ] }
}
ReplyError: WRONGPASS invalid username-password pair or user is disabled.
    at parseError (/Users/adrianfranciscoperezgomez/Desktop/Personal Apps/vult-intel/node_modules/redis-parser/lib/parser.js:179:12)
    at parseType (/Users/adrianfranciscoperezgomez/Desktop/Personal Apps/vult-intel/node_modules/redis-parser/lib/parser.js:302:14) {
  command: { name: 'auth', args: [ 'IVB0VPnPl0urvQrpSKkbXLdEZBUfSHaP' ] }
}
ReplyError: WRONGPASS invalid username-password pair or user is disabled.
    at parseError (/Users/adrianfranciscoperezgomez/Desktop/Personal Apps/vult-intel/node_modules/redis-parser/lib/parser.js:179:12)
    at parseType (/Users/adrianfranciscoperezgomez/Desktop/Personal Apps/vult-intel/node_modules/redis-parser/lib/parser.js:302:14) {
  command: { name: 'auth', args: [ 'IVB0VPnPl0urvQrpSKkbXLdEZBUfSHaP' ] }
}
Connected to Redis for persistence
ReplyError: WRONGPASS invalid username-password pair or user is disabled.
    at parseError (/Users/adrianfranciscoperezgomez/Desktop/Personal Apps/vult-intel/node_modules/redis-parser/lib/parser.js:179:12)
    at parseType (/Users/adrianfranciscoperezgomez/Desktop/Personal Apps/vult-intel/node_modules/redis-parser/lib/parser.js:302:14) {
  command: { name: 'auth', args: [ 'IVB0VPnPl0urvQrpSKkbXLdEZBUfSHaP' ] }
}
Redis connection error: ReplyError: WRONGPASS invalid username-password pair or user is disabled.
    at parseError (/Users/adrianfranciscoperezgomez/Desktop/Personal Apps/vult-intel/node_modules/redis-parser/lib/parser.js:179:12)
    at parseType (/Users/adrianfranciscoperezgomez/Desktop/Personal Apps/vult-intel/node_modules/redis-parser/lib/parser.js:302:14) {
  command: { name: 'auth', args: [ 'IVB0VPnPl0urvQrpSKkbXLdEZBUfSHaP' ] }
}
ReplyError: WRONGPASS invalid username-password pair or user is disabled.
    at parseError (/Users/adrianfranciscoperezgomez/Desktop/Personal Apps/vult-intel/node_modules/redis-parser/lib/parser.js:179:12)
    at parseType (/Users/adrianfranciscoperezgomez/Desktop/Personal Apps/vult-intel/node_modules/redis-parser/lib/parser.js:302:14) {
  command: { name: 'auth', args: [ 'IVB0VPnPl0urvQrpSKkbXLdEZBUfSHaP' ] }
}
ReplyError: WRONGPASS invalid username-password pair or user is disabled.
    at parseError (/Users/adrianfranciscoperezgomez/Desktop/Personal Apps/vult-intel/node_modules/redis-parser/lib/parser.js:179:12)
    at parseType (/Users/adrianfranciscoperezgomez/Desktop/Personal Apps/vult-intel/node_modules/redis-parser/lib/parser.js:302:14) {
  command: { name: 'auth', args: [ 'IVB0VPnPl0urvQrpSKkbXLdEZBUfSHaP' ] }
}
ReplyError: WRONGPASS invalid username-password pair or user is disabled.
    at parseError (/Users/adrianfranciscoperezgomez/Desktop/Personal Apps/vult-intel/node_modules/redis-parser/lib/parser.js:179:12)
    at parseType (/Users/adrianfranciscoperezgomez/Desktop/Personal Apps/vult-intel/node_modules/redis-parser/lib/parser.js:302:14) {
  command: { name: 'auth', args: [ 'IVB0VPnPl0urvQrpSKkbXLdEZBUfSHaP' ] }
}
ReplyError: WRONGPASS invalid username-password pair or user is disabled.
    at parseError (/Users/adrianfranciscoperezgomez/Desktop/Personal Apps/vult-intel/node_modules/redis-parser/lib/parser.js:179:12)
    at parseType (/Users/adrianfranciscoperezgomez/Desktop/Personal Apps/vult-intel/node_modules/redis-parser/lib/parser.js:302:14) {
  command: { name: 'auth', args: [ 'IVB0VPnPl0urvQrpSKkbXLdEZBUfSHaP' ] }
}
ReplyError: WRONGPASS invalid username-password pair or user is disabled.
    at parseError (/Users/adrianfranciscoperezgomez/Desktop/Personal Apps/vult-intel/node_modules/redis-parser/lib/parser.js:179:12)
    at parseType (/Users/adrianfranciscoperezgomez/Desktop/Personal Apps/vult-intel/node_modules/redis-parser/lib/parser.js:302:14) {
  command: { name: 'auth', args: [ 'IVB0VPnPl0urvQrpSKkbXLdEZBUfSHaP' ] }
}
Connected to Redis for persistence
ReplyError: WRONGPASS invalid username-password pair or user is disabled.
    at parseError (/Users/adrianfranciscoperezgomez/Desktop/Personal Apps/vult-intel/node_modules/redis-parser/lib/parser.js:179:12)
    at parseType (/Users/adrianfranciscoperezgomez/Desktop/Personal Apps/vult-intel/node_modules/redis-parser/lib/parser.js:302:14) {
  command: { name: 'auth', args: [ 'IVB0VPnPl0urvQrpSKkbXLdEZBUfSHaP' ] }
}
Redis connection error: ReplyError: WRONGPASS invalid username-password pair or user is disabled.
    at parseError (/Users/adrianfranciscoperezgomez/Desktop/Personal Apps/vult-intel/node_modules/redis-parser/lib/parser.js:179:12)
    at parseType (/Users/adrianfranciscoperezgomez/Desktop/Personal Apps/vult-intel/node_modules/redis-parser/lib/parser.js:302:14) {
  command: { name: 'auth', args: [ 'IVB0VPnPl0urvQrpSKkbXLdEZBUfSHaP' ] }
}
ReplyError: WRONGPASS invalid username-password pair or user is disabled.
    at parseError (/Users/adrianfranciscoperezgomez/Desktop/Personal Apps/vult-intel/node_modules/redis-parser/lib/parser.js:179:12)
    at parseType (/Users/adrianfranciscoperezgomez/Desktop/Personal Apps/vult-intel/node_modules/redis-parser/lib/parser.js:302:14) {
  command: { name: 'auth', args: [ 'IVB0VPnPl0urvQrpSKkbXLdEZBUfSHaP' ] }
}
ReplyError: WRONGPASS invalid username-password pair or user is disabled.
    at parseError (/Users/adrianfranciscoperezgomez/Desktop/Personal Apps/vult-intel/node_modules/redis-parser/lib/parser.js:179:12)
    at parseType (/Users/adrianfranciscoperezgomez/Desktop/Personal Apps/vult-intel/node_modules/redis-parser/lib/parser.js:302:14) {
  command: { name: 'auth', args: [ 'IVB0VPnPl0urvQrpSKkbXLdEZBUfSHaP' ] }
}
ReplyError: WRONGPASS invalid username-password pair or user is disabled.
    at parseError (/Users/adrianfranciscoperezgomez/Desktop/Personal Apps/vult-intel/node_modules/redis-parser/lib/parser.js:179:12)
    at parseType (/Users/adrianfranciscoperezgomez/Desktop/Personal Apps/vult-intel/node_modules/redis-parser/lib/parser.js:302:14) {
  command: { name: 'auth', args: [ 'IVB0VPnPl0urvQrpSKkbXLdEZBUfSHaP' ] }
}
ReplyError: WRONGPASS invalid username-password pair or user is disabled.
    at parseError (/Users/adrianfranciscoperezgomez/Desktop/Personal Apps/vult-intel/node_modules/redis-parser/lib/parser.js:179:12)
    at parseType (/Users/adrianfranciscoperezgomez/Desktop/Personal Apps/vult-intel/node_modules/redis-parser/lib/parser.js:302:14) {
  command: { name: 'auth', args: [ 'IVB0VPnPl0urvQrpSKkbXLdEZBUfSHaP' ] }
}
ReplyError: WRONGPASS invalid username-password pair or user is disabled.
    at parseError (/Users/adrianfranciscoperezgomez/Desktop/Personal Apps/vult-intel/node_modules/redis-parser/lib/parser.js:179:12)
    at parseType (/Users/adrianfranciscoperezgomez/Desktop/Personal Apps/vult-intel/node_modules/redis-parser/lib/parser.js:302:14) {
  command: { name: 'auth', args: [ 'IVB0VPnPl0urvQrpSKkbXLdEZBUfSHaP' ] }
}
ReplyError: WRONGPASS invalid username-password pair or user is disabled.
    at parseError (/Users/adrianfranciscoperezgomez/Desktop/Personal Apps/vult-intel/node_modules/redis-parser/lib/parser.js:179:12)
    at parseType (/Users/adrianfranciscoperezgomez/Desktop/Personal Apps/vult-intel/node_modules/redis-parser/lib/parser.js:302:14) {
  command: { name: 'auth', args: [ 'IVB0VPnPl0urvQrpSKkbXLdEZBUfSHaP' ] }
}
Connected to Redis for persistence
Redis connection error: ReplyError: WRONGPASS invalid username-password pair or user is disabled.
    at parseError (/Users/adrianfranciscoperezgomez/Desktop/Personal Apps/vult-intel/node_modules/redis-parser/lib/parser.js:179:12)
    at parseType (/Users/adrianfranciscoperezgomez/Desktop/Personal Apps/vult-intel/node_modules/redis-parser/lib/parser.js:302:14) {
  command: { name: 'auth', args: [ 'IVB0VPnPl0urvQrpSKkbXLdEZBUfSHaP' ] }
}
ReplyError: WRONGPASS invalid username-password pair or user is disabled.
    at parseError (/Users/adrianfranciscoperezgomez/Desktop/Personal Apps/vult-intel/node_modules/redis-parser/lib/parser.js:179:12)
    at parseType (/Users/adrianfranciscoperezgomez/Desktop/Personal Apps/vult-intel/node_modules/redis-parser/lib/parser.js:302:14) {
  command: { name: 'auth', args: [ 'IVB0VPnPl0urvQrpSKkbXLdEZBUfSHaP' ] }
}
ReplyError: WRONGPASS invalid username-password pair or user is disabled.
    at parseError (/Users/adrianfranciscoperezgomez/Desktop/Personal Apps/vult-intel/node_modules/redis-parser/lib/parser.js:179:12)
    at parseType (/Users/adrianfranciscoperezgomez/Desktop/Personal Apps/vult-intel/node_modules/redis-parser/lib/parser.js:302:14) {
  command: { name: 'auth', args: [ 'IVB0VPnPl0urvQrpSKkbXLdEZBUfSHaP' ] }
}
ReplyError: WRONGPASS invalid username-password pair or user is disabled.
    at parseError (/Users/adrianfranciscoperezgomez/Desktop/Personal Apps/vult-intel/node_modules/redis-parser/lib/parser.js:179:12)
    at parseType (/Users/adrianfranciscoperezgomez/Desktop/Personal Apps/vult-intel/node_modules/redis-parser/lib/parser.js:302:14) {
  command: { name: 'auth', args: [ 'IVB0VPnPl0urvQrpSKkbXLdEZBUfSHaP' ] }
}
ReplyError: WRONGPASS invalid username-password pair or user is disabled.
    at parseError (/Users/adrianfranciscoperezgomez/Desktop/Personal Apps/vult-intel/node_modules/redis-parser/lib/parser.js:179:12)
    at parseType (/Users/adrianfranciscoperezgomez/Desktop/Personal Apps/vult-intel/node_modules/redis-parser/lib/parser.js:302:14) {
  command: { name: 'auth', args: [ 'IVB0VPnPl0urvQrpSKkbXLdEZBUfSHaP' ] }
}
ReplyError: WRONGPASS invalid username-password pair or user is disabled.
    at parseError (/Users/adrianfranciscoperezgomez/Desktop/Personal Apps/vult-intel/node_modules/redis-parser/lib/parser.js:179:12)
    at parseType (/Users/adrianfranciscoperezgomez/Desktop/Personal Apps/vult-intel/node_modules/redis-parser/lib/parser.js:302:14) {
  command: { name: 'auth', args: [ 'IVB0VPnPl0urvQrpSKkbXLdEZBUfSHaP' ] }
}
ReplyError: WRONGPASS invalid username-password pair or user is disabled.
    at parseError (/Users/adrianfranciscoperezgomez/Desktop/Personal Apps/vult-intel/node_modules/redis-parser/lib/parser.js:179:12)
    at parseType (/Users/adrianfranciscoperezgomez/Desktop/Personal Apps/vult-intel/node_modules/redis-parser/lib/parser.js:302:14) {
  command: { name: 'auth', args: [ 'IVB0VPnPl0urvQrpSKkbXLdEZBUfSHaP' ] }
}
Connected to Redis for persistence
Redis connection error: ReplyError: WRONGPASS invalid username-password pair or user is disabled.
    at parseError (/Users/adrianfranciscoperezgomez/Desktop/Personal Apps/vult-intel/node_modules/redis-parser/lib/parser.js:179:12)
    at parseType (/Users/adrianfranciscoperezgomez/Desktop/Personal Apps/vult-intel/node_modules/redis-parser/lib/parser.js:302:14) {
  command: { name: 'auth', args: [ 'IVB0VPnPl0urvQrpSKkbXLdEZBUfSHaP' ] }
}
ReplyError: WRONGPASS invalid username-password pair or user is disabled.
    at parseError (/Users/adrianfranciscoperezgomez/Desktop/Personal Apps/vult-intel/node_modules/redis-parser/lib/parser.js:179:12)
    at parseType (/Users/adrianfranciscoperezgomez/Desktop/Personal Apps/vult-intel/node_modules/redis-parser/lib/parser.js:302:14) {
  command: { name: 'auth', args: [ 'IVB0VPnPl0urvQrpSKkbXLdEZBUfSHaP' ] }
}
ReplyError: WRONGPASS invalid username-password pair or user is disabled.
    at parseError (/Users/adrianfranciscoperezgomez/Desktop/Personal Apps/vult-intel/node_modules/redis-parser/lib/parser.js:179:12)
    at parseType (/Users/adrianfranciscoperezgomez/Desktop/Personal Apps/vult-intel/node_modules/redis-parser/lib/parser.js:302:14) {
  command: { name: 'auth', args: [ 'IVB0VPnPl0urvQrpSKkbXLdEZBUfSHaP' ] }
}
ReplyError: WRONGPASS invalid username-password pair or user is disabled.
    at parseError (/Users/adrianfranciscoperezgomez/Desktop/Personal Apps/vult-intel/node_modules/redis-parser/lib/parser.js:179:12)
    at parseType (/Users/adrianfranciscoperezgomez/Desktop/Personal Apps/vult-intel/node_modules/redis-parser/lib/parser.js:302:14) {
  command: { name: 'auth', args: [ 'IVB0VPnPl0urvQrpSKkbXLdEZBUfSHaP' ] }
}
ReplyError: WRONGPASS invalid username-password pair or user is disabled.
    at parseError (/Users/adrianfranciscoperezgomez/Desktop/Personal Apps/vult-intel/node_modules/redis-parser/lib/parser.js:179:12)
    at parseType (/Users/adrianfranciscoperezgomez/Desktop/Personal Apps/vult-intel/node_modules/redis-parser/lib/parser.js:302:14) {
  command: { name: 'auth', args: [ 'IVB0VPnPl0urvQrpSKkbXLdEZBUfSHaP' ] }
}
ReplyError: WRONGPASS invalid username-password pair or user is disabled.
    at parseError (/Users/adrianfranciscoperezgomez/Desktop/Personal Apps/vult-intel/node_modules/redis-parser/lib/parser.js:179:12)
    at parseType (/Users/adrianfranciscoperezgomez/Desktop/Personal Apps/vult-intel/node_modules/redis-parser/lib/parser.js:302:14) {
  command: { name: 'auth', args: [ 'IVB0VPnPl0urvQrpSKkbXLdEZBUfSHaP' ] }
}
ReplyError: WRONGPASS invalid username-password pair or user is disabled.
    at parseError (/Users/adrianfranciscoperezgomez/Desktop/Personal Apps/vult-intel/node_modules/redis-parser/lib/parser.js:179:12)
    at parseType (/Users/adrianfranciscoperezgomez/Desktop/Personal Apps/vult-intel/node_modules/redis-parser/lib/parser.js:302:14) {
  command: { name: 'auth', args: [ 'IVB0VPnPl0urvQrpSKkbXLdEZBUfSHaP' ] }
}
Connected to Redis for persistence
Redis connection error: ReplyError: WRONGPASS invalid username-password pair or user is disabled.
    at parseError (/Users/adrianfranciscoperezgomez/Desktop/Personal Apps/vult-intel/node_modules/redis-parser/lib/parser.js:179:12)
    at parseType (/Users/adrianfranciscoperezgomez/Desktop/Personal Apps/vult-intel/node_modules/redis-parser/lib/parser.js:302:14) {
  command: { name: 'auth', args: [ 'IVB0VPnPl0urvQrpSKkbXLdEZBUfSHaP' ] }
}
ReplyError: WRONGPASS invalid username-password pair or user is disabled.
    at parseError (/Users/adrianfranciscoperezgomez/Desktop/Personal Apps/vult-intel/node_modules/redis-parser/lib/parser.js:179:12)
    at parseType (/Users/adrianfranciscoperezgomez/Desktop/Personal Apps/vult-intel/node_modules/redis-parser/lib/parser.js:302:14) {
  command: { name: 'auth', args: [ 'IVB0VPnPl0urvQrpSKkbXLdEZBUfSHaP' ] }
}
ReplyError: WRONGPASS invalid username-password pair or user is disabled.
    at parseError (/Users/adrianfranciscoperezgomez/Desktop/Personal Apps/vult-intel/node_modules/redis-parser/lib/parser.js:179:12)
    at parseType (/Users/adrianfranciscoperezgomez/Desktop/Personal Apps/vult-intel/node_modules/redis-parser/lib/parser.js:302:14) {
  command: { name: 'auth', args: [ 'IVB0VPnPl0urvQrpSKkbXLdEZBUfSHaP' ] }
}
ReplyError: WRONGPASS invalid username-password pair or user is disabled.
    at parseError (/Users/adrianfranciscoperezgomez/Desktop/Personal Apps/vult-intel/node_modules/redis-parser/lib/parser.js:179:12)
    at parseType (/Users/adrianfranciscoperezgomez/Desktop/Personal Apps/vult-intel/node_modules/redis-parser/lib/parser.js:302:14) {
  command: { name: 'auth', args: [ 'IVB0VPnPl0urvQrpSKkbXLdEZBUfSHaP' ] }
}
ReplyError: WRONGPASS invalid username-password pair or user is disabled.
    at parseError (/Users/adrianfranciscoperezgomez/Desktop/Personal Apps/vult-intel/node_modules/redis-parser/lib/parser.js:179:12)
    at parseType (/Users/adrianfranciscoperezgomez/Desktop/Personal Apps/vult-intel/node_modules/redis-parser/lib/parser.js:302:14) {
  command: { name: 'auth', args: [ 'IVB0VPnPl0urvQrpSKkbXLdEZBUfSHaP' ] }
}
ReplyError: WRONGPASS invalid username-password pair or user is disabled.
    at parseError (/Users/adrianfranciscoperezgomez/Desktop/Personal Apps/vult-intel/node_modules/redis-parser/lib/parser.js:179:12)
    at parseType (/Users/adrianfranciscoperezgomez/Desktop/Personal Apps/vult-intel/node_modules/redis-parser/lib/parser.js:302:14) {
  command: { name: 'auth', args: [ 'IVB0VPnPl0urvQrpSKkbXLdEZBUfSHaP' ] }
}
Connected to Redis for persistence
ReplyError: WRONGPASS invalid username-password pair or user is disabled.
    at parseError (/Users/adrianfranciscoperezgomez/Desktop/Personal Apps/vult-intel/node_modules/redis-parser/lib/parser.js:179:12)
    at parseType (/Users/adrianfranciscoperezgomez/Desktop/Personal Apps/vult-intel/node_modules/redis-parser/lib/parser.js:302:14) {
  command: { name: 'auth', args: [ 'IVB0VPnPl0urvQrpSKkbXLdEZBUfSHaP' ] }
}
Redis connection error: ReplyError: WRONGPASS invalid username-password pair or user is disabled.
    at parseError (/Users/adrianfranciscoperezgomez/Desktop/Personal Apps/vult-intel/node_modules/redis-parser/lib/parser.js:179:12)
    at parseType (/Users/adrianfranciscoperezgomez/Desktop/Personal Apps/vult-intel/node_modules/redis-parser/lib/parser.js:302:14) {
  command: { name: 'auth', args: [ 'IVB0VPnPl0urvQrpSKkbXLdEZBUfSHaP' ] }
}
ReplyError: WRONGPASS invalid username-password pair or user is disabled.
    at parseError (/Users/adrianfranciscoperezgomez/Desktop/Personal Apps/vult-intel/node_modules/redis-parser/lib/parser.js:179:12)
    at parseType (/Users/adrianfranciscoperezgomez/Desktop/Personal Apps/vult-intel/node_modules/redis-parser/lib/parser.js:302:14) {
  command: { name: 'auth', args: [ 'IVB0VPnPl0urvQrpSKkbXLdEZBUfSHaP' ] }
}
ReplyError: WRONGPASS invalid username-password pair or user is disabled.
    at parseError (/Users/adrianfranciscoperezgomez/Desktop/Personal Apps/vult-intel/node_modules/redis-parser/lib/parser.js:179:12)
    at parseType (/Users/adrianfranciscoperezgomez/Desktop/Personal Apps/vult-intel/node_modules/redis-parser/lib/parser.js:302:14) {
  command: { name: 'auth', args: [ 'IVB0VPnPl0urvQrpSKkbXLdEZBUfSHaP' ] }
}
ReplyError: WRONGPASS invalid username-password pair or user is disabled.
    at parseError (/Users/adrianfranciscoperezgomez/Desktop/Personal Apps/vult-intel/node_modules/redis-parser/lib/parser.js:179:12)
    at parseType (/Users/adrianfranciscoperezgomez/Desktop/Personal Apps/vult-intel/node_modules/redis-parser/lib/parser.js:302:14) {
  command: { name: 'auth', args: [ 'IVB0VPnPl0urvQrpSKkbXLdEZBUfSHaP' ] }
}
ReplyError: WRONGPASS invalid username-password pair or user is disabled.
    at parseError (/Users/adrianfranciscoperezgomez/Desktop/Personal Apps/vult-intel/node_modules/redis-parser/lib/parser.js:179:12)
    at parseType (/Users/adrianfranciscoperezgomez/Desktop/Personal Apps/vult-intel/node_modules/redis-parser/lib/parser.js:302:14) {
  command: { name: 'auth', args: [ 'IVB0VPnPl0urvQrpSKkbXLdEZBUfSHaP' ] }
}
ReplyError: WRONGPASS invalid username-password pair or user is disabled.
    at parseError (/Users/adrianfranciscoperezgomez/Desktop/Personal Apps/vult-intel/node_modules/redis-parser/lib/parser.js:179:12)
    at parseType (/Users/adrianfranciscoperezgomez/Desktop/Personal Apps/vult-intel/node_modules/redis-parser/lib/parser.js:302:14) {
  command: { name: 'auth', args: [ 'IVB0VPnPl0urvQrpSKkbXLdEZBUfSHaP' ] }
}
ReplyError: WRONGPASS invalid username-password pair or user is disabled.
    at parseError (/Users/adrianfranciscoperezgomez/Desktop/Personal Apps/vult-intel/node_modules/redis-parser/lib/parser.js:179:12)
    at parseType (/Users/adrianfranciscoperezgomez/Desktop/Personal Apps/vult-intel/node_modules/redis-parser/lib/parser.js:302:14) {
  command: { name: 'auth', args: [ 'IVB0VPnPl0urvQrpSKkbXLdEZBUfSHaP' ] }
}
Connected to Redis for persistence
Redis connection error: ReplyError: WRONGPASS invalid username-password pair or user is disabled.
    at parseError (/Users/adrianfranciscoperezgomez/Desktop/Personal Apps/vult-intel/node_modules/redis-parser/lib/parser.js:179:12)
    at parseType (/Users/adrianfranciscoperezgomez/Desktop/Personal Apps/vult-intel/node_modules/redis-parser/lib/parser.js:302:14) {
  command: { name: 'auth', args: [ 'IVB0VPnPl0urvQrpSKkbXLdEZBUfSHaP' ] }
}
ReplyError: WRONGPASS invalid username-password pair or user is disabled.
    at parseError (/Users/adrianfranciscoperezgomez/Desktop/Personal Apps/vult-intel/node_modules/redis-parser/lib/parser.js:179:12)
    at parseType (/Users/adrianfranciscoperezgomez/Desktop/Personal Apps/vult-intel/node_modules/redis-parser/lib/parser.js:302:14) {
  command: { name: 'auth', args: [ 'IVB0VPnPl0urvQrpSKkbXLdEZBUfSHaP' ] }
}
ReplyError: WRONGPASS invalid username-password pair or user is disabled.
    at parseError (/Users/adrianfranciscoperezgomez/Desktop/Personal Apps/vult-intel/node_modules/redis-parser/lib/parser.js:179:12)
    at parseType (/Users/adrianfranciscoperezgomez/Desktop/Personal Apps/vult-intel/node_modules/redis-parser/lib/parser.js:302:14) {
  command: { name: 'auth', args: [ 'IVB0VPnPl0urvQrpSKkbXLdEZBUfSHaP' ] }
}
ReplyError: WRONGPASS invalid username-password pair or user is disabled.
    at parseError (/Users/adrianfranciscoperezgomez/Desktop/Personal Apps/vult-intel/node_modules/redis-parser/lib/parser.js:179:12)
    at parseType (/Users/adrianfranciscoperezgomez/Desktop/Personal Apps/vult-intel/node_modules/redis-parser/lib/parser.js:302:14) {
  command: { name: 'auth', args: [ 'IVB0VPnPl0urvQrpSKkbXLdEZBUfSHaP' ] }
}
ReplyError: WRONGPASS invalid username-password pair or user is disabled.
    at parseError (/Users/adrianfranciscoperezgomez/Desktop/Personal Apps/vult-intel/node_modules/redis-parser/lib/parser.js:179:12)
    at parseType (/Users/adrianfranciscoperezgomez/Desktop/Personal Apps/vult-intel/node_modules/redis-parser/lib/parser.js:302:14) {
  command: { name: 'auth', args: [ 'IVB0VPnPl0urvQrpSKkbXLdEZBUfSHaP' ] }
}
ReplyError: WRONGPASS invalid username-password pair or user is disabled.
    at parseError (/Users/adrianfranciscoperezgomez/Desktop/Personal Apps/vult-intel/node_modules/redis-parser/lib/parser.js:179:12)
    at parseType (/Users/adrianfranciscoperezgomez/Desktop/Personal Apps/vult-intel/node_modules/redis-parser/lib/parser.js:302:14) {
  command: { name: 'auth', args: [ 'IVB0VPnPl0urvQrpSKkbXLdEZBUfSHaP' ] }
}
ReplyError: WRONGPASS invalid username-password pair or user is disabled.
    at parseError (/Users/adrianfranciscoperezgomez/Desktop/Personal Apps/vult-intel/node_modules/redis-parser/lib/parser.js:179:12)
    at parseType (/Users/adrianfranciscoperezgomez/Desktop/Personal Apps/vult-intel/node_modules/redis-parser/lib/parser.js:302:14) {
  command: { name: 'auth', args: [ 'IVB0VPnPl0urvQrpSKkbXLdEZBUfSHaP' ] }
}
Connected to Redis for persistence
Redis connection error: ReplyError: WRONGPASS invalid username-password pair or user is disabled.
    at parseError (/Users/adrianfranciscoperezgomez/Desktop/Personal Apps/vult-intel/node_modules/redis-parser/lib/parser.js:179:12)
    at parseType (/Users/adrianfranciscoperezgomez/Desktop/Personal Apps/vult-intel/node_modules/redis-parser/lib/parser.js:302:14) {
  command: { name: 'auth', args: [ 'IVB0VPnPl0urvQrpSKkbXLdEZBUfSHaP' ] }
}
ReplyError: WRONGPASS invalid username-password pair or user is disabled.
    at parseError (/Users/adrianfranciscoperezgomez/Desktop/Personal Apps/vult-intel/node_modules/redis-parser/lib/parser.js:179:12)
    at parseType (/Users/adrianfranciscoperezgomez/Desktop/Personal Apps/vult-intel/node_modules/redis-parser/lib/parser.js:302:14) {
  command: { name: 'auth', args: [ 'IVB0VPnPl0urvQrpSKkbXLdEZBUfSHaP' ] }
}
ReplyError: WRONGPASS invalid username-password pair or user is disabled.
    at parseError (/Users/adrianfranciscoperezgomez/Desktop/Personal Apps/vult-intel/node_modules/redis-parser/lib/parser.js:179:12)
    at parseType (/Users/adrianfranciscoperezgomez/Desktop/Personal Apps/vult-intel/node_modules/redis-parser/lib/parser.js:302:14) {
  command: { name: 'auth', args: [ 'IVB0VPnPl0urvQrpSKkbXLdEZBUfSHaP' ] }
}
ReplyError: WRONGPASS invalid username-password pair or user is disabled.
    at parseError (/Users/adrianfranciscoperezgomez/Desktop/Personal Apps/vult-intel/node_modules/redis-parser/lib/parser.js:179:12)
    at parseType (/Users/adrianfranciscoperezgomez/Desktop/Personal Apps/vult-intel/node_modules/redis-parser/lib/parser.js:302:14) {
  command: { name: 'auth', args: [ 'IVB0VPnPl0urvQrpSKkbXLdEZBUfSHaP' ] }
}
ReplyError: WRONGPASS invalid username-password pair or user is disabled.
    at parseError (/Users/adrianfranciscoperezgomez/Desktop/Personal Apps/vult-intel/node_modules/redis-parser/lib/parser.js:179:12)
    at parseType (/Users/adrianfranciscoperezgomez/Desktop/Personal Apps/vult-intel/node_modules/redis-parser/lib/parser.js:302:14) {
  command: { name: 'auth', args: [ 'IVB0VPnPl0urvQrpSKkbXLdEZBUfSHaP' ] }
}
ReplyError: WRONGPASS invalid username-password pair or user is disabled.
    at parseError (/Users/adrianfranciscoperezgomez/Desktop/Personal Apps/vult-intel/node_modules/redis-parser/lib/parser.js:179:12)
    at parseType (/Users/adrianfranciscoperezgomez/Desktop/Personal Apps/vult-intel/node_modules/redis-parser/lib/parser.js:302:14) {
  command: { name: 'auth', args: [ 'IVB0VPnPl0urvQrpSKkbXLdEZBUfSHaP' ] }
}
ReplyError: WRONGPASS invalid username-password pair or user is disabled.
    at parseError (/Users/adrianfranciscoperezgomez/Desktop/Personal Apps/vult-intel/node_modules/redis-parser/lib/parser.js:179:12)
    at parseType (/Users/adrianfranciscoperezgomez/Desktop/Personal Apps/vult-intel/node_modules/redis-parser/lib/parser.js:302:14) {
  command: { name: 'auth', args: [ 'IVB0VPnPl0urvQrpSKkbXLdEZBUfSHaP' ] }
}
Connected to Redis for persistence
Redis connection error: ReplyError: WRONGPASS invalid username-password pair or user is disabled.
    at parseError (/Users/adrianfranciscoperezgomez/Desktop/Personal Apps/vult-intel/node_modules/redis-parser/lib/parser.js:179:12)
    at parseType (/Users/adrianfranciscoperezgomez/Desktop/Personal Apps/vult-intel/node_modules/redis-parser/lib/parser.js:302:14) {
  command: { name: 'auth', args: [ 'IVB0VPnPl0urvQrpSKkbXLdEZBUfSHaP' ] }
}
ReplyError: WRONGPASS invalid username-password pair or user is disabled.
    at parseError (/Users/adrianfranciscoperezgomez/Desktop/Personal Apps/vult-intel/node_modules/redis-parser/lib/parser.js:179:12)
    at parseType (/Users/adrianfranciscoperezgomez/Desktop/Personal Apps/vult-intel/node_modules/redis-parser/lib/parser.js:302:14) {
  command: { name: 'auth', args: [ 'IVB0VPnPl0urvQrpSKkbXLdEZBUfSHaP' ] }
}
ReplyError: WRONGPASS invalid username-password pair or user is disabled.
    at parseError (/Users/adrianfranciscoperezgomez/Desktop/Personal Apps/vult-intel/node_modules/redis-parser/lib/parser.js:179:12)
    at parseType (/Users/adrianfranciscoperezgomez/Desktop/Personal Apps/vult-intel/node_modules/redis-parser/lib/parser.js:302:14) {
  command: { name: 'auth', args: [ 'IVB0VPnPl0urvQrpSKkbXLdEZBUfSHaP' ] }
}
ReplyError: WRONGPASS invalid username-password pair or user is disabled.
    at parseError (/Users/adrianfranciscoperezgomez/Desktop/Personal Apps/vult-intel/node_modules/redis-parser/lib/parser.js:179:12)
    at parseType (/Users/adrianfranciscoperezgomez/Desktop/Personal Apps/vult-intel/node_modules/redis-parser/lib/parser.js:302:14) {
  command: { name: 'auth', args: [ 'IVB0VPnPl0urvQrpSKkbXLdEZBUfSHaP' ] }
}
ReplyError: WRONGPASS invalid username-password pair or user is disabled.
    at parseError (/Users/adrianfranciscoperezgomez/Desktop/Personal Apps/vult-intel/node_modules/redis-parser/lib/parser.js:179:12)
    at parseType (/Users/adrianfranciscoperezgomez/Desktop/Personal Apps/vult-intel/node_modules/redis-parser/lib/parser.js:302:14) {
  command: { name: 'auth', args: [ 'IVB0VPnPl0urvQrpSKkbXLdEZBUfSHaP' ] }
}
ReplyError: WRONGPASS invalid username-password pair or user is disabled.
    at parseError (/Users/adrianfranciscoperezgomez/Desktop/Personal Apps/vult-intel/node_modules/redis-parser/lib/parser.js:179:12)
    at parseType (/Users/adrianfranciscoperezgomez/Desktop/Personal Apps/vult-intel/node_modules/redis-parser/lib/parser.js:302:14) {
  command: { name: 'auth', args: [ 'IVB0VPnPl0urvQrpSKkbXLdEZBUfSHaP' ] }
}
Connected to Redis for persistence
ReplyError: WRONGPASS invalid username-password pair or user is disabled.
    at parseError (/Users/adrianfranciscoperezgomez/Desktop/Personal Apps/vult-intel/node_modules/redis-parser/lib/parser.js:179:12)
    at parseType (/Users/adrianfranciscoperezgomez/Desktop/Personal Apps/vult-intel/node_modules/redis-parser/lib/parser.js:302:14) {
  command: { name: 'auth', args: [ 'IVB0VPnPl0urvQrpSKkbXLdEZBUfSHaP' ] }
}
Redis connection error: ReplyError: WRONGPASS invalid username-password pair or user is disabled.
    at parseError (/Users/adrianfranciscoperezgomez/Desktop/Personal Apps/vult-intel/node_modules/redis-parser/lib/parser.js:179:12)
    at parseType (/Users/adrianfranciscoperezgomez/Desktop/Personal Apps/vult-intel/node_modules/redis-parser/lib/parser.js:302:14) {
  command: { name: 'auth', args: [ 'IVB0VPnPl0urvQrpSKkbXLdEZBUfSHaP' ] }
}
ReplyError: WRONGPASS invalid username-password pair or user is disabled.
    at parseError (/Users/adrianfranciscoperezgomez/Desktop/Personal Apps/vult-intel/node_modules/redis-parser/lib/parser.js:179:12)
    at parseType (/Users/adrianfranciscoperezgomez/Desktop/Personal Apps/vult-intel/node_modules/redis-parser/lib/parser.js:302:14) {
  command: { name: 'auth', args: [ 'IVB0VPnPl0urvQrpSKkbXLdEZBUfSHaP' ] }
}
ReplyError: WRONGPASS invalid username-password pair or user is disabled.
    at parseError (/Users/adrianfranciscoperezgomez/Desktop/Personal Apps/vult-intel/node_modules/redis-parser/lib/parser.js:179:12)
    at parseType (/Users/adrianfranciscoperezgomez/Desktop/Personal Apps/vult-intel/node_modules/redis-parser/lib/parser.js:302:14) {
  command: { name: 'auth', args: [ 'IVB0VPnPl0urvQrpSKkbXLdEZBUfSHaP' ] }
}
ReplyError: WRONGPASS invalid username-password pair or user is disabled.
    at parseError (/Users/adrianfranciscoperezgomez/Desktop/Personal Apps/vult-intel/node_modules/redis-parser/lib/parser.js:179:12)
    at parseType (/Users/adrianfranciscoperezgomez/Desktop/Personal Apps/vult-intel/node_modules/redis-parser/lib/parser.js:302:14) {
  command: { name: 'auth', args: [ 'IVB0VPnPl0urvQrpSKkbXLdEZBUfSHaP' ] }
}
ReplyError: WRONGPASS invalid username-password pair or user is disabled.
    at parseError (/Users/adrianfranciscoperezgomez/Desktop/Personal Apps/vult-intel/node_modules/redis-parser/lib/parser.js:179:12)
    at parseType (/Users/adrianfranciscoperezgomez/Desktop/Personal Apps/vult-intel/node_modules/redis-parser/lib/parser.js:302:14) {
  command: { name: 'auth', args: [ 'IVB0VPnPl0urvQrpSKkbXLdEZBUfSHaP' ] }
}
ReplyError: WRONGPASS invalid username-password pair or user is disabled.
    at parseError (/Users/adrianfranciscoperezgomez/Desktop/Personal Apps/vult-intel/node_modules/redis-parser/lib/parser.js:179:12)
    at parseType (/Users/adrianfranciscoperezgomez/Desktop/Personal Apps/vult-intel/node_modules/redis-parser/lib/parser.js:302:14) {
  command: { name: 'auth', args: [ 'IVB0VPnPl0urvQrpSKkbXLdEZBUfSHaP' ] }
}
ReplyError: WRONGPASS invalid username-password pair or user is disabled.
    at parseError (/Users/adrianfranciscoperezgomez/Desktop/Personal Apps/vult-intel/node_modules/redis-parser/lib/parser.js:179:12)
    at parseType (/Users/adrianfranciscoperezgomez/Desktop/Personal Apps/vult-intel/node_modules/redis-parser/lib/parser.js:302:14) {
  command: { name: 'auth', args: [ 'IVB0VPnPl0urvQrpSKkbXLdEZBUfSHaP' ] }
}
Connected to Redis for persistence
Redis connection error: ReplyError: WRONGPASS invalid username-password pair or user is disabled.
    at parseError (/Users/adrianfranciscoperezgomez/Desktop/Personal Apps/vult-intel/node_modules/redis-parser/lib/parser.js:179:12)
    at parseType (/Users/adrianfranciscoperezgomez/Desktop/Personal Apps/vult-intel/node_modules/redis-parser/lib/parser.js:302:14) {
  command: { name: 'auth', args: [ 'IVB0VPnPl0urvQrpSKkbXLdEZBUfSHaP' ] }
}
ReplyError: WRONGPASS invalid username-password pair or user is disabled.
    at parseError (/Users/adrianfranciscoperezgomez/Desktop/Personal Apps/vult-intel/node_modules/redis-parser/lib/parser.js:179:12)
    at parseType (/Users/adrianfranciscoperezgomez/Desktop/Personal Apps/vult-intel/node_modules/redis-parser/lib/parser.js:302:14) {
  command: { name: 'auth', args: [ 'IVB0VPnPl0urvQrpSKkbXLdEZBUfSHaP' ] }
}
ReplyError: WRONGPASS invalid username-password pair or user is disabled.
    at parseError (/Users/adrianfranciscoperezgomez/Desktop/Personal Apps/vult-intel/node_modules/redis-parser/lib/parser.js:179:12)
    at parseType (/Users/adrianfranciscoperezgomez/Desktop/Personal Apps/vult-intel/node_modules/redis-parser/lib/parser.js:302:14) {
  command: { name: 'auth', args: [ 'IVB0VPnPl0urvQrpSKkbXLdEZBUfSHaP' ] }
}
ReplyError: WRONGPASS invalid username-password pair or user is disabled.
    at parseError (/Users/adrianfranciscoperezgomez/Desktop/Personal Apps/vult-intel/node_modules/redis-parser/lib/parser.js:179:12)
    at parseType (/Users/adrianfranciscoperezgomez/Desktop/Personal Apps/vult-intel/node_modules/redis-parser/lib/parser.js:302:14) {
  command: { name: 'auth', args: [ 'IVB0VPnPl0urvQrpSKkbXLdEZBUfSHaP' ] }
}
ReplyError: WRONGPASS invalid username-password pair or user is disabled.
    at parseError (/Users/adrianfranciscoperezgomez/Desktop/Personal Apps/vult-intel/node_modules/redis-parser/lib/parser.js:179:12)
    at parseType (/Users/adrianfranciscoperezgomez/Desktop/Personal Apps/vult-intel/node_modules/redis-parser/lib/parser.js:302:14) {
  command: { name: 'auth', args: [ 'IVB0VPnPl0urvQrpSKkbXLdEZBUfSHaP' ] }
}
ReplyError: WRONGPASS invalid username-password pair or user is disabled.
    at parseError (/Users/adrianfranciscoperezgomez/Desktop/Personal Apps/vult-intel/node_modules/redis-parser/lib/parser.js:179:12)
    at parseType (/Users/adrianfranciscoperezgomez/Desktop/Personal Apps/vult-intel/node_modules/redis-parser/lib/parser.js:302:14) {
  command: { name: 'auth', args: [ 'IVB0VPnPl0urvQrpSKkbXLdEZBUfSHaP' ] }
}
ReplyError: WRONGPASS invalid username-password pair or user is disabled.
    at parseError (/Users/adrianfranciscoperezgomez/Desktop/Personal Apps/vult-intel/node_modules/redis-parser/lib/parser.js:179:12)
    at parseType (/Users/adrianfranciscoperezgomez/Desktop/Personal Apps/vult-intel/node_modules/redis-parser/lib/parser.js:302:14) {
  command: { name: 'auth', args: [ 'IVB0VPnPl0urvQrpSKkbXLdEZBUfSHaP' ] }
}
Connected to Redis for persistence
Redis connection error: ReplyError: WRONGPASS invalid username-password pair or user is disabled.
    at parseError (/Users/adrianfranciscoperezgomez/Desktop/Personal Apps/vult-intel/node_modules/redis-parser/lib/parser.js:179:12)
    at parseType (/Users/adrianfranciscoperezgomez/Desktop/Personal Apps/vult-intel/node_modules/redis-parser/lib/parser.js:302:14) {
  command: { name: 'auth', args: [ 'IVB0VPnPl0urvQrpSKkbXLdEZBUfSHaP' ] }
}
ReplyError: WRONGPASS invalid username-password pair or user is disabled.
    at parseError (/Users/adrianfranciscoperezgomez/Desktop/Personal Apps/vult-intel/node_modules/redis-parser/lib/parser.js:179:12)
    at parseType (/Users/adrianfranciscoperezgomez/Desktop/Personal Apps/vult-intel/node_modules/redis-parser/lib/parser.js:302:14) {
  command: { name: 'auth', args: [ 'IVB0VPnPl0urvQrpSKkbXLdEZBUfSHaP' ] }
}
ReplyError: WRONGPASS invalid username-password pair or user is disabled.
    at parseError (/Users/adrianfranciscoperezgomez/Desktop/Personal Apps/vult-intel/node_modules/redis-parser/lib/parser.js:179:12)
    at parseType (/Users/adrianfranciscoperezgomez/Desktop/Personal Apps/vult-intel/node_modules/redis-parser/lib/parser.js:302:14) {
  command: { name: 'auth', args: [ 'IVB0VPnPl0urvQrpSKkbXLdEZBUfSHaP' ] }
}
ReplyError: WRONGPASS invalid username-password pair or user is disabled.
    at parseError (/Users/adrianfranciscoperezgomez/Desktop/Personal Apps/vult-intel/node_modules/redis-parser/lib/parser.js:179:12)
    at parseType (/Users/adrianfranciscoperezgomez/Desktop/Personal Apps/vult-intel/node_modules/redis-parser/lib/parser.js:302:14) {
  command: { name: 'auth', args: [ 'IVB0VPnPl0urvQrpSKkbXLdEZBUfSHaP' ] }
}
ReplyError: WRONGPASS invalid username-password pair or user is disabled.
    at parseError (/Users/adrianfranciscoperezgomez/Desktop/Personal Apps/vult-intel/node_modules/redis-parser/lib/parser.js:179:12)
    at parseType (/Users/adrianfranciscoperezgomez/Desktop/Personal Apps/vult-intel/node_modules/redis-parser/lib/parser.js:302:14) {
  command: { name: 'auth', args: [ 'IVB0VPnPl0urvQrpSKkbXLdEZBUfSHaP' ] }
}
ReplyError: WRONGPASS invalid username-password pair or user is disabled.
    at parseError (/Users/adrianfranciscoperezgomez/Desktop/Personal Apps/vult-intel/node_modules/redis-parser/lib/parser.js:179:12)
    at parseType (/Users/adrianfranciscoperezgomez/Desktop/Personal Apps/vult-intel/node_modules/redis-parser/lib/parser.js:302:14) {
  command: { name: 'auth', args: [ 'IVB0VPnPl0urvQrpSKkbXLdEZBUfSHaP' ] }
}
ReplyError: WRONGPASS invalid username-password pair or user is disabled.
    at parseError (/Users/adrianfranciscoperezgomez/Desktop/Personal Apps/vult-intel/node_modules/redis-parser/lib/parser.js:179:12)
    at parseType (/Users/adrianfranciscoperezgomez/Desktop/Personal Apps/vult-intel/node_modules/redis-parser/lib/parser.js:302:14) {
  command: { name: 'auth', args: [ 'IVB0VPnPl0urvQrpSKkbXLdEZBUfSHaP' ] }
}
Connected to Redis for persistence
Redis connection error: ReplyError: WRONGPASS invalid username-password pair or user is disabled.
    at parseError (/Users/adrianfranciscoperezgomez/Desktop/Personal Apps/vult-intel/node_modules/redis-parser/lib/parser.js:179:12)
    at parseType (/Users/adrianfranciscoperezgomez/Desktop/Personal Apps/vult-intel/node_modules/redis-parser/lib/parser.js:302:14) {
  command: { name: 'auth', args: [ 'IVB0VPnPl0urvQrpSKkbXLdEZBUfSHaP' ] }
}
ReplyError: WRONGPASS invalid username-password pair or user is disabled.
    at parseError (/Users/adrianfranciscoperezgomez/Desktop/Personal Apps/vult-intel/node_modules/redis-parser/lib/parser.js:179:12)
    at parseType (/Users/adrianfranciscoperezgomez/Desktop/Personal Apps/vult-intel/node_modules/redis-parser/lib/parser.js:302:14) {
  command: { name: 'auth', args: [ 'IVB0VPnPl0urvQrpSKkbXLdEZBUfSHaP' ] }
}
ReplyError: WRONGPASS invalid username-password pair or user is disabled.
    at parseError (/Users/adrianfranciscoperezgomez/Desktop/Personal Apps/vult-intel/node_modules/redis-parser/lib/parser.js:179:12)
    at parseType (/Users/adrianfranciscoperezgomez/Desktop/Personal Apps/vult-intel/node_modules/redis-parser/lib/parser.js:302:14) {
  command: { name: 'auth', args: [ 'IVB0VPnPl0urvQrpSKkbXLdEZBUfSHaP' ] }
}
ReplyError: WRONGPASS invalid username-password pair or user is disabled.
    at parseError (/Users/adrianfranciscoperezgomez/Desktop/Personal Apps/vult-intel/node_modules/redis-parser/lib/parser.js:179:12)
    at parseType (/Users/adrianfranciscoperezgomez/Desktop/Personal Apps/vult-intel/node_modules/redis-parser/lib/parser.js:302:14) {
  command: { name: 'auth', args: [ 'IVB0VPnPl0urvQrpSKkbXLdEZBUfSHaP' ] }
}
ReplyError: WRONGPASS invalid username-password pair or user is disabled.
    at parseError (/Users/adrianfranciscoperezgomez/Desktop/Personal Apps/vult-intel/node_modules/redis-parser/lib/parser.js:179:12)
    at parseType (/Users/adrianfranciscoperezgomez/Desktop/Personal Apps/vult-intel/node_modules/redis-parser/lib/parser.js:302:14) {
  command: { name: 'auth', args: [ 'IVB0VPnPl0urvQrpSKkbXLdEZBUfSHaP' ] }
}
ReplyError: WRONGPASS invalid username-password pair or user is disabled.
    at parseError (/Users/adrianfranciscoperezgomez/Desktop/Personal Apps/vult-intel/node_modules/redis-parser/lib/parser.js:179:12)
    at parseType (/Users/adrianfranciscoperezgomez/Desktop/Personal Apps/vult-intel/node_modules/redis-parser/lib/parser.js:302:14) {
  command: { name: 'auth', args: [ 'IVB0VPnPl0urvQrpSKkbXLdEZBUfSHaP' ] }
}
Connected to Redis for persistence
ReplyError: WRONGPASS invalid username-password pair or user is disabled.
    at parseError (/Users/adrianfranciscoperezgomez/Desktop/Personal Apps/vult-intel/node_modules/redis-parser/lib/parser.js:179:12)
    at parseType (/Users/adrianfranciscoperezgomez/Desktop/Personal Apps/vult-intel/node_modules/redis-parser/lib/parser.js:302:14) {
  command: { name: 'auth', args: [ 'IVB0VPnPl0urvQrpSKkbXLdEZBUfSHaP' ] }
}
Redis connection error: ReplyError: WRONGPASS invalid username-password pair or user is disabled.
    at parseError (/Users/adrianfranciscoperezgomez/Desktop/Personal Apps/vult-intel/node_modules/redis-parser/lib/parser.js:179:12)
    at parseType (/Users/adrianfranciscoperezgomez/Desktop/Personal Apps/vult-intel/node_modules/redis-parser/lib/parser.js:302:14) {
  command: { name: 'auth', args: [ 'IVB0VPnPl0urvQrpSKkbXLdEZBUfSHaP' ] }
}
ReplyError: WRONGPASS invalid username-password pair or user is disabled.
    at parseError (/Users/adrianfranciscoperezgomez/Desktop/Personal Apps/vult-intel/node_modules/redis-parser/lib/parser.js:179:12)
    at parseType (/Users/adrianfranciscoperezgomez/Desktop/Personal Apps/vult-intel/node_modules/redis-parser/lib/parser.js:302:14) {
  command: { name: 'auth', args: [ 'IVB0VPnPl0urvQrpSKkbXLdEZBUfSHaP' ] }
}
ReplyError: WRONGPASS invalid username-password pair or user is disabled.
    at parseError (/Users/adrianfranciscoperezgomez/Desktop/Personal Apps/vult-intel/node_modules/redis-parser/lib/parser.js:179:12)
    at parseType (/Users/adrianfranciscoperezgomez/Desktop/Personal Apps/vult-intel/node_modules/redis-parser/lib/parser.js:302:14) {
  command: { name: 'auth', args: [ 'IVB0VPnPl0urvQrpSKkbXLdEZBUfSHaP' ] }
}
ReplyError: WRONGPASS invalid username-password pair or user is disabled.
    at parseError (/Users/adrianfranciscoperezgomez/Desktop/Personal Apps/vult-intel/node_modules/redis-parser/lib/parser.js:179:12)
    at parseType (/Users/adrianfranciscoperezgomez/Desktop/Personal Apps/vult-intel/node_modules/redis-parser/lib/parser.js:302:14) {
  command: { name: 'auth', args: [ 'IVB0VPnPl0urvQrpSKkbXLdEZBUfSHaP' ] }
}
ReplyError: WRONGPASS invalid username-password pair or user is disabled.
    at parseError (/Users/adrianfranciscoperezgomez/Desktop/Personal Apps/vult-intel/node_modules/redis-parser/lib/parser.js:179:12)
    at parseType (/Users/adrianfranciscoperezgomez/Desktop/Personal Apps/vult-intel/node_modules/redis-parser/lib/parser.js:302:14) {
  command: { name: 'auth', args: [ 'IVB0VPnPl0urvQrpSKkbXLdEZBUfSHaP' ] }
}
ReplyError: WRONGPASS invalid username-password pair or user is disabled.
    at parseError (/Users/adrianfranciscoperezgomez/Desktop/Personal Apps/vult-intel/node_modules/redis-parser/lib/parser.js:179:12)
    at parseType (/Users/adrianfranciscoperezgomez/Desktop/Personal Apps/vult-intel/node_modules/redis-parser/lib/parser.js:302:14) {
  command: { name: 'auth', args: [ 'IVB0VPnPl0urvQrpSKkbXLdEZBUfSHaP' ] }
}
ReplyError: WRONGPASS invalid username-password pair or user is disabled.
    at parseError (/Users/adrianfranciscoperezgomez/Desktop/Personal Apps/vult-intel/node_modules/redis-parser/lib/parser.js:179:12)
    at parseType (/Users/adrianfranciscoperezgomez/Desktop/Personal Apps/vult-intel/node_modules/redis-parser/lib/parser.js:302:14) {
  command: { name: 'auth', args: [ 'IVB0VPnPl0urvQrpSKkbXLdEZBUfSHaP' ] }
}
Connected to Redis for persistence
Redis connection error: ReplyError: WRONGPASS invalid username-password pair or user is disabled.
    at parseError (/Users/adrianfranciscoperezgomez/Desktop/Personal Apps/vult-intel/node_modules/redis-parser/lib/parser.js:179:12)
    at parseType (/Users/adrianfranciscoperezgomez/Desktop/Personal Apps/vult-intel/node_modules/redis-parser/lib/parser.js:302:14) {
  command: { name: 'auth', args: [ 'IVB0VPnPl0urvQrpSKkbXLdEZBUfSHaP' ] }
}
ReplyError: WRONGPASS invalid username-password pair or user is disabled.
    at parseError (/Users/adrianfranciscoperezgomez/Desktop/Personal Apps/vult-intel/node_modules/redis-parser/lib/parser.js:179:12)
    at parseType (/Users/adrianfranciscoperezgomez/Desktop/Personal Apps/vult-intel/node_modules/redis-parser/lib/parser.js:302:14) {
  command: { name: 'auth', args: [ 'IVB0VPnPl0urvQrpSKkbXLdEZBUfSHaP' ] }
}
ReplyError: WRONGPASS invalid username-password pair or user is disabled.
    at parseError (/Users/adrianfranciscoperezgomez/Desktop/Personal Apps/vult-intel/node_modules/redis-parser/lib/parser.js:179:12)
    at parseType (/Users/adrianfranciscoperezgomez/Desktop/Personal Apps/vult-intel/node_modules/redis-parser/lib/parser.js:302:14) {
  command: { name: 'auth', args: [ 'IVB0VPnPl0urvQrpSKkbXLdEZBUfSHaP' ] }
}
ReplyError: WRONGPASS invalid username-password pair or user is disabled.
    at parseError (/Users/adrianfranciscoperezgomez/Desktop/Personal Apps/vult-intel/node_modules/redis-parser/lib/parser.js:179:12)
    at parseType (/Users/adrianfranciscoperezgomez/Desktop/Personal Apps/vult-intel/node_modules/redis-parser/lib/parser.js:302:14) {
  command: { name: 'auth', args: [ 'IVB0VPnPl0urvQrpSKkbXLdEZBUfSHaP' ] }
}
ReplyError: WRONGPASS invalid username-password pair or user is disabled.
    at parseError (/Users/adrianfranciscoperezgomez/Desktop/Personal Apps/vult-intel/node_modules/redis-parser/lib/parser.js:179:12)
    at parseType (/Users/adrianfranciscoperezgomez/Desktop/Personal Apps/vult-intel/node_modules/redis-parser/lib/parser.js:302:14) {
  command: { name: 'auth', args: [ 'IVB0VPnPl0urvQrpSKkbXLdEZBUfSHaP' ] }
}
ReplyError: WRONGPASS invalid username-password pair or user is disabled.
    at parseError (/Users/adrianfranciscoperezgomez/Desktop/Personal Apps/vult-intel/node_modules/redis-parser/lib/parser.js:179:12)
    at parseType (/Users/adrianfranciscoperezgomez/Desktop/Personal Apps/vult-intel/node_modules/redis-parser/lib/parser.js:302:14) {
  command: { name: 'auth', args: [ 'IVB0VPnPl0urvQrpSKkbXLdEZBUfSHaP' ] }
}
ReplyError: WRONGPASS invalid username-password pair or user is disabled.
    at parseError (/Users/adrianfranciscoperezgomez/Desktop/Personal Apps/vult-intel/node_modules/redis-parser/lib/parser.js:179:12)
    at parseType (/Users/adrianfranciscoperezgomez/Desktop/Personal Apps/vult-intel/node_modules/redis-parser/lib/parser.js:302:14) {
  command: { name: 'auth', args: [ 'IVB0VPnPl0urvQrpSKkbXLdEZBUfSHaP' ] }
}
Connected to Redis for persistence
Redis connection error: ReplyError: WRONGPASS invalid username-password pair or user is disabled.
    at parseError (/Users/adrianfranciscoperezgomez/Desktop/Personal Apps/vult-intel/node_modules/redis-parser/lib/parser.js:179:12)
    at parseType (/Users/adrianfranciscoperezgomez/Desktop/Personal Apps/vult-intel/node_modules/redis-parser/lib/parser.js:302:14) {
  command: { name: 'auth', args: [ 'IVB0VPnPl0urvQrpSKkbXLdEZBUfSHaP' ] }
}
ReplyError: WRONGPASS invalid username-password pair or user is disabled.
    at parseError (/Users/adrianfranciscoperezgomez/Desktop/Personal Apps/vult-intel/node_modules/redis-parser/lib/parser.js:179:12)
    at parseType (/Users/adrianfranciscoperezgomez/Desktop/Personal Apps/vult-intel/node_modules/redis-parser/lib/parser.js:302:14) {
  command: { name: 'auth', args: [ 'IVB0VPnPl0urvQrpSKkbXLdEZBUfSHaP' ] }
}
ReplyError: WRONGPASS invalid username-password pair or user is disabled.
    at parseError (/Users/adrianfranciscoperezgomez/Desktop/Personal Apps/vult-intel/node_modules/redis-parser/lib/parser.js:179:12)
    at parseType (/Users/adrianfranciscoperezgomez/Desktop/Personal Apps/vult-intel/node_modules/redis-parser/lib/parser.js:302:14) {
  command: { name: 'auth', args: [ 'IVB0VPnPl0urvQrpSKkbXLdEZBUfSHaP' ] }
}
ReplyError: WRONGPASS invalid username-password pair or user is disabled.
    at parseError (/Users/adrianfranciscoperezgomez/Desktop/Personal Apps/vult-intel/node_modules/redis-parser/lib/parser.js:179:12)
    at parseType (/Users/adrianfranciscoperezgomez/Desktop/Personal Apps/vult-intel/node_modules/redis-parser/lib/parser.js:302:14) {
  command: { name: 'auth', args: [ 'IVB0VPnPl0urvQrpSKkbXLdEZBUfSHaP' ] }
}
ReplyError: WRONGPASS invalid username-password pair or user is disabled.
    at parseError (/Users/adrianfranciscoperezgomez/Desktop/Personal Apps/vult-intel/node_modules/redis-parser/lib/parser.js:179:12)
    at parseType (/Users/adrianfranciscoperezgomez/Desktop/Personal Apps/vult-intel/node_modules/redis-parser/lib/parser.js:302:14) {
  command: { name: 'auth', args: [ 'IVB0VPnPl0urvQrpSKkbXLdEZBUfSHaP' ] }
}
ReplyError: WRONGPASS invalid username-password pair or user is disabled.
    at parseError (/Users/adrianfranciscoperezgomez/Desktop/Personal Apps/vult-intel/node_modules/redis-parser/lib/parser.js:179:12)
    at parseType (/Users/adrianfranciscoperezgomez/Desktop/Personal Apps/vult-intel/node_modules/redis-parser/lib/parser.js:302:14) {
  command: { name: 'auth', args: [ 'IVB0VPnPl0urvQrpSKkbXLdEZBUfSHaP' ] }
}
ReplyError: WRONGPASS invalid username-password pair or user is disabled.
    at parseError (/Users/adrianfranciscoperezgomez/Desktop/Personal Apps/vult-intel/node_modules/redis-parser/lib/parser.js:179:12)
    at parseType (/Users/adrianfranciscoperezgomez/Desktop/Personal Apps/vult-intel/node_modules/redis-parser/lib/parser.js:302:14) {
  command: { name: 'auth', args: [ 'IVB0VPnPl0urvQrpSKkbXLdEZBUfSHaP' ] }
}
Connected to Redis for persistence
Redis connection error: ReplyError: WRONGPASS invalid username-password pair or user is disabled.
    at parseError (/Users/adrianfranciscoperezgomez/Desktop/Personal Apps/vult-intel/node_modules/redis-parser/lib/parser.js:179:12)
    at parseType (/Users/adrianfranciscoperezgomez/Desktop/Personal Apps/vult-intel/node_modules/redis-parser/lib/parser.js:302:14) {
  command: { name: 'auth', args: [ 'IVB0VPnPl0urvQrpSKkbXLdEZBUfSHaP' ] }
}
ReplyError: WRONGPASS invalid username-password pair or user is disabled.
    at parseError (/Users/adrianfranciscoperezgomez/Desktop/Personal Apps/vult-intel/node_modules/redis-parser/lib/parser.js:179:12)
    at parseType (/Users/adrianfranciscoperezgomez/Desktop/Personal Apps/vult-intel/node_modules/redis-parser/lib/parser.js:302:14) {
  command: { name: 'auth', args: [ 'IVB0VPnPl0urvQrpSKkbXLdEZBUfSHaP' ] }
}
ReplyError: WRONGPASS invalid username-password pair or user is disabled.
    at parseError (/Users/adrianfranciscoperezgomez/Desktop/Personal Apps/vult-intel/node_modules/redis-parser/lib/parser.js:179:12)
    at parseType (/Users/adrianfranciscoperezgomez/Desktop/Personal Apps/vult-intel/node_modules/redis-parser/lib/parser.js:302:14) {
  command: { name: 'auth', args: [ 'IVB0VPnPl0urvQrpSKkbXLdEZBUfSHaP' ] }
}
ReplyError: WRONGPASS invalid username-password pair or user is disabled.
    at parseError (/Users/adrianfranciscoperezgomez/Desktop/Personal Apps/vult-intel/node_modules/redis-parser/lib/parser.js:179:12)
    at parseType (/Users/adrianfranciscoperezgomez/Desktop/Personal Apps/vult-intel/node_modules/redis-parser/lib/parser.js:302:14) {
  command: { name: 'auth', args: [ 'IVB0VPnPl0urvQrpSKkbXLdEZBUfSHaP' ] }
}
ReplyError: WRONGPASS invalid username-password pair or user is disabled.
    at parseError (/Users/adrianfranciscoperezgomez/Desktop/Personal Apps/vult-intel/node_modules/redis-parser/lib/parser.js:179:12)
    at parseType (/Users/adrianfranciscoperezgomez/Desktop/Personal Apps/vult-intel/node_modules/redis-parser/lib/parser.js:302:14) {
  command: { name: 'auth', args: [ 'IVB0VPnPl0urvQrpSKkbXLdEZBUfSHaP' ] }
}
ReplyError: WRONGPASS invalid username-password pair or user is disabled.
    at parseError (/Users/adrianfranciscoperezgomez/Desktop/Personal Apps/vult-intel/node_modules/redis-parser/lib/parser.js:179:12)
    at parseType (/Users/adrianfranciscoperezgomez/Desktop/Personal Apps/vult-intel/node_modules/redis-parser/lib/parser.js:302:14) {
  command: { name: 'auth', args: [ 'IVB0VPnPl0urvQrpSKkbXLdEZBUfSHaP' ] }
}
ReplyError: WRONGPASS invalid username-password pair or user is disabled.
    at parseError (/Users/adrianfranciscoperezgomez/Desktop/Personal Apps/vult-intel/node_modules/redis-parser/lib/parser.js:179:12)
    at parseType (/Users/adrianfranciscoperezgomez/Desktop/Personal Apps/vult-intel/node_modules/redis-parser/lib/parser.js:302:14) {
  command: { name: 'auth', args: [ 'IVB0VPnPl0urvQrpSKkbXLdEZBUfSHaP' ] }
}
Connected to Redis for persistence
Redis connection error: ReplyError: WRONGPASS invalid username-password pair or user is disabled.
    at parseError (/Users/adrianfranciscoperezgomez/Desktop/Personal Apps/vult-intel/node_modules/redis-parser/lib/parser.js:179:12)
    at parseType (/Users/adrianfranciscoperezgomez/Desktop/Personal Apps/vult-intel/node_modules/redis-parser/lib/parser.js:302:14) {
  command: { name: 'auth', args: [ 'IVB0VPnPl0urvQrpSKkbXLdEZBUfSHaP' ] }
}
ReplyError: WRONGPASS invalid username-password pair or user is disabled.
    at parseError (/Users/adrianfranciscoperezgomez/Desktop/Personal Apps/vult-intel/node_modules/redis-parser/lib/parser.js:179:12)
    at parseType (/Users/adrianfranciscoperezgomez/Desktop/Personal Apps/vult-intel/node_modules/redis-parser/lib/parser.js:302:14) {
  command: { name: 'auth', args: [ 'IVB0VPnPl0urvQrpSKkbXLdEZBUfSHaP' ] }
}
ReplyError: WRONGPASS invalid username-password pair or user is disabled.
    at parseError (/Users/adrianfranciscoperezgomez/Desktop/Personal Apps/vult-intel/node_modules/redis-parser/lib/parser.js:179:12)
    at parseType (/Users/adrianfranciscoperezgomez/Desktop/Personal Apps/vult-intel/node_modules/redis-parser/lib/parser.js:302:14) {
  command: { name: 'auth', args: [ 'IVB0VPnPl0urvQrpSKkbXLdEZBUfSHaP' ] }
}
ReplyError: WRONGPASS invalid username-password pair or user is disabled.
    at parseError (/Users/adrianfranciscoperezgomez/Desktop/Personal Apps/vult-intel/node_modules/redis-parser/lib/parser.js:179:12)
    at parseType (/Users/adrianfranciscoperezgomez/Desktop/Personal Apps/vult-intel/node_modules/redis-parser/lib/parser.js:302:14) {
  command: { name: 'auth', args: [ 'IVB0VPnPl0urvQrpSKkbXLdEZBUfSHaP' ] }
}
ReplyError: WRONGPASS invalid username-password pair or user is disabled.
    at parseError (/Users/adrianfranciscoperezgomez/Desktop/Personal Apps/vult-intel/node_modules/redis-parser/lib/parser.js:179:12)
    at parseType (/Users/adrianfranciscoperezgomez/Desktop/Personal Apps/vult-intel/node_modules/redis-parser/lib/parser.js:302:14) {
  command: { name: 'auth', args: [ 'IVB0VPnPl0urvQrpSKkbXLdEZBUfSHaP' ] }
}
ReplyError: WRONGPASS invalid username-password pair or user is disabled.
    at parseError (/Users/adrianfranciscoperezgomez/Desktop/Personal Apps/vult-intel/node_modules/redis-parser/lib/parser.js:179:12)
    at parseType (/Users/adrianfranciscoperezgomez/Desktop/Personal Apps/vult-intel/node_modules/redis-parser/lib/parser.js:302:14) {
  command: { name: 'auth', args: [ 'IVB0VPnPl0urvQrpSKkbXLdEZBUfSHaP' ] }
}
Connected to Redis for persistence
ReplyError: WRONGPASS invalid username-password pair or user is disabled.
    at parseError (/Users/adrianfranciscoperezgomez/Desktop/Personal Apps/vult-intel/node_modules/redis-parser/lib/parser.js:179:12)
    at parseType (/Users/adrianfranciscoperezgomez/Desktop/Personal Apps/vult-intel/node_modules/redis-parser/lib/parser.js:302:14) {
  command: { name: 'auth', args: [ 'IVB0VPnPl0urvQrpSKkbXLdEZBUfSHaP' ] }
}
Redis connection error: ReplyError: WRONGPASS invalid username-password pair or user is disabled.
    at parseError (/Users/adrianfranciscoperezgomez/Desktop/Personal Apps/vult-intel/node_modules/redis-parser/lib/parser.js:179:12)
    at parseType (/Users/adrianfranciscoperezgomez/Desktop/Personal Apps/vult-intel/node_modules/redis-parser/lib/parser.js:302:14) {
  command: { name: 'auth', args: [ 'IVB0VPnPl0urvQrpSKkbXLdEZBUfSHaP' ] }
}
ReplyError: WRONGPASS invalid username-password pair or user is disabled.
    at parseError (/Users/adrianfranciscoperezgomez/Desktop/Personal Apps/vult-intel/node_modules/redis-parser/lib/parser.js:179:12)
    at parseType (/Users/adrianfranciscoperezgomez/Desktop/Personal Apps/vult-intel/node_modules/redis-parser/lib/parser.js:302:14) {
  command: { name: 'auth', args: [ 'IVB0VPnPl0urvQrpSKkbXLdEZBUfSHaP' ] }
}
ReplyError: WRONGPASS invalid username-password pair or user is disabled.
    at parseError (/Users/adrianfranciscoperezgomez/Desktop/Personal Apps/vult-intel/node_modules/redis-parser/lib/parser.js:179:12)
    at parseType (/Users/adrianfranciscoperezgomez/Desktop/Personal Apps/vult-intel/node_modules/redis-parser/lib/parser.js:302:14) {
  command: { name: 'auth', args: [ 'IVB0VPnPl0urvQrpSKkbXLdEZBUfSHaP' ] }
}
ReplyError: WRONGPASS invalid username-password pair or user is disabled.
    at parseError (/Users/adrianfranciscoperezgomez/Desktop/Personal Apps/vult-intel/node_modules/redis-parser/lib/parser.js:179:12)
    at parseType (/Users/adrianfranciscoperezgomez/Desktop/Personal Apps/vult-intel/node_modules/redis-parser/lib/parser.js:302:14) {
  command: { name: 'auth', args: [ 'IVB0VPnPl0urvQrpSKkbXLdEZBUfSHaP' ] }
}
ReplyError: WRONGPASS invalid username-password pair or user is disabled.
    at parseError (/Users/adrianfranciscoperezgomez/Desktop/Personal Apps/vult-intel/node_modules/redis-parser/lib/parser.js:179:12)
    at parseType (/Users/adrianfranciscoperezgomez/Desktop/Personal Apps/vult-intel/node_modules/redis-parser/lib/parser.js:302:14) {
  command: { name: 'auth', args: [ 'IVB0VPnPl0urvQrpSKkbXLdEZBUfSHaP' ] }
}
ReplyError: WRONGPASS invalid username-password pair or user is disabled.
    at parseError (/Users/adrianfranciscoperezgomez/Desktop/Personal Apps/vult-intel/node_modules/redis-parser/lib/parser.js:179:12)
    at parseType (/Users/adrianfranciscoperezgomez/Desktop/Personal Apps/vult-intel/node_modules/redis-parser/lib/parser.js:302:14) {
  command: { name: 'auth', args: [ 'IVB0VPnPl0urvQrpSKkbXLdEZBUfSHaP' ] }
}
ReplyError: WRONGPASS invalid username-password pair or user is disabled.
    at parseError (/Users/adrianfranciscoperezgomez/Desktop/Personal Apps/vult-intel/node_modules/redis-parser/lib/parser.js:179:12)
    at parseType (/Users/adrianfranciscoperezgomez/Desktop/Personal Apps/vult-intel/node_modules/redis-parser/lib/parser.js:302:14) {
  command: { name: 'auth', args: [ 'IVB0VPnPl0urvQrpSKkbXLdEZBUfSHaP' ] }
}
Connected to Redis for persistence
Redis connection error: ReplyError: WRONGPASS invalid username-password pair or user is disabled.
    at parseError (/Users/adrianfranciscoperezgomez/Desktop/Personal Apps/vult-intel/node_modules/redis-parser/lib/parser.js:179:12)
    at parseType (/Users/adrianfranciscoperezgomez/Desktop/Personal Apps/vult-intel/node_modules/redis-parser/lib/parser.js:302:14) {
  command: { name: 'auth', args: [ 'IVB0VPnPl0urvQrpSKkbXLdEZBUfSHaP' ] }
}
ReplyError: WRONGPASS invalid username-password pair or user is disabled.
    at parseError (/Users/adrianfranciscoperezgomez/Desktop/Personal Apps/vult-intel/node_modules/redis-parser/lib/parser.js:179:12)
    at parseType (/Users/adrianfranciscoperezgomez/Desktop/Personal Apps/vult-intel/node_modules/redis-parser/lib/parser.js:302:14) {
  command: { name: 'auth', args: [ 'IVB0VPnPl0urvQrpSKkbXLdEZBUfSHaP' ] }
}
ReplyError: WRONGPASS invalid username-password pair or user is disabled.
    at parseError (/Users/adrianfranciscoperezgomez/Desktop/Personal Apps/vult-intel/node_modules/redis-parser/lib/parser.js:179:12)
    at parseType (/Users/adrianfranciscoperezgomez/Desktop/Personal Apps/vult-intel/node_modules/redis-parser/lib/parser.js:302:14) {
  command: { name: 'auth', args: [ 'IVB0VPnPl0urvQrpSKkbXLdEZBUfSHaP' ] }
}
ReplyError: WRONGPASS invalid username-password pair or user is disabled.
    at parseError (/Users/adrianfranciscoperezgomez/Desktop/Personal Apps/vult-intel/node_modules/redis-parser/lib/parser.js:179:12)
    at parseType (/Users/adrianfranciscoperezgomez/Desktop/Personal Apps/vult-intel/node_modules/redis-parser/lib/parser.js:302:14) {
  command: { name: 'auth', args: [ 'IVB0VPnPl0urvQrpSKkbXLdEZBUfSHaP' ] }
}
ReplyError: WRONGPASS invalid username-password pair or user is disabled.
    at parseError (/Users/adrianfranciscoperezgomez/Desktop/Personal Apps/vult-intel/node_modules/redis-parser/lib/parser.js:179:12)
    at parseType (/Users/adrianfranciscoperezgomez/Desktop/Personal Apps/vult-intel/node_modules/redis-parser/lib/parser.js:302:14) {
  command: { name: 'auth', args: [ 'IVB0VPnPl0urvQrpSKkbXLdEZBUfSHaP' ] }
}
ReplyError: WRONGPASS invalid username-password pair or user is disabled.
    at parseError (/Users/adrianfranciscoperezgomez/Desktop/Personal Apps/vult-intel/node_modules/redis-parser/lib/parser.js:179:12)
    at parseType (/Users/adrianfranciscoperezgomez/Desktop/Personal Apps/vult-intel/node_modules/redis-parser/lib/parser.js:302:14) {
  command: { name: 'auth', args: [ 'IVB0VPnPl0urvQrpSKkbXLdEZBUfSHaP' ] }
}
ReplyError: WRONGPASS invalid username-password pair or user is disabled.
    at parseError (/Users/adrianfranciscoperezgomez/Desktop/Personal Apps/vult-intel/node_modules/redis-parser/lib/parser.js:179:12)
    at parseType (/Users/adrianfranciscoperezgomez/Desktop/Personal Apps/vult-intel/node_modules/redis-parser/lib/parser.js:302:14) {
  command: { name: 'auth', args: [ 'IVB0VPnPl0urvQrpSKkbXLdEZBUfSHaP' ] }
}
Connected to Redis for persistence
Redis connection error: ReplyError: WRONGPASS invalid username-password pair or user is disabled.
    at parseError (/Users/adrianfranciscoperezgomez/Desktop/Personal Apps/vult-intel/node_modules/redis-parser/lib/parser.js:179:12)
    at parseType (/Users/adrianfranciscoperezgomez/Desktop/Personal Apps/vult-intel/node_modules/redis-parser/lib/parser.js:302:14) {
  command: { name: 'auth', args: [ 'IVB0VPnPl0urvQrpSKkbXLdEZBUfSHaP' ] }
}
ReplyError: WRONGPASS invalid username-password pair or user is disabled.
    at parseError (/Users/adrianfranciscoperezgomez/Desktop/Personal Apps/vult-intel/node_modules/redis-parser/lib/parser.js:179:12)
    at parseType (/Users/adrianfranciscoperezgomez/Desktop/Personal Apps/vult-intel/node_modules/redis-parser/lib/parser.js:302:14) {
  command: { name: 'auth', args: [ 'IVB0VPnPl0urvQrpSKkbXLdEZBUfSHaP' ] }
}
ReplyError: WRONGPASS invalid username-password pair or user is disabled.
    at parseError (/Users/adrianfranciscoperezgomez/Desktop/Personal Apps/vult-intel/node_modules/redis-parser/lib/parser.js:179:12)
    at parseType (/Users/adrianfranciscoperezgomez/Desktop/Personal Apps/vult-intel/node_modules/redis-parser/lib/parser.js:302:14) {
  command: { name: 'auth', args: [ 'IVB0VPnPl0urvQrpSKkbXLdEZBUfSHaP' ] }
}
ReplyError: WRONGPASS invalid username-password pair or user is disabled.
    at parseError (/Users/adrianfranciscoperezgomez/Desktop/Personal Apps/vult-intel/node_modules/redis-parser/lib/parser.js:179:12)
    at parseType (/Users/adrianfranciscoperezgomez/Desktop/Personal Apps/vult-intel/node_modules/redis-parser/lib/parser.js:302:14) {
  command: { name: 'auth', args: [ 'IVB0VPnPl0urvQrpSKkbXLdEZBUfSHaP' ] }
}
ReplyError: WRONGPASS invalid username-password pair or user is disabled.
    at parseError (/Users/adrianfranciscoperezgomez/Desktop/Personal Apps/vult-intel/node_modules/redis-parser/lib/parser.js:179:12)
    at parseType (/Users/adrianfranciscoperezgomez/Desktop/Personal Apps/vult-intel/node_modules/redis-parser/lib/parser.js:302:14) {
  command: { name: 'auth', args: [ 'IVB0VPnPl0urvQrpSKkbXLdEZBUfSHaP' ] }
}
ReplyError: WRONGPASS invalid username-password pair or user is disabled.
    at parseError (/Users/adrianfranciscoperezgomez/Desktop/Personal Apps/vult-intel/node_modules/redis-parser/lib/parser.js:179:12)
    at parseType (/Users/adrianfranciscoperezgomez/Desktop/Personal Apps/vult-intel/node_modules/redis-parser/lib/parser.js:302:14) {
  command: { name: 'auth', args: [ 'IVB0VPnPl0urvQrpSKkbXLdEZBUfSHaP' ] }
}
ReplyError: WRONGPASS invalid username-password pair or user is disabled.
    at parseError (/Users/adrianfranciscoperezgomez/Desktop/Personal Apps/vult-intel/node_modules/redis-parser/lib/parser.js:179:12)
    at parseType (/Users/adrianfranciscoperezgomez/Desktop/Personal Apps/vult-intel/node_modules/redis-parser/lib/parser.js:302:14) {
  command: { name: 'auth', args: [ 'IVB0VPnPl0urvQrpSKkbXLdEZBUfSHaP' ] }
}
Connected to Redis for persistence
Redis connection error: ReplyError: WRONGPASS invalid username-password pair or user is disabled.
    at parseError (/Users/adrianfranciscoperezgomez/Desktop/Personal Apps/vult-intel/node_modules/redis-parser/lib/parser.js:179:12)
    at parseType (/Users/adrianfranciscoperezgomez/Desktop/Personal Apps/vult-intel/node_modules/redis-parser/lib/parser.js:302:14) {
  command: { name: 'auth', args: [ 'IVB0VPnPl0urvQrpSKkbXLdEZBUfSHaP' ] }
}
ReplyError: WRONGPASS invalid username-password pair or user is disabled.
    at parseError (/Users/adrianfranciscoperezgomez/Desktop/Personal Apps/vult-intel/node_modules/redis-parser/lib/parser.js:179:12)
    at parseType (/Users/adrianfranciscoperezgomez/Desktop/Personal Apps/vult-intel/node_modules/redis-parser/lib/parser.js:302:14) {
  command: { name: 'auth', args: [ 'IVB0VPnPl0urvQrpSKkbXLdEZBUfSHaP' ] }
}
ReplyError: WRONGPASS invalid username-password pair or user is disabled.
    at parseError (/Users/adrianfranciscoperezgomez/Desktop/Personal Apps/vult-intel/node_modules/redis-parser/lib/parser.js:179:12)
    at parseType (/Users/adrianfranciscoperezgomez/Desktop/Personal Apps/vult-intel/node_modules/redis-parser/lib/parser.js:302:14) {
  command: { name: 'auth', args: [ 'IVB0VPnPl0urvQrpSKkbXLdEZBUfSHaP' ] }
}
ReplyError: WRONGPASS invalid username-password pair or user is disabled.
    at parseError (/Users/adrianfranciscoperezgomez/Desktop/Personal Apps/vult-intel/node_modules/redis-parser/lib/parser.js:179:12)
    at parseType (/Users/adrianfranciscoperezgomez/Desktop/Personal Apps/vult-intel/node_modules/redis-parser/lib/parser.js:302:14) {
  command: { name: 'auth', args: [ 'IVB0VPnPl0urvQrpSKkbXLdEZBUfSHaP' ] }
}
ReplyError: WRONGPASS invalid username-password pair or user is disabled.
    at parseError (/Users/adrianfranciscoperezgomez/Desktop/Personal Apps/vult-intel/node_modules/redis-parser/lib/parser.js:179:12)
    at parseType (/Users/adrianfranciscoperezgomez/Desktop/Personal Apps/vult-intel/node_modules/redis-parser/lib/parser.js:302:14) {
  command: { name: 'auth', args: [ 'IVB0VPnPl0urvQrpSKkbXLdEZBUfSHaP' ] }
}
ReplyError: WRONGPASS invalid username-password pair or user is disabled.
    at parseError (/Users/adrianfranciscoperezgomez/Desktop/Personal Apps/vult-intel/node_modules/redis-parser/lib/parser.js:179:12)
    at parseType (/Users/adrianfranciscoperezgomez/Desktop/Personal Apps/vult-intel/node_modules/redis-parser/lib/parser.js:302:14) {
  command: { name: 'auth', args: [ 'IVB0VPnPl0urvQrpSKkbXLdEZBUfSHaP' ] }
}
Connected to Redis for persistence
ReplyError: WRONGPASS invalid username-password pair or user is disabled.
    at parseError (/Users/adrianfranciscoperezgomez/Desktop/Personal Apps/vult-intel/node_modules/redis-parser/lib/parser.js:179:12)
    at parseType (/Users/adrianfranciscoperezgomez/Desktop/Personal Apps/vult-intel/node_modules/redis-parser/lib/parser.js:302:14) {
  command: { name: 'auth', args: [ 'IVB0VPnPl0urvQrpSKkbXLdEZBUfSHaP' ] }
}
Redis connection error: ReplyError: WRONGPASS invalid username-password pair or user is disabled.
    at parseError (/Users/adrianfranciscoperezgomez/Desktop/Personal Apps/vult-intel/node_modules/redis-parser/lib/parser.js:179:12)
    at parseType (/Users/adrianfranciscoperezgomez/Desktop/Personal Apps/vult-intel/node_modules/redis-parser/lib/parser.js:302:14) {
  command: { name: 'auth', args: [ 'IVB0VPnPl0urvQrpSKkbXLdEZBUfSHaP' ] }
}
ReplyError: WRONGPASS invalid username-password pair or user is disabled.
    at parseError (/Users/adrianfranciscoperezgomez/Desktop/Personal Apps/vult-intel/node_modules/redis-parser/lib/parser.js:179:12)
    at parseType (/Users/adrianfranciscoperezgomez/Desktop/Personal Apps/vult-intel/node_modules/redis-parser/lib/parser.js:302:14) {
  command: { name: 'auth', args: [ 'IVB0VPnPl0urvQrpSKkbXLdEZBUfSHaP' ] }
}
ReplyError: WRONGPASS invalid username-password pair or user is disabled.
    at parseError (/Users/adrianfranciscoperezgomez/Desktop/Personal Apps/vult-intel/node_modules/redis-parser/lib/parser.js:179:12)
    at parseType (/Users/adrianfranciscoperezgomez/Desktop/Personal Apps/vult-intel/node_modules/redis-parser/lib/parser.js:302:14) {
  command: { name: 'auth', args: [ 'IVB0VPnPl0urvQrpSKkbXLdEZBUfSHaP' ] }
}
ReplyError: WRONGPASS invalid username-password pair or user is disabled.
    at parseError (/Users/adrianfranciscoperezgomez/Desktop/Personal Apps/vult-intel/node_modules/redis-parser/lib/parser.js:179:12)
    at parseType (/Users/adrianfranciscoperezgomez/Desktop/Personal Apps/vult-intel/node_modules/redis-parser/lib/parser.js:302:14) {
  command: { name: 'auth', args: [ 'IVB0VPnPl0urvQrpSKkbXLdEZBUfSHaP' ] }
}
ReplyError: WRONGPASS invalid username-password pair or user is disabled.
    at parseError (/Users/adrianfranciscoperezgomez/Desktop/Personal Apps/vult-intel/node_modules/redis-parser/lib/parser.js:179:12)
    at parseType (/Users/adrianfranciscoperezgomez/Desktop/Personal Apps/vult-intel/node_modules/redis-parser/lib/parser.js:302:14) {
  command: { name: 'auth', args: [ 'IVB0VPnPl0urvQrpSKkbXLdEZBUfSHaP' ] }
}
ReplyError: WRONGPASS invalid username-password pair or user is disabled.
    at parseError (/Users/adrianfranciscoperezgomez/Desktop/Personal Apps/vult-intel/node_modules/redis-parser/lib/parser.js:179:12)
    at parseType (/Users/adrianfranciscoperezgomez/Desktop/Personal Apps/vult-intel/node_modules/redis-parser/lib/parser.js:302:14) {
  command: { name: 'auth', args: [ 'IVB0VPnPl0urvQrpSKkbXLdEZBUfSHaP' ] }
}
ReplyError: WRONGPASS invalid username-password pair or user is disabled.
    at parseError (/Users/adrianfranciscoperezgomez/Desktop/Personal Apps/vult-intel/node_modules/redis-parser/lib/parser.js:179:12)
    at parseType (/Users/adrianfranciscoperezgomez/Desktop/Personal Apps/vult-intel/node_modules/redis-parser/lib/parser.js:302:14) {
  command: { name: 'auth', args: [ 'IVB0VPnPl0urvQrpSKkbXLdEZBUfSHaP' ] }
}
Connected to Redis for persistence
Redis connection error: ReplyError: WRONGPASS invalid username-password pair or user is disabled.
    at parseError (/Users/adrianfranciscoperezgomez/Desktop/Personal Apps/vult-intel/node_modules/redis-parser/lib/parser.js:179:12)
    at parseType (/Users/adrianfranciscoperezgomez/Desktop/Personal Apps/vult-intel/node_modules/redis-parser/lib/parser.js:302:14) {
  command: { name: 'auth', args: [ 'IVB0VPnPl0urvQrpSKkbXLdEZBUfSHaP' ] }
}
ReplyError: WRONGPASS invalid username-password pair or user is disabled.
    at parseError (/Users/adrianfranciscoperezgomez/Desktop/Personal Apps/vult-intel/node_modules/redis-parser/lib/parser.js:179:12)
    at parseType (/Users/adrianfranciscoperezgomez/Desktop/Personal Apps/vult-intel/node_modules/redis-parser/lib/parser.js:302:14) {
  command: { name: 'auth', args: [ 'IVB0VPnPl0urvQrpSKkbXLdEZBUfSHaP' ] }
}
ReplyError: WRONGPASS invalid username-password pair or user is disabled.
    at parseError (/Users/adrianfranciscoperezgomez/Desktop/Personal Apps/vult-intel/node_modules/redis-parser/lib/parser.js:179:12)
    at parseType (/Users/adrianfranciscoperezgomez/Desktop/Personal Apps/vult-intel/node_modules/redis-parser/lib/parser.js:302:14) {
  command: { name: 'auth', args: [ 'IVB0VPnPl0urvQrpSKkbXLdEZBUfSHaP' ] }
}
ReplyError: WRONGPASS invalid username-password pair or user is disabled.
    at parseError (/Users/adrianfranciscoperezgomez/Desktop/Personal Apps/vult-intel/node_modules/redis-parser/lib/parser.js:179:12)
    at parseType (/Users/adrianfranciscoperezgomez/Desktop/Personal Apps/vult-intel/node_modules/redis-parser/lib/parser.js:302:14) {
  command: { name: 'auth', args: [ 'IVB0VPnPl0urvQrpSKkbXLdEZBUfSHaP' ] }
}
ReplyError: WRONGPASS invalid username-password pair or user is disabled.
    at parseError (/Users/adrianfranciscoperezgomez/Desktop/Personal Apps/vult-intel/node_modules/redis-parser/lib/parser.js:179:12)
    at parseType (/Users/adrianfranciscoperezgomez/Desktop/Personal Apps/vult-intel/node_modules/redis-parser/lib/parser.js:302:14) {
  command: { name: 'auth', args: [ 'IVB0VPnPl0urvQrpSKkbXLdEZBUfSHaP' ] }
}
ReplyError: WRONGPASS invalid username-password pair or user is disabled.
    at parseError (/Users/adrianfranciscoperezgomez/Desktop/Personal Apps/vult-intel/node_modules/redis-parser/lib/parser.js:179:12)
    at parseType (/Users/adrianfranciscoperezgomez/Desktop/Personal Apps/vult-intel/node_modules/redis-parser/lib/parser.js:302:14) {
  command: { name: 'auth', args: [ 'IVB0VPnPl0urvQrpSKkbXLdEZBUfSHaP' ] }
}
ReplyError: WRONGPASS invalid username-password pair or user is disabled.
    at parseError (/Users/adrianfranciscoperezgomez/Desktop/Personal Apps/vult-intel/node_modules/redis-parser/lib/parser.js:179:12)
    at parseType (/Users/adrianfranciscoperezgomez/Desktop/Personal Apps/vult-intel/node_modules/redis-parser/lib/parser.js:302:14) {
  command: { name: 'auth', args: [ 'IVB0VPnPl0urvQrpSKkbXLdEZBUfSHaP' ] }
}
Connected to Redis for persistence
Redis connection error: ReplyError: WRONGPASS invalid username-password pair or user is disabled.
    at parseError (/Users/adrianfranciscoperezgomez/Desktop/Personal Apps/vult-intel/node_modules/redis-parser/lib/parser.js:179:12)
    at parseType (/Users/adrianfranciscoperezgomez/Desktop/Personal Apps/vult-intel/node_modules/redis-parser/lib/parser.js:302:14) {
  command: { name: 'auth', args: [ 'IVB0VPnPl0urvQrpSKkbXLdEZBUfSHaP' ] }
}
ReplyError: WRONGPASS invalid username-password pair or user is disabled.
    at parseError (/Users/adrianfranciscoperezgomez/Desktop/Personal Apps/vult-intel/node_modules/redis-parser/lib/parser.js:179:12)
    at parseType (/Users/adrianfranciscoperezgomez/Desktop/Personal Apps/vult-intel/node_modules/redis-parser/lib/parser.js:302:14) {
  command: { name: 'auth', args: [ 'IVB0VPnPl0urvQrpSKkbXLdEZBUfSHaP' ] }
}
ReplyError: WRONGPASS invalid username-password pair or user is disabled.
    at parseError (/Users/adrianfranciscoperezgomez/Desktop/Personal Apps/vult-intel/node_modules/redis-parser/lib/parser.js:179:12)
    at parseType (/Users/adrianfranciscoperezgomez/Desktop/Personal Apps/vult-intel/node_modules/redis-parser/lib/parser.js:302:14) {
  command: { name: 'auth', args: [ 'IVB0VPnPl0urvQrpSKkbXLdEZBUfSHaP' ] }
}
ReplyError: WRONGPASS invalid username-password pair or user is disabled.
    at parseError (/Users/adrianfranciscoperezgomez/Desktop/Personal Apps/vult-intel/node_modules/redis-parser/lib/parser.js:179:12)
    at parseType (/Users/adrianfranciscoperezgomez/Desktop/Personal Apps/vult-intel/node_modules/redis-parser/lib/parser.js:302:14) {
  command: { name: 'auth', args: [ 'IVB0VPnPl0urvQrpSKkbXLdEZBUfSHaP' ] }
}
ReplyError: WRONGPASS invalid username-password pair or user is disabled.
    at parseError (/Users/adrianfranciscoperezgomez/Desktop/Personal Apps/vult-intel/node_modules/redis-parser/lib/parser.js:179:12)
    at parseType (/Users/adrianfranciscoperezgomez/Desktop/Personal Apps/vult-intel/node_modules/redis-parser/lib/parser.js:302:14) {
  command: { name: 'auth', args: [ 'IVB0VPnPl0urvQrpSKkbXLdEZBUfSHaP' ] }
}
ReplyError: WRONGPASS invalid username-password pair or user is disabled.
    at parseError (/Users/adrianfranciscoperezgomez/Desktop/Personal Apps/vult-intel/node_modules/redis-parser/lib/parser.js:179:12)
    at parseType (/Users/adrianfranciscoperezgomez/Desktop/Personal Apps/vult-intel/node_modules/redis-parser/lib/parser.js:302:14) {
  command: { name: 'auth', args: [ 'IVB0VPnPl0urvQrpSKkbXLdEZBUfSHaP' ] }
}
ReplyError: WRONGPASS invalid username-password pair or user is disabled.
    at parseError (/Users/adrianfranciscoperezgomez/Desktop/Personal Apps/vult-intel/node_modules/redis-parser/lib/parser.js:179:12)
    at parseType (/Users/adrianfranciscoperezgomez/Desktop/Personal Apps/vult-intel/node_modules/redis-parser/lib/parser.js:302:14) {
  command: { name: 'auth', args: [ 'IVB0VPnPl0urvQrpSKkbXLdEZBUfSHaP' ] }
}
Connected to Redis for persistence
Redis connection error: ReplyError: WRONGPASS invalid username-password pair or user is disabled.
    at parseError (/Users/adrianfranciscoperezgomez/Desktop/Personal Apps/vult-intel/node_modules/redis-parser/lib/parser.js:179:12)
    at parseType (/Users/adrianfranciscoperezgomez/Desktop/Personal Apps/vult-intel/node_modules/redis-parser/lib/parser.js:302:14) {
  command: { name: 'auth', args: [ 'IVB0VPnPl0urvQrpSKkbXLdEZBUfSHaP' ] }
}
ReplyError: WRONGPASS invalid username-password pair or user is disabled.
    at parseError (/Users/adrianfranciscoperezgomez/Desktop/Personal Apps/vult-intel/node_modules/redis-parser/lib/parser.js:179:12)
    at parseType (/Users/adrianfranciscoperezgomez/Desktop/Personal Apps/vult-intel/node_modules/redis-parser/lib/parser.js:302:14) {
  command: { name: 'auth', args: [ 'IVB0VPnPl0urvQrpSKkbXLdEZBUfSHaP' ] }
}
ReplyError: WRONGPASS invalid username-password pair or user is disabled.
    at parseError (/Users/adrianfranciscoperezgomez/Desktop/Personal Apps/vult-intel/node_modules/redis-parser/lib/parser.js:179:12)
    at parseType (/Users/adrianfranciscoperezgomez/Desktop/Personal Apps/vult-intel/node_modules/redis-parser/lib/parser.js:302:14) {
  command: { name: 'auth', args: [ 'IVB0VPnPl0urvQrpSKkbXLdEZBUfSHaP' ] }
}
ReplyError: WRONGPASS invalid username-password pair or user is disabled.
    at parseError (/Users/adrianfranciscoperezgomez/Desktop/Personal Apps/vult-intel/node_modules/redis-parser/lib/parser.js:179:12)
    at parseType (/Users/adrianfranciscoperezgomez/Desktop/Personal Apps/vult-intel/node_modules/redis-parser/lib/parser.js:302:14) {
  command: { name: 'auth', args: [ 'IVB0VPnPl0urvQrpSKkbXLdEZBUfSHaP' ] }
}
ReplyError: WRONGPASS invalid username-password pair or user is disabled.
    at parseError (/Users/adrianfranciscoperezgomez/Desktop/Personal Apps/vult-intel/node_modules/redis-parser/lib/parser.js:179:12)
    at parseType (/Users/adrianfranciscoperezgomez/Desktop/Personal Apps/vult-intel/node_modules/redis-parser/lib/parser.js:302:14) {
  command: { name: 'auth', args: [ 'IVB0VPnPl0urvQrpSKkbXLdEZBUfSHaP' ] }
}
ReplyError: WRONGPASS invalid username-password pair or user is disabled.
    at parseError (/Users/adrianfranciscoperezgomez/Desktop/Personal Apps/vult-intel/node_modules/redis-parser/lib/parser.js:179:12)
    at parseType (/Users/adrianfranciscoperezgomez/Desktop/Personal Apps/vult-intel/node_modules/redis-parser/lib/parser.js:302:14) {
  command: { name: 'auth', args: [ 'IVB0VPnPl0urvQrpSKkbXLdEZBUfSHaP' ] }
}
Connected to Redis for persistence
ReplyError: WRONGPASS invalid username-password pair or user is disabled.
    at parseError (/Users/adrianfranciscoperezgomez/Desktop/Personal Apps/vult-intel/node_modules/redis-parser/lib/parser.js:179:12)
    at parseType (/Users/adrianfranciscoperezgomez/Desktop/Personal Apps/vult-intel/node_modules/redis-parser/lib/parser.js:302:14) {
  command: { name: 'auth', args: [ 'IVB0VPnPl0urvQrpSKkbXLdEZBUfSHaP' ] }
}
Redis connection error: ReplyError: WRONGPASS invalid username-password pair or user is disabled.
    at parseError (/Users/adrianfranciscoperezgomez/Desktop/Personal Apps/vult-intel/node_modules/redis-parser/lib/parser.js:179:12)
    at parseType (/Users/adrianfranciscoperezgomez/Desktop/Personal Apps/vult-intel/node_modules/redis-parser/lib/parser.js:302:14) {
  command: { name: 'auth', args: [ 'IVB0VPnPl0urvQrpSKkbXLdEZBUfSHaP' ] }
}
ReplyError: WRONGPASS invalid username-password pair or user is disabled.
    at parseError (/Users/adrianfranciscoperezgomez/Desktop/Personal Apps/vult-intel/node_modules/redis-parser/lib/parser.js:179:12)
    at parseType (/Users/adrianfranciscoperezgomez/Desktop/Personal Apps/vult-intel/node_modules/redis-parser/lib/parser.js:302:14) {
  command: { name: 'auth', args: [ 'IVB0VPnPl0urvQrpSKkbXLdEZBUfSHaP' ] }
}
ReplyError: WRONGPASS invalid username-password pair or user is disabled.
    at parseError (/Users/adrianfranciscoperezgomez/Desktop/Personal Apps/vult-intel/node_modules/redis-parser/lib/parser.js:179:12)
    at parseType (/Users/adrianfranciscoperezgomez/Desktop/Personal Apps/vult-intel/node_modules/redis-parser/lib/parser.js:302:14) {
  command: { name: 'auth', args: [ 'IVB0VPnPl0urvQrpSKkbXLdEZBUfSHaP' ] }
}
ReplyError: WRONGPASS invalid username-password pair or user is disabled.
    at parseError (/Users/adrianfranciscoperezgomez/Desktop/Personal Apps/vult-intel/node_modules/redis-parser/lib/parser.js:179:12)
    at parseType (/Users/adrianfranciscoperezgomez/Desktop/Personal Apps/vult-intel/node_modules/redis-parser/lib/parser.js:302:14) {
  command: { name: 'auth', args: [ 'IVB0VPnPl0urvQrpSKkbXLdEZBUfSHaP' ] }
}
ReplyError: WRONGPASS invalid username-password pair or user is disabled.
    at parseError (/Users/adrianfranciscoperezgomez/Desktop/Personal Apps/vult-intel/node_modules/redis-parser/lib/parser.js:179:12)
    at parseType (/Users/adrianfranciscoperezgomez/Desktop/Personal Apps/vult-intel/node_modules/redis-parser/lib/parser.js:302:14) {
  command: { name: 'auth', args: [ 'IVB0VPnPl0urvQrpSKkbXLdEZBUfSHaP' ] }
}
ReplyError: WRONGPASS invalid username-password pair or user is disabled.
    at parseError (/Users/adrianfranciscoperezgomez/Desktop/Personal Apps/vult-intel/node_modules/redis-parser/lib/parser.js:179:12)
    at parseType (/Users/adrianfranciscoperezgomez/Desktop/Personal Apps/vult-intel/node_modules/redis-parser/lib/parser.js:302:14) {
  command: { name: 'auth', args: [ 'IVB0VPnPl0urvQrpSKkbXLdEZBUfSHaP' ] }
}
ReplyError: WRONGPASS invalid username-password pair or user is disabled.
    at parseError (/Users/adrianfranciscoperezgomez/Desktop/Personal Apps/vult-intel/node_modules/redis-parser/lib/parser.js:179:12)
    at parseType (/Users/adrianfranciscoperezgomez/Desktop/Personal Apps/vult-intel/node_modules/redis-parser/lib/parser.js:302:14) {
  command: { name: 'auth', args: [ 'IVB0VPnPl0urvQrpSKkbXLdEZBUfSHaP' ] }
}
Connected to Redis for persistence
Redis connection error: ReplyError: WRONGPASS invalid username-password pair or user is disabled.
    at parseError (/Users/adrianfranciscoperezgomez/Desktop/Personal Apps/vult-intel/node_modules/redis-parser/lib/parser.js:179:12)
    at parseType (/Users/adrianfranciscoperezgomez/Desktop/Personal Apps/vult-intel/node_modules/redis-parser/lib/parser.js:302:14) {
  command: { name: 'auth', args: [ 'IVB0VPnPl0urvQrpSKkbXLdEZBUfSHaP' ] }
}
ReplyError: WRONGPASS invalid username-password pair or user is disabled.
    at parseError (/Users/adrianfranciscoperezgomez/Desktop/Personal Apps/vult-intel/node_modules/redis-parser/lib/parser.js:179:12)
    at parseType (/Users/adrianfranciscoperezgomez/Desktop/Personal Apps/vult-intel/node_modules/redis-parser/lib/parser.js:302:14) {
  command: { name: 'auth', args: [ 'IVB0VPnPl0urvQrpSKkbXLdEZBUfSHaP' ] }
}
ReplyError: WRONGPASS invalid username-password pair or user is disabled.
    at parseError (/Users/adrianfranciscoperezgomez/Desktop/Personal Apps/vult-intel/node_modules/redis-parser/lib/parser.js:179:12)
    at parseType (/Users/adrianfranciscoperezgomez/Desktop/Personal Apps/vult-intel/node_modules/redis-parser/lib/parser.js:302:14) {
  command: { name: 'auth', args: [ 'IVB0VPnPl0urvQrpSKkbXLdEZBUfSHaP' ] }
}
ReplyError: WRONGPASS invalid username-password pair or user is disabled.
    at parseError (/Users/adrianfranciscoperezgomez/Desktop/Personal Apps/vult-intel/node_modules/redis-parser/lib/parser.js:179:12)
    at parseType (/Users/adrianfranciscoperezgomez/Desktop/Personal Apps/vult-intel/node_modules/redis-parser/lib/parser.js:302:14) {
  command: { name: 'auth', args: [ 'IVB0VPnPl0urvQrpSKkbXLdEZBUfSHaP' ] }
}
ReplyError: WRONGPASS invalid username-password pair or user is disabled.
    at parseError (/Users/adrianfranciscoperezgomez/Desktop/Personal Apps/vult-intel/node_modules/redis-parser/lib/parser.js:179:12)
    at parseType (/Users/adrianfranciscoperezgomez/Desktop/Personal Apps/vult-intel/node_modules/redis-parser/lib/parser.js:302:14) {
  command: { name: 'auth', args: [ 'IVB0VPnPl0urvQrpSKkbXLdEZBUfSHaP' ] }
}
ReplyError: WRONGPASS invalid username-password pair or user is disabled.
    at parseError (/Users/adrianfranciscoperezgomez/Desktop/Personal Apps/vult-intel/node_modules/redis-parser/lib/parser.js:179:12)
    at parseType (/Users/adrianfranciscoperezgomez/Desktop/Personal Apps/vult-intel/node_modules/redis-parser/lib/parser.js:302:14) {
  command: { name: 'auth', args: [ 'IVB0VPnPl0urvQrpSKkbXLdEZBUfSHaP' ] }
}
ReplyError: WRONGPASS invalid username-password pair or user is disabled.
    at parseError (/Users/adrianfranciscoperezgomez/Desktop/Personal Apps/vult-intel/node_modules/redis-parser/lib/parser.js:179:12)
    at parseType (/Users/adrianfranciscoperezgomez/Desktop/Personal Apps/vult-intel/node_modules/redis-parser/lib/parser.js:302:14) {
  command: { name: 'auth', args: [ 'IVB0VPnPl0urvQrpSKkbXLdEZBUfSHaP' ] }
}
Connected to Redis for persistence
Redis connection error: ReplyError: WRONGPASS invalid username-password pair or user is disabled.
    at parseError (/Users/adrianfranciscoperezgomez/Desktop/Personal Apps/vult-intel/node_modules/redis-parser/lib/parser.js:179:12)
    at parseType (/Users/adrianfranciscoperezgomez/Desktop/Personal Apps/vult-intel/node_modules/redis-parser/lib/parser.js:302:14) {
  command: { name: 'auth', args: [ 'IVB0VPnPl0urvQrpSKkbXLdEZBUfSHaP' ] }
}
ReplyError: WRONGPASS invalid username-password pair or user is disabled.
    at parseError (/Users/adrianfranciscoperezgomez/Desktop/Personal Apps/vult-intel/node_modules/redis-parser/lib/parser.js:179:12)
    at parseType (/Users/adrianfranciscoperezgomez/Desktop/Personal Apps/vult-intel/node_modules/redis-parser/lib/parser.js:302:14) {
  command: { name: 'auth', args: [ 'IVB0VPnPl0urvQrpSKkbXLdEZBUfSHaP' ] }
}
ReplyError: WRONGPASS invalid username-password pair or user is disabled.
    at parseError (/Users/adrianfranciscoperezgomez/Desktop/Personal Apps/vult-intel/node_modules/redis-parser/lib/parser.js:179:12)
    at parseType (/Users/adrianfranciscoperezgomez/Desktop/Personal Apps/vult-intel/node_modules/redis-parser/lib/parser.js:302:14) {
  command: { name: 'auth', args: [ 'IVB0VPnPl0urvQrpSKkbXLdEZBUfSHaP' ] }
}
ReplyError: WRONGPASS invalid username-password pair or user is disabled.
    at parseError (/Users/adrianfranciscoperezgomez/Desktop/Personal Apps/vult-intel/node_modules/redis-parser/lib/parser.js:179:12)
    at parseType (/Users/adrianfranciscoperezgomez/Desktop/Personal Apps/vult-intel/node_modules/redis-parser/lib/parser.js:302:14) {
  command: { name: 'auth', args: [ 'IVB0VPnPl0urvQrpSKkbXLdEZBUfSHaP' ] }
}
ReplyError: WRONGPASS invalid username-password pair or user is disabled.
    at parseError (/Users/adrianfranciscoperezgomez/Desktop/Personal Apps/vult-intel/node_modules/redis-parser/lib/parser.js:179:12)
    at parseType (/Users/adrianfranciscoperezgomez/Desktop/Personal Apps/vult-intel/node_modules/redis-parser/lib/parser.js:302:14) {
  command: { name: 'auth', args: [ 'IVB0VPnPl0urvQrpSKkbXLdEZBUfSHaP' ] }
}
ReplyError: WRONGPASS invalid username-password pair or user is disabled.
    at parseError (/Users/adrianfranciscoperezgomez/Desktop/Personal Apps/vult-intel/node_modules/redis-parser/lib/parser.js:179:12)
    at parseType (/Users/adrianfranciscoperezgomez/Desktop/Personal Apps/vult-intel/node_modules/redis-parser/lib/parser.js:302:14) {
  command: { name: 'auth', args: [ 'IVB0VPnPl0urvQrpSKkbXLdEZBUfSHaP' ] }
}
ReplyError: WRONGPASS invalid username-password pair or user is disabled.
    at parseError (/Users/adrianfranciscoperezgomez/Desktop/Personal Apps/vult-intel/node_modules/redis-parser/lib/parser.js:179:12)
    at parseType (/Users/adrianfranciscoperezgomez/Desktop/Personal Apps/vult-intel/node_modules/redis-parser/lib/parser.js:302:14) {
  command: { name: 'auth', args: [ 'IVB0VPnPl0urvQrpSKkbXLdEZBUfSHaP' ] }
}
Connected to Redis for persistence
Redis connection error: ReplyError: WRONGPASS invalid username-password pair or user is disabled.
    at parseError (/Users/adrianfranciscoperezgomez/Desktop/Personal Apps/vult-intel/node_modules/redis-parser/lib/parser.js:179:12)
    at parseType (/Users/adrianfranciscoperezgomez/Desktop/Personal Apps/vult-intel/node_modules/redis-parser/lib/parser.js:302:14) {
  command: { name: 'auth', args: [ 'IVB0VPnPl0urvQrpSKkbXLdEZBUfSHaP' ] }
}
ReplyError: WRONGPASS invalid username-password pair or user is disabled.
    at parseError (/Users/adrianfranciscoperezgomez/Desktop/Personal Apps/vult-intel/node_modules/redis-parser/lib/parser.js:179:12)
    at parseType (/Users/adrianfranciscoperezgomez/Desktop/Personal Apps/vult-intel/node_modules/redis-parser/lib/parser.js:302:14) {
  command: { name: 'auth', args: [ 'IVB0VPnPl0urvQrpSKkbXLdEZBUfSHaP' ] }
}
ReplyError: WRONGPASS invalid username-password pair or user is disabled.
    at parseError (/Users/adrianfranciscoperezgomez/Desktop/Personal Apps/vult-intel/node_modules/redis-parser/lib/parser.js:179:12)
    at parseType (/Users/adrianfranciscoperezgomez/Desktop/Personal Apps/vult-intel/node_modules/redis-parser/lib/parser.js:302:14) {
  command: { name: 'auth', args: [ 'IVB0VPnPl0urvQrpSKkbXLdEZBUfSHaP' ] }
}
ReplyError: WRONGPASS invalid username-password pair or user is disabled.
    at parseError (/Users/adrianfranciscoperezgomez/Desktop/Personal Apps/vult-intel/node_modules/redis-parser/lib/parser.js:179:12)
    at parseType (/Users/adrianfranciscoperezgomez/Desktop/Personal Apps/vult-intel/node_modules/redis-parser/lib/parser.js:302:14) {
  command: { name: 'auth', args: [ 'IVB0VPnPl0urvQrpSKkbXLdEZBUfSHaP' ] }
}
ReplyError: WRONGPASS invalid username-password pair or user is disabled.
    at parseError (/Users/adrianfranciscoperezgomez/Desktop/Personal Apps/vult-intel/node_modules/redis-parser/lib/parser.js:179:12)
    at parseType (/Users/adrianfranciscoperezgomez/Desktop/Personal Apps/vult-intel/node_modules/redis-parser/lib/parser.js:302:14) {
  command: { name: 'auth', args: [ 'IVB0VPnPl0urvQrpSKkbXLdEZBUfSHaP' ] }
}
ReplyError: WRONGPASS invalid username-password pair or user is disabled.
    at parseError (/Users/adrianfranciscoperezgomez/Desktop/Personal Apps/vult-intel/node_modules/redis-parser/lib/parser.js:179:12)
    at parseType (/Users/adrianfranciscoperezgomez/Desktop/Personal Apps/vult-intel/node_modules/redis-parser/lib/parser.js:302:14) {
  command: { name: 'auth', args: [ 'IVB0VPnPl0urvQrpSKkbXLdEZBUfSHaP' ] }
}
Connected to Redis for persistence
ReplyError: WRONGPASS invalid username-password pair or user is disabled.
    at parseError (/Users/adrianfranciscoperezgomez/Desktop/Personal Apps/vult-intel/node_modules/redis-parser/lib/parser.js:179:12)
    at parseType (/Users/adrianfranciscoperezgomez/Desktop/Personal Apps/vult-intel/node_modules/redis-parser/lib/parser.js:302:14) {
  command: { name: 'auth', args: [ 'IVB0VPnPl0urvQrpSKkbXLdEZBUfSHaP' ] }
}
Redis connection error: ReplyError: WRONGPASS invalid username-password pair or user is disabled.
    at parseError (/Users/adrianfranciscoperezgomez/Desktop/Personal Apps/vult-intel/node_modules/redis-parser/lib/parser.js:179:12)
    at parseType (/Users/adrianfranciscoperezgomez/Desktop/Personal Apps/vult-intel/node_modules/redis-parser/lib/parser.js:302:14) {
  command: { name: 'auth', args: [ 'IVB0VPnPl0urvQrpSKkbXLdEZBUfSHaP' ] }
}
ReplyError: WRONGPASS invalid username-password pair or user is disabled.
    at parseError (/Users/adrianfranciscoperezgomez/Desktop/Personal Apps/vult-intel/node_modules/redis-parser/lib/parser.js:179:12)
    at parseType (/Users/adrianfranciscoperezgomez/Desktop/Personal Apps/vult-intel/node_modules/redis-parser/lib/parser.js:302:14) {
  command: { name: 'auth', args: [ 'IVB0VPnPl0urvQrpSKkbXLdEZBUfSHaP' ] }
}
ReplyError: WRONGPASS invalid username-password pair or user is disabled.
    at parseError (/Users/adrianfranciscoperezgomez/Desktop/Personal Apps/vult-intel/node_modules/redis-parser/lib/parser.js:179:12)
    at parseType (/Users/adrianfranciscoperezgomez/Desktop/Personal Apps/vult-intel/node_modules/redis-parser/lib/parser.js:302:14) {
  command: { name: 'auth', args: [ 'IVB0VPnPl0urvQrpSKkbXLdEZBUfSHaP' ] }
}
ReplyError: WRONGPASS invalid username-password pair or user is disabled.
    at parseError (/Users/adrianfranciscoperezgomez/Desktop/Personal Apps/vult-intel/node_modules/redis-parser/lib/parser.js:179:12)
    at parseType (/Users/adrianfranciscoperezgomez/Desktop/Personal Apps/vult-intel/node_modules/redis-parser/lib/parser.js:302:14) {
  command: { name: 'auth', args: [ 'IVB0VPnPl0urvQrpSKkbXLdEZBUfSHaP' ] }
}
ReplyError: WRONGPASS invalid username-password pair or user is disabled.
    at parseError (/Users/adrianfranciscoperezgomez/Desktop/Personal Apps/vult-intel/node_modules/redis-parser/lib/parser.js:179:12)
    at parseType (/Users/adrianfranciscoperezgomez/Desktop/Personal Apps/vult-intel/node_modules/redis-parser/lib/parser.js:302:14) {
  command: { name: 'auth', args: [ 'IVB0VPnPl0urvQrpSKkbXLdEZBUfSHaP' ] }
}
ReplyError: WRONGPASS invalid username-password pair or user is disabled.
    at parseError (/Users/adrianfranciscoperezgomez/Desktop/Personal Apps/vult-intel/node_modules/redis-parser/lib/parser.js:179:12)
    at parseType (/Users/adrianfranciscoperezgomez/Desktop/Personal Apps/vult-intel/node_modules/redis-parser/lib/parser.js:302:14) {
  command: { name: 'auth', args: [ 'IVB0VPnPl0urvQrpSKkbXLdEZBUfSHaP' ] }
}
ReplyError: WRONGPASS invalid username-password pair or user is disabled.
    at parseError (/Users/adrianfranciscoperezgomez/Desktop/Personal Apps/vult-intel/node_modules/redis-parser/lib/parser.js:179:12)
    at parseType (/Users/adrianfranciscoperezgomez/Desktop/Personal Apps/vult-intel/node_modules/redis-parser/lib/parser.js:302:14) {
  command: { name: 'auth', args: [ 'IVB0VPnPl0urvQrpSKkbXLdEZBUfSHaP' ] }
}
Connected to Redis for persistence
Redis connection error: ReplyError: WRONGPASS invalid username-password pair or user is disabled.
    at parseError (/Users/adrianfranciscoperezgomez/Desktop/Personal Apps/vult-intel/node_modules/redis-parser/lib/parser.js:179:12)
    at parseType (/Users/adrianfranciscoperezgomez/Desktop/Personal Apps/vult-intel/node_modules/redis-parser/lib/parser.js:302:14) {
  command: { name: 'auth', args: [ 'IVB0VPnPl0urvQrpSKkbXLdEZBUfSHaP' ] }
}
ReplyError: WRONGPASS invalid username-password pair or user is disabled.
    at parseError (/Users/adrianfranciscoperezgomez/Desktop/Personal Apps/vult-intel/node_modules/redis-parser/lib/parser.js:179:12)
    at parseType (/Users/adrianfranciscoperezgomez/Desktop/Personal Apps/vult-intel/node_modules/redis-parser/lib/parser.js:302:14) {
  command: { name: 'auth', args: [ 'IVB0VPnPl0urvQrpSKkbXLdEZBUfSHaP' ] }
}
ReplyError: WRONGPASS invalid username-password pair or user is disabled.
    at parseError (/Users/adrianfranciscoperezgomez/Desktop/Personal Apps/vult-intel/node_modules/redis-parser/lib/parser.js:179:12)
    at parseType (/Users/adrianfranciscoperezgomez/Desktop/Personal Apps/vult-intel/node_modules/redis-parser/lib/parser.js:302:14) {
  command: { name: 'auth', args: [ 'IVB0VPnPl0urvQrpSKkbXLdEZBUfSHaP' ] }
}
ReplyError: WRONGPASS invalid username-password pair or user is disabled.
    at parseError (/Users/adrianfranciscoperezgomez/Desktop/Personal Apps/vult-intel/node_modules/redis-parser/lib/parser.js:179:12)
    at parseType (/Users/adrianfranciscoperezgomez/Desktop/Personal Apps/vult-intel/node_modules/redis-parser/lib/parser.js:302:14) {
  command: { name: 'auth', args: [ 'IVB0VPnPl0urvQrpSKkbXLdEZBUfSHaP' ] }
}
ReplyError: WRONGPASS invalid username-password pair or user is disabled.
    at parseError (/Users/adrianfranciscoperezgomez/Desktop/Personal Apps/vult-intel/node_modules/redis-parser/lib/parser.js:179:12)
    at parseType (/Users/adrianfranciscoperezgomez/Desktop/Personal Apps/vult-intel/node_modules/redis-parser/lib/parser.js:302:14) {
  command: { name: 'auth', args: [ 'IVB0VPnPl0urvQrpSKkbXLdEZBUfSHaP' ] }
}
ReplyError: WRONGPASS invalid username-password pair or user is disabled.
    at parseError (/Users/adrianfranciscoperezgomez/Desktop/Personal Apps/vult-intel/node_modules/redis-parser/lib/parser.js:179:12)
    at parseType (/Users/adrianfranciscoperezgomez/Desktop/Personal Apps/vult-intel/node_modules/redis-parser/lib/parser.js:302:14) {
  command: { name: 'auth', args: [ 'IVB0VPnPl0urvQrpSKkbXLdEZBUfSHaP' ] }
}
ReplyError: WRONGPASS invalid username-password pair or user is disabled.
    at parseError (/Users/adrianfranciscoperezgomez/Desktop/Personal Apps/vult-intel/node_modules/redis-parser/lib/parser.js:179:12)
    at parseType (/Users/adrianfranciscoperezgomez/Desktop/Personal Apps/vult-intel/node_modules/redis-parser/lib/parser.js:302:14) {
  command: { name: 'auth', args: [ 'IVB0VPnPl0urvQrpSKkbXLdEZBUfSHaP' ] }
}
Connected to Redis for persistence
Redis connection error: ReplyError: WRONGPASS invalid username-password pair or user is disabled.
    at parseError (/Users/adrianfranciscoperezgomez/Desktop/Personal Apps/vult-intel/node_modules/redis-parser/lib/parser.js:179:12)
    at parseType (/Users/adrianfranciscoperezgomez/Desktop/Personal Apps/vult-intel/node_modules/redis-parser/lib/parser.js:302:14) {
  command: { name: 'auth', args: [ 'IVB0VPnPl0urvQrpSKkbXLdEZBUfSHaP' ] }
}
ReplyError: WRONGPASS invalid username-password pair or user is disabled.
    at parseError (/Users/adrianfranciscoperezgomez/Desktop/Personal Apps/vult-intel/node_modules/redis-parser/lib/parser.js:179:12)
    at parseType (/Users/adrianfranciscoperezgomez/Desktop/Personal Apps/vult-intel/node_modules/redis-parser/lib/parser.js:302:14) {
  command: { name: 'auth', args: [ 'IVB0VPnPl0urvQrpSKkbXLdEZBUfSHaP' ] }
}
ReplyError: WRONGPASS invalid username-password pair or user is disabled.
    at parseError (/Users/adrianfranciscoperezgomez/Desktop/Personal Apps/vult-intel/node_modules/redis-parser/lib/parser.js:179:12)
    at parseType (/Users/adrianfranciscoperezgomez/Desktop/Personal Apps/vult-intel/node_modules/redis-parser/lib/parser.js:302:14) {
  command: { name: 'auth', args: [ 'IVB0VPnPl0urvQrpSKkbXLdEZBUfSHaP' ] }
}
ReplyError: WRONGPASS invalid username-password pair or user is disabled.
    at parseError (/Users/adrianfranciscoperezgomez/Desktop/Personal Apps/vult-intel/node_modules/redis-parser/lib/parser.js:179:12)
    at parseType (/Users/adrianfranciscoperezgomez/Desktop/Personal Apps/vult-intel/node_modules/redis-parser/lib/parser.js:302:14) {
  command: { name: 'auth', args: [ 'IVB0VPnPl0urvQrpSKkbXLdEZBUfSHaP' ] }
}
ReplyError: WRONGPASS invalid username-password pair or user is disabled.
    at parseError (/Users/adrianfranciscoperezgomez/Desktop/Personal Apps/vult-intel/node_modules/redis-parser/lib/parser.js:179:12)
    at parseType (/Users/adrianfranciscoperezgomez/Desktop/Personal Apps/vult-intel/node_modules/redis-parser/lib/parser.js:302:14) {
  command: { name: 'auth', args: [ 'IVB0VPnPl0urvQrpSKkbXLdEZBUfSHaP' ] }
}
ReplyError: WRONGPASS invalid username-password pair or user is disabled.
    at parseError (/Users/adrianfranciscoperezgomez/Desktop/Personal Apps/vult-intel/node_modules/redis-parser/lib/parser.js:179:12)
    at parseType (/Users/adrianfranciscoperezgomez/Desktop/Personal Apps/vult-intel/node_modules/redis-parser/lib/parser.js:302:14) {
  command: { name: 'auth', args: [ 'IVB0VPnPl0urvQrpSKkbXLdEZBUfSHaP' ] }
}
ReplyError: WRONGPASS invalid username-password pair or user is disabled.
    at parseError (/Users/adrianfranciscoperezgomez/Desktop/Personal Apps/vult-intel/node_modules/redis-parser/lib/parser.js:179:12)
    at parseType (/Users/adrianfranciscoperezgomez/Desktop/Personal Apps/vult-intel/node_modules/redis-parser/lib/parser.js:302:14) {
  command: { name: 'auth', args: [ 'IVB0VPnPl0urvQrpSKkbXLdEZBUfSHaP' ] }
}
Connected to Redis for persistence
Redis connection error: ReplyError: WRONGPASS invalid username-password pair or user is disabled.
    at parseError (/Users/adrianfranciscoperezgomez/Desktop/Personal Apps/vult-intel/node_modules/redis-parser/lib/parser.js:179:12)
    at parseType (/Users/adrianfranciscoperezgomez/Desktop/Personal Apps/vult-intel/node_modules/redis-parser/lib/parser.js:302:14) {
  command: { name: 'auth', args: [ 'IVB0VPnPl0urvQrpSKkbXLdEZBUfSHaP' ] }
}
ReplyError: WRONGPASS invalid username-password pair or user is disabled.
    at parseError (/Users/adrianfranciscoperezgomez/Desktop/Personal Apps/vult-intel/node_modules/redis-parser/lib/parser.js:179:12)
    at parseType (/Users/adrianfranciscoperezgomez/Desktop/Personal Apps/vult-intel/node_modules/redis-parser/lib/parser.js:302:14) {
  command: { name: 'auth', args: [ 'IVB0VPnPl0urvQrpSKkbXLdEZBUfSHaP' ] }
}
ReplyError: WRONGPASS invalid username-password pair or user is disabled.
    at parseError (/Users/adrianfranciscoperezgomez/Desktop/Personal Apps/vult-intel/node_modules/redis-parser/lib/parser.js:179:12)
    at parseType (/Users/adrianfranciscoperezgomez/Desktop/Personal Apps/vult-intel/node_modules/redis-parser/lib/parser.js:302:14) {
  command: { name: 'auth', args: [ 'IVB0VPnPl0urvQrpSKkbXLdEZBUfSHaP' ] }
}
ReplyError: WRONGPASS invalid username-password pair or user is disabled.
    at parseError (/Users/adrianfranciscoperezgomez/Desktop/Personal Apps/vult-intel/node_modules/redis-parser/lib/parser.js:179:12)
    at parseType (/Users/adrianfranciscoperezgomez/Desktop/Personal Apps/vult-intel/node_modules/redis-parser/lib/parser.js:302:14) {
  command: { name: 'auth', args: [ 'IVB0VPnPl0urvQrpSKkbXLdEZBUfSHaP' ] }
}
ReplyError: WRONGPASS invalid username-password pair or user is disabled.
    at parseError (/Users/adrianfranciscoperezgomez/Desktop/Personal Apps/vult-intel/node_modules/redis-parser/lib/parser.js:179:12)
    at parseType (/Users/adrianfranciscoperezgomez/Desktop/Personal Apps/vult-intel/node_modules/redis-parser/lib/parser.js:302:14) {
  command: { name: 'auth', args: [ 'IVB0VPnPl0urvQrpSKkbXLdEZBUfSHaP' ] }
}
ReplyError: WRONGPASS invalid username-password pair or user is disabled.
    at parseError (/Users/adrianfranciscoperezgomez/Desktop/Personal Apps/vult-intel/node_modules/redis-parser/lib/parser.js:179:12)
    at parseType (/Users/adrianfranciscoperezgomez/Desktop/Personal Apps/vult-intel/node_modules/redis-parser/lib/parser.js:302:14) {
  command: { name: 'auth', args: [ 'IVB0VPnPl0urvQrpSKkbXLdEZBUfSHaP' ] }
}
ReplyError: WRONGPASS invalid username-password pair or user is disabled.
    at parseError (/Users/adrianfranciscoperezgomez/Desktop/Personal Apps/vult-intel/node_modules/redis-parser/lib/parser.js:179:12)
    at parseType (/Users/adrianfranciscoperezgomez/Desktop/Personal Apps/vult-intel/node_modules/redis-parser/lib/parser.js:302:14) {
  command: { name: 'auth', args: [ 'IVB0VPnPl0urvQrpSKkbXLdEZBUfSHaP' ] }
}
Connected to Redis for persistence
Redis connection error: ReplyError: WRONGPASS invalid username-password pair or user is disabled.
    at parseError (/Users/adrianfranciscoperezgomez/Desktop/Personal Apps/vult-intel/node_modules/redis-parser/lib/parser.js:179:12)
    at parseType (/Users/adrianfranciscoperezgomez/Desktop/Personal Apps/vult-intel/node_modules/redis-parser/lib/parser.js:302:14) {
  command: { name: 'auth', args: [ 'IVB0VPnPl0urvQrpSKkbXLdEZBUfSHaP' ] }
}
ReplyError: WRONGPASS invalid username-password pair or user is disabled.
    at parseError (/Users/adrianfranciscoperezgomez/Desktop/Personal Apps/vult-intel/node_modules/redis-parser/lib/parser.js:179:12)
    at parseType (/Users/adrianfranciscoperezgomez/Desktop/Personal Apps/vult-intel/node_modules/redis-parser/lib/parser.js:302:14) {
  command: { name: 'auth', args: [ 'IVB0VPnPl0urvQrpSKkbXLdEZBUfSHaP' ] }
}
ReplyError: WRONGPASS invalid username-password pair or user is disabled.
    at parseError (/Users/adrianfranciscoperezgomez/Desktop/Personal Apps/vult-intel/node_modules/redis-parser/lib/parser.js:179:12)
    at parseType (/Users/adrianfranciscoperezgomez/Desktop/Personal Apps/vult-intel/node_modules/redis-parser/lib/parser.js:302:14) {
  command: { name: 'auth', args: [ 'IVB0VPnPl0urvQrpSKkbXLdEZBUfSHaP' ] }
}
ReplyError: WRONGPASS invalid username-password pair or user is disabled.
    at parseError (/Users/adrianfranciscoperezgomez/Desktop/Personal Apps/vult-intel/node_modules/redis-parser/lib/parser.js:179:12)
    at parseType (/Users/adrianfranciscoperezgomez/Desktop/Personal Apps/vult-intel/node_modules/redis-parser/lib/parser.js:302:14) {
  command: { name: 'auth', args: [ 'IVB0VPnPl0urvQrpSKkbXLdEZBUfSHaP' ] }
}
ReplyError: WRONGPASS invalid username-password pair or user is disabled.
    at parseError (/Users/adrianfranciscoperezgomez/Desktop/Personal Apps/vult-intel/node_modules/redis-parser/lib/parser.js:179:12)
    at parseType (/Users/adrianfranciscoperezgomez/Desktop/Personal Apps/vult-intel/node_modules/redis-parser/lib/parser.js:302:14) {
  command: { name: 'auth', args: [ 'IVB0VPnPl0urvQrpSKkbXLdEZBUfSHaP' ] }
}
ReplyError: WRONGPASS invalid username-password pair or user is disabled.
    at parseError (/Users/adrianfranciscoperezgomez/Desktop/Personal Apps/vult-intel/node_modules/redis-parser/lib/parser.js:179:12)
    at parseType (/Users/adrianfranciscoperezgomez/Desktop/Personal Apps/vult-intel/node_modules/redis-parser/lib/parser.js:302:14) {
  command: { name: 'auth', args: [ 'IVB0VPnPl0urvQrpSKkbXLdEZBUfSHaP' ] }
}
ReplyError: WRONGPASS invalid username-password pair or user is disabled.
    at parseError (/Users/adrianfranciscoperezgomez/Desktop/Personal Apps/vult-intel/node_modules/redis-parser/lib/parser.js:179:12)
    at parseType (/Users/adrianfranciscoperezgomez/Desktop/Personal Apps/vult-intel/node_modules/redis-parser/lib/parser.js:302:14) {
  command: { name: 'auth', args: [ 'IVB0VPnPl0urvQrpSKkbXLdEZBUfSHaP' ] }
}
Connected to Redis for persistence
Redis connection error: ReplyError: WRONGPASS invalid username-password pair or user is disabled.
    at parseError (/Users/adrianfranciscoperezgomez/Desktop/Personal Apps/vult-intel/node_modules/redis-parser/lib/parser.js:179:12)
    at parseType (/Users/adrianfranciscoperezgomez/Desktop/Personal Apps/vult-intel/node_modules/redis-parser/lib/parser.js:302:14) {
  command: { name: 'auth', args: [ 'IVB0VPnPl0urvQrpSKkbXLdEZBUfSHaP' ] }
}
ReplyError: WRONGPASS invalid username-password pair or user is disabled.
    at parseError (/Users/adrianfranciscoperezgomez/Desktop/Personal Apps/vult-intel/node_modules/redis-parser/lib/parser.js:179:12)
    at parseType (/Users/adrianfranciscoperezgomez/Desktop/Personal Apps/vult-intel/node_modules/redis-parser/lib/parser.js:302:14) {
  command: { name: 'auth', args: [ 'IVB0VPnPl0urvQrpSKkbXLdEZBUfSHaP' ] }
}
ReplyError: WRONGPASS invalid username-password pair or user is disabled.
    at parseError (/Users/adrianfranciscoperezgomez/Desktop/Personal Apps/vult-intel/node_modules/redis-parser/lib/parser.js:179:12)
    at parseType (/Users/adrianfranciscoperezgomez/Desktop/Personal Apps/vult-intel/node_modules/redis-parser/lib/parser.js:302:14) {
  command: { name: 'auth', args: [ 'IVB0VPnPl0urvQrpSKkbXLdEZBUfSHaP' ] }
}
ReplyError: WRONGPASS invalid username-password pair or user is disabled.
    at parseError (/Users/adrianfranciscoperezgomez/Desktop/Personal Apps/vult-intel/node_modules/redis-parser/lib/parser.js:179:12)
    at parseType (/Users/adrianfranciscoperezgomez/Desktop/Personal Apps/vult-intel/node_modules/redis-parser/lib/parser.js:302:14) {
  command: { name: 'auth', args: [ 'IVB0VPnPl0urvQrpSKkbXLdEZBUfSHaP' ] }
}
ReplyError: WRONGPASS invalid username-password pair or user is disabled.
    at parseError (/Users/adrianfranciscoperezgomez/Desktop/Personal Apps/vult-intel/node_modules/redis-parser/lib/parser.js:179:12)
    at parseType (/Users/adrianfranciscoperezgomez/Desktop/Personal Apps/vult-intel/node_modules/redis-parser/lib/parser.js:302:14) {
  command: { name: 'auth', args: [ 'IVB0VPnPl0urvQrpSKkbXLdEZBUfSHaP' ] }
}
ReplyError: WRONGPASS invalid username-password pair or user is disabled.
    at parseError (/Users/adrianfranciscoperezgomez/Desktop/Personal Apps/vult-intel/node_modules/redis-parser/lib/parser.js:179:12)
    at parseType (/Users/adrianfranciscoperezgomez/Desktop/Personal Apps/vult-intel/node_modules/redis-parser/lib/parser.js:302:14) {
  command: { name: 'auth', args: [ 'IVB0VPnPl0urvQrpSKkbXLdEZBUfSHaP' ] }
}
ReplyError: WRONGPASS invalid username-password pair or user is disabled.
    at parseError (/Users/adrianfranciscoperezgomez/Desktop/Personal Apps/vult-intel/node_modules/redis-parser/lib/parser.js:179:12)
    at parseType (/Users/adrianfranciscoperezgomez/Desktop/Personal Apps/vult-intel/node_modules/redis-parser/lib/parser.js:302:14) {
  command: { name: 'auth', args: [ 'IVB0VPnPl0urvQrpSKkbXLdEZBUfSHaP' ] }
}
Connected to Redis for persistence
Redis connection error: ReplyError: WRONGPASS invalid username-password pair or user is disabled.
    at parseError (/Users/adrianfranciscoperezgomez/Desktop/Personal Apps/vult-intel/node_modules/redis-parser/lib/parser.js:179:12)
    at parseType (/Users/adrianfranciscoperezgomez/Desktop/Personal Apps/vult-intel/node_modules/redis-parser/lib/parser.js:302:14) {
  command: { name: 'auth', args: [ 'IVB0VPnPl0urvQrpSKkbXLdEZBUfSHaP' ] }
}
ReplyError: WRONGPASS invalid username-password pair or user is disabled.
    at parseError (/Users/adrianfranciscoperezgomez/Desktop/Personal Apps/vult-intel/node_modules/redis-parser/lib/parser.js:179:12)
    at parseType (/Users/adrianfranciscoperezgomez/Desktop/Personal Apps/vult-intel/node_modules/redis-parser/lib/parser.js:302:14) {
  command: { name: 'auth', args: [ 'IVB0VPnPl0urvQrpSKkbXLdEZBUfSHaP' ] }
}
ReplyError: WRONGPASS invalid username-password pair or user is disabled.
    at parseError (/Users/adrianfranciscoperezgomez/Desktop/Personal Apps/vult-intel/node_modules/redis-parser/lib/parser.js:179:12)
    at parseType (/Users/adrianfranciscoperezgomez/Desktop/Personal Apps/vult-intel/node_modules/redis-parser/lib/parser.js:302:14) {
  command: { name: 'auth', args: [ 'IVB0VPnPl0urvQrpSKkbXLdEZBUfSHaP' ] }
}
ReplyError: WRONGPASS invalid username-password pair or user is disabled.
    at parseError (/Users/adrianfranciscoperezgomez/Desktop/Personal Apps/vult-intel/node_modules/redis-parser/lib/parser.js:179:12)
    at parseType (/Users/adrianfranciscoperezgomez/Desktop/Personal Apps/vult-intel/node_modules/redis-parser/lib/parser.js:302:14) {
  command: { name: 'auth', args: [ 'IVB0VPnPl0urvQrpSKkbXLdEZBUfSHaP' ] }
}
ReplyError: WRONGPASS invalid username-password pair or user is disabled.
    at parseError (/Users/adrianfranciscoperezgomez/Desktop/Personal Apps/vult-intel/node_modules/redis-parser/lib/parser.js:179:12)
    at parseType (/Users/adrianfranciscoperezgomez/Desktop/Personal Apps/vult-intel/node_modules/redis-parser/lib/parser.js:302:14) {
  command: { name: 'auth', args: [ 'IVB0VPnPl0urvQrpSKkbXLdEZBUfSHaP' ] }
}
ReplyError: WRONGPASS invalid username-password pair or user is disabled.
    at parseError (/Users/adrianfranciscoperezgomez/Desktop/Personal Apps/vult-intel/node_modules/redis-parser/lib/parser.js:179:12)
    at parseType (/Users/adrianfranciscoperezgomez/Desktop/Personal Apps/vult-intel/node_modules/redis-parser/lib/parser.js:302:14) {
  command: { name: 'auth', args: [ 'IVB0VPnPl0urvQrpSKkbXLdEZBUfSHaP' ] }
}
ReplyError: WRONGPASS invalid username-password pair or user is disabled.
    at parseError (/Users/adrianfranciscoperezgomez/Desktop/Personal Apps/vult-intel/node_modules/redis-parser/lib/parser.js:179:12)
    at parseType (/Users/adrianfranciscoperezgomez/Desktop/Personal Apps/vult-intel/node_modules/redis-parser/lib/parser.js:302:14) {
  command: { name: 'auth', args: [ 'IVB0VPnPl0urvQrpSKkbXLdEZBUfSHaP' ] }
}
Connected to Redis for persistence
Redis connection error: ReplyError: WRONGPASS invalid username-password pair or user is disabled.
    at parseError (/Users/adrianfranciscoperezgomez/Desktop/Personal Apps/vult-intel/node_modules/redis-parser/lib/parser.js:179:12)
    at parseType (/Users/adrianfranciscoperezgomez/Desktop/Personal Apps/vult-intel/node_modules/redis-parser/lib/parser.js:302:14) {
  command: { name: 'auth', args: [ 'IVB0VPnPl0urvQrpSKkbXLdEZBUfSHaP' ] }
}
ReplyError: WRONGPASS invalid username-password pair or user is disabled.
    at parseError (/Users/adrianfranciscoperezgomez/Desktop/Personal Apps/vult-intel/node_modules/redis-parser/lib/parser.js:179:12)
    at parseType (/Users/adrianfranciscoperezgomez/Desktop/Personal Apps/vult-intel/node_modules/redis-parser/lib/parser.js:302:14) {
  command: { name: 'auth', args: [ 'IVB0VPnPl0urvQrpSKkbXLdEZBUfSHaP' ] }
}
ReplyError: WRONGPASS invalid username-password pair or user is disabled.
    at parseError (/Users/adrianfranciscoperezgomez/Desktop/Personal Apps/vult-intel/node_modules/redis-parser/lib/parser.js:179:12)
    at parseType (/Users/adrianfranciscoperezgomez/Desktop/Personal Apps/vult-intel/node_modules/redis-parser/lib/parser.js:302:14) {
  command: { name: 'auth', args: [ 'IVB0VPnPl0urvQrpSKkbXLdEZBUfSHaP' ] }
}
ReplyError: WRONGPASS invalid username-password pair or user is disabled.
    at parseError (/Users/adrianfranciscoperezgomez/Desktop/Personal Apps/vult-intel/node_modules/redis-parser/lib/parser.js:179:12)
    at parseType (/Users/adrianfranciscoperezgomez/Desktop/Personal Apps/vult-intel/node_modules/redis-parser/lib/parser.js:302:14) {
  command: { name: 'auth', args: [ 'IVB0VPnPl0urvQrpSKkbXLdEZBUfSHaP' ] }
}
ReplyError: WRONGPASS invalid username-password pair or user is disabled.
    at parseError (/Users/adrianfranciscoperezgomez/Desktop/Personal Apps/vult-intel/node_modules/redis-parser/lib/parser.js:179:12)
    at parseType (/Users/adrianfranciscoperezgomez/Desktop/Personal Apps/vult-intel/node_modules/redis-parser/lib/parser.js:302:14) {
  command: { name: 'auth', args: [ 'IVB0VPnPl0urvQrpSKkbXLdEZBUfSHaP' ] }
}
ReplyError: WRONGPASS invalid username-password pair or user is disabled.
    at parseError (/Users/adrianfranciscoperezgomez/Desktop/Personal Apps/vult-intel/node_modules/redis-parser/lib/parser.js:179:12)
    at parseType (/Users/adrianfranciscoperezgomez/Desktop/Personal Apps/vult-intel/node_modules/redis-parser/lib/parser.js:302:14) {
  command: { name: 'auth', args: [ 'IVB0VPnPl0urvQrpSKkbXLdEZBUfSHaP' ] }
}
ReplyError: WRONGPASS invalid username-password pair or user is disabled.
    at parseError (/Users/adrianfranciscoperezgomez/Desktop/Personal Apps/vult-intel/node_modules/redis-parser/lib/parser.js:179:12)
    at parseType (/Users/adrianfranciscoperezgomez/Desktop/Personal Apps/vult-intel/node_modules/redis-parser/lib/parser.js:302:14) {
  command: { name: 'auth', args: [ 'IVB0VPnPl0urvQrpSKkbXLdEZBUfSHaP' ] }
}
Connected to Redis for persistence
Redis connection error: ReplyError: WRONGPASS invalid username-password pair or user is disabled.
    at parseError (/Users/adrianfranciscoperezgomez/Desktop/Personal Apps/vult-intel/node_modules/redis-parser/lib/parser.js:179:12)
    at parseType (/Users/adrianfranciscoperezgomez/Desktop/Personal Apps/vult-intel/node_modules/redis-parser/lib/parser.js:302:14) {
  command: { name: 'auth', args: [ 'IVB0VPnPl0urvQrpSKkbXLdEZBUfSHaP' ] }
}
ReplyError: WRONGPASS invalid username-password pair or user is disabled.
    at parseError (/Users/adrianfranciscoperezgomez/Desktop/Personal Apps/vult-intel/node_modules/redis-parser/lib/parser.js:179:12)
    at parseType (/Users/adrianfranciscoperezgomez/Desktop/Personal Apps/vult-intel/node_modules/redis-parser/lib/parser.js:302:14) {
  command: { name: 'auth', args: [ 'IVB0VPnPl0urvQrpSKkbXLdEZBUfSHaP' ] }
}
ReplyError: WRONGPASS invalid username-password pair or user is disabled.
    at parseError (/Users/adrianfranciscoperezgomez/Desktop/Personal Apps/vult-intel/node_modules/redis-parser/lib/parser.js:179:12)
    at parseType (/Users/adrianfranciscoperezgomez/Desktop/Personal Apps/vult-intel/node_modules/redis-parser/lib/parser.js:302:14) {
  command: { name: 'auth', args: [ 'IVB0VPnPl0urvQrpSKkbXLdEZBUfSHaP' ] }
}
ReplyError: WRONGPASS invalid username-password pair or user is disabled.
    at parseError (/Users/adrianfranciscoperezgomez/Desktop/Personal Apps/vult-intel/node_modules/redis-parser/lib/parser.js:179:12)
    at parseType (/Users/adrianfranciscoperezgomez/Desktop/Personal Apps/vult-intel/node_modules/redis-parser/lib/parser.js:302:14) {
  command: { name: 'auth', args: [ 'IVB0VPnPl0urvQrpSKkbXLdEZBUfSHaP' ] }
}
ReplyError: WRONGPASS invalid username-password pair or user is disabled.
    at parseError (/Users/adrianfranciscoperezgomez/Desktop/Personal Apps/vult-intel/node_modules/redis-parser/lib/parser.js:179:12)
    at parseType (/Users/adrianfranciscoperezgomez/Desktop/Personal Apps/vult-intel/node_modules/redis-parser/lib/parser.js:302:14) {
  command: { name: 'auth', args: [ 'IVB0VPnPl0urvQrpSKkbXLdEZBUfSHaP' ] }
}
ReplyError: WRONGPASS invalid username-password pair or user is disabled.
    at parseError (/Users/adrianfranciscoperezgomez/Desktop/Personal Apps/vult-intel/node_modules/redis-parser/lib/parser.js:179:12)
    at parseType (/Users/adrianfranciscoperezgomez/Desktop/Personal Apps/vult-intel/node_modules/redis-parser/lib/parser.js:302:14) {
  command: { name: 'auth', args: [ 'IVB0VPnPl0urvQrpSKkbXLdEZBUfSHaP' ] }
}
ReplyError: WRONGPASS invalid username-password pair or user is disabled.
    at parseError (/Users/adrianfranciscoperezgomez/Desktop/Personal Apps/vult-intel/node_modules/redis-parser/lib/parser.js:179:12)
    at parseType (/Users/adrianfranciscoperezgomez/Desktop/Personal Apps/vult-intel/node_modules/redis-parser/lib/parser.js:302:14) {
  command: { name: 'auth', args: [ 'IVB0VPnPl0urvQrpSKkbXLdEZBUfSHaP' ] }
}
Connected to Redis for persistence
Redis connection error: ReplyError: WRONGPASS invalid username-password pair or user is disabled.
    at parseError (/Users/adrianfranciscoperezgomez/Desktop/Personal Apps/vult-intel/node_modules/redis-parser/lib/parser.js:179:12)
    at parseType (/Users/adrianfranciscoperezgomez/Desktop/Personal Apps/vult-intel/node_modules/redis-parser/lib/parser.js:302:14) {
  command: { name: 'auth', args: [ 'IVB0VPnPl0urvQrpSKkbXLdEZBUfSHaP' ] }
}
ReplyError: WRONGPASS invalid username-password pair or user is disabled.
    at parseError (/Users/adrianfranciscoperezgomez/Desktop/Personal Apps/vult-intel/node_modules/redis-parser/lib/parser.js:179:12)
    at parseType (/Users/adrianfranciscoperezgomez/Desktop/Personal Apps/vult-intel/node_modules/redis-parser/lib/parser.js:302:14) {
  command: { name: 'auth', args: [ 'IVB0VPnPl0urvQrpSKkbXLdEZBUfSHaP' ] }
}
ReplyError: WRONGPASS invalid username-password pair or user is disabled.
    at parseError (/Users/adrianfranciscoperezgomez/Desktop/Personal Apps/vult-intel/node_modules/redis-parser/lib/parser.js:179:12)
    at parseType (/Users/adrianfranciscoperezgomez/Desktop/Personal Apps/vult-intel/node_modules/redis-parser/lib/parser.js:302:14) {
  command: { name: 'auth', args: [ 'IVB0VPnPl0urvQrpSKkbXLdEZBUfSHaP' ] }
}
ReplyError: WRONGPASS invalid username-password pair or user is disabled.
    at parseError (/Users/adrianfranciscoperezgomez/Desktop/Personal Apps/vult-intel/node_modules/redis-parser/lib/parser.js:179:12)
    at parseType (/Users/adrianfranciscoperezgomez/Desktop/Personal Apps/vult-intel/node_modules/redis-parser/lib/parser.js:302:14) {
  command: { name: 'auth', args: [ 'IVB0VPnPl0urvQrpSKkbXLdEZBUfSHaP' ] }
}
ReplyError: WRONGPASS invalid username-password pair or user is disabled.
    at parseError (/Users/adrianfranciscoperezgomez/Desktop/Personal Apps/vult-intel/node_modules/redis-parser/lib/parser.js:179:12)
    at parseType (/Users/adrianfranciscoperezgomez/Desktop/Personal Apps/vult-intel/node_modules/redis-parser/lib/parser.js:302:14) {
  command: { name: 'auth', args: [ 'IVB0VPnPl0urvQrpSKkbXLdEZBUfSHaP' ] }
}
ReplyError: WRONGPASS invalid username-password pair or user is disabled.
    at parseError (/Users/adrianfranciscoperezgomez/Desktop/Personal Apps/vult-intel/node_modules/redis-parser/lib/parser.js:179:12)
    at parseType (/Users/adrianfranciscoperezgomez/Desktop/Personal Apps/vult-intel/node_modules/redis-parser/lib/parser.js:302:14) {
  command: { name: 'auth', args: [ 'IVB0VPnPl0urvQrpSKkbXLdEZBUfSHaP' ] }
}
ReplyError: WRONGPASS invalid username-password pair or user is disabled.
    at parseError (/Users/adrianfranciscoperezgomez/Desktop/Personal Apps/vult-intel/node_modules/redis-parser/lib/parser.js:179:12)
    at parseType (/Users/adrianfranciscoperezgomez/Desktop/Personal Apps/vult-intel/node_modules/redis-parser/lib/parser.js:302:14) {
  command: { name: 'auth', args: [ 'IVB0VPnPl0urvQrpSKkbXLdEZBUfSHaP' ] }
}
Connected to Redis for persistence
Redis connection error: ReplyError: WRONGPASS invalid username-password pair or user is disabled.
    at parseError (/Users/adrianfranciscoperezgomez/Desktop/Personal Apps/vult-intel/node_modules/redis-parser/lib/parser.js:179:12)
    at parseType (/Users/adrianfranciscoperezgomez/Desktop/Personal Apps/vult-intel/node_modules/redis-parser/lib/parser.js:302:14) {
  command: { name: 'auth', args: [ 'IVB0VPnPl0urvQrpSKkbXLdEZBUfSHaP' ] }
}
ReplyError: WRONGPASS invalid username-password pair or user is disabled.
    at parseError (/Users/adrianfranciscoperezgomez/Desktop/Personal Apps/vult-intel/node_modules/redis-parser/lib/parser.js:179:12)
    at parseType (/Users/adrianfranciscoperezgomez/Desktop/Personal Apps/vult-intel/node_modules/redis-parser/lib/parser.js:302:14) {
  command: { name: 'auth', args: [ 'IVB0VPnPl0urvQrpSKkbXLdEZBUfSHaP' ] }
}
ReplyError: WRONGPASS invalid username-password pair or user is disabled.
    at parseError (/Users/adrianfranciscoperezgomez/Desktop/Personal Apps/vult-intel/node_modules/redis-parser/lib/parser.js:179:12)
    at parseType (/Users/adrianfranciscoperezgomez/Desktop/Personal Apps/vult-intel/node_modules/redis-parser/lib/parser.js:302:14) {
  command: { name: 'auth', args: [ 'IVB0VPnPl0urvQrpSKkbXLdEZBUfSHaP' ] }
}
ReplyError: WRONGPASS invalid username-password pair or user is disabled.
    at parseError (/Users/adrianfranciscoperezgomez/Desktop/Personal Apps/vult-intel/node_modules/redis-parser/lib/parser.js:179:12)
    at parseType (/Users/adrianfranciscoperezgomez/Desktop/Personal Apps/vult-intel/node_modules/redis-parser/lib/parser.js:302:14) {
  command: { name: 'auth', args: [ 'IVB0VPnPl0urvQrpSKkbXLdEZBUfSHaP' ] }
}
ReplyError: WRONGPASS invalid username-password pair or user is disabled.
    at parseError (/Users/adrianfranciscoperezgomez/Desktop/Personal Apps/vult-intel/node_modules/redis-parser/lib/parser.js:179:12)
    at parseType (/Users/adrianfranciscoperezgomez/Desktop/Personal Apps/vult-intel/node_modules/redis-parser/lib/parser.js:302:14) {
  command: { name: 'auth', args: [ 'IVB0VPnPl0urvQrpSKkbXLdEZBUfSHaP' ] }
}
ReplyError: WRONGPASS invalid username-password pair or user is disabled.
    at parseError (/Users/adrianfranciscoperezgomez/Desktop/Personal Apps/vult-intel/node_modules/redis-parser/lib/parser.js:179:12)
    at parseType (/Users/adrianfranciscoperezgomez/Desktop/Personal Apps/vult-intel/node_modules/redis-parser/lib/parser.js:302:14) {
  command: { name: 'auth', args: [ 'IVB0VPnPl0urvQrpSKkbXLdEZBUfSHaP' ] }
}
ReplyError: WRONGPASS invalid username-password pair or user is disabled.
    at parseError (/Users/adrianfranciscoperezgomez/Desktop/Personal Apps/vult-intel/node_modules/redis-parser/lib/parser.js:179:12)
    at parseType (/Users/adrianfranciscoperezgomez/Desktop/Personal Apps/vult-intel/node_modules/redis-parser/lib/parser.js:302:14) {
  command: { name: 'auth', args: [ 'IVB0VPnPl0urvQrpSKkbXLdEZBUfSHaP' ] }
}
Connected to Redis for persistence
Redis connection error: ReplyError: WRONGPASS invalid username-password pair or user is disabled.
    at parseError (/Users/adrianfranciscoperezgomez/Desktop/Personal Apps/vult-intel/node_modules/redis-parser/lib/parser.js:179:12)
    at parseType (/Users/adrianfranciscoperezgomez/Desktop/Personal Apps/vult-intel/node_modules/redis-parser/lib/parser.js:302:14) {
  command: { name: 'auth', args: [ 'IVB0VPnPl0urvQrpSKkbXLdEZBUfSHaP' ] }
}
ReplyError: WRONGPASS invalid username-password pair or user is disabled.
    at parseError (/Users/adrianfranciscoperezgomez/Desktop/Personal Apps/vult-intel/node_modules/redis-parser/lib/parser.js:179:12)
    at parseType (/Users/adrianfranciscoperezgomez/Desktop/Personal Apps/vult-intel/node_modules/redis-parser/lib/parser.js:302:14) {
  command: { name: 'auth', args: [ 'IVB0VPnPl0urvQrpSKkbXLdEZBUfSHaP' ] }
}
ReplyError: WRONGPASS invalid username-password pair or user is disabled.
    at parseError (/Users/adrianfranciscoperezgomez/Desktop/Personal Apps/vult-intel/node_modules/redis-parser/lib/parser.js:179:12)
    at parseType (/Users/adrianfranciscoperezgomez/Desktop/Personal Apps/vult-intel/node_modules/redis-parser/lib/parser.js:302:14) {
  command: { name: 'auth', args: [ 'IVB0VPnPl0urvQrpSKkbXLdEZBUfSHaP' ] }
}
ReplyError: WRONGPASS invalid username-password pair or user is disabled.
    at parseError (/Users/adrianfranciscoperezgomez/Desktop/Personal Apps/vult-intel/node_modules/redis-parser/lib/parser.js:179:12)
    at parseType (/Users/adrianfranciscoperezgomez/Desktop/Personal Apps/vult-intel/node_modules/redis-parser/lib/parser.js:302:14) {
  command: { name: 'auth', args: [ 'IVB0VPnPl0urvQrpSKkbXLdEZBUfSHaP' ] }
}
ReplyError: WRONGPASS invalid username-password pair or user is disabled.
    at parseError (/Users/adrianfranciscoperezgomez/Desktop/Personal Apps/vult-intel/node_modules/redis-parser/lib/parser.js:179:12)
    at parseType (/Users/adrianfranciscoperezgomez/Desktop/Personal Apps/vult-intel/node_modules/redis-parser/lib/parser.js:302:14) {
  command: { name: 'auth', args: [ 'IVB0VPnPl0urvQrpSKkbXLdEZBUfSHaP' ] }
}
ReplyError: WRONGPASS invalid username-password pair or user is disabled.
    at parseError (/Users/adrianfranciscoperezgomez/Desktop/Personal Apps/vult-intel/node_modules/redis-parser/lib/parser.js:179:12)
    at parseType (/Users/adrianfranciscoperezgomez/Desktop/Personal Apps/vult-intel/node_modules/redis-parser/lib/parser.js:302:14) {
  command: { name: 'auth', args: [ 'IVB0VPnPl0urvQrpSKkbXLdEZBUfSHaP' ] }
}
ReplyError: WRONGPASS invalid username-password pair or user is disabled.
    at parseError (/Users/adrianfranciscoperezgomez/Desktop/Personal Apps/vult-intel/node_modules/redis-parser/lib/parser.js:179:12)
    at parseType (/Users/adrianfranciscoperezgomez/Desktop/Personal Apps/vult-intel/node_modules/redis-parser/lib/parser.js:302:14) {
  command: { name: 'auth', args: [ 'IVB0VPnPl0urvQrpSKkbXLdEZBUfSHaP' ] }
}
Connected to Redis for persistence
Redis connection error: ReplyError: WRONGPASS invalid username-password pair or user is disabled.
    at parseError (/Users/adrianfranciscoperezgomez/Desktop/Personal Apps/vult-intel/node_modules/redis-parser/lib/parser.js:179:12)
    at parseType (/Users/adrianfranciscoperezgomez/Desktop/Personal Apps/vult-intel/node_modules/redis-parser/lib/parser.js:302:14) {
  command: { name: 'auth', args: [ 'IVB0VPnPl0urvQrpSKkbXLdEZBUfSHaP' ] }
}
ReplyError: WRONGPASS invalid username-password pair or user is disabled.
    at parseError (/Users/adrianfranciscoperezgomez/Desktop/Personal Apps/vult-intel/node_modules/redis-parser/lib/parser.js:179:12)
    at parseType (/Users/adrianfranciscoperezgomez/Desktop/Personal Apps/vult-intel/node_modules/redis-parser/lib/parser.js:302:14) {
  command: { name: 'auth', args: [ 'IVB0VPnPl0urvQrpSKkbXLdEZBUfSHaP' ] }
}
ReplyError: WRONGPASS invalid username-password pair or user is disabled.
    at parseError (/Users/adrianfranciscoperezgomez/Desktop/Personal Apps/vult-intel/node_modules/redis-parser/lib/parser.js:179:12)
    at parseType (/Users/adrianfranciscoperezgomez/Desktop/Personal Apps/vult-intel/node_modules/redis-parser/lib/parser.js:302:14) {
  command: { name: 'auth', args: [ 'IVB0VPnPl0urvQrpSKkbXLdEZBUfSHaP' ] }
}
ReplyError: WRONGPASS invalid username-password pair or user is disabled.
    at parseError (/Users/adrianfranciscoperezgomez/Desktop/Personal Apps/vult-intel/node_modules/redis-parser/lib/parser.js:179:12)
    at parseType (/Users/adrianfranciscoperezgomez/Desktop/Personal Apps/vult-intel/node_modules/redis-parser/lib/parser.js:302:14) {
  command: { name: 'auth', args: [ 'IVB0VPnPl0urvQrpSKkbXLdEZBUfSHaP' ] }
}
ReplyError: WRONGPASS invalid username-password pair or user is disabled.
    at parseError (/Users/adrianfranciscoperezgomez/Desktop/Personal Apps/vult-intel/node_modules/redis-parser/lib/parser.js:179:12)
    at parseType (/Users/adrianfranciscoperezgomez/Desktop/Personal Apps/vult-intel/node_modules/redis-parser/lib/parser.js:302:14) {
  command: { name: 'auth', args: [ 'IVB0VPnPl0urvQrpSKkbXLdEZBUfSHaP' ] }
}
ReplyError: WRONGPASS invalid username-password pair or user is disabled.
    at parseError (/Users/adrianfranciscoperezgomez/Desktop/Personal Apps/vult-intel/node_modules/redis-parser/lib/parser.js:179:12)
    at parseType (/Users/adrianfranciscoperezgomez/Desktop/Personal Apps/vult-intel/node_modules/redis-parser/lib/parser.js:302:14) {
  command: { name: 'auth', args: [ 'IVB0VPnPl0urvQrpSKkbXLdEZBUfSHaP' ] }
}
ReplyError: WRONGPASS invalid username-password pair or user is disabled.
    at parseError (/Users/adrianfranciscoperezgomez/Desktop/Personal Apps/vult-intel/node_modules/redis-parser/lib/parser.js:179:12)
    at parseType (/Users/adrianfranciscoperezgomez/Desktop/Personal Apps/vult-intel/node_modules/redis-parser/lib/parser.js:302:14) {
  command: { name: 'auth', args: [ 'IVB0VPnPl0urvQrpSKkbXLdEZBUfSHaP' ] }
}
Connected to Redis for persistence
Redis connection error: ReplyError: WRONGPASS invalid username-password pair or user is disabled.
    at parseError (/Users/adrianfranciscoperezgomez/Desktop/Personal Apps/vult-intel/node_modules/redis-parser/lib/parser.js:179:12)
    at parseType (/Users/adrianfranciscoperezgomez/Desktop/Personal Apps/vult-intel/node_modules/redis-parser/lib/parser.js:302:14) {
  command: { name: 'auth', args: [ 'IVB0VPnPl0urvQrpSKkbXLdEZBUfSHaP' ] }
}
ReplyError: WRONGPASS invalid username-password pair or user is disabled.
    at parseError (/Users/adrianfranciscoperezgomez/Desktop/Personal Apps/vult-intel/node_modules/redis-parser/lib/parser.js:179:12)
    at parseType (/Users/adrianfranciscoperezgomez/Desktop/Personal Apps/vult-intel/node_modules/redis-parser/lib/parser.js:302:14) {
  command: { name: 'auth', args: [ 'IVB0VPnPl0urvQrpSKkbXLdEZBUfSHaP' ] }
}
ReplyError: WRONGPASS invalid username-password pair or user is disabled.
    at parseError (/Users/adrianfranciscoperezgomez/Desktop/Personal Apps/vult-intel/node_modules/redis-parser/lib/parser.js:179:12)
    at parseType (/Users/adrianfranciscoperezgomez/Desktop/Personal Apps/vult-intel/node_modules/redis-parser/lib/parser.js:302:14) {
  command: { name: 'auth', args: [ 'IVB0VPnPl0urvQrpSKkbXLdEZBUfSHaP' ] }
}
ReplyError: WRONGPASS invalid username-password pair or user is disabled.
    at parseError (/Users/adrianfranciscoperezgomez/Desktop/Personal Apps/vult-intel/node_modules/redis-parser/lib/parser.js:179:12)
    at parseType (/Users/adrianfranciscoperezgomez/Desktop/Personal Apps/vult-intel/node_modules/redis-parser/lib/parser.js:302:14) {
  command: { name: 'auth', args: [ 'IVB0VPnPl0urvQrpSKkbXLdEZBUfSHaP' ] }
}
ReplyError: WRONGPASS invalid username-password pair or user is disabled.
    at parseError (/Users/adrianfranciscoperezgomez/Desktop/Personal Apps/vult-intel/node_modules/redis-parser/lib/parser.js:179:12)
    at parseType (/Users/adrianfranciscoperezgomez/Desktop/Personal Apps/vult-intel/node_modules/redis-parser/lib/parser.js:302:14) {
  command: { name: 'auth', args: [ 'IVB0VPnPl0urvQrpSKkbXLdEZBUfSHaP' ] }
}
ReplyError: WRONGPASS invalid username-password pair or user is disabled.
    at parseError (/Users/adrianfranciscoperezgomez/Desktop/Personal Apps/vult-intel/node_modules/redis-parser/lib/parser.js:179:12)
    at parseType (/Users/adrianfranciscoperezgomez/Desktop/Personal Apps/vult-intel/node_modules/redis-parser/lib/parser.js:302:14) {
  command: { name: 'auth', args: [ 'IVB0VPnPl0urvQrpSKkbXLdEZBUfSHaP' ] }
}
ReplyError: WRONGPASS invalid username-password pair or user is disabled.
    at parseError (/Users/adrianfranciscoperezgomez/Desktop/Personal Apps/vult-intel/node_modules/redis-parser/lib/parser.js:179:12)
    at parseType (/Users/adrianfranciscoperezgomez/Desktop/Personal Apps/vult-intel/node_modules/redis-parser/lib/parser.js:302:14) {
  command: { name: 'auth', args: [ 'IVB0VPnPl0urvQrpSKkbXLdEZBUfSHaP' ] }
}
Connected to Redis for persistence
Redis connection error: ReplyError: WRONGPASS invalid username-password pair or user is disabled.
    at parseError (/Users/adrianfranciscoperezgomez/Desktop/Personal Apps/vult-intel/node_modules/redis-parser/lib/parser.js:179:12)
    at parseType (/Users/adrianfranciscoperezgomez/Desktop/Personal Apps/vult-intel/node_modules/redis-parser/lib/parser.js:302:14) {
  command: { name: 'auth', args: [ 'IVB0VPnPl0urvQrpSKkbXLdEZBUfSHaP' ] }
}
ReplyError: WRONGPASS invalid username-password pair or user is disabled.
    at parseError (/Users/adrianfranciscoperezgomez/Desktop/Personal Apps/vult-intel/node_modules/redis-parser/lib/parser.js:179:12)
    at parseType (/Users/adrianfranciscoperezgomez/Desktop/Personal Apps/vult-intel/node_modules/redis-parser/lib/parser.js:302:14) {
  command: { name: 'auth', args: [ 'IVB0VPnPl0urvQrpSKkbXLdEZBUfSHaP' ] }
}
ReplyError: WRONGPASS invalid username-password pair or user is disabled.
    at parseError (/Users/adrianfranciscoperezgomez/Desktop/Personal Apps/vult-intel/node_modules/redis-parser/lib/parser.js:179:12)
    at parseType (/Users/adrianfranciscoperezgomez/Desktop/Personal Apps/vult-intel/node_modules/redis-parser/lib/parser.js:302:14) {
  command: { name: 'auth', args: [ 'IVB0VPnPl0urvQrpSKkbXLdEZBUfSHaP' ] }
}
ReplyError: WRONGPASS invalid username-password pair or user is disabled.
    at parseError (/Users/adrianfranciscoperezgomez/Desktop/Personal Apps/vult-intel/node_modules/redis-parser/lib/parser.js:179:12)
    at parseType (/Users/adrianfranciscoperezgomez/Desktop/Personal Apps/vult-intel/node_modules/redis-parser/lib/parser.js:302:14) {
  command: { name: 'auth', args: [ 'IVB0VPnPl0urvQrpSKkbXLdEZBUfSHaP' ] }
}
ReplyError: WRONGPASS invalid username-password pair or user is disabled.
    at parseError (/Users/adrianfranciscoperezgomez/Desktop/Personal Apps/vult-intel/node_modules/redis-parser/lib/parser.js:179:12)
    at parseType (/Users/adrianfranciscoperezgomez/Desktop/Personal Apps/vult-intel/node_modules/redis-parser/lib/parser.js:302:14) {
  command: { name: 'auth', args: [ 'IVB0VPnPl0urvQrpSKkbXLdEZBUfSHaP' ] }
}
ReplyError: WRONGPASS invalid username-password pair or user is disabled.
    at parseError (/Users/adrianfranciscoperezgomez/Desktop/Personal Apps/vult-intel/node_modules/redis-parser/lib/parser.js:179:12)
    at parseType (/Users/adrianfranciscoperezgomez/Desktop/Personal Apps/vult-intel/node_modules/redis-parser/lib/parser.js:302:14) {
  command: { name: 'auth', args: [ 'IVB0VPnPl0urvQrpSKkbXLdEZBUfSHaP' ] }
}
ReplyError: WRONGPASS invalid username-password pair or user is disabled.
    at parseError (/Users/adrianfranciscoperezgomez/Desktop/Personal Apps/vult-intel/node_modules/redis-parser/lib/parser.js:179:12)
    at parseType (/Users/adrianfranciscoperezgomez/Desktop/Personal Apps/vult-intel/node_modules/redis-parser/lib/parser.js:302:14) {
  command: { name: 'auth', args: [ 'IVB0VPnPl0urvQrpSKkbXLdEZBUfSHaP' ] }
}
Connected to Redis for persistence
Redis connection error: ReplyError: WRONGPASS invalid username-password pair or user is disabled.
    at parseError (/Users/adrianfranciscoperezgomez/Desktop/Personal Apps/vult-intel/node_modules/redis-parser/lib/parser.js:179:12)
    at parseType (/Users/adrianfranciscoperezgomez/Desktop/Personal Apps/vult-intel/node_modules/redis-parser/lib/parser.js:302:14) {
  command: { name: 'auth', args: [ 'IVB0VPnPl0urvQrpSKkbXLdEZBUfSHaP' ] }
}
ReplyError: WRONGPASS invalid username-password pair or user is disabled.
    at parseError (/Users/adrianfranciscoperezgomez/Desktop/Personal Apps/vult-intel/node_modules/redis-parser/lib/parser.js:179:12)
    at parseType (/Users/adrianfranciscoperezgomez/Desktop/Personal Apps/vult-intel/node_modules/redis-parser/lib/parser.js:302:14) {
  command: { name: 'auth', args: [ 'IVB0VPnPl0urvQrpSKkbXLdEZBUfSHaP' ] }
}
ReplyError: WRONGPASS invalid username-password pair or user is disabled.
    at parseError (/Users/adrianfranciscoperezgomez/Desktop/Personal Apps/vult-intel/node_modules/redis-parser/lib/parser.js:179:12)
    at parseType (/Users/adrianfranciscoperezgomez/Desktop/Personal Apps/vult-intel/node_modules/redis-parser/lib/parser.js:302:14) {
  command: { name: 'auth', args: [ 'IVB0VPnPl0urvQrpSKkbXLdEZBUfSHaP' ] }
}
ReplyError: WRONGPASS invalid username-password pair or user is disabled.
    at parseError (/Users/adrianfranciscoperezgomez/Desktop/Personal Apps/vult-intel/node_modules/redis-parser/lib/parser.js:179:12)
    at parseType (/Users/adrianfranciscoperezgomez/Desktop/Personal Apps/vult-intel/node_modules/redis-parser/lib/parser.js:302:14) {
  command: { name: 'auth', args: [ 'IVB0VPnPl0urvQrpSKkbXLdEZBUfSHaP' ] }
}
ReplyError: WRONGPASS invalid username-password pair or user is disabled.
    at parseError (/Users/adrianfranciscoperezgomez/Desktop/Personal Apps/vult-intel/node_modules/redis-parser/lib/parser.js:179:12)
    at parseType (/Users/adrianfranciscoperezgomez/Desktop/Personal Apps/vult-intel/node_modules/redis-parser/lib/parser.js:302:14) {
  command: { name: 'auth', args: [ 'IVB0VPnPl0urvQrpSKkbXLdEZBUfSHaP' ] }
}
ReplyError: WRONGPASS invalid username-password pair or user is disabled.
    at parseError (/Users/adrianfranciscoperezgomez/Desktop/Personal Apps/vult-intel/node_modules/redis-parser/lib/parser.js:179:12)
    at parseType (/Users/adrianfranciscoperezgomez/Desktop/Personal Apps/vult-intel/node_modules/redis-parser/lib/parser.js:302:14) {
  command: { name: 'auth', args: [ 'IVB0VPnPl0urvQrpSKkbXLdEZBUfSHaP' ] }
}
ReplyError: WRONGPASS invalid username-password pair or user is disabled.
    at parseError (/Users/adrianfranciscoperezgomez/Desktop/Personal Apps/vult-intel/node_modules/redis-parser/lib/parser.js:179:12)
    at parseType (/Users/adrianfranciscoperezgomez/Desktop/Personal Apps/vult-intel/node_modules/redis-parser/lib/parser.js:302:14) {
  command: { name: 'auth', args: [ 'IVB0VPnPl0urvQrpSKkbXLdEZBUfSHaP' ] }
}
Connected to Redis for persistence
Redis connection error: ReplyError: WRONGPASS invalid username-password pair or user is disabled.
    at parseError (/Users/adrianfranciscoperezgomez/Desktop/Personal Apps/vult-intel/node_modules/redis-parser/lib/parser.js:179:12)
    at parseType (/Users/adrianfranciscoperezgomez/Desktop/Personal Apps/vult-intel/node_modules/redis-parser/lib/parser.js:302:14) {
  command: { name: 'auth', args: [ 'IVB0VPnPl0urvQrpSKkbXLdEZBUfSHaP' ] }
}
ReplyError: WRONGPASS invalid username-password pair or user is disabled.
    at parseError (/Users/adrianfranciscoperezgomez/Desktop/Personal Apps/vult-intel/node_modules/redis-parser/lib/parser.js:179:12)
    at parseType (/Users/adrianfranciscoperezgomez/Desktop/Personal Apps/vult-intel/node_modules/redis-parser/lib/parser.js:302:14) {
  command: { name: 'auth', args: [ 'IVB0VPnPl0urvQrpSKkbXLdEZBUfSHaP' ] }
}
ReplyError: WRONGPASS invalid username-password pair or user is disabled.
    at parseError (/Users/adrianfranciscoperezgomez/Desktop/Personal Apps/vult-intel/node_modules/redis-parser/lib/parser.js:179:12)
    at parseType (/Users/adrianfranciscoperezgomez/Desktop/Personal Apps/vult-intel/node_modules/redis-parser/lib/parser.js:302:14) {
  command: { name: 'auth', args: [ 'IVB0VPnPl0urvQrpSKkbXLdEZBUfSHaP' ] }
}
ReplyError: WRONGPASS invalid username-password pair or user is disabled.
    at parseError (/Users/adrianfranciscoperezgomez/Desktop/Personal Apps/vult-intel/node_modules/redis-parser/lib/parser.js:179:12)
    at parseType (/Users/adrianfranciscoperezgomez/Desktop/Personal Apps/vult-intel/node_modules/redis-parser/lib/parser.js:302:14) {
  command: { name: 'auth', args: [ 'IVB0VPnPl0urvQrpSKkbXLdEZBUfSHaP' ] }
}
ReplyError: WRONGPASS invalid username-password pair or user is disabled.
    at parseError (/Users/adrianfranciscoperezgomez/Desktop/Personal Apps/vult-intel/node_modules/redis-parser/lib/parser.js:179:12)
    at parseType (/Users/adrianfranciscoperezgomez/Desktop/Personal Apps/vult-intel/node_modules/redis-parser/lib/parser.js:302:14) {
  command: { name: 'auth', args: [ 'IVB0VPnPl0urvQrpSKkbXLdEZBUfSHaP' ] }
}
ReplyError: WRONGPASS invalid username-password pair or user is disabled.
    at parseError (/Users/adrianfranciscoperezgomez/Desktop/Personal Apps/vult-intel/node_modules/redis-parser/lib/parser.js:179:12)
    at parseType (/Users/adrianfranciscoperezgomez/Desktop/Personal Apps/vult-intel/node_modules/redis-parser/lib/parser.js:302:14) {
  command: { name: 'auth', args: [ 'IVB0VPnPl0urvQrpSKkbXLdEZBUfSHaP' ] }
}
ReplyError: WRONGPASS invalid username-password pair or user is disabled.
    at parseError (/Users/adrianfranciscoperezgomez/Desktop/Personal Apps/vult-intel/node_modules/redis-parser/lib/parser.js:179:12)
    at parseType (/Users/adrianfranciscoperezgomez/Desktop/Personal Apps/vult-intel/node_modules/redis-parser/lib/parser.js:302:14) {
  command: { name: 'auth', args: [ 'IVB0VPnPl0urvQrpSKkbXLdEZBUfSHaP' ] }
}
Connected to Redis for persistence
Redis connection error: ReplyError: WRONGPASS invalid username-password pair or user is disabled.
    at parseError (/Users/adrianfranciscoperezgomez/Desktop/Personal Apps/vult-intel/node_modules/redis-parser/lib/parser.js:179:12)
    at parseType (/Users/adrianfranciscoperezgomez/Desktop/Personal Apps/vult-intel/node_modules/redis-parser/lib/parser.js:302:14) {
  command: { name: 'auth', args: [ 'IVB0VPnPl0urvQrpSKkbXLdEZBUfSHaP' ] }
}
ReplyError: WRONGPASS invalid username-password pair or user is disabled.
    at parseError (/Users/adrianfranciscoperezgomez/Desktop/Personal Apps/vult-intel/node_modules/redis-parser/lib/parser.js:179:12)
    at parseType (/Users/adrianfranciscoperezgomez/Desktop/Personal Apps/vult-intel/node_modules/redis-parser/lib/parser.js:302:14) {
  command: { name: 'auth', args: [ 'IVB0VPnPl0urvQrpSKkbXLdEZBUfSHaP' ] }
}
ReplyError: WRONGPASS invalid username-password pair or user is disabled.
    at parseError (/Users/adrianfranciscoperezgomez/Desktop/Personal Apps/vult-intel/node_modules/redis-parser/lib/parser.js:179:12)
    at parseType (/Users/adrianfranciscoperezgomez/Desktop/Personal Apps/vult-intel/node_modules/redis-parser/lib/parser.js:302:14) {
  command: { name: 'auth', args: [ 'IVB0VPnPl0urvQrpSKkbXLdEZBUfSHaP' ] }
}
ReplyError: WRONGPASS invalid username-password pair or user is disabled.
    at parseError (/Users/adrianfranciscoperezgomez/Desktop/Personal Apps/vult-intel/node_modules/redis-parser/lib/parser.js:179:12)
    at parseType (/Users/adrianfranciscoperezgomez/Desktop/Personal Apps/vult-intel/node_modules/redis-parser/lib/parser.js:302:14) {
  command: { name: 'auth', args: [ 'IVB0VPnPl0urvQrpSKkbXLdEZBUfSHaP' ] }
}
ReplyError: WRONGPASS invalid username-password pair or user is disabled.
    at parseError (/Users/adrianfranciscoperezgomez/Desktop/Personal Apps/vult-intel/node_modules/redis-parser/lib/parser.js:179:12)
    at parseType (/Users/adrianfranciscoperezgomez/Desktop/Personal Apps/vult-intel/node_modules/redis-parser/lib/parser.js:302:14) {
  command: { name: 'auth', args: [ 'IVB0VPnPl0urvQrpSKkbXLdEZBUfSHaP' ] }
}
ReplyError: WRONGPASS invalid username-password pair or user is disabled.
    at parseError (/Users/adrianfranciscoperezgomez/Desktop/Personal Apps/vult-intel/node_modules/redis-parser/lib/parser.js:179:12)
    at parseType (/Users/adrianfranciscoperezgomez/Desktop/Personal Apps/vult-intel/node_modules/redis-parser/lib/parser.js:302:14) {
  command: { name: 'auth', args: [ 'IVB0VPnPl0urvQrpSKkbXLdEZBUfSHaP' ] }
}
ReplyError: WRONGPASS invalid username-password pair or user is disabled.
    at parseError (/Users/adrianfranciscoperezgomez/Desktop/Personal Apps/vult-intel/node_modules/redis-parser/lib/parser.js:179:12)
    at parseType (/Users/adrianfranciscoperezgomez/Desktop/Personal Apps/vult-intel/node_modules/redis-parser/lib/parser.js:302:14) {
  command: { name: 'auth', args: [ 'IVB0VPnPl0urvQrpSKkbXLdEZBUfSHaP' ] }
}
Connected to Redis for persistence
Redis connection error: ReplyError: WRONGPASS invalid username-password pair or user is disabled.
    at parseError (/Users/adrianfranciscoperezgomez/Desktop/Personal Apps/vult-intel/node_modules/redis-parser/lib/parser.js:179:12)
    at parseType (/Users/adrianfranciscoperezgomez/Desktop/Personal Apps/vult-intel/node_modules/redis-parser/lib/parser.js:302:14) {
  command: { name: 'auth', args: [ 'IVB0VPnPl0urvQrpSKkbXLdEZBUfSHaP' ] }
}
ReplyError: WRONGPASS invalid username-password pair or user is disabled.
    at parseError (/Users/adrianfranciscoperezgomez/Desktop/Personal Apps/vult-intel/node_modules/redis-parser/lib/parser.js:179:12)
    at parseType (/Users/adrianfranciscoperezgomez/Desktop/Personal Apps/vult-intel/node_modules/redis-parser/lib/parser.js:302:14) {
  command: { name: 'auth', args: [ 'IVB0VPnPl0urvQrpSKkbXLdEZBUfSHaP' ] }
}
ReplyError: WRONGPASS invalid username-password pair or user is disabled.
    at parseError (/Users/adrianfranciscoperezgomez/Desktop/Personal Apps/vult-intel/node_modules/redis-parser/lib/parser.js:179:12)
    at parseType (/Users/adrianfranciscoperezgomez/Desktop/Personal Apps/vult-intel/node_modules/redis-parser/lib/parser.js:302:14) {
  command: { name: 'auth', args: [ 'IVB0VPnPl0urvQrpSKkbXLdEZBUfSHaP' ] }
}
ReplyError: WRONGPASS invalid username-password pair or user is disabled.
    at parseError (/Users/adrianfranciscoperezgomez/Desktop/Personal Apps/vult-intel/node_modules/redis-parser/lib/parser.js:179:12)
    at parseType (/Users/adrianfranciscoperezgomez/Desktop/Personal Apps/vult-intel/node_modules/redis-parser/lib/parser.js:302:14) {
  command: { name: 'auth', args: [ 'IVB0VPnPl0urvQrpSKkbXLdEZBUfSHaP' ] }
}
ReplyError: WRONGPASS invalid username-password pair or user is disabled.
    at parseError (/Users/adrianfranciscoperezgomez/Desktop/Personal Apps/vult-intel/node_modules/redis-parser/lib/parser.js:179:12)
    at parseType (/Users/adrianfranciscoperezgomez/Desktop/Personal Apps/vult-intel/node_modules/redis-parser/lib/parser.js:302:14) {
  command: { name: 'auth', args: [ 'IVB0VPnPl0urvQrpSKkbXLdEZBUfSHaP' ] }
}
ReplyError: WRONGPASS invalid username-password pair or user is disabled.
    at parseError (/Users/adrianfranciscoperezgomez/Desktop/Personal Apps/vult-intel/node_modules/redis-parser/lib/parser.js:179:12)
    at parseType (/Users/adrianfranciscoperezgomez/Desktop/Personal Apps/vult-intel/node_modules/redis-parser/lib/parser.js:302:14) {
  command: { name: 'auth', args: [ 'IVB0VPnPl0urvQrpSKkbXLdEZBUfSHaP' ] }
}
ReplyError: WRONGPASS invalid username-password pair or user is disabled.
    at parseError (/Users/adrianfranciscoperezgomez/Desktop/Personal Apps/vult-intel/node_modules/redis-parser/lib/parser.js:179:12)
    at parseType (/Users/adrianfranciscoperezgomez/Desktop/Personal Apps/vult-intel/node_modules/redis-parser/lib/parser.js:302:14) {
  command: { name: 'auth', args: [ 'IVB0VPnPl0urvQrpSKkbXLdEZBUfSHaP' ] }
}
Connected to Redis for persistence
Redis connection error: ReplyError: WRONGPASS invalid username-password pair or user is disabled.
    at parseError (/Users/adrianfranciscoperezgomez/Desktop/Personal Apps/vult-intel/node_modules/redis-parser/lib/parser.js:179:12)
    at parseType (/Users/adrianfranciscoperezgomez/Desktop/Personal Apps/vult-intel/node_modules/redis-parser/lib/parser.js:302:14) {
  command: { name: 'auth', args: [ 'IVB0VPnPl0urvQrpSKkbXLdEZBUfSHaP' ] }
}
ReplyError: WRONGPASS invalid username-password pair or user is disabled.
    at parseError (/Users/adrianfranciscoperezgomez/Desktop/Personal Apps/vult-intel/node_modules/redis-parser/lib/parser.js:179:12)
    at parseType (/Users/adrianfranciscoperezgomez/Desktop/Personal Apps/vult-intel/node_modules/redis-parser/lib/parser.js:302:14) {
  command: { name: 'auth', args: [ 'IVB0VPnPl0urvQrpSKkbXLdEZBUfSHaP' ] }
}
ReplyError: WRONGPASS invalid username-password pair or user is disabled.
    at parseError (/Users/adrianfranciscoperezgomez/Desktop/Personal Apps/vult-intel/node_modules/redis-parser/lib/parser.js:179:12)
    at parseType (/Users/adrianfranciscoperezgomez/Desktop/Personal Apps/vult-intel/node_modules/redis-parser/lib/parser.js:302:14) {
  command: { name: 'auth', args: [ 'IVB0VPnPl0urvQrpSKkbXLdEZBUfSHaP' ] }
}
ReplyError: WRONGPASS invalid username-password pair or user is disabled.
    at parseError (/Users/adrianfranciscoperezgomez/Desktop/Personal Apps/vult-intel/node_modules/redis-parser/lib/parser.js:179:12)
    at parseType (/Users/adrianfranciscoperezgomez/Desktop/Personal Apps/vult-intel/node_modules/redis-parser/lib/parser.js:302:14) {
  command: { name: 'auth', args: [ 'IVB0VPnPl0urvQrpSKkbXLdEZBUfSHaP' ] }
}
ReplyError: WRONGPASS invalid username-password pair or user is disabled.
    at parseError (/Users/adrianfranciscoperezgomez/Desktop/Personal Apps/vult-intel/node_modules/redis-parser/lib/parser.js:179:12)
    at parseType (/Users/adrianfranciscoperezgomez/Desktop/Personal Apps/vult-intel/node_modules/redis-parser/lib/parser.js:302:14) {
  command: { name: 'auth', args: [ 'IVB0VPnPl0urvQrpSKkbXLdEZBUfSHaP' ] }
}
ReplyError: WRONGPASS invalid username-password pair or user is disabled.
    at parseError (/Users/adrianfranciscoperezgomez/Desktop/Personal Apps/vult-intel/node_modules/redis-parser/lib/parser.js:179:12)
    at parseType (/Users/adrianfranciscoperezgomez/Desktop/Personal Apps/vult-intel/node_modules/redis-parser/lib/parser.js:302:14) {
  command: { name: 'auth', args: [ 'IVB0VPnPl0urvQrpSKkbXLdEZBUfSHaP' ] }
}
ReplyError: WRONGPASS invalid username-password pair or user is disabled.
    at parseError (/Users/adrianfranciscoperezgomez/Desktop/Personal Apps/vult-intel/node_modules/redis-parser/lib/parser.js:179:12)
    at parseType (/Users/adrianfranciscoperezgomez/Desktop/Personal Apps/vult-intel/node_modules/redis-parser/lib/parser.js:302:14) {
  command: { name: 'auth', args: [ 'IVB0VPnPl0urvQrpSKkbXLdEZBUfSHaP' ] }
}
Connected to Redis for persistence
Redis connection error: ReplyError: WRONGPASS invalid username-password pair or user is disabled.
    at parseError (/Users/adrianfranciscoperezgomez/Desktop/Personal Apps/vult-intel/node_modules/redis-parser/lib/parser.js:179:12)
    at parseType (/Users/adrianfranciscoperezgomez/Desktop/Personal Apps/vult-intel/node_modules/redis-parser/lib/parser.js:302:14) {
  command: { name: 'auth', args: [ 'IVB0VPnPl0urvQrpSKkbXLdEZBUfSHaP' ] }
}
ReplyError: WRONGPASS invalid username-password pair or user is disabled.
    at parseError (/Users/adrianfranciscoperezgomez/Desktop/Personal Apps/vult-intel/node_modules/redis-parser/lib/parser.js:179:12)
    at parseType (/Users/adrianfranciscoperezgomez/Desktop/Personal Apps/vult-intel/node_modules/redis-parser/lib/parser.js:302:14) {
  command: { name: 'auth', args: [ 'IVB0VPnPl0urvQrpSKkbXLdEZBUfSHaP' ] }
}
ReplyError: WRONGPASS invalid username-password pair or user is disabled.
    at parseError (/Users/adrianfranciscoperezgomez/Desktop/Personal Apps/vult-intel/node_modules/redis-parser/lib/parser.js:179:12)
    at parseType (/Users/adrianfranciscoperezgomez/Desktop/Personal Apps/vult-intel/node_modules/redis-parser/lib/parser.js:302:14) {
  command: { name: 'auth', args: [ 'IVB0VPnPl0urvQrpSKkbXLdEZBUfSHaP' ] }
}
ReplyError: WRONGPASS invalid username-password pair or user is disabled.
    at parseError (/Users/adrianfranciscoperezgomez/Desktop/Personal Apps/vult-intel/node_modules/redis-parser/lib/parser.js:179:12)
    at parseType (/Users/adrianfranciscoperezgomez/Desktop/Personal Apps/vult-intel/node_modules/redis-parser/lib/parser.js:302:14) {
  command: { name: 'auth', args: [ 'IVB0VPnPl0urvQrpSKkbXLdEZBUfSHaP' ] }
}
ReplyError: WRONGPASS invalid username-password pair or user is disabled.
    at parseError (/Users/adrianfranciscoperezgomez/Desktop/Personal Apps/vult-intel/node_modules/redis-parser/lib/parser.js:179:12)
    at parseType (/Users/adrianfranciscoperezgomez/Desktop/Personal Apps/vult-intel/node_modules/redis-parser/lib/parser.js:302:14) {
  command: { name: 'auth', args: [ 'IVB0VPnPl0urvQrpSKkbXLdEZBUfSHaP' ] }
}
ReplyError: WRONGPASS invalid username-password pair or user is disabled.
    at parseError (/Users/adrianfranciscoperezgomez/Desktop/Personal Apps/vult-intel/node_modules/redis-parser/lib/parser.js:179:12)
    at parseType (/Users/adrianfranciscoperezgomez/Desktop/Personal Apps/vult-intel/node_modules/redis-parser/lib/parser.js:302:14) {
  command: { name: 'auth', args: [ 'IVB0VPnPl0urvQrpSKkbXLdEZBUfSHaP' ] }
}
ReplyError: WRONGPASS invalid username-password pair or user is disabled.
    at parseError (/Users/adrianfranciscoperezgomez/Desktop/Personal Apps/vult-intel/node_modules/redis-parser/lib/parser.js:179:12)
    at parseType (/Users/adrianfranciscoperezgomez/Desktop/Personal Apps/vult-intel/node_modules/redis-parser/lib/parser.js:302:14) {
  command: { name: 'auth', args: [ 'IVB0VPnPl0urvQrpSKkbXLdEZBUfSHaP' ] }
}
Connected to Redis for persistence
Redis connection error: ReplyError: WRONGPASS invalid username-password pair or user is disabled.
    at parseError (/Users/adrianfranciscoperezgomez/Desktop/Personal Apps/vult-intel/node_modules/redis-parser/lib/parser.js:179:12)
    at parseType (/Users/adrianfranciscoperezgomez/Desktop/Personal Apps/vult-intel/node_modules/redis-parser/lib/parser.js:302:14) {
  command: { name: 'auth', args: [ 'IVB0VPnPl0urvQrpSKkbXLdEZBUfSHaP' ] }
}
ReplyError: WRONGPASS invalid username-password pair or user is disabled.
    at parseError (/Users/adrianfranciscoperezgomez/Desktop/Personal Apps/vult-intel/node_modules/redis-parser/lib/parser.js:179:12)
    at parseType (/Users/adrianfranciscoperezgomez/Desktop/Personal Apps/vult-intel/node_modules/redis-parser/lib/parser.js:302:14) {
  command: { name: 'auth', args: [ 'IVB0VPnPl0urvQrpSKkbXLdEZBUfSHaP' ] }
}
ReplyError: WRONGPASS invalid username-password pair or user is disabled.
    at parseError (/Users/adrianfranciscoperezgomez/Desktop/Personal Apps/vult-intel/node_modules/redis-parser/lib/parser.js:179:12)
    at parseType (/Users/adrianfranciscoperezgomez/Desktop/Personal Apps/vult-intel/node_modules/redis-parser/lib/parser.js:302:14) {
  command: { name: 'auth', args: [ 'IVB0VPnPl0urvQrpSKkbXLdEZBUfSHaP' ] }
}
ReplyError: WRONGPASS invalid username-password pair or user is disabled.
    at parseError (/Users/adrianfranciscoperezgomez/Desktop/Personal Apps/vult-intel/node_modules/redis-parser/lib/parser.js:179:12)
    at parseType (/Users/adrianfranciscoperezgomez/Desktop/Personal Apps/vult-intel/node_modules/redis-parser/lib/parser.js:302:14) {
  command: { name: 'auth', args: [ 'IVB0VPnPl0urvQrpSKkbXLdEZBUfSHaP' ] }
}
ReplyError: WRONGPASS invalid username-password pair or user is disabled.
    at parseError (/Users/adrianfranciscoperezgomez/Desktop/Personal Apps/vult-intel/node_modules/redis-parser/lib/parser.js:179:12)
    at parseType (/Users/adrianfranciscoperezgomez/Desktop/Personal Apps/vult-intel/node_modules/redis-parser/lib/parser.js:302:14) {
  command: { name: 'auth', args: [ 'IVB0VPnPl0urvQrpSKkbXLdEZBUfSHaP' ] }
}
ReplyError: WRONGPASS invalid username-password pair or user is disabled.
    at parseError (/Users/adrianfranciscoperezgomez/Desktop/Personal Apps/vult-intel/node_modules/redis-parser/lib/parser.js:179:12)
    at parseType (/Users/adrianfranciscoperezgomez/Desktop/Personal Apps/vult-intel/node_modules/redis-parser/lib/parser.js:302:14) {
  command: { name: 'auth', args: [ 'IVB0VPnPl0urvQrpSKkbXLdEZBUfSHaP' ] }
}
ReplyError: WRONGPASS invalid username-password pair or user is disabled.
    at parseError (/Users/adrianfranciscoperezgomez/Desktop/Personal Apps/vult-intel/node_modules/redis-parser/lib/parser.js:179:12)
    at parseType (/Users/adrianfranciscoperezgomez/Desktop/Personal Apps/vult-intel/node_modules/redis-parser/lib/parser.js:302:14) {
  command: { name: 'auth', args: [ 'IVB0VPnPl0urvQrpSKkbXLdEZBUfSHaP' ] }
}
Connected to Redis for persistence
Redis connection error: ReplyError: WRONGPASS invalid username-password pair or user is disabled.
    at parseError (/Users/adrianfranciscoperezgomez/Desktop/Personal Apps/vult-intel/node_modules/redis-parser/lib/parser.js:179:12)
    at parseType (/Users/adrianfranciscoperezgomez/Desktop/Personal Apps/vult-intel/node_modules/redis-parser/lib/parser.js:302:14) {
  command: { name: 'auth', args: [ 'IVB0VPnPl0urvQrpSKkbXLdEZBUfSHaP' ] }
}
ReplyError: WRONGPASS invalid username-password pair or user is disabled.
    at parseError (/Users/adrianfranciscoperezgomez/Desktop/Personal Apps/vult-intel/node_modules/redis-parser/lib/parser.js:179:12)
    at parseType (/Users/adrianfranciscoperezgomez/Desktop/Personal Apps/vult-intel/node_modules/redis-parser/lib/parser.js:302:14) {
  command: { name: 'auth', args: [ 'IVB0VPnPl0urvQrpSKkbXLdEZBUfSHaP' ] }
}
ReplyError: WRONGPASS invalid username-password pair or user is disabled.
    at parseError (/Users/adrianfranciscoperezgomez/Desktop/Personal Apps/vult-intel/node_modules/redis-parser/lib/parser.js:179:12)
    at parseType (/Users/adrianfranciscoperezgomez/Desktop/Personal Apps/vult-intel/node_modules/redis-parser/lib/parser.js:302:14) {
  command: { name: 'auth', args: [ 'IVB0VPnPl0urvQrpSKkbXLdEZBUfSHaP' ] }
}
ReplyError: WRONGPASS invalid username-password pair or user is disabled.
    at parseError (/Users/adrianfranciscoperezgomez/Desktop/Personal Apps/vult-intel/node_modules/redis-parser/lib/parser.js:179:12)
    at parseType (/Users/adrianfranciscoperezgomez/Desktop/Personal Apps/vult-intel/node_modules/redis-parser/lib/parser.js:302:14) {
  command: { name: 'auth', args: [ 'IVB0VPnPl0urvQrpSKkbXLdEZBUfSHaP' ] }
}
ReplyError: WRONGPASS invalid username-password pair or user is disabled.
    at parseError (/Users/adrianfranciscoperezgomez/Desktop/Personal Apps/vult-intel/node_modules/redis-parser/lib/parser.js:179:12)
    at parseType (/Users/adrianfranciscoperezgomez/Desktop/Personal Apps/vult-intel/node_modules/redis-parser/lib/parser.js:302:14) {
  command: { name: 'auth', args: [ 'IVB0VPnPl0urvQrpSKkbXLdEZBUfSHaP' ] }
}
ReplyError: WRONGPASS invalid username-password pair or user is disabled.
    at parseError (/Users/adrianfranciscoperezgomez/Desktop/Personal Apps/vult-intel/node_modules/redis-parser/lib/parser.js:179:12)
    at parseType (/Users/adrianfranciscoperezgomez/Desktop/Personal Apps/vult-intel/node_modules/redis-parser/lib/parser.js:302:14) {
  command: { name: 'auth', args: [ 'IVB0VPnPl0urvQrpSKkbXLdEZBUfSHaP' ] }
}
ReplyError: WRONGPASS invalid username-password pair or user is disabled.
    at parseError (/Users/adrianfranciscoperezgomez/Desktop/Personal Apps/vult-intel/node_modules/redis-parser/lib/parser.js:179:12)
    at parseType (/Users/adrianfranciscoperezgomez/Desktop/Personal Apps/vult-intel/node_modules/redis-parser/lib/parser.js:302:14) {
  command: { name: 'auth', args: [ 'IVB0VPnPl0urvQrpSKkbXLdEZBUfSHaP' ] }
}
Connected to Redis for persistence
Redis connection error: ReplyError: WRONGPASS invalid username-password pair or user is disabled.
    at parseError (/Users/adrianfranciscoperezgomez/Desktop/Personal Apps/vult-intel/node_modules/redis-parser/lib/parser.js:179:12)
    at parseType (/Users/adrianfranciscoperezgomez/Desktop/Personal Apps/vult-intel/node_modules/redis-parser/lib/parser.js:302:14) {
  command: { name: 'auth', args: [ 'IVB0VPnPl0urvQrpSKkbXLdEZBUfSHaP' ] }
}
ReplyError: WRONGPASS invalid username-password pair or user is disabled.
    at parseError (/Users/adrianfranciscoperezgomez/Desktop/Personal Apps/vult-intel/node_modules/redis-parser/lib/parser.js:179:12)
    at parseType (/Users/adrianfranciscoperezgomez/Desktop/Personal Apps/vult-intel/node_modules/redis-parser/lib/parser.js:302:14) {
  command: { name: 'auth', args: [ 'IVB0VPnPl0urvQrpSKkbXLdEZBUfSHaP' ] }
}
ReplyError: WRONGPASS invalid username-password pair or user is disabled.
    at parseError (/Users/adrianfranciscoperezgomez/Desktop/Personal Apps/vult-intel/node_modules/redis-parser/lib/parser.js:179:12)
    at parseType (/Users/adrianfranciscoperezgomez/Desktop/Personal Apps/vult-intel/node_modules/redis-parser/lib/parser.js:302:14) {
  command: { name: 'auth', args: [ 'IVB0VPnPl0urvQrpSKkbXLdEZBUfSHaP' ] }
}
ReplyError: WRONGPASS invalid username-password pair or user is disabled.
    at parseError (/Users/adrianfranciscoperezgomez/Desktop/Personal Apps/vult-intel/node_modules/redis-parser/lib/parser.js:179:12)
    at parseType (/Users/adrianfranciscoperezgomez/Desktop/Personal Apps/vult-intel/node_modules/redis-parser/lib/parser.js:302:14) {
  command: { name: 'auth', args: [ 'IVB0VPnPl0urvQrpSKkbXLdEZBUfSHaP' ] }
}
ReplyError: WRONGPASS invalid username-password pair or user is disabled.
    at parseError (/Users/adrianfranciscoperezgomez/Desktop/Personal Apps/vult-intel/node_modules/redis-parser/lib/parser.js:179:12)
    at parseType (/Users/adrianfranciscoperezgomez/Desktop/Personal Apps/vult-intel/node_modules/redis-parser/lib/parser.js:302:14) {
  command: { name: 'auth', args: [ 'IVB0VPnPl0urvQrpSKkbXLdEZBUfSHaP' ] }
}
ReplyError: WRONGPASS invalid username-password pair or user is disabled.
    at parseError (/Users/adrianfranciscoperezgomez/Desktop/Personal Apps/vult-intel/node_modules/redis-parser/lib/parser.js:179:12)
    at parseType (/Users/adrianfranciscoperezgomez/Desktop/Personal Apps/vult-intel/node_modules/redis-parser/lib/parser.js:302:14) {
  command: { name: 'auth', args: [ 'IVB0VPnPl0urvQrpSKkbXLdEZBUfSHaP' ] }
}
ReplyError: WRONGPASS invalid username-password pair or user is disabled.
    at parseError (/Users/adrianfranciscoperezgomez/Desktop/Personal Apps/vult-intel/node_modules/redis-parser/lib/parser.js:179:12)
    at parseType (/Users/adrianfranciscoperezgomez/Desktop/Personal Apps/vult-intel/node_modules/redis-parser/lib/parser.js:302:14) {
  command: { name: 'auth', args: [ 'IVB0VPnPl0urvQrpSKkbXLdEZBUfSHaP' ] }
}
Connected to Redis for persistence
Redis connection error: ReplyError: WRONGPASS invalid username-password pair or user is disabled.
    at parseError (/Users/adrianfranciscoperezgomez/Desktop/Personal Apps/vult-intel/node_modules/redis-parser/lib/parser.js:179:12)
    at parseType (/Users/adrianfranciscoperezgomez/Desktop/Personal Apps/vult-intel/node_modules/redis-parser/lib/parser.js:302:14) {
  command: { name: 'auth', args: [ 'IVB0VPnPl0urvQrpSKkbXLdEZBUfSHaP' ] }
}
ReplyError: WRONGPASS invalid username-password pair or user is disabled.
    at parseError (/Users/adrianfranciscoperezgomez/Desktop/Personal Apps/vult-intel/node_modules/redis-parser/lib/parser.js:179:12)
    at parseType (/Users/adrianfranciscoperezgomez/Desktop/Personal Apps/vult-intel/node_modules/redis-parser/lib/parser.js:302:14) {
  command: { name: 'auth', args: [ 'IVB0VPnPl0urvQrpSKkbXLdEZBUfSHaP' ] }
}
ReplyError: WRONGPASS invalid username-password pair or user is disabled.
    at parseError (/Users/adrianfranciscoperezgomez/Desktop/Personal Apps/vult-intel/node_modules/redis-parser/lib/parser.js:179:12)
    at parseType (/Users/adrianfranciscoperezgomez/Desktop/Personal Apps/vult-intel/node_modules/redis-parser/lib/parser.js:302:14) {
  command: { name: 'auth', args: [ 'IVB0VPnPl0urvQrpSKkbXLdEZBUfSHaP' ] }
}
ReplyError: WRONGPASS invalid username-password pair or user is disabled.
    at parseError (/Users/adrianfranciscoperezgomez/Desktop/Personal Apps/vult-intel/node_modules/redis-parser/lib/parser.js:179:12)
    at parseType (/Users/adrianfranciscoperezgomez/Desktop/Personal Apps/vult-intel/node_modules/redis-parser/lib/parser.js:302:14) {
  command: { name: 'auth', args: [ 'IVB0VPnPl0urvQrpSKkbXLdEZBUfSHaP' ] }
}
ReplyError: WRONGPASS invalid username-password pair or user is disabled.
    at parseError (/Users/adrianfranciscoperezgomez/Desktop/Personal Apps/vult-intel/node_modules/redis-parser/lib/parser.js:179:12)
    at parseType (/Users/adrianfranciscoperezgomez/Desktop/Personal Apps/vult-intel/node_modules/redis-parser/lib/parser.js:302:14) {
  command: { name: 'auth', args: [ 'IVB0VPnPl0urvQrpSKkbXLdEZBUfSHaP' ] }
}
ReplyError: WRONGPASS invalid username-password pair or user is disabled.
    at parseError (/Users/adrianfranciscoperezgomez/Desktop/Personal Apps/vult-intel/node_modules/redis-parser/lib/parser.js:179:12)
    at parseType (/Users/adrianfranciscoperezgomez/Desktop/Personal Apps/vult-intel/node_modules/redis-parser/lib/parser.js:302:14) {
  command: { name: 'auth', args: [ 'IVB0VPnPl0urvQrpSKkbXLdEZBUfSHaP' ] }
}
ReplyError: WRONGPASS invalid username-password pair or user is disabled.
    at parseError (/Users/adrianfranciscoperezgomez/Desktop/Personal Apps/vult-intel/node_modules/redis-parser/lib/parser.js:179:12)
    at parseType (/Users/adrianfranciscoperezgomez/Desktop/Personal Apps/vult-intel/node_modules/redis-parser/lib/parser.js:302:14) {
  command: { name: 'auth', args: [ 'IVB0VPnPl0urvQrpSKkbXLdEZBUfSHaP' ] }
}
Connected to Redis for persistence
Redis connection error: ReplyError: WRONGPASS invalid username-password pair or user is disabled.
    at parseError (/Users/adrianfranciscoperezgomez/Desktop/Personal Apps/vult-intel/node_modules/redis-parser/lib/parser.js:179:12)
    at parseType (/Users/adrianfranciscoperezgomez/Desktop/Personal Apps/vult-intel/node_modules/redis-parser/lib/parser.js:302:14) {
  command: { name: 'auth', args: [ 'IVB0VPnPl0urvQrpSKkbXLdEZBUfSHaP' ] }
}
ReplyError: WRONGPASS invalid username-password pair or user is disabled.
    at parseError (/Users/adrianfranciscoperezgomez/Desktop/Personal Apps/vult-intel/node_modules/redis-parser/lib/parser.js:179:12)
    at parseType (/Users/adrianfranciscoperezgomez/Desktop/Personal Apps/vult-intel/node_modules/redis-parser/lib/parser.js:302:14) {
  command: { name: 'auth', args: [ 'IVB0VPnPl0urvQrpSKkbXLdEZBUfSHaP' ] }
}
ReplyError: WRONGPASS invalid username-password pair or user is disabled.
    at parseError (/Users/adrianfranciscoperezgomez/Desktop/Personal Apps/vult-intel/node_modules/redis-parser/lib/parser.js:179:12)
    at parseType (/Users/adrianfranciscoperezgomez/Desktop/Personal Apps/vult-intel/node_modules/redis-parser/lib/parser.js:302:14) {
  command: { name: 'auth', args: [ 'IVB0VPnPl0urvQrpSKkbXLdEZBUfSHaP' ] }
}
ReplyError: WRONGPASS invalid username-password pair or user is disabled.
    at parseError (/Users/adrianfranciscoperezgomez/Desktop/Personal Apps/vult-intel/node_modules/redis-parser/lib/parser.js:179:12)
    at parseType (/Users/adrianfranciscoperezgomez/Desktop/Personal Apps/vult-intel/node_modules/redis-parser/lib/parser.js:302:14) {
  command: { name: 'auth', args: [ 'IVB0VPnPl0urvQrpSKkbXLdEZBUfSHaP' ] }
}
ReplyError: WRONGPASS invalid username-password pair or user is disabled.
    at parseError (/Users/adrianfranciscoperezgomez/Desktop/Personal Apps/vult-intel/node_modules/redis-parser/lib/parser.js:179:12)
    at parseType (/Users/adrianfranciscoperezgomez/Desktop/Personal Apps/vult-intel/node_modules/redis-parser/lib/parser.js:302:14) {
  command: { name: 'auth', args: [ 'IVB0VPnPl0urvQrpSKkbXLdEZBUfSHaP' ] }
}
ReplyError: WRONGPASS invalid username-password pair or user is disabled.
    at parseError (/Users/adrianfranciscoperezgomez/Desktop/Personal Apps/vult-intel/node_modules/redis-parser/lib/parser.js:179:12)
    at parseType (/Users/adrianfranciscoperezgomez/Desktop/Personal Apps/vult-intel/node_modules/redis-parser/lib/parser.js:302:14) {
  command: { name: 'auth', args: [ 'IVB0VPnPl0urvQrpSKkbXLdEZBUfSHaP' ] }
}
ReplyError: WRONGPASS invalid username-password pair or user is disabled.
    at parseError (/Users/adrianfranciscoperezgomez/Desktop/Personal Apps/vult-intel/node_modules/redis-parser/lib/parser.js:179:12)
    at parseType (/Users/adrianfranciscoperezgomez/Desktop/Personal Apps/vult-intel/node_modules/redis-parser/lib/parser.js:302:14) {
  command: { name: 'auth', args: [ 'IVB0VPnPl0urvQrpSKkbXLdEZBUfSHaP' ] }
}
Connected to Redis for persistence
Redis connection error: ReplyError: WRONGPASS invalid username-password pair or user is disabled.
    at parseError (/Users/adrianfranciscoperezgomez/Desktop/Personal Apps/vult-intel/node_modules/redis-parser/lib/parser.js:179:12)
    at parseType (/Users/adrianfranciscoperezgomez/Desktop/Personal Apps/vult-intel/node_modules/redis-parser/lib/parser.js:302:14) {
  command: { name: 'auth', args: [ 'IVB0VPnPl0urvQrpSKkbXLdEZBUfSHaP' ] }
}
ReplyError: WRONGPASS invalid username-password pair or user is disabled.
    at parseError (/Users/adrianfranciscoperezgomez/Desktop/Personal Apps/vult-intel/node_modules/redis-parser/lib/parser.js:179:12)
    at parseType (/Users/adrianfranciscoperezgomez/Desktop/Personal Apps/vult-intel/node_modules/redis-parser/lib/parser.js:302:14) {
  command: { name: 'auth', args: [ 'IVB0VPnPl0urvQrpSKkbXLdEZBUfSHaP' ] }
}
ReplyError: WRONGPASS invalid username-password pair or user is disabled.
    at parseError (/Users/adrianfranciscoperezgomez/Desktop/Personal Apps/vult-intel/node_modules/redis-parser/lib/parser.js:179:12)
    at parseType (/Users/adrianfranciscoperezgomez/Desktop/Personal Apps/vult-intel/node_modules/redis-parser/lib/parser.js:302:14) {
  command: { name: 'auth', args: [ 'IVB0VPnPl0urvQrpSKkbXLdEZBUfSHaP' ] }
}
ReplyError: WRONGPASS invalid username-password pair or user is disabled.
    at parseError (/Users/adrianfranciscoperezgomez/Desktop/Personal Apps/vult-intel/node_modules/redis-parser/lib/parser.js:179:12)
    at parseType (/Users/adrianfranciscoperezgomez/Desktop/Personal Apps/vult-intel/node_modules/redis-parser/lib/parser.js:302:14) {
  command: { name: 'auth', args: [ 'IVB0VPnPl0urvQrpSKkbXLdEZBUfSHaP' ] }
}
ReplyError: WRONGPASS invalid username-password pair or user is disabled.
    at parseError (/Users/adrianfranciscoperezgomez/Desktop/Personal Apps/vult-intel/node_modules/redis-parser/lib/parser.js:179:12)
    at parseType (/Users/adrianfranciscoperezgomez/Desktop/Personal Apps/vult-intel/node_modules/redis-parser/lib/parser.js:302:14) {
  command: { name: 'auth', args: [ 'IVB0VPnPl0urvQrpSKkbXLdEZBUfSHaP' ] }
}
ReplyError: WRONGPASS invalid username-password pair or user is disabled.
    at parseError (/Users/adrianfranciscoperezgomez/Desktop/Personal Apps/vult-intel/node_modules/redis-parser/lib/parser.js:179:12)
    at parseType (/Users/adrianfranciscoperezgomez/Desktop/Personal Apps/vult-intel/node_modules/redis-parser/lib/parser.js:302:14) {
  command: { name: 'auth', args: [ 'IVB0VPnPl0urvQrpSKkbXLdEZBUfSHaP' ] }
}
ReplyError: WRONGPASS invalid username-password pair or user is disabled.
    at parseError (/Users/adrianfranciscoperezgomez/Desktop/Personal Apps/vult-intel/node_modules/redis-parser/lib/parser.js:179:12)
    at parseType (/Users/adrianfranciscoperezgomez/Desktop/Personal Apps/vult-intel/node_modules/redis-parser/lib/parser.js:302:14) {
  command: { name: 'auth', args: [ 'IVB0VPnPl0urvQrpSKkbXLdEZBUfSHaP' ] }
}
Connected to Redis for persistence
Redis connection error: ReplyError: WRONGPASS invalid username-password pair or user is disabled.
    at parseError (/Users/adrianfranciscoperezgomez/Desktop/Personal Apps/vult-intel/node_modules/redis-parser/lib/parser.js:179:12)
    at parseType (/Users/adrianfranciscoperezgomez/Desktop/Personal Apps/vult-intel/node_modules/redis-parser/lib/parser.js:302:14) {
  command: { name: 'auth', args: [ 'IVB0VPnPl0urvQrpSKkbXLdEZBUfSHaP' ] }
}
ReplyError: WRONGPASS invalid username-password pair or user is disabled.
    at parseError (/Users/adrianfranciscoperezgomez/Desktop/Personal Apps/vult-intel/node_modules/redis-parser/lib/parser.js:179:12)
    at parseType (/Users/adrianfranciscoperezgomez/Desktop/Personal Apps/vult-intel/node_modules/redis-parser/lib/parser.js:302:14) {
  command: { name: 'auth', args: [ 'IVB0VPnPl0urvQrpSKkbXLdEZBUfSHaP' ] }
}
ReplyError: WRONGPASS invalid username-password pair or user is disabled.
    at parseError (/Users/adrianfranciscoperezgomez/Desktop/Personal Apps/vult-intel/node_modules/redis-parser/lib/parser.js:179:12)
    at parseType (/Users/adrianfranciscoperezgomez/Desktop/Personal Apps/vult-intel/node_modules/redis-parser/lib/parser.js:302:14) {
  command: { name: 'auth', args: [ 'IVB0VPnPl0urvQrpSKkbXLdEZBUfSHaP' ] }
}
ReplyError: WRONGPASS invalid username-password pair or user is disabled.
    at parseError (/Users/adrianfranciscoperezgomez/Desktop/Personal Apps/vult-intel/node_modules/redis-parser/lib/parser.js:179:12)
    at parseType (/Users/adrianfranciscoperezgomez/Desktop/Personal Apps/vult-intel/node_modules/redis-parser/lib/parser.js:302:14) {
  command: { name: 'auth', args: [ 'IVB0VPnPl0urvQrpSKkbXLdEZBUfSHaP' ] }
}
ReplyError: WRONGPASS invalid username-password pair or user is disabled.
    at parseError (/Users/adrianfranciscoperezgomez/Desktop/Personal Apps/vult-intel/node_modules/redis-parser/lib/parser.js:179:12)
    at parseType (/Users/adrianfranciscoperezgomez/Desktop/Personal Apps/vult-intel/node_modules/redis-parser/lib/parser.js:302:14) {
  command: { name: 'auth', args: [ 'IVB0VPnPl0urvQrpSKkbXLdEZBUfSHaP' ] }
}
ReplyError: WRONGPASS invalid username-password pair or user is disabled.
    at parseError (/Users/adrianfranciscoperezgomez/Desktop/Personal Apps/vult-intel/node_modules/redis-parser/lib/parser.js:179:12)
    at parseType (/Users/adrianfranciscoperezgomez/Desktop/Personal Apps/vult-intel/node_modules/redis-parser/lib/parser.js:302:14) {
  command: { name: 'auth', args: [ 'IVB0VPnPl0urvQrpSKkbXLdEZBUfSHaP' ] }
}
Connected to Redis for persistence
ReplyError: WRONGPASS invalid username-password pair or user is disabled.
    at parseError (/Users/adrianfranciscoperezgomez/Desktop/Personal Apps/vult-intel/node_modules/redis-parser/lib/parser.js:179:12)
    at parseType (/Users/adrianfranciscoperezgomez/Desktop/Personal Apps/vult-intel/node_modules/redis-parser/lib/parser.js:302:14) {
  command: { name: 'auth', args: [ 'IVB0VPnPl0urvQrpSKkbXLdEZBUfSHaP' ] }
}
Redis connection error: ReplyError: WRONGPASS invalid username-password pair or user is disabled.
    at parseError (/Users/adrianfranciscoperezgomez/Desktop/Personal Apps/vult-intel/node_modules/redis-parser/lib/parser.js:179:12)
    at parseType (/Users/adrianfranciscoperezgomez/Desktop/Personal Apps/vult-intel/node_modules/redis-parser/lib/parser.js:302:14) {
  command: { name: 'auth', args: [ 'IVB0VPnPl0urvQrpSKkbXLdEZBUfSHaP' ] }
}
ReplyError: WRONGPASS invalid username-password pair or user is disabled.
    at parseError (/Users/adrianfranciscoperezgomez/Desktop/Personal Apps/vult-intel/node_modules/redis-parser/lib/parser.js:179:12)
    at parseType (/Users/adrianfranciscoperezgomez/Desktop/Personal Apps/vult-intel/node_modules/redis-parser/lib/parser.js:302:14) {
  command: { name: 'auth', args: [ 'IVB0VPnPl0urvQrpSKkbXLdEZBUfSHaP' ] }
}
ReplyError: WRONGPASS invalid username-password pair or user is disabled.
    at parseError (/Users/adrianfranciscoperezgomez/Desktop/Personal Apps/vult-intel/node_modules/redis-parser/lib/parser.js:179:12)
    at parseType (/Users/adrianfranciscoperezgomez/Desktop/Personal Apps/vult-intel/node_modules/redis-parser/lib/parser.js:302:14) {
  command: { name: 'auth', args: [ 'IVB0VPnPl0urvQrpSKkbXLdEZBUfSHaP' ] }
}
ReplyError: WRONGPASS invalid username-password pair or user is disabled.
    at parseError (/Users/adrianfranciscoperezgomez/Desktop/Personal Apps/vult-intel/node_modules/redis-parser/lib/parser.js:179:12)
    at parseType (/Users/adrianfranciscoperezgomez/Desktop/Personal Apps/vult-intel/node_modules/redis-parser/lib/parser.js:302:14) {
  command: { name: 'auth', args: [ 'IVB0VPnPl0urvQrpSKkbXLdEZBUfSHaP' ] }
}
ReplyError: WRONGPASS invalid username-password pair or user is disabled.
    at parseError (/Users/adrianfranciscoperezgomez/Desktop/Personal Apps/vult-intel/node_modules/redis-parser/lib/parser.js:179:12)
    at parseType (/Users/adrianfranciscoperezgomez/Desktop/Personal Apps/vult-intel/node_modules/redis-parser/lib/parser.js:302:14) {
  command: { name: 'auth', args: [ 'IVB0VPnPl0urvQrpSKkbXLdEZBUfSHaP' ] }
}
ReplyError: WRONGPASS invalid username-password pair or user is disabled.
    at parseError (/Users/adrianfranciscoperezgomez/Desktop/Personal Apps/vult-intel/node_modules/redis-parser/lib/parser.js:179:12)
    at parseType (/Users/adrianfranciscoperezgomez/Desktop/Personal Apps/vult-intel/node_modules/redis-parser/lib/parser.js:302:14) {
  command: { name: 'auth', args: [ 'IVB0VPnPl0urvQrpSKkbXLdEZBUfSHaP' ] }
}
ReplyError: WRONGPASS invalid username-password pair or user is disabled.
    at parseError (/Users/adrianfranciscoperezgomez/Desktop/Personal Apps/vult-intel/node_modules/redis-parser/lib/parser.js:179:12)
    at parseType (/Users/adrianfranciscoperezgomez/Desktop/Personal Apps/vult-intel/node_modules/redis-parser/lib/parser.js:302:14) {
  command: { name: 'auth', args: [ 'IVB0VPnPl0urvQrpSKkbXLdEZBUfSHaP' ] }
}
Connected to Redis for persistence
Redis connection error: ReplyError: WRONGPASS invalid username-password pair or user is disabled.
    at parseError (/Users/adrianfranciscoperezgomez/Desktop/Personal Apps/vult-intel/node_modules/redis-parser/lib/parser.js:179:12)
    at parseType (/Users/adrianfranciscoperezgomez/Desktop/Personal Apps/vult-intel/node_modules/redis-parser/lib/parser.js:302:14) {
  command: { name: 'auth', args: [ 'IVB0VPnPl0urvQrpSKkbXLdEZBUfSHaP' ] }
}
ReplyError: WRONGPASS invalid username-password pair or user is disabled.
    at parseError (/Users/adrianfranciscoperezgomez/Desktop/Personal Apps/vult-intel/node_modules/redis-parser/lib/parser.js:179:12)
    at parseType (/Users/adrianfranciscoperezgomez/Desktop/Personal Apps/vult-intel/node_modules/redis-parser/lib/parser.js:302:14) {
  command: { name: 'auth', args: [ 'IVB0VPnPl0urvQrpSKkbXLdEZBUfSHaP' ] }
}
ReplyError: WRONGPASS invalid username-password pair or user is disabled.
    at parseError (/Users/adrianfranciscoperezgomez/Desktop/Personal Apps/vult-intel/node_modules/redis-parser/lib/parser.js:179:12)
    at parseType (/Users/adrianfranciscoperezgomez/Desktop/Personal Apps/vult-intel/node_modules/redis-parser/lib/parser.js:302:14) {
  command: { name: 'auth', args: [ 'IVB0VPnPl0urvQrpSKkbXLdEZBUfSHaP' ] }
}
ReplyError: WRONGPASS invalid username-password pair or user is disabled.
    at parseError (/Users/adrianfranciscoperezgomez/Desktop/Personal Apps/vult-intel/node_modules/redis-parser/lib/parser.js:179:12)
    at parseType (/Users/adrianfranciscoperezgomez/Desktop/Personal Apps/vult-intel/node_modules/redis-parser/lib/parser.js:302:14) {
  command: { name: 'auth', args: [ 'IVB0VPnPl0urvQrpSKkbXLdEZBUfSHaP' ] }
}
ReplyError: WRONGPASS invalid username-password pair or user is disabled.
    at parseError (/Users/adrianfranciscoperezgomez/Desktop/Personal Apps/vult-intel/node_modules/redis-parser/lib/parser.js:179:12)
    at parseType (/Users/adrianfranciscoperezgomez/Desktop/Personal Apps/vult-intel/node_modules/redis-parser/lib/parser.js:302:14) {
  command: { name: 'auth', args: [ 'IVB0VPnPl0urvQrpSKkbXLdEZBUfSHaP' ] }
}
ReplyError: WRONGPASS invalid username-password pair or user is disabled.
    at parseError (/Users/adrianfranciscoperezgomez/Desktop/Personal Apps/vult-intel/node_modules/redis-parser/lib/parser.js:179:12)
    at parseType (/Users/adrianfranciscoperezgomez/Desktop/Personal Apps/vult-intel/node_modules/redis-parser/lib/parser.js:302:14) {
  command: { name: 'auth', args: [ 'IVB0VPnPl0urvQrpSKkbXLdEZBUfSHaP' ] }
}
ReplyError: WRONGPASS invalid username-password pair or user is disabled.
    at parseError (/Users/adrianfranciscoperezgomez/Desktop/Personal Apps/vult-intel/node_modules/redis-parser/lib/parser.js:179:12)
    at parseType (/Users/adrianfranciscoperezgomez/Desktop/Personal Apps/vult-intel/node_modules/redis-parser/lib/parser.js:302:14) {
  command: { name: 'auth', args: [ 'IVB0VPnPl0urvQrpSKkbXLdEZBUfSHaP' ] }
}
Connected to Redis for persistence
Redis connection error: ReplyError: WRONGPASS invalid username-password pair or user is disabled.
    at parseError (/Users/adrianfranciscoperezgomez/Desktop/Personal Apps/vult-intel/node_modules/redis-parser/lib/parser.js:179:12)
    at parseType (/Users/adrianfranciscoperezgomez/Desktop/Personal Apps/vult-intel/node_modules/redis-parser/lib/parser.js:302:14) {
  command: { name: 'auth', args: [ 'IVB0VPnPl0urvQrpSKkbXLdEZBUfSHaP' ] }
}
ReplyError: WRONGPASS invalid username-password pair or user is disabled.
    at parseError (/Users/adrianfranciscoperezgomez/Desktop/Personal Apps/vult-intel/node_modules/redis-parser/lib/parser.js:179:12)
    at parseType (/Users/adrianfranciscoperezgomez/Desktop/Personal Apps/vult-intel/node_modules/redis-parser/lib/parser.js:302:14) {
  command: { name: 'auth', args: [ 'IVB0VPnPl0urvQrpSKkbXLdEZBUfSHaP' ] }
}
ReplyError: WRONGPASS invalid username-password pair or user is disabled.
    at parseError (/Users/adrianfranciscoperezgomez/Desktop/Personal Apps/vult-intel/node_modules/redis-parser/lib/parser.js:179:12)
    at parseType (/Users/adrianfranciscoperezgomez/Desktop/Personal Apps/vult-intel/node_modules/redis-parser/lib/parser.js:302:14) {
  command: { name: 'auth', args: [ 'IVB0VPnPl0urvQrpSKkbXLdEZBUfSHaP' ] }
}
ReplyError: WRONGPASS invalid username-password pair or user is disabled.
    at parseError (/Users/adrianfranciscoperezgomez/Desktop/Personal Apps/vult-intel/node_modules/redis-parser/lib/parser.js:179:12)
    at parseType (/Users/adrianfranciscoperezgomez/Desktop/Personal Apps/vult-intel/node_modules/redis-parser/lib/parser.js:302:14) {
  command: { name: 'auth', args: [ 'IVB0VPnPl0urvQrpSKkbXLdEZBUfSHaP' ] }
}
ReplyError: WRONGPASS invalid username-password pair or user is disabled.
    at parseError (/Users/adrianfranciscoperezgomez/Desktop/Personal Apps/vult-intel/node_modules/redis-parser/lib/parser.js:179:12)
    at parseType (/Users/adrianfranciscoperezgomez/Desktop/Personal Apps/vult-intel/node_modules/redis-parser/lib/parser.js:302:14) {
  command: { name: 'auth', args: [ 'IVB0VPnPl0urvQrpSKkbXLdEZBUfSHaP' ] }
}
ReplyError: WRONGPASS invalid username-password pair or user is disabled.
    at parseError (/Users/adrianfranciscoperezgomez/Desktop/Personal Apps/vult-intel/node_modules/redis-parser/lib/parser.js:179:12)
    at parseType (/Users/adrianfranciscoperezgomez/Desktop/Personal Apps/vult-intel/node_modules/redis-parser/lib/parser.js:302:14) {
  command: { name: 'auth', args: [ 'IVB0VPnPl0urvQrpSKkbXLdEZBUfSHaP' ] }
}
ReplyError: WRONGPASS invalid username-password pair or user is disabled.
    at parseError (/Users/adrianfranciscoperezgomez/Desktop/Personal Apps/vult-intel/node_modules/redis-parser/lib/parser.js:179:12)
    at parseType (/Users/adrianfranciscoperezgomez/Desktop/Personal Apps/vult-intel/node_modules/redis-parser/lib/parser.js:302:14) {
  command: { name: 'auth', args: [ 'IVB0VPnPl0urvQrpSKkbXLdEZBUfSHaP' ] }
}
Connected to Redis for persistence
Redis connection error: ReplyError: WRONGPASS invalid username-password pair or user is disabled.
    at parseError (/Users/adrianfranciscoperezgomez/Desktop/Personal Apps/vult-intel/node_modules/redis-parser/lib/parser.js:179:12)
    at parseType (/Users/adrianfranciscoperezgomez/Desktop/Personal Apps/vult-intel/node_modules/redis-parser/lib/parser.js:302:14) {
  command: { name: 'auth', args: [ 'IVB0VPnPl0urvQrpSKkbXLdEZBUfSHaP' ] }
}
ReplyError: WRONGPASS invalid username-password pair or user is disabled.
    at parseError (/Users/adrianfranciscoperezgomez/Desktop/Personal Apps/vult-intel/node_modules/redis-parser/lib/parser.js:179:12)
    at parseType (/Users/adrianfranciscoperezgomez/Desktop/Personal Apps/vult-intel/node_modules/redis-parser/lib/parser.js:302:14) {
  command: { name: 'auth', args: [ 'IVB0VPnPl0urvQrpSKkbXLdEZBUfSHaP' ] }
}
ReplyError: WRONGPASS invalid username-password pair or user is disabled.
    at parseError (/Users/adrianfranciscoperezgomez/Desktop/Personal Apps/vult-intel/node_modules/redis-parser/lib/parser.js:179:12)
    at parseType (/Users/adrianfranciscoperezgomez/Desktop/Personal Apps/vult-intel/node_modules/redis-parser/lib/parser.js:302:14) {
  command: { name: 'auth', args: [ 'IVB0VPnPl0urvQrpSKkbXLdEZBUfSHaP' ] }
}
ReplyError: WRONGPASS invalid username-password pair or user is disabled.
    at parseError (/Users/adrianfranciscoperezgomez/Desktop/Personal Apps/vult-intel/node_modules/redis-parser/lib/parser.js:179:12)
    at parseType (/Users/adrianfranciscoperezgomez/Desktop/Personal Apps/vult-intel/node_modules/redis-parser/lib/parser.js:302:14) {
  command: { name: 'auth', args: [ 'IVB0VPnPl0urvQrpSKkbXLdEZBUfSHaP' ] }
}
ReplyError: WRONGPASS invalid username-password pair or user is disabled.
    at parseError (/Users/adrianfranciscoperezgomez/Desktop/Personal Apps/vult-intel/node_modules/redis-parser/lib/parser.js:179:12)
    at parseType (/Users/adrianfranciscoperezgomez/Desktop/Personal Apps/vult-intel/node_modules/redis-parser/lib/parser.js:302:14) {
  command: { name: 'auth', args: [ 'IVB0VPnPl0urvQrpSKkbXLdEZBUfSHaP' ] }
}
ReplyError: WRONGPASS invalid username-password pair or user is disabled.
    at parseError (/Users/adrianfranciscoperezgomez/Desktop/Personal Apps/vult-intel/node_modules/redis-parser/lib/parser.js:179:12)
    at parseType (/Users/adrianfranciscoperezgomez/Desktop/Personal Apps/vult-intel/node_modules/redis-parser/lib/parser.js:302:14) {
  command: { name: 'auth', args: [ 'IVB0VPnPl0urvQrpSKkbXLdEZBUfSHaP' ] }
}
ReplyError: WRONGPASS invalid username-password pair or user is disabled.
    at parseError (/Users/adrianfranciscoperezgomez/Desktop/Personal Apps/vult-intel/node_modules/redis-parser/lib/parser.js:179:12)
    at parseType (/Users/adrianfranciscoperezgomez/Desktop/Personal Apps/vult-intel/node_modules/redis-parser/lib/parser.js:302:14) {
  command: { name: 'auth', args: [ 'IVB0VPnPl0urvQrpSKkbXLdEZBUfSHaP' ] }
}
Connected to Redis for persistence
Redis connection error: ReplyError: WRONGPASS invalid username-password pair or user is disabled.
    at parseError (/Users/adrianfranciscoperezgomez/Desktop/Personal Apps/vult-intel/node_modules/redis-parser/lib/parser.js:179:12)
    at parseType (/Users/adrianfranciscoperezgomez/Desktop/Personal Apps/vult-intel/node_modules/redis-parser/lib/parser.js:302:14) {
  command: { name: 'auth', args: [ 'IVB0VPnPl0urvQrpSKkbXLdEZBUfSHaP' ] }
}
ReplyError: WRONGPASS invalid username-password pair or user is disabled.
    at parseError (/Users/adrianfranciscoperezgomez/Desktop/Personal Apps/vult-intel/node_modules/redis-parser/lib/parser.js:179:12)
    at parseType (/Users/adrianfranciscoperezgomez/Desktop/Personal Apps/vult-intel/node_modules/redis-parser/lib/parser.js:302:14) {
  command: { name: 'auth', args: [ 'IVB0VPnPl0urvQrpSKkbXLdEZBUfSHaP' ] }
}
ReplyError: WRONGPASS invalid username-password pair or user is disabled.
    at parseError (/Users/adrianfranciscoperezgomez/Desktop/Personal Apps/vult-intel/node_modules/redis-parser/lib/parser.js:179:12)
    at parseType (/Users/adrianfranciscoperezgomez/Desktop/Personal Apps/vult-intel/node_modules/redis-parser/lib/parser.js:302:14) {
  command: { name: 'auth', args: [ 'IVB0VPnPl0urvQrpSKkbXLdEZBUfSHaP' ] }
}
ReplyError: WRONGPASS invalid username-password pair or user is disabled.
    at parseError (/Users/adrianfranciscoperezgomez/Desktop/Personal Apps/vult-intel/node_modules/redis-parser/lib/parser.js:179:12)
    at parseType (/Users/adrianfranciscoperezgomez/Desktop/Personal Apps/vult-intel/node_modules/redis-parser/lib/parser.js:302:14) {
  command: { name: 'auth', args: [ 'IVB0VPnPl0urvQrpSKkbXLdEZBUfSHaP' ] }
}
ReplyError: WRONGPASS invalid username-password pair or user is disabled.
    at parseError (/Users/adrianfranciscoperezgomez/Desktop/Personal Apps/vult-intel/node_modules/redis-parser/lib/parser.js:179:12)
    at parseType (/Users/adrianfranciscoperezgomez/Desktop/Personal Apps/vult-intel/node_modules/redis-parser/lib/parser.js:302:14) {
  command: { name: 'auth', args: [ 'IVB0VPnPl0urvQrpSKkbXLdEZBUfSHaP' ] }
}
ReplyError: WRONGPASS invalid username-password pair or user is disabled.
    at parseError (/Users/adrianfranciscoperezgomez/Desktop/Personal Apps/vult-intel/node_modules/redis-parser/lib/parser.js:179:12)
    at parseType (/Users/adrianfranciscoperezgomez/Desktop/Personal Apps/vult-intel/node_modules/redis-parser/lib/parser.js:302:14) {
  command: { name: 'auth', args: [ 'IVB0VPnPl0urvQrpSKkbXLdEZBUfSHaP' ] }
}
ReplyError: WRONGPASS invalid username-password pair or user is disabled.
    at parseError (/Users/adrianfranciscoperezgomez/Desktop/Personal Apps/vult-intel/node_modules/redis-parser/lib/parser.js:179:12)
    at parseType (/Users/adrianfranciscoperezgomez/Desktop/Personal Apps/vult-intel/node_modules/redis-parser/lib/parser.js:302:14) {
  command: { name: 'auth', args: [ 'IVB0VPnPl0urvQrpSKkbXLdEZBUfSHaP' ] }
}
Connected to Redis for persistence
Redis connection error: ReplyError: WRONGPASS invalid username-password pair or user is disabled.
    at parseError (/Users/adrianfranciscoperezgomez/Desktop/Personal Apps/vult-intel/node_modules/redis-parser/lib/parser.js:179:12)
    at parseType (/Users/adrianfranciscoperezgomez/Desktop/Personal Apps/vult-intel/node_modules/redis-parser/lib/parser.js:302:14) {
  command: { name: 'auth', args: [ 'IVB0VPnPl0urvQrpSKkbXLdEZBUfSHaP' ] }
}
ReplyError: WRONGPASS invalid username-password pair or user is disabled.
    at parseError (/Users/adrianfranciscoperezgomez/Desktop/Personal Apps/vult-intel/node_modules/redis-parser/lib/parser.js:179:12)
    at parseType (/Users/adrianfranciscoperezgomez/Desktop/Personal Apps/vult-intel/node_modules/redis-parser/lib/parser.js:302:14) {
  command: { name: 'auth', args: [ 'IVB0VPnPl0urvQrpSKkbXLdEZBUfSHaP' ] }
}
ReplyError: WRONGPASS invalid username-password pair or user is disabled.
    at parseError (/Users/adrianfranciscoperezgomez/Desktop/Personal Apps/vult-intel/node_modules/redis-parser/lib/parser.js:179:12)
    at parseType (/Users/adrianfranciscoperezgomez/Desktop/Personal Apps/vult-intel/node_modules/redis-parser/lib/parser.js:302:14) {
  command: { name: 'auth', args: [ 'IVB0VPnPl0urvQrpSKkbXLdEZBUfSHaP' ] }
}
ReplyError: WRONGPASS invalid username-password pair or user is disabled.
    at parseError (/Users/adrianfranciscoperezgomez/Desktop/Personal Apps/vult-intel/node_modules/redis-parser/lib/parser.js:179:12)
    at parseType (/Users/adrianfranciscoperezgomez/Desktop/Personal Apps/vult-intel/node_modules/redis-parser/lib/parser.js:302:14) {
  command: { name: 'auth', args: [ 'IVB0VPnPl0urvQrpSKkbXLdEZBUfSHaP' ] }
}
ReplyError: WRONGPASS invalid username-password pair or user is disabled.
    at parseError (/Users/adrianfranciscoperezgomez/Desktop/Personal Apps/vult-intel/node_modules/redis-parser/lib/parser.js:179:12)
    at parseType (/Users/adrianfranciscoperezgomez/Desktop/Personal Apps/vult-intel/node_modules/redis-parser/lib/parser.js:302:14) {
  command: { name: 'auth', args: [ 'IVB0VPnPl0urvQrpSKkbXLdEZBUfSHaP' ] }
}
ReplyError: WRONGPASS invalid username-password pair or user is disabled.
    at parseError (/Users/adrianfranciscoperezgomez/Desktop/Personal Apps/vult-intel/node_modules/redis-parser/lib/parser.js:179:12)
    at parseType (/Users/adrianfranciscoperezgomez/Desktop/Personal Apps/vult-intel/node_modules/redis-parser/lib/parser.js:302:14) {
  command: { name: 'auth', args: [ 'IVB0VPnPl0urvQrpSKkbXLdEZBUfSHaP' ] }
}
ReplyError: WRONGPASS invalid username-password pair or user is disabled.
    at parseError (/Users/adrianfranciscoperezgomez/Desktop/Personal Apps/vult-intel/node_modules/redis-parser/lib/parser.js:179:12)
    at parseType (/Users/adrianfranciscoperezgomez/Desktop/Personal Apps/vult-intel/node_modules/redis-parser/lib/parser.js:302:14) {
  command: { name: 'auth', args: [ 'IVB0VPnPl0urvQrpSKkbXLdEZBUfSHaP' ] }
}
Connected to Redis for persistence
Redis connection error: ReplyError: WRONGPASS invalid username-password pair or user is disabled.
    at parseError (/Users/adrianfranciscoperezgomez/Desktop/Personal Apps/vult-intel/node_modules/redis-parser/lib/parser.js:179:12)
    at parseType (/Users/adrianfranciscoperezgomez/Desktop/Personal Apps/vult-intel/node_modules/redis-parser/lib/parser.js:302:14) {
  command: { name: 'auth', args: [ 'IVB0VPnPl0urvQrpSKkbXLdEZBUfSHaP' ] }
}
ReplyError: WRONGPASS invalid username-password pair or user is disabled.
    at parseError (/Users/adrianfranciscoperezgomez/Desktop/Personal Apps/vult-intel/node_modules/redis-parser/lib/parser.js:179:12)
    at parseType (/Users/adrianfranciscoperezgomez/Desktop/Personal Apps/vult-intel/node_modules/redis-parser/lib/parser.js:302:14) {
  command: { name: 'auth', args: [ 'IVB0VPnPl0urvQrpSKkbXLdEZBUfSHaP' ] }
}
ReplyError: WRONGPASS invalid username-password pair or user is disabled.
    at parseError (/Users/adrianfranciscoperezgomez/Desktop/Personal Apps/vult-intel/node_modules/redis-parser/lib/parser.js:179:12)
    at parseType (/Users/adrianfranciscoperezgomez/Desktop/Personal Apps/vult-intel/node_modules/redis-parser/lib/parser.js:302:14) {
  command: { name: 'auth', args: [ 'IVB0VPnPl0urvQrpSKkbXLdEZBUfSHaP' ] }
}
ReplyError: WRONGPASS invalid username-password pair or user is disabled.
    at parseError (/Users/adrianfranciscoperezgomez/Desktop/Personal Apps/vult-intel/node_modules/redis-parser/lib/parser.js:179:12)
    at parseType (/Users/adrianfranciscoperezgomez/Desktop/Personal Apps/vult-intel/node_modules/redis-parser/lib/parser.js:302:14) {
  command: { name: 'auth', args: [ 'IVB0VPnPl0urvQrpSKkbXLdEZBUfSHaP' ] }
}
ReplyError: WRONGPASS invalid username-password pair or user is disabled.
    at parseError (/Users/adrianfranciscoperezgomez/Desktop/Personal Apps/vult-intel/node_modules/redis-parser/lib/parser.js:179:12)
    at parseType (/Users/adrianfranciscoperezgomez/Desktop/Personal Apps/vult-intel/node_modules/redis-parser/lib/parser.js:302:14) {
  command: { name: 'auth', args: [ 'IVB0VPnPl0urvQrpSKkbXLdEZBUfSHaP' ] }
}
ReplyError: WRONGPASS invalid username-password pair or user is disabled.
    at parseError (/Users/adrianfranciscoperezgomez/Desktop/Personal Apps/vult-intel/node_modules/redis-parser/lib/parser.js:179:12)
    at parseType (/Users/adrianfranciscoperezgomez/Desktop/Personal Apps/vult-intel/node_modules/redis-parser/lib/parser.js:302:14) {
  command: { name: 'auth', args: [ 'IVB0VPnPl0urvQrpSKkbXLdEZBUfSHaP' ] }
}
ReplyError: WRONGPASS invalid username-password pair or user is disabled.
    at parseError (/Users/adrianfranciscoperezgomez/Desktop/Personal Apps/vult-intel/node_modules/redis-parser/lib/parser.js:179:12)
    at parseType (/Users/adrianfranciscoperezgomez/Desktop/Personal Apps/vult-intel/node_modules/redis-parser/lib/parser.js:302:14) {
  command: { name: 'auth', args: [ 'IVB0VPnPl0urvQrpSKkbXLdEZBUfSHaP' ] }
}
Connected to Redis for persistence
Redis connection error: ReplyError: WRONGPASS invalid username-password pair or user is disabled.
    at parseError (/Users/adrianfranciscoperezgomez/Desktop/Personal Apps/vult-intel/node_modules/redis-parser/lib/parser.js:179:12)
    at parseType (/Users/adrianfranciscoperezgomez/Desktop/Personal Apps/vult-intel/node_modules/redis-parser/lib/parser.js:302:14) {
  command: { name: 'auth', args: [ 'IVB0VPnPl0urvQrpSKkbXLdEZBUfSHaP' ] }
}
ReplyError: WRONGPASS invalid username-password pair or user is disabled.
    at parseError (/Users/adrianfranciscoperezgomez/Desktop/Personal Apps/vult-intel/node_modules/redis-parser/lib/parser.js:179:12)
    at parseType (/Users/adrianfranciscoperezgomez/Desktop/Personal Apps/vult-intel/node_modules/redis-parser/lib/parser.js:302:14) {
  command: { name: 'auth', args: [ 'IVB0VPnPl0urvQrpSKkbXLdEZBUfSHaP' ] }
}
ReplyError: WRONGPASS invalid username-password pair or user is disabled.
    at parseError (/Users/adrianfranciscoperezgomez/Desktop/Personal Apps/vult-intel/node_modules/redis-parser/lib/parser.js:179:12)
    at parseType (/Users/adrianfranciscoperezgomez/Desktop/Personal Apps/vult-intel/node_modules/redis-parser/lib/parser.js:302:14) {
  command: { name: 'auth', args: [ 'IVB0VPnPl0urvQrpSKkbXLdEZBUfSHaP' ] }
}
ReplyError: WRONGPASS invalid username-password pair or user is disabled.
    at parseError (/Users/adrianfranciscoperezgomez/Desktop/Personal Apps/vult-intel/node_modules/redis-parser/lib/parser.js:179:12)
    at parseType (/Users/adrianfranciscoperezgomez/Desktop/Personal Apps/vult-intel/node_modules/redis-parser/lib/parser.js:302:14) {
  command: { name: 'auth', args: [ 'IVB0VPnPl0urvQrpSKkbXLdEZBUfSHaP' ] }
}
ReplyError: WRONGPASS invalid username-password pair or user is disabled.
    at parseError (/Users/adrianfranciscoperezgomez/Desktop/Personal Apps/vult-intel/node_modules/redis-parser/lib/parser.js:179:12)
    at parseType (/Users/adrianfranciscoperezgomez/Desktop/Personal Apps/vult-intel/node_modules/redis-parser/lib/parser.js:302:14) {
  command: { name: 'auth', args: [ 'IVB0VPnPl0urvQrpSKkbXLdEZBUfSHaP' ] }
}
ReplyError: WRONGPASS invalid username-password pair or user is disabled.
    at parseError (/Users/adrianfranciscoperezgomez/Desktop/Personal Apps/vult-intel/node_modules/redis-parser/lib/parser.js:179:12)
    at parseType (/Users/adrianfranciscoperezgomez/Desktop/Personal Apps/vult-intel/node_modules/redis-parser/lib/parser.js:302:14) {
  command: { name: 'auth', args: [ 'IVB0VPnPl0urvQrpSKkbXLdEZBUfSHaP' ] }
}
ReplyError: WRONGPASS invalid username-password pair or user is disabled.
    at parseError (/Users/adrianfranciscoperezgomez/Desktop/Personal Apps/vult-intel/node_modules/redis-parser/lib/parser.js:179:12)
    at parseType (/Users/adrianfranciscoperezgomez/Desktop/Personal Apps/vult-intel/node_modules/redis-parser/lib/parser.js:302:14) {
  command: { name: 'auth', args: [ 'IVB0VPnPl0urvQrpSKkbXLdEZBUfSHaP' ] }
}
Connected to Redis for persistence
Redis connection error: ReplyError: WRONGPASS invalid username-password pair or user is disabled.
    at parseError (/Users/adrianfranciscoperezgomez/Desktop/Personal Apps/vult-intel/node_modules/redis-parser/lib/parser.js:179:12)
    at parseType (/Users/adrianfranciscoperezgomez/Desktop/Personal Apps/vult-intel/node_modules/redis-parser/lib/parser.js:302:14) {
  command: { name: 'auth', args: [ 'IVB0VPnPl0urvQrpSKkbXLdEZBUfSHaP' ] }
}
ReplyError: WRONGPASS invalid username-password pair or user is disabled.
    at parseError (/Users/adrianfranciscoperezgomez/Desktop/Personal Apps/vult-intel/node_modules/redis-parser/lib/parser.js:179:12)
    at parseType (/Users/adrianfranciscoperezgomez/Desktop/Personal Apps/vult-intel/node_modules/redis-parser/lib/parser.js:302:14) {
  command: { name: 'auth', args: [ 'IVB0VPnPl0urvQrpSKkbXLdEZBUfSHaP' ] }
}
ReplyError: WRONGPASS invalid username-password pair or user is disabled.
    at parseError (/Users/adrianfranciscoperezgomez/Desktop/Personal Apps/vult-intel/node_modules/redis-parser/lib/parser.js:179:12)
    at parseType (/Users/adrianfranciscoperezgomez/Desktop/Personal Apps/vult-intel/node_modules/redis-parser/lib/parser.js:302:14) {
  command: { name: 'auth', args: [ 'IVB0VPnPl0urvQrpSKkbXLdEZBUfSHaP' ] }
}
ReplyError: WRONGPASS invalid username-password pair or user is disabled.
    at parseError (/Users/adrianfranciscoperezgomez/Desktop/Personal Apps/vult-intel/node_modules/redis-parser/lib/parser.js:179:12)
    at parseType (/Users/adrianfranciscoperezgomez/Desktop/Personal Apps/vult-intel/node_modules/redis-parser/lib/parser.js:302:14) {
  command: { name: 'auth', args: [ 'IVB0VPnPl0urvQrpSKkbXLdEZBUfSHaP' ] }
}
ReplyError: WRONGPASS invalid username-password pair or user is disabled.
    at parseError (/Users/adrianfranciscoperezgomez/Desktop/Personal Apps/vult-intel/node_modules/redis-parser/lib/parser.js:179:12)
    at parseType (/Users/adrianfranciscoperezgomez/Desktop/Personal Apps/vult-intel/node_modules/redis-parser/lib/parser.js:302:14) {
  command: { name: 'auth', args: [ 'IVB0VPnPl0urvQrpSKkbXLdEZBUfSHaP' ] }
}
ReplyError: WRONGPASS invalid username-password pair or user is disabled.
    at parseError (/Users/adrianfranciscoperezgomez/Desktop/Personal Apps/vult-intel/node_modules/redis-parser/lib/parser.js:179:12)
    at parseType (/Users/adrianfranciscoperezgomez/Desktop/Personal Apps/vult-intel/node_modules/redis-parser/lib/parser.js:302:14) {
  command: { name: 'auth', args: [ 'IVB0VPnPl0urvQrpSKkbXLdEZBUfSHaP' ] }
}
ReplyError: WRONGPASS invalid username-password pair or user is disabled.
    at parseError (/Users/adrianfranciscoperezgomez/Desktop/Personal Apps/vult-intel/node_modules/redis-parser/lib/parser.js:179:12)
    at parseType (/Users/adrianfranciscoperezgomez/Desktop/Personal Apps/vult-intel/node_modules/redis-parser/lib/parser.js:302:14) {
  command: { name: 'auth', args: [ 'IVB0VPnPl0urvQrpSKkbXLdEZBUfSHaP' ] }
}
Connected to Redis for persistence
Redis connection error: ReplyError: WRONGPASS invalid username-password pair or user is disabled.
    at parseError (/Users/adrianfranciscoperezgomez/Desktop/Personal Apps/vult-intel/node_modules/redis-parser/lib/parser.js:179:12)
    at parseType (/Users/adrianfranciscoperezgomez/Desktop/Personal Apps/vult-intel/node_modules/redis-parser/lib/parser.js:302:14) {
  command: { name: 'auth', args: [ 'IVB0VPnPl0urvQrpSKkbXLdEZBUfSHaP' ] }
}
ReplyError: WRONGPASS invalid username-password pair or user is disabled.
    at parseError (/Users/adrianfranciscoperezgomez/Desktop/Personal Apps/vult-intel/node_modules/redis-parser/lib/parser.js:179:12)
    at parseType (/Users/adrianfranciscoperezgomez/Desktop/Personal Apps/vult-intel/node_modules/redis-parser/lib/parser.js:302:14) {
  command: { name: 'auth', args: [ 'IVB0VPnPl0urvQrpSKkbXLdEZBUfSHaP' ] }
}
ReplyError: WRONGPASS invalid username-password pair or user is disabled.
    at parseError (/Users/adrianfranciscoperezgomez/Desktop/Personal Apps/vult-intel/node_modules/redis-parser/lib/parser.js:179:12)
    at parseType (/Users/adrianfranciscoperezgomez/Desktop/Personal Apps/vult-intel/node_modules/redis-parser/lib/parser.js:302:14) {
  command: { name: 'auth', args: [ 'IVB0VPnPl0urvQrpSKkbXLdEZBUfSHaP' ] }
}
ReplyError: WRONGPASS invalid username-password pair or user is disabled.
    at parseError (/Users/adrianfranciscoperezgomez/Desktop/Personal Apps/vult-intel/node_modules/redis-parser/lib/parser.js:179:12)
    at parseType (/Users/adrianfranciscoperezgomez/Desktop/Personal Apps/vult-intel/node_modules/redis-parser/lib/parser.js:302:14) {
  command: { name: 'auth', args: [ 'IVB0VPnPl0urvQrpSKkbXLdEZBUfSHaP' ] }
}
ReplyError: WRONGPASS invalid username-password pair or user is disabled.
    at parseError (/Users/adrianfranciscoperezgomez/Desktop/Personal Apps/vult-intel/node_modules/redis-parser/lib/parser.js:179:12)
    at parseType (/Users/adrianfranciscoperezgomez/Desktop/Personal Apps/vult-intel/node_modules/redis-parser/lib/parser.js:302:14) {
  command: { name: 'auth', args: [ 'IVB0VPnPl0urvQrpSKkbXLdEZBUfSHaP' ] }
}
ReplyError: WRONGPASS invalid username-password pair or user is disabled.
    at parseError (/Users/adrianfranciscoperezgomez/Desktop/Personal Apps/vult-intel/node_modules/redis-parser/lib/parser.js:179:12)
    at parseType (/Users/adrianfranciscoperezgomez/Desktop/Personal Apps/vult-intel/node_modules/redis-parser/lib/parser.js:302:14) {
  command: { name: 'auth', args: [ 'IVB0VPnPl0urvQrpSKkbXLdEZBUfSHaP' ] }
}
ReplyError: WRONGPASS invalid username-password pair or user is disabled.
    at parseError (/Users/adrianfranciscoperezgomez/Desktop/Personal Apps/vult-intel/node_modules/redis-parser/lib/parser.js:179:12)
    at parseType (/Users/adrianfranciscoperezgomez/Desktop/Personal Apps/vult-intel/node_modules/redis-parser/lib/parser.js:302:14) {
  command: { name: 'auth', args: [ 'IVB0VPnPl0urvQrpSKkbXLdEZBUfSHaP' ] }
}
Connected to Redis for persistence
Redis connection error: ReplyError: WRONGPASS invalid username-password pair or user is disabled.
    at parseError (/Users/adrianfranciscoperezgomez/Desktop/Personal Apps/vult-intel/node_modules/redis-parser/lib/parser.js:179:12)
    at parseType (/Users/adrianfranciscoperezgomez/Desktop/Personal Apps/vult-intel/node_modules/redis-parser/lib/parser.js:302:14) {
  command: { name: 'auth', args: [ 'IVB0VPnPl0urvQrpSKkbXLdEZBUfSHaP' ] }
}
ReplyError: WRONGPASS invalid username-password pair or user is disabled.
    at parseError (/Users/adrianfranciscoperezgomez/Desktop/Personal Apps/vult-intel/node_modules/redis-parser/lib/parser.js:179:12)
    at parseType (/Users/adrianfranciscoperezgomez/Desktop/Personal Apps/vult-intel/node_modules/redis-parser/lib/parser.js:302:14) {
  command: { name: 'auth', args: [ 'IVB0VPnPl0urvQrpSKkbXLdEZBUfSHaP' ] }
}
ReplyError: WRONGPASS invalid username-password pair or user is disabled.
    at parseError (/Users/adrianfranciscoperezgomez/Desktop/Personal Apps/vult-intel/node_modules/redis-parser/lib/parser.js:179:12)
    at parseType (/Users/adrianfranciscoperezgomez/Desktop/Personal Apps/vult-intel/node_modules/redis-parser/lib/parser.js:302:14) {
  command: { name: 'auth', args: [ 'IVB0VPnPl0urvQrpSKkbXLdEZBUfSHaP' ] }
}
ReplyError: WRONGPASS invalid username-password pair or user is disabled.
    at parseError (/Users/adrianfranciscoperezgomez/Desktop/Personal Apps/vult-intel/node_modules/redis-parser/lib/parser.js:179:12)
    at parseType (/Users/adrianfranciscoperezgomez/Desktop/Personal Apps/vult-intel/node_modules/redis-parser/lib/parser.js:302:14) {
  command: { name: 'auth', args: [ 'IVB0VPnPl0urvQrpSKkbXLdEZBUfSHaP' ] }
}
ReplyError: WRONGPASS invalid username-password pair or user is disabled.
    at parseError (/Users/adrianfranciscoperezgomez/Desktop/Personal Apps/vult-intel/node_modules/redis-parser/lib/parser.js:179:12)
    at parseType (/Users/adrianfranciscoperezgomez/Desktop/Personal Apps/vult-intel/node_modules/redis-parser/lib/parser.js:302:14) {
  command: { name: 'auth', args: [ 'IVB0VPnPl0urvQrpSKkbXLdEZBUfSHaP' ] }
}
ReplyError: WRONGPASS invalid username-password pair or user is disabled.
    at parseError (/Users/adrianfranciscoperezgomez/Desktop/Personal Apps/vult-intel/node_modules/redis-parser/lib/parser.js:179:12)
    at parseType (/Users/adrianfranciscoperezgomez/Desktop/Personal Apps/vult-intel/node_modules/redis-parser/lib/parser.js:302:14) {
  command: { name: 'auth', args: [ 'IVB0VPnPl0urvQrpSKkbXLdEZBUfSHaP' ] }
}
Connected to Redis for persistence
ReplyError: WRONGPASS invalid username-password pair or user is disabled.
    at parseError (/Users/adrianfranciscoperezgomez/Desktop/Personal Apps/vult-intel/node_modules/redis-parser/lib/parser.js:179:12)
    at parseType (/Users/adrianfranciscoperezgomez/Desktop/Personal Apps/vult-intel/node_modules/redis-parser/lib/parser.js:302:14) {
  command: { name: 'auth', args: [ 'IVB0VPnPl0urvQrpSKkbXLdEZBUfSHaP' ] }
}
Redis connection error: ReplyError: WRONGPASS invalid username-password pair or user is disabled.
    at parseError (/Users/adrianfranciscoperezgomez/Desktop/Personal Apps/vult-intel/node_modules/redis-parser/lib/parser.js:179:12)
    at parseType (/Users/adrianfranciscoperezgomez/Desktop/Personal Apps/vult-intel/node_modules/redis-parser/lib/parser.js:302:14) {
  command: { name: 'auth', args: [ 'IVB0VPnPl0urvQrpSKkbXLdEZBUfSHaP' ] }
}
ReplyError: WRONGPASS invalid username-password pair or user is disabled.
    at parseError (/Users/adrianfranciscoperezgomez/Desktop/Personal Apps/vult-intel/node_modules/redis-parser/lib/parser.js:179:12)
    at parseType (/Users/adrianfranciscoperezgomez/Desktop/Personal Apps/vult-intel/node_modules/redis-parser/lib/parser.js:302:14) {
  command: { name: 'auth', args: [ 'IVB0VPnPl0urvQrpSKkbXLdEZBUfSHaP' ] }
}
ReplyError: WRONGPASS invalid username-password pair or user is disabled.
    at parseError (/Users/adrianfranciscoperezgomez/Desktop/Personal Apps/vult-intel/node_modules/redis-parser/lib/parser.js:179:12)
    at parseType (/Users/adrianfranciscoperezgomez/Desktop/Personal Apps/vult-intel/node_modules/redis-parser/lib/parser.js:302:14) {
  command: { name: 'auth', args: [ 'IVB0VPnPl0urvQrpSKkbXLdEZBUfSHaP' ] }
}
ReplyError: WRONGPASS invalid username-password pair or user is disabled.
    at parseError (/Users/adrianfranciscoperezgomez/Desktop/Personal Apps/vult-intel/node_modules/redis-parser/lib/parser.js:179:12)
    at parseType (/Users/adrianfranciscoperezgomez/Desktop/Personal Apps/vult-intel/node_modules/redis-parser/lib/parser.js:302:14) {
  command: { name: 'auth', args: [ 'IVB0VPnPl0urvQrpSKkbXLdEZBUfSHaP' ] }
}
ReplyError: WRONGPASS invalid username-password pair or user is disabled.
    at parseError (/Users/adrianfranciscoperezgomez/Desktop/Personal Apps/vult-intel/node_modules/redis-parser/lib/parser.js:179:12)
    at parseType (/Users/adrianfranciscoperezgomez/Desktop/Personal Apps/vult-intel/node_modules/redis-parser/lib/parser.js:302:14) {
  command: { name: 'auth', args: [ 'IVB0VPnPl0urvQrpSKkbXLdEZBUfSHaP' ] }
}
ReplyError: WRONGPASS invalid username-password pair or user is disabled.
    at parseError (/Users/adrianfranciscoperezgomez/Desktop/Personal Apps/vult-intel/node_modules/redis-parser/lib/parser.js:179:12)
    at parseType (/Users/adrianfranciscoperezgomez/Desktop/Personal Apps/vult-intel/node_modules/redis-parser/lib/parser.js:302:14) {
  command: { name: 'auth', args: [ 'IVB0VPnPl0urvQrpSKkbXLdEZBUfSHaP' ] }
}
ReplyError: WRONGPASS invalid username-password pair or user is disabled.
    at parseError (/Users/adrianfranciscoperezgomez/Desktop/Personal Apps/vult-intel/node_modules/redis-parser/lib/parser.js:179:12)
    at parseType (/Users/adrianfranciscoperezgomez/Desktop/Personal Apps/vult-intel/node_modules/redis-parser/lib/parser.js:302:14) {
  command: { name: 'auth', args: [ 'IVB0VPnPl0urvQrpSKkbXLdEZBUfSHaP' ] }
}
Connected to Redis for persistence
Redis connection error: ReplyError: WRONGPASS invalid username-password pair or user is disabled.
    at parseError (/Users/adrianfranciscoperezgomez/Desktop/Personal Apps/vult-intel/node_modules/redis-parser/lib/parser.js:179:12)
    at parseType (/Users/adrianfranciscoperezgomez/Desktop/Personal Apps/vult-intel/node_modules/redis-parser/lib/parser.js:302:14) {
  command: { name: 'auth', args: [ 'IVB0VPnPl0urvQrpSKkbXLdEZBUfSHaP' ] }
}
ReplyError: WRONGPASS invalid username-password pair or user is disabled.
    at parseError (/Users/adrianfranciscoperezgomez/Desktop/Personal Apps/vult-intel/node_modules/redis-parser/lib/parser.js:179:12)
    at parseType (/Users/adrianfranciscoperezgomez/Desktop/Personal Apps/vult-intel/node_modules/redis-parser/lib/parser.js:302:14) {
  command: { name: 'auth', args: [ 'IVB0VPnPl0urvQrpSKkbXLdEZBUfSHaP' ] }
}
ReplyError: WRONGPASS invalid username-password pair or user is disabled.
    at parseError (/Users/adrianfranciscoperezgomez/Desktop/Personal Apps/vult-intel/node_modules/redis-parser/lib/parser.js:179:12)
    at parseType (/Users/adrianfranciscoperezgomez/Desktop/Personal Apps/vult-intel/node_modules/redis-parser/lib/parser.js:302:14) {
  command: { name: 'auth', args: [ 'IVB0VPnPl0urvQrpSKkbXLdEZBUfSHaP' ] }
}
ReplyError: WRONGPASS invalid username-password pair or user is disabled.
    at parseError (/Users/adrianfranciscoperezgomez/Desktop/Personal Apps/vult-intel/node_modules/redis-parser/lib/parser.js:179:12)
    at parseType (/Users/adrianfranciscoperezgomez/Desktop/Personal Apps/vult-intel/node_modules/redis-parser/lib/parser.js:302:14) {
  command: { name: 'auth', args: [ 'IVB0VPnPl0urvQrpSKkbXLdEZBUfSHaP' ] }
}
ReplyError: WRONGPASS invalid username-password pair or user is disabled.
    at parseError (/Users/adrianfranciscoperezgomez/Desktop/Personal Apps/vult-intel/node_modules/redis-parser/lib/parser.js:179:12)
    at parseType (/Users/adrianfranciscoperezgomez/Desktop/Personal Apps/vult-intel/node_modules/redis-parser/lib/parser.js:302:14) {
  command: { name: 'auth', args: [ 'IVB0VPnPl0urvQrpSKkbXLdEZBUfSHaP' ] }
}
ReplyError: WRONGPASS invalid username-password pair or user is disabled.
    at parseError (/Users/adrianfranciscoperezgomez/Desktop/Personal Apps/vult-intel/node_modules/redis-parser/lib/parser.js:179:12)
    at parseType (/Users/adrianfranciscoperezgomez/Desktop/Personal Apps/vult-intel/node_modules/redis-parser/lib/parser.js:302:14) {
  command: { name: 'auth', args: [ 'IVB0VPnPl0urvQrpSKkbXLdEZBUfSHaP' ] }
}
ReplyError: WRONGPASS invalid username-password pair or user is disabled.
    at parseError (/Users/adrianfranciscoperezgomez/Desktop/Personal Apps/vult-intel/node_modules/redis-parser/lib/parser.js:179:12)
    at parseType (/Users/adrianfranciscoperezgomez/Desktop/Personal Apps/vult-intel/node_modules/redis-parser/lib/parser.js:302:14) {
  command: { name: 'auth', args: [ 'IVB0VPnPl0urvQrpSKkbXLdEZBUfSHaP' ] }
}
Connected to Redis for persistence
Redis connection error: ReplyError: WRONGPASS invalid username-password pair or user is disabled.
    at parseError (/Users/adrianfranciscoperezgomez/Desktop/Personal Apps/vult-intel/node_modules/redis-parser/lib/parser.js:179:12)
    at parseType (/Users/adrianfranciscoperezgomez/Desktop/Personal Apps/vult-intel/node_modules/redis-parser/lib/parser.js:302:14) {
  command: { name: 'auth', args: [ 'IVB0VPnPl0urvQrpSKkbXLdEZBUfSHaP' ] }
}
ReplyError: WRONGPASS invalid username-password pair or user is disabled.
    at parseError (/Users/adrianfranciscoperezgomez/Desktop/Personal Apps/vult-intel/node_modules/redis-parser/lib/parser.js:179:12)
    at parseType (/Users/adrianfranciscoperezgomez/Desktop/Personal Apps/vult-intel/node_modules/redis-parser/lib/parser.js:302:14) {
  command: { name: 'auth', args: [ 'IVB0VPnPl0urvQrpSKkbXLdEZBUfSHaP' ] }
}
ReplyError: WRONGPASS invalid username-password pair or user is disabled.
    at parseError (/Users/adrianfranciscoperezgomez/Desktop/Personal Apps/vult-intel/node_modules/redis-parser/lib/parser.js:179:12)
    at parseType (/Users/adrianfranciscoperezgomez/Desktop/Personal Apps/vult-intel/node_modules/redis-parser/lib/parser.js:302:14) {
  command: { name: 'auth', args: [ 'IVB0VPnPl0urvQrpSKkbXLdEZBUfSHaP' ] }
}
ReplyError: WRONGPASS invalid username-password pair or user is disabled.
    at parseError (/Users/adrianfranciscoperezgomez/Desktop/Personal Apps/vult-intel/node_modules/redis-parser/lib/parser.js:179:12)
    at parseType (/Users/adrianfranciscoperezgomez/Desktop/Personal Apps/vult-intel/node_modules/redis-parser/lib/parser.js:302:14) {
  command: { name: 'auth', args: [ 'IVB0VPnPl0urvQrpSKkbXLdEZBUfSHaP' ] }
}
ReplyError: WRONGPASS invalid username-password pair or user is disabled.
    at parseError (/Users/adrianfranciscoperezgomez/Desktop/Personal Apps/vult-intel/node_modules/redis-parser/lib/parser.js:179:12)
    at parseType (/Users/adrianfranciscoperezgomez/Desktop/Personal Apps/vult-intel/node_modules/redis-parser/lib/parser.js:302:14) {
  command: { name: 'auth', args: [ 'IVB0VPnPl0urvQrpSKkbXLdEZBUfSHaP' ] }
}
ReplyError: WRONGPASS invalid username-password pair or user is disabled.
    at parseError (/Users/adrianfranciscoperezgomez/Desktop/Personal Apps/vult-intel/node_modules/redis-parser/lib/parser.js:179:12)
    at parseType (/Users/adrianfranciscoperezgomez/Desktop/Personal Apps/vult-intel/node_modules/redis-parser/lib/parser.js:302:14) {
  command: { name: 'auth', args: [ 'IVB0VPnPl0urvQrpSKkbXLdEZBUfSHaP' ] }
}
ReplyError: WRONGPASS invalid username-password pair or user is disabled.
    at parseError (/Users/adrianfranciscoperezgomez/Desktop/Personal Apps/vult-intel/node_modules/redis-parser/lib/parser.js:179:12)
    at parseType (/Users/adrianfranciscoperezgomez/Desktop/Personal Apps/vult-intel/node_modules/redis-parser/lib/parser.js:302:14) {
  command: { name: 'auth', args: [ 'IVB0VPnPl0urvQrpSKkbXLdEZBUfSHaP' ] }
}
Connected to Redis for persistence
Redis connection error: ReplyError: WRONGPASS invalid username-password pair or user is disabled.
    at parseError (/Users/adrianfranciscoperezgomez/Desktop/Personal Apps/vult-intel/node_modules/redis-parser/lib/parser.js:179:12)
    at parseType (/Users/adrianfranciscoperezgomez/Desktop/Personal Apps/vult-intel/node_modules/redis-parser/lib/parser.js:302:14) {
  command: { name: 'auth', args: [ 'IVB0VPnPl0urvQrpSKkbXLdEZBUfSHaP' ] }
}
ReplyError: WRONGPASS invalid username-password pair or user is disabled.
    at parseError (/Users/adrianfranciscoperezgomez/Desktop/Personal Apps/vult-intel/node_modules/redis-parser/lib/parser.js:179:12)
    at parseType (/Users/adrianfranciscoperezgomez/Desktop/Personal Apps/vult-intel/node_modules/redis-parser/lib/parser.js:302:14) {
  command: { name: 'auth', args: [ 'IVB0VPnPl0urvQrpSKkbXLdEZBUfSHaP' ] }
}
ReplyError: WRONGPASS invalid username-password pair or user is disabled.
    at parseError (/Users/adrianfranciscoperezgomez/Desktop/Personal Apps/vult-intel/node_modules/redis-parser/lib/parser.js:179:12)
    at parseType (/Users/adrianfranciscoperezgomez/Desktop/Personal Apps/vult-intel/node_modules/redis-parser/lib/parser.js:302:14) {
  command: { name: 'auth', args: [ 'IVB0VPnPl0urvQrpSKkbXLdEZBUfSHaP' ] }
}
ReplyError: WRONGPASS invalid username-password pair or user is disabled.
    at parseError (/Users/adrianfranciscoperezgomez/Desktop/Personal Apps/vult-intel/node_modules/redis-parser/lib/parser.js:179:12)
    at parseType (/Users/adrianfranciscoperezgomez/Desktop/Personal Apps/vult-intel/node_modules/redis-parser/lib/parser.js:302:14) {
  command: { name: 'auth', args: [ 'IVB0VPnPl0urvQrpSKkbXLdEZBUfSHaP' ] }
}
ReplyError: WRONGPASS invalid username-password pair or user is disabled.
    at parseError (/Users/adrianfranciscoperezgomez/Desktop/Personal Apps/vult-intel/node_modules/redis-parser/lib/parser.js:179:12)
    at parseType (/Users/adrianfranciscoperezgomez/Desktop/Personal Apps/vult-intel/node_modules/redis-parser/lib/parser.js:302:14) {
  command: { name: 'auth', args: [ 'IVB0VPnPl0urvQrpSKkbXLdEZBUfSHaP' ] }
}
ReplyError: WRONGPASS invalid username-password pair or user is disabled.
    at parseError (/Users/adrianfranciscoperezgomez/Desktop/Personal Apps/vult-intel/node_modules/redis-parser/lib/parser.js:179:12)
    at parseType (/Users/adrianfranciscoperezgomez/Desktop/Personal Apps/vult-intel/node_modules/redis-parser/lib/parser.js:302:14) {
  command: { name: 'auth', args: [ 'IVB0VPnPl0urvQrpSKkbXLdEZBUfSHaP' ] }
}
Connected to Redis for persistence
ReplyError: WRONGPASS invalid username-password pair or user is disabled.
    at parseError (/Users/adrianfranciscoperezgomez/Desktop/Personal Apps/vult-intel/node_modules/redis-parser/lib/parser.js:179:12)
    at parseType (/Users/adrianfranciscoperezgomez/Desktop/Personal Apps/vult-intel/node_modules/redis-parser/lib/parser.js:302:14) {
  command: { name: 'auth', args: [ 'IVB0VPnPl0urvQrpSKkbXLdEZBUfSHaP' ] }
}
Redis connection error: ReplyError: WRONGPASS invalid username-password pair or user is disabled.
    at parseError (/Users/adrianfranciscoperezgomez/Desktop/Personal Apps/vult-intel/node_modules/redis-parser/lib/parser.js:179:12)
    at parseType (/Users/adrianfranciscoperezgomez/Desktop/Personal Apps/vult-intel/node_modules/redis-parser/lib/parser.js:302:14) {
  command: { name: 'auth', args: [ 'IVB0VPnPl0urvQrpSKkbXLdEZBUfSHaP' ] }
}
ReplyError: WRONGPASS invalid username-password pair or user is disabled.
    at parseError (/Users/adrianfranciscoperezgomez/Desktop/Personal Apps/vult-intel/node_modules/redis-parser/lib/parser.js:179:12)
    at parseType (/Users/adrianfranciscoperezgomez/Desktop/Personal Apps/vult-intel/node_modules/redis-parser/lib/parser.js:302:14) {
  command: { name: 'auth', args: [ 'IVB0VPnPl0urvQrpSKkbXLdEZBUfSHaP' ] }
}
ReplyError: WRONGPASS invalid username-password pair or user is disabled.
    at parseError (/Users/adrianfranciscoperezgomez/Desktop/Personal Apps/vult-intel/node_modules/redis-parser/lib/parser.js:179:12)
    at parseType (/Users/adrianfranciscoperezgomez/Desktop/Personal Apps/vult-intel/node_modules/redis-parser/lib/parser.js:302:14) {
  command: { name: 'auth', args: [ 'IVB0VPnPl0urvQrpSKkbXLdEZBUfSHaP' ] }
}
ReplyError: WRONGPASS invalid username-password pair or user is disabled.
    at parseError (/Users/adrianfranciscoperezgomez/Desktop/Personal Apps/vult-intel/node_modules/redis-parser/lib/parser.js:179:12)
    at parseType (/Users/adrianfranciscoperezgomez/Desktop/Personal Apps/vult-intel/node_modules/redis-parser/lib/parser.js:302:14) {
  command: { name: 'auth', args: [ 'IVB0VPnPl0urvQrpSKkbXLdEZBUfSHaP' ] }
}
ReplyError: WRONGPASS invalid username-password pair or user is disabled.
    at parseError (/Users/adrianfranciscoperezgomez/Desktop/Personal Apps/vult-intel/node_modules/redis-parser/lib/parser.js:179:12)
    at parseType (/Users/adrianfranciscoperezgomez/Desktop/Personal Apps/vult-intel/node_modules/redis-parser/lib/parser.js:302:14) {
  command: { name: 'auth', args: [ 'IVB0VPnPl0urvQrpSKkbXLdEZBUfSHaP' ] }
}
ReplyError: WRONGPASS invalid username-password pair or user is disabled.
    at parseError (/Users/adrianfranciscoperezgomez/Desktop/Personal Apps/vult-intel/node_modules/redis-parser/lib/parser.js:179:12)
    at parseType (/Users/adrianfranciscoperezgomez/Desktop/Personal Apps/vult-intel/node_modules/redis-parser/lib/parser.js:302:14) {
  command: { name: 'auth', args: [ 'IVB0VPnPl0urvQrpSKkbXLdEZBUfSHaP' ] }
}
ReplyError: WRONGPASS invalid username-password pair or user is disabled.
    at parseError (/Users/adrianfranciscoperezgomez/Desktop/Personal Apps/vult-intel/node_modules/redis-parser/lib/parser.js:179:12)
    at parseType (/Users/adrianfranciscoperezgomez/Desktop/Personal Apps/vult-intel/node_modules/redis-parser/lib/parser.js:302:14) {
  command: { name: 'auth', args: [ 'IVB0VPnPl0urvQrpSKkbXLdEZBUfSHaP' ] }
}
Connected to Redis for persistence
Redis connection error: ReplyError: WRONGPASS invalid username-password pair or user is disabled.
    at parseError (/Users/adrianfranciscoperezgomez/Desktop/Personal Apps/vult-intel/node_modules/redis-parser/lib/parser.js:179:12)
    at parseType (/Users/adrianfranciscoperezgomez/Desktop/Personal Apps/vult-intel/node_modules/redis-parser/lib/parser.js:302:14) {
  command: { name: 'auth', args: [ 'IVB0VPnPl0urvQrpSKkbXLdEZBUfSHaP' ] }
}
ReplyError: WRONGPASS invalid username-password pair or user is disabled.
    at parseError (/Users/adrianfranciscoperezgomez/Desktop/Personal Apps/vult-intel/node_modules/redis-parser/lib/parser.js:179:12)
    at parseType (/Users/adrianfranciscoperezgomez/Desktop/Personal Apps/vult-intel/node_modules/redis-parser/lib/parser.js:302:14) {
  command: { name: 'auth', args: [ 'IVB0VPnPl0urvQrpSKkbXLdEZBUfSHaP' ] }
}
ReplyError: WRONGPASS invalid username-password pair or user is disabled.
    at parseError (/Users/adrianfranciscoperezgomez/Desktop/Personal Apps/vult-intel/node_modules/redis-parser/lib/parser.js:179:12)
    at parseType (/Users/adrianfranciscoperezgomez/Desktop/Personal Apps/vult-intel/node_modules/redis-parser/lib/parser.js:302:14) {
  command: { name: 'auth', args: [ 'IVB0VPnPl0urvQrpSKkbXLdEZBUfSHaP' ] }
}
ReplyError: WRONGPASS invalid username-password pair or user is disabled.
    at parseError (/Users/adrianfranciscoperezgomez/Desktop/Personal Apps/vult-intel/node_modules/redis-parser/lib/parser.js:179:12)
    at parseType (/Users/adrianfranciscoperezgomez/Desktop/Personal Apps/vult-intel/node_modules/redis-parser/lib/parser.js:302:14) {
  command: { name: 'auth', args: [ 'IVB0VPnPl0urvQrpSKkbXLdEZBUfSHaP' ] }
}
ReplyError: WRONGPASS invalid username-password pair or user is disabled.
    at parseError (/Users/adrianfranciscoperezgomez/Desktop/Personal Apps/vult-intel/node_modules/redis-parser/lib/parser.js:179:12)
    at parseType (/Users/adrianfranciscoperezgomez/Desktop/Personal Apps/vult-intel/node_modules/redis-parser/lib/parser.js:302:14) {
  command: { name: 'auth', args: [ 'IVB0VPnPl0urvQrpSKkbXLdEZBUfSHaP' ] }
}
ReplyError: WRONGPASS invalid username-password pair or user is disabled.
    at parseError (/Users/adrianfranciscoperezgomez/Desktop/Personal Apps/vult-intel/node_modules/redis-parser/lib/parser.js:179:12)
    at parseType (/Users/adrianfranciscoperezgomez/Desktop/Personal Apps/vult-intel/node_modules/redis-parser/lib/parser.js:302:14) {
  command: { name: 'auth', args: [ 'IVB0VPnPl0urvQrpSKkbXLdEZBUfSHaP' ] }
}
ReplyError: WRONGPASS invalid username-password pair or user is disabled.
    at parseError (/Users/adrianfranciscoperezgomez/Desktop/Personal Apps/vult-intel/node_modules/redis-parser/lib/parser.js:179:12)
    at parseType (/Users/adrianfranciscoperezgomez/Desktop/Personal Apps/vult-intel/node_modules/redis-parser/lib/parser.js:302:14) {
  command: { name: 'auth', args: [ 'IVB0VPnPl0urvQrpSKkbXLdEZBUfSHaP' ] }
}
Connected to Redis for persistence
Redis connection error: ReplyError: WRONGPASS invalid username-password pair or user is disabled.
    at parseError (/Users/adrianfranciscoperezgomez/Desktop/Personal Apps/vult-intel/node_modules/redis-parser/lib/parser.js:179:12)
    at parseType (/Users/adrianfranciscoperezgomez/Desktop/Personal Apps/vult-intel/node_modules/redis-parser/lib/parser.js:302:14) {
  command: { name: 'auth', args: [ 'IVB0VPnPl0urvQrpSKkbXLdEZBUfSHaP' ] }
}
ReplyError: WRONGPASS invalid username-password pair or user is disabled.
    at parseError (/Users/adrianfranciscoperezgomez/Desktop/Personal Apps/vult-intel/node_modules/redis-parser/lib/parser.js:179:12)
    at parseType (/Users/adrianfranciscoperezgomez/Desktop/Personal Apps/vult-intel/node_modules/redis-parser/lib/parser.js:302:14) {
  command: { name: 'auth', args: [ 'IVB0VPnPl0urvQrpSKkbXLdEZBUfSHaP' ] }
}
ReplyError: WRONGPASS invalid username-password pair or user is disabled.
    at parseError (/Users/adrianfranciscoperezgomez/Desktop/Personal Apps/vult-intel/node_modules/redis-parser/lib/parser.js:179:12)
    at parseType (/Users/adrianfranciscoperezgomez/Desktop/Personal Apps/vult-intel/node_modules/redis-parser/lib/parser.js:302:14) {
  command: { name: 'auth', args: [ 'IVB0VPnPl0urvQrpSKkbXLdEZBUfSHaP' ] }
}
ReplyError: WRONGPASS invalid username-password pair or user is disabled.
    at parseError (/Users/adrianfranciscoperezgomez/Desktop/Personal Apps/vult-intel/node_modules/redis-parser/lib/parser.js:179:12)
    at parseType (/Users/adrianfranciscoperezgomez/Desktop/Personal Apps/vult-intel/node_modules/redis-parser/lib/parser.js:302:14) {
  command: { name: 'auth', args: [ 'IVB0VPnPl0urvQrpSKkbXLdEZBUfSHaP' ] }
}
ReplyError: WRONGPASS invalid username-password pair or user is disabled.
    at parseError (/Users/adrianfranciscoperezgomez/Desktop/Personal Apps/vult-intel/node_modules/redis-parser/lib/parser.js:179:12)
    at parseType (/Users/adrianfranciscoperezgomez/Desktop/Personal Apps/vult-intel/node_modules/redis-parser/lib/parser.js:302:14) {
  command: { name: 'auth', args: [ 'IVB0VPnPl0urvQrpSKkbXLdEZBUfSHaP' ] }
}
ReplyError: WRONGPASS invalid username-password pair or user is disabled.
    at parseError (/Users/adrianfranciscoperezgomez/Desktop/Personal Apps/vult-intel/node_modules/redis-parser/lib/parser.js:179:12)
    at parseType (/Users/adrianfranciscoperezgomez/Desktop/Personal Apps/vult-intel/node_modules/redis-parser/lib/parser.js:302:14) {
  command: { name: 'auth', args: [ 'IVB0VPnPl0urvQrpSKkbXLdEZBUfSHaP' ] }
}
Connected to Redis for persistence
ReplyError: WRONGPASS invalid username-password pair or user is disabled.
    at parseError (/Users/adrianfranciscoperezgomez/Desktop/Personal Apps/vult-intel/node_modules/redis-parser/lib/parser.js:179:12)
    at parseType (/Users/adrianfranciscoperezgomez/Desktop/Personal Apps/vult-intel/node_modules/redis-parser/lib/parser.js:302:14) {
  command: { name: 'auth', args: [ 'IVB0VPnPl0urvQrpSKkbXLdEZBUfSHaP' ] }
}
Redis connection error: ReplyError: WRONGPASS invalid username-password pair or user is disabled.
    at parseError (/Users/adrianfranciscoperezgomez/Desktop/Personal Apps/vult-intel/node_modules/redis-parser/lib/parser.js:179:12)
    at parseType (/Users/adrianfranciscoperezgomez/Desktop/Personal Apps/vult-intel/node_modules/redis-parser/lib/parser.js:302:14) {
  command: { name: 'auth', args: [ 'IVB0VPnPl0urvQrpSKkbXLdEZBUfSHaP' ] }
}
ReplyError: WRONGPASS invalid username-password pair or user is disabled.
    at parseError (/Users/adrianfranciscoperezgomez/Desktop/Personal Apps/vult-intel/node_modules/redis-parser/lib/parser.js:179:12)
    at parseType (/Users/adrianfranciscoperezgomez/Desktop/Personal Apps/vult-intel/node_modules/redis-parser/lib/parser.js:302:14) {
  command: { name: 'auth', args: [ 'IVB0VPnPl0urvQrpSKkbXLdEZBUfSHaP' ] }
}
ReplyError: WRONGPASS invalid username-password pair or user is disabled.
    at parseError (/Users/adrianfranciscoperezgomez/Desktop/Personal Apps/vult-intel/node_modules/redis-parser/lib/parser.js:179:12)
    at parseType (/Users/adrianfranciscoperezgomez/Desktop/Personal Apps/vult-intel/node_modules/redis-parser/lib/parser.js:302:14) {
  command: { name: 'auth', args: [ 'IVB0VPnPl0urvQrpSKkbXLdEZBUfSHaP' ] }
}
ReplyError: WRONGPASS invalid username-password pair or user is disabled.
    at parseError (/Users/adrianfranciscoperezgomez/Desktop/Personal Apps/vult-intel/node_modules/redis-parser/lib/parser.js:179:12)
    at parseType (/Users/adrianfranciscoperezgomez/Desktop/Personal Apps/vult-intel/node_modules/redis-parser/lib/parser.js:302:14) {
  command: { name: 'auth', args: [ 'IVB0VPnPl0urvQrpSKkbXLdEZBUfSHaP' ] }
}
ReplyError: WRONGPASS invalid username-password pair or user is disabled.
    at parseError (/Users/adrianfranciscoperezgomez/Desktop/Personal Apps/vult-intel/node_modules/redis-parser/lib/parser.js:179:12)
    at parseType (/Users/adrianfranciscoperezgomez/Desktop/Personal Apps/vult-intel/node_modules/redis-parser/lib/parser.js:302:14) {
  command: { name: 'auth', args: [ 'IVB0VPnPl0urvQrpSKkbXLdEZBUfSHaP' ] }
}
ReplyError: WRONGPASS invalid username-password pair or user is disabled.
    at parseError (/Users/adrianfranciscoperezgomez/Desktop/Personal Apps/vult-intel/node_modules/redis-parser/lib/parser.js:179:12)
    at parseType (/Users/adrianfranciscoperezgomez/Desktop/Personal Apps/vult-intel/node_modules/redis-parser/lib/parser.js:302:14) {
  command: { name: 'auth', args: [ 'IVB0VPnPl0urvQrpSKkbXLdEZBUfSHaP' ] }
}
Connected to Redis for persistence
ReplyError: WRONGPASS invalid username-password pair or user is disabled.
    at parseError (/Users/adrianfranciscoperezgomez/Desktop/Personal Apps/vult-intel/node_modules/redis-parser/lib/parser.js:179:12)
    at parseType (/Users/adrianfranciscoperezgomez/Desktop/Personal Apps/vult-intel/node_modules/redis-parser/lib/parser.js:302:14) {
  command: { name: 'auth', args: [ 'IVB0VPnPl0urvQrpSKkbXLdEZBUfSHaP' ] }
}
Redis connection error: ReplyError: WRONGPASS invalid username-password pair or user is disabled.
    at parseError (/Users/adrianfranciscoperezgomez/Desktop/Personal Apps/vult-intel/node_modules/redis-parser/lib/parser.js:179:12)
    at parseType (/Users/adrianfranciscoperezgomez/Desktop/Personal Apps/vult-intel/node_modules/redis-parser/lib/parser.js:302:14) {
  command: { name: 'auth', args: [ 'IVB0VPnPl0urvQrpSKkbXLdEZBUfSHaP' ] }
}
ReplyError: WRONGPASS invalid username-password pair or user is disabled.
    at parseError (/Users/adrianfranciscoperezgomez/Desktop/Personal Apps/vult-intel/node_modules/redis-parser/lib/parser.js:179:12)
    at parseType (/Users/adrianfranciscoperezgomez/Desktop/Personal Apps/vult-intel/node_modules/redis-parser/lib/parser.js:302:14) {
  command: { name: 'auth', args: [ 'IVB0VPnPl0urvQrpSKkbXLdEZBUfSHaP' ] }
}
ReplyError: WRONGPASS invalid username-password pair or user is disabled.
    at parseError (/Users/adrianfranciscoperezgomez/Desktop/Personal Apps/vult-intel/node_modules/redis-parser/lib/parser.js:179:12)
    at parseType (/Users/adrianfranciscoperezgomez/Desktop/Personal Apps/vult-intel/node_modules/redis-parser/lib/parser.js:302:14) {
  command: { name: 'auth', args: [ 'IVB0VPnPl0urvQrpSKkbXLdEZBUfSHaP' ] }
}
ReplyError: WRONGPASS invalid username-password pair or user is disabled.
    at parseError (/Users/adrianfranciscoperezgomez/Desktop/Personal Apps/vult-intel/node_modules/redis-parser/lib/parser.js:179:12)
    at parseType (/Users/adrianfranciscoperezgomez/Desktop/Personal Apps/vult-intel/node_modules/redis-parser/lib/parser.js:302:14) {
  command: { name: 'auth', args: [ 'IVB0VPnPl0urvQrpSKkbXLdEZBUfSHaP' ] }
}
ReplyError: WRONGPASS invalid username-password pair or user is disabled.
    at parseError (/Users/adrianfranciscoperezgomez/Desktop/Personal Apps/vult-intel/node_modules/redis-parser/lib/parser.js:179:12)
    at parseType (/Users/adrianfranciscoperezgomez/Desktop/Personal Apps/vult-intel/node_modules/redis-parser/lib/parser.js:302:14) {
  command: { name: 'auth', args: [ 'IVB0VPnPl0urvQrpSKkbXLdEZBUfSHaP' ] }
}
ReplyError: WRONGPASS invalid username-password pair or user is disabled.
    at parseError (/Users/adrianfranciscoperezgomez/Desktop/Personal Apps/vult-intel/node_modules/redis-parser/lib/parser.js:179:12)
    at parseType (/Users/adrianfranciscoperezgomez/Desktop/Personal Apps/vult-intel/node_modules/redis-parser/lib/parser.js:302:14) {
  command: { name: 'auth', args: [ 'IVB0VPnPl0urvQrpSKkbXLdEZBUfSHaP' ] }
}
Connected to Redis for persistence
ReplyError: WRONGPASS invalid username-password pair or user is disabled.
    at parseError (/Users/adrianfranciscoperezgomez/Desktop/Personal Apps/vult-intel/node_modules/redis-parser/lib/parser.js:179:12)
    at parseType (/Users/adrianfranciscoperezgomez/Desktop/Personal Apps/vult-intel/node_modules/redis-parser/lib/parser.js:302:14) {
  command: { name: 'auth', args: [ 'IVB0VPnPl0urvQrpSKkbXLdEZBUfSHaP' ] }
}
Redis connection error: ReplyError: WRONGPASS invalid username-password pair or user is disabled.
    at parseError (/Users/adrianfranciscoperezgomez/Desktop/Personal Apps/vult-intel/node_modules/redis-parser/lib/parser.js:179:12)
    at parseType (/Users/adrianfranciscoperezgomez/Desktop/Personal Apps/vult-intel/node_modules/redis-parser/lib/parser.js:302:14) {
  command: { name: 'auth', args: [ 'IVB0VPnPl0urvQrpSKkbXLdEZBUfSHaP' ] }
}
ReplyError: WRONGPASS invalid username-password pair or user is disabled.
    at parseError (/Users/adrianfranciscoperezgomez/Desktop/Personal Apps/vult-intel/node_modules/redis-parser/lib/parser.js:179:12)
    at parseType (/Users/adrianfranciscoperezgomez/Desktop/Personal Apps/vult-intel/node_modules/redis-parser/lib/parser.js:302:14) {
  command: { name: 'auth', args: [ 'IVB0VPnPl0urvQrpSKkbXLdEZBUfSHaP' ] }
}
ReplyError: WRONGPASS invalid username-password pair or user is disabled.
    at parseError (/Users/adrianfranciscoperezgomez/Desktop/Personal Apps/vult-intel/node_modules/redis-parser/lib/parser.js:179:12)
    at parseType (/Users/adrianfranciscoperezgomez/Desktop/Personal Apps/vult-intel/node_modules/redis-parser/lib/parser.js:302:14) {
  command: { name: 'auth', args: [ 'IVB0VPnPl0urvQrpSKkbXLdEZBUfSHaP' ] }
}
ReplyError: WRONGPASS invalid username-password pair or user is disabled.
    at parseError (/Users/adrianfranciscoperezgomez/Desktop/Personal Apps/vult-intel/node_modules/redis-parser/lib/parser.js:179:12)
    at parseType (/Users/adrianfranciscoperezgomez/Desktop/Personal Apps/vult-intel/node_modules/redis-parser/lib/parser.js:302:14) {
  command: { name: 'auth', args: [ 'IVB0VPnPl0urvQrpSKkbXLdEZBUfSHaP' ] }
}
ReplyError: WRONGPASS invalid username-password pair or user is disabled.
    at parseError (/Users/adrianfranciscoperezgomez/Desktop/Personal Apps/vult-intel/node_modules/redis-parser/lib/parser.js:179:12)
    at parseType (/Users/adrianfranciscoperezgomez/Desktop/Personal Apps/vult-intel/node_modules/redis-parser/lib/parser.js:302:14) {
  command: { name: 'auth', args: [ 'IVB0VPnPl0urvQrpSKkbXLdEZBUfSHaP' ] }
}
ReplyError: WRONGPASS invalid username-password pair or user is disabled.
    at parseError (/Users/adrianfranciscoperezgomez/Desktop/Personal Apps/vult-intel/node_modules/redis-parser/lib/parser.js:179:12)
    at parseType (/Users/adrianfranciscoperezgomez/Desktop/Personal Apps/vult-intel/node_modules/redis-parser/lib/parser.js:302:14) {
  command: { name: 'auth', args: [ 'IVB0VPnPl0urvQrpSKkbXLdEZBUfSHaP' ] }
}
Connected to Redis for persistence
ReplyError: WRONGPASS invalid username-password pair or user is disabled.
    at parseError (/Users/adrianfranciscoperezgomez/Desktop/Personal Apps/vult-intel/node_modules/redis-parser/lib/parser.js:179:12)
    at parseType (/Users/adrianfranciscoperezgomez/Desktop/Personal Apps/vult-intel/node_modules/redis-parser/lib/parser.js:302:14) {
  command: { name: 'auth', args: [ 'IVB0VPnPl0urvQrpSKkbXLdEZBUfSHaP' ] }
}
Redis connection error: ReplyError: WRONGPASS invalid username-password pair or user is disabled.
    at parseError (/Users/adrianfranciscoperezgomez/Desktop/Personal Apps/vult-intel/node_modules/redis-parser/lib/parser.js:179:12)
    at parseType (/Users/adrianfranciscoperezgomez/Desktop/Personal Apps/vult-intel/node_modules/redis-parser/lib/parser.js:302:14) {
  command: { name: 'auth', args: [ 'IVB0VPnPl0urvQrpSKkbXLdEZBUfSHaP' ] }
}
ReplyError: WRONGPASS invalid username-password pair or user is disabled.
    at parseError (/Users/adrianfranciscoperezgomez/Desktop/Personal Apps/vult-intel/node_modules/redis-parser/lib/parser.js:179:12)
    at parseType (/Users/adrianfranciscoperezgomez/Desktop/Personal Apps/vult-intel/node_modules/redis-parser/lib/parser.js:302:14) {
  command: { name: 'auth', args: [ 'IVB0VPnPl0urvQrpSKkbXLdEZBUfSHaP' ] }
}
ReplyError: WRONGPASS invalid username-password pair or user is disabled.
    at parseError (/Users/adrianfranciscoperezgomez/Desktop/Personal Apps/vult-intel/node_modules/redis-parser/lib/parser.js:179:12)
    at parseType (/Users/adrianfranciscoperezgomez/Desktop/Personal Apps/vult-intel/node_modules/redis-parser/lib/parser.js:302:14) {
  command: { name: 'auth', args: [ 'IVB0VPnPl0urvQrpSKkbXLdEZBUfSHaP' ] }
}
ReplyError: WRONGPASS invalid username-password pair or user is disabled.
    at parseError (/Users/adrianfranciscoperezgomez/Desktop/Personal Apps/vult-intel/node_modules/redis-parser/lib/parser.js:179:12)
    at parseType (/Users/adrianfranciscoperezgomez/Desktop/Personal Apps/vult-intel/node_modules/redis-parser/lib/parser.js:302:14) {
  command: { name: 'auth', args: [ 'IVB0VPnPl0urvQrpSKkbXLdEZBUfSHaP' ] }
}
ReplyError: WRONGPASS invalid username-password pair or user is disabled.
    at parseError (/Users/adrianfranciscoperezgomez/Desktop/Personal Apps/vult-intel/node_modules/redis-parser/lib/parser.js:179:12)
    at parseType (/Users/adrianfranciscoperezgomez/Desktop/Personal Apps/vult-intel/node_modules/redis-parser/lib/parser.js:302:14) {
  command: { name: 'auth', args: [ 'IVB0VPnPl0urvQrpSKkbXLdEZBUfSHaP' ] }
}
ReplyError: WRONGPASS invalid username-password pair or user is disabled.
    at parseError (/Users/adrianfranciscoperezgomez/Desktop/Personal Apps/vult-intel/node_modules/redis-parser/lib/parser.js:179:12)
    at parseType (/Users/adrianfranciscoperezgomez/Desktop/Personal Apps/vult-intel/node_modules/redis-parser/lib/parser.js:302:14) {
  command: { name: 'auth', args: [ 'IVB0VPnPl0urvQrpSKkbXLdEZBUfSHaP' ] }
}
Connected to Redis for persistence
ReplyError: WRONGPASS invalid username-password pair or user is disabled.
    at parseError (/Users/adrianfranciscoperezgomez/Desktop/Personal Apps/vult-intel/node_modules/redis-parser/lib/parser.js:179:12)
    at parseType (/Users/adrianfranciscoperezgomez/Desktop/Personal Apps/vult-intel/node_modules/redis-parser/lib/parser.js:302:14) {
  command: { name: 'auth', args: [ 'IVB0VPnPl0urvQrpSKkbXLdEZBUfSHaP' ] }
}
Redis connection error: ReplyError: WRONGPASS invalid username-password pair or user is disabled.
    at parseError (/Users/adrianfranciscoperezgomez/Desktop/Personal Apps/vult-intel/node_modules/redis-parser/lib/parser.js:179:12)
    at parseType (/Users/adrianfranciscoperezgomez/Desktop/Personal Apps/vult-intel/node_modules/redis-parser/lib/parser.js:302:14) {
  command: { name: 'auth', args: [ 'IVB0VPnPl0urvQrpSKkbXLdEZBUfSHaP' ] }
}
ReplyError: WRONGPASS invalid username-password pair or user is disabled.
    at parseError (/Users/adrianfranciscoperezgomez/Desktop/Personal Apps/vult-intel/node_modules/redis-parser/lib/parser.js:179:12)
    at parseType (/Users/adrianfranciscoperezgomez/Desktop/Personal Apps/vult-intel/node_modules/redis-parser/lib/parser.js:302:14) {
  command: { name: 'auth', args: [ 'IVB0VPnPl0urvQrpSKkbXLdEZBUfSHaP' ] }
}
ReplyError: WRONGPASS invalid username-password pair or user is disabled.
    at parseError (/Users/adrianfranciscoperezgomez/Desktop/Personal Apps/vult-intel/node_modules/redis-parser/lib/parser.js:179:12)
    at parseType (/Users/adrianfranciscoperezgomez/Desktop/Personal Apps/vult-intel/node_modules/redis-parser/lib/parser.js:302:14) {
  command: { name: 'auth', args: [ 'IVB0VPnPl0urvQrpSKkbXLdEZBUfSHaP' ] }
}
ReplyError: WRONGPASS invalid username-password pair or user is disabled.
    at parseError (/Users/adrianfranciscoperezgomez/Desktop/Personal Apps/vult-intel/node_modules/redis-parser/lib/parser.js:179:12)
    at parseType (/Users/adrianfranciscoperezgomez/Desktop/Personal Apps/vult-intel/node_modules/redis-parser/lib/parser.js:302:14) {
  command: { name: 'auth', args: [ 'IVB0VPnPl0urvQrpSKkbXLdEZBUfSHaP' ] }
}
ReplyError: WRONGPASS invalid username-password pair or user is disabled.
    at parseError (/Users/adrianfranciscoperezgomez/Desktop/Personal Apps/vult-intel/node_modules/redis-parser/lib/parser.js:179:12)
    at parseType (/Users/adrianfranciscoperezgomez/Desktop/Personal Apps/vult-intel/node_modules/redis-parser/lib/parser.js:302:14) {
  command: { name: 'auth', args: [ 'IVB0VPnPl0urvQrpSKkbXLdEZBUfSHaP' ] }
}
ReplyError: WRONGPASS invalid username-password pair or user is disabled.
    at parseError (/Users/adrianfranciscoperezgomez/Desktop/Personal Apps/vult-intel/node_modules/redis-parser/lib/parser.js:179:12)
    at parseType (/Users/adrianfranciscoperezgomez/Desktop/Personal Apps/vult-intel/node_modules/redis-parser/lib/parser.js:302:14) {
  command: { name: 'auth', args: [ 'IVB0VPnPl0urvQrpSKkbXLdEZBUfSHaP' ] }
}
Connected to Redis for persistence
ReplyError: WRONGPASS invalid username-password pair or user is disabled.
    at parseError (/Users/adrianfranciscoperezgomez/Desktop/Personal Apps/vult-intel/node_modules/redis-parser/lib/parser.js:179:12)
    at parseType (/Users/adrianfranciscoperezgomez/Desktop/Personal Apps/vult-intel/node_modules/redis-parser/lib/parser.js:302:14) {
  command: { name: 'auth', args: [ 'IVB0VPnPl0urvQrpSKkbXLdEZBUfSHaP' ] }
}
Redis connection error: ReplyError: WRONGPASS invalid username-password pair or user is disabled.
    at parseError (/Users/adrianfranciscoperezgomez/Desktop/Personal Apps/vult-intel/node_modules/redis-parser/lib/parser.js:179:12)
    at parseType (/Users/adrianfranciscoperezgomez/Desktop/Personal Apps/vult-intel/node_modules/redis-parser/lib/parser.js:302:14) {
  command: { name: 'auth', args: [ 'IVB0VPnPl0urvQrpSKkbXLdEZBUfSHaP' ] }
}
ReplyError: WRONGPASS invalid username-password pair or user is disabled.
    at parseError (/Users/adrianfranciscoperezgomez/Desktop/Personal Apps/vult-intel/node_modules/redis-parser/lib/parser.js:179:12)
    at parseType (/Users/adrianfranciscoperezgomez/Desktop/Personal Apps/vult-intel/node_modules/redis-parser/lib/parser.js:302:14) {
  command: { name: 'auth', args: [ 'IVB0VPnPl0urvQrpSKkbXLdEZBUfSHaP' ] }
}
ReplyError: WRONGPASS invalid username-password pair or user is disabled.
    at parseError (/Users/adrianfranciscoperezgomez/Desktop/Personal Apps/vult-intel/node_modules/redis-parser/lib/parser.js:179:12)
    at parseType (/Users/adrianfranciscoperezgomez/Desktop/Personal Apps/vult-intel/node_modules/redis-parser/lib/parser.js:302:14) {
  command: { name: 'auth', args: [ 'IVB0VPnPl0urvQrpSKkbXLdEZBUfSHaP' ] }
}
ReplyError: WRONGPASS invalid username-password pair or user is disabled.
    at parseError (/Users/adrianfranciscoperezgomez/Desktop/Personal Apps/vult-intel/node_modules/redis-parser/lib/parser.js:179:12)
    at parseType (/Users/adrianfranciscoperezgomez/Desktop/Personal Apps/vult-intel/node_modules/redis-parser/lib/parser.js:302:14) {
  command: { name: 'auth', args: [ 'IVB0VPnPl0urvQrpSKkbXLdEZBUfSHaP' ] }
}
ReplyError: WRONGPASS invalid username-password pair or user is disabled.
    at parseError (/Users/adrianfranciscoperezgomez/Desktop/Personal Apps/vult-intel/node_modules/redis-parser/lib/parser.js:179:12)
    at parseType (/Users/adrianfranciscoperezgomez/Desktop/Personal Apps/vult-intel/node_modules/redis-parser/lib/parser.js:302:14) {
  command: { name: 'auth', args: [ 'IVB0VPnPl0urvQrpSKkbXLdEZBUfSHaP' ] }
}
ReplyError: WRONGPASS invalid username-password pair or user is disabled.
    at parseError (/Users/adrianfranciscoperezgomez/Desktop/Personal Apps/vult-intel/node_modules/redis-parser/lib/parser.js:179:12)
    at parseType (/Users/adrianfranciscoperezgomez/Desktop/Personal Apps/vult-intel/node_modules/redis-parser/lib/parser.js:302:14) {
  command: { name: 'auth', args: [ 'IVB0VPnPl0urvQrpSKkbXLdEZBUfSHaP' ] }
}
ReplyError: WRONGPASS invalid username-password pair or user is disabled.
    at parseError (/Users/adrianfranciscoperezgomez/Desktop/Personal Apps/vult-intel/node_modules/redis-parser/lib/parser.js:179:12)
    at parseType (/Users/adrianfranciscoperezgomez/Desktop/Personal Apps/vult-intel/node_modules/redis-parser/lib/parser.js:302:14) {
  command: { name: 'auth', args: [ 'IVB0VPnPl0urvQrpSKkbXLdEZBUfSHaP' ] }
}
Connected to Redis for persistence
Redis connection error: ReplyError: WRONGPASS invalid username-password pair or user is disabled.
    at parseError (/Users/adrianfranciscoperezgomez/Desktop/Personal Apps/vult-intel/node_modules/redis-parser/lib/parser.js:179:12)
    at parseType (/Users/adrianfranciscoperezgomez/Desktop/Personal Apps/vult-intel/node_modules/redis-parser/lib/parser.js:302:14) {
  command: { name: 'auth', args: [ 'IVB0VPnPl0urvQrpSKkbXLdEZBUfSHaP' ] }
}
ReplyError: WRONGPASS invalid username-password pair or user is disabled.
    at parseError (/Users/adrianfranciscoperezgomez/Desktop/Personal Apps/vult-intel/node_modules/redis-parser/lib/parser.js:179:12)
    at parseType (/Users/adrianfranciscoperezgomez/Desktop/Personal Apps/vult-intel/node_modules/redis-parser/lib/parser.js:302:14) {
  command: { name: 'auth', args: [ 'IVB0VPnPl0urvQrpSKkbXLdEZBUfSHaP' ] }
}
ReplyError: WRONGPASS invalid username-password pair or user is disabled.
    at parseError (/Users/adrianfranciscoperezgomez/Desktop/Personal Apps/vult-intel/node_modules/redis-parser/lib/parser.js:179:12)
    at parseType (/Users/adrianfranciscoperezgomez/Desktop/Personal Apps/vult-intel/node_modules/redis-parser/lib/parser.js:302:14) {
  command: { name: 'auth', args: [ 'IVB0VPnPl0urvQrpSKkbXLdEZBUfSHaP' ] }
}
ReplyError: WRONGPASS invalid username-password pair or user is disabled.
    at parseError (/Users/adrianfranciscoperezgomez/Desktop/Personal Apps/vult-intel/node_modules/redis-parser/lib/parser.js:179:12)
    at parseType (/Users/adrianfranciscoperezgomez/Desktop/Personal Apps/vult-intel/node_modules/redis-parser/lib/parser.js:302:14) {
  command: { name: 'auth', args: [ 'IVB0VPnPl0urvQrpSKkbXLdEZBUfSHaP' ] }
}
ReplyError: WRONGPASS invalid username-password pair or user is disabled.
    at parseError (/Users/adrianfranciscoperezgomez/Desktop/Personal Apps/vult-intel/node_modules/redis-parser/lib/parser.js:179:12)
    at parseType (/Users/adrianfranciscoperezgomez/Desktop/Personal Apps/vult-intel/node_modules/redis-parser/lib/parser.js:302:14) {
  command: { name: 'auth', args: [ 'IVB0VPnPl0urvQrpSKkbXLdEZBUfSHaP' ] }
}
ReplyError: WRONGPASS invalid username-password pair or user is disabled.
    at parseError (/Users/adrianfranciscoperezgomez/Desktop/Personal Apps/vult-intel/node_modules/redis-parser/lib/parser.js:179:12)
    at parseType (/Users/adrianfranciscoperezgomez/Desktop/Personal Apps/vult-intel/node_modules/redis-parser/lib/parser.js:302:14) {
  command: { name: 'auth', args: [ 'IVB0VPnPl0urvQrpSKkbXLdEZBUfSHaP' ] }
}
ReplyError: WRONGPASS invalid username-password pair or user is disabled.
    at parseError (/Users/adrianfranciscoperezgomez/Desktop/Personal Apps/vult-intel/node_modules/redis-parser/lib/parser.js:179:12)
    at parseType (/Users/adrianfranciscoperezgomez/Desktop/Personal Apps/vult-intel/node_modules/redis-parser/lib/parser.js:302:14) {
  command: { name: 'auth', args: [ 'IVB0VPnPl0urvQrpSKkbXLdEZBUfSHaP' ] }
}
Connected to Redis for persistence
Redis connection error: ReplyError: WRONGPASS invalid username-password pair or user is disabled.
    at parseError (/Users/adrianfranciscoperezgomez/Desktop/Personal Apps/vult-intel/node_modules/redis-parser/lib/parser.js:179:12)
    at parseType (/Users/adrianfranciscoperezgomez/Desktop/Personal Apps/vult-intel/node_modules/redis-parser/lib/parser.js:302:14) {
  command: { name: 'auth', args: [ 'IVB0VPnPl0urvQrpSKkbXLdEZBUfSHaP' ] }
}
ReplyError: WRONGPASS invalid username-password pair or user is disabled.
    at parseError (/Users/adrianfranciscoperezgomez/Desktop/Personal Apps/vult-intel/node_modules/redis-parser/lib/parser.js:179:12)
    at parseType (/Users/adrianfranciscoperezgomez/Desktop/Personal Apps/vult-intel/node_modules/redis-parser/lib/parser.js:302:14) {
  command: { name: 'auth', args: [ 'IVB0VPnPl0urvQrpSKkbXLdEZBUfSHaP' ] }
}
ReplyError: WRONGPASS invalid username-password pair or user is disabled.
    at parseError (/Users/adrianfranciscoperezgomez/Desktop/Personal Apps/vult-intel/node_modules/redis-parser/lib/parser.js:179:12)
    at parseType (/Users/adrianfranciscoperezgomez/Desktop/Personal Apps/vult-intel/node_modules/redis-parser/lib/parser.js:302:14) {
  command: { name: 'auth', args: [ 'IVB0VPnPl0urvQrpSKkbXLdEZBUfSHaP' ] }
}
ReplyError: WRONGPASS invalid username-password pair or user is disabled.
    at parseError (/Users/adrianfranciscoperezgomez/Desktop/Personal Apps/vult-intel/node_modules/redis-parser/lib/parser.js:179:12)
    at parseType (/Users/adrianfranciscoperezgomez/Desktop/Personal Apps/vult-intel/node_modules/redis-parser/lib/parser.js:302:14) {
  command: { name: 'auth', args: [ 'IVB0VPnPl0urvQrpSKkbXLdEZBUfSHaP' ] }
}
ReplyError: WRONGPASS invalid username-password pair or user is disabled.
    at parseError (/Users/adrianfranciscoperezgomez/Desktop/Personal Apps/vult-intel/node_modules/redis-parser/lib/parser.js:179:12)
    at parseType (/Users/adrianfranciscoperezgomez/Desktop/Personal Apps/vult-intel/node_modules/redis-parser/lib/parser.js:302:14) {
  command: { name: 'auth', args: [ 'IVB0VPnPl0urvQrpSKkbXLdEZBUfSHaP' ] }
}
ReplyError: WRONGPASS invalid username-password pair or user is disabled.
    at parseError (/Users/adrianfranciscoperezgomez/Desktop/Personal Apps/vult-intel/node_modules/redis-parser/lib/parser.js:179:12)
    at parseType (/Users/adrianfranciscoperezgomez/Desktop/Personal Apps/vult-intel/node_modules/redis-parser/lib/parser.js:302:14) {
  command: { name: 'auth', args: [ 'IVB0VPnPl0urvQrpSKkbXLdEZBUfSHaP' ] }
}
ReplyError: WRONGPASS invalid username-password pair or user is disabled.
    at parseError (/Users/adrianfranciscoperezgomez/Desktop/Personal Apps/vult-intel/node_modules/redis-parser/lib/parser.js:179:12)
    at parseType (/Users/adrianfranciscoperezgomez/Desktop/Personal Apps/vult-intel/node_modules/redis-parser/lib/parser.js:302:14) {
  command: { name: 'auth', args: [ 'IVB0VPnPl0urvQrpSKkbXLdEZBUfSHaP' ] }
}
Connected to Redis for persistence
Redis connection error: ReplyError: WRONGPASS invalid username-password pair or user is disabled.
    at parseError (/Users/adrianfranciscoperezgomez/Desktop/Personal Apps/vult-intel/node_modules/redis-parser/lib/parser.js:179:12)
    at parseType (/Users/adrianfranciscoperezgomez/Desktop/Personal Apps/vult-intel/node_modules/redis-parser/lib/parser.js:302:14) {
  command: { name: 'auth', args: [ 'IVB0VPnPl0urvQrpSKkbXLdEZBUfSHaP' ] }
}
ReplyError: WRONGPASS invalid username-password pair or user is disabled.
    at parseError (/Users/adrianfranciscoperezgomez/Desktop/Personal Apps/vult-intel/node_modules/redis-parser/lib/parser.js:179:12)
    at parseType (/Users/adrianfranciscoperezgomez/Desktop/Personal Apps/vult-intel/node_modules/redis-parser/lib/parser.js:302:14) {
  command: { name: 'auth', args: [ 'IVB0VPnPl0urvQrpSKkbXLdEZBUfSHaP' ] }
}
ReplyError: WRONGPASS invalid username-password pair or user is disabled.
    at parseError (/Users/adrianfranciscoperezgomez/Desktop/Personal Apps/vult-intel/node_modules/redis-parser/lib/parser.js:179:12)
    at parseType (/Users/adrianfranciscoperezgomez/Desktop/Personal Apps/vult-intel/node_modules/redis-parser/lib/parser.js:302:14) {
  command: { name: 'auth', args: [ 'IVB0VPnPl0urvQrpSKkbXLdEZBUfSHaP' ] }
}
ReplyError: WRONGPASS invalid username-password pair or user is disabled.
    at parseError (/Users/adrianfranciscoperezgomez/Desktop/Personal Apps/vult-intel/node_modules/redis-parser/lib/parser.js:179:12)
    at parseType (/Users/adrianfranciscoperezgomez/Desktop/Personal Apps/vult-intel/node_modules/redis-parser/lib/parser.js:302:14) {
  command: { name: 'auth', args: [ 'IVB0VPnPl0urvQrpSKkbXLdEZBUfSHaP' ] }
}
ReplyError: WRONGPASS invalid username-password pair or user is disabled.
    at parseError (/Users/adrianfranciscoperezgomez/Desktop/Personal Apps/vult-intel/node_modules/redis-parser/lib/parser.js:179:12)
    at parseType (/Users/adrianfranciscoperezgomez/Desktop/Personal Apps/vult-intel/node_modules/redis-parser/lib/parser.js:302:14) {
  command: { name: 'auth', args: [ 'IVB0VPnPl0urvQrpSKkbXLdEZBUfSHaP' ] }
}
ReplyError: WRONGPASS invalid username-password pair or user is disabled.
    at parseError (/Users/adrianfranciscoperezgomez/Desktop/Personal Apps/vult-intel/node_modules/redis-parser/lib/parser.js:179:12)
    at parseType (/Users/adrianfranciscoperezgomez/Desktop/Personal Apps/vult-intel/node_modules/redis-parser/lib/parser.js:302:14) {
  command: { name: 'auth', args: [ 'IVB0VPnPl0urvQrpSKkbXLdEZBUfSHaP' ] }
}
ReplyError: WRONGPASS invalid username-password pair or user is disabled.
    at parseError (/Users/adrianfranciscoperezgomez/Desktop/Personal Apps/vult-intel/node_modules/redis-parser/lib/parser.js:179:12)
    at parseType (/Users/adrianfranciscoperezgomez/Desktop/Personal Apps/vult-intel/node_modules/redis-parser/lib/parser.js:302:14) {
  command: { name: 'auth', args: [ 'IVB0VPnPl0urvQrpSKkbXLdEZBUfSHaP' ] }
}
Connected to Redis for persistence
Redis connection error: ReplyError: WRONGPASS invalid username-password pair or user is disabled.
    at parseError (/Users/adrianfranciscoperezgomez/Desktop/Personal Apps/vult-intel/node_modules/redis-parser/lib/parser.js:179:12)
    at parseType (/Users/adrianfranciscoperezgomez/Desktop/Personal Apps/vult-intel/node_modules/redis-parser/lib/parser.js:302:14) {
  command: { name: 'auth', args: [ 'IVB0VPnPl0urvQrpSKkbXLdEZBUfSHaP' ] }
}
ReplyError: WRONGPASS invalid username-password pair or user is disabled.
    at parseError (/Users/adrianfranciscoperezgomez/Desktop/Personal Apps/vult-intel/node_modules/redis-parser/lib/parser.js:179:12)
    at parseType (/Users/adrianfranciscoperezgomez/Desktop/Personal Apps/vult-intel/node_modules/redis-parser/lib/parser.js:302:14) {
  command: { name: 'auth', args: [ 'IVB0VPnPl0urvQrpSKkbXLdEZBUfSHaP' ] }
}
ReplyError: WRONGPASS invalid username-password pair or user is disabled.
    at parseError (/Users/adrianfranciscoperezgomez/Desktop/Personal Apps/vult-intel/node_modules/redis-parser/lib/parser.js:179:12)
    at parseType (/Users/adrianfranciscoperezgomez/Desktop/Personal Apps/vult-intel/node_modules/redis-parser/lib/parser.js:302:14) {
  command: { name: 'auth', args: [ 'IVB0VPnPl0urvQrpSKkbXLdEZBUfSHaP' ] }
}
ReplyError: WRONGPASS invalid username-password pair or user is disabled.
    at parseError (/Users/adrianfranciscoperezgomez/Desktop/Personal Apps/vult-intel/node_modules/redis-parser/lib/parser.js:179:12)
    at parseType (/Users/adrianfranciscoperezgomez/Desktop/Personal Apps/vult-intel/node_modules/redis-parser/lib/parser.js:302:14) {
  command: { name: 'auth', args: [ 'IVB0VPnPl0urvQrpSKkbXLdEZBUfSHaP' ] }
}
ReplyError: WRONGPASS invalid username-password pair or user is disabled.
    at parseError (/Users/adrianfranciscoperezgomez/Desktop/Personal Apps/vult-intel/node_modules/redis-parser/lib/parser.js:179:12)
    at parseType (/Users/adrianfranciscoperezgomez/Desktop/Personal Apps/vult-intel/node_modules/redis-parser/lib/parser.js:302:14) {
  command: { name: 'auth', args: [ 'IVB0VPnPl0urvQrpSKkbXLdEZBUfSHaP' ] }
}
ReplyError: WRONGPASS invalid username-password pair or user is disabled.
    at parseError (/Users/adrianfranciscoperezgomez/Desktop/Personal Apps/vult-intel/node_modules/redis-parser/lib/parser.js:179:12)
    at parseType (/Users/adrianfranciscoperezgomez/Desktop/Personal Apps/vult-intel/node_modules/redis-parser/lib/parser.js:302:14) {
  command: { name: 'auth', args: [ 'IVB0VPnPl0urvQrpSKkbXLdEZBUfSHaP' ] }
}
ReplyError: WRONGPASS invalid username-password pair or user is disabled.
    at parseError (/Users/adrianfranciscoperezgomez/Desktop/Personal Apps/vult-intel/node_modules/redis-parser/lib/parser.js:179:12)
    at parseType (/Users/adrianfranciscoperezgomez/Desktop/Personal Apps/vult-intel/node_modules/redis-parser/lib/parser.js:302:14) {
  command: { name: 'auth', args: [ 'IVB0VPnPl0urvQrpSKkbXLdEZBUfSHaP' ] }
}
Connected to Redis for persistence
Redis connection error: ReplyError: WRONGPASS invalid username-password pair or user is disabled.
    at parseError (/Users/adrianfranciscoperezgomez/Desktop/Personal Apps/vult-intel/node_modules/redis-parser/lib/parser.js:179:12)
    at parseType (/Users/adrianfranciscoperezgomez/Desktop/Personal Apps/vult-intel/node_modules/redis-parser/lib/parser.js:302:14) {
  command: { name: 'auth', args: [ 'IVB0VPnPl0urvQrpSKkbXLdEZBUfSHaP' ] }
}
ReplyError: WRONGPASS invalid username-password pair or user is disabled.
    at parseError (/Users/adrianfranciscoperezgomez/Desktop/Personal Apps/vult-intel/node_modules/redis-parser/lib/parser.js:179:12)
    at parseType (/Users/adrianfranciscoperezgomez/Desktop/Personal Apps/vult-intel/node_modules/redis-parser/lib/parser.js:302:14) {
  command: { name: 'auth', args: [ 'IVB0VPnPl0urvQrpSKkbXLdEZBUfSHaP' ] }
}
ReplyError: WRONGPASS invalid username-password pair or user is disabled.
    at parseError (/Users/adrianfranciscoperezgomez/Desktop/Personal Apps/vult-intel/node_modules/redis-parser/lib/parser.js:179:12)
    at parseType (/Users/adrianfranciscoperezgomez/Desktop/Personal Apps/vult-intel/node_modules/redis-parser/lib/parser.js:302:14) {
  command: { name: 'auth', args: [ 'IVB0VPnPl0urvQrpSKkbXLdEZBUfSHaP' ] }
}
ReplyError: WRONGPASS invalid username-password pair or user is disabled.
    at parseError (/Users/adrianfranciscoperezgomez/Desktop/Personal Apps/vult-intel/node_modules/redis-parser/lib/parser.js:179:12)
    at parseType (/Users/adrianfranciscoperezgomez/Desktop/Personal Apps/vult-intel/node_modules/redis-parser/lib/parser.js:302:14) {
  command: { name: 'auth', args: [ 'IVB0VPnPl0urvQrpSKkbXLdEZBUfSHaP' ] }
}
ReplyError: WRONGPASS invalid username-password pair or user is disabled.
    at parseError (/Users/adrianfranciscoperezgomez/Desktop/Personal Apps/vult-intel/node_modules/redis-parser/lib/parser.js:179:12)
    at parseType (/Users/adrianfranciscoperezgomez/Desktop/Personal Apps/vult-intel/node_modules/redis-parser/lib/parser.js:302:14) {
  command: { name: 'auth', args: [ 'IVB0VPnPl0urvQrpSKkbXLdEZBUfSHaP' ] }
}
ReplyError: WRONGPASS invalid username-password pair or user is disabled.
    at parseError (/Users/adrianfranciscoperezgomez/Desktop/Personal Apps/vult-intel/node_modules/redis-parser/lib/parser.js:179:12)
    at parseType (/Users/adrianfranciscoperezgomez/Desktop/Personal Apps/vult-intel/node_modules/redis-parser/lib/parser.js:302:14) {
  command: { name: 'auth', args: [ 'IVB0VPnPl0urvQrpSKkbXLdEZBUfSHaP' ] }
}
ReplyError: WRONGPASS invalid username-password pair or user is disabled.
    at parseError (/Users/adrianfranciscoperezgomez/Desktop/Personal Apps/vult-intel/node_modules/redis-parser/lib/parser.js:179:12)
    at parseType (/Users/adrianfranciscoperezgomez/Desktop/Personal Apps/vult-intel/node_modules/redis-parser/lib/parser.js:302:14) {
  command: { name: 'auth', args: [ 'IVB0VPnPl0urvQrpSKkbXLdEZBUfSHaP' ] }
}
Connected to Redis for persistence
Redis connection error: ReplyError: WRONGPASS invalid username-password pair or user is disabled.
    at parseError (/Users/adrianfranciscoperezgomez/Desktop/Personal Apps/vult-intel/node_modules/redis-parser/lib/parser.js:179:12)
    at parseType (/Users/adrianfranciscoperezgomez/Desktop/Personal Apps/vult-intel/node_modules/redis-parser/lib/parser.js:302:14) {
  command: { name: 'auth', args: [ 'IVB0VPnPl0urvQrpSKkbXLdEZBUfSHaP' ] }
}
ReplyError: WRONGPASS invalid username-password pair or user is disabled.
    at parseError (/Users/adrianfranciscoperezgomez/Desktop/Personal Apps/vult-intel/node_modules/redis-parser/lib/parser.js:179:12)
    at parseType (/Users/adrianfranciscoperezgomez/Desktop/Personal Apps/vult-intel/node_modules/redis-parser/lib/parser.js:302:14) {
  command: { name: 'auth', args: [ 'IVB0VPnPl0urvQrpSKkbXLdEZBUfSHaP' ] }
}
ReplyError: WRONGPASS invalid username-password pair or user is disabled.
    at parseError (/Users/adrianfranciscoperezgomez/Desktop/Personal Apps/vult-intel/node_modules/redis-parser/lib/parser.js:179:12)
    at parseType (/Users/adrianfranciscoperezgomez/Desktop/Personal Apps/vult-intel/node_modules/redis-parser/lib/parser.js:302:14) {
  command: { name: 'auth', args: [ 'IVB0VPnPl0urvQrpSKkbXLdEZBUfSHaP' ] }
}
ReplyError: WRONGPASS invalid username-password pair or user is disabled.
    at parseError (/Users/adrianfranciscoperezgomez/Desktop/Personal Apps/vult-intel/node_modules/redis-parser/lib/parser.js:179:12)
    at parseType (/Users/adrianfranciscoperezgomez/Desktop/Personal Apps/vult-intel/node_modules/redis-parser/lib/parser.js:302:14) {
  command: { name: 'auth', args: [ 'IVB0VPnPl0urvQrpSKkbXLdEZBUfSHaP' ] }
}
ReplyError: WRONGPASS invalid username-password pair or user is disabled.
    at parseError (/Users/adrianfranciscoperezgomez/Desktop/Personal Apps/vult-intel/node_modules/redis-parser/lib/parser.js:179:12)
    at parseType (/Users/adrianfranciscoperezgomez/Desktop/Personal Apps/vult-intel/node_modules/redis-parser/lib/parser.js:302:14) {
  command: { name: 'auth', args: [ 'IVB0VPnPl0urvQrpSKkbXLdEZBUfSHaP' ] }
}
ReplyError: WRONGPASS invalid username-password pair or user is disabled.
    at parseError (/Users/adrianfranciscoperezgomez/Desktop/Personal Apps/vult-intel/node_modules/redis-parser/lib/parser.js:179:12)
    at parseType (/Users/adrianfranciscoperezgomez/Desktop/Personal Apps/vult-intel/node_modules/redis-parser/lib/parser.js:302:14) {
  command: { name: 'auth', args: [ 'IVB0VPnPl0urvQrpSKkbXLdEZBUfSHaP' ] }
}
ReplyError: WRONGPASS invalid username-password pair or user is disabled.
    at parseError (/Users/adrianfranciscoperezgomez/Desktop/Personal Apps/vult-intel/node_modules/redis-parser/lib/parser.js:179:12)
    at parseType (/Users/adrianfranciscoperezgomez/Desktop/Personal Apps/vult-intel/node_modules/redis-parser/lib/parser.js:302:14) {
  command: { name: 'auth', args: [ 'IVB0VPnPl0urvQrpSKkbXLdEZBUfSHaP' ] }
}
Connected to Redis for persistence
Redis connection error: ReplyError: WRONGPASS invalid username-password pair or user is disabled.
    at parseError (/Users/adrianfranciscoperezgomez/Desktop/Personal Apps/vult-intel/node_modules/redis-parser/lib/parser.js:179:12)
    at parseType (/Users/adrianfranciscoperezgomez/Desktop/Personal Apps/vult-intel/node_modules/redis-parser/lib/parser.js:302:14) {
  command: { name: 'auth', args: [ 'IVB0VPnPl0urvQrpSKkbXLdEZBUfSHaP' ] }
}
ReplyError: WRONGPASS invalid username-password pair or user is disabled.
    at parseError (/Users/adrianfranciscoperezgomez/Desktop/Personal Apps/vult-intel/node_modules/redis-parser/lib/parser.js:179:12)
    at parseType (/Users/adrianfranciscoperezgomez/Desktop/Personal Apps/vult-intel/node_modules/redis-parser/lib/parser.js:302:14) {
  command: { name: 'auth', args: [ 'IVB0VPnPl0urvQrpSKkbXLdEZBUfSHaP' ] }
}
ReplyError: WRONGPASS invalid username-password pair or user is disabled.
    at parseError (/Users/adrianfranciscoperezgomez/Desktop/Personal Apps/vult-intel/node_modules/redis-parser/lib/parser.js:179:12)
    at parseType (/Users/adrianfranciscoperezgomez/Desktop/Personal Apps/vult-intel/node_modules/redis-parser/lib/parser.js:302:14) {
  command: { name: 'auth', args: [ 'IVB0VPnPl0urvQrpSKkbXLdEZBUfSHaP' ] }
}
ReplyError: WRONGPASS invalid username-password pair or user is disabled.
    at parseError (/Users/adrianfranciscoperezgomez/Desktop/Personal Apps/vult-intel/node_modules/redis-parser/lib/parser.js:179:12)
    at parseType (/Users/adrianfranciscoperezgomez/Desktop/Personal Apps/vult-intel/node_modules/redis-parser/lib/parser.js:302:14) {
  command: { name: 'auth', args: [ 'IVB0VPnPl0urvQrpSKkbXLdEZBUfSHaP' ] }
}
ReplyError: WRONGPASS invalid username-password pair or user is disabled.
    at parseError (/Users/adrianfranciscoperezgomez/Desktop/Personal Apps/vult-intel/node_modules/redis-parser/lib/parser.js:179:12)
    at parseType (/Users/adrianfranciscoperezgomez/Desktop/Personal Apps/vult-intel/node_modules/redis-parser/lib/parser.js:302:14) {
  command: { name: 'auth', args: [ 'IVB0VPnPl0urvQrpSKkbXLdEZBUfSHaP' ] }
}
ReplyError: WRONGPASS invalid username-password pair or user is disabled.
    at parseError (/Users/adrianfranciscoperezgomez/Desktop/Personal Apps/vult-intel/node_modules/redis-parser/lib/parser.js:179:12)
    at parseType (/Users/adrianfranciscoperezgomez/Desktop/Personal Apps/vult-intel/node_modules/redis-parser/lib/parser.js:302:14) {
  command: { name: 'auth', args: [ 'IVB0VPnPl0urvQrpSKkbXLdEZBUfSHaP' ] }
}
ReplyError: WRONGPASS invalid username-password pair or user is disabled.
    at parseError (/Users/adrianfranciscoperezgomez/Desktop/Personal Apps/vult-intel/node_modules/redis-parser/lib/parser.js:179:12)
    at parseType (/Users/adrianfranciscoperezgomez/Desktop/Personal Apps/vult-intel/node_modules/redis-parser/lib/parser.js:302:14) {
  command: { name: 'auth', args: [ 'IVB0VPnPl0urvQrpSKkbXLdEZBUfSHaP' ] }
}
Connected to Redis for persistence
Redis connection error: ReplyError: WRONGPASS invalid username-password pair or user is disabled.
    at parseError (/Users/adrianfranciscoperezgomez/Desktop/Personal Apps/vult-intel/node_modules/redis-parser/lib/parser.js:179:12)
    at parseType (/Users/adrianfranciscoperezgomez/Desktop/Personal Apps/vult-intel/node_modules/redis-parser/lib/parser.js:302:14) {
  command: { name: 'auth', args: [ 'IVB0VPnPl0urvQrpSKkbXLdEZBUfSHaP' ] }
}
ReplyError: WRONGPASS invalid username-password pair or user is disabled.
    at parseError (/Users/adrianfranciscoperezgomez/Desktop/Personal Apps/vult-intel/node_modules/redis-parser/lib/parser.js:179:12)
    at parseType (/Users/adrianfranciscoperezgomez/Desktop/Personal Apps/vult-intel/node_modules/redis-parser/lib/parser.js:302:14) {
  command: { name: 'auth', args: [ 'IVB0VPnPl0urvQrpSKkbXLdEZBUfSHaP' ] }
}
ReplyError: WRONGPASS invalid username-password pair or user is disabled.
    at parseError (/Users/adrianfranciscoperezgomez/Desktop/Personal Apps/vult-intel/node_modules/redis-parser/lib/parser.js:179:12)
    at parseType (/Users/adrianfranciscoperezgomez/Desktop/Personal Apps/vult-intel/node_modules/redis-parser/lib/parser.js:302:14) {
  command: { name: 'auth', args: [ 'IVB0VPnPl0urvQrpSKkbXLdEZBUfSHaP' ] }
}
ReplyError: WRONGPASS invalid username-password pair or user is disabled.
    at parseError (/Users/adrianfranciscoperezgomez/Desktop/Personal Apps/vult-intel/node_modules/redis-parser/lib/parser.js:179:12)
    at parseType (/Users/adrianfranciscoperezgomez/Desktop/Personal Apps/vult-intel/node_modules/redis-parser/lib/parser.js:302:14) {
  command: { name: 'auth', args: [ 'IVB0VPnPl0urvQrpSKkbXLdEZBUfSHaP' ] }
}
ReplyError: WRONGPASS invalid username-password pair or user is disabled.
    at parseError (/Users/adrianfranciscoperezgomez/Desktop/Personal Apps/vult-intel/node_modules/redis-parser/lib/parser.js:179:12)
    at parseType (/Users/adrianfranciscoperezgomez/Desktop/Personal Apps/vult-intel/node_modules/redis-parser/lib/parser.js:302:14) {
  command: { name: 'auth', args: [ 'IVB0VPnPl0urvQrpSKkbXLdEZBUfSHaP' ] }
}
ReplyError: WRONGPASS invalid username-password pair or user is disabled.
    at parseError (/Users/adrianfranciscoperezgomez/Desktop/Personal Apps/vult-intel/node_modules/redis-parser/lib/parser.js:179:12)
    at parseType (/Users/adrianfranciscoperezgomez/Desktop/Personal Apps/vult-intel/node_modules/redis-parser/lib/parser.js:302:14) {
  command: { name: 'auth', args: [ 'IVB0VPnPl0urvQrpSKkbXLdEZBUfSHaP' ] }
}
ReplyError: WRONGPASS invalid username-password pair or user is disabled.
    at parseError (/Users/adrianfranciscoperezgomez/Desktop/Personal Apps/vult-intel/node_modules/redis-parser/lib/parser.js:179:12)
    at parseType (/Users/adrianfranciscoperezgomez/Desktop/Personal Apps/vult-intel/node_modules/redis-parser/lib/parser.js:302:14) {
  command: { name: 'auth', args: [ 'IVB0VPnPl0urvQrpSKkbXLdEZBUfSHaP' ] }
}
Connected to Redis for persistence
Redis connection error: ReplyError: WRONGPASS invalid username-password pair or user is disabled.
    at parseError (/Users/adrianfranciscoperezgomez/Desktop/Personal Apps/vult-intel/node_modules/redis-parser/lib/parser.js:179:12)
    at parseType (/Users/adrianfranciscoperezgomez/Desktop/Personal Apps/vult-intel/node_modules/redis-parser/lib/parser.js:302:14) {
  command: { name: 'auth', args: [ 'IVB0VPnPl0urvQrpSKkbXLdEZBUfSHaP' ] }
}
ReplyError: WRONGPASS invalid username-password pair or user is disabled.
    at parseError (/Users/adrianfranciscoperezgomez/Desktop/Personal Apps/vult-intel/node_modules/redis-parser/lib/parser.js:179:12)
    at parseType (/Users/adrianfranciscoperezgomez/Desktop/Personal Apps/vult-intel/node_modules/redis-parser/lib/parser.js:302:14) {
  command: { name: 'auth', args: [ 'IVB0VPnPl0urvQrpSKkbXLdEZBUfSHaP' ] }
}
ReplyError: WRONGPASS invalid username-password pair or user is disabled.
    at parseError (/Users/adrianfranciscoperezgomez/Desktop/Personal Apps/vult-intel/node_modules/redis-parser/lib/parser.js:179:12)
    at parseType (/Users/adrianfranciscoperezgomez/Desktop/Personal Apps/vult-intel/node_modules/redis-parser/lib/parser.js:302:14) {
  command: { name: 'auth', args: [ 'IVB0VPnPl0urvQrpSKkbXLdEZBUfSHaP' ] }
}
ReplyError: WRONGPASS invalid username-password pair or user is disabled.
    at parseError (/Users/adrianfranciscoperezgomez/Desktop/Personal Apps/vult-intel/node_modules/redis-parser/lib/parser.js:179:12)
    at parseType (/Users/adrianfranciscoperezgomez/Desktop/Personal Apps/vult-intel/node_modules/redis-parser/lib/parser.js:302:14) {
  command: { name: 'auth', args: [ 'IVB0VPnPl0urvQrpSKkbXLdEZBUfSHaP' ] }
}
ReplyError: WRONGPASS invalid username-password pair or user is disabled.
    at parseError (/Users/adrianfranciscoperezgomez/Desktop/Personal Apps/vult-intel/node_modules/redis-parser/lib/parser.js:179:12)
    at parseType (/Users/adrianfranciscoperezgomez/Desktop/Personal Apps/vult-intel/node_modules/redis-parser/lib/parser.js:302:14) {
  command: { name: 'auth', args: [ 'IVB0VPnPl0urvQrpSKkbXLdEZBUfSHaP' ] }
}
ReplyError: WRONGPASS invalid username-password pair or user is disabled.
    at parseError (/Users/adrianfranciscoperezgomez/Desktop/Personal Apps/vult-intel/node_modules/redis-parser/lib/parser.js:179:12)
    at parseType (/Users/adrianfranciscoperezgomez/Desktop/Personal Apps/vult-intel/node_modules/redis-parser/lib/parser.js:302:14) {
  command: { name: 'auth', args: [ 'IVB0VPnPl0urvQrpSKkbXLdEZBUfSHaP' ] }
}
ReplyError: WRONGPASS invalid username-password pair or user is disabled.
    at parseError (/Users/adrianfranciscoperezgomez/Desktop/Personal Apps/vult-intel/node_modules/redis-parser/lib/parser.js:179:12)
    at parseType (/Users/adrianfranciscoperezgomez/Desktop/Personal Apps/vult-intel/node_modules/redis-parser/lib/parser.js:302:14) {
  command: { name: 'auth', args: [ 'IVB0VPnPl0urvQrpSKkbXLdEZBUfSHaP' ] }
}
Connected to Redis for persistence
Redis connection error: ReplyError: WRONGPASS invalid username-password pair or user is disabled.
    at parseError (/Users/adrianfranciscoperezgomez/Desktop/Personal Apps/vult-intel/node_modules/redis-parser/lib/parser.js:179:12)
    at parseType (/Users/adrianfranciscoperezgomez/Desktop/Personal Apps/vult-intel/node_modules/redis-parser/lib/parser.js:302:14) {
  command: { name: 'auth', args: [ 'IVB0VPnPl0urvQrpSKkbXLdEZBUfSHaP' ] }
}
ReplyError: WRONGPASS invalid username-password pair or user is disabled.
    at parseError (/Users/adrianfranciscoperezgomez/Desktop/Personal Apps/vult-intel/node_modules/redis-parser/lib/parser.js:179:12)
    at parseType (/Users/adrianfranciscoperezgomez/Desktop/Personal Apps/vult-intel/node_modules/redis-parser/lib/parser.js:302:14) {
  command: { name: 'auth', args: [ 'IVB0VPnPl0urvQrpSKkbXLdEZBUfSHaP' ] }
}
ReplyError: WRONGPASS invalid username-password pair or user is disabled.
    at parseError (/Users/adrianfranciscoperezgomez/Desktop/Personal Apps/vult-intel/node_modules/redis-parser/lib/parser.js:179:12)
    at parseType (/Users/adrianfranciscoperezgomez/Desktop/Personal Apps/vult-intel/node_modules/redis-parser/lib/parser.js:302:14) {
  command: { name: 'auth', args: [ 'IVB0VPnPl0urvQrpSKkbXLdEZBUfSHaP' ] }
}
ReplyError: WRONGPASS invalid username-password pair or user is disabled.
    at parseError (/Users/adrianfranciscoperezgomez/Desktop/Personal Apps/vult-intel/node_modules/redis-parser/lib/parser.js:179:12)
    at parseType (/Users/adrianfranciscoperezgomez/Desktop/Personal Apps/vult-intel/node_modules/redis-parser/lib/parser.js:302:14) {
  command: { name: 'auth', args: [ 'IVB0VPnPl0urvQrpSKkbXLdEZBUfSHaP' ] }
}
ReplyError: WRONGPASS invalid username-password pair or user is disabled.
    at parseError (/Users/adrianfranciscoperezgomez/Desktop/Personal Apps/vult-intel/node_modules/redis-parser/lib/parser.js:179:12)
    at parseType (/Users/adrianfranciscoperezgomez/Desktop/Personal Apps/vult-intel/node_modules/redis-parser/lib/parser.js:302:14) {
  command: { name: 'auth', args: [ 'IVB0VPnPl0urvQrpSKkbXLdEZBUfSHaP' ] }
}
ReplyError: WRONGPASS invalid username-password pair or user is disabled.
    at parseError (/Users/adrianfranciscoperezgomez/Desktop/Personal Apps/vult-intel/node_modules/redis-parser/lib/parser.js:179:12)
    at parseType (/Users/adrianfranciscoperezgomez/Desktop/Personal Apps/vult-intel/node_modules/redis-parser/lib/parser.js:302:14) {
  command: { name: 'auth', args: [ 'IVB0VPnPl0urvQrpSKkbXLdEZBUfSHaP' ] }
}
Connected to Redis for persistence
ReplyError: WRONGPASS invalid username-password pair or user is disabled.
    at parseError (/Users/adrianfranciscoperezgomez/Desktop/Personal Apps/vult-intel/node_modules/redis-parser/lib/parser.js:179:12)
    at parseType (/Users/adrianfranciscoperezgomez/Desktop/Personal Apps/vult-intel/node_modules/redis-parser/lib/parser.js:302:14) {
  command: { name: 'auth', args: [ 'IVB0VPnPl0urvQrpSKkbXLdEZBUfSHaP' ] }
}
Redis connection error: ReplyError: WRONGPASS invalid username-password pair or user is disabled.
    at parseError (/Users/adrianfranciscoperezgomez/Desktop/Personal Apps/vult-intel/node_modules/redis-parser/lib/parser.js:179:12)
    at parseType (/Users/adrianfranciscoperezgomez/Desktop/Personal Apps/vult-intel/node_modules/redis-parser/lib/parser.js:302:14) {
  command: { name: 'auth', args: [ 'IVB0VPnPl0urvQrpSKkbXLdEZBUfSHaP' ] }
}
ReplyError: WRONGPASS invalid username-password pair or user is disabled.
    at parseError (/Users/adrianfranciscoperezgomez/Desktop/Personal Apps/vult-intel/node_modules/redis-parser/lib/parser.js:179:12)
    at parseType (/Users/adrianfranciscoperezgomez/Desktop/Personal Apps/vult-intel/node_modules/redis-parser/lib/parser.js:302:14) {
  command: { name: 'auth', args: [ 'IVB0VPnPl0urvQrpSKkbXLdEZBUfSHaP' ] }
}
ReplyError: WRONGPASS invalid username-password pair or user is disabled.
    at parseError (/Users/adrianfranciscoperezgomez/Desktop/Personal Apps/vult-intel/node_modules/redis-parser/lib/parser.js:179:12)
    at parseType (/Users/adrianfranciscoperezgomez/Desktop/Personal Apps/vult-intel/node_modules/redis-parser/lib/parser.js:302:14) {
  command: { name: 'auth', args: [ 'IVB0VPnPl0urvQrpSKkbXLdEZBUfSHaP' ] }
}
ReplyError: WRONGPASS invalid username-password pair or user is disabled.
    at parseError (/Users/adrianfranciscoperezgomez/Desktop/Personal Apps/vult-intel/node_modules/redis-parser/lib/parser.js:179:12)
    at parseType (/Users/adrianfranciscoperezgomez/Desktop/Personal Apps/vult-intel/node_modules/redis-parser/lib/parser.js:302:14) {
  command: { name: 'auth', args: [ 'IVB0VPnPl0urvQrpSKkbXLdEZBUfSHaP' ] }
}
ReplyError: WRONGPASS invalid username-password pair or user is disabled.
    at parseError (/Users/adrianfranciscoperezgomez/Desktop/Personal Apps/vult-intel/node_modules/redis-parser/lib/parser.js:179:12)
    at parseType (/Users/adrianfranciscoperezgomez/Desktop/Personal Apps/vult-intel/node_modules/redis-parser/lib/parser.js:302:14) {
  command: { name: 'auth', args: [ 'IVB0VPnPl0urvQrpSKkbXLdEZBUfSHaP' ] }
}
ReplyError: WRONGPASS invalid username-password pair or user is disabled.
    at parseError (/Users/adrianfranciscoperezgomez/Desktop/Personal Apps/vult-intel/node_modules/redis-parser/lib/parser.js:179:12)
    at parseType (/Users/adrianfranciscoperezgomez/Desktop/Personal Apps/vult-intel/node_modules/redis-parser/lib/parser.js:302:14) {
  command: { name: 'auth', args: [ 'IVB0VPnPl0urvQrpSKkbXLdEZBUfSHaP' ] }
}
Connected to Redis for persistence
ReplyError: WRONGPASS invalid username-password pair or user is disabled.
    at parseError (/Users/adrianfranciscoperezgomez/Desktop/Personal Apps/vult-intel/node_modules/redis-parser/lib/parser.js:179:12)
    at parseType (/Users/adrianfranciscoperezgomez/Desktop/Personal Apps/vult-intel/node_modules/redis-parser/lib/parser.js:302:14) {
  command: { name: 'auth', args: [ 'IVB0VPnPl0urvQrpSKkbXLdEZBUfSHaP' ] }
}
Redis connection error: ReplyError: WRONGPASS invalid username-password pair or user is disabled.
    at parseError (/Users/adrianfranciscoperezgomez/Desktop/Personal Apps/vult-intel/node_modules/redis-parser/lib/parser.js:179:12)
    at parseType (/Users/adrianfranciscoperezgomez/Desktop/Personal Apps/vult-intel/node_modules/redis-parser/lib/parser.js:302:14) {
  command: { name: 'auth', args: [ 'IVB0VPnPl0urvQrpSKkbXLdEZBUfSHaP' ] }
}
ReplyError: WRONGPASS invalid username-password pair or user is disabled.
    at parseError (/Users/adrianfranciscoperezgomez/Desktop/Personal Apps/vult-intel/node_modules/redis-parser/lib/parser.js:179:12)
    at parseType (/Users/adrianfranciscoperezgomez/Desktop/Personal Apps/vult-intel/node_modules/redis-parser/lib/parser.js:302:14) {
  command: { name: 'auth', args: [ 'IVB0VPnPl0urvQrpSKkbXLdEZBUfSHaP' ] }
}
ReplyError: WRONGPASS invalid username-password pair or user is disabled.
    at parseError (/Users/adrianfranciscoperezgomez/Desktop/Personal Apps/vult-intel/node_modules/redis-parser/lib/parser.js:179:12)
    at parseType (/Users/adrianfranciscoperezgomez/Desktop/Personal Apps/vult-intel/node_modules/redis-parser/lib/parser.js:302:14) {
  command: { name: 'auth', args: [ 'IVB0VPnPl0urvQrpSKkbXLdEZBUfSHaP' ] }
}
ReplyError: WRONGPASS invalid username-password pair or user is disabled.
    at parseError (/Users/adrianfranciscoperezgomez/Desktop/Personal Apps/vult-intel/node_modules/redis-parser/lib/parser.js:179:12)
    at parseType (/Users/adrianfranciscoperezgomez/Desktop/Personal Apps/vult-intel/node_modules/redis-parser/lib/parser.js:302:14) {
  command: { name: 'auth', args: [ 'IVB0VPnPl0urvQrpSKkbXLdEZBUfSHaP' ] }
}
ReplyError: WRONGPASS invalid username-password pair or user is disabled.
    at parseError (/Users/adrianfranciscoperezgomez/Desktop/Personal Apps/vult-intel/node_modules/redis-parser/lib/parser.js:179:12)
    at parseType (/Users/adrianfranciscoperezgomez/Desktop/Personal Apps/vult-intel/node_modules/redis-parser/lib/parser.js:302:14) {
  command: { name: 'auth', args: [ 'IVB0VPnPl0urvQrpSKkbXLdEZBUfSHaP' ] }
}
ReplyError: WRONGPASS invalid username-password pair or user is disabled.
    at parseError (/Users/adrianfranciscoperezgomez/Desktop/Personal Apps/vult-intel/node_modules/redis-parser/lib/parser.js:179:12)
    at parseType (/Users/adrianfranciscoperezgomez/Desktop/Personal Apps/vult-intel/node_modules/redis-parser/lib/parser.js:302:14) {
  command: { name: 'auth', args: [ 'IVB0VPnPl0urvQrpSKkbXLdEZBUfSHaP' ] }
}
Connected to Redis for persistence
ReplyError: WRONGPASS invalid username-password pair or user is disabled.
    at parseError (/Users/adrianfranciscoperezgomez/Desktop/Personal Apps/vult-intel/node_modules/redis-parser/lib/parser.js:179:12)
    at parseType (/Users/adrianfranciscoperezgomez/Desktop/Personal Apps/vult-intel/node_modules/redis-parser/lib/parser.js:302:14) {
  command: { name: 'auth', args: [ 'IVB0VPnPl0urvQrpSKkbXLdEZBUfSHaP' ] }
}
Redis connection error: ReplyError: WRONGPASS invalid username-password pair or user is disabled.
    at parseError (/Users/adrianfranciscoperezgomez/Desktop/Personal Apps/vult-intel/node_modules/redis-parser/lib/parser.js:179:12)
    at parseType (/Users/adrianfranciscoperezgomez/Desktop/Personal Apps/vult-intel/node_modules/redis-parser/lib/parser.js:302:14) {
  command: { name: 'auth', args: [ 'IVB0VPnPl0urvQrpSKkbXLdEZBUfSHaP' ] }
}
ReplyError: WRONGPASS invalid username-password pair or user is disabled.
    at parseError (/Users/adrianfranciscoperezgomez/Desktop/Personal Apps/vult-intel/node_modules/redis-parser/lib/parser.js:179:12)
    at parseType (/Users/adrianfranciscoperezgomez/Desktop/Personal Apps/vult-intel/node_modules/redis-parser/lib/parser.js:302:14) {
  command: { name: 'auth', args: [ 'IVB0VPnPl0urvQrpSKkbXLdEZBUfSHaP' ] }
}
ReplyError: WRONGPASS invalid username-password pair or user is disabled.
    at parseError (/Users/adrianfranciscoperezgomez/Desktop/Personal Apps/vult-intel/node_modules/redis-parser/lib/parser.js:179:12)
    at parseType (/Users/adrianfranciscoperezgomez/Desktop/Personal Apps/vult-intel/node_modules/redis-parser/lib/parser.js:302:14) {
  command: { name: 'auth', args: [ 'IVB0VPnPl0urvQrpSKkbXLdEZBUfSHaP' ] }
}
ReplyError: WRONGPASS invalid username-password pair or user is disabled.
    at parseError (/Users/adrianfranciscoperezgomez/Desktop/Personal Apps/vult-intel/node_modules/redis-parser/lib/parser.js:179:12)
    at parseType (/Users/adrianfranciscoperezgomez/Desktop/Personal Apps/vult-intel/node_modules/redis-parser/lib/parser.js:302:14) {
  command: { name: 'auth', args: [ 'IVB0VPnPl0urvQrpSKkbXLdEZBUfSHaP' ] }
}
ReplyError: WRONGPASS invalid username-password pair or user is disabled.
    at parseError (/Users/adrianfranciscoperezgomez/Desktop/Personal Apps/vult-intel/node_modules/redis-parser/lib/parser.js:179:12)
    at parseType (/Users/adrianfranciscoperezgomez/Desktop/Personal Apps/vult-intel/node_modules/redis-parser/lib/parser.js:302:14) {
  command: { name: 'auth', args: [ 'IVB0VPnPl0urvQrpSKkbXLdEZBUfSHaP' ] }
}
ReplyError: WRONGPASS invalid username-password pair or user is disabled.
    at parseError (/Users/adrianfranciscoperezgomez/Desktop/Personal Apps/vult-intel/node_modules/redis-parser/lib/parser.js:179:12)
    at parseType (/Users/adrianfranciscoperezgomez/Desktop/Personal Apps/vult-intel/node_modules/redis-parser/lib/parser.js:302:14) {
  command: { name: 'auth', args: [ 'IVB0VPnPl0urvQrpSKkbXLdEZBUfSHaP' ] }
}
Connected to Redis for persistence
ReplyError: WRONGPASS invalid username-password pair or user is disabled.
    at parseError (/Users/adrianfranciscoperezgomez/Desktop/Personal Apps/vult-intel/node_modules/redis-parser/lib/parser.js:179:12)
    at parseType (/Users/adrianfranciscoperezgomez/Desktop/Personal Apps/vult-intel/node_modules/redis-parser/lib/parser.js:302:14) {
  command: { name: 'auth', args: [ 'IVB0VPnPl0urvQrpSKkbXLdEZBUfSHaP' ] }
}
Redis connection error: ReplyError: WRONGPASS invalid username-password pair or user is disabled.
    at parseError (/Users/adrianfranciscoperezgomez/Desktop/Personal Apps/vult-intel/node_modules/redis-parser/lib/parser.js:179:12)
    at parseType (/Users/adrianfranciscoperezgomez/Desktop/Personal Apps/vult-intel/node_modules/redis-parser/lib/parser.js:302:14) {
  command: { name: 'auth', args: [ 'IVB0VPnPl0urvQrpSKkbXLdEZBUfSHaP' ] }
}
ReplyError: WRONGPASS invalid username-password pair or user is disabled.
    at parseError (/Users/adrianfranciscoperezgomez/Desktop/Personal Apps/vult-intel/node_modules/redis-parser/lib/parser.js:179:12)
    at parseType (/Users/adrianfranciscoperezgomez/Desktop/Personal Apps/vult-intel/node_modules/redis-parser/lib/parser.js:302:14) {
  command: { name: 'auth', args: [ 'IVB0VPnPl0urvQrpSKkbXLdEZBUfSHaP' ] }
}
ReplyError: WRONGPASS invalid username-password pair or user is disabled.
    at parseError (/Users/adrianfranciscoperezgomez/Desktop/Personal Apps/vult-intel/node_modules/redis-parser/lib/parser.js:179:12)
    at parseType (/Users/adrianfranciscoperezgomez/Desktop/Personal Apps/vult-intel/node_modules/redis-parser/lib/parser.js:302:14) {
  command: { name: 'auth', args: [ 'IVB0VPnPl0urvQrpSKkbXLdEZBUfSHaP' ] }
}
ReplyError: WRONGPASS invalid username-password pair or user is disabled.
    at parseError (/Users/adrianfranciscoperezgomez/Desktop/Personal Apps/vult-intel/node_modules/redis-parser/lib/parser.js:179:12)
    at parseType (/Users/adrianfranciscoperezgomez/Desktop/Personal Apps/vult-intel/node_modules/redis-parser/lib/parser.js:302:14) {
  command: { name: 'auth', args: [ 'IVB0VPnPl0urvQrpSKkbXLdEZBUfSHaP' ] }
}
ReplyError: WRONGPASS invalid username-password pair or user is disabled.
    at parseError (/Users/adrianfranciscoperezgomez/Desktop/Personal Apps/vult-intel/node_modules/redis-parser/lib/parser.js:179:12)
    at parseType (/Users/adrianfranciscoperezgomez/Desktop/Personal Apps/vult-intel/node_modules/redis-parser/lib/parser.js:302:14) {
  command: { name: 'auth', args: [ 'IVB0VPnPl0urvQrpSKkbXLdEZBUfSHaP' ] }
}
ReplyError: WRONGPASS invalid username-password pair or user is disabled.
    at parseError (/Users/adrianfranciscoperezgomez/Desktop/Personal Apps/vult-intel/node_modules/redis-parser/lib/parser.js:179:12)
    at parseType (/Users/adrianfranciscoperezgomez/Desktop/Personal Apps/vult-intel/node_modules/redis-parser/lib/parser.js:302:14) {
  command: { name: 'auth', args: [ 'IVB0VPnPl0urvQrpSKkbXLdEZBUfSHaP' ] }
}
Connected to Redis for persistence
ReplyError: WRONGPASS invalid username-password pair or user is disabled.
    at parseError (/Users/adrianfranciscoperezgomez/Desktop/Personal Apps/vult-intel/node_modules/redis-parser/lib/parser.js:179:12)
    at parseType (/Users/adrianfranciscoperezgomez/Desktop/Personal Apps/vult-intel/node_modules/redis-parser/lib/parser.js:302:14) {
  command: { name: 'auth', args: [ 'IVB0VPnPl0urvQrpSKkbXLdEZBUfSHaP' ] }
}
Redis connection error: ReplyError: WRONGPASS invalid username-password pair or user is disabled.
    at parseError (/Users/adrianfranciscoperezgomez/Desktop/Personal Apps/vult-intel/node_modules/redis-parser/lib/parser.js:179:12)
    at parseType (/Users/adrianfranciscoperezgomez/Desktop/Personal Apps/vult-intel/node_modules/redis-parser/lib/parser.js:302:14) {
  command: { name: 'auth', args: [ 'IVB0VPnPl0urvQrpSKkbXLdEZBUfSHaP' ] }
}
ReplyError: WRONGPASS invalid username-password pair or user is disabled.
    at parseError (/Users/adrianfranciscoperezgomez/Desktop/Personal Apps/vult-intel/node_modules/redis-parser/lib/parser.js:179:12)
    at parseType (/Users/adrianfranciscoperezgomez/Desktop/Personal Apps/vult-intel/node_modules/redis-parser/lib/parser.js:302:14) {
  command: { name: 'auth', args: [ 'IVB0VPnPl0urvQrpSKkbXLdEZBUfSHaP' ] }
}
ReplyError: WRONGPASS invalid username-password pair or user is disabled.
    at parseError (/Users/adrianfranciscoperezgomez/Desktop/Personal Apps/vult-intel/node_modules/redis-parser/lib/parser.js:179:12)
    at parseType (/Users/adrianfranciscoperezgomez/Desktop/Personal Apps/vult-intel/node_modules/redis-parser/lib/parser.js:302:14) {
  command: { name: 'auth', args: [ 'IVB0VPnPl0urvQrpSKkbXLdEZBUfSHaP' ] }
}
ReplyError: WRONGPASS invalid username-password pair or user is disabled.
    at parseError (/Users/adrianfranciscoperezgomez/Desktop/Personal Apps/vult-intel/node_modules/redis-parser/lib/parser.js:179:12)
    at parseType (/Users/adrianfranciscoperezgomez/Desktop/Personal Apps/vult-intel/node_modules/redis-parser/lib/parser.js:302:14) {
  command: { name: 'auth', args: [ 'IVB0VPnPl0urvQrpSKkbXLdEZBUfSHaP' ] }
}
ReplyError: WRONGPASS invalid username-password pair or user is disabled.
    at parseError (/Users/adrianfranciscoperezgomez/Desktop/Personal Apps/vult-intel/node_modules/redis-parser/lib/parser.js:179:12)
    at parseType (/Users/adrianfranciscoperezgomez/Desktop/Personal Apps/vult-intel/node_modules/redis-parser/lib/parser.js:302:14) {
  command: { name: 'auth', args: [ 'IVB0VPnPl0urvQrpSKkbXLdEZBUfSHaP' ] }
}
ReplyError: WRONGPASS invalid username-password pair or user is disabled.
    at parseError (/Users/adrianfranciscoperezgomez/Desktop/Personal Apps/vult-intel/node_modules/redis-parser/lib/parser.js:179:12)
    at parseType (/Users/adrianfranciscoperezgomez/Desktop/Personal Apps/vult-intel/node_modules/redis-parser/lib/parser.js:302:14) {
  command: { name: 'auth', args: [ 'IVB0VPnPl0urvQrpSKkbXLdEZBUfSHaP' ] }
}
Connected to Redis for persistence
ReplyError: WRONGPASS invalid username-password pair or user is disabled.
    at parseError (/Users/adrianfranciscoperezgomez/Desktop/Personal Apps/vult-intel/node_modules/redis-parser/lib/parser.js:179:12)
    at parseType (/Users/adrianfranciscoperezgomez/Desktop/Personal Apps/vult-intel/node_modules/redis-parser/lib/parser.js:302:14) {
  command: { name: 'auth', args: [ 'IVB0VPnPl0urvQrpSKkbXLdEZBUfSHaP' ] }
}
Redis connection error: ReplyError: WRONGPASS invalid username-password pair or user is disabled.
    at parseError (/Users/adrianfranciscoperezgomez/Desktop/Personal Apps/vult-intel/node_modules/redis-parser/lib/parser.js:179:12)
    at parseType (/Users/adrianfranciscoperezgomez/Desktop/Personal Apps/vult-intel/node_modules/redis-parser/lib/parser.js:302:14) {
  command: { name: 'auth', args: [ 'IVB0VPnPl0urvQrpSKkbXLdEZBUfSHaP' ] }
}
ReplyError: WRONGPASS invalid username-password pair or user is disabled.
    at parseError (/Users/adrianfranciscoperezgomez/Desktop/Personal Apps/vult-intel/node_modules/redis-parser/lib/parser.js:179:12)
    at parseType (/Users/adrianfranciscoperezgomez/Desktop/Personal Apps/vult-intel/node_modules/redis-parser/lib/parser.js:302:14) {
  command: { name: 'auth', args: [ 'IVB0VPnPl0urvQrpSKkbXLdEZBUfSHaP' ] }
}
ReplyError: WRONGPASS invalid username-password pair or user is disabled.
    at parseError (/Users/adrianfranciscoperezgomez/Desktop/Personal Apps/vult-intel/node_modules/redis-parser/lib/parser.js:179:12)
    at parseType (/Users/adrianfranciscoperezgomez/Desktop/Personal Apps/vult-intel/node_modules/redis-parser/lib/parser.js:302:14) {
  command: { name: 'auth', args: [ 'IVB0VPnPl0urvQrpSKkbXLdEZBUfSHaP' ] }
}
ReplyError: WRONGPASS invalid username-password pair or user is disabled.
    at parseError (/Users/adrianfranciscoperezgomez/Desktop/Personal Apps/vult-intel/node_modules/redis-parser/lib/parser.js:179:12)
    at parseType (/Users/adrianfranciscoperezgomez/Desktop/Personal Apps/vult-intel/node_modules/redis-parser/lib/parser.js:302:14) {
  command: { name: 'auth', args: [ 'IVB0VPnPl0urvQrpSKkbXLdEZBUfSHaP' ] }
}
ReplyError: WRONGPASS invalid username-password pair or user is disabled.
    at parseError (/Users/adrianfranciscoperezgomez/Desktop/Personal Apps/vult-intel/node_modules/redis-parser/lib/parser.js:179:12)
    at parseType (/Users/adrianfranciscoperezgomez/Desktop/Personal Apps/vult-intel/node_modules/redis-parser/lib/parser.js:302:14) {
  command: { name: 'auth', args: [ 'IVB0VPnPl0urvQrpSKkbXLdEZBUfSHaP' ] }
}
ReplyError: WRONGPASS invalid username-password pair or user is disabled.
    at parseError (/Users/adrianfranciscoperezgomez/Desktop/Personal Apps/vult-intel/node_modules/redis-parser/lib/parser.js:179:12)
    at parseType (/Users/adrianfranciscoperezgomez/Desktop/Personal Apps/vult-intel/node_modules/redis-parser/lib/parser.js:302:14) {
  command: { name: 'auth', args: [ 'IVB0VPnPl0urvQrpSKkbXLdEZBUfSHaP' ] }
}
Connected to Redis for persistence
ReplyError: WRONGPASS invalid username-password pair or user is disabled.
    at parseError (/Users/adrianfranciscoperezgomez/Desktop/Personal Apps/vult-intel/node_modules/redis-parser/lib/parser.js:179:12)
    at parseType (/Users/adrianfranciscoperezgomez/Desktop/Personal Apps/vult-intel/node_modules/redis-parser/lib/parser.js:302:14) {
  command: { name: 'auth', args: [ 'IVB0VPnPl0urvQrpSKkbXLdEZBUfSHaP' ] }
}
Redis connection error: ReplyError: WRONGPASS invalid username-password pair or user is disabled.
    at parseError (/Users/adrianfranciscoperezgomez/Desktop/Personal Apps/vult-intel/node_modules/redis-parser/lib/parser.js:179:12)
    at parseType (/Users/adrianfranciscoperezgomez/Desktop/Personal Apps/vult-intel/node_modules/redis-parser/lib/parser.js:302:14) {
  command: { name: 'auth', args: [ 'IVB0VPnPl0urvQrpSKkbXLdEZBUfSHaP' ] }
}
ReplyError: WRONGPASS invalid username-password pair or user is disabled.
    at parseError (/Users/adrianfranciscoperezgomez/Desktop/Personal Apps/vult-intel/node_modules/redis-parser/lib/parser.js:179:12)
    at parseType (/Users/adrianfranciscoperezgomez/Desktop/Personal Apps/vult-intel/node_modules/redis-parser/lib/parser.js:302:14) {
  command: { name: 'auth', args: [ 'IVB0VPnPl0urvQrpSKkbXLdEZBUfSHaP' ] }
}
ReplyError: WRONGPASS invalid username-password pair or user is disabled.
    at parseError (/Users/adrianfranciscoperezgomez/Desktop/Personal Apps/vult-intel/node_modules/redis-parser/lib/parser.js:179:12)
    at parseType (/Users/adrianfranciscoperezgomez/Desktop/Personal Apps/vult-intel/node_modules/redis-parser/lib/parser.js:302:14) {
  command: { name: 'auth', args: [ 'IVB0VPnPl0urvQrpSKkbXLdEZBUfSHaP' ] }
}
ReplyError: WRONGPASS invalid username-password pair or user is disabled.
    at parseError (/Users/adrianfranciscoperezgomez/Desktop/Personal Apps/vult-intel/node_modules/redis-parser/lib/parser.js:179:12)
    at parseType (/Users/adrianfranciscoperezgomez/Desktop/Personal Apps/vult-intel/node_modules/redis-parser/lib/parser.js:302:14) {
  command: { name: 'auth', args: [ 'IVB0VPnPl0urvQrpSKkbXLdEZBUfSHaP' ] }
}
ReplyError: WRONGPASS invalid username-password pair or user is disabled.
    at parseError (/Users/adrianfranciscoperezgomez/Desktop/Personal Apps/vult-intel/node_modules/redis-parser/lib/parser.js:179:12)
    at parseType (/Users/adrianfranciscoperezgomez/Desktop/Personal Apps/vult-intel/node_modules/redis-parser/lib/parser.js:302:14) {
  command: { name: 'auth', args: [ 'IVB0VPnPl0urvQrpSKkbXLdEZBUfSHaP' ] }
}
ReplyError: WRONGPASS invalid username-password pair or user is disabled.
    at parseError (/Users/adrianfranciscoperezgomez/Desktop/Personal Apps/vult-intel/node_modules/redis-parser/lib/parser.js:179:12)
    at parseType (/Users/adrianfranciscoperezgomez/Desktop/Personal Apps/vult-intel/node_modules/redis-parser/lib/parser.js:302:14) {
  command: { name: 'auth', args: [ 'IVB0VPnPl0urvQrpSKkbXLdEZBUfSHaP' ] }
}
Connected to Redis for persistence
ReplyError: WRONGPASS invalid username-password pair or user is disabled.
    at parseError (/Users/adrianfranciscoperezgomez/Desktop/Personal Apps/vult-intel/node_modules/redis-parser/lib/parser.js:179:12)
    at parseType (/Users/adrianfranciscoperezgomez/Desktop/Personal Apps/vult-intel/node_modules/redis-parser/lib/parser.js:302:14) {
  command: { name: 'auth', args: [ 'IVB0VPnPl0urvQrpSKkbXLdEZBUfSHaP' ] }
}
Redis connection error: ReplyError: WRONGPASS invalid username-password pair or user is disabled.
    at parseError (/Users/adrianfranciscoperezgomez/Desktop/Personal Apps/vult-intel/node_modules/redis-parser/lib/parser.js:179:12)
    at parseType (/Users/adrianfranciscoperezgomez/Desktop/Personal Apps/vult-intel/node_modules/redis-parser/lib/parser.js:302:14) {
  command: { name: 'auth', args: [ 'IVB0VPnPl0urvQrpSKkbXLdEZBUfSHaP' ] }
}
ReplyError: WRONGPASS invalid username-password pair or user is disabled.
    at parseError (/Users/adrianfranciscoperezgomez/Desktop/Personal Apps/vult-intel/node_modules/redis-parser/lib/parser.js:179:12)
    at parseType (/Users/adrianfranciscoperezgomez/Desktop/Personal Apps/vult-intel/node_modules/redis-parser/lib/parser.js:302:14) {
  command: { name: 'auth', args: [ 'IVB0VPnPl0urvQrpSKkbXLdEZBUfSHaP' ] }
}
ReplyError: WRONGPASS invalid username-password pair or user is disabled.
    at parseError (/Users/adrianfranciscoperezgomez/Desktop/Personal Apps/vult-intel/node_modules/redis-parser/lib/parser.js:179:12)
    at parseType (/Users/adrianfranciscoperezgomez/Desktop/Personal Apps/vult-intel/node_modules/redis-parser/lib/parser.js:302:14) {
  command: { name: 'auth', args: [ 'IVB0VPnPl0urvQrpSKkbXLdEZBUfSHaP' ] }
}
ReplyError: WRONGPASS invalid username-password pair or user is disabled.
    at parseError (/Users/adrianfranciscoperezgomez/Desktop/Personal Apps/vult-intel/node_modules/redis-parser/lib/parser.js:179:12)
    at parseType (/Users/adrianfranciscoperezgomez/Desktop/Personal Apps/vult-intel/node_modules/redis-parser/lib/parser.js:302:14) {
  command: { name: 'auth', args: [ 'IVB0VPnPl0urvQrpSKkbXLdEZBUfSHaP' ] }
}
ReplyError: WRONGPASS invalid username-password pair or user is disabled.
    at parseError (/Users/adrianfranciscoperezgomez/Desktop/Personal Apps/vult-intel/node_modules/redis-parser/lib/parser.js:179:12)
    at parseType (/Users/adrianfranciscoperezgomez/Desktop/Personal Apps/vult-intel/node_modules/redis-parser/lib/parser.js:302:14) {
  command: { name: 'auth', args: [ 'IVB0VPnPl0urvQrpSKkbXLdEZBUfSHaP' ] }
}
ReplyError: WRONGPASS invalid username-password pair or user is disabled.
    at parseError (/Users/adrianfranciscoperezgomez/Desktop/Personal Apps/vult-intel/node_modules/redis-parser/lib/parser.js:179:12)
    at parseType (/Users/adrianfranciscoperezgomez/Desktop/Personal Apps/vult-intel/node_modules/redis-parser/lib/parser.js:302:14) {
  command: { name: 'auth', args: [ 'IVB0VPnPl0urvQrpSKkbXLdEZBUfSHaP' ] }
}
Connected to Redis for persistence
ReplyError: WRONGPASS invalid username-password pair or user is disabled.
    at parseError (/Users/adrianfranciscoperezgomez/Desktop/Personal Apps/vult-intel/node_modules/redis-parser/lib/parser.js:179:12)
    at parseType (/Users/adrianfranciscoperezgomez/Desktop/Personal Apps/vult-intel/node_modules/redis-parser/lib/parser.js:302:14) {
  command: { name: 'auth', args: [ 'IVB0VPnPl0urvQrpSKkbXLdEZBUfSHaP' ] }
}
Redis connection error: ReplyError: WRONGPASS invalid username-password pair or user is disabled.
    at parseError (/Users/adrianfranciscoperezgomez/Desktop/Personal Apps/vult-intel/node_modules/redis-parser/lib/parser.js:179:12)
    at parseType (/Users/adrianfranciscoperezgomez/Desktop/Personal Apps/vult-intel/node_modules/redis-parser/lib/parser.js:302:14) {
  command: { name: 'auth', args: [ 'IVB0VPnPl0urvQrpSKkbXLdEZBUfSHaP' ] }
}
ReplyError: WRONGPASS invalid username-password pair or user is disabled.
    at parseError (/Users/adrianfranciscoperezgomez/Desktop/Personal Apps/vult-intel/node_modules/redis-parser/lib/parser.js:179:12)
    at parseType (/Users/adrianfranciscoperezgomez/Desktop/Personal Apps/vult-intel/node_modules/redis-parser/lib/parser.js:302:14) {
  command: { name: 'auth', args: [ 'IVB0VPnPl0urvQrpSKkbXLdEZBUfSHaP' ] }
}
ReplyError: WRONGPASS invalid username-password pair or user is disabled.
    at parseError (/Users/adrianfranciscoperezgomez/Desktop/Personal Apps/vult-intel/node_modules/redis-parser/lib/parser.js:179:12)
    at parseType (/Users/adrianfranciscoperezgomez/Desktop/Personal Apps/vult-intel/node_modules/redis-parser/lib/parser.js:302:14) {
  command: { name: 'auth', args: [ 'IVB0VPnPl0urvQrpSKkbXLdEZBUfSHaP' ] }
}
ReplyError: WRONGPASS invalid username-password pair or user is disabled.
    at parseError (/Users/adrianfranciscoperezgomez/Desktop/Personal Apps/vult-intel/node_modules/redis-parser/lib/parser.js:179:12)
    at parseType (/Users/adrianfranciscoperezgomez/Desktop/Personal Apps/vult-intel/node_modules/redis-parser/lib/parser.js:302:14) {
  command: { name: 'auth', args: [ 'IVB0VPnPl0urvQrpSKkbXLdEZBUfSHaP' ] }
}
ReplyError: WRONGPASS invalid username-password pair or user is disabled.
    at parseError (/Users/adrianfranciscoperezgomez/Desktop/Personal Apps/vult-intel/node_modules/redis-parser/lib/parser.js:179:12)
    at parseType (/Users/adrianfranciscoperezgomez/Desktop/Personal Apps/vult-intel/node_modules/redis-parser/lib/parser.js:302:14) {
  command: { name: 'auth', args: [ 'IVB0VPnPl0urvQrpSKkbXLdEZBUfSHaP' ] }
}
ReplyError: WRONGPASS invalid username-password pair or user is disabled.
    at parseError (/Users/adrianfranciscoperezgomez/Desktop/Personal Apps/vult-intel/node_modules/redis-parser/lib/parser.js:179:12)
    at parseType (/Users/adrianfranciscoperezgomez/Desktop/Personal Apps/vult-intel/node_modules/redis-parser/lib/parser.js:302:14) {
  command: { name: 'auth', args: [ 'IVB0VPnPl0urvQrpSKkbXLdEZBUfSHaP' ] }
}
Connected to Redis for persistence
ReplyError: WRONGPASS invalid username-password pair or user is disabled.
    at parseError (/Users/adrianfranciscoperezgomez/Desktop/Personal Apps/vult-intel/node_modules/redis-parser/lib/parser.js:179:12)
    at parseType (/Users/adrianfranciscoperezgomez/Desktop/Personal Apps/vult-intel/node_modules/redis-parser/lib/parser.js:302:14) {
  command: { name: 'auth', args: [ 'IVB0VPnPl0urvQrpSKkbXLdEZBUfSHaP' ] }
}
Redis connection error: ReplyError: WRONGPASS invalid username-password pair or user is disabled.
    at parseError (/Users/adrianfranciscoperezgomez/Desktop/Personal Apps/vult-intel/node_modules/redis-parser/lib/parser.js:179:12)
    at parseType (/Users/adrianfranciscoperezgomez/Desktop/Personal Apps/vult-intel/node_modules/redis-parser/lib/parser.js:302:14) {
  command: { name: 'auth', args: [ 'IVB0VPnPl0urvQrpSKkbXLdEZBUfSHaP' ] }
}
ReplyError: WRONGPASS invalid username-password pair or user is disabled.
    at parseError (/Users/adrianfranciscoperezgomez/Desktop/Personal Apps/vult-intel/node_modules/redis-parser/lib/parser.js:179:12)
    at parseType (/Users/adrianfranciscoperezgomez/Desktop/Personal Apps/vult-intel/node_modules/redis-parser/lib/parser.js:302:14) {
  command: { name: 'auth', args: [ 'IVB0VPnPl0urvQrpSKkbXLdEZBUfSHaP' ] }
}
ReplyError: WRONGPASS invalid username-password pair or user is disabled.
    at parseError (/Users/adrianfranciscoperezgomez/Desktop/Personal Apps/vult-intel/node_modules/redis-parser/lib/parser.js:179:12)
    at parseType (/Users/adrianfranciscoperezgomez/Desktop/Personal Apps/vult-intel/node_modules/redis-parser/lib/parser.js:302:14) {
  command: { name: 'auth', args: [ 'IVB0VPnPl0urvQrpSKkbXLdEZBUfSHaP' ] }
}
ReplyError: WRONGPASS invalid username-password pair or user is disabled.
    at parseError (/Users/adrianfranciscoperezgomez/Desktop/Personal Apps/vult-intel/node_modules/redis-parser/lib/parser.js:179:12)
    at parseType (/Users/adrianfranciscoperezgomez/Desktop/Personal Apps/vult-intel/node_modules/redis-parser/lib/parser.js:302:14) {
  command: { name: 'auth', args: [ 'IVB0VPnPl0urvQrpSKkbXLdEZBUfSHaP' ] }
}
ReplyError: WRONGPASS invalid username-password pair or user is disabled.
    at parseError (/Users/adrianfranciscoperezgomez/Desktop/Personal Apps/vult-intel/node_modules/redis-parser/lib/parser.js:179:12)
    at parseType (/Users/adrianfranciscoperezgomez/Desktop/Personal Apps/vult-intel/node_modules/redis-parser/lib/parser.js:302:14) {
  command: { name: 'auth', args: [ 'IVB0VPnPl0urvQrpSKkbXLdEZBUfSHaP' ] }
}
ReplyError: WRONGPASS invalid username-password pair or user is disabled.
    at parseError (/Users/adrianfranciscoperezgomez/Desktop/Personal Apps/vult-intel/node_modules/redis-parser/lib/parser.js:179:12)
    at parseType (/Users/adrianfranciscoperezgomez/Desktop/Personal Apps/vult-intel/node_modules/redis-parser/lib/parser.js:302:14) {
  command: { name: 'auth', args: [ 'IVB0VPnPl0urvQrpSKkbXLdEZBUfSHaP' ] }
}
ReplyError: WRONGPASS invalid username-password pair or user is disabled.
    at parseError (/Users/adrianfranciscoperezgomez/Desktop/Personal Apps/vult-intel/node_modules/redis-parser/lib/parser.js:179:12)
    at parseType (/Users/adrianfranciscoperezgomez/Desktop/Personal Apps/vult-intel/node_modules/redis-parser/lib/parser.js:302:14) {
  command: { name: 'auth', args: [ 'IVB0VPnPl0urvQrpSKkbXLdEZBUfSHaP' ] }
}
Connected to Redis for persistence
Redis connection error: ReplyError: WRONGPASS invalid username-password pair or user is disabled.
    at parseError (/Users/adrianfranciscoperezgomez/Desktop/Personal Apps/vult-intel/node_modules/redis-parser/lib/parser.js:179:12)
    at parseType (/Users/adrianfranciscoperezgomez/Desktop/Personal Apps/vult-intel/node_modules/redis-parser/lib/parser.js:302:14) {
  command: { name: 'auth', args: [ 'IVB0VPnPl0urvQrpSKkbXLdEZBUfSHaP' ] }
}
ReplyError: WRONGPASS invalid username-password pair or user is disabled.
    at parseError (/Users/adrianfranciscoperezgomez/Desktop/Personal Apps/vult-intel/node_modules/redis-parser/lib/parser.js:179:12)
    at parseType (/Users/adrianfranciscoperezgomez/Desktop/Personal Apps/vult-intel/node_modules/redis-parser/lib/parser.js:302:14) {
  command: { name: 'auth', args: [ 'IVB0VPnPl0urvQrpSKkbXLdEZBUfSHaP' ] }
}
ReplyError: WRONGPASS invalid username-password pair or user is disabled.
    at parseError (/Users/adrianfranciscoperezgomez/Desktop/Personal Apps/vult-intel/node_modules/redis-parser/lib/parser.js:179:12)
    at parseType (/Users/adrianfranciscoperezgomez/Desktop/Personal Apps/vult-intel/node_modules/redis-parser/lib/parser.js:302:14) {
  command: { name: 'auth', args: [ 'IVB0VPnPl0urvQrpSKkbXLdEZBUfSHaP' ] }
}
ReplyError: WRONGPASS invalid username-password pair or user is disabled.
    at parseError (/Users/adrianfranciscoperezgomez/Desktop/Personal Apps/vult-intel/node_modules/redis-parser/lib/parser.js:179:12)
    at parseType (/Users/adrianfranciscoperezgomez/Desktop/Personal Apps/vult-intel/node_modules/redis-parser/lib/parser.js:302:14) {
  command: { name: 'auth', args: [ 'IVB0VPnPl0urvQrpSKkbXLdEZBUfSHaP' ] }
}
ReplyError: WRONGPASS invalid username-password pair or user is disabled.
    at parseError (/Users/adrianfranciscoperezgomez/Desktop/Personal Apps/vult-intel/node_modules/redis-parser/lib/parser.js:179:12)
    at parseType (/Users/adrianfranciscoperezgomez/Desktop/Personal Apps/vult-intel/node_modules/redis-parser/lib/parser.js:302:14) {
  command: { name: 'auth', args: [ 'IVB0VPnPl0urvQrpSKkbXLdEZBUfSHaP' ] }
}
ReplyError: WRONGPASS invalid username-password pair or user is disabled.
    at parseError (/Users/adrianfranciscoperezgomez/Desktop/Personal Apps/vult-intel/node_modules/redis-parser/lib/parser.js:179:12)
    at parseType (/Users/adrianfranciscoperezgomez/Desktop/Personal Apps/vult-intel/node_modules/redis-parser/lib/parser.js:302:14) {
  command: { name: 'auth', args: [ 'IVB0VPnPl0urvQrpSKkbXLdEZBUfSHaP' ] }
}
ReplyError: WRONGPASS invalid username-password pair or user is disabled.
    at parseError (/Users/adrianfranciscoperezgomez/Desktop/Personal Apps/vult-intel/node_modules/redis-parser/lib/parser.js:179:12)
    at parseType (/Users/adrianfranciscoperezgomez/Desktop/Personal Apps/vult-intel/node_modules/redis-parser/lib/parser.js:302:14) {
  command: { name: 'auth', args: [ 'IVB0VPnPl0urvQrpSKkbXLdEZBUfSHaP' ] }
}
Connected to Redis for persistence
Redis connection error: ReplyError: WRONGPASS invalid username-password pair or user is disabled.
    at parseError (/Users/adrianfranciscoperezgomez/Desktop/Personal Apps/vult-intel/node_modules/redis-parser/lib/parser.js:179:12)
    at parseType (/Users/adrianfranciscoperezgomez/Desktop/Personal Apps/vult-intel/node_modules/redis-parser/lib/parser.js:302:14) {
  command: { name: 'auth', args: [ 'IVB0VPnPl0urvQrpSKkbXLdEZBUfSHaP' ] }
}
ReplyError: WRONGPASS invalid username-password pair or user is disabled.
    at parseError (/Users/adrianfranciscoperezgomez/Desktop/Personal Apps/vult-intel/node_modules/redis-parser/lib/parser.js:179:12)
    at parseType (/Users/adrianfranciscoperezgomez/Desktop/Personal Apps/vult-intel/node_modules/redis-parser/lib/parser.js:302:14) {
  command: { name: 'auth', args: [ 'IVB0VPnPl0urvQrpSKkbXLdEZBUfSHaP' ] }
}
ReplyError: WRONGPASS invalid username-password pair or user is disabled.
    at parseError (/Users/adrianfranciscoperezgomez/Desktop/Personal Apps/vult-intel/node_modules/redis-parser/lib/parser.js:179:12)
    at parseType (/Users/adrianfranciscoperezgomez/Desktop/Personal Apps/vult-intel/node_modules/redis-parser/lib/parser.js:302:14) {
  command: { name: 'auth', args: [ 'IVB0VPnPl0urvQrpSKkbXLdEZBUfSHaP' ] }
}
ReplyError: WRONGPASS invalid username-password pair or user is disabled.
    at parseError (/Users/adrianfranciscoperezgomez/Desktop/Personal Apps/vult-intel/node_modules/redis-parser/lib/parser.js:179:12)
    at parseType (/Users/adrianfranciscoperezgomez/Desktop/Personal Apps/vult-intel/node_modules/redis-parser/lib/parser.js:302:14) {
  command: { name: 'auth', args: [ 'IVB0VPnPl0urvQrpSKkbXLdEZBUfSHaP' ] }
}
ReplyError: WRONGPASS invalid username-password pair or user is disabled.
    at parseError (/Users/adrianfranciscoperezgomez/Desktop/Personal Apps/vult-intel/node_modules/redis-parser/lib/parser.js:179:12)
    at parseType (/Users/adrianfranciscoperezgomez/Desktop/Personal Apps/vult-intel/node_modules/redis-parser/lib/parser.js:302:14) {
  command: { name: 'auth', args: [ 'IVB0VPnPl0urvQrpSKkbXLdEZBUfSHaP' ] }
}
ReplyError: WRONGPASS invalid username-password pair or user is disabled.
    at parseError (/Users/adrianfranciscoperezgomez/Desktop/Personal Apps/vult-intel/node_modules/redis-parser/lib/parser.js:179:12)
    at parseType (/Users/adrianfranciscoperezgomez/Desktop/Personal Apps/vult-intel/node_modules/redis-parser/lib/parser.js:302:14) {
  command: { name: 'auth', args: [ 'IVB0VPnPl0urvQrpSKkbXLdEZBUfSHaP' ] }
}
ReplyError: WRONGPASS invalid username-password pair or user is disabled.
    at parseError (/Users/adrianfranciscoperezgomez/Desktop/Personal Apps/vult-intel/node_modules/redis-parser/lib/parser.js:179:12)
    at parseType (/Users/adrianfranciscoperezgomez/Desktop/Personal Apps/vult-intel/node_modules/redis-parser/lib/parser.js:302:14) {
  command: { name: 'auth', args: [ 'IVB0VPnPl0urvQrpSKkbXLdEZBUfSHaP' ] }
}
Connected to Redis for persistence
Redis connection error: ReplyError: WRONGPASS invalid username-password pair or user is disabled.
    at parseError (/Users/adrianfranciscoperezgomez/Desktop/Personal Apps/vult-intel/node_modules/redis-parser/lib/parser.js:179:12)
    at parseType (/Users/adrianfranciscoperezgomez/Desktop/Personal Apps/vult-intel/node_modules/redis-parser/lib/parser.js:302:14) {
  command: { name: 'auth', args: [ 'IVB0VPnPl0urvQrpSKkbXLdEZBUfSHaP' ] }
}
ReplyError: WRONGPASS invalid username-password pair or user is disabled.
    at parseError (/Users/adrianfranciscoperezgomez/Desktop/Personal Apps/vult-intel/node_modules/redis-parser/lib/parser.js:179:12)
    at parseType (/Users/adrianfranciscoperezgomez/Desktop/Personal Apps/vult-intel/node_modules/redis-parser/lib/parser.js:302:14) {
  command: { name: 'auth', args: [ 'IVB0VPnPl0urvQrpSKkbXLdEZBUfSHaP' ] }
}
ReplyError: WRONGPASS invalid username-password pair or user is disabled.
    at parseError (/Users/adrianfranciscoperezgomez/Desktop/Personal Apps/vult-intel/node_modules/redis-parser/lib/parser.js:179:12)
    at parseType (/Users/adrianfranciscoperezgomez/Desktop/Personal Apps/vult-intel/node_modules/redis-parser/lib/parser.js:302:14) {
  command: { name: 'auth', args: [ 'IVB0VPnPl0urvQrpSKkbXLdEZBUfSHaP' ] }
}
ReplyError: WRONGPASS invalid username-password pair or user is disabled.
    at parseError (/Users/adrianfranciscoperezgomez/Desktop/Personal Apps/vult-intel/node_modules/redis-parser/lib/parser.js:179:12)
    at parseType (/Users/adrianfranciscoperezgomez/Desktop/Personal Apps/vult-intel/node_modules/redis-parser/lib/parser.js:302:14) {
  command: { name: 'auth', args: [ 'IVB0VPnPl0urvQrpSKkbXLdEZBUfSHaP' ] }
}
ReplyError: WRONGPASS invalid username-password pair or user is disabled.
    at parseError (/Users/adrianfranciscoperezgomez/Desktop/Personal Apps/vult-intel/node_modules/redis-parser/lib/parser.js:179:12)
    at parseType (/Users/adrianfranciscoperezgomez/Desktop/Personal Apps/vult-intel/node_modules/redis-parser/lib/parser.js:302:14) {
  command: { name: 'auth', args: [ 'IVB0VPnPl0urvQrpSKkbXLdEZBUfSHaP' ] }
}
ReplyError: WRONGPASS invalid username-password pair or user is disabled.
    at parseError (/Users/adrianfranciscoperezgomez/Desktop/Personal Apps/vult-intel/node_modules/redis-parser/lib/parser.js:179:12)
    at parseType (/Users/adrianfranciscoperezgomez/Desktop/Personal Apps/vult-intel/node_modules/redis-parser/lib/parser.js:302:14) {
  command: { name: 'auth', args: [ 'IVB0VPnPl0urvQrpSKkbXLdEZBUfSHaP' ] }
}
Connected to Redis for persistence
ReplyError: WRONGPASS invalid username-password pair or user is disabled.
    at parseError (/Users/adrianfranciscoperezgomez/Desktop/Personal Apps/vult-intel/node_modules/redis-parser/lib/parser.js:179:12)
    at parseType (/Users/adrianfranciscoperezgomez/Desktop/Personal Apps/vult-intel/node_modules/redis-parser/lib/parser.js:302:14) {
  command: { name: 'auth', args: [ 'IVB0VPnPl0urvQrpSKkbXLdEZBUfSHaP' ] }
}
Redis connection error: ReplyError: WRONGPASS invalid username-password pair or user is disabled.
    at parseError (/Users/adrianfranciscoperezgomez/Desktop/Personal Apps/vult-intel/node_modules/redis-parser/lib/parser.js:179:12)
    at parseType (/Users/adrianfranciscoperezgomez/Desktop/Personal Apps/vult-intel/node_modules/redis-parser/lib/parser.js:302:14) {
  command: { name: 'auth', args: [ 'IVB0VPnPl0urvQrpSKkbXLdEZBUfSHaP' ] }
}
ReplyError: WRONGPASS invalid username-password pair or user is disabled.
    at parseError (/Users/adrianfranciscoperezgomez/Desktop/Personal Apps/vult-intel/node_modules/redis-parser/lib/parser.js:179:12)
    at parseType (/Users/adrianfranciscoperezgomez/Desktop/Personal Apps/vult-intel/node_modules/redis-parser/lib/parser.js:302:14) {
  command: { name: 'auth', args: [ 'IVB0VPnPl0urvQrpSKkbXLdEZBUfSHaP' ] }
}
ReplyError: WRONGPASS invalid username-password pair or user is disabled.
    at parseError (/Users/adrianfranciscoperezgomez/Desktop/Personal Apps/vult-intel/node_modules/redis-parser/lib/parser.js:179:12)
    at parseType (/Users/adrianfranciscoperezgomez/Desktop/Personal Apps/vult-intel/node_modules/redis-parser/lib/parser.js:302:14) {
  command: { name: 'auth', args: [ 'IVB0VPnPl0urvQrpSKkbXLdEZBUfSHaP' ] }
}
ReplyError: WRONGPASS invalid username-password pair or user is disabled.
    at parseError (/Users/adrianfranciscoperezgomez/Desktop/Personal Apps/vult-intel/node_modules/redis-parser/lib/parser.js:179:12)
    at parseType (/Users/adrianfranciscoperezgomez/Desktop/Personal Apps/vult-intel/node_modules/redis-parser/lib/parser.js:302:14) {
  command: { name: 'auth', args: [ 'IVB0VPnPl0urvQrpSKkbXLdEZBUfSHaP' ] }
}
ReplyError: WRONGPASS invalid username-password pair or user is disabled.
    at parseError (/Users/adrianfranciscoperezgomez/Desktop/Personal Apps/vult-intel/node_modules/redis-parser/lib/parser.js:179:12)
    at parseType (/Users/adrianfranciscoperezgomez/Desktop/Personal Apps/vult-intel/node_modules/redis-parser/lib/parser.js:302:14) {
  command: { name: 'auth', args: [ 'IVB0VPnPl0urvQrpSKkbXLdEZBUfSHaP' ] }
}
ReplyError: WRONGPASS invalid username-password pair or user is disabled.
    at parseError (/Users/adrianfranciscoperezgomez/Desktop/Personal Apps/vult-intel/node_modules/redis-parser/lib/parser.js:179:12)
    at parseType (/Users/adrianfranciscoperezgomez/Desktop/Personal Apps/vult-intel/node_modules/redis-parser/lib/parser.js:302:14) {
  command: { name: 'auth', args: [ 'IVB0VPnPl0urvQrpSKkbXLdEZBUfSHaP' ] }
}
Connected to Redis for persistence
ReplyError: WRONGPASS invalid username-password pair or user is disabled.
    at parseError (/Users/adrianfranciscoperezgomez/Desktop/Personal Apps/vult-intel/node_modules/redis-parser/lib/parser.js:179:12)
    at parseType (/Users/adrianfranciscoperezgomez/Desktop/Personal Apps/vult-intel/node_modules/redis-parser/lib/parser.js:302:14) {
  command: { name: 'auth', args: [ 'IVB0VPnPl0urvQrpSKkbXLdEZBUfSHaP' ] }
}
Redis connection error: ReplyError: WRONGPASS invalid username-password pair or user is disabled.
    at parseError (/Users/adrianfranciscoperezgomez/Desktop/Personal Apps/vult-intel/node_modules/redis-parser/lib/parser.js:179:12)
    at parseType (/Users/adrianfranciscoperezgomez/Desktop/Personal Apps/vult-intel/node_modules/redis-parser/lib/parser.js:302:14) {
  command: { name: 'auth', args: [ 'IVB0VPnPl0urvQrpSKkbXLdEZBUfSHaP' ] }
}
ReplyError: WRONGPASS invalid username-password pair or user is disabled.
    at parseError (/Users/adrianfranciscoperezgomez/Desktop/Personal Apps/vult-intel/node_modules/redis-parser/lib/parser.js:179:12)
    at parseType (/Users/adrianfranciscoperezgomez/Desktop/Personal Apps/vult-intel/node_modules/redis-parser/lib/parser.js:302:14) {
  command: { name: 'auth', args: [ 'IVB0VPnPl0urvQrpSKkbXLdEZBUfSHaP' ] }
}
ReplyError: WRONGPASS invalid username-password pair or user is disabled.
    at parseError (/Users/adrianfranciscoperezgomez/Desktop/Personal Apps/vult-intel/node_modules/redis-parser/lib/parser.js:179:12)
    at parseType (/Users/adrianfranciscoperezgomez/Desktop/Personal Apps/vult-intel/node_modules/redis-parser/lib/parser.js:302:14) {
  command: { name: 'auth', args: [ 'IVB0VPnPl0urvQrpSKkbXLdEZBUfSHaP' ] }
}
ReplyError: WRONGPASS invalid username-password pair or user is disabled.
    at parseError (/Users/adrianfranciscoperezgomez/Desktop/Personal Apps/vult-intel/node_modules/redis-parser/lib/parser.js:179:12)
    at parseType (/Users/adrianfranciscoperezgomez/Desktop/Personal Apps/vult-intel/node_modules/redis-parser/lib/parser.js:302:14) {
  command: { name: 'auth', args: [ 'IVB0VPnPl0urvQrpSKkbXLdEZBUfSHaP' ] }
}
ReplyError: WRONGPASS invalid username-password pair or user is disabled.
    at parseError (/Users/adrianfranciscoperezgomez/Desktop/Personal Apps/vult-intel/node_modules/redis-parser/lib/parser.js:179:12)
    at parseType (/Users/adrianfranciscoperezgomez/Desktop/Personal Apps/vult-intel/node_modules/redis-parser/lib/parser.js:302:14) {
  command: { name: 'auth', args: [ 'IVB0VPnPl0urvQrpSKkbXLdEZBUfSHaP' ] }
}
ReplyError: WRONGPASS invalid username-password pair or user is disabled.
    at parseError (/Users/adrianfranciscoperezgomez/Desktop/Personal Apps/vult-intel/node_modules/redis-parser/lib/parser.js:179:12)
    at parseType (/Users/adrianfranciscoperezgomez/Desktop/Personal Apps/vult-intel/node_modules/redis-parser/lib/parser.js:302:14) {
  command: { name: 'auth', args: [ 'IVB0VPnPl0urvQrpSKkbXLdEZBUfSHaP' ] }
}
Connected to Redis for persistence
ReplyError: WRONGPASS invalid username-password pair or user is disabled.
    at parseError (/Users/adrianfranciscoperezgomez/Desktop/Personal Apps/vult-intel/node_modules/redis-parser/lib/parser.js:179:12)
    at parseType (/Users/adrianfranciscoperezgomez/Desktop/Personal Apps/vult-intel/node_modules/redis-parser/lib/parser.js:302:14) {
  command: { name: 'auth', args: [ 'IVB0VPnPl0urvQrpSKkbXLdEZBUfSHaP' ] }
}
Redis connection error: ReplyError: WRONGPASS invalid username-password pair or user is disabled.
    at parseError (/Users/adrianfranciscoperezgomez/Desktop/Personal Apps/vult-intel/node_modules/redis-parser/lib/parser.js:179:12)
    at parseType (/Users/adrianfranciscoperezgomez/Desktop/Personal Apps/vult-intel/node_modules/redis-parser/lib/parser.js:302:14) {
  command: { name: 'auth', args: [ 'IVB0VPnPl0urvQrpSKkbXLdEZBUfSHaP' ] }
}
ReplyError: WRONGPASS invalid username-password pair or user is disabled.
    at parseError (/Users/adrianfranciscoperezgomez/Desktop/Personal Apps/vult-intel/node_modules/redis-parser/lib/parser.js:179:12)
    at parseType (/Users/adrianfranciscoperezgomez/Desktop/Personal Apps/vult-intel/node_modules/redis-parser/lib/parser.js:302:14) {
  command: { name: 'auth', args: [ 'IVB0VPnPl0urvQrpSKkbXLdEZBUfSHaP' ] }
}
ReplyError: WRONGPASS invalid username-password pair or user is disabled.
    at parseError (/Users/adrianfranciscoperezgomez/Desktop/Personal Apps/vult-intel/node_modules/redis-parser/lib/parser.js:179:12)
    at parseType (/Users/adrianfranciscoperezgomez/Desktop/Personal Apps/vult-intel/node_modules/redis-parser/lib/parser.js:302:14) {
  command: { name: 'auth', args: [ 'IVB0VPnPl0urvQrpSKkbXLdEZBUfSHaP' ] }
}
ReplyError: WRONGPASS invalid username-password pair or user is disabled.
    at parseError (/Users/adrianfranciscoperezgomez/Desktop/Personal Apps/vult-intel/node_modules/redis-parser/lib/parser.js:179:12)
    at parseType (/Users/adrianfranciscoperezgomez/Desktop/Personal Apps/vult-intel/node_modules/redis-parser/lib/parser.js:302:14) {
  command: { name: 'auth', args: [ 'IVB0VPnPl0urvQrpSKkbXLdEZBUfSHaP' ] }
}
ReplyError: WRONGPASS invalid username-password pair or user is disabled.
    at parseError (/Users/adrianfranciscoperezgomez/Desktop/Personal Apps/vult-intel/node_modules/redis-parser/lib/parser.js:179:12)
    at parseType (/Users/adrianfranciscoperezgomez/Desktop/Personal Apps/vult-intel/node_modules/redis-parser/lib/parser.js:302:14) {
  command: { name: 'auth', args: [ 'IVB0VPnPl0urvQrpSKkbXLdEZBUfSHaP' ] }
}
ReplyError: WRONGPASS invalid username-password pair or user is disabled.
    at parseError (/Users/adrianfranciscoperezgomez/Desktop/Personal Apps/vult-intel/node_modules/redis-parser/lib/parser.js:179:12)
    at parseType (/Users/adrianfranciscoperezgomez/Desktop/Personal Apps/vult-intel/node_modules/redis-parser/lib/parser.js:302:14) {
  command: { name: 'auth', args: [ 'IVB0VPnPl0urvQrpSKkbXLdEZBUfSHaP' ] }
}
Connected to Redis for persistence
ReplyError: WRONGPASS invalid username-password pair or user is disabled.
    at parseError (/Users/adrianfranciscoperezgomez/Desktop/Personal Apps/vult-intel/node_modules/redis-parser/lib/parser.js:179:12)
    at parseType (/Users/adrianfranciscoperezgomez/Desktop/Personal Apps/vult-intel/node_modules/redis-parser/lib/parser.js:302:14) {
  command: { name: 'auth', args: [ 'IVB0VPnPl0urvQrpSKkbXLdEZBUfSHaP' ] }
}
Redis connection error: ReplyError: WRONGPASS invalid username-password pair or user is disabled.
    at parseError (/Users/adrianfranciscoperezgomez/Desktop/Personal Apps/vult-intel/node_modules/redis-parser/lib/parser.js:179:12)
    at parseType (/Users/adrianfranciscoperezgomez/Desktop/Personal Apps/vult-intel/node_modules/redis-parser/lib/parser.js:302:14) {
  command: { name: 'auth', args: [ 'IVB0VPnPl0urvQrpSKkbXLdEZBUfSHaP' ] }
}
ReplyError: WRONGPASS invalid username-password pair or user is disabled.
    at parseError (/Users/adrianfranciscoperezgomez/Desktop/Personal Apps/vult-intel/node_modules/redis-parser/lib/parser.js:179:12)
    at parseType (/Users/adrianfranciscoperezgomez/Desktop/Personal Apps/vult-intel/node_modules/redis-parser/lib/parser.js:302:14) {
  command: { name: 'auth', args: [ 'IVB0VPnPl0urvQrpSKkbXLdEZBUfSHaP' ] }
}
ReplyError: WRONGPASS invalid username-password pair or user is disabled.
    at parseError (/Users/adrianfranciscoperezgomez/Desktop/Personal Apps/vult-intel/node_modules/redis-parser/lib/parser.js:179:12)
    at parseType (/Users/adrianfranciscoperezgomez/Desktop/Personal Apps/vult-intel/node_modules/redis-parser/lib/parser.js:302:14) {
  command: { name: 'auth', args: [ 'IVB0VPnPl0urvQrpSKkbXLdEZBUfSHaP' ] }
}
ReplyError: WRONGPASS invalid username-password pair or user is disabled.
    at parseError (/Users/adrianfranciscoperezgomez/Desktop/Personal Apps/vult-intel/node_modules/redis-parser/lib/parser.js:179:12)
    at parseType (/Users/adrianfranciscoperezgomez/Desktop/Personal Apps/vult-intel/node_modules/redis-parser/lib/parser.js:302:14) {
  command: { name: 'auth', args: [ 'IVB0VPnPl0urvQrpSKkbXLdEZBUfSHaP' ] }
}
ReplyError: WRONGPASS invalid username-password pair or user is disabled.
    at parseError (/Users/adrianfranciscoperezgomez/Desktop/Personal Apps/vult-intel/node_modules/redis-parser/lib/parser.js:179:12)
    at parseType (/Users/adrianfranciscoperezgomez/Desktop/Personal Apps/vult-intel/node_modules/redis-parser/lib/parser.js:302:14) {
  command: { name: 'auth', args: [ 'IVB0VPnPl0urvQrpSKkbXLdEZBUfSHaP' ] }
}
ReplyError: WRONGPASS invalid username-password pair or user is disabled.
    at parseError (/Users/adrianfranciscoperezgomez/Desktop/Personal Apps/vult-intel/node_modules/redis-parser/lib/parser.js:179:12)
    at parseType (/Users/adrianfranciscoperezgomez/Desktop/Personal Apps/vult-intel/node_modules/redis-parser/lib/parser.js:302:14) {
  command: { name: 'auth', args: [ 'IVB0VPnPl0urvQrpSKkbXLdEZBUfSHaP' ] }
}
Connected to Redis for persistence
ReplyError: WRONGPASS invalid username-password pair or user is disabled.
    at parseError (/Users/adrianfranciscoperezgomez/Desktop/Personal Apps/vult-intel/node_modules/redis-parser/lib/parser.js:179:12)
    at parseType (/Users/adrianfranciscoperezgomez/Desktop/Personal Apps/vult-intel/node_modules/redis-parser/lib/parser.js:302:14) {
  command: { name: 'auth', args: [ 'IVB0VPnPl0urvQrpSKkbXLdEZBUfSHaP' ] }
}
Redis connection error: ReplyError: WRONGPASS invalid username-password pair or user is disabled.
    at parseError (/Users/adrianfranciscoperezgomez/Desktop/Personal Apps/vult-intel/node_modules/redis-parser/lib/parser.js:179:12)
    at parseType (/Users/adrianfranciscoperezgomez/Desktop/Personal Apps/vult-intel/node_modules/redis-parser/lib/parser.js:302:14) {
  command: { name: 'auth', args: [ 'IVB0VPnPl0urvQrpSKkbXLdEZBUfSHaP' ] }
}
ReplyError: WRONGPASS invalid username-password pair or user is disabled.
    at parseError (/Users/adrianfranciscoperezgomez/Desktop/Personal Apps/vult-intel/node_modules/redis-parser/lib/parser.js:179:12)
    at parseType (/Users/adrianfranciscoperezgomez/Desktop/Personal Apps/vult-intel/node_modules/redis-parser/lib/parser.js:302:14) {
  command: { name: 'auth', args: [ 'IVB0VPnPl0urvQrpSKkbXLdEZBUfSHaP' ] }
}
ReplyError: WRONGPASS invalid username-password pair or user is disabled.
    at parseError (/Users/adrianfranciscoperezgomez/Desktop/Personal Apps/vult-intel/node_modules/redis-parser/lib/parser.js:179:12)
    at parseType (/Users/adrianfranciscoperezgomez/Desktop/Personal Apps/vult-intel/node_modules/redis-parser/lib/parser.js:302:14) {
  command: { name: 'auth', args: [ 'IVB0VPnPl0urvQrpSKkbXLdEZBUfSHaP' ] }
}
ReplyError: WRONGPASS invalid username-password pair or user is disabled.
    at parseError (/Users/adrianfranciscoperezgomez/Desktop/Personal Apps/vult-intel/node_modules/redis-parser/lib/parser.js:179:12)
    at parseType (/Users/adrianfranciscoperezgomez/Desktop/Personal Apps/vult-intel/node_modules/redis-parser/lib/parser.js:302:14) {
  command: { name: 'auth', args: [ 'IVB0VPnPl0urvQrpSKkbXLdEZBUfSHaP' ] }
}
ReplyError: WRONGPASS invalid username-password pair or user is disabled.
    at parseError (/Users/adrianfranciscoperezgomez/Desktop/Personal Apps/vult-intel/node_modules/redis-parser/lib/parser.js:179:12)
    at parseType (/Users/adrianfranciscoperezgomez/Desktop/Personal Apps/vult-intel/node_modules/redis-parser/lib/parser.js:302:14) {
  command: { name: 'auth', args: [ 'IVB0VPnPl0urvQrpSKkbXLdEZBUfSHaP' ] }
}
ReplyError: WRONGPASS invalid username-password pair or user is disabled.
    at parseError (/Users/adrianfranciscoperezgomez/Desktop/Personal Apps/vult-intel/node_modules/redis-parser/lib/parser.js:179:12)
    at parseType (/Users/adrianfranciscoperezgomez/Desktop/Personal Apps/vult-intel/node_modules/redis-parser/lib/parser.js:302:14) {
  command: { name: 'auth', args: [ 'IVB0VPnPl0urvQrpSKkbXLdEZBUfSHaP' ] }
}
Connected to Redis for persistence
ReplyError: WRONGPASS invalid username-password pair or user is disabled.
    at parseError (/Users/adrianfranciscoperezgomez/Desktop/Personal Apps/vult-intel/node_modules/redis-parser/lib/parser.js:179:12)
    at parseType (/Users/adrianfranciscoperezgomez/Desktop/Personal Apps/vult-intel/node_modules/redis-parser/lib/parser.js:302:14) {
  command: { name: 'auth', args: [ 'IVB0VPnPl0urvQrpSKkbXLdEZBUfSHaP' ] }
}
Redis connection error: ReplyError: WRONGPASS invalid username-password pair or user is disabled.
    at parseError (/Users/adrianfranciscoperezgomez/Desktop/Personal Apps/vult-intel/node_modules/redis-parser/lib/parser.js:179:12)
    at parseType (/Users/adrianfranciscoperezgomez/Desktop/Personal Apps/vult-intel/node_modules/redis-parser/lib/parser.js:302:14) {
  command: { name: 'auth', args: [ 'IVB0VPnPl0urvQrpSKkbXLdEZBUfSHaP' ] }
}
ReplyError: WRONGPASS invalid username-password pair or user is disabled.
    at parseError (/Users/adrianfranciscoperezgomez/Desktop/Personal Apps/vult-intel/node_modules/redis-parser/lib/parser.js:179:12)
    at parseType (/Users/adrianfranciscoperezgomez/Desktop/Personal Apps/vult-intel/node_modules/redis-parser/lib/parser.js:302:14) {
  command: { name: 'auth', args: [ 'IVB0VPnPl0urvQrpSKkbXLdEZBUfSHaP' ] }
}
ReplyError: WRONGPASS invalid username-password pair or user is disabled.
    at parseError (/Users/adrianfranciscoperezgomez/Desktop/Personal Apps/vult-intel/node_modules/redis-parser/lib/parser.js:179:12)
    at parseType (/Users/adrianfranciscoperezgomez/Desktop/Personal Apps/vult-intel/node_modules/redis-parser/lib/parser.js:302:14) {
  command: { name: 'auth', args: [ 'IVB0VPnPl0urvQrpSKkbXLdEZBUfSHaP' ] }
}
ReplyError: WRONGPASS invalid username-password pair or user is disabled.
    at parseError (/Users/adrianfranciscoperezgomez/Desktop/Personal Apps/vult-intel/node_modules/redis-parser/lib/parser.js:179:12)
    at parseType (/Users/adrianfranciscoperezgomez/Desktop/Personal Apps/vult-intel/node_modules/redis-parser/lib/parser.js:302:14) {
  command: { name: 'auth', args: [ 'IVB0VPnPl0urvQrpSKkbXLdEZBUfSHaP' ] }
}
ReplyError: WRONGPASS invalid username-password pair or user is disabled.
    at parseError (/Users/adrianfranciscoperezgomez/Desktop/Personal Apps/vult-intel/node_modules/redis-parser/lib/parser.js:179:12)
    at parseType (/Users/adrianfranciscoperezgomez/Desktop/Personal Apps/vult-intel/node_modules/redis-parser/lib/parser.js:302:14) {
  command: { name: 'auth', args: [ 'IVB0VPnPl0urvQrpSKkbXLdEZBUfSHaP' ] }
}
ReplyError: WRONGPASS invalid username-password pair or user is disabled.
    at parseError (/Users/adrianfranciscoperezgomez/Desktop/Personal Apps/vult-intel/node_modules/redis-parser/lib/parser.js:179:12)
    at parseType (/Users/adrianfranciscoperezgomez/Desktop/Personal Apps/vult-intel/node_modules/redis-parser/lib/parser.js:302:14) {
  command: { name: 'auth', args: [ 'IVB0VPnPl0urvQrpSKkbXLdEZBUfSHaP' ] }
}
Connected to Redis for persistence
ReplyError: WRONGPASS invalid username-password pair or user is disabled.
    at parseError (/Users/adrianfranciscoperezgomez/Desktop/Personal Apps/vult-intel/node_modules/redis-parser/lib/parser.js:179:12)
    at parseType (/Users/adrianfranciscoperezgomez/Desktop/Personal Apps/vult-intel/node_modules/redis-parser/lib/parser.js:302:14) {
  command: { name: 'auth', args: [ 'IVB0VPnPl0urvQrpSKkbXLdEZBUfSHaP' ] }
}
Redis connection error: ReplyError: WRONGPASS invalid username-password pair or user is disabled.
    at parseError (/Users/adrianfranciscoperezgomez/Desktop/Personal Apps/vult-intel/node_modules/redis-parser/lib/parser.js:179:12)
    at parseType (/Users/adrianfranciscoperezgomez/Desktop/Personal Apps/vult-intel/node_modules/redis-parser/lib/parser.js:302:14) {
  command: { name: 'auth', args: [ 'IVB0VPnPl0urvQrpSKkbXLdEZBUfSHaP' ] }
}
ReplyError: WRONGPASS invalid username-password pair or user is disabled.
    at parseError (/Users/adrianfranciscoperezgomez/Desktop/Personal Apps/vult-intel/node_modules/redis-parser/lib/parser.js:179:12)
    at parseType (/Users/adrianfranciscoperezgomez/Desktop/Personal Apps/vult-intel/node_modules/redis-parser/lib/parser.js:302:14) {
  command: { name: 'auth', args: [ 'IVB0VPnPl0urvQrpSKkbXLdEZBUfSHaP' ] }
}
ReplyError: WRONGPASS invalid username-password pair or user is disabled.
    at parseError (/Users/adrianfranciscoperezgomez/Desktop/Personal Apps/vult-intel/node_modules/redis-parser/lib/parser.js:179:12)
    at parseType (/Users/adrianfranciscoperezgomez/Desktop/Personal Apps/vult-intel/node_modules/redis-parser/lib/parser.js:302:14) {
  command: { name: 'auth', args: [ 'IVB0VPnPl0urvQrpSKkbXLdEZBUfSHaP' ] }
}
ReplyError: WRONGPASS invalid username-password pair or user is disabled.
    at parseError (/Users/adrianfranciscoperezgomez/Desktop/Personal Apps/vult-intel/node_modules/redis-parser/lib/parser.js:179:12)
    at parseType (/Users/adrianfranciscoperezgomez/Desktop/Personal Apps/vult-intel/node_modules/redis-parser/lib/parser.js:302:14) {
  command: { name: 'auth', args: [ 'IVB0VPnPl0urvQrpSKkbXLdEZBUfSHaP' ] }
}
ReplyError: WRONGPASS invalid username-password pair or user is disabled.
    at parseError (/Users/adrianfranciscoperezgomez/Desktop/Personal Apps/vult-intel/node_modules/redis-parser/lib/parser.js:179:12)
    at parseType (/Users/adrianfranciscoperezgomez/Desktop/Personal Apps/vult-intel/node_modules/redis-parser/lib/parser.js:302:14) {
  command: { name: 'auth', args: [ 'IVB0VPnPl0urvQrpSKkbXLdEZBUfSHaP' ] }
}
ReplyError: WRONGPASS invalid username-password pair or user is disabled.
    at parseError (/Users/adrianfranciscoperezgomez/Desktop/Personal Apps/vult-intel/node_modules/redis-parser/lib/parser.js:179:12)
    at parseType (/Users/adrianfranciscoperezgomez/Desktop/Personal Apps/vult-intel/node_modules/redis-parser/lib/parser.js:302:14) {
  command: { name: 'auth', args: [ 'IVB0VPnPl0urvQrpSKkbXLdEZBUfSHaP' ] }
}
ReplyError: WRONGPASS invalid username-password pair or user is disabled.
    at parseError (/Users/adrianfranciscoperezgomez/Desktop/Personal Apps/vult-intel/node_modules/redis-parser/lib/parser.js:179:12)
    at parseType (/Users/adrianfranciscoperezgomez/Desktop/Personal Apps/vult-intel/node_modules/redis-parser/lib/parser.js:302:14) {
  command: { name: 'auth', args: [ 'IVB0VPnPl0urvQrpSKkbXLdEZBUfSHaP' ] }
}
Connected to Redis for persistence
Redis connection error: ReplyError: WRONGPASS invalid username-password pair or user is disabled.
    at parseError (/Users/adrianfranciscoperezgomez/Desktop/Personal Apps/vult-intel/node_modules/redis-parser/lib/parser.js:179:12)
    at parseType (/Users/adrianfranciscoperezgomez/Desktop/Personal Apps/vult-intel/node_modules/redis-parser/lib/parser.js:302:14) {
  command: { name: 'auth', args: [ 'IVB0VPnPl0urvQrpSKkbXLdEZBUfSHaP' ] }
}
ReplyError: WRONGPASS invalid username-password pair or user is disabled.
    at parseError (/Users/adrianfranciscoperezgomez/Desktop/Personal Apps/vult-intel/node_modules/redis-parser/lib/parser.js:179:12)
    at parseType (/Users/adrianfranciscoperezgomez/Desktop/Personal Apps/vult-intel/node_modules/redis-parser/lib/parser.js:302:14) {
  command: { name: 'auth', args: [ 'IVB0VPnPl0urvQrpSKkbXLdEZBUfSHaP' ] }
}
ReplyError: WRONGPASS invalid username-password pair or user is disabled.
    at parseError (/Users/adrianfranciscoperezgomez/Desktop/Personal Apps/vult-intel/node_modules/redis-parser/lib/parser.js:179:12)
    at parseType (/Users/adrianfranciscoperezgomez/Desktop/Personal Apps/vult-intel/node_modules/redis-parser/lib/parser.js:302:14) {
  command: { name: 'auth', args: [ 'IVB0VPnPl0urvQrpSKkbXLdEZBUfSHaP' ] }
}
ReplyError: WRONGPASS invalid username-password pair or user is disabled.
    at parseError (/Users/adrianfranciscoperezgomez/Desktop/Personal Apps/vult-intel/node_modules/redis-parser/lib/parser.js:179:12)
    at parseType (/Users/adrianfranciscoperezgomez/Desktop/Personal Apps/vult-intel/node_modules/redis-parser/lib/parser.js:302:14) {
  command: { name: 'auth', args: [ 'IVB0VPnPl0urvQrpSKkbXLdEZBUfSHaP' ] }
}
ReplyError: WRONGPASS invalid username-password pair or user is disabled.
    at parseError (/Users/adrianfranciscoperezgomez/Desktop/Personal Apps/vult-intel/node_modules/redis-parser/lib/parser.js:179:12)
    at parseType (/Users/adrianfranciscoperezgomez/Desktop/Personal Apps/vult-intel/node_modules/redis-parser/lib/parser.js:302:14) {
  command: { name: 'auth', args: [ 'IVB0VPnPl0urvQrpSKkbXLdEZBUfSHaP' ] }
}
ReplyError: WRONGPASS invalid username-password pair or user is disabled.
    at parseError (/Users/adrianfranciscoperezgomez/Desktop/Personal Apps/vult-intel/node_modules/redis-parser/lib/parser.js:179:12)
    at parseType (/Users/adrianfranciscoperezgomez/Desktop/Personal Apps/vult-intel/node_modules/redis-parser/lib/parser.js:302:14) {
  command: { name: 'auth', args: [ 'IVB0VPnPl0urvQrpSKkbXLdEZBUfSHaP' ] }
}
Connected to Redis for persistence
ReplyError: WRONGPASS invalid username-password pair or user is disabled.
    at parseError (/Users/adrianfranciscoperezgomez/Desktop/Personal Apps/vult-intel/node_modules/redis-parser/lib/parser.js:179:12)
    at parseType (/Users/adrianfranciscoperezgomez/Desktop/Personal Apps/vult-intel/node_modules/redis-parser/lib/parser.js:302:14) {
  command: { name: 'auth', args: [ 'IVB0VPnPl0urvQrpSKkbXLdEZBUfSHaP' ] }
}
Redis connection error: ReplyError: WRONGPASS invalid username-password pair or user is disabled.
    at parseError (/Users/adrianfranciscoperezgomez/Desktop/Personal Apps/vult-intel/node_modules/redis-parser/lib/parser.js:179:12)
    at parseType (/Users/adrianfranciscoperezgomez/Desktop/Personal Apps/vult-intel/node_modules/redis-parser/lib/parser.js:302:14) {
  command: { name: 'auth', args: [ 'IVB0VPnPl0urvQrpSKkbXLdEZBUfSHaP' ] }
}
ReplyError: WRONGPASS invalid username-password pair or user is disabled.
    at parseError (/Users/adrianfranciscoperezgomez/Desktop/Personal Apps/vult-intel/node_modules/redis-parser/lib/parser.js:179:12)
    at parseType (/Users/adrianfranciscoperezgomez/Desktop/Personal Apps/vult-intel/node_modules/redis-parser/lib/parser.js:302:14) {
  command: { name: 'auth', args: [ 'IVB0VPnPl0urvQrpSKkbXLdEZBUfSHaP' ] }
}
ReplyError: WRONGPASS invalid username-password pair or user is disabled.
    at parseError (/Users/adrianfranciscoperezgomez/Desktop/Personal Apps/vult-intel/node_modules/redis-parser/lib/parser.js:179:12)
    at parseType (/Users/adrianfranciscoperezgomez/Desktop/Personal Apps/vult-intel/node_modules/redis-parser/lib/parser.js:302:14) {
  command: { name: 'auth', args: [ 'IVB0VPnPl0urvQrpSKkbXLdEZBUfSHaP' ] }
}
ReplyError: WRONGPASS invalid username-password pair or user is disabled.
    at parseError (/Users/adrianfranciscoperezgomez/Desktop/Personal Apps/vult-intel/node_modules/redis-parser/lib/parser.js:179:12)
    at parseType (/Users/adrianfranciscoperezgomez/Desktop/Personal Apps/vult-intel/node_modules/redis-parser/lib/parser.js:302:14) {
  command: { name: 'auth', args: [ 'IVB0VPnPl0urvQrpSKkbXLdEZBUfSHaP' ] }
}
ReplyError: WRONGPASS invalid username-password pair or user is disabled.
    at parseError (/Users/adrianfranciscoperezgomez/Desktop/Personal Apps/vult-intel/node_modules/redis-parser/lib/parser.js:179:12)
    at parseType (/Users/adrianfranciscoperezgomez/Desktop/Personal Apps/vult-intel/node_modules/redis-parser/lib/parser.js:302:14) {
  command: { name: 'auth', args: [ 'IVB0VPnPl0urvQrpSKkbXLdEZBUfSHaP' ] }
}
ReplyError: WRONGPASS invalid username-password pair or user is disabled.
    at parseError (/Users/adrianfranciscoperezgomez/Desktop/Personal Apps/vult-intel/node_modules/redis-parser/lib/parser.js:179:12)
    at parseType (/Users/adrianfranciscoperezgomez/Desktop/Personal Apps/vult-intel/node_modules/redis-parser/lib/parser.js:302:14) {
  command: { name: 'auth', args: [ 'IVB0VPnPl0urvQrpSKkbXLdEZBUfSHaP' ] }
}
Connected to Redis for persistence
ReplyError: WRONGPASS invalid username-password pair or user is disabled.
    at parseError (/Users/adrianfranciscoperezgomez/Desktop/Personal Apps/vult-intel/node_modules/redis-parser/lib/parser.js:179:12)
    at parseType (/Users/adrianfranciscoperezgomez/Desktop/Personal Apps/vult-intel/node_modules/redis-parser/lib/parser.js:302:14) {
  command: { name: 'auth', args: [ 'IVB0VPnPl0urvQrpSKkbXLdEZBUfSHaP' ] }
}
Redis connection error: ReplyError: WRONGPASS invalid username-password pair or user is disabled.
    at parseError (/Users/adrianfranciscoperezgomez/Desktop/Personal Apps/vult-intel/node_modules/redis-parser/lib/parser.js:179:12)
    at parseType (/Users/adrianfranciscoperezgomez/Desktop/Personal Apps/vult-intel/node_modules/redis-parser/lib/parser.js:302:14) {
  command: { name: 'auth', args: [ 'IVB0VPnPl0urvQrpSKkbXLdEZBUfSHaP' ] }
}
ReplyError: WRONGPASS invalid username-password pair or user is disabled.
    at parseError (/Users/adrianfranciscoperezgomez/Desktop/Personal Apps/vult-intel/node_modules/redis-parser/lib/parser.js:179:12)
    at parseType (/Users/adrianfranciscoperezgomez/Desktop/Personal Apps/vult-intel/node_modules/redis-parser/lib/parser.js:302:14) {
  command: { name: 'auth', args: [ 'IVB0VPnPl0urvQrpSKkbXLdEZBUfSHaP' ] }
}
ReplyError: WRONGPASS invalid username-password pair or user is disabled.
    at parseError (/Users/adrianfranciscoperezgomez/Desktop/Personal Apps/vult-intel/node_modules/redis-parser/lib/parser.js:179:12)
    at parseType (/Users/adrianfranciscoperezgomez/Desktop/Personal Apps/vult-intel/node_modules/redis-parser/lib/parser.js:302:14) {
  command: { name: 'auth', args: [ 'IVB0VPnPl0urvQrpSKkbXLdEZBUfSHaP' ] }
}
ReplyError: WRONGPASS invalid username-password pair or user is disabled.
    at parseError (/Users/adrianfranciscoperezgomez/Desktop/Personal Apps/vult-intel/node_modules/redis-parser/lib/parser.js:179:12)
    at parseType (/Users/adrianfranciscoperezgomez/Desktop/Personal Apps/vult-intel/node_modules/redis-parser/lib/parser.js:302:14) {
  command: { name: 'auth', args: [ 'IVB0VPnPl0urvQrpSKkbXLdEZBUfSHaP' ] }
}
ReplyError: WRONGPASS invalid username-password pair or user is disabled.
    at parseError (/Users/adrianfranciscoperezgomez/Desktop/Personal Apps/vult-intel/node_modules/redis-parser/lib/parser.js:179:12)
    at parseType (/Users/adrianfranciscoperezgomez/Desktop/Personal Apps/vult-intel/node_modules/redis-parser/lib/parser.js:302:14) {
  command: { name: 'auth', args: [ 'IVB0VPnPl0urvQrpSKkbXLdEZBUfSHaP' ] }
}
ReplyError: WRONGPASS invalid username-password pair or user is disabled.
    at parseError (/Users/adrianfranciscoperezgomez/Desktop/Personal Apps/vult-intel/node_modules/redis-parser/lib/parser.js:179:12)
    at parseType (/Users/adrianfranciscoperezgomez/Desktop/Personal Apps/vult-intel/node_modules/redis-parser/lib/parser.js:302:14) {
  command: { name: 'auth', args: [ 'IVB0VPnPl0urvQrpSKkbXLdEZBUfSHaP' ] }
}
Connected to Redis for persistence
ReplyError: WRONGPASS invalid username-password pair or user is disabled.
    at parseError (/Users/adrianfranciscoperezgomez/Desktop/Personal Apps/vult-intel/node_modules/redis-parser/lib/parser.js:179:12)
    at parseType (/Users/adrianfranciscoperezgomez/Desktop/Personal Apps/vult-intel/node_modules/redis-parser/lib/parser.js:302:14) {
  command: { name: 'auth', args: [ 'IVB0VPnPl0urvQrpSKkbXLdEZBUfSHaP' ] }
}
Redis connection error: ReplyError: WRONGPASS invalid username-password pair or user is disabled.
    at parseError (/Users/adrianfranciscoperezgomez/Desktop/Personal Apps/vult-intel/node_modules/redis-parser/lib/parser.js:179:12)
    at parseType (/Users/adrianfranciscoperezgomez/Desktop/Personal Apps/vult-intel/node_modules/redis-parser/lib/parser.js:302:14) {
  command: { name: 'auth', args: [ 'IVB0VPnPl0urvQrpSKkbXLdEZBUfSHaP' ] }
}
ReplyError: WRONGPASS invalid username-password pair or user is disabled.
    at parseError (/Users/adrianfranciscoperezgomez/Desktop/Personal Apps/vult-intel/node_modules/redis-parser/lib/parser.js:179:12)
    at parseType (/Users/adrianfranciscoperezgomez/Desktop/Personal Apps/vult-intel/node_modules/redis-parser/lib/parser.js:302:14) {
  command: { name: 'auth', args: [ 'IVB0VPnPl0urvQrpSKkbXLdEZBUfSHaP' ] }
}
ReplyError: WRONGPASS invalid username-password pair or user is disabled.
    at parseError (/Users/adrianfranciscoperezgomez/Desktop/Personal Apps/vult-intel/node_modules/redis-parser/lib/parser.js:179:12)
    at parseType (/Users/adrianfranciscoperezgomez/Desktop/Personal Apps/vult-intel/node_modules/redis-parser/lib/parser.js:302:14) {
  command: { name: 'auth', args: [ 'IVB0VPnPl0urvQrpSKkbXLdEZBUfSHaP' ] }
}
ReplyError: WRONGPASS invalid username-password pair or user is disabled.
    at parseError (/Users/adrianfranciscoperezgomez/Desktop/Personal Apps/vult-intel/node_modules/redis-parser/lib/parser.js:179:12)
    at parseType (/Users/adrianfranciscoperezgomez/Desktop/Personal Apps/vult-intel/node_modules/redis-parser/lib/parser.js:302:14) {
  command: { name: 'auth', args: [ 'IVB0VPnPl0urvQrpSKkbXLdEZBUfSHaP' ] }
}
ReplyError: WRONGPASS invalid username-password pair or user is disabled.
    at parseError (/Users/adrianfranciscoperezgomez/Desktop/Personal Apps/vult-intel/node_modules/redis-parser/lib/parser.js:179:12)
    at parseType (/Users/adrianfranciscoperezgomez/Desktop/Personal Apps/vult-intel/node_modules/redis-parser/lib/parser.js:302:14) {
  command: { name: 'auth', args: [ 'IVB0VPnPl0urvQrpSKkbXLdEZBUfSHaP' ] }
}
ReplyError: WRONGPASS invalid username-password pair or user is disabled.
    at parseError (/Users/adrianfranciscoperezgomez/Desktop/Personal Apps/vult-intel/node_modules/redis-parser/lib/parser.js:179:12)
    at parseType (/Users/adrianfranciscoperezgomez/Desktop/Personal Apps/vult-intel/node_modules/redis-parser/lib/parser.js:302:14) {
  command: { name: 'auth', args: [ 'IVB0VPnPl0urvQrpSKkbXLdEZBUfSHaP' ] }
}
Connected to Redis for persistence
ReplyError: WRONGPASS invalid username-password pair or user is disabled.
    at parseError (/Users/adrianfranciscoperezgomez/Desktop/Personal Apps/vult-intel/node_modules/redis-parser/lib/parser.js:179:12)
    at parseType (/Users/adrianfranciscoperezgomez/Desktop/Personal Apps/vult-intel/node_modules/redis-parser/lib/parser.js:302:14) {
  command: { name: 'auth', args: [ 'IVB0VPnPl0urvQrpSKkbXLdEZBUfSHaP' ] }
}
Redis connection error: ReplyError: WRONGPASS invalid username-password pair or user is disabled.
    at parseError (/Users/adrianfranciscoperezgomez/Desktop/Personal Apps/vult-intel/node_modules/redis-parser/lib/parser.js:179:12)
    at parseType (/Users/adrianfranciscoperezgomez/Desktop/Personal Apps/vult-intel/node_modules/redis-parser/lib/parser.js:302:14) {
  command: { name: 'auth', args: [ 'IVB0VPnPl0urvQrpSKkbXLdEZBUfSHaP' ] }
}
ReplyError: WRONGPASS invalid username-password pair or user is disabled.
    at parseError (/Users/adrianfranciscoperezgomez/Desktop/Personal Apps/vult-intel/node_modules/redis-parser/lib/parser.js:179:12)
    at parseType (/Users/adrianfranciscoperezgomez/Desktop/Personal Apps/vult-intel/node_modules/redis-parser/lib/parser.js:302:14) {
  command: { name: 'auth', args: [ 'IVB0VPnPl0urvQrpSKkbXLdEZBUfSHaP' ] }
}
ReplyError: WRONGPASS invalid username-password pair or user is disabled.
    at parseError (/Users/adrianfranciscoperezgomez/Desktop/Personal Apps/vult-intel/node_modules/redis-parser/lib/parser.js:179:12)
    at parseType (/Users/adrianfranciscoperezgomez/Desktop/Personal Apps/vult-intel/node_modules/redis-parser/lib/parser.js:302:14) {
  command: { name: 'auth', args: [ 'IVB0VPnPl0urvQrpSKkbXLdEZBUfSHaP' ] }
}
ReplyError: WRONGPASS invalid username-password pair or user is disabled.
    at parseError (/Users/adrianfranciscoperezgomez/Desktop/Personal Apps/vult-intel/node_modules/redis-parser/lib/parser.js:179:12)
    at parseType (/Users/adrianfranciscoperezgomez/Desktop/Personal Apps/vult-intel/node_modules/redis-parser/lib/parser.js:302:14) {
  command: { name: 'auth', args: [ 'IVB0VPnPl0urvQrpSKkbXLdEZBUfSHaP' ] }
}
ReplyError: WRONGPASS invalid username-password pair or user is disabled.
    at parseError (/Users/adrianfranciscoperezgomez/Desktop/Personal Apps/vult-intel/node_modules/redis-parser/lib/parser.js:179:12)
    at parseType (/Users/adrianfranciscoperezgomez/Desktop/Personal Apps/vult-intel/node_modules/redis-parser/lib/parser.js:302:14) {
  command: { name: 'auth', args: [ 'IVB0VPnPl0urvQrpSKkbXLdEZBUfSHaP' ] }
}
ReplyError: WRONGPASS invalid username-password pair or user is disabled.
    at parseError (/Users/adrianfranciscoperezgomez/Desktop/Personal Apps/vult-intel/node_modules/redis-parser/lib/parser.js:179:12)
    at parseType (/Users/adrianfranciscoperezgomez/Desktop/Personal Apps/vult-intel/node_modules/redis-parser/lib/parser.js:302:14) {
  command: { name: 'auth', args: [ 'IVB0VPnPl0urvQrpSKkbXLdEZBUfSHaP' ] }
}
Connected to Redis for persistence
ReplyError: WRONGPASS invalid username-password pair or user is disabled.
    at parseError (/Users/adrianfranciscoperezgomez/Desktop/Personal Apps/vult-intel/node_modules/redis-parser/lib/parser.js:179:12)
    at parseType (/Users/adrianfranciscoperezgomez/Desktop/Personal Apps/vult-intel/node_modules/redis-parser/lib/parser.js:302:14) {
  command: { name: 'auth', args: [ 'IVB0VPnPl0urvQrpSKkbXLdEZBUfSHaP' ] }
}
Redis connection error: ReplyError: WRONGPASS invalid username-password pair or user is disabled.
    at parseError (/Users/adrianfranciscoperezgomez/Desktop/Personal Apps/vult-intel/node_modules/redis-parser/lib/parser.js:179:12)
    at parseType (/Users/adrianfranciscoperezgomez/Desktop/Personal Apps/vult-intel/node_modules/redis-parser/lib/parser.js:302:14) {
  command: { name: 'auth', args: [ 'IVB0VPnPl0urvQrpSKkbXLdEZBUfSHaP' ] }
}
ReplyError: WRONGPASS invalid username-password pair or user is disabled.
    at parseError (/Users/adrianfranciscoperezgomez/Desktop/Personal Apps/vult-intel/node_modules/redis-parser/lib/parser.js:179:12)
    at parseType (/Users/adrianfranciscoperezgomez/Desktop/Personal Apps/vult-intel/node_modules/redis-parser/lib/parser.js:302:14) {
  command: { name: 'auth', args: [ 'IVB0VPnPl0urvQrpSKkbXLdEZBUfSHaP' ] }
}
ReplyError: WRONGPASS invalid username-password pair or user is disabled.
    at parseError (/Users/adrianfranciscoperezgomez/Desktop/Personal Apps/vult-intel/node_modules/redis-parser/lib/parser.js:179:12)
    at parseType (/Users/adrianfranciscoperezgomez/Desktop/Personal Apps/vult-intel/node_modules/redis-parser/lib/parser.js:302:14) {
  command: { name: 'auth', args: [ 'IVB0VPnPl0urvQrpSKkbXLdEZBUfSHaP' ] }
}
ReplyError: WRONGPASS invalid username-password pair or user is disabled.
    at parseError (/Users/adrianfranciscoperezgomez/Desktop/Personal Apps/vult-intel/node_modules/redis-parser/lib/parser.js:179:12)
    at parseType (/Users/adrianfranciscoperezgomez/Desktop/Personal Apps/vult-intel/node_modules/redis-parser/lib/parser.js:302:14) {
  command: { name: 'auth', args: [ 'IVB0VPnPl0urvQrpSKkbXLdEZBUfSHaP' ] }
}
ReplyError: WRONGPASS invalid username-password pair or user is disabled.
    at parseError (/Users/adrianfranciscoperezgomez/Desktop/Personal Apps/vult-intel/node_modules/redis-parser/lib/parser.js:179:12)
    at parseType (/Users/adrianfranciscoperezgomez/Desktop/Personal Apps/vult-intel/node_modules/redis-parser/lib/parser.js:302:14) {
  command: { name: 'auth', args: [ 'IVB0VPnPl0urvQrpSKkbXLdEZBUfSHaP' ] }
}
ReplyError: WRONGPASS invalid username-password pair or user is disabled.
    at parseError (/Users/adrianfranciscoperezgomez/Desktop/Personal Apps/vult-intel/node_modules/redis-parser/lib/parser.js:179:12)
    at parseType (/Users/adrianfranciscoperezgomez/Desktop/Personal Apps/vult-intel/node_modules/redis-parser/lib/parser.js:302:14) {
  command: { name: 'auth', args: [ 'IVB0VPnPl0urvQrpSKkbXLdEZBUfSHaP' ] }
}
Connected to Redis for persistence
ReplyError: WRONGPASS invalid username-password pair or user is disabled.
    at parseError (/Users/adrianfranciscoperezgomez/Desktop/Personal Apps/vult-intel/node_modules/redis-parser/lib/parser.js:179:12)
    at parseType (/Users/adrianfranciscoperezgomez/Desktop/Personal Apps/vult-intel/node_modules/redis-parser/lib/parser.js:302:14) {
  command: { name: 'auth', args: [ 'IVB0VPnPl0urvQrpSKkbXLdEZBUfSHaP' ] }
}
Redis connection error: ReplyError: WRONGPASS invalid username-password pair or user is disabled.
    at parseError (/Users/adrianfranciscoperezgomez/Desktop/Personal Apps/vult-intel/node_modules/redis-parser/lib/parser.js:179:12)
    at parseType (/Users/adrianfranciscoperezgomez/Desktop/Personal Apps/vult-intel/node_modules/redis-parser/lib/parser.js:302:14) {
  command: { name: 'auth', args: [ 'IVB0VPnPl0urvQrpSKkbXLdEZBUfSHaP' ] }
}
ReplyError: WRONGPASS invalid username-password pair or user is disabled.
    at parseError (/Users/adrianfranciscoperezgomez/Desktop/Personal Apps/vult-intel/node_modules/redis-parser/lib/parser.js:179:12)
    at parseType (/Users/adrianfranciscoperezgomez/Desktop/Personal Apps/vult-intel/node_modules/redis-parser/lib/parser.js:302:14) {
  command: { name: 'auth', args: [ 'IVB0VPnPl0urvQrpSKkbXLdEZBUfSHaP' ] }
}
ReplyError: WRONGPASS invalid username-password pair or user is disabled.
    at parseError (/Users/adrianfranciscoperezgomez/Desktop/Personal Apps/vult-intel/node_modules/redis-parser/lib/parser.js:179:12)
    at parseType (/Users/adrianfranciscoperezgomez/Desktop/Personal Apps/vult-intel/node_modules/redis-parser/lib/parser.js:302:14) {
  command: { name: 'auth', args: [ 'IVB0VPnPl0urvQrpSKkbXLdEZBUfSHaP' ] }
}
ReplyError: WRONGPASS invalid username-password pair or user is disabled.
    at parseError (/Users/adrianfranciscoperezgomez/Desktop/Personal Apps/vult-intel/node_modules/redis-parser/lib/parser.js:179:12)
    at parseType (/Users/adrianfranciscoperezgomez/Desktop/Personal Apps/vult-intel/node_modules/redis-parser/lib/parser.js:302:14) {
  command: { name: 'auth', args: [ 'IVB0VPnPl0urvQrpSKkbXLdEZBUfSHaP' ] }
}
ReplyError: WRONGPASS invalid username-password pair or user is disabled.
    at parseError (/Users/adrianfranciscoperezgomez/Desktop/Personal Apps/vult-intel/node_modules/redis-parser/lib/parser.js:179:12)
    at parseType (/Users/adrianfranciscoperezgomez/Desktop/Personal Apps/vult-intel/node_modules/redis-parser/lib/parser.js:302:14) {
  command: { name: 'auth', args: [ 'IVB0VPnPl0urvQrpSKkbXLdEZBUfSHaP' ] }
}
ReplyError: WRONGPASS invalid username-password pair or user is disabled.
    at parseError (/Users/adrianfranciscoperezgomez/Desktop/Personal Apps/vult-intel/node_modules/redis-parser/lib/parser.js:179:12)
    at parseType (/Users/adrianfranciscoperezgomez/Desktop/Personal Apps/vult-intel/node_modules/redis-parser/lib/parser.js:302:14) {
  command: { name: 'auth', args: [ 'IVB0VPnPl0urvQrpSKkbXLdEZBUfSHaP' ] }
}
Connected to Redis for persistence
ReplyError: WRONGPASS invalid username-password pair or user is disabled.
    at parseError (/Users/adrianfranciscoperezgomez/Desktop/Personal Apps/vult-intel/node_modules/redis-parser/lib/parser.js:179:12)
    at parseType (/Users/adrianfranciscoperezgomez/Desktop/Personal Apps/vult-intel/node_modules/redis-parser/lib/parser.js:302:14) {
  command: { name: 'auth', args: [ 'IVB0VPnPl0urvQrpSKkbXLdEZBUfSHaP' ] }
}
Redis connection error: ReplyError: WRONGPASS invalid username-password pair or user is disabled.
    at parseError (/Users/adrianfranciscoperezgomez/Desktop/Personal Apps/vult-intel/node_modules/redis-parser/lib/parser.js:179:12)
    at parseType (/Users/adrianfranciscoperezgomez/Desktop/Personal Apps/vult-intel/node_modules/redis-parser/lib/parser.js:302:14) {
  command: { name: 'auth', args: [ 'IVB0VPnPl0urvQrpSKkbXLdEZBUfSHaP' ] }
}
ReplyError: WRONGPASS invalid username-password pair or user is disabled.
    at parseError (/Users/adrianfranciscoperezgomez/Desktop/Personal Apps/vult-intel/node_modules/redis-parser/lib/parser.js:179:12)
    at parseType (/Users/adrianfranciscoperezgomez/Desktop/Personal Apps/vult-intel/node_modules/redis-parser/lib/parser.js:302:14) {
  command: { name: 'auth', args: [ 'IVB0VPnPl0urvQrpSKkbXLdEZBUfSHaP' ] }
}
ReplyError: WRONGPASS invalid username-password pair or user is disabled.
    at parseError (/Users/adrianfranciscoperezgomez/Desktop/Personal Apps/vult-intel/node_modules/redis-parser/lib/parser.js:179:12)
    at parseType (/Users/adrianfranciscoperezgomez/Desktop/Personal Apps/vult-intel/node_modules/redis-parser/lib/parser.js:302:14) {
  command: { name: 'auth', args: [ 'IVB0VPnPl0urvQrpSKkbXLdEZBUfSHaP' ] }
}
ReplyError: WRONGPASS invalid username-password pair or user is disabled.
    at parseError (/Users/adrianfranciscoperezgomez/Desktop/Personal Apps/vult-intel/node_modules/redis-parser/lib/parser.js:179:12)
    at parseType (/Users/adrianfranciscoperezgomez/Desktop/Personal Apps/vult-intel/node_modules/redis-parser/lib/parser.js:302:14) {
  command: { name: 'auth', args: [ 'IVB0VPnPl0urvQrpSKkbXLdEZBUfSHaP' ] }
}
ReplyError: WRONGPASS invalid username-password pair or user is disabled.
    at parseError (/Users/adrianfranciscoperezgomez/Desktop/Personal Apps/vult-intel/node_modules/redis-parser/lib/parser.js:179:12)
    at parseType (/Users/adrianfranciscoperezgomez/Desktop/Personal Apps/vult-intel/node_modules/redis-parser/lib/parser.js:302:14) {
  command: { name: 'auth', args: [ 'IVB0VPnPl0urvQrpSKkbXLdEZBUfSHaP' ] }
}
ReplyError: WRONGPASS invalid username-password pair or user is disabled.
    at parseError (/Users/adrianfranciscoperezgomez/Desktop/Personal Apps/vult-intel/node_modules/redis-parser/lib/parser.js:179:12)
    at parseType (/Users/adrianfranciscoperezgomez/Desktop/Personal Apps/vult-intel/node_modules/redis-parser/lib/parser.js:302:14) {
  command: { name: 'auth', args: [ 'IVB0VPnPl0urvQrpSKkbXLdEZBUfSHaP' ] }
}
Connected to Redis for persistence
ReplyError: WRONGPASS invalid username-password pair or user is disabled.
    at parseError (/Users/adrianfranciscoperezgomez/Desktop/Personal Apps/vult-intel/node_modules/redis-parser/lib/parser.js:179:12)
    at parseType (/Users/adrianfranciscoperezgomez/Desktop/Personal Apps/vult-intel/node_modules/redis-parser/lib/parser.js:302:14) {
  command: { name: 'auth', args: [ 'IVB0VPnPl0urvQrpSKkbXLdEZBUfSHaP' ] }
}
Redis connection error: ReplyError: WRONGPASS invalid username-password pair or user is disabled.
    at parseError (/Users/adrianfranciscoperezgomez/Desktop/Personal Apps/vult-intel/node_modules/redis-parser/lib/parser.js:179:12)
    at parseType (/Users/adrianfranciscoperezgomez/Desktop/Personal Apps/vult-intel/node_modules/redis-parser/lib/parser.js:302:14) {
  command: { name: 'auth', args: [ 'IVB0VPnPl0urvQrpSKkbXLdEZBUfSHaP' ] }
}
ReplyError: WRONGPASS invalid username-password pair or user is disabled.
    at parseError (/Users/adrianfranciscoperezgomez/Desktop/Personal Apps/vult-intel/node_modules/redis-parser/lib/parser.js:179:12)
    at parseType (/Users/adrianfranciscoperezgomez/Desktop/Personal Apps/vult-intel/node_modules/redis-parser/lib/parser.js:302:14) {
  command: { name: 'auth', args: [ 'IVB0VPnPl0urvQrpSKkbXLdEZBUfSHaP' ] }
}
ReplyError: WRONGPASS invalid username-password pair or user is disabled.
    at parseError (/Users/adrianfranciscoperezgomez/Desktop/Personal Apps/vult-intel/node_modules/redis-parser/lib/parser.js:179:12)
    at parseType (/Users/adrianfranciscoperezgomez/Desktop/Personal Apps/vult-intel/node_modules/redis-parser/lib/parser.js:302:14) {
  command: { name: 'auth', args: [ 'IVB0VPnPl0urvQrpSKkbXLdEZBUfSHaP' ] }
}
ReplyError: WRONGPASS invalid username-password pair or user is disabled.
    at parseError (/Users/adrianfranciscoperezgomez/Desktop/Personal Apps/vult-intel/node_modules/redis-parser/lib/parser.js:179:12)
    at parseType (/Users/adrianfranciscoperezgomez/Desktop/Personal Apps/vult-intel/node_modules/redis-parser/lib/parser.js:302:14) {
  command: { name: 'auth', args: [ 'IVB0VPnPl0urvQrpSKkbXLdEZBUfSHaP' ] }
}
ReplyError: WRONGPASS invalid username-password pair or user is disabled.
    at parseError (/Users/adrianfranciscoperezgomez/Desktop/Personal Apps/vult-intel/node_modules/redis-parser/lib/parser.js:179:12)
    at parseType (/Users/adrianfranciscoperezgomez/Desktop/Personal Apps/vult-intel/node_modules/redis-parser/lib/parser.js:302:14) {
  command: { name: 'auth', args: [ 'IVB0VPnPl0urvQrpSKkbXLdEZBUfSHaP' ] }
}
ReplyError: WRONGPASS invalid username-password pair or user is disabled.
    at parseError (/Users/adrianfranciscoperezgomez/Desktop/Personal Apps/vult-intel/node_modules/redis-parser/lib/parser.js:179:12)
    at parseType (/Users/adrianfranciscoperezgomez/Desktop/Personal Apps/vult-intel/node_modules/redis-parser/lib/parser.js:302:14) {
  command: { name: 'auth', args: [ 'IVB0VPnPl0urvQrpSKkbXLdEZBUfSHaP' ] }
}
Connected to Redis for persistence
ReplyError: WRONGPASS invalid username-password pair or user is disabled.
    at parseError (/Users/adrianfranciscoperezgomez/Desktop/Personal Apps/vult-intel/node_modules/redis-parser/lib/parser.js:179:12)
    at parseType (/Users/adrianfranciscoperezgomez/Desktop/Personal Apps/vult-intel/node_modules/redis-parser/lib/parser.js:302:14) {
  command: { name: 'auth', args: [ 'IVB0VPnPl0urvQrpSKkbXLdEZBUfSHaP' ] }
}
Redis connection error: ReplyError: WRONGPASS invalid username-password pair or user is disabled.
    at parseError (/Users/adrianfranciscoperezgomez/Desktop/Personal Apps/vult-intel/node_modules/redis-parser/lib/parser.js:179:12)
    at parseType (/Users/adrianfranciscoperezgomez/Desktop/Personal Apps/vult-intel/node_modules/redis-parser/lib/parser.js:302:14) {
  command: { name: 'auth', args: [ 'IVB0VPnPl0urvQrpSKkbXLdEZBUfSHaP' ] }
}
ReplyError: WRONGPASS invalid username-password pair or user is disabled.
    at parseError (/Users/adrianfranciscoperezgomez/Desktop/Personal Apps/vult-intel/node_modules/redis-parser/lib/parser.js:179:12)
    at parseType (/Users/adrianfranciscoperezgomez/Desktop/Personal Apps/vult-intel/node_modules/redis-parser/lib/parser.js:302:14) {
  command: { name: 'auth', args: [ 'IVB0VPnPl0urvQrpSKkbXLdEZBUfSHaP' ] }
}
ReplyError: WRONGPASS invalid username-password pair or user is disabled.
    at parseError (/Users/adrianfranciscoperezgomez/Desktop/Personal Apps/vult-intel/node_modules/redis-parser/lib/parser.js:179:12)
    at parseType (/Users/adrianfranciscoperezgomez/Desktop/Personal Apps/vult-intel/node_modules/redis-parser/lib/parser.js:302:14) {
  command: { name: 'auth', args: [ 'IVB0VPnPl0urvQrpSKkbXLdEZBUfSHaP' ] }
}
ReplyError: WRONGPASS invalid username-password pair or user is disabled.
    at parseError (/Users/adrianfranciscoperezgomez/Desktop/Personal Apps/vult-intel/node_modules/redis-parser/lib/parser.js:179:12)
    at parseType (/Users/adrianfranciscoperezgomez/Desktop/Personal Apps/vult-intel/node_modules/redis-parser/lib/parser.js:302:14) {
  command: { name: 'auth', args: [ 'IVB0VPnPl0urvQrpSKkbXLdEZBUfSHaP' ] }
}
ReplyError: WRONGPASS invalid username-password pair or user is disabled.
    at parseError (/Users/adrianfranciscoperezgomez/Desktop/Personal Apps/vult-intel/node_modules/redis-parser/lib/parser.js:179:12)
    at parseType (/Users/adrianfranciscoperezgomez/Desktop/Personal Apps/vult-intel/node_modules/redis-parser/lib/parser.js:302:14) {
  command: { name: 'auth', args: [ 'IVB0VPnPl0urvQrpSKkbXLdEZBUfSHaP' ] }
}
ReplyError: WRONGPASS invalid username-password pair or user is disabled.
    at parseError (/Users/adrianfranciscoperezgomez/Desktop/Personal Apps/vult-intel/node_modules/redis-parser/lib/parser.js:179:12)
    at parseType (/Users/adrianfranciscoperezgomez/Desktop/Personal Apps/vult-intel/node_modules/redis-parser/lib/parser.js:302:14) {
  command: { name: 'auth', args: [ 'IVB0VPnPl0urvQrpSKkbXLdEZBUfSHaP' ] }
}
Connected to Redis for persistence
ReplyError: WRONGPASS invalid username-password pair or user is disabled.
    at parseError (/Users/adrianfranciscoperezgomez/Desktop/Personal Apps/vult-intel/node_modules/redis-parser/lib/parser.js:179:12)
    at parseType (/Users/adrianfranciscoperezgomez/Desktop/Personal Apps/vult-intel/node_modules/redis-parser/lib/parser.js:302:14) {
  command: { name: 'auth', args: [ 'IVB0VPnPl0urvQrpSKkbXLdEZBUfSHaP' ] }
}
Redis connection error: ReplyError: WRONGPASS invalid username-password pair or user is disabled.
    at parseError (/Users/adrianfranciscoperezgomez/Desktop/Personal Apps/vult-intel/node_modules/redis-parser/lib/parser.js:179:12)
    at parseType (/Users/adrianfranciscoperezgomez/Desktop/Personal Apps/vult-intel/node_modules/redis-parser/lib/parser.js:302:14) {
  command: { name: 'auth', args: [ 'IVB0VPnPl0urvQrpSKkbXLdEZBUfSHaP' ] }
}
ReplyError: WRONGPASS invalid username-password pair or user is disabled.
    at parseError (/Users/adrianfranciscoperezgomez/Desktop/Personal Apps/vult-intel/node_modules/redis-parser/lib/parser.js:179:12)
    at parseType (/Users/adrianfranciscoperezgomez/Desktop/Personal Apps/vult-intel/node_modules/redis-parser/lib/parser.js:302:14) {
  command: { name: 'auth', args: [ 'IVB0VPnPl0urvQrpSKkbXLdEZBUfSHaP' ] }
}
ReplyError: WRONGPASS invalid username-password pair or user is disabled.
    at parseError (/Users/adrianfranciscoperezgomez/Desktop/Personal Apps/vult-intel/node_modules/redis-parser/lib/parser.js:179:12)
    at parseType (/Users/adrianfranciscoperezgomez/Desktop/Personal Apps/vult-intel/node_modules/redis-parser/lib/parser.js:302:14) {
  command: { name: 'auth', args: [ 'IVB0VPnPl0urvQrpSKkbXLdEZBUfSHaP' ] }
}
ReplyError: WRONGPASS invalid username-password pair or user is disabled.
    at parseError (/Users/adrianfranciscoperezgomez/Desktop/Personal Apps/vult-intel/node_modules/redis-parser/lib/parser.js:179:12)
    at parseType (/Users/adrianfranciscoperezgomez/Desktop/Personal Apps/vult-intel/node_modules/redis-parser/lib/parser.js:302:14) {
  command: { name: 'auth', args: [ 'IVB0VPnPl0urvQrpSKkbXLdEZBUfSHaP' ] }
}
ReplyError: WRONGPASS invalid username-password pair or user is disabled.
    at parseError (/Users/adrianfranciscoperezgomez/Desktop/Personal Apps/vult-intel/node_modules/redis-parser/lib/parser.js:179:12)
    at parseType (/Users/adrianfranciscoperezgomez/Desktop/Personal Apps/vult-intel/node_modules/redis-parser/lib/parser.js:302:14) {
  command: { name: 'auth', args: [ 'IVB0VPnPl0urvQrpSKkbXLdEZBUfSHaP' ] }
}
ReplyError: WRONGPASS invalid username-password pair or user is disabled.
    at parseError (/Users/adrianfranciscoperezgomez/Desktop/Personal Apps/vult-intel/node_modules/redis-parser/lib/parser.js:179:12)
    at parseType (/Users/adrianfranciscoperezgomez/Desktop/Personal Apps/vult-intel/node_modules/redis-parser/lib/parser.js:302:14) {
  command: { name: 'auth', args: [ 'IVB0VPnPl0urvQrpSKkbXLdEZBUfSHaP' ] }
}
ReplyError: WRONGPASS invalid username-password pair or user is disabled.
    at parseError (/Users/adrianfranciscoperezgomez/Desktop/Personal Apps/vult-intel/node_modules/redis-parser/lib/parser.js:179:12)
    at parseType (/Users/adrianfranciscoperezgomez/Desktop/Personal Apps/vult-intel/node_modules/redis-parser/lib/parser.js:302:14) {
  command: { name: 'auth', args: [ 'IVB0VPnPl0urvQrpSKkbXLdEZBUfSHaP' ] }
}
Connected to Redis for persistence
Redis connection error: ReplyError: WRONGPASS invalid username-password pair or user is disabled.
    at parseError (/Users/adrianfranciscoperezgomez/Desktop/Personal Apps/vult-intel/node_modules/redis-parser/lib/parser.js:179:12)
    at parseType (/Users/adrianfranciscoperezgomez/Desktop/Personal Apps/vult-intel/node_modules/redis-parser/lib/parser.js:302:14) {
  command: { name: 'auth', args: [ 'IVB0VPnPl0urvQrpSKkbXLdEZBUfSHaP' ] }
}
ReplyError: WRONGPASS invalid username-password pair or user is disabled.
    at parseError (/Users/adrianfranciscoperezgomez/Desktop/Personal Apps/vult-intel/node_modules/redis-parser/lib/parser.js:179:12)
    at parseType (/Users/adrianfranciscoperezgomez/Desktop/Personal Apps/vult-intel/node_modules/redis-parser/lib/parser.js:302:14) {
  command: { name: 'auth', args: [ 'IVB0VPnPl0urvQrpSKkbXLdEZBUfSHaP' ] }
}
ReplyError: WRONGPASS invalid username-password pair or user is disabled.
    at parseError (/Users/adrianfranciscoperezgomez/Desktop/Personal Apps/vult-intel/node_modules/redis-parser/lib/parser.js:179:12)
    at parseType (/Users/adrianfranciscoperezgomez/Desktop/Personal Apps/vult-intel/node_modules/redis-parser/lib/parser.js:302:14) {
  command: { name: 'auth', args: [ 'IVB0VPnPl0urvQrpSKkbXLdEZBUfSHaP' ] }
}
ReplyError: WRONGPASS invalid username-password pair or user is disabled.
    at parseError (/Users/adrianfranciscoperezgomez/Desktop/Personal Apps/vult-intel/node_modules/redis-parser/lib/parser.js:179:12)
    at parseType (/Users/adrianfranciscoperezgomez/Desktop/Personal Apps/vult-intel/node_modules/redis-parser/lib/parser.js:302:14) {
  command: { name: 'auth', args: [ 'IVB0VPnPl0urvQrpSKkbXLdEZBUfSHaP' ] }
}
ReplyError: WRONGPASS invalid username-password pair or user is disabled.
    at parseError (/Users/adrianfranciscoperezgomez/Desktop/Personal Apps/vult-intel/node_modules/redis-parser/lib/parser.js:179:12)
    at parseType (/Users/adrianfranciscoperezgomez/Desktop/Personal Apps/vult-intel/node_modules/redis-parser/lib/parser.js:302:14) {
  command: { name: 'auth', args: [ 'IVB0VPnPl0urvQrpSKkbXLdEZBUfSHaP' ] }
}
ReplyError: WRONGPASS invalid username-password pair or user is disabled.
    at parseError (/Users/adrianfranciscoperezgomez/Desktop/Personal Apps/vult-intel/node_modules/redis-parser/lib/parser.js:179:12)
    at parseType (/Users/adrianfranciscoperezgomez/Desktop/Personal Apps/vult-intel/node_modules/redis-parser/lib/parser.js:302:14) {
  command: { name: 'auth', args: [ 'IVB0VPnPl0urvQrpSKkbXLdEZBUfSHaP' ] }
}
ReplyError: WRONGPASS invalid username-password pair or user is disabled.
    at parseError (/Users/adrianfranciscoperezgomez/Desktop/Personal Apps/vult-intel/node_modules/redis-parser/lib/parser.js:179:12)
    at parseType (/Users/adrianfranciscoperezgomez/Desktop/Personal Apps/vult-intel/node_modules/redis-parser/lib/parser.js:302:14) {
  command: { name: 'auth', args: [ 'IVB0VPnPl0urvQrpSKkbXLdEZBUfSHaP' ] }
}
Connected to Redis for persistence
Redis connection error: ReplyError: WRONGPASS invalid username-password pair or user is disabled.
    at parseError (/Users/adrianfranciscoperezgomez/Desktop/Personal Apps/vult-intel/node_modules/redis-parser/lib/parser.js:179:12)
    at parseType (/Users/adrianfranciscoperezgomez/Desktop/Personal Apps/vult-intel/node_modules/redis-parser/lib/parser.js:302:14) {
  command: { name: 'auth', args: [ 'IVB0VPnPl0urvQrpSKkbXLdEZBUfSHaP' ] }
}
ReplyError: WRONGPASS invalid username-password pair or user is disabled.
    at parseError (/Users/adrianfranciscoperezgomez/Desktop/Personal Apps/vult-intel/node_modules/redis-parser/lib/parser.js:179:12)
    at parseType (/Users/adrianfranciscoperezgomez/Desktop/Personal Apps/vult-intel/node_modules/redis-parser/lib/parser.js:302:14) {
  command: { name: 'auth', args: [ 'IVB0VPnPl0urvQrpSKkbXLdEZBUfSHaP' ] }
}
ReplyError: WRONGPASS invalid username-password pair or user is disabled.
    at parseError (/Users/adrianfranciscoperezgomez/Desktop/Personal Apps/vult-intel/node_modules/redis-parser/lib/parser.js:179:12)
    at parseType (/Users/adrianfranciscoperezgomez/Desktop/Personal Apps/vult-intel/node_modules/redis-parser/lib/parser.js:302:14) {
  command: { name: 'auth', args: [ 'IVB0VPnPl0urvQrpSKkbXLdEZBUfSHaP' ] }
}
ReplyError: WRONGPASS invalid username-password pair or user is disabled.
    at parseError (/Users/adrianfranciscoperezgomez/Desktop/Personal Apps/vult-intel/node_modules/redis-parser/lib/parser.js:179:12)
    at parseType (/Users/adrianfranciscoperezgomez/Desktop/Personal Apps/vult-intel/node_modules/redis-parser/lib/parser.js:302:14) {
  command: { name: 'auth', args: [ 'IVB0VPnPl0urvQrpSKkbXLdEZBUfSHaP' ] }
}
ReplyError: WRONGPASS invalid username-password pair or user is disabled.
    at parseError (/Users/adrianfranciscoperezgomez/Desktop/Personal Apps/vult-intel/node_modules/redis-parser/lib/parser.js:179:12)
    at parseType (/Users/adrianfranciscoperezgomez/Desktop/Personal Apps/vult-intel/node_modules/redis-parser/lib/parser.js:302:14) {
  command: { name: 'auth', args: [ 'IVB0VPnPl0urvQrpSKkbXLdEZBUfSHaP' ] }
}
ReplyError: WRONGPASS invalid username-password pair or user is disabled.
    at parseError (/Users/adrianfranciscoperezgomez/Desktop/Personal Apps/vult-intel/node_modules/redis-parser/lib/parser.js:179:12)
    at parseType (/Users/adrianfranciscoperezgomez/Desktop/Personal Apps/vult-intel/node_modules/redis-parser/lib/parser.js:302:14) {
  command: { name: 'auth', args: [ 'IVB0VPnPl0urvQrpSKkbXLdEZBUfSHaP' ] }
}
ReplyError: WRONGPASS invalid username-password pair or user is disabled.
    at parseError (/Users/adrianfranciscoperezgomez/Desktop/Personal Apps/vult-intel/node_modules/redis-parser/lib/parser.js:179:12)
    at parseType (/Users/adrianfranciscoperezgomez/Desktop/Personal Apps/vult-intel/node_modules/redis-parser/lib/parser.js:302:14) {
  command: { name: 'auth', args: [ 'IVB0VPnPl0urvQrpSKkbXLdEZBUfSHaP' ] }
}
Connected to Redis for persistence
Redis connection error: ReplyError: WRONGPASS invalid username-password pair or user is disabled.
    at parseError (/Users/adrianfranciscoperezgomez/Desktop/Personal Apps/vult-intel/node_modules/redis-parser/lib/parser.js:179:12)
    at parseType (/Users/adrianfranciscoperezgomez/Desktop/Personal Apps/vult-intel/node_modules/redis-parser/lib/parser.js:302:14) {
  command: { name: 'auth', args: [ 'IVB0VPnPl0urvQrpSKkbXLdEZBUfSHaP' ] }
}
ReplyError: WRONGPASS invalid username-password pair or user is disabled.
    at parseError (/Users/adrianfranciscoperezgomez/Desktop/Personal Apps/vult-intel/node_modules/redis-parser/lib/parser.js:179:12)
    at parseType (/Users/adrianfranciscoperezgomez/Desktop/Personal Apps/vult-intel/node_modules/redis-parser/lib/parser.js:302:14) {
  command: { name: 'auth', args: [ 'IVB0VPnPl0urvQrpSKkbXLdEZBUfSHaP' ] }
}
ReplyError: WRONGPASS invalid username-password pair or user is disabled.
    at parseError (/Users/adrianfranciscoperezgomez/Desktop/Personal Apps/vult-intel/node_modules/redis-parser/lib/parser.js:179:12)
    at parseType (/Users/adrianfranciscoperezgomez/Desktop/Personal Apps/vult-intel/node_modules/redis-parser/lib/parser.js:302:14) {
  command: { name: 'auth', args: [ 'IVB0VPnPl0urvQrpSKkbXLdEZBUfSHaP' ] }
}
ReplyError: WRONGPASS invalid username-password pair or user is disabled.
    at parseError (/Users/adrianfranciscoperezgomez/Desktop/Personal Apps/vult-intel/node_modules/redis-parser/lib/parser.js:179:12)
    at parseType (/Users/adrianfranciscoperezgomez/Desktop/Personal Apps/vult-intel/node_modules/redis-parser/lib/parser.js:302:14) {
  command: { name: 'auth', args: [ 'IVB0VPnPl0urvQrpSKkbXLdEZBUfSHaP' ] }
}
ReplyError: WRONGPASS invalid username-password pair or user is disabled.
    at parseError (/Users/adrianfranciscoperezgomez/Desktop/Personal Apps/vult-intel/node_modules/redis-parser/lib/parser.js:179:12)
    at parseType (/Users/adrianfranciscoperezgomez/Desktop/Personal Apps/vult-intel/node_modules/redis-parser/lib/parser.js:302:14) {
  command: { name: 'auth', args: [ 'IVB0VPnPl0urvQrpSKkbXLdEZBUfSHaP' ] }
}
ReplyError: WRONGPASS invalid username-password pair or user is disabled.
    at parseError (/Users/adrianfranciscoperezgomez/Desktop/Personal Apps/vult-intel/node_modules/redis-parser/lib/parser.js:179:12)
    at parseType (/Users/adrianfranciscoperezgomez/Desktop/Personal Apps/vult-intel/node_modules/redis-parser/lib/parser.js:302:14) {
  command: { name: 'auth', args: [ 'IVB0VPnPl0urvQrpSKkbXLdEZBUfSHaP' ] }
}
ReplyError: WRONGPASS invalid username-password pair or user is disabled.
    at parseError (/Users/adrianfranciscoperezgomez/Desktop/Personal Apps/vult-intel/node_modules/redis-parser/lib/parser.js:179:12)
    at parseType (/Users/adrianfranciscoperezgomez/Desktop/Personal Apps/vult-intel/node_modules/redis-parser/lib/parser.js:302:14) {
  command: { name: 'auth', args: [ 'IVB0VPnPl0urvQrpSKkbXLdEZBUfSHaP' ] }
}
Connected to Redis for persistence
Redis connection error: ReplyError: WRONGPASS invalid username-password pair or user is disabled.
    at parseError (/Users/adrianfranciscoperezgomez/Desktop/Personal Apps/vult-intel/node_modules/redis-parser/lib/parser.js:179:12)
    at parseType (/Users/adrianfranciscoperezgomez/Desktop/Personal Apps/vult-intel/node_modules/redis-parser/lib/parser.js:302:14) {
  command: { name: 'auth', args: [ 'IVB0VPnPl0urvQrpSKkbXLdEZBUfSHaP' ] }
}
ReplyError: WRONGPASS invalid username-password pair or user is disabled.
    at parseError (/Users/adrianfranciscoperezgomez/Desktop/Personal Apps/vult-intel/node_modules/redis-parser/lib/parser.js:179:12)
    at parseType (/Users/adrianfranciscoperezgomez/Desktop/Personal Apps/vult-intel/node_modules/redis-parser/lib/parser.js:302:14) {
  command: { name: 'auth', args: [ 'IVB0VPnPl0urvQrpSKkbXLdEZBUfSHaP' ] }
}
ReplyError: WRONGPASS invalid username-password pair or user is disabled.
    at parseError (/Users/adrianfranciscoperezgomez/Desktop/Personal Apps/vult-intel/node_modules/redis-parser/lib/parser.js:179:12)
    at parseType (/Users/adrianfranciscoperezgomez/Desktop/Personal Apps/vult-intel/node_modules/redis-parser/lib/parser.js:302:14) {
  command: { name: 'auth', args: [ 'IVB0VPnPl0urvQrpSKkbXLdEZBUfSHaP' ] }
}
ReplyError: WRONGPASS invalid username-password pair or user is disabled.
    at parseError (/Users/adrianfranciscoperezgomez/Desktop/Personal Apps/vult-intel/node_modules/redis-parser/lib/parser.js:179:12)
    at parseType (/Users/adrianfranciscoperezgomez/Desktop/Personal Apps/vult-intel/node_modules/redis-parser/lib/parser.js:302:14) {
  command: { name: 'auth', args: [ 'IVB0VPnPl0urvQrpSKkbXLdEZBUfSHaP' ] }
}
ReplyError: WRONGPASS invalid username-password pair or user is disabled.
    at parseError (/Users/adrianfranciscoperezgomez/Desktop/Personal Apps/vult-intel/node_modules/redis-parser/lib/parser.js:179:12)
    at parseType (/Users/adrianfranciscoperezgomez/Desktop/Personal Apps/vult-intel/node_modules/redis-parser/lib/parser.js:302:14) {
  command: { name: 'auth', args: [ 'IVB0VPnPl0urvQrpSKkbXLdEZBUfSHaP' ] }
}
ReplyError: WRONGPASS invalid username-password pair or user is disabled.
    at parseError (/Users/adrianfranciscoperezgomez/Desktop/Personal Apps/vult-intel/node_modules/redis-parser/lib/parser.js:179:12)
    at parseType (/Users/adrianfranciscoperezgomez/Desktop/Personal Apps/vult-intel/node_modules/redis-parser/lib/parser.js:302:14) {
  command: { name: 'auth', args: [ 'IVB0VPnPl0urvQrpSKkbXLdEZBUfSHaP' ] }
}
ReplyError: WRONGPASS invalid username-password pair or user is disabled.
    at parseError (/Users/adrianfranciscoperezgomez/Desktop/Personal Apps/vult-intel/node_modules/redis-parser/lib/parser.js:179:12)
    at parseType (/Users/adrianfranciscoperezgomez/Desktop/Personal Apps/vult-intel/node_modules/redis-parser/lib/parser.js:302:14) {
  command: { name: 'auth', args: [ 'IVB0VPnPl0urvQrpSKkbXLdEZBUfSHaP' ] }
}
Connected to Redis for persistence
Redis connection error: ReplyError: WRONGPASS invalid username-password pair or user is disabled.
    at parseError (/Users/adrianfranciscoperezgomez/Desktop/Personal Apps/vult-intel/node_modules/redis-parser/lib/parser.js:179:12)
    at parseType (/Users/adrianfranciscoperezgomez/Desktop/Personal Apps/vult-intel/node_modules/redis-parser/lib/parser.js:302:14) {
  command: { name: 'auth', args: [ 'IVB0VPnPl0urvQrpSKkbXLdEZBUfSHaP' ] }
}
ReplyError: WRONGPASS invalid username-password pair or user is disabled.
    at parseError (/Users/adrianfranciscoperezgomez/Desktop/Personal Apps/vult-intel/node_modules/redis-parser/lib/parser.js:179:12)
    at parseType (/Users/adrianfranciscoperezgomez/Desktop/Personal Apps/vult-intel/node_modules/redis-parser/lib/parser.js:302:14) {
  command: { name: 'auth', args: [ 'IVB0VPnPl0urvQrpSKkbXLdEZBUfSHaP' ] }
}
ReplyError: WRONGPASS invalid username-password pair or user is disabled.
    at parseError (/Users/adrianfranciscoperezgomez/Desktop/Personal Apps/vult-intel/node_modules/redis-parser/lib/parser.js:179:12)
    at parseType (/Users/adrianfranciscoperezgomez/Desktop/Personal Apps/vult-intel/node_modules/redis-parser/lib/parser.js:302:14) {
  command: { name: 'auth', args: [ 'IVB0VPnPl0urvQrpSKkbXLdEZBUfSHaP' ] }
}
ReplyError: WRONGPASS invalid username-password pair or user is disabled.
    at parseError (/Users/adrianfranciscoperezgomez/Desktop/Personal Apps/vult-intel/node_modules/redis-parser/lib/parser.js:179:12)
    at parseType (/Users/adrianfranciscoperezgomez/Desktop/Personal Apps/vult-intel/node_modules/redis-parser/lib/parser.js:302:14) {
  command: { name: 'auth', args: [ 'IVB0VPnPl0urvQrpSKkbXLdEZBUfSHaP' ] }
}
ReplyError: WRONGPASS invalid username-password pair or user is disabled.
    at parseError (/Users/adrianfranciscoperezgomez/Desktop/Personal Apps/vult-intel/node_modules/redis-parser/lib/parser.js:179:12)
    at parseType (/Users/adrianfranciscoperezgomez/Desktop/Personal Apps/vult-intel/node_modules/redis-parser/lib/parser.js:302:14) {
  command: { name: 'auth', args: [ 'IVB0VPnPl0urvQrpSKkbXLdEZBUfSHaP' ] }
}
ReplyError: WRONGPASS invalid username-password pair or user is disabled.
    at parseError (/Users/adrianfranciscoperezgomez/Desktop/Personal Apps/vult-intel/node_modules/redis-parser/lib/parser.js:179:12)
    at parseType (/Users/adrianfranciscoperezgomez/Desktop/Personal Apps/vult-intel/node_modules/redis-parser/lib/parser.js:302:14) {
  command: { name: 'auth', args: [ 'IVB0VPnPl0urvQrpSKkbXLdEZBUfSHaP' ] }
}
ReplyError: WRONGPASS invalid username-password pair or user is disabled.
    at parseError (/Users/adrianfranciscoperezgomez/Desktop/Personal Apps/vult-intel/node_modules/redis-parser/lib/parser.js:179:12)
    at parseType (/Users/adrianfranciscoperezgomez/Desktop/Personal Apps/vult-intel/node_modules/redis-parser/lib/parser.js:302:14) {
  command: { name: 'auth', args: [ 'IVB0VPnPl0urvQrpSKkbXLdEZBUfSHaP' ] }
}
Connected to Redis for persistence
Redis connection error: ReplyError: WRONGPASS invalid username-password pair or user is disabled.
    at parseError (/Users/adrianfranciscoperezgomez/Desktop/Personal Apps/vult-intel/node_modules/redis-parser/lib/parser.js:179:12)
    at parseType (/Users/adrianfranciscoperezgomez/Desktop/Personal Apps/vult-intel/node_modules/redis-parser/lib/parser.js:302:14) {
  command: { name: 'auth', args: [ 'IVB0VPnPl0urvQrpSKkbXLdEZBUfSHaP' ] }
}
ReplyError: WRONGPASS invalid username-password pair or user is disabled.
    at parseError (/Users/adrianfranciscoperezgomez/Desktop/Personal Apps/vult-intel/node_modules/redis-parser/lib/parser.js:179:12)
    at parseType (/Users/adrianfranciscoperezgomez/Desktop/Personal Apps/vult-intel/node_modules/redis-parser/lib/parser.js:302:14) {
  command: { name: 'auth', args: [ 'IVB0VPnPl0urvQrpSKkbXLdEZBUfSHaP' ] }
}
ReplyError: WRONGPASS invalid username-password pair or user is disabled.
    at parseError (/Users/adrianfranciscoperezgomez/Desktop/Personal Apps/vult-intel/node_modules/redis-parser/lib/parser.js:179:12)
    at parseType (/Users/adrianfranciscoperezgomez/Desktop/Personal Apps/vult-intel/node_modules/redis-parser/lib/parser.js:302:14) {
  command: { name: 'auth', args: [ 'IVB0VPnPl0urvQrpSKkbXLdEZBUfSHaP' ] }
}
ReplyError: WRONGPASS invalid username-password pair or user is disabled.
    at parseError (/Users/adrianfranciscoperezgomez/Desktop/Personal Apps/vult-intel/node_modules/redis-parser/lib/parser.js:179:12)
    at parseType (/Users/adrianfranciscoperezgomez/Desktop/Personal Apps/vult-intel/node_modules/redis-parser/lib/parser.js:302:14) {
  command: { name: 'auth', args: [ 'IVB0VPnPl0urvQrpSKkbXLdEZBUfSHaP' ] }
}
ReplyError: WRONGPASS invalid username-password pair or user is disabled.
    at parseError (/Users/adrianfranciscoperezgomez/Desktop/Personal Apps/vult-intel/node_modules/redis-parser/lib/parser.js:179:12)
    at parseType (/Users/adrianfranciscoperezgomez/Desktop/Personal Apps/vult-intel/node_modules/redis-parser/lib/parser.js:302:14) {
  command: { name: 'auth', args: [ 'IVB0VPnPl0urvQrpSKkbXLdEZBUfSHaP' ] }
}
ReplyError: WRONGPASS invalid username-password pair or user is disabled.
    at parseError (/Users/adrianfranciscoperezgomez/Desktop/Personal Apps/vult-intel/node_modules/redis-parser/lib/parser.js:179:12)
    at parseType (/Users/adrianfranciscoperezgomez/Desktop/Personal Apps/vult-intel/node_modules/redis-parser/lib/parser.js:302:14) {
  command: { name: 'auth', args: [ 'IVB0VPnPl0urvQrpSKkbXLdEZBUfSHaP' ] }
}
ReplyError: WRONGPASS invalid username-password pair or user is disabled.
    at parseError (/Users/adrianfranciscoperezgomez/Desktop/Personal Apps/vult-intel/node_modules/redis-parser/lib/parser.js:179:12)
    at parseType (/Users/adrianfranciscoperezgomez/Desktop/Personal Apps/vult-intel/node_modules/redis-parser/lib/parser.js:302:14) {
  command: { name: 'auth', args: [ 'IVB0VPnPl0urvQrpSKkbXLdEZBUfSHaP' ] }
}
Connected to Redis for persistence
Redis connection error: ReplyError: WRONGPASS invalid username-password pair or user is disabled.
    at parseError (/Users/adrianfranciscoperezgomez/Desktop/Personal Apps/vult-intel/node_modules/redis-parser/lib/parser.js:179:12)
    at parseType (/Users/adrianfranciscoperezgomez/Desktop/Personal Apps/vult-intel/node_modules/redis-parser/lib/parser.js:302:14) {
  command: { name: 'auth', args: [ 'IVB0VPnPl0urvQrpSKkbXLdEZBUfSHaP' ] }
}
ReplyError: WRONGPASS invalid username-password pair or user is disabled.
    at parseError (/Users/adrianfranciscoperezgomez/Desktop/Personal Apps/vult-intel/node_modules/redis-parser/lib/parser.js:179:12)
    at parseType (/Users/adrianfranciscoperezgomez/Desktop/Personal Apps/vult-intel/node_modules/redis-parser/lib/parser.js:302:14) {
  command: { name: 'auth', args: [ 'IVB0VPnPl0urvQrpSKkbXLdEZBUfSHaP' ] }
}
ReplyError: WRONGPASS invalid username-password pair or user is disabled.
    at parseError (/Users/adrianfranciscoperezgomez/Desktop/Personal Apps/vult-intel/node_modules/redis-parser/lib/parser.js:179:12)
    at parseType (/Users/adrianfranciscoperezgomez/Desktop/Personal Apps/vult-intel/node_modules/redis-parser/lib/parser.js:302:14) {
  command: { name: 'auth', args: [ 'IVB0VPnPl0urvQrpSKkbXLdEZBUfSHaP' ] }
}
ReplyError: WRONGPASS invalid username-password pair or user is disabled.
    at parseError (/Users/adrianfranciscoperezgomez/Desktop/Personal Apps/vult-intel/node_modules/redis-parser/lib/parser.js:179:12)
    at parseType (/Users/adrianfranciscoperezgomez/Desktop/Personal Apps/vult-intel/node_modules/redis-parser/lib/parser.js:302:14) {
  command: { name: 'auth', args: [ 'IVB0VPnPl0urvQrpSKkbXLdEZBUfSHaP' ] }
}
ReplyError: WRONGPASS invalid username-password pair or user is disabled.
    at parseError (/Users/adrianfranciscoperezgomez/Desktop/Personal Apps/vult-intel/node_modules/redis-parser/lib/parser.js:179:12)
    at parseType (/Users/adrianfranciscoperezgomez/Desktop/Personal Apps/vult-intel/node_modules/redis-parser/lib/parser.js:302:14) {
  command: { name: 'auth', args: [ 'IVB0VPnPl0urvQrpSKkbXLdEZBUfSHaP' ] }
}
ReplyError: WRONGPASS invalid username-password pair or user is disabled.
    at parseError (/Users/adrianfranciscoperezgomez/Desktop/Personal Apps/vult-intel/node_modules/redis-parser/lib/parser.js:179:12)
    at parseType (/Users/adrianfranciscoperezgomez/Desktop/Personal Apps/vult-intel/node_modules/redis-parser/lib/parser.js:302:14) {
  command: { name: 'auth', args: [ 'IVB0VPnPl0urvQrpSKkbXLdEZBUfSHaP' ] }
}
ReplyError: WRONGPASS invalid username-password pair or user is disabled.
    at parseError (/Users/adrianfranciscoperezgomez/Desktop/Personal Apps/vult-intel/node_modules/redis-parser/lib/parser.js:179:12)
    at parseType (/Users/adrianfranciscoperezgomez/Desktop/Personal Apps/vult-intel/node_modules/redis-parser/lib/parser.js:302:14) {
  command: { name: 'auth', args: [ 'IVB0VPnPl0urvQrpSKkbXLdEZBUfSHaP' ] }
}
Connected to Redis for persistence
Redis connection error: ReplyError: WRONGPASS invalid username-password pair or user is disabled.
    at parseError (/Users/adrianfranciscoperezgomez/Desktop/Personal Apps/vult-intel/node_modules/redis-parser/lib/parser.js:179:12)
    at parseType (/Users/adrianfranciscoperezgomez/Desktop/Personal Apps/vult-intel/node_modules/redis-parser/lib/parser.js:302:14) {
  command: { name: 'auth', args: [ 'IVB0VPnPl0urvQrpSKkbXLdEZBUfSHaP' ] }
}
ReplyError: WRONGPASS invalid username-password pair or user is disabled.
    at parseError (/Users/adrianfranciscoperezgomez/Desktop/Personal Apps/vult-intel/node_modules/redis-parser/lib/parser.js:179:12)
    at parseType (/Users/adrianfranciscoperezgomez/Desktop/Personal Apps/vult-intel/node_modules/redis-parser/lib/parser.js:302:14) {
  command: { name: 'auth', args: [ 'IVB0VPnPl0urvQrpSKkbXLdEZBUfSHaP' ] }
}
ReplyError: WRONGPASS invalid username-password pair or user is disabled.
    at parseError (/Users/adrianfranciscoperezgomez/Desktop/Personal Apps/vult-intel/node_modules/redis-parser/lib/parser.js:179:12)
    at parseType (/Users/adrianfranciscoperezgomez/Desktop/Personal Apps/vult-intel/node_modules/redis-parser/lib/parser.js:302:14) {
  command: { name: 'auth', args: [ 'IVB0VPnPl0urvQrpSKkbXLdEZBUfSHaP' ] }
}
ReplyError: WRONGPASS invalid username-password pair or user is disabled.
    at parseError (/Users/adrianfranciscoperezgomez/Desktop/Personal Apps/vult-intel/node_modules/redis-parser/lib/parser.js:179:12)
    at parseType (/Users/adrianfranciscoperezgomez/Desktop/Personal Apps/vult-intel/node_modules/redis-parser/lib/parser.js:302:14) {
  command: { name: 'auth', args: [ 'IVB0VPnPl0urvQrpSKkbXLdEZBUfSHaP' ] }
}
ReplyError: WRONGPASS invalid username-password pair or user is disabled.
    at parseError (/Users/adrianfranciscoperezgomez/Desktop/Personal Apps/vult-intel/node_modules/redis-parser/lib/parser.js:179:12)
    at parseType (/Users/adrianfranciscoperezgomez/Desktop/Personal Apps/vult-intel/node_modules/redis-parser/lib/parser.js:302:14) {
  command: { name: 'auth', args: [ 'IVB0VPnPl0urvQrpSKkbXLdEZBUfSHaP' ] }
}
ReplyError: WRONGPASS invalid username-password pair or user is disabled.
    at parseError (/Users/adrianfranciscoperezgomez/Desktop/Personal Apps/vult-intel/node_modules/redis-parser/lib/parser.js:179:12)
    at parseType (/Users/adrianfranciscoperezgomez/Desktop/Personal Apps/vult-intel/node_modules/redis-parser/lib/parser.js:302:14) {
  command: { name: 'auth', args: [ 'IVB0VPnPl0urvQrpSKkbXLdEZBUfSHaP' ] }
}
ReplyError: WRONGPASS invalid username-password pair or user is disabled.
    at parseError (/Users/adrianfranciscoperezgomez/Desktop/Personal Apps/vult-intel/node_modules/redis-parser/lib/parser.js:179:12)
    at parseType (/Users/adrianfranciscoperezgomez/Desktop/Personal Apps/vult-intel/node_modules/redis-parser/lib/parser.js:302:14) {
  command: { name: 'auth', args: [ 'IVB0VPnPl0urvQrpSKkbXLdEZBUfSHaP' ] }
}
Connected to Redis for persistence
Redis connection error: ReplyError: WRONGPASS invalid username-password pair or user is disabled.
    at parseError (/Users/adrianfranciscoperezgomez/Desktop/Personal Apps/vult-intel/node_modules/redis-parser/lib/parser.js:179:12)
    at parseType (/Users/adrianfranciscoperezgomez/Desktop/Personal Apps/vult-intel/node_modules/redis-parser/lib/parser.js:302:14) {
  command: { name: 'auth', args: [ 'IVB0VPnPl0urvQrpSKkbXLdEZBUfSHaP' ] }
}
ReplyError: WRONGPASS invalid username-password pair or user is disabled.
    at parseError (/Users/adrianfranciscoperezgomez/Desktop/Personal Apps/vult-intel/node_modules/redis-parser/lib/parser.js:179:12)
    at parseType (/Users/adrianfranciscoperezgomez/Desktop/Personal Apps/vult-intel/node_modules/redis-parser/lib/parser.js:302:14) {
  command: { name: 'auth', args: [ 'IVB0VPnPl0urvQrpSKkbXLdEZBUfSHaP' ] }
}
ReplyError: WRONGPASS invalid username-password pair or user is disabled.
    at parseError (/Users/adrianfranciscoperezgomez/Desktop/Personal Apps/vult-intel/node_modules/redis-parser/lib/parser.js:179:12)
    at parseType (/Users/adrianfranciscoperezgomez/Desktop/Personal Apps/vult-intel/node_modules/redis-parser/lib/parser.js:302:14) {
  command: { name: 'auth', args: [ 'IVB0VPnPl0urvQrpSKkbXLdEZBUfSHaP' ] }
}
ReplyError: WRONGPASS invalid username-password pair or user is disabled.
    at parseError (/Users/adrianfranciscoperezgomez/Desktop/Personal Apps/vult-intel/node_modules/redis-parser/lib/parser.js:179:12)
    at parseType (/Users/adrianfranciscoperezgomez/Desktop/Personal Apps/vult-intel/node_modules/redis-parser/lib/parser.js:302:14) {
  command: { name: 'auth', args: [ 'IVB0VPnPl0urvQrpSKkbXLdEZBUfSHaP' ] }
}
ReplyError: WRONGPASS invalid username-password pair or user is disabled.
    at parseError (/Users/adrianfranciscoperezgomez/Desktop/Personal Apps/vult-intel/node_modules/redis-parser/lib/parser.js:179:12)
    at parseType (/Users/adrianfranciscoperezgomez/Desktop/Personal Apps/vult-intel/node_modules/redis-parser/lib/parser.js:302:14) {
  command: { name: 'auth', args: [ 'IVB0VPnPl0urvQrpSKkbXLdEZBUfSHaP' ] }
}
ReplyError: WRONGPASS invalid username-password pair or user is disabled.
    at parseError (/Users/adrianfranciscoperezgomez/Desktop/Personal Apps/vult-intel/node_modules/redis-parser/lib/parser.js:179:12)
    at parseType (/Users/adrianfranciscoperezgomez/Desktop/Personal Apps/vult-intel/node_modules/redis-parser/lib/parser.js:302:14) {
  command: { name: 'auth', args: [ 'IVB0VPnPl0urvQrpSKkbXLdEZBUfSHaP' ] }
}
ReplyError: WRONGPASS invalid username-password pair or user is disabled.
    at parseError (/Users/adrianfranciscoperezgomez/Desktop/Personal Apps/vult-intel/node_modules/redis-parser/lib/parser.js:179:12)
    at parseType (/Users/adrianfranciscoperezgomez/Desktop/Personal Apps/vult-intel/node_modules/redis-parser/lib/parser.js:302:14) {
  command: { name: 'auth', args: [ 'IVB0VPnPl0urvQrpSKkbXLdEZBUfSHaP' ] }
}
Connected to Redis for persistence
Redis connection error: ReplyError: WRONGPASS invalid username-password pair or user is disabled.
    at parseError (/Users/adrianfranciscoperezgomez/Desktop/Personal Apps/vult-intel/node_modules/redis-parser/lib/parser.js:179:12)
    at parseType (/Users/adrianfranciscoperezgomez/Desktop/Personal Apps/vult-intel/node_modules/redis-parser/lib/parser.js:302:14) {
  command: { name: 'auth', args: [ 'IVB0VPnPl0urvQrpSKkbXLdEZBUfSHaP' ] }
}
ReplyError: WRONGPASS invalid username-password pair or user is disabled.
    at parseError (/Users/adrianfranciscoperezgomez/Desktop/Personal Apps/vult-intel/node_modules/redis-parser/lib/parser.js:179:12)
    at parseType (/Users/adrianfranciscoperezgomez/Desktop/Personal Apps/vult-intel/node_modules/redis-parser/lib/parser.js:302:14) {
  command: { name: 'auth', args: [ 'IVB0VPnPl0urvQrpSKkbXLdEZBUfSHaP' ] }
}
ReplyError: WRONGPASS invalid username-password pair or user is disabled.
    at parseError (/Users/adrianfranciscoperezgomez/Desktop/Personal Apps/vult-intel/node_modules/redis-parser/lib/parser.js:179:12)
    at parseType (/Users/adrianfranciscoperezgomez/Desktop/Personal Apps/vult-intel/node_modules/redis-parser/lib/parser.js:302:14) {
  command: { name: 'auth', args: [ 'IVB0VPnPl0urvQrpSKkbXLdEZBUfSHaP' ] }
}
ReplyError: WRONGPASS invalid username-password pair or user is disabled.
    at parseError (/Users/adrianfranciscoperezgomez/Desktop/Personal Apps/vult-intel/node_modules/redis-parser/lib/parser.js:179:12)
    at parseType (/Users/adrianfranciscoperezgomez/Desktop/Personal Apps/vult-intel/node_modules/redis-parser/lib/parser.js:302:14) {
  command: { name: 'auth', args: [ 'IVB0VPnPl0urvQrpSKkbXLdEZBUfSHaP' ] }
}
ReplyError: WRONGPASS invalid username-password pair or user is disabled.
    at parseError (/Users/adrianfranciscoperezgomez/Desktop/Personal Apps/vult-intel/node_modules/redis-parser/lib/parser.js:179:12)
    at parseType (/Users/adrianfranciscoperezgomez/Desktop/Personal Apps/vult-intel/node_modules/redis-parser/lib/parser.js:302:14) {
  command: { name: 'auth', args: [ 'IVB0VPnPl0urvQrpSKkbXLdEZBUfSHaP' ] }
}
ReplyError: WRONGPASS invalid username-password pair or user is disabled.
    at parseError (/Users/adrianfranciscoperezgomez/Desktop/Personal Apps/vult-intel/node_modules/redis-parser/lib/parser.js:179:12)
    at parseType (/Users/adrianfranciscoperezgomez/Desktop/Personal Apps/vult-intel/node_modules/redis-parser/lib/parser.js:302:14) {
  command: { name: 'auth', args: [ 'IVB0VPnPl0urvQrpSKkbXLdEZBUfSHaP' ] }
}
ReplyError: WRONGPASS invalid username-password pair or user is disabled.
    at parseError (/Users/adrianfranciscoperezgomez/Desktop/Personal Apps/vult-intel/node_modules/redis-parser/lib/parser.js:179:12)
    at parseType (/Users/adrianfranciscoperezgomez/Desktop/Personal Apps/vult-intel/node_modules/redis-parser/lib/parser.js:302:14) {
  command: { name: 'auth', args: [ 'IVB0VPnPl0urvQrpSKkbXLdEZBUfSHaP' ] }
}
Connected to Redis for persistence
Redis connection error: ReplyError: WRONGPASS invalid username-password pair or user is disabled.
    at parseError (/Users/adrianfranciscoperezgomez/Desktop/Personal Apps/vult-intel/node_modules/redis-parser/lib/parser.js:179:12)
    at parseType (/Users/adrianfranciscoperezgomez/Desktop/Personal Apps/vult-intel/node_modules/redis-parser/lib/parser.js:302:14) {
  command: { name: 'auth', args: [ 'IVB0VPnPl0urvQrpSKkbXLdEZBUfSHaP' ] }
}
ReplyError: WRONGPASS invalid username-password pair or user is disabled.
    at parseError (/Users/adrianfranciscoperezgomez/Desktop/Personal Apps/vult-intel/node_modules/redis-parser/lib/parser.js:179:12)
    at parseType (/Users/adrianfranciscoperezgomez/Desktop/Personal Apps/vult-intel/node_modules/redis-parser/lib/parser.js:302:14) {
  command: { name: 'auth', args: [ 'IVB0VPnPl0urvQrpSKkbXLdEZBUfSHaP' ] }
}
ReplyError: WRONGPASS invalid username-password pair or user is disabled.
    at parseError (/Users/adrianfranciscoperezgomez/Desktop/Personal Apps/vult-intel/node_modules/redis-parser/lib/parser.js:179:12)
    at parseType (/Users/adrianfranciscoperezgomez/Desktop/Personal Apps/vult-intel/node_modules/redis-parser/lib/parser.js:302:14) {
  command: { name: 'auth', args: [ 'IVB0VPnPl0urvQrpSKkbXLdEZBUfSHaP' ] }
}
ReplyError: WRONGPASS invalid username-password pair or user is disabled.
    at parseError (/Users/adrianfranciscoperezgomez/Desktop/Personal Apps/vult-intel/node_modules/redis-parser/lib/parser.js:179:12)
    at parseType (/Users/adrianfranciscoperezgomez/Desktop/Personal Apps/vult-intel/node_modules/redis-parser/lib/parser.js:302:14) {
  command: { name: 'auth', args: [ 'IVB0VPnPl0urvQrpSKkbXLdEZBUfSHaP' ] }
}
ReplyError: WRONGPASS invalid username-password pair or user is disabled.
    at parseError (/Users/adrianfranciscoperezgomez/Desktop/Personal Apps/vult-intel/node_modules/redis-parser/lib/parser.js:179:12)
    at parseType (/Users/adrianfranciscoperezgomez/Desktop/Personal Apps/vult-intel/node_modules/redis-parser/lib/parser.js:302:14) {
  command: { name: 'auth', args: [ 'IVB0VPnPl0urvQrpSKkbXLdEZBUfSHaP' ] }
}
ReplyError: WRONGPASS invalid username-password pair or user is disabled.
    at parseError (/Users/adrianfranciscoperezgomez/Desktop/Personal Apps/vult-intel/node_modules/redis-parser/lib/parser.js:179:12)
    at parseType (/Users/adrianfranciscoperezgomez/Desktop/Personal Apps/vult-intel/node_modules/redis-parser/lib/parser.js:302:14) {
  command: { name: 'auth', args: [ 'IVB0VPnPl0urvQrpSKkbXLdEZBUfSHaP' ] }
}
ReplyError: WRONGPASS invalid username-password pair or user is disabled.
    at parseError (/Users/adrianfranciscoperezgomez/Desktop/Personal Apps/vult-intel/node_modules/redis-parser/lib/parser.js:179:12)
    at parseType (/Users/adrianfranciscoperezgomez/Desktop/Personal Apps/vult-intel/node_modules/redis-parser/lib/parser.js:302:14) {
  command: { name: 'auth', args: [ 'IVB0VPnPl0urvQrpSKkbXLdEZBUfSHaP' ] }
}
Connected to Redis for persistence
Redis connection error: ReplyError: WRONGPASS invalid username-password pair or user is disabled.
    at parseError (/Users/adrianfranciscoperezgomez/Desktop/Personal Apps/vult-intel/node_modules/redis-parser/lib/parser.js:179:12)
    at parseType (/Users/adrianfranciscoperezgomez/Desktop/Personal Apps/vult-intel/node_modules/redis-parser/lib/parser.js:302:14) {
  command: { name: 'auth', args: [ 'IVB0VPnPl0urvQrpSKkbXLdEZBUfSHaP' ] }
}
ReplyError: WRONGPASS invalid username-password pair or user is disabled.
    at parseError (/Users/adrianfranciscoperezgomez/Desktop/Personal Apps/vult-intel/node_modules/redis-parser/lib/parser.js:179:12)
    at parseType (/Users/adrianfranciscoperezgomez/Desktop/Personal Apps/vult-intel/node_modules/redis-parser/lib/parser.js:302:14) {
  command: { name: 'auth', args: [ 'IVB0VPnPl0urvQrpSKkbXLdEZBUfSHaP' ] }
}
ReplyError: WRONGPASS invalid username-password pair or user is disabled.
    at parseError (/Users/adrianfranciscoperezgomez/Desktop/Personal Apps/vult-intel/node_modules/redis-parser/lib/parser.js:179:12)
    at parseType (/Users/adrianfranciscoperezgomez/Desktop/Personal Apps/vult-intel/node_modules/redis-parser/lib/parser.js:302:14) {
  command: { name: 'auth', args: [ 'IVB0VPnPl0urvQrpSKkbXLdEZBUfSHaP' ] }
}
ReplyError: WRONGPASS invalid username-password pair or user is disabled.
    at parseError (/Users/adrianfranciscoperezgomez/Desktop/Personal Apps/vult-intel/node_modules/redis-parser/lib/parser.js:179:12)
    at parseType (/Users/adrianfranciscoperezgomez/Desktop/Personal Apps/vult-intel/node_modules/redis-parser/lib/parser.js:302:14) {
  command: { name: 'auth', args: [ 'IVB0VPnPl0urvQrpSKkbXLdEZBUfSHaP' ] }
}
ReplyError: WRONGPASS invalid username-password pair or user is disabled.
    at parseError (/Users/adrianfranciscoperezgomez/Desktop/Personal Apps/vult-intel/node_modules/redis-parser/lib/parser.js:179:12)
    at parseType (/Users/adrianfranciscoperezgomez/Desktop/Personal Apps/vult-intel/node_modules/redis-parser/lib/parser.js:302:14) {
  command: { name: 'auth', args: [ 'IVB0VPnPl0urvQrpSKkbXLdEZBUfSHaP' ] }
}
ReplyError: WRONGPASS invalid username-password pair or user is disabled.
    at parseError (/Users/adrianfranciscoperezgomez/Desktop/Personal Apps/vult-intel/node_modules/redis-parser/lib/parser.js:179:12)
    at parseType (/Users/adrianfranciscoperezgomez/Desktop/Personal Apps/vult-intel/node_modules/redis-parser/lib/parser.js:302:14) {
  command: { name: 'auth', args: [ 'IVB0VPnPl0urvQrpSKkbXLdEZBUfSHaP' ] }
}
ReplyError: WRONGPASS invalid username-password pair or user is disabled.
    at parseError (/Users/adrianfranciscoperezgomez/Desktop/Personal Apps/vult-intel/node_modules/redis-parser/lib/parser.js:179:12)
    at parseType (/Users/adrianfranciscoperezgomez/Desktop/Personal Apps/vult-intel/node_modules/redis-parser/lib/parser.js:302:14) {
  command: { name: 'auth', args: [ 'IVB0VPnPl0urvQrpSKkbXLdEZBUfSHaP' ] }
}
Connected to Redis for persistence
Redis connection error: ReplyError: WRONGPASS invalid username-password pair or user is disabled.
    at parseError (/Users/adrianfranciscoperezgomez/Desktop/Personal Apps/vult-intel/node_modules/redis-parser/lib/parser.js:179:12)
    at parseType (/Users/adrianfranciscoperezgomez/Desktop/Personal Apps/vult-intel/node_modules/redis-parser/lib/parser.js:302:14) {
  command: { name: 'auth', args: [ 'IVB0VPnPl0urvQrpSKkbXLdEZBUfSHaP' ] }
}
ReplyError: WRONGPASS invalid username-password pair or user is disabled.
    at parseError (/Users/adrianfranciscoperezgomez/Desktop/Personal Apps/vult-intel/node_modules/redis-parser/lib/parser.js:179:12)
    at parseType (/Users/adrianfranciscoperezgomez/Desktop/Personal Apps/vult-intel/node_modules/redis-parser/lib/parser.js:302:14) {
  command: { name: 'auth', args: [ 'IVB0VPnPl0urvQrpSKkbXLdEZBUfSHaP' ] }
}
ReplyError: WRONGPASS invalid username-password pair or user is disabled.
    at parseError (/Users/adrianfranciscoperezgomez/Desktop/Personal Apps/vult-intel/node_modules/redis-parser/lib/parser.js:179:12)
    at parseType (/Users/adrianfranciscoperezgomez/Desktop/Personal Apps/vult-intel/node_modules/redis-parser/lib/parser.js:302:14) {
  command: { name: 'auth', args: [ 'IVB0VPnPl0urvQrpSKkbXLdEZBUfSHaP' ] }
}
ReplyError: WRONGPASS invalid username-password pair or user is disabled.
    at parseError (/Users/adrianfranciscoperezgomez/Desktop/Personal Apps/vult-intel/node_modules/redis-parser/lib/parser.js:179:12)
    at parseType (/Users/adrianfranciscoperezgomez/Desktop/Personal Apps/vult-intel/node_modules/redis-parser/lib/parser.js:302:14) {
  command: { name: 'auth', args: [ 'IVB0VPnPl0urvQrpSKkbXLdEZBUfSHaP' ] }
}
ReplyError: WRONGPASS invalid username-password pair or user is disabled.
    at parseError (/Users/adrianfranciscoperezgomez/Desktop/Personal Apps/vult-intel/node_modules/redis-parser/lib/parser.js:179:12)
    at parseType (/Users/adrianfranciscoperezgomez/Desktop/Personal Apps/vult-intel/node_modules/redis-parser/lib/parser.js:302:14) {
  command: { name: 'auth', args: [ 'IVB0VPnPl0urvQrpSKkbXLdEZBUfSHaP' ] }
}
ReplyError: WRONGPASS invalid username-password pair or user is disabled.
    at parseError (/Users/adrianfranciscoperezgomez/Desktop/Personal Apps/vult-intel/node_modules/redis-parser/lib/parser.js:179:12)
    at parseType (/Users/adrianfranciscoperezgomez/Desktop/Personal Apps/vult-intel/node_modules/redis-parser/lib/parser.js:302:14) {
  command: { name: 'auth', args: [ 'IVB0VPnPl0urvQrpSKkbXLdEZBUfSHaP' ] }
}
ReplyError: WRONGPASS invalid username-password pair or user is disabled.
    at parseError (/Users/adrianfranciscoperezgomez/Desktop/Personal Apps/vult-intel/node_modules/redis-parser/lib/parser.js:179:12)
    at parseType (/Users/adrianfranciscoperezgomez/Desktop/Personal Apps/vult-intel/node_modules/redis-parser/lib/parser.js:302:14) {
  command: { name: 'auth', args: [ 'IVB0VPnPl0urvQrpSKkbXLdEZBUfSHaP' ] }
}
Connected to Redis for persistence
Redis connection error: ReplyError: WRONGPASS invalid username-password pair or user is disabled.
    at parseError (/Users/adrianfranciscoperezgomez/Desktop/Personal Apps/vult-intel/node_modules/redis-parser/lib/parser.js:179:12)
    at parseType (/Users/adrianfranciscoperezgomez/Desktop/Personal Apps/vult-intel/node_modules/redis-parser/lib/parser.js:302:14) {
  command: { name: 'auth', args: [ 'IVB0VPnPl0urvQrpSKkbXLdEZBUfSHaP' ] }
}
ReplyError: WRONGPASS invalid username-password pair or user is disabled.
    at parseError (/Users/adrianfranciscoperezgomez/Desktop/Personal Apps/vult-intel/node_modules/redis-parser/lib/parser.js:179:12)
    at parseType (/Users/adrianfranciscoperezgomez/Desktop/Personal Apps/vult-intel/node_modules/redis-parser/lib/parser.js:302:14) {
  command: { name: 'auth', args: [ 'IVB0VPnPl0urvQrpSKkbXLdEZBUfSHaP' ] }
}
ReplyError: WRONGPASS invalid username-password pair or user is disabled.
    at parseError (/Users/adrianfranciscoperezgomez/Desktop/Personal Apps/vult-intel/node_modules/redis-parser/lib/parser.js:179:12)
    at parseType (/Users/adrianfranciscoperezgomez/Desktop/Personal Apps/vult-intel/node_modules/redis-parser/lib/parser.js:302:14) {
  command: { name: 'auth', args: [ 'IVB0VPnPl0urvQrpSKkbXLdEZBUfSHaP' ] }
}
ReplyError: WRONGPASS invalid username-password pair or user is disabled.
    at parseError (/Users/adrianfranciscoperezgomez/Desktop/Personal Apps/vult-intel/node_modules/redis-parser/lib/parser.js:179:12)
    at parseType (/Users/adrianfranciscoperezgomez/Desktop/Personal Apps/vult-intel/node_modules/redis-parser/lib/parser.js:302:14) {
  command: { name: 'auth', args: [ 'IVB0VPnPl0urvQrpSKkbXLdEZBUfSHaP' ] }
}
ReplyError: WRONGPASS invalid username-password pair or user is disabled.
    at parseError (/Users/adrianfranciscoperezgomez/Desktop/Personal Apps/vult-intel/node_modules/redis-parser/lib/parser.js:179:12)
    at parseType (/Users/adrianfranciscoperezgomez/Desktop/Personal Apps/vult-intel/node_modules/redis-parser/lib/parser.js:302:14) {
  command: { name: 'auth', args: [ 'IVB0VPnPl0urvQrpSKkbXLdEZBUfSHaP' ] }
}
ReplyError: WRONGPASS invalid username-password pair or user is disabled.
    at parseError (/Users/adrianfranciscoperezgomez/Desktop/Personal Apps/vult-intel/node_modules/redis-parser/lib/parser.js:179:12)
    at parseType (/Users/adrianfranciscoperezgomez/Desktop/Personal Apps/vult-intel/node_modules/redis-parser/lib/parser.js:302:14) {
  command: { name: 'auth', args: [ 'IVB0VPnPl0urvQrpSKkbXLdEZBUfSHaP' ] }
}
ReplyError: WRONGPASS invalid username-password pair or user is disabled.
    at parseError (/Users/adrianfranciscoperezgomez/Desktop/Personal Apps/vult-intel/node_modules/redis-parser/lib/parser.js:179:12)
    at parseType (/Users/adrianfranciscoperezgomez/Desktop/Personal Apps/vult-intel/node_modules/redis-parser/lib/parser.js:302:14) {
  command: { name: 'auth', args: [ 'IVB0VPnPl0urvQrpSKkbXLdEZBUfSHaP' ] }
}
Connected to Redis for persistence
Redis connection error: ReplyError: WRONGPASS invalid username-password pair or user is disabled.
    at parseError (/Users/adrianfranciscoperezgomez/Desktop/Personal Apps/vult-intel/node_modules/redis-parser/lib/parser.js:179:12)
    at parseType (/Users/adrianfranciscoperezgomez/Desktop/Personal Apps/vult-intel/node_modules/redis-parser/lib/parser.js:302:14) {
  command: { name: 'auth', args: [ 'IVB0VPnPl0urvQrpSKkbXLdEZBUfSHaP' ] }
}
ReplyError: WRONGPASS invalid username-password pair or user is disabled.
    at parseError (/Users/adrianfranciscoperezgomez/Desktop/Personal Apps/vult-intel/node_modules/redis-parser/lib/parser.js:179:12)
    at parseType (/Users/adrianfranciscoperezgomez/Desktop/Personal Apps/vult-intel/node_modules/redis-parser/lib/parser.js:302:14) {
  command: { name: 'auth', args: [ 'IVB0VPnPl0urvQrpSKkbXLdEZBUfSHaP' ] }
}
ReplyError: WRONGPASS invalid username-password pair or user is disabled.
    at parseError (/Users/adrianfranciscoperezgomez/Desktop/Personal Apps/vult-intel/node_modules/redis-parser/lib/parser.js:179:12)
    at parseType (/Users/adrianfranciscoperezgomez/Desktop/Personal Apps/vult-intel/node_modules/redis-parser/lib/parser.js:302:14) {
  command: { name: 'auth', args: [ 'IVB0VPnPl0urvQrpSKkbXLdEZBUfSHaP' ] }
}
ReplyError: WRONGPASS invalid username-password pair or user is disabled.
    at parseError (/Users/adrianfranciscoperezgomez/Desktop/Personal Apps/vult-intel/node_modules/redis-parser/lib/parser.js:179:12)
    at parseType (/Users/adrianfranciscoperezgomez/Desktop/Personal Apps/vult-intel/node_modules/redis-parser/lib/parser.js:302:14) {
  command: { name: 'auth', args: [ 'IVB0VPnPl0urvQrpSKkbXLdEZBUfSHaP' ] }
}
ReplyError: WRONGPASS invalid username-password pair or user is disabled.
    at parseError (/Users/adrianfranciscoperezgomez/Desktop/Personal Apps/vult-intel/node_modules/redis-parser/lib/parser.js:179:12)
    at parseType (/Users/adrianfranciscoperezgomez/Desktop/Personal Apps/vult-intel/node_modules/redis-parser/lib/parser.js:302:14) {
  command: { name: 'auth', args: [ 'IVB0VPnPl0urvQrpSKkbXLdEZBUfSHaP' ] }
}
ReplyError: WRONGPASS invalid username-password pair or user is disabled.
    at parseError (/Users/adrianfranciscoperezgomez/Desktop/Personal Apps/vult-intel/node_modules/redis-parser/lib/parser.js:179:12)
    at parseType (/Users/adrianfranciscoperezgomez/Desktop/Personal Apps/vult-intel/node_modules/redis-parser/lib/parser.js:302:14) {
  command: { name: 'auth', args: [ 'IVB0VPnPl0urvQrpSKkbXLdEZBUfSHaP' ] }
}
ReplyError: WRONGPASS invalid username-password pair or user is disabled.
    at parseError (/Users/adrianfranciscoperezgomez/Desktop/Personal Apps/vult-intel/node_modules/redis-parser/lib/parser.js:179:12)
    at parseType (/Users/adrianfranciscoperezgomez/Desktop/Personal Apps/vult-intel/node_modules/redis-parser/lib/parser.js:302:14) {
  command: { name: 'auth', args: [ 'IVB0VPnPl0urvQrpSKkbXLdEZBUfSHaP' ] }
}
Connected to Redis for persistence
Redis connection error: ReplyError: WRONGPASS invalid username-password pair or user is disabled.
    at parseError (/Users/adrianfranciscoperezgomez/Desktop/Personal Apps/vult-intel/node_modules/redis-parser/lib/parser.js:179:12)
    at parseType (/Users/adrianfranciscoperezgomez/Desktop/Personal Apps/vult-intel/node_modules/redis-parser/lib/parser.js:302:14) {
  command: { name: 'auth', args: [ 'IVB0VPnPl0urvQrpSKkbXLdEZBUfSHaP' ] }
}
ReplyError: WRONGPASS invalid username-password pair or user is disabled.
    at parseError (/Users/adrianfranciscoperezgomez/Desktop/Personal Apps/vult-intel/node_modules/redis-parser/lib/parser.js:179:12)
    at parseType (/Users/adrianfranciscoperezgomez/Desktop/Personal Apps/vult-intel/node_modules/redis-parser/lib/parser.js:302:14) {
  command: { name: 'auth', args: [ 'IVB0VPnPl0urvQrpSKkbXLdEZBUfSHaP' ] }
}
ReplyError: WRONGPASS invalid username-password pair or user is disabled.
    at parseError (/Users/adrianfranciscoperezgomez/Desktop/Personal Apps/vult-intel/node_modules/redis-parser/lib/parser.js:179:12)
    at parseType (/Users/adrianfranciscoperezgomez/Desktop/Personal Apps/vult-intel/node_modules/redis-parser/lib/parser.js:302:14) {
  command: { name: 'auth', args: [ 'IVB0VPnPl0urvQrpSKkbXLdEZBUfSHaP' ] }
}
ReplyError: WRONGPASS invalid username-password pair or user is disabled.
    at parseError (/Users/adrianfranciscoperezgomez/Desktop/Personal Apps/vult-intel/node_modules/redis-parser/lib/parser.js:179:12)
    at parseType (/Users/adrianfranciscoperezgomez/Desktop/Personal Apps/vult-intel/node_modules/redis-parser/lib/parser.js:302:14) {
  command: { name: 'auth', args: [ 'IVB0VPnPl0urvQrpSKkbXLdEZBUfSHaP' ] }
}
ReplyError: WRONGPASS invalid username-password pair or user is disabled.
    at parseError (/Users/adrianfranciscoperezgomez/Desktop/Personal Apps/vult-intel/node_modules/redis-parser/lib/parser.js:179:12)
    at parseType (/Users/adrianfranciscoperezgomez/Desktop/Personal Apps/vult-intel/node_modules/redis-parser/lib/parser.js:302:14) {
  command: { name: 'auth', args: [ 'IVB0VPnPl0urvQrpSKkbXLdEZBUfSHaP' ] }
}
ReplyError: WRONGPASS invalid username-password pair or user is disabled.
    at parseError (/Users/adrianfranciscoperezgomez/Desktop/Personal Apps/vult-intel/node_modules/redis-parser/lib/parser.js:179:12)
    at parseType (/Users/adrianfranciscoperezgomez/Desktop/Personal Apps/vult-intel/node_modules/redis-parser/lib/parser.js:302:14) {
  command: { name: 'auth', args: [ 'IVB0VPnPl0urvQrpSKkbXLdEZBUfSHaP' ] }
}
ReplyError: WRONGPASS invalid username-password pair or user is disabled.
    at parseError (/Users/adrianfranciscoperezgomez/Desktop/Personal Apps/vult-intel/node_modules/redis-parser/lib/parser.js:179:12)
    at parseType (/Users/adrianfranciscoperezgomez/Desktop/Personal Apps/vult-intel/node_modules/redis-parser/lib/parser.js:302:14) {
  command: { name: 'auth', args: [ 'IVB0VPnPl0urvQrpSKkbXLdEZBUfSHaP' ] }
}
Connected to Redis for persistence
Redis connection error: ReplyError: WRONGPASS invalid username-password pair or user is disabled.
    at parseError (/Users/adrianfranciscoperezgomez/Desktop/Personal Apps/vult-intel/node_modules/redis-parser/lib/parser.js:179:12)
    at parseType (/Users/adrianfranciscoperezgomez/Desktop/Personal Apps/vult-intel/node_modules/redis-parser/lib/parser.js:302:14) {
  command: { name: 'auth', args: [ 'IVB0VPnPl0urvQrpSKkbXLdEZBUfSHaP' ] }
}
ReplyError: WRONGPASS invalid username-password pair or user is disabled.
    at parseError (/Users/adrianfranciscoperezgomez/Desktop/Personal Apps/vult-intel/node_modules/redis-parser/lib/parser.js:179:12)
    at parseType (/Users/adrianfranciscoperezgomez/Desktop/Personal Apps/vult-intel/node_modules/redis-parser/lib/parser.js:302:14) {
  command: { name: 'auth', args: [ 'IVB0VPnPl0urvQrpSKkbXLdEZBUfSHaP' ] }
}
ReplyError: WRONGPASS invalid username-password pair or user is disabled.
    at parseError (/Users/adrianfranciscoperezgomez/Desktop/Personal Apps/vult-intel/node_modules/redis-parser/lib/parser.js:179:12)
    at parseType (/Users/adrianfranciscoperezgomez/Desktop/Personal Apps/vult-intel/node_modules/redis-parser/lib/parser.js:302:14) {
  command: { name: 'auth', args: [ 'IVB0VPnPl0urvQrpSKkbXLdEZBUfSHaP' ] }
}
ReplyError: WRONGPASS invalid username-password pair or user is disabled.
    at parseError (/Users/adrianfranciscoperezgomez/Desktop/Personal Apps/vult-intel/node_modules/redis-parser/lib/parser.js:179:12)
    at parseType (/Users/adrianfranciscoperezgomez/Desktop/Personal Apps/vult-intel/node_modules/redis-parser/lib/parser.js:302:14) {
  command: { name: 'auth', args: [ 'IVB0VPnPl0urvQrpSKkbXLdEZBUfSHaP' ] }
}
ReplyError: WRONGPASS invalid username-password pair or user is disabled.
    at parseError (/Users/adrianfranciscoperezgomez/Desktop/Personal Apps/vult-intel/node_modules/redis-parser/lib/parser.js:179:12)
    at parseType (/Users/adrianfranciscoperezgomez/Desktop/Personal Apps/vult-intel/node_modules/redis-parser/lib/parser.js:302:14) {
  command: { name: 'auth', args: [ 'IVB0VPnPl0urvQrpSKkbXLdEZBUfSHaP' ] }
}
ReplyError: WRONGPASS invalid username-password pair or user is disabled.
    at parseError (/Users/adrianfranciscoperezgomez/Desktop/Personal Apps/vult-intel/node_modules/redis-parser/lib/parser.js:179:12)
    at parseType (/Users/adrianfranciscoperezgomez/Desktop/Personal Apps/vult-intel/node_modules/redis-parser/lib/parser.js:302:14) {
  command: { name: 'auth', args: [ 'IVB0VPnPl0urvQrpSKkbXLdEZBUfSHaP' ] }
}
ReplyError: WRONGPASS invalid username-password pair or user is disabled.
    at parseError (/Users/adrianfranciscoperezgomez/Desktop/Personal Apps/vult-intel/node_modules/redis-parser/lib/parser.js:179:12)
    at parseType (/Users/adrianfranciscoperezgomez/Desktop/Personal Apps/vult-intel/node_modules/redis-parser/lib/parser.js:302:14) {
  command: { name: 'auth', args: [ 'IVB0VPnPl0urvQrpSKkbXLdEZBUfSHaP' ] }
}
Connected to Redis for persistence
Redis connection error: ReplyError: WRONGPASS invalid username-password pair or user is disabled.
    at parseError (/Users/adrianfranciscoperezgomez/Desktop/Personal Apps/vult-intel/node_modules/redis-parser/lib/parser.js:179:12)
    at parseType (/Users/adrianfranciscoperezgomez/Desktop/Personal Apps/vult-intel/node_modules/redis-parser/lib/parser.js:302:14) {
  command: { name: 'auth', args: [ 'IVB0VPnPl0urvQrpSKkbXLdEZBUfSHaP' ] }
}
ReplyError: WRONGPASS invalid username-password pair or user is disabled.
    at parseError (/Users/adrianfranciscoperezgomez/Desktop/Personal Apps/vult-intel/node_modules/redis-parser/lib/parser.js:179:12)
    at parseType (/Users/adrianfranciscoperezgomez/Desktop/Personal Apps/vult-intel/node_modules/redis-parser/lib/parser.js:302:14) {
  command: { name: 'auth', args: [ 'IVB0VPnPl0urvQrpSKkbXLdEZBUfSHaP' ] }
}
ReplyError: WRONGPASS invalid username-password pair or user is disabled.
    at parseError (/Users/adrianfranciscoperezgomez/Desktop/Personal Apps/vult-intel/node_modules/redis-parser/lib/parser.js:179:12)
    at parseType (/Users/adrianfranciscoperezgomez/Desktop/Personal Apps/vult-intel/node_modules/redis-parser/lib/parser.js:302:14) {
  command: { name: 'auth', args: [ 'IVB0VPnPl0urvQrpSKkbXLdEZBUfSHaP' ] }
}
ReplyError: WRONGPASS invalid username-password pair or user is disabled.
    at parseError (/Users/adrianfranciscoperezgomez/Desktop/Personal Apps/vult-intel/node_modules/redis-parser/lib/parser.js:179:12)
    at parseType (/Users/adrianfranciscoperezgomez/Desktop/Personal Apps/vult-intel/node_modules/redis-parser/lib/parser.js:302:14) {
  command: { name: 'auth', args: [ 'IVB0VPnPl0urvQrpSKkbXLdEZBUfSHaP' ] }
}
ReplyError: WRONGPASS invalid username-password pair or user is disabled.
    at parseError (/Users/adrianfranciscoperezgomez/Desktop/Personal Apps/vult-intel/node_modules/redis-parser/lib/parser.js:179:12)
    at parseType (/Users/adrianfranciscoperezgomez/Desktop/Personal Apps/vult-intel/node_modules/redis-parser/lib/parser.js:302:14) {
  command: { name: 'auth', args: [ 'IVB0VPnPl0urvQrpSKkbXLdEZBUfSHaP' ] }
}
ReplyError: WRONGPASS invalid username-password pair or user is disabled.
    at parseError (/Users/adrianfranciscoperezgomez/Desktop/Personal Apps/vult-intel/node_modules/redis-parser/lib/parser.js:179:12)
    at parseType (/Users/adrianfranciscoperezgomez/Desktop/Personal Apps/vult-intel/node_modules/redis-parser/lib/parser.js:302:14) {
  command: { name: 'auth', args: [ 'IVB0VPnPl0urvQrpSKkbXLdEZBUfSHaP' ] }
}
ReplyError: WRONGPASS invalid username-password pair or user is disabled.
    at parseError (/Users/adrianfranciscoperezgomez/Desktop/Personal Apps/vult-intel/node_modules/redis-parser/lib/parser.js:179:12)
    at parseType (/Users/adrianfranciscoperezgomez/Desktop/Personal Apps/vult-intel/node_modules/redis-parser/lib/parser.js:302:14) {
  command: { name: 'auth', args: [ 'IVB0VPnPl0urvQrpSKkbXLdEZBUfSHaP' ] }
}
Connected to Redis for persistence
Redis connection error: ReplyError: WRONGPASS invalid username-password pair or user is disabled.
    at parseError (/Users/adrianfranciscoperezgomez/Desktop/Personal Apps/vult-intel/node_modules/redis-parser/lib/parser.js:179:12)
    at parseType (/Users/adrianfranciscoperezgomez/Desktop/Personal Apps/vult-intel/node_modules/redis-parser/lib/parser.js:302:14) {
  command: { name: 'auth', args: [ 'IVB0VPnPl0urvQrpSKkbXLdEZBUfSHaP' ] }
}
ReplyError: WRONGPASS invalid username-password pair or user is disabled.
    at parseError (/Users/adrianfranciscoperezgomez/Desktop/Personal Apps/vult-intel/node_modules/redis-parser/lib/parser.js:179:12)
    at parseType (/Users/adrianfranciscoperezgomez/Desktop/Personal Apps/vult-intel/node_modules/redis-parser/lib/parser.js:302:14) {
  command: { name: 'auth', args: [ 'IVB0VPnPl0urvQrpSKkbXLdEZBUfSHaP' ] }
}
ReplyError: WRONGPASS invalid username-password pair or user is disabled.
    at parseError (/Users/adrianfranciscoperezgomez/Desktop/Personal Apps/vult-intel/node_modules/redis-parser/lib/parser.js:179:12)
    at parseType (/Users/adrianfranciscoperezgomez/Desktop/Personal Apps/vult-intel/node_modules/redis-parser/lib/parser.js:302:14) {
  command: { name: 'auth', args: [ 'IVB0VPnPl0urvQrpSKkbXLdEZBUfSHaP' ] }
}
ReplyError: WRONGPASS invalid username-password pair or user is disabled.
    at parseError (/Users/adrianfranciscoperezgomez/Desktop/Personal Apps/vult-intel/node_modules/redis-parser/lib/parser.js:179:12)
    at parseType (/Users/adrianfranciscoperezgomez/Desktop/Personal Apps/vult-intel/node_modules/redis-parser/lib/parser.js:302:14) {
  command: { name: 'auth', args: [ 'IVB0VPnPl0urvQrpSKkbXLdEZBUfSHaP' ] }
}
ReplyError: WRONGPASS invalid username-password pair or user is disabled.
    at parseError (/Users/adrianfranciscoperezgomez/Desktop/Personal Apps/vult-intel/node_modules/redis-parser/lib/parser.js:179:12)
    at parseType (/Users/adrianfranciscoperezgomez/Desktop/Personal Apps/vult-intel/node_modules/redis-parser/lib/parser.js:302:14) {
  command: { name: 'auth', args: [ 'IVB0VPnPl0urvQrpSKkbXLdEZBUfSHaP' ] }
}
ReplyError: WRONGPASS invalid username-password pair or user is disabled.
    at parseError (/Users/adrianfranciscoperezgomez/Desktop/Personal Apps/vult-intel/node_modules/redis-parser/lib/parser.js:179:12)
    at parseType (/Users/adrianfranciscoperezgomez/Desktop/Personal Apps/vult-intel/node_modules/redis-parser/lib/parser.js:302:14) {
  command: { name: 'auth', args: [ 'IVB0VPnPl0urvQrpSKkbXLdEZBUfSHaP' ] }
}
ReplyError: WRONGPASS invalid username-password pair or user is disabled.
    at parseError (/Users/adrianfranciscoperezgomez/Desktop/Personal Apps/vult-intel/node_modules/redis-parser/lib/parser.js:179:12)
    at parseType (/Users/adrianfranciscoperezgomez/Desktop/Personal Apps/vult-intel/node_modules/redis-parser/lib/parser.js:302:14) {
  command: { name: 'auth', args: [ 'IVB0VPnPl0urvQrpSKkbXLdEZBUfSHaP' ] }
}
Connected to Redis for persistence
Redis connection error: ReplyError: WRONGPASS invalid username-password pair or user is disabled.
    at parseError (/Users/adrianfranciscoperezgomez/Desktop/Personal Apps/vult-intel/node_modules/redis-parser/lib/parser.js:179:12)
    at parseType (/Users/adrianfranciscoperezgomez/Desktop/Personal Apps/vult-intel/node_modules/redis-parser/lib/parser.js:302:14) {
  command: { name: 'auth', args: [ 'IVB0VPnPl0urvQrpSKkbXLdEZBUfSHaP' ] }
}
ReplyError: WRONGPASS invalid username-password pair or user is disabled.
    at parseError (/Users/adrianfranciscoperezgomez/Desktop/Personal Apps/vult-intel/node_modules/redis-parser/lib/parser.js:179:12)
    at parseType (/Users/adrianfranciscoperezgomez/Desktop/Personal Apps/vult-intel/node_modules/redis-parser/lib/parser.js:302:14) {
  command: { name: 'auth', args: [ 'IVB0VPnPl0urvQrpSKkbXLdEZBUfSHaP' ] }
}
ReplyError: WRONGPASS invalid username-password pair or user is disabled.
    at parseError (/Users/adrianfranciscoperezgomez/Desktop/Personal Apps/vult-intel/node_modules/redis-parser/lib/parser.js:179:12)
    at parseType (/Users/adrianfranciscoperezgomez/Desktop/Personal Apps/vult-intel/node_modules/redis-parser/lib/parser.js:302:14) {
  command: { name: 'auth', args: [ 'IVB0VPnPl0urvQrpSKkbXLdEZBUfSHaP' ] }
}
ReplyError: WRONGPASS invalid username-password pair or user is disabled.
    at parseError (/Users/adrianfranciscoperezgomez/Desktop/Personal Apps/vult-intel/node_modules/redis-parser/lib/parser.js:179:12)
    at parseType (/Users/adrianfranciscoperezgomez/Desktop/Personal Apps/vult-intel/node_modules/redis-parser/lib/parser.js:302:14) {
  command: { name: 'auth', args: [ 'IVB0VPnPl0urvQrpSKkbXLdEZBUfSHaP' ] }
}
ReplyError: WRONGPASS invalid username-password pair or user is disabled.
    at parseError (/Users/adrianfranciscoperezgomez/Desktop/Personal Apps/vult-intel/node_modules/redis-parser/lib/parser.js:179:12)
    at parseType (/Users/adrianfranciscoperezgomez/Desktop/Personal Apps/vult-intel/node_modules/redis-parser/lib/parser.js:302:14) {
  command: { name: 'auth', args: [ 'IVB0VPnPl0urvQrpSKkbXLdEZBUfSHaP' ] }
}
ReplyError: WRONGPASS invalid username-password pair or user is disabled.
    at parseError (/Users/adrianfranciscoperezgomez/Desktop/Personal Apps/vult-intel/node_modules/redis-parser/lib/parser.js:179:12)
    at parseType (/Users/adrianfranciscoperezgomez/Desktop/Personal Apps/vult-intel/node_modules/redis-parser/lib/parser.js:302:14) {
  command: { name: 'auth', args: [ 'IVB0VPnPl0urvQrpSKkbXLdEZBUfSHaP' ] }
}
ReplyError: WRONGPASS invalid username-password pair or user is disabled.
    at parseError (/Users/adrianfranciscoperezgomez/Desktop/Personal Apps/vult-intel/node_modules/redis-parser/lib/parser.js:179:12)
    at parseType (/Users/adrianfranciscoperezgomez/Desktop/Personal Apps/vult-intel/node_modules/redis-parser/lib/parser.js:302:14) {
  command: { name: 'auth', args: [ 'IVB0VPnPl0urvQrpSKkbXLdEZBUfSHaP' ] }
}
Connected to Redis for persistence
Redis connection error: ReplyError: WRONGPASS invalid username-password pair or user is disabled.
    at parseError (/Users/adrianfranciscoperezgomez/Desktop/Personal Apps/vult-intel/node_modules/redis-parser/lib/parser.js:179:12)
    at parseType (/Users/adrianfranciscoperezgomez/Desktop/Personal Apps/vult-intel/node_modules/redis-parser/lib/parser.js:302:14) {
  command: { name: 'auth', args: [ 'IVB0VPnPl0urvQrpSKkbXLdEZBUfSHaP' ] }
}
ReplyError: WRONGPASS invalid username-password pair or user is disabled.
    at parseError (/Users/adrianfranciscoperezgomez/Desktop/Personal Apps/vult-intel/node_modules/redis-parser/lib/parser.js:179:12)
    at parseType (/Users/adrianfranciscoperezgomez/Desktop/Personal Apps/vult-intel/node_modules/redis-parser/lib/parser.js:302:14) {
  command: { name: 'auth', args: [ 'IVB0VPnPl0urvQrpSKkbXLdEZBUfSHaP' ] }
}
ReplyError: WRONGPASS invalid username-password pair or user is disabled.
    at parseError (/Users/adrianfranciscoperezgomez/Desktop/Personal Apps/vult-intel/node_modules/redis-parser/lib/parser.js:179:12)
    at parseType (/Users/adrianfranciscoperezgomez/Desktop/Personal Apps/vult-intel/node_modules/redis-parser/lib/parser.js:302:14) {
  command: { name: 'auth', args: [ 'IVB0VPnPl0urvQrpSKkbXLdEZBUfSHaP' ] }
}
ReplyError: WRONGPASS invalid username-password pair or user is disabled.
    at parseError (/Users/adrianfranciscoperezgomez/Desktop/Personal Apps/vult-intel/node_modules/redis-parser/lib/parser.js:179:12)
    at parseType (/Users/adrianfranciscoperezgomez/Desktop/Personal Apps/vult-intel/node_modules/redis-parser/lib/parser.js:302:14) {
  command: { name: 'auth', args: [ 'IVB0VPnPl0urvQrpSKkbXLdEZBUfSHaP' ] }
}
ReplyError: WRONGPASS invalid username-password pair or user is disabled.
    at parseError (/Users/adrianfranciscoperezgomez/Desktop/Personal Apps/vult-intel/node_modules/redis-parser/lib/parser.js:179:12)
    at parseType (/Users/adrianfranciscoperezgomez/Desktop/Personal Apps/vult-intel/node_modules/redis-parser/lib/parser.js:302:14) {
  command: { name: 'auth', args: [ 'IVB0VPnPl0urvQrpSKkbXLdEZBUfSHaP' ] }
}
ReplyError: WRONGPASS invalid username-password pair or user is disabled.
    at parseError (/Users/adrianfranciscoperezgomez/Desktop/Personal Apps/vult-intel/node_modules/redis-parser/lib/parser.js:179:12)
    at parseType (/Users/adrianfranciscoperezgomez/Desktop/Personal Apps/vult-intel/node_modules/redis-parser/lib/parser.js:302:14) {
  command: { name: 'auth', args: [ 'IVB0VPnPl0urvQrpSKkbXLdEZBUfSHaP' ] }
}
ReplyError: WRONGPASS invalid username-password pair or user is disabled.
    at parseError (/Users/adrianfranciscoperezgomez/Desktop/Personal Apps/vult-intel/node_modules/redis-parser/lib/parser.js:179:12)
    at parseType (/Users/adrianfranciscoperezgomez/Desktop/Personal Apps/vult-intel/node_modules/redis-parser/lib/parser.js:302:14) {
  command: { name: 'auth', args: [ 'IVB0VPnPl0urvQrpSKkbXLdEZBUfSHaP' ] }
}
Connected to Redis for persistence
Redis connection error: ReplyError: WRONGPASS invalid username-password pair or user is disabled.
    at parseError (/Users/adrianfranciscoperezgomez/Desktop/Personal Apps/vult-intel/node_modules/redis-parser/lib/parser.js:179:12)
    at parseType (/Users/adrianfranciscoperezgomez/Desktop/Personal Apps/vult-intel/node_modules/redis-parser/lib/parser.js:302:14) {
  command: { name: 'auth', args: [ 'IVB0VPnPl0urvQrpSKkbXLdEZBUfSHaP' ] }
}
ReplyError: WRONGPASS invalid username-password pair or user is disabled.
    at parseError (/Users/adrianfranciscoperezgomez/Desktop/Personal Apps/vult-intel/node_modules/redis-parser/lib/parser.js:179:12)
    at parseType (/Users/adrianfranciscoperezgomez/Desktop/Personal Apps/vult-intel/node_modules/redis-parser/lib/parser.js:302:14) {
  command: { name: 'auth', args: [ 'IVB0VPnPl0urvQrpSKkbXLdEZBUfSHaP' ] }
}
ReplyError: WRONGPASS invalid username-password pair or user is disabled.
    at parseError (/Users/adrianfranciscoperezgomez/Desktop/Personal Apps/vult-intel/node_modules/redis-parser/lib/parser.js:179:12)
    at parseType (/Users/adrianfranciscoperezgomez/Desktop/Personal Apps/vult-intel/node_modules/redis-parser/lib/parser.js:302:14) {
  command: { name: 'auth', args: [ 'IVB0VPnPl0urvQrpSKkbXLdEZBUfSHaP' ] }
}
ReplyError: WRONGPASS invalid username-password pair or user is disabled.
    at parseError (/Users/adrianfranciscoperezgomez/Desktop/Personal Apps/vult-intel/node_modules/redis-parser/lib/parser.js:179:12)
    at parseType (/Users/adrianfranciscoperezgomez/Desktop/Personal Apps/vult-intel/node_modules/redis-parser/lib/parser.js:302:14) {
  command: { name: 'auth', args: [ 'IVB0VPnPl0urvQrpSKkbXLdEZBUfSHaP' ] }
}
ReplyError: WRONGPASS invalid username-password pair or user is disabled.
    at parseError (/Users/adrianfranciscoperezgomez/Desktop/Personal Apps/vult-intel/node_modules/redis-parser/lib/parser.js:179:12)
    at parseType (/Users/adrianfranciscoperezgomez/Desktop/Personal Apps/vult-intel/node_modules/redis-parser/lib/parser.js:302:14) {
  command: { name: 'auth', args: [ 'IVB0VPnPl0urvQrpSKkbXLdEZBUfSHaP' ] }
}
ReplyError: WRONGPASS invalid username-password pair or user is disabled.
    at parseError (/Users/adrianfranciscoperezgomez/Desktop/Personal Apps/vult-intel/node_modules/redis-parser/lib/parser.js:179:12)
    at parseType (/Users/adrianfranciscoperezgomez/Desktop/Personal Apps/vult-intel/node_modules/redis-parser/lib/parser.js:302:14) {
  command: { name: 'auth', args: [ 'IVB0VPnPl0urvQrpSKkbXLdEZBUfSHaP' ] }
}
ReplyError: WRONGPASS invalid username-password pair or user is disabled.
    at parseError (/Users/adrianfranciscoperezgomez/Desktop/Personal Apps/vult-intel/node_modules/redis-parser/lib/parser.js:179:12)
    at parseType (/Users/adrianfranciscoperezgomez/Desktop/Personal Apps/vult-intel/node_modules/redis-parser/lib/parser.js:302:14) {
  command: { name: 'auth', args: [ 'IVB0VPnPl0urvQrpSKkbXLdEZBUfSHaP' ] }
}
Connected to Redis for persistence
Redis connection error: ReplyError: WRONGPASS invalid username-password pair or user is disabled.
    at parseError (/Users/adrianfranciscoperezgomez/Desktop/Personal Apps/vult-intel/node_modules/redis-parser/lib/parser.js:179:12)
    at parseType (/Users/adrianfranciscoperezgomez/Desktop/Personal Apps/vult-intel/node_modules/redis-parser/lib/parser.js:302:14) {
  command: { name: 'auth', args: [ 'IVB0VPnPl0urvQrpSKkbXLdEZBUfSHaP' ] }
}
ReplyError: WRONGPASS invalid username-password pair or user is disabled.
    at parseError (/Users/adrianfranciscoperezgomez/Desktop/Personal Apps/vult-intel/node_modules/redis-parser/lib/parser.js:179:12)
    at parseType (/Users/adrianfranciscoperezgomez/Desktop/Personal Apps/vult-intel/node_modules/redis-parser/lib/parser.js:302:14) {
  command: { name: 'auth', args: [ 'IVB0VPnPl0urvQrpSKkbXLdEZBUfSHaP' ] }
}
ReplyError: WRONGPASS invalid username-password pair or user is disabled.
    at parseError (/Users/adrianfranciscoperezgomez/Desktop/Personal Apps/vult-intel/node_modules/redis-parser/lib/parser.js:179:12)
    at parseType (/Users/adrianfranciscoperezgomez/Desktop/Personal Apps/vult-intel/node_modules/redis-parser/lib/parser.js:302:14) {
  command: { name: 'auth', args: [ 'IVB0VPnPl0urvQrpSKkbXLdEZBUfSHaP' ] }
}
ReplyError: WRONGPASS invalid username-password pair or user is disabled.
    at parseError (/Users/adrianfranciscoperezgomez/Desktop/Personal Apps/vult-intel/node_modules/redis-parser/lib/parser.js:179:12)
    at parseType (/Users/adrianfranciscoperezgomez/Desktop/Personal Apps/vult-intel/node_modules/redis-parser/lib/parser.js:302:14) {
  command: { name: 'auth', args: [ 'IVB0VPnPl0urvQrpSKkbXLdEZBUfSHaP' ] }
}
ReplyError: WRONGPASS invalid username-password pair or user is disabled.
    at parseError (/Users/adrianfranciscoperezgomez/Desktop/Personal Apps/vult-intel/node_modules/redis-parser/lib/parser.js:179:12)
    at parseType (/Users/adrianfranciscoperezgomez/Desktop/Personal Apps/vult-intel/node_modules/redis-parser/lib/parser.js:302:14) {
  command: { name: 'auth', args: [ 'IVB0VPnPl0urvQrpSKkbXLdEZBUfSHaP' ] }
}
ReplyError: WRONGPASS invalid username-password pair or user is disabled.
    at parseError (/Users/adrianfranciscoperezgomez/Desktop/Personal Apps/vult-intel/node_modules/redis-parser/lib/parser.js:179:12)
    at parseType (/Users/adrianfranciscoperezgomez/Desktop/Personal Apps/vult-intel/node_modules/redis-parser/lib/parser.js:302:14) {
  command: { name: 'auth', args: [ 'IVB0VPnPl0urvQrpSKkbXLdEZBUfSHaP' ] }
}
ReplyError: WRONGPASS invalid username-password pair or user is disabled.
    at parseError (/Users/adrianfranciscoperezgomez/Desktop/Personal Apps/vult-intel/node_modules/redis-parser/lib/parser.js:179:12)
    at parseType (/Users/adrianfranciscoperezgomez/Desktop/Personal Apps/vult-intel/node_modules/redis-parser/lib/parser.js:302:14) {
  command: { name: 'auth', args: [ 'IVB0VPnPl0urvQrpSKkbXLdEZBUfSHaP' ] }
}
Connected to Redis for persistence
Redis connection error: ReplyError: WRONGPASS invalid username-password pair or user is disabled.
    at parseError (/Users/adrianfranciscoperezgomez/Desktop/Personal Apps/vult-intel/node_modules/redis-parser/lib/parser.js:179:12)
    at parseType (/Users/adrianfranciscoperezgomez/Desktop/Personal Apps/vult-intel/node_modules/redis-parser/lib/parser.js:302:14) {
  command: { name: 'auth', args: [ 'IVB0VPnPl0urvQrpSKkbXLdEZBUfSHaP' ] }
}
ReplyError: WRONGPASS invalid username-password pair or user is disabled.
    at parseError (/Users/adrianfranciscoperezgomez/Desktop/Personal Apps/vult-intel/node_modules/redis-parser/lib/parser.js:179:12)
    at parseType (/Users/adrianfranciscoperezgomez/Desktop/Personal Apps/vult-intel/node_modules/redis-parser/lib/parser.js:302:14) {
  command: { name: 'auth', args: [ 'IVB0VPnPl0urvQrpSKkbXLdEZBUfSHaP' ] }
}
ReplyError: WRONGPASS invalid username-password pair or user is disabled.
    at parseError (/Users/adrianfranciscoperezgomez/Desktop/Personal Apps/vult-intel/node_modules/redis-parser/lib/parser.js:179:12)
    at parseType (/Users/adrianfranciscoperezgomez/Desktop/Personal Apps/vult-intel/node_modules/redis-parser/lib/parser.js:302:14) {
  command: { name: 'auth', args: [ 'IVB0VPnPl0urvQrpSKkbXLdEZBUfSHaP' ] }
}
ReplyError: WRONGPASS invalid username-password pair or user is disabled.
    at parseError (/Users/adrianfranciscoperezgomez/Desktop/Personal Apps/vult-intel/node_modules/redis-parser/lib/parser.js:179:12)
    at parseType (/Users/adrianfranciscoperezgomez/Desktop/Personal Apps/vult-intel/node_modules/redis-parser/lib/parser.js:302:14) {
  command: { name: 'auth', args: [ 'IVB0VPnPl0urvQrpSKkbXLdEZBUfSHaP' ] }
}
ReplyError: WRONGPASS invalid username-password pair or user is disabled.
    at parseError (/Users/adrianfranciscoperezgomez/Desktop/Personal Apps/vult-intel/node_modules/redis-parser/lib/parser.js:179:12)
    at parseType (/Users/adrianfranciscoperezgomez/Desktop/Personal Apps/vult-intel/node_modules/redis-parser/lib/parser.js:302:14) {
  command: { name: 'auth', args: [ 'IVB0VPnPl0urvQrpSKkbXLdEZBUfSHaP' ] }
}
ReplyError: WRONGPASS invalid username-password pair or user is disabled.
    at parseError (/Users/adrianfranciscoperezgomez/Desktop/Personal Apps/vult-intel/node_modules/redis-parser/lib/parser.js:179:12)
    at parseType (/Users/adrianfranciscoperezgomez/Desktop/Personal Apps/vult-intel/node_modules/redis-parser/lib/parser.js:302:14) {
  command: { name: 'auth', args: [ 'IVB0VPnPl0urvQrpSKkbXLdEZBUfSHaP' ] }
}
ReplyError: WRONGPASS invalid username-password pair or user is disabled.
    at parseError (/Users/adrianfranciscoperezgomez/Desktop/Personal Apps/vult-intel/node_modules/redis-parser/lib/parser.js:179:12)
    at parseType (/Users/adrianfranciscoperezgomez/Desktop/Personal Apps/vult-intel/node_modules/redis-parser/lib/parser.js:302:14) {
  command: { name: 'auth', args: [ 'IVB0VPnPl0urvQrpSKkbXLdEZBUfSHaP' ] }
}
Connected to Redis for persistence
Redis connection error: ReplyError: WRONGPASS invalid username-password pair or user is disabled.
    at parseError (/Users/adrianfranciscoperezgomez/Desktop/Personal Apps/vult-intel/node_modules/redis-parser/lib/parser.js:179:12)
    at parseType (/Users/adrianfranciscoperezgomez/Desktop/Personal Apps/vult-intel/node_modules/redis-parser/lib/parser.js:302:14) {
  command: { name: 'auth', args: [ 'IVB0VPnPl0urvQrpSKkbXLdEZBUfSHaP' ] }
}
ReplyError: WRONGPASS invalid username-password pair or user is disabled.
    at parseError (/Users/adrianfranciscoperezgomez/Desktop/Personal Apps/vult-intel/node_modules/redis-parser/lib/parser.js:179:12)
    at parseType (/Users/adrianfranciscoperezgomez/Desktop/Personal Apps/vult-intel/node_modules/redis-parser/lib/parser.js:302:14) {
  command: { name: 'auth', args: [ 'IVB0VPnPl0urvQrpSKkbXLdEZBUfSHaP' ] }
}
ReplyError: WRONGPASS invalid username-password pair or user is disabled.
    at parseError (/Users/adrianfranciscoperezgomez/Desktop/Personal Apps/vult-intel/node_modules/redis-parser/lib/parser.js:179:12)
    at parseType (/Users/adrianfranciscoperezgomez/Desktop/Personal Apps/vult-intel/node_modules/redis-parser/lib/parser.js:302:14) {
  command: { name: 'auth', args: [ 'IVB0VPnPl0urvQrpSKkbXLdEZBUfSHaP' ] }
}
ReplyError: WRONGPASS invalid username-password pair or user is disabled.
    at parseError (/Users/adrianfranciscoperezgomez/Desktop/Personal Apps/vult-intel/node_modules/redis-parser/lib/parser.js:179:12)
    at parseType (/Users/adrianfranciscoperezgomez/Desktop/Personal Apps/vult-intel/node_modules/redis-parser/lib/parser.js:302:14) {
  command: { name: 'auth', args: [ 'IVB0VPnPl0urvQrpSKkbXLdEZBUfSHaP' ] }
}
ReplyError: WRONGPASS invalid username-password pair or user is disabled.
    at parseError (/Users/adrianfranciscoperezgomez/Desktop/Personal Apps/vult-intel/node_modules/redis-parser/lib/parser.js:179:12)
    at parseType (/Users/adrianfranciscoperezgomez/Desktop/Personal Apps/vult-intel/node_modules/redis-parser/lib/parser.js:302:14) {
  command: { name: 'auth', args: [ 'IVB0VPnPl0urvQrpSKkbXLdEZBUfSHaP' ] }
}
ReplyError: WRONGPASS invalid username-password pair or user is disabled.
    at parseError (/Users/adrianfranciscoperezgomez/Desktop/Personal Apps/vult-intel/node_modules/redis-parser/lib/parser.js:179:12)
    at parseType (/Users/adrianfranciscoperezgomez/Desktop/Personal Apps/vult-intel/node_modules/redis-parser/lib/parser.js:302:14) {
  command: { name: 'auth', args: [ 'IVB0VPnPl0urvQrpSKkbXLdEZBUfSHaP' ] }
}
ReplyError: WRONGPASS invalid username-password pair or user is disabled.
    at parseError (/Users/adrianfranciscoperezgomez/Desktop/Personal Apps/vult-intel/node_modules/redis-parser/lib/parser.js:179:12)
    at parseType (/Users/adrianfranciscoperezgomez/Desktop/Personal Apps/vult-intel/node_modules/redis-parser/lib/parser.js:302:14) {
  command: { name: 'auth', args: [ 'IVB0VPnPl0urvQrpSKkbXLdEZBUfSHaP' ] }
}
Connected to Redis for persistence
Redis connection error: ReplyError: WRONGPASS invalid username-password pair or user is disabled.
    at parseError (/Users/adrianfranciscoperezgomez/Desktop/Personal Apps/vult-intel/node_modules/redis-parser/lib/parser.js:179:12)
    at parseType (/Users/adrianfranciscoperezgomez/Desktop/Personal Apps/vult-intel/node_modules/redis-parser/lib/parser.js:302:14) {
  command: { name: 'auth', args: [ 'IVB0VPnPl0urvQrpSKkbXLdEZBUfSHaP' ] }
}
ReplyError: WRONGPASS invalid username-password pair or user is disabled.
    at parseError (/Users/adrianfranciscoperezgomez/Desktop/Personal Apps/vult-intel/node_modules/redis-parser/lib/parser.js:179:12)
    at parseType (/Users/adrianfranciscoperezgomez/Desktop/Personal Apps/vult-intel/node_modules/redis-parser/lib/parser.js:302:14) {
  command: { name: 'auth', args: [ 'IVB0VPnPl0urvQrpSKkbXLdEZBUfSHaP' ] }
}
ReplyError: WRONGPASS invalid username-password pair or user is disabled.
    at parseError (/Users/adrianfranciscoperezgomez/Desktop/Personal Apps/vult-intel/node_modules/redis-parser/lib/parser.js:179:12)
    at parseType (/Users/adrianfranciscoperezgomez/Desktop/Personal Apps/vult-intel/node_modules/redis-parser/lib/parser.js:302:14) {
  command: { name: 'auth', args: [ 'IVB0VPnPl0urvQrpSKkbXLdEZBUfSHaP' ] }
}
ReplyError: WRONGPASS invalid username-password pair or user is disabled.
    at parseError (/Users/adrianfranciscoperezgomez/Desktop/Personal Apps/vult-intel/node_modules/redis-parser/lib/parser.js:179:12)
    at parseType (/Users/adrianfranciscoperezgomez/Desktop/Personal Apps/vult-intel/node_modules/redis-parser/lib/parser.js:302:14) {
  command: { name: 'auth', args: [ 'IVB0VPnPl0urvQrpSKkbXLdEZBUfSHaP' ] }
}
ReplyError: WRONGPASS invalid username-password pair or user is disabled.
    at parseError (/Users/adrianfranciscoperezgomez/Desktop/Personal Apps/vult-intel/node_modules/redis-parser/lib/parser.js:179:12)
    at parseType (/Users/adrianfranciscoperezgomez/Desktop/Personal Apps/vult-intel/node_modules/redis-parser/lib/parser.js:302:14) {
  command: { name: 'auth', args: [ 'IVB0VPnPl0urvQrpSKkbXLdEZBUfSHaP' ] }
}
ReplyError: WRONGPASS invalid username-password pair or user is disabled.
    at parseError (/Users/adrianfranciscoperezgomez/Desktop/Personal Apps/vult-intel/node_modules/redis-parser/lib/parser.js:179:12)
    at parseType (/Users/adrianfranciscoperezgomez/Desktop/Personal Apps/vult-intel/node_modules/redis-parser/lib/parser.js:302:14) {
  command: { name: 'auth', args: [ 'IVB0VPnPl0urvQrpSKkbXLdEZBUfSHaP' ] }
}
ReplyError: WRONGPASS invalid username-password pair or user is disabled.
    at parseError (/Users/adrianfranciscoperezgomez/Desktop/Personal Apps/vult-intel/node_modules/redis-parser/lib/parser.js:179:12)
    at parseType (/Users/adrianfranciscoperezgomez/Desktop/Personal Apps/vult-intel/node_modules/redis-parser/lib/parser.js:302:14) {
  command: { name: 'auth', args: [ 'IVB0VPnPl0urvQrpSKkbXLdEZBUfSHaP' ] }
}
Connected to Redis for persistence
Redis connection error: ReplyError: WRONGPASS invalid username-password pair or user is disabled.
    at parseError (/Users/adrianfranciscoperezgomez/Desktop/Personal Apps/vult-intel/node_modules/redis-parser/lib/parser.js:179:12)
    at parseType (/Users/adrianfranciscoperezgomez/Desktop/Personal Apps/vult-intel/node_modules/redis-parser/lib/parser.js:302:14) {
  command: { name: 'auth', args: [ 'IVB0VPnPl0urvQrpSKkbXLdEZBUfSHaP' ] }
}
ReplyError: WRONGPASS invalid username-password pair or user is disabled.
    at parseError (/Users/adrianfranciscoperezgomez/Desktop/Personal Apps/vult-intel/node_modules/redis-parser/lib/parser.js:179:12)
    at parseType (/Users/adrianfranciscoperezgomez/Desktop/Personal Apps/vult-intel/node_modules/redis-parser/lib/parser.js:302:14) {
  command: { name: 'auth', args: [ 'IVB0VPnPl0urvQrpSKkbXLdEZBUfSHaP' ] }
}
ReplyError: WRONGPASS invalid username-password pair or user is disabled.
    at parseError (/Users/adrianfranciscoperezgomez/Desktop/Personal Apps/vult-intel/node_modules/redis-parser/lib/parser.js:179:12)
    at parseType (/Users/adrianfranciscoperezgomez/Desktop/Personal Apps/vult-intel/node_modules/redis-parser/lib/parser.js:302:14) {
  command: { name: 'auth', args: [ 'IVB0VPnPl0urvQrpSKkbXLdEZBUfSHaP' ] }
}
ReplyError: WRONGPASS invalid username-password pair or user is disabled.
    at parseError (/Users/adrianfranciscoperezgomez/Desktop/Personal Apps/vult-intel/node_modules/redis-parser/lib/parser.js:179:12)
    at parseType (/Users/adrianfranciscoperezgomez/Desktop/Personal Apps/vult-intel/node_modules/redis-parser/lib/parser.js:302:14) {
  command: { name: 'auth', args: [ 'IVB0VPnPl0urvQrpSKkbXLdEZBUfSHaP' ] }
}
ReplyError: WRONGPASS invalid username-password pair or user is disabled.
    at parseError (/Users/adrianfranciscoperezgomez/Desktop/Personal Apps/vult-intel/node_modules/redis-parser/lib/parser.js:179:12)
    at parseType (/Users/adrianfranciscoperezgomez/Desktop/Personal Apps/vult-intel/node_modules/redis-parser/lib/parser.js:302:14) {
  command: { name: 'auth', args: [ 'IVB0VPnPl0urvQrpSKkbXLdEZBUfSHaP' ] }
}
ReplyError: WRONGPASS invalid username-password pair or user is disabled.
    at parseError (/Users/adrianfranciscoperezgomez/Desktop/Personal Apps/vult-intel/node_modules/redis-parser/lib/parser.js:179:12)
    at parseType (/Users/adrianfranciscoperezgomez/Desktop/Personal Apps/vult-intel/node_modules/redis-parser/lib/parser.js:302:14) {
  command: { name: 'auth', args: [ 'IVB0VPnPl0urvQrpSKkbXLdEZBUfSHaP' ] }
}
ReplyError: WRONGPASS invalid username-password pair or user is disabled.
    at parseError (/Users/adrianfranciscoperezgomez/Desktop/Personal Apps/vult-intel/node_modules/redis-parser/lib/parser.js:179:12)
    at parseType (/Users/adrianfranciscoperezgomez/Desktop/Personal Apps/vult-intel/node_modules/redis-parser/lib/parser.js:302:14) {
  command: { name: 'auth', args: [ 'IVB0VPnPl0urvQrpSKkbXLdEZBUfSHaP' ] }
}
Connected to Redis for persistence
Redis connection error: ReplyError: WRONGPASS invalid username-password pair or user is disabled.
    at parseError (/Users/adrianfranciscoperezgomez/Desktop/Personal Apps/vult-intel/node_modules/redis-parser/lib/parser.js:179:12)
    at parseType (/Users/adrianfranciscoperezgomez/Desktop/Personal Apps/vult-intel/node_modules/redis-parser/lib/parser.js:302:14) {
  command: { name: 'auth', args: [ 'IVB0VPnPl0urvQrpSKkbXLdEZBUfSHaP' ] }
}
ReplyError: WRONGPASS invalid username-password pair or user is disabled.
    at parseError (/Users/adrianfranciscoperezgomez/Desktop/Personal Apps/vult-intel/node_modules/redis-parser/lib/parser.js:179:12)
    at parseType (/Users/adrianfranciscoperezgomez/Desktop/Personal Apps/vult-intel/node_modules/redis-parser/lib/parser.js:302:14) {
  command: { name: 'auth', args: [ 'IVB0VPnPl0urvQrpSKkbXLdEZBUfSHaP' ] }
}
ReplyError: WRONGPASS invalid username-password pair or user is disabled.
    at parseError (/Users/adrianfranciscoperezgomez/Desktop/Personal Apps/vult-intel/node_modules/redis-parser/lib/parser.js:179:12)
    at parseType (/Users/adrianfranciscoperezgomez/Desktop/Personal Apps/vult-intel/node_modules/redis-parser/lib/parser.js:302:14) {
  command: { name: 'auth', args: [ 'IVB0VPnPl0urvQrpSKkbXLdEZBUfSHaP' ] }
}
ReplyError: WRONGPASS invalid username-password pair or user is disabled.
    at parseError (/Users/adrianfranciscoperezgomez/Desktop/Personal Apps/vult-intel/node_modules/redis-parser/lib/parser.js:179:12)
    at parseType (/Users/adrianfranciscoperezgomez/Desktop/Personal Apps/vult-intel/node_modules/redis-parser/lib/parser.js:302:14) {
  command: { name: 'auth', args: [ 'IVB0VPnPl0urvQrpSKkbXLdEZBUfSHaP' ] }
}
ReplyError: WRONGPASS invalid username-password pair or user is disabled.
    at parseError (/Users/adrianfranciscoperezgomez/Desktop/Personal Apps/vult-intel/node_modules/redis-parser/lib/parser.js:179:12)
    at parseType (/Users/adrianfranciscoperezgomez/Desktop/Personal Apps/vult-intel/node_modules/redis-parser/lib/parser.js:302:14) {
  command: { name: 'auth', args: [ 'IVB0VPnPl0urvQrpSKkbXLdEZBUfSHaP' ] }
}
ReplyError: WRONGPASS invalid username-password pair or user is disabled.
    at parseError (/Users/adrianfranciscoperezgomez/Desktop/Personal Apps/vult-intel/node_modules/redis-parser/lib/parser.js:179:12)
    at parseType (/Users/adrianfranciscoperezgomez/Desktop/Personal Apps/vult-intel/node_modules/redis-parser/lib/parser.js:302:14) {
  command: { name: 'auth', args: [ 'IVB0VPnPl0urvQrpSKkbXLdEZBUfSHaP' ] }
}
ReplyError: WRONGPASS invalid username-password pair or user is disabled.
    at parseError (/Users/adrianfranciscoperezgomez/Desktop/Personal Apps/vult-intel/node_modules/redis-parser/lib/parser.js:179:12)
    at parseType (/Users/adrianfranciscoperezgomez/Desktop/Personal Apps/vult-intel/node_modules/redis-parser/lib/parser.js:302:14) {
  command: { name: 'auth', args: [ 'IVB0VPnPl0urvQrpSKkbXLdEZBUfSHaP' ] }
}
Connected to Redis for persistence
Redis connection error: ReplyError: WRONGPASS invalid username-password pair or user is disabled.
    at parseError (/Users/adrianfranciscoperezgomez/Desktop/Personal Apps/vult-intel/node_modules/redis-parser/lib/parser.js:179:12)
    at parseType (/Users/adrianfranciscoperezgomez/Desktop/Personal Apps/vult-intel/node_modules/redis-parser/lib/parser.js:302:14) {
  command: { name: 'auth', args: [ 'IVB0VPnPl0urvQrpSKkbXLdEZBUfSHaP' ] }
}
ReplyError: WRONGPASS invalid username-password pair or user is disabled.
    at parseError (/Users/adrianfranciscoperezgomez/Desktop/Personal Apps/vult-intel/node_modules/redis-parser/lib/parser.js:179:12)
    at parseType (/Users/adrianfranciscoperezgomez/Desktop/Personal Apps/vult-intel/node_modules/redis-parser/lib/parser.js:302:14) {
  command: { name: 'auth', args: [ 'IVB0VPnPl0urvQrpSKkbXLdEZBUfSHaP' ] }
}
ReplyError: WRONGPASS invalid username-password pair or user is disabled.
    at parseError (/Users/adrianfranciscoperezgomez/Desktop/Personal Apps/vult-intel/node_modules/redis-parser/lib/parser.js:179:12)
    at parseType (/Users/adrianfranciscoperezgomez/Desktop/Personal Apps/vult-intel/node_modules/redis-parser/lib/parser.js:302:14) {
  command: { name: 'auth', args: [ 'IVB0VPnPl0urvQrpSKkbXLdEZBUfSHaP' ] }
}
ReplyError: WRONGPASS invalid username-password pair or user is disabled.
    at parseError (/Users/adrianfranciscoperezgomez/Desktop/Personal Apps/vult-intel/node_modules/redis-parser/lib/parser.js:179:12)
    at parseType (/Users/adrianfranciscoperezgomez/Desktop/Personal Apps/vult-intel/node_modules/redis-parser/lib/parser.js:302:14) {
  command: { name: 'auth', args: [ 'IVB0VPnPl0urvQrpSKkbXLdEZBUfSHaP' ] }
}
ReplyError: WRONGPASS invalid username-password pair or user is disabled.
    at parseError (/Users/adrianfranciscoperezgomez/Desktop/Personal Apps/vult-intel/node_modules/redis-parser/lib/parser.js:179:12)
    at parseType (/Users/adrianfranciscoperezgomez/Desktop/Personal Apps/vult-intel/node_modules/redis-parser/lib/parser.js:302:14) {
  command: { name: 'auth', args: [ 'IVB0VPnPl0urvQrpSKkbXLdEZBUfSHaP' ] }
}
ReplyError: WRONGPASS invalid username-password pair or user is disabled.
    at parseError (/Users/adrianfranciscoperezgomez/Desktop/Personal Apps/vult-intel/node_modules/redis-parser/lib/parser.js:179:12)
    at parseType (/Users/adrianfranciscoperezgomez/Desktop/Personal Apps/vult-intel/node_modules/redis-parser/lib/parser.js:302:14) {
  command: { name: 'auth', args: [ 'IVB0VPnPl0urvQrpSKkbXLdEZBUfSHaP' ] }
}
ReplyError: WRONGPASS invalid username-password pair or user is disabled.
    at parseError (/Users/adrianfranciscoperezgomez/Desktop/Personal Apps/vult-intel/node_modules/redis-parser/lib/parser.js:179:12)
    at parseType (/Users/adrianfranciscoperezgomez/Desktop/Personal Apps/vult-intel/node_modules/redis-parser/lib/parser.js:302:14) {
  command: { name: 'auth', args: [ 'IVB0VPnPl0urvQrpSKkbXLdEZBUfSHaP' ] }
}
Connected to Redis for persistence
Redis connection error: ReplyError: WRONGPASS invalid username-password pair or user is disabled.
    at parseError (/Users/adrianfranciscoperezgomez/Desktop/Personal Apps/vult-intel/node_modules/redis-parser/lib/parser.js:179:12)
    at parseType (/Users/adrianfranciscoperezgomez/Desktop/Personal Apps/vult-intel/node_modules/redis-parser/lib/parser.js:302:14) {
  command: { name: 'auth', args: [ 'IVB0VPnPl0urvQrpSKkbXLdEZBUfSHaP' ] }
}
ReplyError: WRONGPASS invalid username-password pair or user is disabled.
    at parseError (/Users/adrianfranciscoperezgomez/Desktop/Personal Apps/vult-intel/node_modules/redis-parser/lib/parser.js:179:12)
    at parseType (/Users/adrianfranciscoperezgomez/Desktop/Personal Apps/vult-intel/node_modules/redis-parser/lib/parser.js:302:14) {
  command: { name: 'auth', args: [ 'IVB0VPnPl0urvQrpSKkbXLdEZBUfSHaP' ] }
}
ReplyError: WRONGPASS invalid username-password pair or user is disabled.
    at parseError (/Users/adrianfranciscoperezgomez/Desktop/Personal Apps/vult-intel/node_modules/redis-parser/lib/parser.js:179:12)
    at parseType (/Users/adrianfranciscoperezgomez/Desktop/Personal Apps/vult-intel/node_modules/redis-parser/lib/parser.js:302:14) {
  command: { name: 'auth', args: [ 'IVB0VPnPl0urvQrpSKkbXLdEZBUfSHaP' ] }
}
ReplyError: WRONGPASS invalid username-password pair or user is disabled.
    at parseError (/Users/adrianfranciscoperezgomez/Desktop/Personal Apps/vult-intel/node_modules/redis-parser/lib/parser.js:179:12)
    at parseType (/Users/adrianfranciscoperezgomez/Desktop/Personal Apps/vult-intel/node_modules/redis-parser/lib/parser.js:302:14) {
  command: { name: 'auth', args: [ 'IVB0VPnPl0urvQrpSKkbXLdEZBUfSHaP' ] }
}
ReplyError: WRONGPASS invalid username-password pair or user is disabled.
    at parseError (/Users/adrianfranciscoperezgomez/Desktop/Personal Apps/vult-intel/node_modules/redis-parser/lib/parser.js:179:12)
    at parseType (/Users/adrianfranciscoperezgomez/Desktop/Personal Apps/vult-intel/node_modules/redis-parser/lib/parser.js:302:14) {
  command: { name: 'auth', args: [ 'IVB0VPnPl0urvQrpSKkbXLdEZBUfSHaP' ] }
}
ReplyError: WRONGPASS invalid username-password pair or user is disabled.
    at parseError (/Users/adrianfranciscoperezgomez/Desktop/Personal Apps/vult-intel/node_modules/redis-parser/lib/parser.js:179:12)
    at parseType (/Users/adrianfranciscoperezgomez/Desktop/Personal Apps/vult-intel/node_modules/redis-parser/lib/parser.js:302:14) {
  command: { name: 'auth', args: [ 'IVB0VPnPl0urvQrpSKkbXLdEZBUfSHaP' ] }
}
ReplyError: WRONGPASS invalid username-password pair or user is disabled.
    at parseError (/Users/adrianfranciscoperezgomez/Desktop/Personal Apps/vult-intel/node_modules/redis-parser/lib/parser.js:179:12)
    at parseType (/Users/adrianfranciscoperezgomez/Desktop/Personal Apps/vult-intel/node_modules/redis-parser/lib/parser.js:302:14) {
  command: { name: 'auth', args: [ 'IVB0VPnPl0urvQrpSKkbXLdEZBUfSHaP' ] }
}
Connected to Redis for persistence
Redis connection error: ReplyError: WRONGPASS invalid username-password pair or user is disabled.
    at parseError (/Users/adrianfranciscoperezgomez/Desktop/Personal Apps/vult-intel/node_modules/redis-parser/lib/parser.js:179:12)
    at parseType (/Users/adrianfranciscoperezgomez/Desktop/Personal Apps/vult-intel/node_modules/redis-parser/lib/parser.js:302:14) {
  command: { name: 'auth', args: [ 'IVB0VPnPl0urvQrpSKkbXLdEZBUfSHaP' ] }
}
ReplyError: WRONGPASS invalid username-password pair or user is disabled.
    at parseError (/Users/adrianfranciscoperezgomez/Desktop/Personal Apps/vult-intel/node_modules/redis-parser/lib/parser.js:179:12)
    at parseType (/Users/adrianfranciscoperezgomez/Desktop/Personal Apps/vult-intel/node_modules/redis-parser/lib/parser.js:302:14) {
  command: { name: 'auth', args: [ 'IVB0VPnPl0urvQrpSKkbXLdEZBUfSHaP' ] }
}
ReplyError: WRONGPASS invalid username-password pair or user is disabled.
    at parseError (/Users/adrianfranciscoperezgomez/Desktop/Personal Apps/vult-intel/node_modules/redis-parser/lib/parser.js:179:12)
    at parseType (/Users/adrianfranciscoperezgomez/Desktop/Personal Apps/vult-intel/node_modules/redis-parser/lib/parser.js:302:14) {
  command: { name: 'auth', args: [ 'IVB0VPnPl0urvQrpSKkbXLdEZBUfSHaP' ] }
}
ReplyError: WRONGPASS invalid username-password pair or user is disabled.
    at parseError (/Users/adrianfranciscoperezgomez/Desktop/Personal Apps/vult-intel/node_modules/redis-parser/lib/parser.js:179:12)
    at parseType (/Users/adrianfranciscoperezgomez/Desktop/Personal Apps/vult-intel/node_modules/redis-parser/lib/parser.js:302:14) {
  command: { name: 'auth', args: [ 'IVB0VPnPl0urvQrpSKkbXLdEZBUfSHaP' ] }
}
ReplyError: WRONGPASS invalid username-password pair or user is disabled.
    at parseError (/Users/adrianfranciscoperezgomez/Desktop/Personal Apps/vult-intel/node_modules/redis-parser/lib/parser.js:179:12)
    at parseType (/Users/adrianfranciscoperezgomez/Desktop/Personal Apps/vult-intel/node_modules/redis-parser/lib/parser.js:302:14) {
  command: { name: 'auth', args: [ 'IVB0VPnPl0urvQrpSKkbXLdEZBUfSHaP' ] }
}
ReplyError: WRONGPASS invalid username-password pair or user is disabled.
    at parseError (/Users/adrianfranciscoperezgomez/Desktop/Personal Apps/vult-intel/node_modules/redis-parser/lib/parser.js:179:12)
    at parseType (/Users/adrianfranciscoperezgomez/Desktop/Personal Apps/vult-intel/node_modules/redis-parser/lib/parser.js:302:14) {
  command: { name: 'auth', args: [ 'IVB0VPnPl0urvQrpSKkbXLdEZBUfSHaP' ] }
}
ReplyError: WRONGPASS invalid username-password pair or user is disabled.
    at parseError (/Users/adrianfranciscoperezgomez/Desktop/Personal Apps/vult-intel/node_modules/redis-parser/lib/parser.js:179:12)
    at parseType (/Users/adrianfranciscoperezgomez/Desktop/Personal Apps/vult-intel/node_modules/redis-parser/lib/parser.js:302:14) {
  command: { name: 'auth', args: [ 'IVB0VPnPl0urvQrpSKkbXLdEZBUfSHaP' ] }
}
Connected to Redis for persistence
Redis connection error: ReplyError: WRONGPASS invalid username-password pair or user is disabled.
    at parseError (/Users/adrianfranciscoperezgomez/Desktop/Personal Apps/vult-intel/node_modules/redis-parser/lib/parser.js:179:12)
    at parseType (/Users/adrianfranciscoperezgomez/Desktop/Personal Apps/vult-intel/node_modules/redis-parser/lib/parser.js:302:14) {
  command: { name: 'auth', args: [ 'IVB0VPnPl0urvQrpSKkbXLdEZBUfSHaP' ] }
}
ReplyError: WRONGPASS invalid username-password pair or user is disabled.
    at parseError (/Users/adrianfranciscoperezgomez/Desktop/Personal Apps/vult-intel/node_modules/redis-parser/lib/parser.js:179:12)
    at parseType (/Users/adrianfranciscoperezgomez/Desktop/Personal Apps/vult-intel/node_modules/redis-parser/lib/parser.js:302:14) {
  command: { name: 'auth', args: [ 'IVB0VPnPl0urvQrpSKkbXLdEZBUfSHaP' ] }
}
ReplyError: WRONGPASS invalid username-password pair or user is disabled.
    at parseError (/Users/adrianfranciscoperezgomez/Desktop/Personal Apps/vult-intel/node_modules/redis-parser/lib/parser.js:179:12)
    at parseType (/Users/adrianfranciscoperezgomez/Desktop/Personal Apps/vult-intel/node_modules/redis-parser/lib/parser.js:302:14) {
  command: { name: 'auth', args: [ 'IVB0VPnPl0urvQrpSKkbXLdEZBUfSHaP' ] }
}
ReplyError: WRONGPASS invalid username-password pair or user is disabled.
    at parseError (/Users/adrianfranciscoperezgomez/Desktop/Personal Apps/vult-intel/node_modules/redis-parser/lib/parser.js:179:12)
    at parseType (/Users/adrianfranciscoperezgomez/Desktop/Personal Apps/vult-intel/node_modules/redis-parser/lib/parser.js:302:14) {
  command: { name: 'auth', args: [ 'IVB0VPnPl0urvQrpSKkbXLdEZBUfSHaP' ] }
}
ReplyError: WRONGPASS invalid username-password pair or user is disabled.
    at parseError (/Users/adrianfranciscoperezgomez/Desktop/Personal Apps/vult-intel/node_modules/redis-parser/lib/parser.js:179:12)
    at parseType (/Users/adrianfranciscoperezgomez/Desktop/Personal Apps/vult-intel/node_modules/redis-parser/lib/parser.js:302:14) {
  command: { name: 'auth', args: [ 'IVB0VPnPl0urvQrpSKkbXLdEZBUfSHaP' ] }
}
ReplyError: WRONGPASS invalid username-password pair or user is disabled.
    at parseError (/Users/adrianfranciscoperezgomez/Desktop/Personal Apps/vult-intel/node_modules/redis-parser/lib/parser.js:179:12)
    at parseType (/Users/adrianfranciscoperezgomez/Desktop/Personal Apps/vult-intel/node_modules/redis-parser/lib/parser.js:302:14) {
  command: { name: 'auth', args: [ 'IVB0VPnPl0urvQrpSKkbXLdEZBUfSHaP' ] }
}
ReplyError: WRONGPASS invalid username-password pair or user is disabled.
    at parseError (/Users/adrianfranciscoperezgomez/Desktop/Personal Apps/vult-intel/node_modules/redis-parser/lib/parser.js:179:12)
    at parseType (/Users/adrianfranciscoperezgomez/Desktop/Personal Apps/vult-intel/node_modules/redis-parser/lib/parser.js:302:14) {
  command: { name: 'auth', args: [ 'IVB0VPnPl0urvQrpSKkbXLdEZBUfSHaP' ] }
}
Connected to Redis for persistence
Redis connection error: ReplyError: WRONGPASS invalid username-password pair or user is disabled.
    at parseError (/Users/adrianfranciscoperezgomez/Desktop/Personal Apps/vult-intel/node_modules/redis-parser/lib/parser.js:179:12)
    at parseType (/Users/adrianfranciscoperezgomez/Desktop/Personal Apps/vult-intel/node_modules/redis-parser/lib/parser.js:302:14) {
  command: { name: 'auth', args: [ 'IVB0VPnPl0urvQrpSKkbXLdEZBUfSHaP' ] }
}
ReplyError: WRONGPASS invalid username-password pair or user is disabled.
    at parseError (/Users/adrianfranciscoperezgomez/Desktop/Personal Apps/vult-intel/node_modules/redis-parser/lib/parser.js:179:12)
    at parseType (/Users/adrianfranciscoperezgomez/Desktop/Personal Apps/vult-intel/node_modules/redis-parser/lib/parser.js:302:14) {
  command: { name: 'auth', args: [ 'IVB0VPnPl0urvQrpSKkbXLdEZBUfSHaP' ] }
}
ReplyError: WRONGPASS invalid username-password pair or user is disabled.
    at parseError (/Users/adrianfranciscoperezgomez/Desktop/Personal Apps/vult-intel/node_modules/redis-parser/lib/parser.js:179:12)
    at parseType (/Users/adrianfranciscoperezgomez/Desktop/Personal Apps/vult-intel/node_modules/redis-parser/lib/parser.js:302:14) {
  command: { name: 'auth', args: [ 'IVB0VPnPl0urvQrpSKkbXLdEZBUfSHaP' ] }
}
ReplyError: WRONGPASS invalid username-password pair or user is disabled.
    at parseError (/Users/adrianfranciscoperezgomez/Desktop/Personal Apps/vult-intel/node_modules/redis-parser/lib/parser.js:179:12)
    at parseType (/Users/adrianfranciscoperezgomez/Desktop/Personal Apps/vult-intel/node_modules/redis-parser/lib/parser.js:302:14) {
  command: { name: 'auth', args: [ 'IVB0VPnPl0urvQrpSKkbXLdEZBUfSHaP' ] }
}
ReplyError: WRONGPASS invalid username-password pair or user is disabled.
    at parseError (/Users/adrianfranciscoperezgomez/Desktop/Personal Apps/vult-intel/node_modules/redis-parser/lib/parser.js:179:12)
    at parseType (/Users/adrianfranciscoperezgomez/Desktop/Personal Apps/vult-intel/node_modules/redis-parser/lib/parser.js:302:14) {
  command: { name: 'auth', args: [ 'IVB0VPnPl0urvQrpSKkbXLdEZBUfSHaP' ] }
}
ReplyError: WRONGPASS invalid username-password pair or user is disabled.
    at parseError (/Users/adrianfranciscoperezgomez/Desktop/Personal Apps/vult-intel/node_modules/redis-parser/lib/parser.js:179:12)
    at parseType (/Users/adrianfranciscoperezgomez/Desktop/Personal Apps/vult-intel/node_modules/redis-parser/lib/parser.js:302:14) {
  command: { name: 'auth', args: [ 'IVB0VPnPl0urvQrpSKkbXLdEZBUfSHaP' ] }
}
ReplyError: WRONGPASS invalid username-password pair or user is disabled.
    at parseError (/Users/adrianfranciscoperezgomez/Desktop/Personal Apps/vult-intel/node_modules/redis-parser/lib/parser.js:179:12)
    at parseType (/Users/adrianfranciscoperezgomez/Desktop/Personal Apps/vult-intel/node_modules/redis-parser/lib/parser.js:302:14) {
  command: { name: 'auth', args: [ 'IVB0VPnPl0urvQrpSKkbXLdEZBUfSHaP' ] }
}
Connected to Redis for persistence
Redis connection error: ReplyError: WRONGPASS invalid username-password pair or user is disabled.
    at parseError (/Users/adrianfranciscoperezgomez/Desktop/Personal Apps/vult-intel/node_modules/redis-parser/lib/parser.js:179:12)
    at parseType (/Users/adrianfranciscoperezgomez/Desktop/Personal Apps/vult-intel/node_modules/redis-parser/lib/parser.js:302:14) {
  command: { name: 'auth', args: [ 'IVB0VPnPl0urvQrpSKkbXLdEZBUfSHaP' ] }
}
ReplyError: WRONGPASS invalid username-password pair or user is disabled.
    at parseError (/Users/adrianfranciscoperezgomez/Desktop/Personal Apps/vult-intel/node_modules/redis-parser/lib/parser.js:179:12)
    at parseType (/Users/adrianfranciscoperezgomez/Desktop/Personal Apps/vult-intel/node_modules/redis-parser/lib/parser.js:302:14) {
  command: { name: 'auth', args: [ 'IVB0VPnPl0urvQrpSKkbXLdEZBUfSHaP' ] }
}
ReplyError: WRONGPASS invalid username-password pair or user is disabled.
    at parseError (/Users/adrianfranciscoperezgomez/Desktop/Personal Apps/vult-intel/node_modules/redis-parser/lib/parser.js:179:12)
    at parseType (/Users/adrianfranciscoperezgomez/Desktop/Personal Apps/vult-intel/node_modules/redis-parser/lib/parser.js:302:14) {
  command: { name: 'auth', args: [ 'IVB0VPnPl0urvQrpSKkbXLdEZBUfSHaP' ] }
}
ReplyError: WRONGPASS invalid username-password pair or user is disabled.
    at parseError (/Users/adrianfranciscoperezgomez/Desktop/Personal Apps/vult-intel/node_modules/redis-parser/lib/parser.js:179:12)
    at parseType (/Users/adrianfranciscoperezgomez/Desktop/Personal Apps/vult-intel/node_modules/redis-parser/lib/parser.js:302:14) {
  command: { name: 'auth', args: [ 'IVB0VPnPl0urvQrpSKkbXLdEZBUfSHaP' ] }
}
ReplyError: WRONGPASS invalid username-password pair or user is disabled.
    at parseError (/Users/adrianfranciscoperezgomez/Desktop/Personal Apps/vult-intel/node_modules/redis-parser/lib/parser.js:179:12)
    at parseType (/Users/adrianfranciscoperezgomez/Desktop/Personal Apps/vult-intel/node_modules/redis-parser/lib/parser.js:302:14) {
  command: { name: 'auth', args: [ 'IVB0VPnPl0urvQrpSKkbXLdEZBUfSHaP' ] }
}
ReplyError: WRONGPASS invalid username-password pair or user is disabled.
    at parseError (/Users/adrianfranciscoperezgomez/Desktop/Personal Apps/vult-intel/node_modules/redis-parser/lib/parser.js:179:12)
    at parseType (/Users/adrianfranciscoperezgomez/Desktop/Personal Apps/vult-intel/node_modules/redis-parser/lib/parser.js:302:14) {
  command: { name: 'auth', args: [ 'IVB0VPnPl0urvQrpSKkbXLdEZBUfSHaP' ] }
}
ReplyError: WRONGPASS invalid username-password pair or user is disabled.
    at parseError (/Users/adrianfranciscoperezgomez/Desktop/Personal Apps/vult-intel/node_modules/redis-parser/lib/parser.js:179:12)
    at parseType (/Users/adrianfranciscoperezgomez/Desktop/Personal Apps/vult-intel/node_modules/redis-parser/lib/parser.js:302:14) {
  command: { name: 'auth', args: [ 'IVB0VPnPl0urvQrpSKkbXLdEZBUfSHaP' ] }
}
Connected to Redis for persistence
Redis connection error: ReplyError: WRONGPASS invalid username-password pair or user is disabled.
    at parseError (/Users/adrianfranciscoperezgomez/Desktop/Personal Apps/vult-intel/node_modules/redis-parser/lib/parser.js:179:12)
    at parseType (/Users/adrianfranciscoperezgomez/Desktop/Personal Apps/vult-intel/node_modules/redis-parser/lib/parser.js:302:14) {
  command: { name: 'auth', args: [ 'IVB0VPnPl0urvQrpSKkbXLdEZBUfSHaP' ] }
}
ReplyError: WRONGPASS invalid username-password pair or user is disabled.
    at parseError (/Users/adrianfranciscoperezgomez/Desktop/Personal Apps/vult-intel/node_modules/redis-parser/lib/parser.js:179:12)
    at parseType (/Users/adrianfranciscoperezgomez/Desktop/Personal Apps/vult-intel/node_modules/redis-parser/lib/parser.js:302:14) {
  command: { name: 'auth', args: [ 'IVB0VPnPl0urvQrpSKkbXLdEZBUfSHaP' ] }
}
ReplyError: WRONGPASS invalid username-password pair or user is disabled.
    at parseError (/Users/adrianfranciscoperezgomez/Desktop/Personal Apps/vult-intel/node_modules/redis-parser/lib/parser.js:179:12)
    at parseType (/Users/adrianfranciscoperezgomez/Desktop/Personal Apps/vult-intel/node_modules/redis-parser/lib/parser.js:302:14) {
  command: { name: 'auth', args: [ 'IVB0VPnPl0urvQrpSKkbXLdEZBUfSHaP' ] }
}
ReplyError: WRONGPASS invalid username-password pair or user is disabled.
    at parseError (/Users/adrianfranciscoperezgomez/Desktop/Personal Apps/vult-intel/node_modules/redis-parser/lib/parser.js:179:12)
    at parseType (/Users/adrianfranciscoperezgomez/Desktop/Personal Apps/vult-intel/node_modules/redis-parser/lib/parser.js:302:14) {
  command: { name: 'auth', args: [ 'IVB0VPnPl0urvQrpSKkbXLdEZBUfSHaP' ] }
}
ReplyError: WRONGPASS invalid username-password pair or user is disabled.
    at parseError (/Users/adrianfranciscoperezgomez/Desktop/Personal Apps/vult-intel/node_modules/redis-parser/lib/parser.js:179:12)
    at parseType (/Users/adrianfranciscoperezgomez/Desktop/Personal Apps/vult-intel/node_modules/redis-parser/lib/parser.js:302:14) {
  command: { name: 'auth', args: [ 'IVB0VPnPl0urvQrpSKkbXLdEZBUfSHaP' ] }
}
ReplyError: WRONGPASS invalid username-password pair or user is disabled.
    at parseError (/Users/adrianfranciscoperezgomez/Desktop/Personal Apps/vult-intel/node_modules/redis-parser/lib/parser.js:179:12)
    at parseType (/Users/adrianfranciscoperezgomez/Desktop/Personal Apps/vult-intel/node_modules/redis-parser/lib/parser.js:302:14) {
  command: { name: 'auth', args: [ 'IVB0VPnPl0urvQrpSKkbXLdEZBUfSHaP' ] }
}
ReplyError: WRONGPASS invalid username-password pair or user is disabled.
    at parseError (/Users/adrianfranciscoperezgomez/Desktop/Personal Apps/vult-intel/node_modules/redis-parser/lib/parser.js:179:12)
    at parseType (/Users/adrianfranciscoperezgomez/Desktop/Personal Apps/vult-intel/node_modules/redis-parser/lib/parser.js:302:14) {
  command: { name: 'auth', args: [ 'IVB0VPnPl0urvQrpSKkbXLdEZBUfSHaP' ] }
}
Connected to Redis for persistence
Redis connection error: ReplyError: WRONGPASS invalid username-password pair or user is disabled.
    at parseError (/Users/adrianfranciscoperezgomez/Desktop/Personal Apps/vult-intel/node_modules/redis-parser/lib/parser.js:179:12)
    at parseType (/Users/adrianfranciscoperezgomez/Desktop/Personal Apps/vult-intel/node_modules/redis-parser/lib/parser.js:302:14) {
  command: { name: 'auth', args: [ 'IVB0VPnPl0urvQrpSKkbXLdEZBUfSHaP' ] }
}
ReplyError: WRONGPASS invalid username-password pair or user is disabled.
    at parseError (/Users/adrianfranciscoperezgomez/Desktop/Personal Apps/vult-intel/node_modules/redis-parser/lib/parser.js:179:12)
    at parseType (/Users/adrianfranciscoperezgomez/Desktop/Personal Apps/vult-intel/node_modules/redis-parser/lib/parser.js:302:14) {
  command: { name: 'auth', args: [ 'IVB0VPnPl0urvQrpSKkbXLdEZBUfSHaP' ] }
}
ReplyError: WRONGPASS invalid username-password pair or user is disabled.
    at parseError (/Users/adrianfranciscoperezgomez/Desktop/Personal Apps/vult-intel/node_modules/redis-parser/lib/parser.js:179:12)
    at parseType (/Users/adrianfranciscoperezgomez/Desktop/Personal Apps/vult-intel/node_modules/redis-parser/lib/parser.js:302:14) {
  command: { name: 'auth', args: [ 'IVB0VPnPl0urvQrpSKkbXLdEZBUfSHaP' ] }
}
ReplyError: WRONGPASS invalid username-password pair or user is disabled.
    at parseError (/Users/adrianfranciscoperezgomez/Desktop/Personal Apps/vult-intel/node_modules/redis-parser/lib/parser.js:179:12)
    at parseType (/Users/adrianfranciscoperezgomez/Desktop/Personal Apps/vult-intel/node_modules/redis-parser/lib/parser.js:302:14) {
  command: { name: 'auth', args: [ 'IVB0VPnPl0urvQrpSKkbXLdEZBUfSHaP' ] }
}
ReplyError: WRONGPASS invalid username-password pair or user is disabled.
    at parseError (/Users/adrianfranciscoperezgomez/Desktop/Personal Apps/vult-intel/node_modules/redis-parser/lib/parser.js:179:12)
    at parseType (/Users/adrianfranciscoperezgomez/Desktop/Personal Apps/vult-intel/node_modules/redis-parser/lib/parser.js:302:14) {
  command: { name: 'auth', args: [ 'IVB0VPnPl0urvQrpSKkbXLdEZBUfSHaP' ] }
}
ReplyError: WRONGPASS invalid username-password pair or user is disabled.
    at parseError (/Users/adrianfranciscoperezgomez/Desktop/Personal Apps/vult-intel/node_modules/redis-parser/lib/parser.js:179:12)
    at parseType (/Users/adrianfranciscoperezgomez/Desktop/Personal Apps/vult-intel/node_modules/redis-parser/lib/parser.js:302:14) {
  command: { name: 'auth', args: [ 'IVB0VPnPl0urvQrpSKkbXLdEZBUfSHaP' ] }
}
ReplyError: WRONGPASS invalid username-password pair or user is disabled.
    at parseError (/Users/adrianfranciscoperezgomez/Desktop/Personal Apps/vult-intel/node_modules/redis-parser/lib/parser.js:179:12)
    at parseType (/Users/adrianfranciscoperezgomez/Desktop/Personal Apps/vult-intel/node_modules/redis-parser/lib/parser.js:302:14) {
  command: { name: 'auth', args: [ 'IVB0VPnPl0urvQrpSKkbXLdEZBUfSHaP' ] }
}
Connected to Redis for persistence
Redis connection error: ReplyError: WRONGPASS invalid username-password pair or user is disabled.
    at parseError (/Users/adrianfranciscoperezgomez/Desktop/Personal Apps/vult-intel/node_modules/redis-parser/lib/parser.js:179:12)
    at parseType (/Users/adrianfranciscoperezgomez/Desktop/Personal Apps/vult-intel/node_modules/redis-parser/lib/parser.js:302:14) {
  command: { name: 'auth', args: [ 'IVB0VPnPl0urvQrpSKkbXLdEZBUfSHaP' ] }
}
ReplyError: WRONGPASS invalid username-password pair or user is disabled.
    at parseError (/Users/adrianfranciscoperezgomez/Desktop/Personal Apps/vult-intel/node_modules/redis-parser/lib/parser.js:179:12)
    at parseType (/Users/adrianfranciscoperezgomez/Desktop/Personal Apps/vult-intel/node_modules/redis-parser/lib/parser.js:302:14) {
  command: { name: 'auth', args: [ 'IVB0VPnPl0urvQrpSKkbXLdEZBUfSHaP' ] }
}
ReplyError: WRONGPASS invalid username-password pair or user is disabled.
    at parseError (/Users/adrianfranciscoperezgomez/Desktop/Personal Apps/vult-intel/node_modules/redis-parser/lib/parser.js:179:12)
    at parseType (/Users/adrianfranciscoperezgomez/Desktop/Personal Apps/vult-intel/node_modules/redis-parser/lib/parser.js:302:14) {
  command: { name: 'auth', args: [ 'IVB0VPnPl0urvQrpSKkbXLdEZBUfSHaP' ] }
}
ReplyError: WRONGPASS invalid username-password pair or user is disabled.
    at parseError (/Users/adrianfranciscoperezgomez/Desktop/Personal Apps/vult-intel/node_modules/redis-parser/lib/parser.js:179:12)
    at parseType (/Users/adrianfranciscoperezgomez/Desktop/Personal Apps/vult-intel/node_modules/redis-parser/lib/parser.js:302:14) {
  command: { name: 'auth', args: [ 'IVB0VPnPl0urvQrpSKkbXLdEZBUfSHaP' ] }
}
ReplyError: WRONGPASS invalid username-password pair or user is disabled.
    at parseError (/Users/adrianfranciscoperezgomez/Desktop/Personal Apps/vult-intel/node_modules/redis-parser/lib/parser.js:179:12)
    at parseType (/Users/adrianfranciscoperezgomez/Desktop/Personal Apps/vult-intel/node_modules/redis-parser/lib/parser.js:302:14) {
  command: { name: 'auth', args: [ 'IVB0VPnPl0urvQrpSKkbXLdEZBUfSHaP' ] }
}
ReplyError: WRONGPASS invalid username-password pair or user is disabled.
    at parseError (/Users/adrianfranciscoperezgomez/Desktop/Personal Apps/vult-intel/node_modules/redis-parser/lib/parser.js:179:12)
    at parseType (/Users/adrianfranciscoperezgomez/Desktop/Personal Apps/vult-intel/node_modules/redis-parser/lib/parser.js:302:14) {
  command: { name: 'auth', args: [ 'IVB0VPnPl0urvQrpSKkbXLdEZBUfSHaP' ] }
}
ReplyError: WRONGPASS invalid username-password pair or user is disabled.
    at parseError (/Users/adrianfranciscoperezgomez/Desktop/Personal Apps/vult-intel/node_modules/redis-parser/lib/parser.js:179:12)
    at parseType (/Users/adrianfranciscoperezgomez/Desktop/Personal Apps/vult-intel/node_modules/redis-parser/lib/parser.js:302:14) {
  command: { name: 'auth', args: [ 'IVB0VPnPl0urvQrpSKkbXLdEZBUfSHaP' ] }
}
Connected to Redis for persistence
Redis connection error: ReplyError: WRONGPASS invalid username-password pair or user is disabled.
    at parseError (/Users/adrianfranciscoperezgomez/Desktop/Personal Apps/vult-intel/node_modules/redis-parser/lib/parser.js:179:12)
    at parseType (/Users/adrianfranciscoperezgomez/Desktop/Personal Apps/vult-intel/node_modules/redis-parser/lib/parser.js:302:14) {
  command: { name: 'auth', args: [ 'IVB0VPnPl0urvQrpSKkbXLdEZBUfSHaP' ] }
}
ReplyError: WRONGPASS invalid username-password pair or user is disabled.
    at parseError (/Users/adrianfranciscoperezgomez/Desktop/Personal Apps/vult-intel/node_modules/redis-parser/lib/parser.js:179:12)
    at parseType (/Users/adrianfranciscoperezgomez/Desktop/Personal Apps/vult-intel/node_modules/redis-parser/lib/parser.js:302:14) {
  command: { name: 'auth', args: [ 'IVB0VPnPl0urvQrpSKkbXLdEZBUfSHaP' ] }
}
ReplyError: WRONGPASS invalid username-password pair or user is disabled.
    at parseError (/Users/adrianfranciscoperezgomez/Desktop/Personal Apps/vult-intel/node_modules/redis-parser/lib/parser.js:179:12)
    at parseType (/Users/adrianfranciscoperezgomez/Desktop/Personal Apps/vult-intel/node_modules/redis-parser/lib/parser.js:302:14) {
  command: { name: 'auth', args: [ 'IVB0VPnPl0urvQrpSKkbXLdEZBUfSHaP' ] }
}
ReplyError: WRONGPASS invalid username-password pair or user is disabled.
    at parseError (/Users/adrianfranciscoperezgomez/Desktop/Personal Apps/vult-intel/node_modules/redis-parser/lib/parser.js:179:12)
    at parseType (/Users/adrianfranciscoperezgomez/Desktop/Personal Apps/vult-intel/node_modules/redis-parser/lib/parser.js:302:14) {
  command: { name: 'auth', args: [ 'IVB0VPnPl0urvQrpSKkbXLdEZBUfSHaP' ] }
}
ReplyError: WRONGPASS invalid username-password pair or user is disabled.
    at parseError (/Users/adrianfranciscoperezgomez/Desktop/Personal Apps/vult-intel/node_modules/redis-parser/lib/parser.js:179:12)
    at parseType (/Users/adrianfranciscoperezgomez/Desktop/Personal Apps/vult-intel/node_modules/redis-parser/lib/parser.js:302:14) {
  command: { name: 'auth', args: [ 'IVB0VPnPl0urvQrpSKkbXLdEZBUfSHaP' ] }
}
ReplyError: WRONGPASS invalid username-password pair or user is disabled.
    at parseError (/Users/adrianfranciscoperezgomez/Desktop/Personal Apps/vult-intel/node_modules/redis-parser/lib/parser.js:179:12)
    at parseType (/Users/adrianfranciscoperezgomez/Desktop/Personal Apps/vult-intel/node_modules/redis-parser/lib/parser.js:302:14) {
  command: { name: 'auth', args: [ 'IVB0VPnPl0urvQrpSKkbXLdEZBUfSHaP' ] }
}
ReplyError: WRONGPASS invalid username-password pair or user is disabled.
    at parseError (/Users/adrianfranciscoperezgomez/Desktop/Personal Apps/vult-intel/node_modules/redis-parser/lib/parser.js:179:12)
    at parseType (/Users/adrianfranciscoperezgomez/Desktop/Personal Apps/vult-intel/node_modules/redis-parser/lib/parser.js:302:14) {
  command: { name: 'auth', args: [ 'IVB0VPnPl0urvQrpSKkbXLdEZBUfSHaP' ] }
}
Connected to Redis for persistence
Redis connection error: ReplyError: WRONGPASS invalid username-password pair or user is disabled.
    at parseError (/Users/adrianfranciscoperezgomez/Desktop/Personal Apps/vult-intel/node_modules/redis-parser/lib/parser.js:179:12)
    at parseType (/Users/adrianfranciscoperezgomez/Desktop/Personal Apps/vult-intel/node_modules/redis-parser/lib/parser.js:302:14) {
  command: { name: 'auth', args: [ 'IVB0VPnPl0urvQrpSKkbXLdEZBUfSHaP' ] }
}
ReplyError: WRONGPASS invalid username-password pair or user is disabled.
    at parseError (/Users/adrianfranciscoperezgomez/Desktop/Personal Apps/vult-intel/node_modules/redis-parser/lib/parser.js:179:12)
    at parseType (/Users/adrianfranciscoperezgomez/Desktop/Personal Apps/vult-intel/node_modules/redis-parser/lib/parser.js:302:14) {
  command: { name: 'auth', args: [ 'IVB0VPnPl0urvQrpSKkbXLdEZBUfSHaP' ] }
}
ReplyError: WRONGPASS invalid username-password pair or user is disabled.
    at parseError (/Users/adrianfranciscoperezgomez/Desktop/Personal Apps/vult-intel/node_modules/redis-parser/lib/parser.js:179:12)
    at parseType (/Users/adrianfranciscoperezgomez/Desktop/Personal Apps/vult-intel/node_modules/redis-parser/lib/parser.js:302:14) {
  command: { name: 'auth', args: [ 'IVB0VPnPl0urvQrpSKkbXLdEZBUfSHaP' ] }
}
ReplyError: WRONGPASS invalid username-password pair or user is disabled.
    at parseError (/Users/adrianfranciscoperezgomez/Desktop/Personal Apps/vult-intel/node_modules/redis-parser/lib/parser.js:179:12)
    at parseType (/Users/adrianfranciscoperezgomez/Desktop/Personal Apps/vult-intel/node_modules/redis-parser/lib/parser.js:302:14) {
  command: { name: 'auth', args: [ 'IVB0VPnPl0urvQrpSKkbXLdEZBUfSHaP' ] }
}
ReplyError: WRONGPASS invalid username-password pair or user is disabled.
    at parseError (/Users/adrianfranciscoperezgomez/Desktop/Personal Apps/vult-intel/node_modules/redis-parser/lib/parser.js:179:12)
    at parseType (/Users/adrianfranciscoperezgomez/Desktop/Personal Apps/vult-intel/node_modules/redis-parser/lib/parser.js:302:14) {
  command: { name: 'auth', args: [ 'IVB0VPnPl0urvQrpSKkbXLdEZBUfSHaP' ] }
}
ReplyError: WRONGPASS invalid username-password pair or user is disabled.
    at parseError (/Users/adrianfranciscoperezgomez/Desktop/Personal Apps/vult-intel/node_modules/redis-parser/lib/parser.js:179:12)
    at parseType (/Users/adrianfranciscoperezgomez/Desktop/Personal Apps/vult-intel/node_modules/redis-parser/lib/parser.js:302:14) {
  command: { name: 'auth', args: [ 'IVB0VPnPl0urvQrpSKkbXLdEZBUfSHaP' ] }
}
ReplyError: WRONGPASS invalid username-password pair or user is disabled.
    at parseError (/Users/adrianfranciscoperezgomez/Desktop/Personal Apps/vult-intel/node_modules/redis-parser/lib/parser.js:179:12)
    at parseType (/Users/adrianfranciscoperezgomez/Desktop/Personal Apps/vult-intel/node_modules/redis-parser/lib/parser.js:302:14) {
  command: { name: 'auth', args: [ 'IVB0VPnPl0urvQrpSKkbXLdEZBUfSHaP' ] }
}
Connected to Redis for persistence
Redis connection error: ReplyError: WRONGPASS invalid username-password pair or user is disabled.
    at parseError (/Users/adrianfranciscoperezgomez/Desktop/Personal Apps/vult-intel/node_modules/redis-parser/lib/parser.js:179:12)
    at parseType (/Users/adrianfranciscoperezgomez/Desktop/Personal Apps/vult-intel/node_modules/redis-parser/lib/parser.js:302:14) {
  command: { name: 'auth', args: [ 'IVB0VPnPl0urvQrpSKkbXLdEZBUfSHaP' ] }
}
ReplyError: WRONGPASS invalid username-password pair or user is disabled.
    at parseError (/Users/adrianfranciscoperezgomez/Desktop/Personal Apps/vult-intel/node_modules/redis-parser/lib/parser.js:179:12)
    at parseType (/Users/adrianfranciscoperezgomez/Desktop/Personal Apps/vult-intel/node_modules/redis-parser/lib/parser.js:302:14) {
  command: { name: 'auth', args: [ 'IVB0VPnPl0urvQrpSKkbXLdEZBUfSHaP' ] }
}
ReplyError: WRONGPASS invalid username-password pair or user is disabled.
    at parseError (/Users/adrianfranciscoperezgomez/Desktop/Personal Apps/vult-intel/node_modules/redis-parser/lib/parser.js:179:12)
    at parseType (/Users/adrianfranciscoperezgomez/Desktop/Personal Apps/vult-intel/node_modules/redis-parser/lib/parser.js:302:14) {
  command: { name: 'auth', args: [ 'IVB0VPnPl0urvQrpSKkbXLdEZBUfSHaP' ] }
}
ReplyError: WRONGPASS invalid username-password pair or user is disabled.
    at parseError (/Users/adrianfranciscoperezgomez/Desktop/Personal Apps/vult-intel/node_modules/redis-parser/lib/parser.js:179:12)
    at parseType (/Users/adrianfranciscoperezgomez/Desktop/Personal Apps/vult-intel/node_modules/redis-parser/lib/parser.js:302:14) {
  command: { name: 'auth', args: [ 'IVB0VPnPl0urvQrpSKkbXLdEZBUfSHaP' ] }
}
ReplyError: WRONGPASS invalid username-password pair or user is disabled.
    at parseError (/Users/adrianfranciscoperezgomez/Desktop/Personal Apps/vult-intel/node_modules/redis-parser/lib/parser.js:179:12)
    at parseType (/Users/adrianfranciscoperezgomez/Desktop/Personal Apps/vult-intel/node_modules/redis-parser/lib/parser.js:302:14) {
  command: { name: 'auth', args: [ 'IVB0VPnPl0urvQrpSKkbXLdEZBUfSHaP' ] }
}
ReplyError: WRONGPASS invalid username-password pair or user is disabled.
    at parseError (/Users/adrianfranciscoperezgomez/Desktop/Personal Apps/vult-intel/node_modules/redis-parser/lib/parser.js:179:12)
    at parseType (/Users/adrianfranciscoperezgomez/Desktop/Personal Apps/vult-intel/node_modules/redis-parser/lib/parser.js:302:14) {
  command: { name: 'auth', args: [ 'IVB0VPnPl0urvQrpSKkbXLdEZBUfSHaP' ] }
}
ReplyError: WRONGPASS invalid username-password pair or user is disabled.
    at parseError (/Users/adrianfranciscoperezgomez/Desktop/Personal Apps/vult-intel/node_modules/redis-parser/lib/parser.js:179:12)
    at parseType (/Users/adrianfranciscoperezgomez/Desktop/Personal Apps/vult-intel/node_modules/redis-parser/lib/parser.js:302:14) {
  command: { name: 'auth', args: [ 'IVB0VPnPl0urvQrpSKkbXLdEZBUfSHaP' ] }
}
Connected to Redis for persistence
Redis connection error: ReplyError: WRONGPASS invalid username-password pair or user is disabled.
    at parseError (/Users/adrianfranciscoperezgomez/Desktop/Personal Apps/vult-intel/node_modules/redis-parser/lib/parser.js:179:12)
    at parseType (/Users/adrianfranciscoperezgomez/Desktop/Personal Apps/vult-intel/node_modules/redis-parser/lib/parser.js:302:14) {
  command: { name: 'auth', args: [ 'IVB0VPnPl0urvQrpSKkbXLdEZBUfSHaP' ] }
}
ReplyError: WRONGPASS invalid username-password pair or user is disabled.
    at parseError (/Users/adrianfranciscoperezgomez/Desktop/Personal Apps/vult-intel/node_modules/redis-parser/lib/parser.js:179:12)
    at parseType (/Users/adrianfranciscoperezgomez/Desktop/Personal Apps/vult-intel/node_modules/redis-parser/lib/parser.js:302:14) {
  command: { name: 'auth', args: [ 'IVB0VPnPl0urvQrpSKkbXLdEZBUfSHaP' ] }
}
ReplyError: WRONGPASS invalid username-password pair or user is disabled.
    at parseError (/Users/adrianfranciscoperezgomez/Desktop/Personal Apps/vult-intel/node_modules/redis-parser/lib/parser.js:179:12)
    at parseType (/Users/adrianfranciscoperezgomez/Desktop/Personal Apps/vult-intel/node_modules/redis-parser/lib/parser.js:302:14) {
  command: { name: 'auth', args: [ 'IVB0VPnPl0urvQrpSKkbXLdEZBUfSHaP' ] }
}
ReplyError: WRONGPASS invalid username-password pair or user is disabled.
    at parseError (/Users/adrianfranciscoperezgomez/Desktop/Personal Apps/vult-intel/node_modules/redis-parser/lib/parser.js:179:12)
    at parseType (/Users/adrianfranciscoperezgomez/Desktop/Personal Apps/vult-intel/node_modules/redis-parser/lib/parser.js:302:14) {
  command: { name: 'auth', args: [ 'IVB0VPnPl0urvQrpSKkbXLdEZBUfSHaP' ] }
}
ReplyError: WRONGPASS invalid username-password pair or user is disabled.
    at parseError (/Users/adrianfranciscoperezgomez/Desktop/Personal Apps/vult-intel/node_modules/redis-parser/lib/parser.js:179:12)
    at parseType (/Users/adrianfranciscoperezgomez/Desktop/Personal Apps/vult-intel/node_modules/redis-parser/lib/parser.js:302:14) {
  command: { name: 'auth', args: [ 'IVB0VPnPl0urvQrpSKkbXLdEZBUfSHaP' ] }
}
ReplyError: WRONGPASS invalid username-password pair or user is disabled.
    at parseError (/Users/adrianfranciscoperezgomez/Desktop/Personal Apps/vult-intel/node_modules/redis-parser/lib/parser.js:179:12)
    at parseType (/Users/adrianfranciscoperezgomez/Desktop/Personal Apps/vult-intel/node_modules/redis-parser/lib/parser.js:302:14) {
  command: { name: 'auth', args: [ 'IVB0VPnPl0urvQrpSKkbXLdEZBUfSHaP' ] }
}
ReplyError: WRONGPASS invalid username-password pair or user is disabled.
    at parseError (/Users/adrianfranciscoperezgomez/Desktop/Personal Apps/vult-intel/node_modules/redis-parser/lib/parser.js:179:12)
    at parseType (/Users/adrianfranciscoperezgomez/Desktop/Personal Apps/vult-intel/node_modules/redis-parser/lib/parser.js:302:14) {
  command: { name: 'auth', args: [ 'IVB0VPnPl0urvQrpSKkbXLdEZBUfSHaP' ] }
}
Connected to Redis for persistence
Redis connection error: ReplyError: WRONGPASS invalid username-password pair or user is disabled.
    at parseError (/Users/adrianfranciscoperezgomez/Desktop/Personal Apps/vult-intel/node_modules/redis-parser/lib/parser.js:179:12)
    at parseType (/Users/adrianfranciscoperezgomez/Desktop/Personal Apps/vult-intel/node_modules/redis-parser/lib/parser.js:302:14) {
  command: { name: 'auth', args: [ 'IVB0VPnPl0urvQrpSKkbXLdEZBUfSHaP' ] }
}
ReplyError: WRONGPASS invalid username-password pair or user is disabled.
    at parseError (/Users/adrianfranciscoperezgomez/Desktop/Personal Apps/vult-intel/node_modules/redis-parser/lib/parser.js:179:12)
    at parseType (/Users/adrianfranciscoperezgomez/Desktop/Personal Apps/vult-intel/node_modules/redis-parser/lib/parser.js:302:14) {
  command: { name: 'auth', args: [ 'IVB0VPnPl0urvQrpSKkbXLdEZBUfSHaP' ] }
}
ReplyError: WRONGPASS invalid username-password pair or user is disabled.
    at parseError (/Users/adrianfranciscoperezgomez/Desktop/Personal Apps/vult-intel/node_modules/redis-parser/lib/parser.js:179:12)
    at parseType (/Users/adrianfranciscoperezgomez/Desktop/Personal Apps/vult-intel/node_modules/redis-parser/lib/parser.js:302:14) {
  command: { name: 'auth', args: [ 'IVB0VPnPl0urvQrpSKkbXLdEZBUfSHaP' ] }
}
ReplyError: WRONGPASS invalid username-password pair or user is disabled.
    at parseError (/Users/adrianfranciscoperezgomez/Desktop/Personal Apps/vult-intel/node_modules/redis-parser/lib/parser.js:179:12)
    at parseType (/Users/adrianfranciscoperezgomez/Desktop/Personal Apps/vult-intel/node_modules/redis-parser/lib/parser.js:302:14) {
  command: { name: 'auth', args: [ 'IVB0VPnPl0urvQrpSKkbXLdEZBUfSHaP' ] }
}
ReplyError: WRONGPASS invalid username-password pair or user is disabled.
    at parseError (/Users/adrianfranciscoperezgomez/Desktop/Personal Apps/vult-intel/node_modules/redis-parser/lib/parser.js:179:12)
    at parseType (/Users/adrianfranciscoperezgomez/Desktop/Personal Apps/vult-intel/node_modules/redis-parser/lib/parser.js:302:14) {
  command: { name: 'auth', args: [ 'IVB0VPnPl0urvQrpSKkbXLdEZBUfSHaP' ] }
}
ReplyError: WRONGPASS invalid username-password pair or user is disabled.
    at parseError (/Users/adrianfranciscoperezgomez/Desktop/Personal Apps/vult-intel/node_modules/redis-parser/lib/parser.js:179:12)
    at parseType (/Users/adrianfranciscoperezgomez/Desktop/Personal Apps/vult-intel/node_modules/redis-parser/lib/parser.js:302:14) {
  command: { name: 'auth', args: [ 'IVB0VPnPl0urvQrpSKkbXLdEZBUfSHaP' ] }
}
ReplyError: WRONGPASS invalid username-password pair or user is disabled.
    at parseError (/Users/adrianfranciscoperezgomez/Desktop/Personal Apps/vult-intel/node_modules/redis-parser/lib/parser.js:179:12)
    at parseType (/Users/adrianfranciscoperezgomez/Desktop/Personal Apps/vult-intel/node_modules/redis-parser/lib/parser.js:302:14) {
  command: { name: 'auth', args: [ 'IVB0VPnPl0urvQrpSKkbXLdEZBUfSHaP' ] }
}
Connected to Redis for persistence
Redis connection error: ReplyError: WRONGPASS invalid username-password pair or user is disabled.
    at parseError (/Users/adrianfranciscoperezgomez/Desktop/Personal Apps/vult-intel/node_modules/redis-parser/lib/parser.js:179:12)
    at parseType (/Users/adrianfranciscoperezgomez/Desktop/Personal Apps/vult-intel/node_modules/redis-parser/lib/parser.js:302:14) {
  command: { name: 'auth', args: [ 'IVB0VPnPl0urvQrpSKkbXLdEZBUfSHaP' ] }
}
ReplyError: WRONGPASS invalid username-password pair or user is disabled.
    at parseError (/Users/adrianfranciscoperezgomez/Desktop/Personal Apps/vult-intel/node_modules/redis-parser/lib/parser.js:179:12)
    at parseType (/Users/adrianfranciscoperezgomez/Desktop/Personal Apps/vult-intel/node_modules/redis-parser/lib/parser.js:302:14) {
  command: { name: 'auth', args: [ 'IVB0VPnPl0urvQrpSKkbXLdEZBUfSHaP' ] }
}
ReplyError: WRONGPASS invalid username-password pair or user is disabled.
    at parseError (/Users/adrianfranciscoperezgomez/Desktop/Personal Apps/vult-intel/node_modules/redis-parser/lib/parser.js:179:12)
    at parseType (/Users/adrianfranciscoperezgomez/Desktop/Personal Apps/vult-intel/node_modules/redis-parser/lib/parser.js:302:14) {
  command: { name: 'auth', args: [ 'IVB0VPnPl0urvQrpSKkbXLdEZBUfSHaP' ] }
}
ReplyError: WRONGPASS invalid username-password pair or user is disabled.
    at parseError (/Users/adrianfranciscoperezgomez/Desktop/Personal Apps/vult-intel/node_modules/redis-parser/lib/parser.js:179:12)
    at parseType (/Users/adrianfranciscoperezgomez/Desktop/Personal Apps/vult-intel/node_modules/redis-parser/lib/parser.js:302:14) {
  command: { name: 'auth', args: [ 'IVB0VPnPl0urvQrpSKkbXLdEZBUfSHaP' ] }
}
ReplyError: WRONGPASS invalid username-password pair or user is disabled.
    at parseError (/Users/adrianfranciscoperezgomez/Desktop/Personal Apps/vult-intel/node_modules/redis-parser/lib/parser.js:179:12)
    at parseType (/Users/adrianfranciscoperezgomez/Desktop/Personal Apps/vult-intel/node_modules/redis-parser/lib/parser.js:302:14) {
  command: { name: 'auth', args: [ 'IVB0VPnPl0urvQrpSKkbXLdEZBUfSHaP' ] }
}
ReplyError: WRONGPASS invalid username-password pair or user is disabled.
    at parseError (/Users/adrianfranciscoperezgomez/Desktop/Personal Apps/vult-intel/node_modules/redis-parser/lib/parser.js:179:12)
    at parseType (/Users/adrianfranciscoperezgomez/Desktop/Personal Apps/vult-intel/node_modules/redis-parser/lib/parser.js:302:14) {
  command: { name: 'auth', args: [ 'IVB0VPnPl0urvQrpSKkbXLdEZBUfSHaP' ] }
}
ReplyError: WRONGPASS invalid username-password pair or user is disabled.
    at parseError (/Users/adrianfranciscoperezgomez/Desktop/Personal Apps/vult-intel/node_modules/redis-parser/lib/parser.js:179:12)
    at parseType (/Users/adrianfranciscoperezgomez/Desktop/Personal Apps/vult-intel/node_modules/redis-parser/lib/parser.js:302:14) {
  command: { name: 'auth', args: [ 'IVB0VPnPl0urvQrpSKkbXLdEZBUfSHaP' ] }
}
Connected to Redis for persistence
Redis connection error: ReplyError: WRONGPASS invalid username-password pair or user is disabled.
    at parseError (/Users/adrianfranciscoperezgomez/Desktop/Personal Apps/vult-intel/node_modules/redis-parser/lib/parser.js:179:12)
    at parseType (/Users/adrianfranciscoperezgomez/Desktop/Personal Apps/vult-intel/node_modules/redis-parser/lib/parser.js:302:14) {
  command: { name: 'auth', args: [ 'IVB0VPnPl0urvQrpSKkbXLdEZBUfSHaP' ] }
}
ReplyError: WRONGPASS invalid username-password pair or user is disabled.
    at parseError (/Users/adrianfranciscoperezgomez/Desktop/Personal Apps/vult-intel/node_modules/redis-parser/lib/parser.js:179:12)
    at parseType (/Users/adrianfranciscoperezgomez/Desktop/Personal Apps/vult-intel/node_modules/redis-parser/lib/parser.js:302:14) {
  command: { name: 'auth', args: [ 'IVB0VPnPl0urvQrpSKkbXLdEZBUfSHaP' ] }
}
ReplyError: WRONGPASS invalid username-password pair or user is disabled.
    at parseError (/Users/adrianfranciscoperezgomez/Desktop/Personal Apps/vult-intel/node_modules/redis-parser/lib/parser.js:179:12)
    at parseType (/Users/adrianfranciscoperezgomez/Desktop/Personal Apps/vult-intel/node_modules/redis-parser/lib/parser.js:302:14) {
  command: { name: 'auth', args: [ 'IVB0VPnPl0urvQrpSKkbXLdEZBUfSHaP' ] }
}
ReplyError: WRONGPASS invalid username-password pair or user is disabled.
    at parseError (/Users/adrianfranciscoperezgomez/Desktop/Personal Apps/vult-intel/node_modules/redis-parser/lib/parser.js:179:12)
    at parseType (/Users/adrianfranciscoperezgomez/Desktop/Personal Apps/vult-intel/node_modules/redis-parser/lib/parser.js:302:14) {
  command: { name: 'auth', args: [ 'IVB0VPnPl0urvQrpSKkbXLdEZBUfSHaP' ] }
}
ReplyError: WRONGPASS invalid username-password pair or user is disabled.
    at parseError (/Users/adrianfranciscoperezgomez/Desktop/Personal Apps/vult-intel/node_modules/redis-parser/lib/parser.js:179:12)
    at parseType (/Users/adrianfranciscoperezgomez/Desktop/Personal Apps/vult-intel/node_modules/redis-parser/lib/parser.js:302:14) {
  command: { name: 'auth', args: [ 'IVB0VPnPl0urvQrpSKkbXLdEZBUfSHaP' ] }
}
ReplyError: WRONGPASS invalid username-password pair or user is disabled.
    at parseError (/Users/adrianfranciscoperezgomez/Desktop/Personal Apps/vult-intel/node_modules/redis-parser/lib/parser.js:179:12)
    at parseType (/Users/adrianfranciscoperezgomez/Desktop/Personal Apps/vult-intel/node_modules/redis-parser/lib/parser.js:302:14) {
  command: { name: 'auth', args: [ 'IVB0VPnPl0urvQrpSKkbXLdEZBUfSHaP' ] }
}
ReplyError: WRONGPASS invalid username-password pair or user is disabled.
    at parseError (/Users/adrianfranciscoperezgomez/Desktop/Personal Apps/vult-intel/node_modules/redis-parser/lib/parser.js:179:12)
    at parseType (/Users/adrianfranciscoperezgomez/Desktop/Personal Apps/vult-intel/node_modules/redis-parser/lib/parser.js:302:14) {
  command: { name: 'auth', args: [ 'IVB0VPnPl0urvQrpSKkbXLdEZBUfSHaP' ] }
}
Connected to Redis for persistence
Redis connection error: ReplyError: WRONGPASS invalid username-password pair or user is disabled.
    at parseError (/Users/adrianfranciscoperezgomez/Desktop/Personal Apps/vult-intel/node_modules/redis-parser/lib/parser.js:179:12)
    at parseType (/Users/adrianfranciscoperezgomez/Desktop/Personal Apps/vult-intel/node_modules/redis-parser/lib/parser.js:302:14) {
  command: { name: 'auth', args: [ 'IVB0VPnPl0urvQrpSKkbXLdEZBUfSHaP' ] }
}
ReplyError: WRONGPASS invalid username-password pair or user is disabled.
    at parseError (/Users/adrianfranciscoperezgomez/Desktop/Personal Apps/vult-intel/node_modules/redis-parser/lib/parser.js:179:12)
    at parseType (/Users/adrianfranciscoperezgomez/Desktop/Personal Apps/vult-intel/node_modules/redis-parser/lib/parser.js:302:14) {
  command: { name: 'auth', args: [ 'IVB0VPnPl0urvQrpSKkbXLdEZBUfSHaP' ] }
}
ReplyError: WRONGPASS invalid username-password pair or user is disabled.
    at parseError (/Users/adrianfranciscoperezgomez/Desktop/Personal Apps/vult-intel/node_modules/redis-parser/lib/parser.js:179:12)
    at parseType (/Users/adrianfranciscoperezgomez/Desktop/Personal Apps/vult-intel/node_modules/redis-parser/lib/parser.js:302:14) {
  command: { name: 'auth', args: [ 'IVB0VPnPl0urvQrpSKkbXLdEZBUfSHaP' ] }
}
ReplyError: WRONGPASS invalid username-password pair or user is disabled.
    at parseError (/Users/adrianfranciscoperezgomez/Desktop/Personal Apps/vult-intel/node_modules/redis-parser/lib/parser.js:179:12)
    at parseType (/Users/adrianfranciscoperezgomez/Desktop/Personal Apps/vult-intel/node_modules/redis-parser/lib/parser.js:302:14) {
  command: { name: 'auth', args: [ 'IVB0VPnPl0urvQrpSKkbXLdEZBUfSHaP' ] }
}
ReplyError: WRONGPASS invalid username-password pair or user is disabled.
    at parseError (/Users/adrianfranciscoperezgomez/Desktop/Personal Apps/vult-intel/node_modules/redis-parser/lib/parser.js:179:12)
    at parseType (/Users/adrianfranciscoperezgomez/Desktop/Personal Apps/vult-intel/node_modules/redis-parser/lib/parser.js:302:14) {
  command: { name: 'auth', args: [ 'IVB0VPnPl0urvQrpSKkbXLdEZBUfSHaP' ] }
}
ReplyError: WRONGPASS invalid username-password pair or user is disabled.
    at parseError (/Users/adrianfranciscoperezgomez/Desktop/Personal Apps/vult-intel/node_modules/redis-parser/lib/parser.js:179:12)
    at parseType (/Users/adrianfranciscoperezgomez/Desktop/Personal Apps/vult-intel/node_modules/redis-parser/lib/parser.js:302:14) {
  command: { name: 'auth', args: [ 'IVB0VPnPl0urvQrpSKkbXLdEZBUfSHaP' ] }
}
ReplyError: WRONGPASS invalid username-password pair or user is disabled.
    at parseError (/Users/adrianfranciscoperezgomez/Desktop/Personal Apps/vult-intel/node_modules/redis-parser/lib/parser.js:179:12)
    at parseType (/Users/adrianfranciscoperezgomez/Desktop/Personal Apps/vult-intel/node_modules/redis-parser/lib/parser.js:302:14) {
  command: { name: 'auth', args: [ 'IVB0VPnPl0urvQrpSKkbXLdEZBUfSHaP' ] }
}
Connected to Redis for persistence
Redis connection error: ReplyError: WRONGPASS invalid username-password pair or user is disabled.
    at parseError (/Users/adrianfranciscoperezgomez/Desktop/Personal Apps/vult-intel/node_modules/redis-parser/lib/parser.js:179:12)
    at parseType (/Users/adrianfranciscoperezgomez/Desktop/Personal Apps/vult-intel/node_modules/redis-parser/lib/parser.js:302:14) {
  command: { name: 'auth', args: [ 'IVB0VPnPl0urvQrpSKkbXLdEZBUfSHaP' ] }
}
ReplyError: WRONGPASS invalid username-password pair or user is disabled.
    at parseError (/Users/adrianfranciscoperezgomez/Desktop/Personal Apps/vult-intel/node_modules/redis-parser/lib/parser.js:179:12)
    at parseType (/Users/adrianfranciscoperezgomez/Desktop/Personal Apps/vult-intel/node_modules/redis-parser/lib/parser.js:302:14) {
  command: { name: 'auth', args: [ 'IVB0VPnPl0urvQrpSKkbXLdEZBUfSHaP' ] }
}
ReplyError: WRONGPASS invalid username-password pair or user is disabled.
    at parseError (/Users/adrianfranciscoperezgomez/Desktop/Personal Apps/vult-intel/node_modules/redis-parser/lib/parser.js:179:12)
    at parseType (/Users/adrianfranciscoperezgomez/Desktop/Personal Apps/vult-intel/node_modules/redis-parser/lib/parser.js:302:14) {
  command: { name: 'auth', args: [ 'IVB0VPnPl0urvQrpSKkbXLdEZBUfSHaP' ] }
}
ReplyError: WRONGPASS invalid username-password pair or user is disabled.
    at parseError (/Users/adrianfranciscoperezgomez/Desktop/Personal Apps/vult-intel/node_modules/redis-parser/lib/parser.js:179:12)
    at parseType (/Users/adrianfranciscoperezgomez/Desktop/Personal Apps/vult-intel/node_modules/redis-parser/lib/parser.js:302:14) {
  command: { name: 'auth', args: [ 'IVB0VPnPl0urvQrpSKkbXLdEZBUfSHaP' ] }
}
ReplyError: WRONGPASS invalid username-password pair or user is disabled.
    at parseError (/Users/adrianfranciscoperezgomez/Desktop/Personal Apps/vult-intel/node_modules/redis-parser/lib/parser.js:179:12)
    at parseType (/Users/adrianfranciscoperezgomez/Desktop/Personal Apps/vult-intel/node_modules/redis-parser/lib/parser.js:302:14) {
  command: { name: 'auth', args: [ 'IVB0VPnPl0urvQrpSKkbXLdEZBUfSHaP' ] }
}
ReplyError: WRONGPASS invalid username-password pair or user is disabled.
    at parseError (/Users/adrianfranciscoperezgomez/Desktop/Personal Apps/vult-intel/node_modules/redis-parser/lib/parser.js:179:12)
    at parseType (/Users/adrianfranciscoperezgomez/Desktop/Personal Apps/vult-intel/node_modules/redis-parser/lib/parser.js:302:14) {
  command: { name: 'auth', args: [ 'IVB0VPnPl0urvQrpSKkbXLdEZBUfSHaP' ] }
}
ReplyError: WRONGPASS invalid username-password pair or user is disabled.
    at parseError (/Users/adrianfranciscoperezgomez/Desktop/Personal Apps/vult-intel/node_modules/redis-parser/lib/parser.js:179:12)
    at parseType (/Users/adrianfranciscoperezgomez/Desktop/Personal Apps/vult-intel/node_modules/redis-parser/lib/parser.js:302:14) {
  command: { name: 'auth', args: [ 'IVB0VPnPl0urvQrpSKkbXLdEZBUfSHaP' ] }
}
Connected to Redis for persistence
Redis connection error: ReplyError: WRONGPASS invalid username-password pair or user is disabled.
    at parseError (/Users/adrianfranciscoperezgomez/Desktop/Personal Apps/vult-intel/node_modules/redis-parser/lib/parser.js:179:12)
    at parseType (/Users/adrianfranciscoperezgomez/Desktop/Personal Apps/vult-intel/node_modules/redis-parser/lib/parser.js:302:14) {
  command: { name: 'auth', args: [ 'IVB0VPnPl0urvQrpSKkbXLdEZBUfSHaP' ] }
}
ReplyError: WRONGPASS invalid username-password pair or user is disabled.
    at parseError (/Users/adrianfranciscoperezgomez/Desktop/Personal Apps/vult-intel/node_modules/redis-parser/lib/parser.js:179:12)
    at parseType (/Users/adrianfranciscoperezgomez/Desktop/Personal Apps/vult-intel/node_modules/redis-parser/lib/parser.js:302:14) {
  command: { name: 'auth', args: [ 'IVB0VPnPl0urvQrpSKkbXLdEZBUfSHaP' ] }
}
ReplyError: WRONGPASS invalid username-password pair or user is disabled.
    at parseError (/Users/adrianfranciscoperezgomez/Desktop/Personal Apps/vult-intel/node_modules/redis-parser/lib/parser.js:179:12)
    at parseType (/Users/adrianfranciscoperezgomez/Desktop/Personal Apps/vult-intel/node_modules/redis-parser/lib/parser.js:302:14) {
  command: { name: 'auth', args: [ 'IVB0VPnPl0urvQrpSKkbXLdEZBUfSHaP' ] }
}
ReplyError: WRONGPASS invalid username-password pair or user is disabled.
    at parseError (/Users/adrianfranciscoperezgomez/Desktop/Personal Apps/vult-intel/node_modules/redis-parser/lib/parser.js:179:12)
    at parseType (/Users/adrianfranciscoperezgomez/Desktop/Personal Apps/vult-intel/node_modules/redis-parser/lib/parser.js:302:14) {
  command: { name: 'auth', args: [ 'IVB0VPnPl0urvQrpSKkbXLdEZBUfSHaP' ] }
}
ReplyError: WRONGPASS invalid username-password pair or user is disabled.
    at parseError (/Users/adrianfranciscoperezgomez/Desktop/Personal Apps/vult-intel/node_modules/redis-parser/lib/parser.js:179:12)
    at parseType (/Users/adrianfranciscoperezgomez/Desktop/Personal Apps/vult-intel/node_modules/redis-parser/lib/parser.js:302:14) {
  command: { name: 'auth', args: [ 'IVB0VPnPl0urvQrpSKkbXLdEZBUfSHaP' ] }
}
ReplyError: WRONGPASS invalid username-password pair or user is disabled.
    at parseError (/Users/adrianfranciscoperezgomez/Desktop/Personal Apps/vult-intel/node_modules/redis-parser/lib/parser.js:179:12)
    at parseType (/Users/adrianfranciscoperezgomez/Desktop/Personal Apps/vult-intel/node_modules/redis-parser/lib/parser.js:302:14) {
  command: { name: 'auth', args: [ 'IVB0VPnPl0urvQrpSKkbXLdEZBUfSHaP' ] }
}
ReplyError: WRONGPASS invalid username-password pair or user is disabled.
    at parseError (/Users/adrianfranciscoperezgomez/Desktop/Personal Apps/vult-intel/node_modules/redis-parser/lib/parser.js:179:12)
    at parseType (/Users/adrianfranciscoperezgomez/Desktop/Personal Apps/vult-intel/node_modules/redis-parser/lib/parser.js:302:14) {
  command: { name: 'auth', args: [ 'IVB0VPnPl0urvQrpSKkbXLdEZBUfSHaP' ] }
}
Connected to Redis for persistence
Redis connection error: ReplyError: WRONGPASS invalid username-password pair or user is disabled.
    at parseError (/Users/adrianfranciscoperezgomez/Desktop/Personal Apps/vult-intel/node_modules/redis-parser/lib/parser.js:179:12)
    at parseType (/Users/adrianfranciscoperezgomez/Desktop/Personal Apps/vult-intel/node_modules/redis-parser/lib/parser.js:302:14) {
  command: { name: 'auth', args: [ 'IVB0VPnPl0urvQrpSKkbXLdEZBUfSHaP' ] }
}
ReplyError: WRONGPASS invalid username-password pair or user is disabled.
    at parseError (/Users/adrianfranciscoperezgomez/Desktop/Personal Apps/vult-intel/node_modules/redis-parser/lib/parser.js:179:12)
    at parseType (/Users/adrianfranciscoperezgomez/Desktop/Personal Apps/vult-intel/node_modules/redis-parser/lib/parser.js:302:14) {
  command: { name: 'auth', args: [ 'IVB0VPnPl0urvQrpSKkbXLdEZBUfSHaP' ] }
}
ReplyError: WRONGPASS invalid username-password pair or user is disabled.
    at parseError (/Users/adrianfranciscoperezgomez/Desktop/Personal Apps/vult-intel/node_modules/redis-parser/lib/parser.js:179:12)
    at parseType (/Users/adrianfranciscoperezgomez/Desktop/Personal Apps/vult-intel/node_modules/redis-parser/lib/parser.js:302:14) {
  command: { name: 'auth', args: [ 'IVB0VPnPl0urvQrpSKkbXLdEZBUfSHaP' ] }
}
ReplyError: WRONGPASS invalid username-password pair or user is disabled.
    at parseError (/Users/adrianfranciscoperezgomez/Desktop/Personal Apps/vult-intel/node_modules/redis-parser/lib/parser.js:179:12)
    at parseType (/Users/adrianfranciscoperezgomez/Desktop/Personal Apps/vult-intel/node_modules/redis-parser/lib/parser.js:302:14) {
  command: { name: 'auth', args: [ 'IVB0VPnPl0urvQrpSKkbXLdEZBUfSHaP' ] }
}
ReplyError: WRONGPASS invalid username-password pair or user is disabled.
    at parseError (/Users/adrianfranciscoperezgomez/Desktop/Personal Apps/vult-intel/node_modules/redis-parser/lib/parser.js:179:12)
    at parseType (/Users/adrianfranciscoperezgomez/Desktop/Personal Apps/vult-intel/node_modules/redis-parser/lib/parser.js:302:14) {
  command: { name: 'auth', args: [ 'IVB0VPnPl0urvQrpSKkbXLdEZBUfSHaP' ] }
}
ReplyError: WRONGPASS invalid username-password pair or user is disabled.
    at parseError (/Users/adrianfranciscoperezgomez/Desktop/Personal Apps/vult-intel/node_modules/redis-parser/lib/parser.js:179:12)
    at parseType (/Users/adrianfranciscoperezgomez/Desktop/Personal Apps/vult-intel/node_modules/redis-parser/lib/parser.js:302:14) {
  command: { name: 'auth', args: [ 'IVB0VPnPl0urvQrpSKkbXLdEZBUfSHaP' ] }
}
ReplyError: WRONGPASS invalid username-password pair or user is disabled.
    at parseError (/Users/adrianfranciscoperezgomez/Desktop/Personal Apps/vult-intel/node_modules/redis-parser/lib/parser.js:179:12)
    at parseType (/Users/adrianfranciscoperezgomez/Desktop/Personal Apps/vult-intel/node_modules/redis-parser/lib/parser.js:302:14) {
  command: { name: 'auth', args: [ 'IVB0VPnPl0urvQrpSKkbXLdEZBUfSHaP' ] }
}
Connected to Redis for persistence
Redis connection error: ReplyError: WRONGPASS invalid username-password pair or user is disabled.
    at parseError (/Users/adrianfranciscoperezgomez/Desktop/Personal Apps/vult-intel/node_modules/redis-parser/lib/parser.js:179:12)
    at parseType (/Users/adrianfranciscoperezgomez/Desktop/Personal Apps/vult-intel/node_modules/redis-parser/lib/parser.js:302:14) {
  command: { name: 'auth', args: [ 'IVB0VPnPl0urvQrpSKkbXLdEZBUfSHaP' ] }
}
ReplyError: WRONGPASS invalid username-password pair or user is disabled.
    at parseError (/Users/adrianfranciscoperezgomez/Desktop/Personal Apps/vult-intel/node_modules/redis-parser/lib/parser.js:179:12)
    at parseType (/Users/adrianfranciscoperezgomez/Desktop/Personal Apps/vult-intel/node_modules/redis-parser/lib/parser.js:302:14) {
  command: { name: 'auth', args: [ 'IVB0VPnPl0urvQrpSKkbXLdEZBUfSHaP' ] }
}
ReplyError: WRONGPASS invalid username-password pair or user is disabled.
    at parseError (/Users/adrianfranciscoperezgomez/Desktop/Personal Apps/vult-intel/node_modules/redis-parser/lib/parser.js:179:12)
    at parseType (/Users/adrianfranciscoperezgomez/Desktop/Personal Apps/vult-intel/node_modules/redis-parser/lib/parser.js:302:14) {
  command: { name: 'auth', args: [ 'IVB0VPnPl0urvQrpSKkbXLdEZBUfSHaP' ] }
}
ReplyError: WRONGPASS invalid username-password pair or user is disabled.
    at parseError (/Users/adrianfranciscoperezgomez/Desktop/Personal Apps/vult-intel/node_modules/redis-parser/lib/parser.js:179:12)
    at parseType (/Users/adrianfranciscoperezgomez/Desktop/Personal Apps/vult-intel/node_modules/redis-parser/lib/parser.js:302:14) {
  command: { name: 'auth', args: [ 'IVB0VPnPl0urvQrpSKkbXLdEZBUfSHaP' ] }
}
ReplyError: WRONGPASS invalid username-password pair or user is disabled.
    at parseError (/Users/adrianfranciscoperezgomez/Desktop/Personal Apps/vult-intel/node_modules/redis-parser/lib/parser.js:179:12)
    at parseType (/Users/adrianfranciscoperezgomez/Desktop/Personal Apps/vult-intel/node_modules/redis-parser/lib/parser.js:302:14) {
  command: { name: 'auth', args: [ 'IVB0VPnPl0urvQrpSKkbXLdEZBUfSHaP' ] }
}
ReplyError: WRONGPASS invalid username-password pair or user is disabled.
    at parseError (/Users/adrianfranciscoperezgomez/Desktop/Personal Apps/vult-intel/node_modules/redis-parser/lib/parser.js:179:12)
    at parseType (/Users/adrianfranciscoperezgomez/Desktop/Personal Apps/vult-intel/node_modules/redis-parser/lib/parser.js:302:14) {
  command: { name: 'auth', args: [ 'IVB0VPnPl0urvQrpSKkbXLdEZBUfSHaP' ] }
}
ReplyError: WRONGPASS invalid username-password pair or user is disabled.
    at parseError (/Users/adrianfranciscoperezgomez/Desktop/Personal Apps/vult-intel/node_modules/redis-parser/lib/parser.js:179:12)
    at parseType (/Users/adrianfranciscoperezgomez/Desktop/Personal Apps/vult-intel/node_modules/redis-parser/lib/parser.js:302:14) {
  command: { name: 'auth', args: [ 'IVB0VPnPl0urvQrpSKkbXLdEZBUfSHaP' ] }
}
Connected to Redis for persistence
Redis connection error: ReplyError: WRONGPASS invalid username-password pair or user is disabled.
    at parseError (/Users/adrianfranciscoperezgomez/Desktop/Personal Apps/vult-intel/node_modules/redis-parser/lib/parser.js:179:12)
    at parseType (/Users/adrianfranciscoperezgomez/Desktop/Personal Apps/vult-intel/node_modules/redis-parser/lib/parser.js:302:14) {
  command: { name: 'auth', args: [ 'IVB0VPnPl0urvQrpSKkbXLdEZBUfSHaP' ] }
}
ReplyError: WRONGPASS invalid username-password pair or user is disabled.
    at parseError (/Users/adrianfranciscoperezgomez/Desktop/Personal Apps/vult-intel/node_modules/redis-parser/lib/parser.js:179:12)
    at parseType (/Users/adrianfranciscoperezgomez/Desktop/Personal Apps/vult-intel/node_modules/redis-parser/lib/parser.js:302:14) {
  command: { name: 'auth', args: [ 'IVB0VPnPl0urvQrpSKkbXLdEZBUfSHaP' ] }
}
ReplyError: WRONGPASS invalid username-password pair or user is disabled.
    at parseError (/Users/adrianfranciscoperezgomez/Desktop/Personal Apps/vult-intel/node_modules/redis-parser/lib/parser.js:179:12)
    at parseType (/Users/adrianfranciscoperezgomez/Desktop/Personal Apps/vult-intel/node_modules/redis-parser/lib/parser.js:302:14) {
  command: { name: 'auth', args: [ 'IVB0VPnPl0urvQrpSKkbXLdEZBUfSHaP' ] }
}
ReplyError: WRONGPASS invalid username-password pair or user is disabled.
    at parseError (/Users/adrianfranciscoperezgomez/Desktop/Personal Apps/vult-intel/node_modules/redis-parser/lib/parser.js:179:12)
    at parseType (/Users/adrianfranciscoperezgomez/Desktop/Personal Apps/vult-intel/node_modules/redis-parser/lib/parser.js:302:14) {
  command: { name: 'auth', args: [ 'IVB0VPnPl0urvQrpSKkbXLdEZBUfSHaP' ] }
}
ReplyError: WRONGPASS invalid username-password pair or user is disabled.
    at parseError (/Users/adrianfranciscoperezgomez/Desktop/Personal Apps/vult-intel/node_modules/redis-parser/lib/parser.js:179:12)
    at parseType (/Users/adrianfranciscoperezgomez/Desktop/Personal Apps/vult-intel/node_modules/redis-parser/lib/parser.js:302:14) {
  command: { name: 'auth', args: [ 'IVB0VPnPl0urvQrpSKkbXLdEZBUfSHaP' ] }
}
ReplyError: WRONGPASS invalid username-password pair or user is disabled.
    at parseError (/Users/adrianfranciscoperezgomez/Desktop/Personal Apps/vult-intel/node_modules/redis-parser/lib/parser.js:179:12)
    at parseType (/Users/adrianfranciscoperezgomez/Desktop/Personal Apps/vult-intel/node_modules/redis-parser/lib/parser.js:302:14) {
  command: { name: 'auth', args: [ 'IVB0VPnPl0urvQrpSKkbXLdEZBUfSHaP' ] }
}
ReplyError: WRONGPASS invalid username-password pair or user is disabled.
    at parseError (/Users/adrianfranciscoperezgomez/Desktop/Personal Apps/vult-intel/node_modules/redis-parser/lib/parser.js:179:12)
    at parseType (/Users/adrianfranciscoperezgomez/Desktop/Personal Apps/vult-intel/node_modules/redis-parser/lib/parser.js:302:14) {
  command: { name: 'auth', args: [ 'IVB0VPnPl0urvQrpSKkbXLdEZBUfSHaP' ] }
}
Connected to Redis for persistence
Redis connection error: ReplyError: WRONGPASS invalid username-password pair or user is disabled.
    at parseError (/Users/adrianfranciscoperezgomez/Desktop/Personal Apps/vult-intel/node_modules/redis-parser/lib/parser.js:179:12)
    at parseType (/Users/adrianfranciscoperezgomez/Desktop/Personal Apps/vult-intel/node_modules/redis-parser/lib/parser.js:302:14) {
  command: { name: 'auth', args: [ 'IVB0VPnPl0urvQrpSKkbXLdEZBUfSHaP' ] }
}
ReplyError: WRONGPASS invalid username-password pair or user is disabled.
    at parseError (/Users/adrianfranciscoperezgomez/Desktop/Personal Apps/vult-intel/node_modules/redis-parser/lib/parser.js:179:12)
    at parseType (/Users/adrianfranciscoperezgomez/Desktop/Personal Apps/vult-intel/node_modules/redis-parser/lib/parser.js:302:14) {
  command: { name: 'auth', args: [ 'IVB0VPnPl0urvQrpSKkbXLdEZBUfSHaP' ] }
}
ReplyError: WRONGPASS invalid username-password pair or user is disabled.
    at parseError (/Users/adrianfranciscoperezgomez/Desktop/Personal Apps/vult-intel/node_modules/redis-parser/lib/parser.js:179:12)
    at parseType (/Users/adrianfranciscoperezgomez/Desktop/Personal Apps/vult-intel/node_modules/redis-parser/lib/parser.js:302:14) {
  command: { name: 'auth', args: [ 'IVB0VPnPl0urvQrpSKkbXLdEZBUfSHaP' ] }
}
ReplyError: WRONGPASS invalid username-password pair or user is disabled.
    at parseError (/Users/adrianfranciscoperezgomez/Desktop/Personal Apps/vult-intel/node_modules/redis-parser/lib/parser.js:179:12)
    at parseType (/Users/adrianfranciscoperezgomez/Desktop/Personal Apps/vult-intel/node_modules/redis-parser/lib/parser.js:302:14) {
  command: { name: 'auth', args: [ 'IVB0VPnPl0urvQrpSKkbXLdEZBUfSHaP' ] }
}
ReplyError: WRONGPASS invalid username-password pair or user is disabled.
    at parseError (/Users/adrianfranciscoperezgomez/Desktop/Personal Apps/vult-intel/node_modules/redis-parser/lib/parser.js:179:12)
    at parseType (/Users/adrianfranciscoperezgomez/Desktop/Personal Apps/vult-intel/node_modules/redis-parser/lib/parser.js:302:14) {
  command: { name: 'auth', args: [ 'IVB0VPnPl0urvQrpSKkbXLdEZBUfSHaP' ] }
}
ReplyError: WRONGPASS invalid username-password pair or user is disabled.
    at parseError (/Users/adrianfranciscoperezgomez/Desktop/Personal Apps/vult-intel/node_modules/redis-parser/lib/parser.js:179:12)
    at parseType (/Users/adrianfranciscoperezgomez/Desktop/Personal Apps/vult-intel/node_modules/redis-parser/lib/parser.js:302:14) {
  command: { name: 'auth', args: [ 'IVB0VPnPl0urvQrpSKkbXLdEZBUfSHaP' ] }
}
ReplyError: WRONGPASS invalid username-password pair or user is disabled.
    at parseError (/Users/adrianfranciscoperezgomez/Desktop/Personal Apps/vult-intel/node_modules/redis-parser/lib/parser.js:179:12)
    at parseType (/Users/adrianfranciscoperezgomez/Desktop/Personal Apps/vult-intel/node_modules/redis-parser/lib/parser.js:302:14) {
  command: { name: 'auth', args: [ 'IVB0VPnPl0urvQrpSKkbXLdEZBUfSHaP' ] }
}
Connected to Redis for persistence
Redis connection error: ReplyError: WRONGPASS invalid username-password pair or user is disabled.
    at parseError (/Users/adrianfranciscoperezgomez/Desktop/Personal Apps/vult-intel/node_modules/redis-parser/lib/parser.js:179:12)
    at parseType (/Users/adrianfranciscoperezgomez/Desktop/Personal Apps/vult-intel/node_modules/redis-parser/lib/parser.js:302:14) {
  command: { name: 'auth', args: [ 'IVB0VPnPl0urvQrpSKkbXLdEZBUfSHaP' ] }
}
ReplyError: WRONGPASS invalid username-password pair or user is disabled.
    at parseError (/Users/adrianfranciscoperezgomez/Desktop/Personal Apps/vult-intel/node_modules/redis-parser/lib/parser.js:179:12)
    at parseType (/Users/adrianfranciscoperezgomez/Desktop/Personal Apps/vult-intel/node_modules/redis-parser/lib/parser.js:302:14) {
  command: { name: 'auth', args: [ 'IVB0VPnPl0urvQrpSKkbXLdEZBUfSHaP' ] }
}
ReplyError: WRONGPASS invalid username-password pair or user is disabled.
    at parseError (/Users/adrianfranciscoperezgomez/Desktop/Personal Apps/vult-intel/node_modules/redis-parser/lib/parser.js:179:12)
    at parseType (/Users/adrianfranciscoperezgomez/Desktop/Personal Apps/vult-intel/node_modules/redis-parser/lib/parser.js:302:14) {
  command: { name: 'auth', args: [ 'IVB0VPnPl0urvQrpSKkbXLdEZBUfSHaP' ] }
}
ReplyError: WRONGPASS invalid username-password pair or user is disabled.
    at parseError (/Users/adrianfranciscoperezgomez/Desktop/Personal Apps/vult-intel/node_modules/redis-parser/lib/parser.js:179:12)
    at parseType (/Users/adrianfranciscoperezgomez/Desktop/Personal Apps/vult-intel/node_modules/redis-parser/lib/parser.js:302:14) {
  command: { name: 'auth', args: [ 'IVB0VPnPl0urvQrpSKkbXLdEZBUfSHaP' ] }
}
ReplyError: WRONGPASS invalid username-password pair or user is disabled.
    at parseError (/Users/adrianfranciscoperezgomez/Desktop/Personal Apps/vult-intel/node_modules/redis-parser/lib/parser.js:179:12)
    at parseType (/Users/adrianfranciscoperezgomez/Desktop/Personal Apps/vult-intel/node_modules/redis-parser/lib/parser.js:302:14) {
  command: { name: 'auth', args: [ 'IVB0VPnPl0urvQrpSKkbXLdEZBUfSHaP' ] }
}
ReplyError: WRONGPASS invalid username-password pair or user is disabled.
    at parseError (/Users/adrianfranciscoperezgomez/Desktop/Personal Apps/vult-intel/node_modules/redis-parser/lib/parser.js:179:12)
    at parseType (/Users/adrianfranciscoperezgomez/Desktop/Personal Apps/vult-intel/node_modules/redis-parser/lib/parser.js:302:14) {
  command: { name: 'auth', args: [ 'IVB0VPnPl0urvQrpSKkbXLdEZBUfSHaP' ] }
}
ReplyError: WRONGPASS invalid username-password pair or user is disabled.
    at parseError (/Users/adrianfranciscoperezgomez/Desktop/Personal Apps/vult-intel/node_modules/redis-parser/lib/parser.js:179:12)
    at parseType (/Users/adrianfranciscoperezgomez/Desktop/Personal Apps/vult-intel/node_modules/redis-parser/lib/parser.js:302:14) {
  command: { name: 'auth', args: [ 'IVB0VPnPl0urvQrpSKkbXLdEZBUfSHaP' ] }
}
Connected to Redis for persistence
Redis connection error: ReplyError: WRONGPASS invalid username-password pair or user is disabled.
    at parseError (/Users/adrianfranciscoperezgomez/Desktop/Personal Apps/vult-intel/node_modules/redis-parser/lib/parser.js:179:12)
    at parseType (/Users/adrianfranciscoperezgomez/Desktop/Personal Apps/vult-intel/node_modules/redis-parser/lib/parser.js:302:14) {
  command: { name: 'auth', args: [ 'IVB0VPnPl0urvQrpSKkbXLdEZBUfSHaP' ] }
}
ReplyError: WRONGPASS invalid username-password pair or user is disabled.
    at parseError (/Users/adrianfranciscoperezgomez/Desktop/Personal Apps/vult-intel/node_modules/redis-parser/lib/parser.js:179:12)
    at parseType (/Users/adrianfranciscoperezgomez/Desktop/Personal Apps/vult-intel/node_modules/redis-parser/lib/parser.js:302:14) {
  command: { name: 'auth', args: [ 'IVB0VPnPl0urvQrpSKkbXLdEZBUfSHaP' ] }
}
ReplyError: WRONGPASS invalid username-password pair or user is disabled.
    at parseError (/Users/adrianfranciscoperezgomez/Desktop/Personal Apps/vult-intel/node_modules/redis-parser/lib/parser.js:179:12)
    at parseType (/Users/adrianfranciscoperezgomez/Desktop/Personal Apps/vult-intel/node_modules/redis-parser/lib/parser.js:302:14) {
  command: { name: 'auth', args: [ 'IVB0VPnPl0urvQrpSKkbXLdEZBUfSHaP' ] }
}
ReplyError: WRONGPASS invalid username-password pair or user is disabled.
    at parseError (/Users/adrianfranciscoperezgomez/Desktop/Personal Apps/vult-intel/node_modules/redis-parser/lib/parser.js:179:12)
    at parseType (/Users/adrianfranciscoperezgomez/Desktop/Personal Apps/vult-intel/node_modules/redis-parser/lib/parser.js:302:14) {
  command: { name: 'auth', args: [ 'IVB0VPnPl0urvQrpSKkbXLdEZBUfSHaP' ] }
}
ReplyError: WRONGPASS invalid username-password pair or user is disabled.
    at parseError (/Users/adrianfranciscoperezgomez/Desktop/Personal Apps/vult-intel/node_modules/redis-parser/lib/parser.js:179:12)
    at parseType (/Users/adrianfranciscoperezgomez/Desktop/Personal Apps/vult-intel/node_modules/redis-parser/lib/parser.js:302:14) {
  command: { name: 'auth', args: [ 'IVB0VPnPl0urvQrpSKkbXLdEZBUfSHaP' ] }
}
ReplyError: WRONGPASS invalid username-password pair or user is disabled.
    at parseError (/Users/adrianfranciscoperezgomez/Desktop/Personal Apps/vult-intel/node_modules/redis-parser/lib/parser.js:179:12)
    at parseType (/Users/adrianfranciscoperezgomez/Desktop/Personal Apps/vult-intel/node_modules/redis-parser/lib/parser.js:302:14) {
  command: { name: 'auth', args: [ 'IVB0VPnPl0urvQrpSKkbXLdEZBUfSHaP' ] }
}
ReplyError: WRONGPASS invalid username-password pair or user is disabled.
    at parseError (/Users/adrianfranciscoperezgomez/Desktop/Personal Apps/vult-intel/node_modules/redis-parser/lib/parser.js:179:12)
    at parseType (/Users/adrianfranciscoperezgomez/Desktop/Personal Apps/vult-intel/node_modules/redis-parser/lib/parser.js:302:14) {
  command: { name: 'auth', args: [ 'IVB0VPnPl0urvQrpSKkbXLdEZBUfSHaP' ] }
}
Connected to Redis for persistence
Redis connection error: ReplyError: WRONGPASS invalid username-password pair or user is disabled.
    at parseError (/Users/adrianfranciscoperezgomez/Desktop/Personal Apps/vult-intel/node_modules/redis-parser/lib/parser.js:179:12)
    at parseType (/Users/adrianfranciscoperezgomez/Desktop/Personal Apps/vult-intel/node_modules/redis-parser/lib/parser.js:302:14) {
  command: { name: 'auth', args: [ 'IVB0VPnPl0urvQrpSKkbXLdEZBUfSHaP' ] }
}
ReplyError: WRONGPASS invalid username-password pair or user is disabled.
    at parseError (/Users/adrianfranciscoperezgomez/Desktop/Personal Apps/vult-intel/node_modules/redis-parser/lib/parser.js:179:12)
    at parseType (/Users/adrianfranciscoperezgomez/Desktop/Personal Apps/vult-intel/node_modules/redis-parser/lib/parser.js:302:14) {
  command: { name: 'auth', args: [ 'IVB0VPnPl0urvQrpSKkbXLdEZBUfSHaP' ] }
}
ReplyError: WRONGPASS invalid username-password pair or user is disabled.
    at parseError (/Users/adrianfranciscoperezgomez/Desktop/Personal Apps/vult-intel/node_modules/redis-parser/lib/parser.js:179:12)
    at parseType (/Users/adrianfranciscoperezgomez/Desktop/Personal Apps/vult-intel/node_modules/redis-parser/lib/parser.js:302:14) {
  command: { name: 'auth', args: [ 'IVB0VPnPl0urvQrpSKkbXLdEZBUfSHaP' ] }
}
ReplyError: WRONGPASS invalid username-password pair or user is disabled.
    at parseError (/Users/adrianfranciscoperezgomez/Desktop/Personal Apps/vult-intel/node_modules/redis-parser/lib/parser.js:179:12)
    at parseType (/Users/adrianfranciscoperezgomez/Desktop/Personal Apps/vult-intel/node_modules/redis-parser/lib/parser.js:302:14) {
  command: { name: 'auth', args: [ 'IVB0VPnPl0urvQrpSKkbXLdEZBUfSHaP' ] }
}
ReplyError: WRONGPASS invalid username-password pair or user is disabled.
    at parseError (/Users/adrianfranciscoperezgomez/Desktop/Personal Apps/vult-intel/node_modules/redis-parser/lib/parser.js:179:12)
    at parseType (/Users/adrianfranciscoperezgomez/Desktop/Personal Apps/vult-intel/node_modules/redis-parser/lib/parser.js:302:14) {
  command: { name: 'auth', args: [ 'IVB0VPnPl0urvQrpSKkbXLdEZBUfSHaP' ] }
}
ReplyError: WRONGPASS invalid username-password pair or user is disabled.
    at parseError (/Users/adrianfranciscoperezgomez/Desktop/Personal Apps/vult-intel/node_modules/redis-parser/lib/parser.js:179:12)
    at parseType (/Users/adrianfranciscoperezgomez/Desktop/Personal Apps/vult-intel/node_modules/redis-parser/lib/parser.js:302:14) {
  command: { name: 'auth', args: [ 'IVB0VPnPl0urvQrpSKkbXLdEZBUfSHaP' ] }
}
ReplyError: WRONGPASS invalid username-password pair or user is disabled.
    at parseError (/Users/adrianfranciscoperezgomez/Desktop/Personal Apps/vult-intel/node_modules/redis-parser/lib/parser.js:179:12)
    at parseType (/Users/adrianfranciscoperezgomez/Desktop/Personal Apps/vult-intel/node_modules/redis-parser/lib/parser.js:302:14) {
  command: { name: 'auth', args: [ 'IVB0VPnPl0urvQrpSKkbXLdEZBUfSHaP' ] }
}
Connected to Redis for persistence
Redis connection error: ReplyError: WRONGPASS invalid username-password pair or user is disabled.
    at parseError (/Users/adrianfranciscoperezgomez/Desktop/Personal Apps/vult-intel/node_modules/redis-parser/lib/parser.js:179:12)
    at parseType (/Users/adrianfranciscoperezgomez/Desktop/Personal Apps/vult-intel/node_modules/redis-parser/lib/parser.js:302:14) {
  command: { name: 'auth', args: [ 'IVB0VPnPl0urvQrpSKkbXLdEZBUfSHaP' ] }
}
ReplyError: WRONGPASS invalid username-password pair or user is disabled.
    at parseError (/Users/adrianfranciscoperezgomez/Desktop/Personal Apps/vult-intel/node_modules/redis-parser/lib/parser.js:179:12)
    at parseType (/Users/adrianfranciscoperezgomez/Desktop/Personal Apps/vult-intel/node_modules/redis-parser/lib/parser.js:302:14) {
  command: { name: 'auth', args: [ 'IVB0VPnPl0urvQrpSKkbXLdEZBUfSHaP' ] }
}
ReplyError: WRONGPASS invalid username-password pair or user is disabled.
    at parseError (/Users/adrianfranciscoperezgomez/Desktop/Personal Apps/vult-intel/node_modules/redis-parser/lib/parser.js:179:12)
    at parseType (/Users/adrianfranciscoperezgomez/Desktop/Personal Apps/vult-intel/node_modules/redis-parser/lib/parser.js:302:14) {
  command: { name: 'auth', args: [ 'IVB0VPnPl0urvQrpSKkbXLdEZBUfSHaP' ] }
}
ReplyError: WRONGPASS invalid username-password pair or user is disabled.
    at parseError (/Users/adrianfranciscoperezgomez/Desktop/Personal Apps/vult-intel/node_modules/redis-parser/lib/parser.js:179:12)
    at parseType (/Users/adrianfranciscoperezgomez/Desktop/Personal Apps/vult-intel/node_modules/redis-parser/lib/parser.js:302:14) {
  command: { name: 'auth', args: [ 'IVB0VPnPl0urvQrpSKkbXLdEZBUfSHaP' ] }
}
ReplyError: WRONGPASS invalid username-password pair or user is disabled.
    at parseError (/Users/adrianfranciscoperezgomez/Desktop/Personal Apps/vult-intel/node_modules/redis-parser/lib/parser.js:179:12)
    at parseType (/Users/adrianfranciscoperezgomez/Desktop/Personal Apps/vult-intel/node_modules/redis-parser/lib/parser.js:302:14) {
  command: { name: 'auth', args: [ 'IVB0VPnPl0urvQrpSKkbXLdEZBUfSHaP' ] }
}
ReplyError: WRONGPASS invalid username-password pair or user is disabled.
    at parseError (/Users/adrianfranciscoperezgomez/Desktop/Personal Apps/vult-intel/node_modules/redis-parser/lib/parser.js:179:12)
    at parseType (/Users/adrianfranciscoperezgomez/Desktop/Personal Apps/vult-intel/node_modules/redis-parser/lib/parser.js:302:14) {
  command: { name: 'auth', args: [ 'IVB0VPnPl0urvQrpSKkbXLdEZBUfSHaP' ] }
}
ReplyError: WRONGPASS invalid username-password pair or user is disabled.
    at parseError (/Users/adrianfranciscoperezgomez/Desktop/Personal Apps/vult-intel/node_modules/redis-parser/lib/parser.js:179:12)
    at parseType (/Users/adrianfranciscoperezgomez/Desktop/Personal Apps/vult-intel/node_modules/redis-parser/lib/parser.js:302:14) {
  command: { name: 'auth', args: [ 'IVB0VPnPl0urvQrpSKkbXLdEZBUfSHaP' ] }
}
Connected to Redis for persistence
Redis connection error: ReplyError: WRONGPASS invalid username-password pair or user is disabled.
    at parseError (/Users/adrianfranciscoperezgomez/Desktop/Personal Apps/vult-intel/node_modules/redis-parser/lib/parser.js:179:12)
    at parseType (/Users/adrianfranciscoperezgomez/Desktop/Personal Apps/vult-intel/node_modules/redis-parser/lib/parser.js:302:14) {
  command: { name: 'auth', args: [ 'IVB0VPnPl0urvQrpSKkbXLdEZBUfSHaP' ] }
}
ReplyError: WRONGPASS invalid username-password pair or user is disabled.
    at parseError (/Users/adrianfranciscoperezgomez/Desktop/Personal Apps/vult-intel/node_modules/redis-parser/lib/parser.js:179:12)
    at parseType (/Users/adrianfranciscoperezgomez/Desktop/Personal Apps/vult-intel/node_modules/redis-parser/lib/parser.js:302:14) {
  command: { name: 'auth', args: [ 'IVB0VPnPl0urvQrpSKkbXLdEZBUfSHaP' ] }
}
ReplyError: WRONGPASS invalid username-password pair or user is disabled.
    at parseError (/Users/adrianfranciscoperezgomez/Desktop/Personal Apps/vult-intel/node_modules/redis-parser/lib/parser.js:179:12)
    at parseType (/Users/adrianfranciscoperezgomez/Desktop/Personal Apps/vult-intel/node_modules/redis-parser/lib/parser.js:302:14) {
  command: { name: 'auth', args: [ 'IVB0VPnPl0urvQrpSKkbXLdEZBUfSHaP' ] }
}
ReplyError: WRONGPASS invalid username-password pair or user is disabled.
    at parseError (/Users/adrianfranciscoperezgomez/Desktop/Personal Apps/vult-intel/node_modules/redis-parser/lib/parser.js:179:12)
    at parseType (/Users/adrianfranciscoperezgomez/Desktop/Personal Apps/vult-intel/node_modules/redis-parser/lib/parser.js:302:14) {
  command: { name: 'auth', args: [ 'IVB0VPnPl0urvQrpSKkbXLdEZBUfSHaP' ] }
}
ReplyError: WRONGPASS invalid username-password pair or user is disabled.
    at parseError (/Users/adrianfranciscoperezgomez/Desktop/Personal Apps/vult-intel/node_modules/redis-parser/lib/parser.js:179:12)
    at parseType (/Users/adrianfranciscoperezgomez/Desktop/Personal Apps/vult-intel/node_modules/redis-parser/lib/parser.js:302:14) {
  command: { name: 'auth', args: [ 'IVB0VPnPl0urvQrpSKkbXLdEZBUfSHaP' ] }
}
ReplyError: WRONGPASS invalid username-password pair or user is disabled.
    at parseError (/Users/adrianfranciscoperezgomez/Desktop/Personal Apps/vult-intel/node_modules/redis-parser/lib/parser.js:179:12)
    at parseType (/Users/adrianfranciscoperezgomez/Desktop/Personal Apps/vult-intel/node_modules/redis-parser/lib/parser.js:302:14) {
  command: { name: 'auth', args: [ 'IVB0VPnPl0urvQrpSKkbXLdEZBUfSHaP' ] }
}
ReplyError: WRONGPASS invalid username-password pair or user is disabled.
    at parseError (/Users/adrianfranciscoperezgomez/Desktop/Personal Apps/vult-intel/node_modules/redis-parser/lib/parser.js:179:12)
    at parseType (/Users/adrianfranciscoperezgomez/Desktop/Personal Apps/vult-intel/node_modules/redis-parser/lib/parser.js:302:14) {
  command: { name: 'auth', args: [ 'IVB0VPnPl0urvQrpSKkbXLdEZBUfSHaP' ] }
}
Connected to Redis for persistence
Redis connection error: ReplyError: WRONGPASS invalid username-password pair or user is disabled.
    at parseError (/Users/adrianfranciscoperezgomez/Desktop/Personal Apps/vult-intel/node_modules/redis-parser/lib/parser.js:179:12)
    at parseType (/Users/adrianfranciscoperezgomez/Desktop/Personal Apps/vult-intel/node_modules/redis-parser/lib/parser.js:302:14) {
  command: { name: 'auth', args: [ 'IVB0VPnPl0urvQrpSKkbXLdEZBUfSHaP' ] }
}
ReplyError: WRONGPASS invalid username-password pair or user is disabled.
    at parseError (/Users/adrianfranciscoperezgomez/Desktop/Personal Apps/vult-intel/node_modules/redis-parser/lib/parser.js:179:12)
    at parseType (/Users/adrianfranciscoperezgomez/Desktop/Personal Apps/vult-intel/node_modules/redis-parser/lib/parser.js:302:14) {
  command: { name: 'auth', args: [ 'IVB0VPnPl0urvQrpSKkbXLdEZBUfSHaP' ] }
}
ReplyError: WRONGPASS invalid username-password pair or user is disabled.
    at parseError (/Users/adrianfranciscoperezgomez/Desktop/Personal Apps/vult-intel/node_modules/redis-parser/lib/parser.js:179:12)
    at parseType (/Users/adrianfranciscoperezgomez/Desktop/Personal Apps/vult-intel/node_modules/redis-parser/lib/parser.js:302:14) {
  command: { name: 'auth', args: [ 'IVB0VPnPl0urvQrpSKkbXLdEZBUfSHaP' ] }
}
ReplyError: WRONGPASS invalid username-password pair or user is disabled.
    at parseError (/Users/adrianfranciscoperezgomez/Desktop/Personal Apps/vult-intel/node_modules/redis-parser/lib/parser.js:179:12)
    at parseType (/Users/adrianfranciscoperezgomez/Desktop/Personal Apps/vult-intel/node_modules/redis-parser/lib/parser.js:302:14) {
  command: { name: 'auth', args: [ 'IVB0VPnPl0urvQrpSKkbXLdEZBUfSHaP' ] }
}
ReplyError: WRONGPASS invalid username-password pair or user is disabled.
    at parseError (/Users/adrianfranciscoperezgomez/Desktop/Personal Apps/vult-intel/node_modules/redis-parser/lib/parser.js:179:12)
    at parseType (/Users/adrianfranciscoperezgomez/Desktop/Personal Apps/vult-intel/node_modules/redis-parser/lib/parser.js:302:14) {
  command: { name: 'auth', args: [ 'IVB0VPnPl0urvQrpSKkbXLdEZBUfSHaP' ] }
}
ReplyError: WRONGPASS invalid username-password pair or user is disabled.
    at parseError (/Users/adrianfranciscoperezgomez/Desktop/Personal Apps/vult-intel/node_modules/redis-parser/lib/parser.js:179:12)
    at parseType (/Users/adrianfranciscoperezgomez/Desktop/Personal Apps/vult-intel/node_modules/redis-parser/lib/parser.js:302:14) {
  command: { name: 'auth', args: [ 'IVB0VPnPl0urvQrpSKkbXLdEZBUfSHaP' ] }
}
ReplyError: WRONGPASS invalid username-password pair or user is disabled.
    at parseError (/Users/adrianfranciscoperezgomez/Desktop/Personal Apps/vult-intel/node_modules/redis-parser/lib/parser.js:179:12)
    at parseType (/Users/adrianfranciscoperezgomez/Desktop/Personal Apps/vult-intel/node_modules/redis-parser/lib/parser.js:302:14) {
  command: { name: 'auth', args: [ 'IVB0VPnPl0urvQrpSKkbXLdEZBUfSHaP' ] }
}
Connected to Redis for persistence
Redis connection error: ReplyError: WRONGPASS invalid username-password pair or user is disabled.
    at parseError (/Users/adrianfranciscoperezgomez/Desktop/Personal Apps/vult-intel/node_modules/redis-parser/lib/parser.js:179:12)
    at parseType (/Users/adrianfranciscoperezgomez/Desktop/Personal Apps/vult-intel/node_modules/redis-parser/lib/parser.js:302:14) {
  command: { name: 'auth', args: [ 'IVB0VPnPl0urvQrpSKkbXLdEZBUfSHaP' ] }
}
ReplyError: WRONGPASS invalid username-password pair or user is disabled.
    at parseError (/Users/adrianfranciscoperezgomez/Desktop/Personal Apps/vult-intel/node_modules/redis-parser/lib/parser.js:179:12)
    at parseType (/Users/adrianfranciscoperezgomez/Desktop/Personal Apps/vult-intel/node_modules/redis-parser/lib/parser.js:302:14) {
  command: { name: 'auth', args: [ 'IVB0VPnPl0urvQrpSKkbXLdEZBUfSHaP' ] }
}
ReplyError: WRONGPASS invalid username-password pair or user is disabled.
    at parseError (/Users/adrianfranciscoperezgomez/Desktop/Personal Apps/vult-intel/node_modules/redis-parser/lib/parser.js:179:12)
    at parseType (/Users/adrianfranciscoperezgomez/Desktop/Personal Apps/vult-intel/node_modules/redis-parser/lib/parser.js:302:14) {
  command: { name: 'auth', args: [ 'IVB0VPnPl0urvQrpSKkbXLdEZBUfSHaP' ] }
}
ReplyError: WRONGPASS invalid username-password pair or user is disabled.
    at parseError (/Users/adrianfranciscoperezgomez/Desktop/Personal Apps/vult-intel/node_modules/redis-parser/lib/parser.js:179:12)
    at parseType (/Users/adrianfranciscoperezgomez/Desktop/Personal Apps/vult-intel/node_modules/redis-parser/lib/parser.js:302:14) {
  command: { name: 'auth', args: [ 'IVB0VPnPl0urvQrpSKkbXLdEZBUfSHaP' ] }
}
ReplyError: WRONGPASS invalid username-password pair or user is disabled.
    at parseError (/Users/adrianfranciscoperezgomez/Desktop/Personal Apps/vult-intel/node_modules/redis-parser/lib/parser.js:179:12)
    at parseType (/Users/adrianfranciscoperezgomez/Desktop/Personal Apps/vult-intel/node_modules/redis-parser/lib/parser.js:302:14) {
  command: { name: 'auth', args: [ 'IVB0VPnPl0urvQrpSKkbXLdEZBUfSHaP' ] }
}
ReplyError: WRONGPASS invalid username-password pair or user is disabled.
    at parseError (/Users/adrianfranciscoperezgomez/Desktop/Personal Apps/vult-intel/node_modules/redis-parser/lib/parser.js:179:12)
    at parseType (/Users/adrianfranciscoperezgomez/Desktop/Personal Apps/vult-intel/node_modules/redis-parser/lib/parser.js:302:14) {
  command: { name: 'auth', args: [ 'IVB0VPnPl0urvQrpSKkbXLdEZBUfSHaP' ] }
}
ReplyError: WRONGPASS invalid username-password pair or user is disabled.
    at parseError (/Users/adrianfranciscoperezgomez/Desktop/Personal Apps/vult-intel/node_modules/redis-parser/lib/parser.js:179:12)
    at parseType (/Users/adrianfranciscoperezgomez/Desktop/Personal Apps/vult-intel/node_modules/redis-parser/lib/parser.js:302:14) {
  command: { name: 'auth', args: [ 'IVB0VPnPl0urvQrpSKkbXLdEZBUfSHaP' ] }
}
Connected to Redis for persistence
Redis connection error: ReplyError: WRONGPASS invalid username-password pair or user is disabled.
    at parseError (/Users/adrianfranciscoperezgomez/Desktop/Personal Apps/vult-intel/node_modules/redis-parser/lib/parser.js:179:12)
    at parseType (/Users/adrianfranciscoperezgomez/Desktop/Personal Apps/vult-intel/node_modules/redis-parser/lib/parser.js:302:14) {
  command: { name: 'auth', args: [ 'IVB0VPnPl0urvQrpSKkbXLdEZBUfSHaP' ] }
}
ReplyError: WRONGPASS invalid username-password pair or user is disabled.
    at parseError (/Users/adrianfranciscoperezgomez/Desktop/Personal Apps/vult-intel/node_modules/redis-parser/lib/parser.js:179:12)
    at parseType (/Users/adrianfranciscoperezgomez/Desktop/Personal Apps/vult-intel/node_modules/redis-parser/lib/parser.js:302:14) {
  command: { name: 'auth', args: [ 'IVB0VPnPl0urvQrpSKkbXLdEZBUfSHaP' ] }
}
ReplyError: WRONGPASS invalid username-password pair or user is disabled.
    at parseError (/Users/adrianfranciscoperezgomez/Desktop/Personal Apps/vult-intel/node_modules/redis-parser/lib/parser.js:179:12)
    at parseType (/Users/adrianfranciscoperezgomez/Desktop/Personal Apps/vult-intel/node_modules/redis-parser/lib/parser.js:302:14) {
  command: { name: 'auth', args: [ 'IVB0VPnPl0urvQrpSKkbXLdEZBUfSHaP' ] }
}
ReplyError: WRONGPASS invalid username-password pair or user is disabled.
    at parseError (/Users/adrianfranciscoperezgomez/Desktop/Personal Apps/vult-intel/node_modules/redis-parser/lib/parser.js:179:12)
    at parseType (/Users/adrianfranciscoperezgomez/Desktop/Personal Apps/vult-intel/node_modules/redis-parser/lib/parser.js:302:14) {
  command: { name: 'auth', args: [ 'IVB0VPnPl0urvQrpSKkbXLdEZBUfSHaP' ] }
}
ReplyError: WRONGPASS invalid username-password pair or user is disabled.
    at parseError (/Users/adrianfranciscoperezgomez/Desktop/Personal Apps/vult-intel/node_modules/redis-parser/lib/parser.js:179:12)
    at parseType (/Users/adrianfranciscoperezgomez/Desktop/Personal Apps/vult-intel/node_modules/redis-parser/lib/parser.js:302:14) {
  command: { name: 'auth', args: [ 'IVB0VPnPl0urvQrpSKkbXLdEZBUfSHaP' ] }
}
ReplyError: WRONGPASS invalid username-password pair or user is disabled.
    at parseError (/Users/adrianfranciscoperezgomez/Desktop/Personal Apps/vult-intel/node_modules/redis-parser/lib/parser.js:179:12)
    at parseType (/Users/adrianfranciscoperezgomez/Desktop/Personal Apps/vult-intel/node_modules/redis-parser/lib/parser.js:302:14) {
  command: { name: 'auth', args: [ 'IVB0VPnPl0urvQrpSKkbXLdEZBUfSHaP' ] }
}
ReplyError: WRONGPASS invalid username-password pair or user is disabled.
    at parseError (/Users/adrianfranciscoperezgomez/Desktop/Personal Apps/vult-intel/node_modules/redis-parser/lib/parser.js:179:12)
    at parseType (/Users/adrianfranciscoperezgomez/Desktop/Personal Apps/vult-intel/node_modules/redis-parser/lib/parser.js:302:14) {
  command: { name: 'auth', args: [ 'IVB0VPnPl0urvQrpSKkbXLdEZBUfSHaP' ] }
}
Connected to Redis for persistence
Redis connection error: ReplyError: WRONGPASS invalid username-password pair or user is disabled.
    at parseError (/Users/adrianfranciscoperezgomez/Desktop/Personal Apps/vult-intel/node_modules/redis-parser/lib/parser.js:179:12)
    at parseType (/Users/adrianfranciscoperezgomez/Desktop/Personal Apps/vult-intel/node_modules/redis-parser/lib/parser.js:302:14) {
  command: { name: 'auth', args: [ 'IVB0VPnPl0urvQrpSKkbXLdEZBUfSHaP' ] }
}
ReplyError: WRONGPASS invalid username-password pair or user is disabled.
    at parseError (/Users/adrianfranciscoperezgomez/Desktop/Personal Apps/vult-intel/node_modules/redis-parser/lib/parser.js:179:12)
    at parseType (/Users/adrianfranciscoperezgomez/Desktop/Personal Apps/vult-intel/node_modules/redis-parser/lib/parser.js:302:14) {
  command: { name: 'auth', args: [ 'IVB0VPnPl0urvQrpSKkbXLdEZBUfSHaP' ] }
}
ReplyError: WRONGPASS invalid username-password pair or user is disabled.
    at parseError (/Users/adrianfranciscoperezgomez/Desktop/Personal Apps/vult-intel/node_modules/redis-parser/lib/parser.js:179:12)
    at parseType (/Users/adrianfranciscoperezgomez/Desktop/Personal Apps/vult-intel/node_modules/redis-parser/lib/parser.js:302:14) {
  command: { name: 'auth', args: [ 'IVB0VPnPl0urvQrpSKkbXLdEZBUfSHaP' ] }
}
ReplyError: WRONGPASS invalid username-password pair or user is disabled.
    at parseError (/Users/adrianfranciscoperezgomez/Desktop/Personal Apps/vult-intel/node_modules/redis-parser/lib/parser.js:179:12)
    at parseType (/Users/adrianfranciscoperezgomez/Desktop/Personal Apps/vult-intel/node_modules/redis-parser/lib/parser.js:302:14) {
  command: { name: 'auth', args: [ 'IVB0VPnPl0urvQrpSKkbXLdEZBUfSHaP' ] }
}
ReplyError: WRONGPASS invalid username-password pair or user is disabled.
    at parseError (/Users/adrianfranciscoperezgomez/Desktop/Personal Apps/vult-intel/node_modules/redis-parser/lib/parser.js:179:12)
    at parseType (/Users/adrianfranciscoperezgomez/Desktop/Personal Apps/vult-intel/node_modules/redis-parser/lib/parser.js:302:14) {
  command: { name: 'auth', args: [ 'IVB0VPnPl0urvQrpSKkbXLdEZBUfSHaP' ] }
}
ReplyError: WRONGPASS invalid username-password pair or user is disabled.
    at parseError (/Users/adrianfranciscoperezgomez/Desktop/Personal Apps/vult-intel/node_modules/redis-parser/lib/parser.js:179:12)
    at parseType (/Users/adrianfranciscoperezgomez/Desktop/Personal Apps/vult-intel/node_modules/redis-parser/lib/parser.js:302:14) {
  command: { name: 'auth', args: [ 'IVB0VPnPl0urvQrpSKkbXLdEZBUfSHaP' ] }
}
ReplyError: WRONGPASS invalid username-password pair or user is disabled.
    at parseError (/Users/adrianfranciscoperezgomez/Desktop/Personal Apps/vult-intel/node_modules/redis-parser/lib/parser.js:179:12)
    at parseType (/Users/adrianfranciscoperezgomez/Desktop/Personal Apps/vult-intel/node_modules/redis-parser/lib/parser.js:302:14) {
  command: { name: 'auth', args: [ 'IVB0VPnPl0urvQrpSKkbXLdEZBUfSHaP' ] }
}
Connected to Redis for persistence
Redis connection error: ReplyError: WRONGPASS invalid username-password pair or user is disabled.
    at parseError (/Users/adrianfranciscoperezgomez/Desktop/Personal Apps/vult-intel/node_modules/redis-parser/lib/parser.js:179:12)
    at parseType (/Users/adrianfranciscoperezgomez/Desktop/Personal Apps/vult-intel/node_modules/redis-parser/lib/parser.js:302:14) {
  command: { name: 'auth', args: [ 'IVB0VPnPl0urvQrpSKkbXLdEZBUfSHaP' ] }
}
ReplyError: WRONGPASS invalid username-password pair or user is disabled.
    at parseError (/Users/adrianfranciscoperezgomez/Desktop/Personal Apps/vult-intel/node_modules/redis-parser/lib/parser.js:179:12)
    at parseType (/Users/adrianfranciscoperezgomez/Desktop/Personal Apps/vult-intel/node_modules/redis-parser/lib/parser.js:302:14) {
  command: { name: 'auth', args: [ 'IVB0VPnPl0urvQrpSKkbXLdEZBUfSHaP' ] }
}
ReplyError: WRONGPASS invalid username-password pair or user is disabled.
    at parseError (/Users/adrianfranciscoperezgomez/Desktop/Personal Apps/vult-intel/node_modules/redis-parser/lib/parser.js:179:12)
    at parseType (/Users/adrianfranciscoperezgomez/Desktop/Personal Apps/vult-intel/node_modules/redis-parser/lib/parser.js:302:14) {
  command: { name: 'auth', args: [ 'IVB0VPnPl0urvQrpSKkbXLdEZBUfSHaP' ] }
}
ReplyError: WRONGPASS invalid username-password pair or user is disabled.
    at parseError (/Users/adrianfranciscoperezgomez/Desktop/Personal Apps/vult-intel/node_modules/redis-parser/lib/parser.js:179:12)
    at parseType (/Users/adrianfranciscoperezgomez/Desktop/Personal Apps/vult-intel/node_modules/redis-parser/lib/parser.js:302:14) {
  command: { name: 'auth', args: [ 'IVB0VPnPl0urvQrpSKkbXLdEZBUfSHaP' ] }
}
ReplyError: WRONGPASS invalid username-password pair or user is disabled.
    at parseError (/Users/adrianfranciscoperezgomez/Desktop/Personal Apps/vult-intel/node_modules/redis-parser/lib/parser.js:179:12)
    at parseType (/Users/adrianfranciscoperezgomez/Desktop/Personal Apps/vult-intel/node_modules/redis-parser/lib/parser.js:302:14) {
  command: { name: 'auth', args: [ 'IVB0VPnPl0urvQrpSKkbXLdEZBUfSHaP' ] }
}
ReplyError: WRONGPASS invalid username-password pair or user is disabled.
    at parseError (/Users/adrianfranciscoperezgomez/Desktop/Personal Apps/vult-intel/node_modules/redis-parser/lib/parser.js:179:12)
    at parseType (/Users/adrianfranciscoperezgomez/Desktop/Personal Apps/vult-intel/node_modules/redis-parser/lib/parser.js:302:14) {
  command: { name: 'auth', args: [ 'IVB0VPnPl0urvQrpSKkbXLdEZBUfSHaP' ] }
}
ReplyError: WRONGPASS invalid username-password pair or user is disabled.
    at parseError (/Users/adrianfranciscoperezgomez/Desktop/Personal Apps/vult-intel/node_modules/redis-parser/lib/parser.js:179:12)
    at parseType (/Users/adrianfranciscoperezgomez/Desktop/Personal Apps/vult-intel/node_modules/redis-parser/lib/parser.js:302:14) {
  command: { name: 'auth', args: [ 'IVB0VPnPl0urvQrpSKkbXLdEZBUfSHaP' ] }
}
Connected to Redis for persistence
Redis connection error: ReplyError: WRONGPASS invalid username-password pair or user is disabled.
    at parseError (/Users/adrianfranciscoperezgomez/Desktop/Personal Apps/vult-intel/node_modules/redis-parser/lib/parser.js:179:12)
    at parseType (/Users/adrianfranciscoperezgomez/Desktop/Personal Apps/vult-intel/node_modules/redis-parser/lib/parser.js:302:14) {
  command: { name: 'auth', args: [ 'IVB0VPnPl0urvQrpSKkbXLdEZBUfSHaP' ] }
}
ReplyError: WRONGPASS invalid username-password pair or user is disabled.
    at parseError (/Users/adrianfranciscoperezgomez/Desktop/Personal Apps/vult-intel/node_modules/redis-parser/lib/parser.js:179:12)
    at parseType (/Users/adrianfranciscoperezgomez/Desktop/Personal Apps/vult-intel/node_modules/redis-parser/lib/parser.js:302:14) {
  command: { name: 'auth', args: [ 'IVB0VPnPl0urvQrpSKkbXLdEZBUfSHaP' ] }
}
ReplyError: WRONGPASS invalid username-password pair or user is disabled.
    at parseError (/Users/adrianfranciscoperezgomez/Desktop/Personal Apps/vult-intel/node_modules/redis-parser/lib/parser.js:179:12)
    at parseType (/Users/adrianfranciscoperezgomez/Desktop/Personal Apps/vult-intel/node_modules/redis-parser/lib/parser.js:302:14) {
  command: { name: 'auth', args: [ 'IVB0VPnPl0urvQrpSKkbXLdEZBUfSHaP' ] }
}
ReplyError: WRONGPASS invalid username-password pair or user is disabled.
    at parseError (/Users/adrianfranciscoperezgomez/Desktop/Personal Apps/vult-intel/node_modules/redis-parser/lib/parser.js:179:12)
    at parseType (/Users/adrianfranciscoperezgomez/Desktop/Personal Apps/vult-intel/node_modules/redis-parser/lib/parser.js:302:14) {
  command: { name: 'auth', args: [ 'IVB0VPnPl0urvQrpSKkbXLdEZBUfSHaP' ] }
}
ReplyError: WRONGPASS invalid username-password pair or user is disabled.
    at parseError (/Users/adrianfranciscoperezgomez/Desktop/Personal Apps/vult-intel/node_modules/redis-parser/lib/parser.js:179:12)
    at parseType (/Users/adrianfranciscoperezgomez/Desktop/Personal Apps/vult-intel/node_modules/redis-parser/lib/parser.js:302:14) {
  command: { name: 'auth', args: [ 'IVB0VPnPl0urvQrpSKkbXLdEZBUfSHaP' ] }
}
ReplyError: WRONGPASS invalid username-password pair or user is disabled.
    at parseError (/Users/adrianfranciscoperezgomez/Desktop/Personal Apps/vult-intel/node_modules/redis-parser/lib/parser.js:179:12)
    at parseType (/Users/adrianfranciscoperezgomez/Desktop/Personal Apps/vult-intel/node_modules/redis-parser/lib/parser.js:302:14) {
  command: { name: 'auth', args: [ 'IVB0VPnPl0urvQrpSKkbXLdEZBUfSHaP' ] }
}
ReplyError: WRONGPASS invalid username-password pair or user is disabled.
    at parseError (/Users/adrianfranciscoperezgomez/Desktop/Personal Apps/vult-intel/node_modules/redis-parser/lib/parser.js:179:12)
    at parseType (/Users/adrianfranciscoperezgomez/Desktop/Personal Apps/vult-intel/node_modules/redis-parser/lib/parser.js:302:14) {
  command: { name: 'auth', args: [ 'IVB0VPnPl0urvQrpSKkbXLdEZBUfSHaP' ] }
}
Connected to Redis for persistence
Redis connection error: ReplyError: WRONGPASS invalid username-password pair or user is disabled.
    at parseError (/Users/adrianfranciscoperezgomez/Desktop/Personal Apps/vult-intel/node_modules/redis-parser/lib/parser.js:179:12)
    at parseType (/Users/adrianfranciscoperezgomez/Desktop/Personal Apps/vult-intel/node_modules/redis-parser/lib/parser.js:302:14) {
  command: { name: 'auth', args: [ 'IVB0VPnPl0urvQrpSKkbXLdEZBUfSHaP' ] }
}
ReplyError: WRONGPASS invalid username-password pair or user is disabled.
    at parseError (/Users/adrianfranciscoperezgomez/Desktop/Personal Apps/vult-intel/node_modules/redis-parser/lib/parser.js:179:12)
    at parseType (/Users/adrianfranciscoperezgomez/Desktop/Personal Apps/vult-intel/node_modules/redis-parser/lib/parser.js:302:14) {
  command: { name: 'auth', args: [ 'IVB0VPnPl0urvQrpSKkbXLdEZBUfSHaP' ] }
}
ReplyError: WRONGPASS invalid username-password pair or user is disabled.
    at parseError (/Users/adrianfranciscoperezgomez/Desktop/Personal Apps/vult-intel/node_modules/redis-parser/lib/parser.js:179:12)
    at parseType (/Users/adrianfranciscoperezgomez/Desktop/Personal Apps/vult-intel/node_modules/redis-parser/lib/parser.js:302:14) {
  command: { name: 'auth', args: [ 'IVB0VPnPl0urvQrpSKkbXLdEZBUfSHaP' ] }
}
ReplyError: WRONGPASS invalid username-password pair or user is disabled.
    at parseError (/Users/adrianfranciscoperezgomez/Desktop/Personal Apps/vult-intel/node_modules/redis-parser/lib/parser.js:179:12)
    at parseType (/Users/adrianfranciscoperezgomez/Desktop/Personal Apps/vult-intel/node_modules/redis-parser/lib/parser.js:302:14) {
  command: { name: 'auth', args: [ 'IVB0VPnPl0urvQrpSKkbXLdEZBUfSHaP' ] }
}
ReplyError: WRONGPASS invalid username-password pair or user is disabled.
    at parseError (/Users/adrianfranciscoperezgomez/Desktop/Personal Apps/vult-intel/node_modules/redis-parser/lib/parser.js:179:12)
    at parseType (/Users/adrianfranciscoperezgomez/Desktop/Personal Apps/vult-intel/node_modules/redis-parser/lib/parser.js:302:14) {
  command: { name: 'auth', args: [ 'IVB0VPnPl0urvQrpSKkbXLdEZBUfSHaP' ] }
}
ReplyError: WRONGPASS invalid username-password pair or user is disabled.
    at parseError (/Users/adrianfranciscoperezgomez/Desktop/Personal Apps/vult-intel/node_modules/redis-parser/lib/parser.js:179:12)
    at parseType (/Users/adrianfranciscoperezgomez/Desktop/Personal Apps/vult-intel/node_modules/redis-parser/lib/parser.js:302:14) {
  command: { name: 'auth', args: [ 'IVB0VPnPl0urvQrpSKkbXLdEZBUfSHaP' ] }
}
ReplyError: WRONGPASS invalid username-password pair or user is disabled.
    at parseError (/Users/adrianfranciscoperezgomez/Desktop/Personal Apps/vult-intel/node_modules/redis-parser/lib/parser.js:179:12)
    at parseType (/Users/adrianfranciscoperezgomez/Desktop/Personal Apps/vult-intel/node_modules/redis-parser/lib/parser.js:302:14) {
  command: { name: 'auth', args: [ 'IVB0VPnPl0urvQrpSKkbXLdEZBUfSHaP' ] }
}
Connected to Redis for persistence
Redis connection error: ReplyError: WRONGPASS invalid username-password pair or user is disabled.
    at parseError (/Users/adrianfranciscoperezgomez/Desktop/Personal Apps/vult-intel/node_modules/redis-parser/lib/parser.js:179:12)
    at parseType (/Users/adrianfranciscoperezgomez/Desktop/Personal Apps/vult-intel/node_modules/redis-parser/lib/parser.js:302:14) {
  command: { name: 'auth', args: [ 'IVB0VPnPl0urvQrpSKkbXLdEZBUfSHaP' ] }
}
ReplyError: WRONGPASS invalid username-password pair or user is disabled.
    at parseError (/Users/adrianfranciscoperezgomez/Desktop/Personal Apps/vult-intel/node_modules/redis-parser/lib/parser.js:179:12)
    at parseType (/Users/adrianfranciscoperezgomez/Desktop/Personal Apps/vult-intel/node_modules/redis-parser/lib/parser.js:302:14) {
  command: { name: 'auth', args: [ 'IVB0VPnPl0urvQrpSKkbXLdEZBUfSHaP' ] }
}
ReplyError: WRONGPASS invalid username-password pair or user is disabled.
    at parseError (/Users/adrianfranciscoperezgomez/Desktop/Personal Apps/vult-intel/node_modules/redis-parser/lib/parser.js:179:12)
    at parseType (/Users/adrianfranciscoperezgomez/Desktop/Personal Apps/vult-intel/node_modules/redis-parser/lib/parser.js:302:14) {
  command: { name: 'auth', args: [ 'IVB0VPnPl0urvQrpSKkbXLdEZBUfSHaP' ] }
}
ReplyError: WRONGPASS invalid username-password pair or user is disabled.
    at parseError (/Users/adrianfranciscoperezgomez/Desktop/Personal Apps/vult-intel/node_modules/redis-parser/lib/parser.js:179:12)
    at parseType (/Users/adrianfranciscoperezgomez/Desktop/Personal Apps/vult-intel/node_modules/redis-parser/lib/parser.js:302:14) {
  command: { name: 'auth', args: [ 'IVB0VPnPl0urvQrpSKkbXLdEZBUfSHaP' ] }
}
ReplyError: WRONGPASS invalid username-password pair or user is disabled.
    at parseError (/Users/adrianfranciscoperezgomez/Desktop/Personal Apps/vult-intel/node_modules/redis-parser/lib/parser.js:179:12)
    at parseType (/Users/adrianfranciscoperezgomez/Desktop/Personal Apps/vult-intel/node_modules/redis-parser/lib/parser.js:302:14) {
  command: { name: 'auth', args: [ 'IVB0VPnPl0urvQrpSKkbXLdEZBUfSHaP' ] }
}
ReplyError: WRONGPASS invalid username-password pair or user is disabled.
    at parseError (/Users/adrianfranciscoperezgomez/Desktop/Personal Apps/vult-intel/node_modules/redis-parser/lib/parser.js:179:12)
    at parseType (/Users/adrianfranciscoperezgomez/Desktop/Personal Apps/vult-intel/node_modules/redis-parser/lib/parser.js:302:14) {
  command: { name: 'auth', args: [ 'IVB0VPnPl0urvQrpSKkbXLdEZBUfSHaP' ] }
}
ReplyError: WRONGPASS invalid username-password pair or user is disabled.
    at parseError (/Users/adrianfranciscoperezgomez/Desktop/Personal Apps/vult-intel/node_modules/redis-parser/lib/parser.js:179:12)
    at parseType (/Users/adrianfranciscoperezgomez/Desktop/Personal Apps/vult-intel/node_modules/redis-parser/lib/parser.js:302:14) {
  command: { name: 'auth', args: [ 'IVB0VPnPl0urvQrpSKkbXLdEZBUfSHaP' ] }
}
Connected to Redis for persistence
Redis connection error: ReplyError: WRONGPASS invalid username-password pair or user is disabled.
    at parseError (/Users/adrianfranciscoperezgomez/Desktop/Personal Apps/vult-intel/node_modules/redis-parser/lib/parser.js:179:12)
    at parseType (/Users/adrianfranciscoperezgomez/Desktop/Personal Apps/vult-intel/node_modules/redis-parser/lib/parser.js:302:14) {
  command: { name: 'auth', args: [ 'IVB0VPnPl0urvQrpSKkbXLdEZBUfSHaP' ] }
}
ReplyError: WRONGPASS invalid username-password pair or user is disabled.
    at parseError (/Users/adrianfranciscoperezgomez/Desktop/Personal Apps/vult-intel/node_modules/redis-parser/lib/parser.js:179:12)
    at parseType (/Users/adrianfranciscoperezgomez/Desktop/Personal Apps/vult-intel/node_modules/redis-parser/lib/parser.js:302:14) {
  command: { name: 'auth', args: [ 'IVB0VPnPl0urvQrpSKkbXLdEZBUfSHaP' ] }
}
ReplyError: WRONGPASS invalid username-password pair or user is disabled.
    at parseError (/Users/adrianfranciscoperezgomez/Desktop/Personal Apps/vult-intel/node_modules/redis-parser/lib/parser.js:179:12)
    at parseType (/Users/adrianfranciscoperezgomez/Desktop/Personal Apps/vult-intel/node_modules/redis-parser/lib/parser.js:302:14) {
  command: { name: 'auth', args: [ 'IVB0VPnPl0urvQrpSKkbXLdEZBUfSHaP' ] }
}
ReplyError: WRONGPASS invalid username-password pair or user is disabled.
    at parseError (/Users/adrianfranciscoperezgomez/Desktop/Personal Apps/vult-intel/node_modules/redis-parser/lib/parser.js:179:12)
    at parseType (/Users/adrianfranciscoperezgomez/Desktop/Personal Apps/vult-intel/node_modules/redis-parser/lib/parser.js:302:14) {
  command: { name: 'auth', args: [ 'IVB0VPnPl0urvQrpSKkbXLdEZBUfSHaP' ] }
}
ReplyError: WRONGPASS invalid username-password pair or user is disabled.
    at parseError (/Users/adrianfranciscoperezgomez/Desktop/Personal Apps/vult-intel/node_modules/redis-parser/lib/parser.js:179:12)
    at parseType (/Users/adrianfranciscoperezgomez/Desktop/Personal Apps/vult-intel/node_modules/redis-parser/lib/parser.js:302:14) {
  command: { name: 'auth', args: [ 'IVB0VPnPl0urvQrpSKkbXLdEZBUfSHaP' ] }
}
ReplyError: WRONGPASS invalid username-password pair or user is disabled.
    at parseError (/Users/adrianfranciscoperezgomez/Desktop/Personal Apps/vult-intel/node_modules/redis-parser/lib/parser.js:179:12)
    at parseType (/Users/adrianfranciscoperezgomez/Desktop/Personal Apps/vult-intel/node_modules/redis-parser/lib/parser.js:302:14) {
  command: { name: 'auth', args: [ 'IVB0VPnPl0urvQrpSKkbXLdEZBUfSHaP' ] }
}
ReplyError: WRONGPASS invalid username-password pair or user is disabled.
    at parseError (/Users/adrianfranciscoperezgomez/Desktop/Personal Apps/vult-intel/node_modules/redis-parser/lib/parser.js:179:12)
    at parseType (/Users/adrianfranciscoperezgomez/Desktop/Personal Apps/vult-intel/node_modules/redis-parser/lib/parser.js:302:14) {
  command: { name: 'auth', args: [ 'IVB0VPnPl0urvQrpSKkbXLdEZBUfSHaP' ] }
}
Connected to Redis for persistence
Redis connection error: ReplyError: WRONGPASS invalid username-password pair or user is disabled.
    at parseError (/Users/adrianfranciscoperezgomez/Desktop/Personal Apps/vult-intel/node_modules/redis-parser/lib/parser.js:179:12)
    at parseType (/Users/adrianfranciscoperezgomez/Desktop/Personal Apps/vult-intel/node_modules/redis-parser/lib/parser.js:302:14) {
  command: { name: 'auth', args: [ 'IVB0VPnPl0urvQrpSKkbXLdEZBUfSHaP' ] }
}
ReplyError: WRONGPASS invalid username-password pair or user is disabled.
    at parseError (/Users/adrianfranciscoperezgomez/Desktop/Personal Apps/vult-intel/node_modules/redis-parser/lib/parser.js:179:12)
    at parseType (/Users/adrianfranciscoperezgomez/Desktop/Personal Apps/vult-intel/node_modules/redis-parser/lib/parser.js:302:14) {
  command: { name: 'auth', args: [ 'IVB0VPnPl0urvQrpSKkbXLdEZBUfSHaP' ] }
}
ReplyError: WRONGPASS invalid username-password pair or user is disabled.
    at parseError (/Users/adrianfranciscoperezgomez/Desktop/Personal Apps/vult-intel/node_modules/redis-parser/lib/parser.js:179:12)
    at parseType (/Users/adrianfranciscoperezgomez/Desktop/Personal Apps/vult-intel/node_modules/redis-parser/lib/parser.js:302:14) {
  command: { name: 'auth', args: [ 'IVB0VPnPl0urvQrpSKkbXLdEZBUfSHaP' ] }
}
ReplyError: WRONGPASS invalid username-password pair or user is disabled.
    at parseError (/Users/adrianfranciscoperezgomez/Desktop/Personal Apps/vult-intel/node_modules/redis-parser/lib/parser.js:179:12)
    at parseType (/Users/adrianfranciscoperezgomez/Desktop/Personal Apps/vult-intel/node_modules/redis-parser/lib/parser.js:302:14) {
  command: { name: 'auth', args: [ 'IVB0VPnPl0urvQrpSKkbXLdEZBUfSHaP' ] }
}
ReplyError: WRONGPASS invalid username-password pair or user is disabled.
    at parseError (/Users/adrianfranciscoperezgomez/Desktop/Personal Apps/vult-intel/node_modules/redis-parser/lib/parser.js:179:12)
    at parseType (/Users/adrianfranciscoperezgomez/Desktop/Personal Apps/vult-intel/node_modules/redis-parser/lib/parser.js:302:14) {
  command: { name: 'auth', args: [ 'IVB0VPnPl0urvQrpSKkbXLdEZBUfSHaP' ] }
}
ReplyError: WRONGPASS invalid username-password pair or user is disabled.
    at parseError (/Users/adrianfranciscoperezgomez/Desktop/Personal Apps/vult-intel/node_modules/redis-parser/lib/parser.js:179:12)
    at parseType (/Users/adrianfranciscoperezgomez/Desktop/Personal Apps/vult-intel/node_modules/redis-parser/lib/parser.js:302:14) {
  command: { name: 'auth', args: [ 'IVB0VPnPl0urvQrpSKkbXLdEZBUfSHaP' ] }
}
ReplyError: WRONGPASS invalid username-password pair or user is disabled.
    at parseError (/Users/adrianfranciscoperezgomez/Desktop/Personal Apps/vult-intel/node_modules/redis-parser/lib/parser.js:179:12)
    at parseType (/Users/adrianfranciscoperezgomez/Desktop/Personal Apps/vult-intel/node_modules/redis-parser/lib/parser.js:302:14) {
  command: { name: 'auth', args: [ 'IVB0VPnPl0urvQrpSKkbXLdEZBUfSHaP' ] }
}
Connected to Redis for persistence
Redis connection error: ReplyError: WRONGPASS invalid username-password pair or user is disabled.
    at parseError (/Users/adrianfranciscoperezgomez/Desktop/Personal Apps/vult-intel/node_modules/redis-parser/lib/parser.js:179:12)
    at parseType (/Users/adrianfranciscoperezgomez/Desktop/Personal Apps/vult-intel/node_modules/redis-parser/lib/parser.js:302:14) {
  command: { name: 'auth', args: [ 'IVB0VPnPl0urvQrpSKkbXLdEZBUfSHaP' ] }
}
ReplyError: WRONGPASS invalid username-password pair or user is disabled.
    at parseError (/Users/adrianfranciscoperezgomez/Desktop/Personal Apps/vult-intel/node_modules/redis-parser/lib/parser.js:179:12)
    at parseType (/Users/adrianfranciscoperezgomez/Desktop/Personal Apps/vult-intel/node_modules/redis-parser/lib/parser.js:302:14) {
  command: { name: 'auth', args: [ 'IVB0VPnPl0urvQrpSKkbXLdEZBUfSHaP' ] }
}
ReplyError: WRONGPASS invalid username-password pair or user is disabled.
    at parseError (/Users/adrianfranciscoperezgomez/Desktop/Personal Apps/vult-intel/node_modules/redis-parser/lib/parser.js:179:12)
    at parseType (/Users/adrianfranciscoperezgomez/Desktop/Personal Apps/vult-intel/node_modules/redis-parser/lib/parser.js:302:14) {
  command: { name: 'auth', args: [ 'IVB0VPnPl0urvQrpSKkbXLdEZBUfSHaP' ] }
}
ReplyError: WRONGPASS invalid username-password pair or user is disabled.
    at parseError (/Users/adrianfranciscoperezgomez/Desktop/Personal Apps/vult-intel/node_modules/redis-parser/lib/parser.js:179:12)
    at parseType (/Users/adrianfranciscoperezgomez/Desktop/Personal Apps/vult-intel/node_modules/redis-parser/lib/parser.js:302:14) {
  command: { name: 'auth', args: [ 'IVB0VPnPl0urvQrpSKkbXLdEZBUfSHaP' ] }
}
ReplyError: WRONGPASS invalid username-password pair or user is disabled.
    at parseError (/Users/adrianfranciscoperezgomez/Desktop/Personal Apps/vult-intel/node_modules/redis-parser/lib/parser.js:179:12)
    at parseType (/Users/adrianfranciscoperezgomez/Desktop/Personal Apps/vult-intel/node_modules/redis-parser/lib/parser.js:302:14) {
  command: { name: 'auth', args: [ 'IVB0VPnPl0urvQrpSKkbXLdEZBUfSHaP' ] }
}
ReplyError: WRONGPASS invalid username-password pair or user is disabled.
    at parseError (/Users/adrianfranciscoperezgomez/Desktop/Personal Apps/vult-intel/node_modules/redis-parser/lib/parser.js:179:12)
    at parseType (/Users/adrianfranciscoperezgomez/Desktop/Personal Apps/vult-intel/node_modules/redis-parser/lib/parser.js:302:14) {
  command: { name: 'auth', args: [ 'IVB0VPnPl0urvQrpSKkbXLdEZBUfSHaP' ] }
}
ReplyError: WRONGPASS invalid username-password pair or user is disabled.
    at parseError (/Users/adrianfranciscoperezgomez/Desktop/Personal Apps/vult-intel/node_modules/redis-parser/lib/parser.js:179:12)
    at parseType (/Users/adrianfranciscoperezgomez/Desktop/Personal Apps/vult-intel/node_modules/redis-parser/lib/parser.js:302:14) {
  command: { name: 'auth', args: [ 'IVB0VPnPl0urvQrpSKkbXLdEZBUfSHaP' ] }
}
Connected to Redis for persistence
Redis connection error: ReplyError: WRONGPASS invalid username-password pair or user is disabled.
    at parseError (/Users/adrianfranciscoperezgomez/Desktop/Personal Apps/vult-intel/node_modules/redis-parser/lib/parser.js:179:12)
    at parseType (/Users/adrianfranciscoperezgomez/Desktop/Personal Apps/vult-intel/node_modules/redis-parser/lib/parser.js:302:14) {
  command: { name: 'auth', args: [ 'IVB0VPnPl0urvQrpSKkbXLdEZBUfSHaP' ] }
}
ReplyError: WRONGPASS invalid username-password pair or user is disabled.
    at parseError (/Users/adrianfranciscoperezgomez/Desktop/Personal Apps/vult-intel/node_modules/redis-parser/lib/parser.js:179:12)
    at parseType (/Users/adrianfranciscoperezgomez/Desktop/Personal Apps/vult-intel/node_modules/redis-parser/lib/parser.js:302:14) {
  command: { name: 'auth', args: [ 'IVB0VPnPl0urvQrpSKkbXLdEZBUfSHaP' ] }
}
ReplyError: WRONGPASS invalid username-password pair or user is disabled.
    at parseError (/Users/adrianfranciscoperezgomez/Desktop/Personal Apps/vult-intel/node_modules/redis-parser/lib/parser.js:179:12)
    at parseType (/Users/adrianfranciscoperezgomez/Desktop/Personal Apps/vult-intel/node_modules/redis-parser/lib/parser.js:302:14) {
  command: { name: 'auth', args: [ 'IVB0VPnPl0urvQrpSKkbXLdEZBUfSHaP' ] }
}
ReplyError: WRONGPASS invalid username-password pair or user is disabled.
    at parseError (/Users/adrianfranciscoperezgomez/Desktop/Personal Apps/vult-intel/node_modules/redis-parser/lib/parser.js:179:12)
    at parseType (/Users/adrianfranciscoperezgomez/Desktop/Personal Apps/vult-intel/node_modules/redis-parser/lib/parser.js:302:14) {
  command: { name: 'auth', args: [ 'IVB0VPnPl0urvQrpSKkbXLdEZBUfSHaP' ] }
}
ReplyError: WRONGPASS invalid username-password pair or user is disabled.
    at parseError (/Users/adrianfranciscoperezgomez/Desktop/Personal Apps/vult-intel/node_modules/redis-parser/lib/parser.js:179:12)
    at parseType (/Users/adrianfranciscoperezgomez/Desktop/Personal Apps/vult-intel/node_modules/redis-parser/lib/parser.js:302:14) {
  command: { name: 'auth', args: [ 'IVB0VPnPl0urvQrpSKkbXLdEZBUfSHaP' ] }
}
ReplyError: WRONGPASS invalid username-password pair or user is disabled.
    at parseError (/Users/adrianfranciscoperezgomez/Desktop/Personal Apps/vult-intel/node_modules/redis-parser/lib/parser.js:179:12)
    at parseType (/Users/adrianfranciscoperezgomez/Desktop/Personal Apps/vult-intel/node_modules/redis-parser/lib/parser.js:302:14) {
  command: { name: 'auth', args: [ 'IVB0VPnPl0urvQrpSKkbXLdEZBUfSHaP' ] }
}
ReplyError: WRONGPASS invalid username-password pair or user is disabled.
    at parseError (/Users/adrianfranciscoperezgomez/Desktop/Personal Apps/vult-intel/node_modules/redis-parser/lib/parser.js:179:12)
    at parseType (/Users/adrianfranciscoperezgomez/Desktop/Personal Apps/vult-intel/node_modules/redis-parser/lib/parser.js:302:14) {
  command: { name: 'auth', args: [ 'IVB0VPnPl0urvQrpSKkbXLdEZBUfSHaP' ] }
}
Connected to Redis for persistence
Redis connection error: ReplyError: WRONGPASS invalid username-password pair or user is disabled.
    at parseError (/Users/adrianfranciscoperezgomez/Desktop/Personal Apps/vult-intel/node_modules/redis-parser/lib/parser.js:179:12)
    at parseType (/Users/adrianfranciscoperezgomez/Desktop/Personal Apps/vult-intel/node_modules/redis-parser/lib/parser.js:302:14) {
  command: { name: 'auth', args: [ 'IVB0VPnPl0urvQrpSKkbXLdEZBUfSHaP' ] }
}
ReplyError: WRONGPASS invalid username-password pair or user is disabled.
    at parseError (/Users/adrianfranciscoperezgomez/Desktop/Personal Apps/vult-intel/node_modules/redis-parser/lib/parser.js:179:12)
    at parseType (/Users/adrianfranciscoperezgomez/Desktop/Personal Apps/vult-intel/node_modules/redis-parser/lib/parser.js:302:14) {
  command: { name: 'auth', args: [ 'IVB0VPnPl0urvQrpSKkbXLdEZBUfSHaP' ] }
}
ReplyError: WRONGPASS invalid username-password pair or user is disabled.
    at parseError (/Users/adrianfranciscoperezgomez/Desktop/Personal Apps/vult-intel/node_modules/redis-parser/lib/parser.js:179:12)
    at parseType (/Users/adrianfranciscoperezgomez/Desktop/Personal Apps/vult-intel/node_modules/redis-parser/lib/parser.js:302:14) {
  command: { name: 'auth', args: [ 'IVB0VPnPl0urvQrpSKkbXLdEZBUfSHaP' ] }
}
ReplyError: WRONGPASS invalid username-password pair or user is disabled.
    at parseError (/Users/adrianfranciscoperezgomez/Desktop/Personal Apps/vult-intel/node_modules/redis-parser/lib/parser.js:179:12)
    at parseType (/Users/adrianfranciscoperezgomez/Desktop/Personal Apps/vult-intel/node_modules/redis-parser/lib/parser.js:302:14) {
  command: { name: 'auth', args: [ 'IVB0VPnPl0urvQrpSKkbXLdEZBUfSHaP' ] }
}
ReplyError: WRONGPASS invalid username-password pair or user is disabled.
    at parseError (/Users/adrianfranciscoperezgomez/Desktop/Personal Apps/vult-intel/node_modules/redis-parser/lib/parser.js:179:12)
    at parseType (/Users/adrianfranciscoperezgomez/Desktop/Personal Apps/vult-intel/node_modules/redis-parser/lib/parser.js:302:14) {
  command: { name: 'auth', args: [ 'IVB0VPnPl0urvQrpSKkbXLdEZBUfSHaP' ] }
}
ReplyError: WRONGPASS invalid username-password pair or user is disabled.
    at parseError (/Users/adrianfranciscoperezgomez/Desktop/Personal Apps/vult-intel/node_modules/redis-parser/lib/parser.js:179:12)
    at parseType (/Users/adrianfranciscoperezgomez/Desktop/Personal Apps/vult-intel/node_modules/redis-parser/lib/parser.js:302:14) {
  command: { name: 'auth', args: [ 'IVB0VPnPl0urvQrpSKkbXLdEZBUfSHaP' ] }
}
ReplyError: WRONGPASS invalid username-password pair or user is disabled.
    at parseError (/Users/adrianfranciscoperezgomez/Desktop/Personal Apps/vult-intel/node_modules/redis-parser/lib/parser.js:179:12)
    at parseType (/Users/adrianfranciscoperezgomez/Desktop/Personal Apps/vult-intel/node_modules/redis-parser/lib/parser.js:302:14) {
  command: { name: 'auth', args: [ 'IVB0VPnPl0urvQrpSKkbXLdEZBUfSHaP' ] }
}
Connected to Redis for persistence
Redis connection error: ReplyError: WRONGPASS invalid username-password pair or user is disabled.
    at parseError (/Users/adrianfranciscoperezgomez/Desktop/Personal Apps/vult-intel/node_modules/redis-parser/lib/parser.js:179:12)
    at parseType (/Users/adrianfranciscoperezgomez/Desktop/Personal Apps/vult-intel/node_modules/redis-parser/lib/parser.js:302:14) {
  command: { name: 'auth', args: [ 'IVB0VPnPl0urvQrpSKkbXLdEZBUfSHaP' ] }
}
ReplyError: WRONGPASS invalid username-password pair or user is disabled.
    at parseError (/Users/adrianfranciscoperezgomez/Desktop/Personal Apps/vult-intel/node_modules/redis-parser/lib/parser.js:179:12)
    at parseType (/Users/adrianfranciscoperezgomez/Desktop/Personal Apps/vult-intel/node_modules/redis-parser/lib/parser.js:302:14) {
  command: { name: 'auth', args: [ 'IVB0VPnPl0urvQrpSKkbXLdEZBUfSHaP' ] }
}
ReplyError: WRONGPASS invalid username-password pair or user is disabled.
    at parseError (/Users/adrianfranciscoperezgomez/Desktop/Personal Apps/vult-intel/node_modules/redis-parser/lib/parser.js:179:12)
    at parseType (/Users/adrianfranciscoperezgomez/Desktop/Personal Apps/vult-intel/node_modules/redis-parser/lib/parser.js:302:14) {
  command: { name: 'auth', args: [ 'IVB0VPnPl0urvQrpSKkbXLdEZBUfSHaP' ] }
}
ReplyError: WRONGPASS invalid username-password pair or user is disabled.
    at parseError (/Users/adrianfranciscoperezgomez/Desktop/Personal Apps/vult-intel/node_modules/redis-parser/lib/parser.js:179:12)
    at parseType (/Users/adrianfranciscoperezgomez/Desktop/Personal Apps/vult-intel/node_modules/redis-parser/lib/parser.js:302:14) {
  command: { name: 'auth', args: [ 'IVB0VPnPl0urvQrpSKkbXLdEZBUfSHaP' ] }
}
ReplyError: WRONGPASS invalid username-password pair or user is disabled.
    at parseError (/Users/adrianfranciscoperezgomez/Desktop/Personal Apps/vult-intel/node_modules/redis-parser/lib/parser.js:179:12)
    at parseType (/Users/adrianfranciscoperezgomez/Desktop/Personal Apps/vult-intel/node_modules/redis-parser/lib/parser.js:302:14) {
  command: { name: 'auth', args: [ 'IVB0VPnPl0urvQrpSKkbXLdEZBUfSHaP' ] }
}
ReplyError: WRONGPASS invalid username-password pair or user is disabled.
    at parseError (/Users/adrianfranciscoperezgomez/Desktop/Personal Apps/vult-intel/node_modules/redis-parser/lib/parser.js:179:12)
    at parseType (/Users/adrianfranciscoperezgomez/Desktop/Personal Apps/vult-intel/node_modules/redis-parser/lib/parser.js:302:14) {
  command: { name: 'auth', args: [ 'IVB0VPnPl0urvQrpSKkbXLdEZBUfSHaP' ] }
}
ReplyError: WRONGPASS invalid username-password pair or user is disabled.
    at parseError (/Users/adrianfranciscoperezgomez/Desktop/Personal Apps/vult-intel/node_modules/redis-parser/lib/parser.js:179:12)
    at parseType (/Users/adrianfranciscoperezgomez/Desktop/Personal Apps/vult-intel/node_modules/redis-parser/lib/parser.js:302:14) {
  command: { name: 'auth', args: [ 'IVB0VPnPl0urvQrpSKkbXLdEZBUfSHaP' ] }
}
Connected to Redis for persistence
Redis connection error: ReplyError: WRONGPASS invalid username-password pair or user is disabled.
    at parseError (/Users/adrianfranciscoperezgomez/Desktop/Personal Apps/vult-intel/node_modules/redis-parser/lib/parser.js:179:12)
    at parseType (/Users/adrianfranciscoperezgomez/Desktop/Personal Apps/vult-intel/node_modules/redis-parser/lib/parser.js:302:14) {
  command: { name: 'auth', args: [ 'IVB0VPnPl0urvQrpSKkbXLdEZBUfSHaP' ] }
}
ReplyError: WRONGPASS invalid username-password pair or user is disabled.
    at parseError (/Users/adrianfranciscoperezgomez/Desktop/Personal Apps/vult-intel/node_modules/redis-parser/lib/parser.js:179:12)
    at parseType (/Users/adrianfranciscoperezgomez/Desktop/Personal Apps/vult-intel/node_modules/redis-parser/lib/parser.js:302:14) {
  command: { name: 'auth', args: [ 'IVB0VPnPl0urvQrpSKkbXLdEZBUfSHaP' ] }
}
ReplyError: WRONGPASS invalid username-password pair or user is disabled.
    at parseError (/Users/adrianfranciscoperezgomez/Desktop/Personal Apps/vult-intel/node_modules/redis-parser/lib/parser.js:179:12)
    at parseType (/Users/adrianfranciscoperezgomez/Desktop/Personal Apps/vult-intel/node_modules/redis-parser/lib/parser.js:302:14) {
  command: { name: 'auth', args: [ 'IVB0VPnPl0urvQrpSKkbXLdEZBUfSHaP' ] }
}
ReplyError: WRONGPASS invalid username-password pair or user is disabled.
    at parseError (/Users/adrianfranciscoperezgomez/Desktop/Personal Apps/vult-intel/node_modules/redis-parser/lib/parser.js:179:12)
    at parseType (/Users/adrianfranciscoperezgomez/Desktop/Personal Apps/vult-intel/node_modules/redis-parser/lib/parser.js:302:14) {
  command: { name: 'auth', args: [ 'IVB0VPnPl0urvQrpSKkbXLdEZBUfSHaP' ] }
}
ReplyError: WRONGPASS invalid username-password pair or user is disabled.
    at parseError (/Users/adrianfranciscoperezgomez/Desktop/Personal Apps/vult-intel/node_modules/redis-parser/lib/parser.js:179:12)
    at parseType (/Users/adrianfranciscoperezgomez/Desktop/Personal Apps/vult-intel/node_modules/redis-parser/lib/parser.js:302:14) {
  command: { name: 'auth', args: [ 'IVB0VPnPl0urvQrpSKkbXLdEZBUfSHaP' ] }
}
ReplyError: WRONGPASS invalid username-password pair or user is disabled.
    at parseError (/Users/adrianfranciscoperezgomez/Desktop/Personal Apps/vult-intel/node_modules/redis-parser/lib/parser.js:179:12)
    at parseType (/Users/adrianfranciscoperezgomez/Desktop/Personal Apps/vult-intel/node_modules/redis-parser/lib/parser.js:302:14) {
  command: { name: 'auth', args: [ 'IVB0VPnPl0urvQrpSKkbXLdEZBUfSHaP' ] }
}
ReplyError: WRONGPASS invalid username-password pair or user is disabled.
    at parseError (/Users/adrianfranciscoperezgomez/Desktop/Personal Apps/vult-intel/node_modules/redis-parser/lib/parser.js:179:12)
    at parseType (/Users/adrianfranciscoperezgomez/Desktop/Personal Apps/vult-intel/node_modules/redis-parser/lib/parser.js:302:14) {
  command: { name: 'auth', args: [ 'IVB0VPnPl0urvQrpSKkbXLdEZBUfSHaP' ] }
}
Connected to Redis for persistence
Redis connection error: ReplyError: WRONGPASS invalid username-password pair or user is disabled.
    at parseError (/Users/adrianfranciscoperezgomez/Desktop/Personal Apps/vult-intel/node_modules/redis-parser/lib/parser.js:179:12)
    at parseType (/Users/adrianfranciscoperezgomez/Desktop/Personal Apps/vult-intel/node_modules/redis-parser/lib/parser.js:302:14) {
  command: { name: 'auth', args: [ 'IVB0VPnPl0urvQrpSKkbXLdEZBUfSHaP' ] }
}
ReplyError: WRONGPASS invalid username-password pair or user is disabled.
    at parseError (/Users/adrianfranciscoperezgomez/Desktop/Personal Apps/vult-intel/node_modules/redis-parser/lib/parser.js:179:12)
    at parseType (/Users/adrianfranciscoperezgomez/Desktop/Personal Apps/vult-intel/node_modules/redis-parser/lib/parser.js:302:14) {
  command: { name: 'auth', args: [ 'IVB0VPnPl0urvQrpSKkbXLdEZBUfSHaP' ] }
}
ReplyError: WRONGPASS invalid username-password pair or user is disabled.
    at parseError (/Users/adrianfranciscoperezgomez/Desktop/Personal Apps/vult-intel/node_modules/redis-parser/lib/parser.js:179:12)
    at parseType (/Users/adrianfranciscoperezgomez/Desktop/Personal Apps/vult-intel/node_modules/redis-parser/lib/parser.js:302:14) {
  command: { name: 'auth', args: [ 'IVB0VPnPl0urvQrpSKkbXLdEZBUfSHaP' ] }
}
ReplyError: WRONGPASS invalid username-password pair or user is disabled.
    at parseError (/Users/adrianfranciscoperezgomez/Desktop/Personal Apps/vult-intel/node_modules/redis-parser/lib/parser.js:179:12)
    at parseType (/Users/adrianfranciscoperezgomez/Desktop/Personal Apps/vult-intel/node_modules/redis-parser/lib/parser.js:302:14) {
  command: { name: 'auth', args: [ 'IVB0VPnPl0urvQrpSKkbXLdEZBUfSHaP' ] }
}
ReplyError: WRONGPASS invalid username-password pair or user is disabled.
    at parseError (/Users/adrianfranciscoperezgomez/Desktop/Personal Apps/vult-intel/node_modules/redis-parser/lib/parser.js:179:12)
    at parseType (/Users/adrianfranciscoperezgomez/Desktop/Personal Apps/vult-intel/node_modules/redis-parser/lib/parser.js:302:14) {
  command: { name: 'auth', args: [ 'IVB0VPnPl0urvQrpSKkbXLdEZBUfSHaP' ] }
}
ReplyError: WRONGPASS invalid username-password pair or user is disabled.
    at parseError (/Users/adrianfranciscoperezgomez/Desktop/Personal Apps/vult-intel/node_modules/redis-parser/lib/parser.js:179:12)
    at parseType (/Users/adrianfranciscoperezgomez/Desktop/Personal Apps/vult-intel/node_modules/redis-parser/lib/parser.js:302:14) {
  command: { name: 'auth', args: [ 'IVB0VPnPl0urvQrpSKkbXLdEZBUfSHaP' ] }
}
ReplyError: WRONGPASS invalid username-password pair or user is disabled.
    at parseError (/Users/adrianfranciscoperezgomez/Desktop/Personal Apps/vult-intel/node_modules/redis-parser/lib/parser.js:179:12)
    at parseType (/Users/adrianfranciscoperezgomez/Desktop/Personal Apps/vult-intel/node_modules/redis-parser/lib/parser.js:302:14) {
  command: { name: 'auth', args: [ 'IVB0VPnPl0urvQrpSKkbXLdEZBUfSHaP' ] }
}
Connected to Redis for persistence
Redis connection error: ReplyError: WRONGPASS invalid username-password pair or user is disabled.
    at parseError (/Users/adrianfranciscoperezgomez/Desktop/Personal Apps/vult-intel/node_modules/redis-parser/lib/parser.js:179:12)
    at parseType (/Users/adrianfranciscoperezgomez/Desktop/Personal Apps/vult-intel/node_modules/redis-parser/lib/parser.js:302:14) {
  command: { name: 'auth', args: [ 'IVB0VPnPl0urvQrpSKkbXLdEZBUfSHaP' ] }
}
ReplyError: WRONGPASS invalid username-password pair or user is disabled.
    at parseError (/Users/adrianfranciscoperezgomez/Desktop/Personal Apps/vult-intel/node_modules/redis-parser/lib/parser.js:179:12)
    at parseType (/Users/adrianfranciscoperezgomez/Desktop/Personal Apps/vult-intel/node_modules/redis-parser/lib/parser.js:302:14) {
  command: { name: 'auth', args: [ 'IVB0VPnPl0urvQrpSKkbXLdEZBUfSHaP' ] }
}
ReplyError: WRONGPASS invalid username-password pair or user is disabled.
    at parseError (/Users/adrianfranciscoperezgomez/Desktop/Personal Apps/vult-intel/node_modules/redis-parser/lib/parser.js:179:12)
    at parseType (/Users/adrianfranciscoperezgomez/Desktop/Personal Apps/vult-intel/node_modules/redis-parser/lib/parser.js:302:14) {
  command: { name: 'auth', args: [ 'IVB0VPnPl0urvQrpSKkbXLdEZBUfSHaP' ] }
}
ReplyError: WRONGPASS invalid username-password pair or user is disabled.
    at parseError (/Users/adrianfranciscoperezgomez/Desktop/Personal Apps/vult-intel/node_modules/redis-parser/lib/parser.js:179:12)
    at parseType (/Users/adrianfranciscoperezgomez/Desktop/Personal Apps/vult-intel/node_modules/redis-parser/lib/parser.js:302:14) {
  command: { name: 'auth', args: [ 'IVB0VPnPl0urvQrpSKkbXLdEZBUfSHaP' ] }
}
ReplyError: WRONGPASS invalid username-password pair or user is disabled.
    at parseError (/Users/adrianfranciscoperezgomez/Desktop/Personal Apps/vult-intel/node_modules/redis-parser/lib/parser.js:179:12)
    at parseType (/Users/adrianfranciscoperezgomez/Desktop/Personal Apps/vult-intel/node_modules/redis-parser/lib/parser.js:302:14) {
  command: { name: 'auth', args: [ 'IVB0VPnPl0urvQrpSKkbXLdEZBUfSHaP' ] }
}
ReplyError: WRONGPASS invalid username-password pair or user is disabled.
    at parseError (/Users/adrianfranciscoperezgomez/Desktop/Personal Apps/vult-intel/node_modules/redis-parser/lib/parser.js:179:12)
    at parseType (/Users/adrianfranciscoperezgomez/Desktop/Personal Apps/vult-intel/node_modules/redis-parser/lib/parser.js:302:14) {
  command: { name: 'auth', args: [ 'IVB0VPnPl0urvQrpSKkbXLdEZBUfSHaP' ] }
}
ReplyError: WRONGPASS invalid username-password pair or user is disabled.
    at parseError (/Users/adrianfranciscoperezgomez/Desktop/Personal Apps/vult-intel/node_modules/redis-parser/lib/parser.js:179:12)
    at parseType (/Users/adrianfranciscoperezgomez/Desktop/Personal Apps/vult-intel/node_modules/redis-parser/lib/parser.js:302:14) {
  command: { name: 'auth', args: [ 'IVB0VPnPl0urvQrpSKkbXLdEZBUfSHaP' ] }
}
Connected to Redis for persistence
Redis connection error: ReplyError: WRONGPASS invalid username-password pair or user is disabled.
    at parseError (/Users/adrianfranciscoperezgomez/Desktop/Personal Apps/vult-intel/node_modules/redis-parser/lib/parser.js:179:12)
    at parseType (/Users/adrianfranciscoperezgomez/Desktop/Personal Apps/vult-intel/node_modules/redis-parser/lib/parser.js:302:14) {
  command: { name: 'auth', args: [ 'IVB0VPnPl0urvQrpSKkbXLdEZBUfSHaP' ] }
}
ReplyError: WRONGPASS invalid username-password pair or user is disabled.
    at parseError (/Users/adrianfranciscoperezgomez/Desktop/Personal Apps/vult-intel/node_modules/redis-parser/lib/parser.js:179:12)
    at parseType (/Users/adrianfranciscoperezgomez/Desktop/Personal Apps/vult-intel/node_modules/redis-parser/lib/parser.js:302:14) {
  command: { name: 'auth', args: [ 'IVB0VPnPl0urvQrpSKkbXLdEZBUfSHaP' ] }
}
ReplyError: WRONGPASS invalid username-password pair or user is disabled.
    at parseError (/Users/adrianfranciscoperezgomez/Desktop/Personal Apps/vult-intel/node_modules/redis-parser/lib/parser.js:179:12)
    at parseType (/Users/adrianfranciscoperezgomez/Desktop/Personal Apps/vult-intel/node_modules/redis-parser/lib/parser.js:302:14) {
  command: { name: 'auth', args: [ 'IVB0VPnPl0urvQrpSKkbXLdEZBUfSHaP' ] }
}
ReplyError: WRONGPASS invalid username-password pair or user is disabled.
    at parseError (/Users/adrianfranciscoperezgomez/Desktop/Personal Apps/vult-intel/node_modules/redis-parser/lib/parser.js:179:12)
    at parseType (/Users/adrianfranciscoperezgomez/Desktop/Personal Apps/vult-intel/node_modules/redis-parser/lib/parser.js:302:14) {
  command: { name: 'auth', args: [ 'IVB0VPnPl0urvQrpSKkbXLdEZBUfSHaP' ] }
}
ReplyError: WRONGPASS invalid username-password pair or user is disabled.
    at parseError (/Users/adrianfranciscoperezgomez/Desktop/Personal Apps/vult-intel/node_modules/redis-parser/lib/parser.js:179:12)
    at parseType (/Users/adrianfranciscoperezgomez/Desktop/Personal Apps/vult-intel/node_modules/redis-parser/lib/parser.js:302:14) {
  command: { name: 'auth', args: [ 'IVB0VPnPl0urvQrpSKkbXLdEZBUfSHaP' ] }
}
ReplyError: WRONGPASS invalid username-password pair or user is disabled.
    at parseError (/Users/adrianfranciscoperezgomez/Desktop/Personal Apps/vult-intel/node_modules/redis-parser/lib/parser.js:179:12)
    at parseType (/Users/adrianfranciscoperezgomez/Desktop/Personal Apps/vult-intel/node_modules/redis-parser/lib/parser.js:302:14) {
  command: { name: 'auth', args: [ 'IVB0VPnPl0urvQrpSKkbXLdEZBUfSHaP' ] }
}
ReplyError: WRONGPASS invalid username-password pair or user is disabled.
    at parseError (/Users/adrianfranciscoperezgomez/Desktop/Personal Apps/vult-intel/node_modules/redis-parser/lib/parser.js:179:12)
    at parseType (/Users/adrianfranciscoperezgomez/Desktop/Personal Apps/vult-intel/node_modules/redis-parser/lib/parser.js:302:14) {
  command: { name: 'auth', args: [ 'IVB0VPnPl0urvQrpSKkbXLdEZBUfSHaP' ] }
}
Connected to Redis for persistence
Redis connection error: ReplyError: WRONGPASS invalid username-password pair or user is disabled.
    at parseError (/Users/adrianfranciscoperezgomez/Desktop/Personal Apps/vult-intel/node_modules/redis-parser/lib/parser.js:179:12)
    at parseType (/Users/adrianfranciscoperezgomez/Desktop/Personal Apps/vult-intel/node_modules/redis-parser/lib/parser.js:302:14) {
  command: { name: 'auth', args: [ 'IVB0VPnPl0urvQrpSKkbXLdEZBUfSHaP' ] }
}
ReplyError: WRONGPASS invalid username-password pair or user is disabled.
    at parseError (/Users/adrianfranciscoperezgomez/Desktop/Personal Apps/vult-intel/node_modules/redis-parser/lib/parser.js:179:12)
    at parseType (/Users/adrianfranciscoperezgomez/Desktop/Personal Apps/vult-intel/node_modules/redis-parser/lib/parser.js:302:14) {
  command: { name: 'auth', args: [ 'IVB0VPnPl0urvQrpSKkbXLdEZBUfSHaP' ] }
}
ReplyError: WRONGPASS invalid username-password pair or user is disabled.
    at parseError (/Users/adrianfranciscoperezgomez/Desktop/Personal Apps/vult-intel/node_modules/redis-parser/lib/parser.js:179:12)
    at parseType (/Users/adrianfranciscoperezgomez/Desktop/Personal Apps/vult-intel/node_modules/redis-parser/lib/parser.js:302:14) {
  command: { name: 'auth', args: [ 'IVB0VPnPl0urvQrpSKkbXLdEZBUfSHaP' ] }
}
ReplyError: WRONGPASS invalid username-password pair or user is disabled.
    at parseError (/Users/adrianfranciscoperezgomez/Desktop/Personal Apps/vult-intel/node_modules/redis-parser/lib/parser.js:179:12)
    at parseType (/Users/adrianfranciscoperezgomez/Desktop/Personal Apps/vult-intel/node_modules/redis-parser/lib/parser.js:302:14) {
  command: { name: 'auth', args: [ 'IVB0VPnPl0urvQrpSKkbXLdEZBUfSHaP' ] }
}
ReplyError: WRONGPASS invalid username-password pair or user is disabled.
    at parseError (/Users/adrianfranciscoperezgomez/Desktop/Personal Apps/vult-intel/node_modules/redis-parser/lib/parser.js:179:12)
    at parseType (/Users/adrianfranciscoperezgomez/Desktop/Personal Apps/vult-intel/node_modules/redis-parser/lib/parser.js:302:14) {
  command: { name: 'auth', args: [ 'IVB0VPnPl0urvQrpSKkbXLdEZBUfSHaP' ] }
}
ReplyError: WRONGPASS invalid username-password pair or user is disabled.
    at parseError (/Users/adrianfranciscoperezgomez/Desktop/Personal Apps/vult-intel/node_modules/redis-parser/lib/parser.js:179:12)
    at parseType (/Users/adrianfranciscoperezgomez/Desktop/Personal Apps/vult-intel/node_modules/redis-parser/lib/parser.js:302:14) {
  command: { name: 'auth', args: [ 'IVB0VPnPl0urvQrpSKkbXLdEZBUfSHaP' ] }
}
ReplyError: WRONGPASS invalid username-password pair or user is disabled.
    at parseError (/Users/adrianfranciscoperezgomez/Desktop/Personal Apps/vult-intel/node_modules/redis-parser/lib/parser.js:179:12)
    at parseType (/Users/adrianfranciscoperezgomez/Desktop/Personal Apps/vult-intel/node_modules/redis-parser/lib/parser.js:302:14) {
  command: { name: 'auth', args: [ 'IVB0VPnPl0urvQrpSKkbXLdEZBUfSHaP' ] }
}
Connected to Redis for persistence
Redis connection error: ReplyError: WRONGPASS invalid username-password pair or user is disabled.
    at parseError (/Users/adrianfranciscoperezgomez/Desktop/Personal Apps/vult-intel/node_modules/redis-parser/lib/parser.js:179:12)
    at parseType (/Users/adrianfranciscoperezgomez/Desktop/Personal Apps/vult-intel/node_modules/redis-parser/lib/parser.js:302:14) {
  command: { name: 'auth', args: [ 'IVB0VPnPl0urvQrpSKkbXLdEZBUfSHaP' ] }
}
ReplyError: WRONGPASS invalid username-password pair or user is disabled.
    at parseError (/Users/adrianfranciscoperezgomez/Desktop/Personal Apps/vult-intel/node_modules/redis-parser/lib/parser.js:179:12)
    at parseType (/Users/adrianfranciscoperezgomez/Desktop/Personal Apps/vult-intel/node_modules/redis-parser/lib/parser.js:302:14) {
  command: { name: 'auth', args: [ 'IVB0VPnPl0urvQrpSKkbXLdEZBUfSHaP' ] }
}
ReplyError: WRONGPASS invalid username-password pair or user is disabled.
    at parseError (/Users/adrianfranciscoperezgomez/Desktop/Personal Apps/vult-intel/node_modules/redis-parser/lib/parser.js:179:12)
    at parseType (/Users/adrianfranciscoperezgomez/Desktop/Personal Apps/vult-intel/node_modules/redis-parser/lib/parser.js:302:14) {
  command: { name: 'auth', args: [ 'IVB0VPnPl0urvQrpSKkbXLdEZBUfSHaP' ] }
}
ReplyError: WRONGPASS invalid username-password pair or user is disabled.
    at parseError (/Users/adrianfranciscoperezgomez/Desktop/Personal Apps/vult-intel/node_modules/redis-parser/lib/parser.js:179:12)
    at parseType (/Users/adrianfranciscoperezgomez/Desktop/Personal Apps/vult-intel/node_modules/redis-parser/lib/parser.js:302:14) {
  command: { name: 'auth', args: [ 'IVB0VPnPl0urvQrpSKkbXLdEZBUfSHaP' ] }
}
ReplyError: WRONGPASS invalid username-password pair or user is disabled.
    at parseError (/Users/adrianfranciscoperezgomez/Desktop/Personal Apps/vult-intel/node_modules/redis-parser/lib/parser.js:179:12)
    at parseType (/Users/adrianfranciscoperezgomez/Desktop/Personal Apps/vult-intel/node_modules/redis-parser/lib/parser.js:302:14) {
  command: { name: 'auth', args: [ 'IVB0VPnPl0urvQrpSKkbXLdEZBUfSHaP' ] }
}
ReplyError: WRONGPASS invalid username-password pair or user is disabled.
    at parseError (/Users/adrianfranciscoperezgomez/Desktop/Personal Apps/vult-intel/node_modules/redis-parser/lib/parser.js:179:12)
    at parseType (/Users/adrianfranciscoperezgomez/Desktop/Personal Apps/vult-intel/node_modules/redis-parser/lib/parser.js:302:14) {
  command: { name: 'auth', args: [ 'IVB0VPnPl0urvQrpSKkbXLdEZBUfSHaP' ] }
}
ReplyError: WRONGPASS invalid username-password pair or user is disabled.
    at parseError (/Users/adrianfranciscoperezgomez/Desktop/Personal Apps/vult-intel/node_modules/redis-parser/lib/parser.js:179:12)
    at parseType (/Users/adrianfranciscoperezgomez/Desktop/Personal Apps/vult-intel/node_modules/redis-parser/lib/parser.js:302:14) {
  command: { name: 'auth', args: [ 'IVB0VPnPl0urvQrpSKkbXLdEZBUfSHaP' ] }
}
Connected to Redis for persistence
Redis connection error: ReplyError: WRONGPASS invalid username-password pair or user is disabled.
    at parseError (/Users/adrianfranciscoperezgomez/Desktop/Personal Apps/vult-intel/node_modules/redis-parser/lib/parser.js:179:12)
    at parseType (/Users/adrianfranciscoperezgomez/Desktop/Personal Apps/vult-intel/node_modules/redis-parser/lib/parser.js:302:14) {
  command: { name: 'auth', args: [ 'IVB0VPnPl0urvQrpSKkbXLdEZBUfSHaP' ] }
}
ReplyError: WRONGPASS invalid username-password pair or user is disabled.
    at parseError (/Users/adrianfranciscoperezgomez/Desktop/Personal Apps/vult-intel/node_modules/redis-parser/lib/parser.js:179:12)
    at parseType (/Users/adrianfranciscoperezgomez/Desktop/Personal Apps/vult-intel/node_modules/redis-parser/lib/parser.js:302:14) {
  command: { name: 'auth', args: [ 'IVB0VPnPl0urvQrpSKkbXLdEZBUfSHaP' ] }
}
ReplyError: WRONGPASS invalid username-password pair or user is disabled.
    at parseError (/Users/adrianfranciscoperezgomez/Desktop/Personal Apps/vult-intel/node_modules/redis-parser/lib/parser.js:179:12)
    at parseType (/Users/adrianfranciscoperezgomez/Desktop/Personal Apps/vult-intel/node_modules/redis-parser/lib/parser.js:302:14) {
  command: { name: 'auth', args: [ 'IVB0VPnPl0urvQrpSKkbXLdEZBUfSHaP' ] }
}
ReplyError: WRONGPASS invalid username-password pair or user is disabled.
    at parseError (/Users/adrianfranciscoperezgomez/Desktop/Personal Apps/vult-intel/node_modules/redis-parser/lib/parser.js:179:12)
    at parseType (/Users/adrianfranciscoperezgomez/Desktop/Personal Apps/vult-intel/node_modules/redis-parser/lib/parser.js:302:14) {
  command: { name: 'auth', args: [ 'IVB0VPnPl0urvQrpSKkbXLdEZBUfSHaP' ] }
}
ReplyError: WRONGPASS invalid username-password pair or user is disabled.
    at parseError (/Users/adrianfranciscoperezgomez/Desktop/Personal Apps/vult-intel/node_modules/redis-parser/lib/parser.js:179:12)
    at parseType (/Users/adrianfranciscoperezgomez/Desktop/Personal Apps/vult-intel/node_modules/redis-parser/lib/parser.js:302:14) {
  command: { name: 'auth', args: [ 'IVB0VPnPl0urvQrpSKkbXLdEZBUfSHaP' ] }
}
ReplyError: WRONGPASS invalid username-password pair or user is disabled.
    at parseError (/Users/adrianfranciscoperezgomez/Desktop/Personal Apps/vult-intel/node_modules/redis-parser/lib/parser.js:179:12)
    at parseType (/Users/adrianfranciscoperezgomez/Desktop/Personal Apps/vult-intel/node_modules/redis-parser/lib/parser.js:302:14) {
  command: { name: 'auth', args: [ 'IVB0VPnPl0urvQrpSKkbXLdEZBUfSHaP' ] }
}
ReplyError: WRONGPASS invalid username-password pair or user is disabled.
    at parseError (/Users/adrianfranciscoperezgomez/Desktop/Personal Apps/vult-intel/node_modules/redis-parser/lib/parser.js:179:12)
    at parseType (/Users/adrianfranciscoperezgomez/Desktop/Personal Apps/vult-intel/node_modules/redis-parser/lib/parser.js:302:14) {
  command: { name: 'auth', args: [ 'IVB0VPnPl0urvQrpSKkbXLdEZBUfSHaP' ] }
}
Connected to Redis for persistence
Redis connection error: ReplyError: WRONGPASS invalid username-password pair or user is disabled.
    at parseError (/Users/adrianfranciscoperezgomez/Desktop/Personal Apps/vult-intel/node_modules/redis-parser/lib/parser.js:179:12)
    at parseType (/Users/adrianfranciscoperezgomez/Desktop/Personal Apps/vult-intel/node_modules/redis-parser/lib/parser.js:302:14) {
  command: { name: 'auth', args: [ 'IVB0VPnPl0urvQrpSKkbXLdEZBUfSHaP' ] }
}
ReplyError: WRONGPASS invalid username-password pair or user is disabled.
    at parseError (/Users/adrianfranciscoperezgomez/Desktop/Personal Apps/vult-intel/node_modules/redis-parser/lib/parser.js:179:12)
    at parseType (/Users/adrianfranciscoperezgomez/Desktop/Personal Apps/vult-intel/node_modules/redis-parser/lib/parser.js:302:14) {
  command: { name: 'auth', args: [ 'IVB0VPnPl0urvQrpSKkbXLdEZBUfSHaP' ] }
}
ReplyError: WRONGPASS invalid username-password pair or user is disabled.
    at parseError (/Users/adrianfranciscoperezgomez/Desktop/Personal Apps/vult-intel/node_modules/redis-parser/lib/parser.js:179:12)
    at parseType (/Users/adrianfranciscoperezgomez/Desktop/Personal Apps/vult-intel/node_modules/redis-parser/lib/parser.js:302:14) {
  command: { name: 'auth', args: [ 'IVB0VPnPl0urvQrpSKkbXLdEZBUfSHaP' ] }
}
ReplyError: WRONGPASS invalid username-password pair or user is disabled.
    at parseError (/Users/adrianfranciscoperezgomez/Desktop/Personal Apps/vult-intel/node_modules/redis-parser/lib/parser.js:179:12)
    at parseType (/Users/adrianfranciscoperezgomez/Desktop/Personal Apps/vult-intel/node_modules/redis-parser/lib/parser.js:302:14) {
  command: { name: 'auth', args: [ 'IVB0VPnPl0urvQrpSKkbXLdEZBUfSHaP' ] }
}
ReplyError: WRONGPASS invalid username-password pair or user is disabled.
    at parseError (/Users/adrianfranciscoperezgomez/Desktop/Personal Apps/vult-intel/node_modules/redis-parser/lib/parser.js:179:12)
    at parseType (/Users/adrianfranciscoperezgomez/Desktop/Personal Apps/vult-intel/node_modules/redis-parser/lib/parser.js:302:14) {
  command: { name: 'auth', args: [ 'IVB0VPnPl0urvQrpSKkbXLdEZBUfSHaP' ] }
}
ReplyError: WRONGPASS invalid username-password pair or user is disabled.
    at parseError (/Users/adrianfranciscoperezgomez/Desktop/Personal Apps/vult-intel/node_modules/redis-parser/lib/parser.js:179:12)
    at parseType (/Users/adrianfranciscoperezgomez/Desktop/Personal Apps/vult-intel/node_modules/redis-parser/lib/parser.js:302:14) {
  command: { name: 'auth', args: [ 'IVB0VPnPl0urvQrpSKkbXLdEZBUfSHaP' ] }
}
ReplyError: WRONGPASS invalid username-password pair or user is disabled.
    at parseError (/Users/adrianfranciscoperezgomez/Desktop/Personal Apps/vult-intel/node_modules/redis-parser/lib/parser.js:179:12)
    at parseType (/Users/adrianfranciscoperezgomez/Desktop/Personal Apps/vult-intel/node_modules/redis-parser/lib/parser.js:302:14) {
  command: { name: 'auth', args: [ 'IVB0VPnPl0urvQrpSKkbXLdEZBUfSHaP' ] }
}
Connected to Redis for persistence
Redis connection error: ReplyError: WRONGPASS invalid username-password pair or user is disabled.
    at parseError (/Users/adrianfranciscoperezgomez/Desktop/Personal Apps/vult-intel/node_modules/redis-parser/lib/parser.js:179:12)
    at parseType (/Users/adrianfranciscoperezgomez/Desktop/Personal Apps/vult-intel/node_modules/redis-parser/lib/parser.js:302:14) {
  command: { name: 'auth', args: [ 'IVB0VPnPl0urvQrpSKkbXLdEZBUfSHaP' ] }
}
ReplyError: WRONGPASS invalid username-password pair or user is disabled.
    at parseError (/Users/adrianfranciscoperezgomez/Desktop/Personal Apps/vult-intel/node_modules/redis-parser/lib/parser.js:179:12)
    at parseType (/Users/adrianfranciscoperezgomez/Desktop/Personal Apps/vult-intel/node_modules/redis-parser/lib/parser.js:302:14) {
  command: { name: 'auth', args: [ 'IVB0VPnPl0urvQrpSKkbXLdEZBUfSHaP' ] }
}
ReplyError: WRONGPASS invalid username-password pair or user is disabled.
    at parseError (/Users/adrianfranciscoperezgomez/Desktop/Personal Apps/vult-intel/node_modules/redis-parser/lib/parser.js:179:12)
    at parseType (/Users/adrianfranciscoperezgomez/Desktop/Personal Apps/vult-intel/node_modules/redis-parser/lib/parser.js:302:14) {
  command: { name: 'auth', args: [ 'IVB0VPnPl0urvQrpSKkbXLdEZBUfSHaP' ] }
}
ReplyError: WRONGPASS invalid username-password pair or user is disabled.
    at parseError (/Users/adrianfranciscoperezgomez/Desktop/Personal Apps/vult-intel/node_modules/redis-parser/lib/parser.js:179:12)
    at parseType (/Users/adrianfranciscoperezgomez/Desktop/Personal Apps/vult-intel/node_modules/redis-parser/lib/parser.js:302:14) {
  command: { name: 'auth', args: [ 'IVB0VPnPl0urvQrpSKkbXLdEZBUfSHaP' ] }
}
ReplyError: WRONGPASS invalid username-password pair or user is disabled.
    at parseError (/Users/adrianfranciscoperezgomez/Desktop/Personal Apps/vult-intel/node_modules/redis-parser/lib/parser.js:179:12)
    at parseType (/Users/adrianfranciscoperezgomez/Desktop/Personal Apps/vult-intel/node_modules/redis-parser/lib/parser.js:302:14) {
  command: { name: 'auth', args: [ 'IVB0VPnPl0urvQrpSKkbXLdEZBUfSHaP' ] }
}
ReplyError: WRONGPASS invalid username-password pair or user is disabled.
    at parseError (/Users/adrianfranciscoperezgomez/Desktop/Personal Apps/vult-intel/node_modules/redis-parser/lib/parser.js:179:12)
    at parseType (/Users/adrianfranciscoperezgomez/Desktop/Personal Apps/vult-intel/node_modules/redis-parser/lib/parser.js:302:14) {
  command: { name: 'auth', args: [ 'IVB0VPnPl0urvQrpSKkbXLdEZBUfSHaP' ] }
}
ReplyError: WRONGPASS invalid username-password pair or user is disabled.
    at parseError (/Users/adrianfranciscoperezgomez/Desktop/Personal Apps/vult-intel/node_modules/redis-parser/lib/parser.js:179:12)
    at parseType (/Users/adrianfranciscoperezgomez/Desktop/Personal Apps/vult-intel/node_modules/redis-parser/lib/parser.js:302:14) {
  command: { name: 'auth', args: [ 'IVB0VPnPl0urvQrpSKkbXLdEZBUfSHaP' ] }
}
Connected to Redis for persistence
Redis connection error: ReplyError: WRONGPASS invalid username-password pair or user is disabled.
    at parseError (/Users/adrianfranciscoperezgomez/Desktop/Personal Apps/vult-intel/node_modules/redis-parser/lib/parser.js:179:12)
    at parseType (/Users/adrianfranciscoperezgomez/Desktop/Personal Apps/vult-intel/node_modules/redis-parser/lib/parser.js:302:14) {
  command: { name: 'auth', args: [ 'IVB0VPnPl0urvQrpSKkbXLdEZBUfSHaP' ] }
}
ReplyError: WRONGPASS invalid username-password pair or user is disabled.
    at parseError (/Users/adrianfranciscoperezgomez/Desktop/Personal Apps/vult-intel/node_modules/redis-parser/lib/parser.js:179:12)
    at parseType (/Users/adrianfranciscoperezgomez/Desktop/Personal Apps/vult-intel/node_modules/redis-parser/lib/parser.js:302:14) {
  command: { name: 'auth', args: [ 'IVB0VPnPl0urvQrpSKkbXLdEZBUfSHaP' ] }
}
ReplyError: WRONGPASS invalid username-password pair or user is disabled.
    at parseError (/Users/adrianfranciscoperezgomez/Desktop/Personal Apps/vult-intel/node_modules/redis-parser/lib/parser.js:179:12)
    at parseType (/Users/adrianfranciscoperezgomez/Desktop/Personal Apps/vult-intel/node_modules/redis-parser/lib/parser.js:302:14) {
  command: { name: 'auth', args: [ 'IVB0VPnPl0urvQrpSKkbXLdEZBUfSHaP' ] }
}
ReplyError: WRONGPASS invalid username-password pair or user is disabled.
    at parseError (/Users/adrianfranciscoperezgomez/Desktop/Personal Apps/vult-intel/node_modules/redis-parser/lib/parser.js:179:12)
    at parseType (/Users/adrianfranciscoperezgomez/Desktop/Personal Apps/vult-intel/node_modules/redis-parser/lib/parser.js:302:14) {
  command: { name: 'auth', args: [ 'IVB0VPnPl0urvQrpSKkbXLdEZBUfSHaP' ] }
}
ReplyError: WRONGPASS invalid username-password pair or user is disabled.
    at parseError (/Users/adrianfranciscoperezgomez/Desktop/Personal Apps/vult-intel/node_modules/redis-parser/lib/parser.js:179:12)
    at parseType (/Users/adrianfranciscoperezgomez/Desktop/Personal Apps/vult-intel/node_modules/redis-parser/lib/parser.js:302:14) {
  command: { name: 'auth', args: [ 'IVB0VPnPl0urvQrpSKkbXLdEZBUfSHaP' ] }
}
ReplyError: WRONGPASS invalid username-password pair or user is disabled.
    at parseError (/Users/adrianfranciscoperezgomez/Desktop/Personal Apps/vult-intel/node_modules/redis-parser/lib/parser.js:179:12)
    at parseType (/Users/adrianfranciscoperezgomez/Desktop/Personal Apps/vult-intel/node_modules/redis-parser/lib/parser.js:302:14) {
  command: { name: 'auth', args: [ 'IVB0VPnPl0urvQrpSKkbXLdEZBUfSHaP' ] }
}
ReplyError: WRONGPASS invalid username-password pair or user is disabled.
    at parseError (/Users/adrianfranciscoperezgomez/Desktop/Personal Apps/vult-intel/node_modules/redis-parser/lib/parser.js:179:12)
    at parseType (/Users/adrianfranciscoperezgomez/Desktop/Personal Apps/vult-intel/node_modules/redis-parser/lib/parser.js:302:14) {
  command: { name: 'auth', args: [ 'IVB0VPnPl0urvQrpSKkbXLdEZBUfSHaP' ] }
}
Connected to Redis for persistence
Redis connection error: ReplyError: WRONGPASS invalid username-password pair or user is disabled.
    at parseError (/Users/adrianfranciscoperezgomez/Desktop/Personal Apps/vult-intel/node_modules/redis-parser/lib/parser.js:179:12)
    at parseType (/Users/adrianfranciscoperezgomez/Desktop/Personal Apps/vult-intel/node_modules/redis-parser/lib/parser.js:302:14) {
  command: { name: 'auth', args: [ 'IVB0VPnPl0urvQrpSKkbXLdEZBUfSHaP' ] }
}
ReplyError: WRONGPASS invalid username-password pair or user is disabled.
    at parseError (/Users/adrianfranciscoperezgomez/Desktop/Personal Apps/vult-intel/node_modules/redis-parser/lib/parser.js:179:12)
    at parseType (/Users/adrianfranciscoperezgomez/Desktop/Personal Apps/vult-intel/node_modules/redis-parser/lib/parser.js:302:14) {
  command: { name: 'auth', args: [ 'IVB0VPnPl0urvQrpSKkbXLdEZBUfSHaP' ] }
}
ReplyError: WRONGPASS invalid username-password pair or user is disabled.
    at parseError (/Users/adrianfranciscoperezgomez/Desktop/Personal Apps/vult-intel/node_modules/redis-parser/lib/parser.js:179:12)
    at parseType (/Users/adrianfranciscoperezgomez/Desktop/Personal Apps/vult-intel/node_modules/redis-parser/lib/parser.js:302:14) {
  command: { name: 'auth', args: [ 'IVB0VPnPl0urvQrpSKkbXLdEZBUfSHaP' ] }
}
ReplyError: WRONGPASS invalid username-password pair or user is disabled.
    at parseError (/Users/adrianfranciscoperezgomez/Desktop/Personal Apps/vult-intel/node_modules/redis-parser/lib/parser.js:179:12)
    at parseType (/Users/adrianfranciscoperezgomez/Desktop/Personal Apps/vult-intel/node_modules/redis-parser/lib/parser.js:302:14) {
  command: { name: 'auth', args: [ 'IVB0VPnPl0urvQrpSKkbXLdEZBUfSHaP' ] }
}
ReplyError: WRONGPASS invalid username-password pair or user is disabled.
    at parseError (/Users/adrianfranciscoperezgomez/Desktop/Personal Apps/vult-intel/node_modules/redis-parser/lib/parser.js:179:12)
    at parseType (/Users/adrianfranciscoperezgomez/Desktop/Personal Apps/vult-intel/node_modules/redis-parser/lib/parser.js:302:14) {
  command: { name: 'auth', args: [ 'IVB0VPnPl0urvQrpSKkbXLdEZBUfSHaP' ] }
}
ReplyError: WRONGPASS invalid username-password pair or user is disabled.
    at parseError (/Users/adrianfranciscoperezgomez/Desktop/Personal Apps/vult-intel/node_modules/redis-parser/lib/parser.js:179:12)
    at parseType (/Users/adrianfranciscoperezgomez/Desktop/Personal Apps/vult-intel/node_modules/redis-parser/lib/parser.js:302:14) {
  command: { name: 'auth', args: [ 'IVB0VPnPl0urvQrpSKkbXLdEZBUfSHaP' ] }
}
ReplyError: WRONGPASS invalid username-password pair or user is disabled.
    at parseError (/Users/adrianfranciscoperezgomez/Desktop/Personal Apps/vult-intel/node_modules/redis-parser/lib/parser.js:179:12)
    at parseType (/Users/adrianfranciscoperezgomez/Desktop/Personal Apps/vult-intel/node_modules/redis-parser/lib/parser.js:302:14) {
  command: { name: 'auth', args: [ 'IVB0VPnPl0urvQrpSKkbXLdEZBUfSHaP' ] }
}
Connected to Redis for persistence
Redis connection error: ReplyError: WRONGPASS invalid username-password pair or user is disabled.
    at parseError (/Users/adrianfranciscoperezgomez/Desktop/Personal Apps/vult-intel/node_modules/redis-parser/lib/parser.js:179:12)
    at parseType (/Users/adrianfranciscoperezgomez/Desktop/Personal Apps/vult-intel/node_modules/redis-parser/lib/parser.js:302:14) {
  command: { name: 'auth', args: [ 'IVB0VPnPl0urvQrpSKkbXLdEZBUfSHaP' ] }
}
ReplyError: WRONGPASS invalid username-password pair or user is disabled.
    at parseError (/Users/adrianfranciscoperezgomez/Desktop/Personal Apps/vult-intel/node_modules/redis-parser/lib/parser.js:179:12)
    at parseType (/Users/adrianfranciscoperezgomez/Desktop/Personal Apps/vult-intel/node_modules/redis-parser/lib/parser.js:302:14) {
  command: { name: 'auth', args: [ 'IVB0VPnPl0urvQrpSKkbXLdEZBUfSHaP' ] }
}
ReplyError: WRONGPASS invalid username-password pair or user is disabled.
    at parseError (/Users/adrianfranciscoperezgomez/Desktop/Personal Apps/vult-intel/node_modules/redis-parser/lib/parser.js:179:12)
    at parseType (/Users/adrianfranciscoperezgomez/Desktop/Personal Apps/vult-intel/node_modules/redis-parser/lib/parser.js:302:14) {
  command: { name: 'auth', args: [ 'IVB0VPnPl0urvQrpSKkbXLdEZBUfSHaP' ] }
}
ReplyError: WRONGPASS invalid username-password pair or user is disabled.
    at parseError (/Users/adrianfranciscoperezgomez/Desktop/Personal Apps/vult-intel/node_modules/redis-parser/lib/parser.js:179:12)
    at parseType (/Users/adrianfranciscoperezgomez/Desktop/Personal Apps/vult-intel/node_modules/redis-parser/lib/parser.js:302:14) {
  command: { name: 'auth', args: [ 'IVB0VPnPl0urvQrpSKkbXLdEZBUfSHaP' ] }
}
ReplyError: WRONGPASS invalid username-password pair or user is disabled.
    at parseError (/Users/adrianfranciscoperezgomez/Desktop/Personal Apps/vult-intel/node_modules/redis-parser/lib/parser.js:179:12)
    at parseType (/Users/adrianfranciscoperezgomez/Desktop/Personal Apps/vult-intel/node_modules/redis-parser/lib/parser.js:302:14) {
  command: { name: 'auth', args: [ 'IVB0VPnPl0urvQrpSKkbXLdEZBUfSHaP' ] }
}
ReplyError: WRONGPASS invalid username-password pair or user is disabled.
    at parseError (/Users/adrianfranciscoperezgomez/Desktop/Personal Apps/vult-intel/node_modules/redis-parser/lib/parser.js:179:12)
    at parseType (/Users/adrianfranciscoperezgomez/Desktop/Personal Apps/vult-intel/node_modules/redis-parser/lib/parser.js:302:14) {
  command: { name: 'auth', args: [ 'IVB0VPnPl0urvQrpSKkbXLdEZBUfSHaP' ] }
}
ReplyError: WRONGPASS invalid username-password pair or user is disabled.
    at parseError (/Users/adrianfranciscoperezgomez/Desktop/Personal Apps/vult-intel/node_modules/redis-parser/lib/parser.js:179:12)
    at parseType (/Users/adrianfranciscoperezgomez/Desktop/Personal Apps/vult-intel/node_modules/redis-parser/lib/parser.js:302:14) {
  command: { name: 'auth', args: [ 'IVB0VPnPl0urvQrpSKkbXLdEZBUfSHaP' ] }
}
Connected to Redis for persistence
Redis connection error: ReplyError: WRONGPASS invalid username-password pair or user is disabled.
    at parseError (/Users/adrianfranciscoperezgomez/Desktop/Personal Apps/vult-intel/node_modules/redis-parser/lib/parser.js:179:12)
    at parseType (/Users/adrianfranciscoperezgomez/Desktop/Personal Apps/vult-intel/node_modules/redis-parser/lib/parser.js:302:14) {
  command: { name: 'auth', args: [ 'IVB0VPnPl0urvQrpSKkbXLdEZBUfSHaP' ] }
}
ReplyError: WRONGPASS invalid username-password pair or user is disabled.
    at parseError (/Users/adrianfranciscoperezgomez/Desktop/Personal Apps/vult-intel/node_modules/redis-parser/lib/parser.js:179:12)
    at parseType (/Users/adrianfranciscoperezgomez/Desktop/Personal Apps/vult-intel/node_modules/redis-parser/lib/parser.js:302:14) {
  command: { name: 'auth', args: [ 'IVB0VPnPl0urvQrpSKkbXLdEZBUfSHaP' ] }
}
ReplyError: WRONGPASS invalid username-password pair or user is disabled.
    at parseError (/Users/adrianfranciscoperezgomez/Desktop/Personal Apps/vult-intel/node_modules/redis-parser/lib/parser.js:179:12)
    at parseType (/Users/adrianfranciscoperezgomez/Desktop/Personal Apps/vult-intel/node_modules/redis-parser/lib/parser.js:302:14) {
  command: { name: 'auth', args: [ 'IVB0VPnPl0urvQrpSKkbXLdEZBUfSHaP' ] }
}
ReplyError: WRONGPASS invalid username-password pair or user is disabled.
    at parseError (/Users/adrianfranciscoperezgomez/Desktop/Personal Apps/vult-intel/node_modules/redis-parser/lib/parser.js:179:12)
    at parseType (/Users/adrianfranciscoperezgomez/Desktop/Personal Apps/vult-intel/node_modules/redis-parser/lib/parser.js:302:14) {
  command: { name: 'auth', args: [ 'IVB0VPnPl0urvQrpSKkbXLdEZBUfSHaP' ] }
}
ReplyError: WRONGPASS invalid username-password pair or user is disabled.
    at parseError (/Users/adrianfranciscoperezgomez/Desktop/Personal Apps/vult-intel/node_modules/redis-parser/lib/parser.js:179:12)
    at parseType (/Users/adrianfranciscoperezgomez/Desktop/Personal Apps/vult-intel/node_modules/redis-parser/lib/parser.js:302:14) {
  command: { name: 'auth', args: [ 'IVB0VPnPl0urvQrpSKkbXLdEZBUfSHaP' ] }
}
ReplyError: WRONGPASS invalid username-password pair or user is disabled.
    at parseError (/Users/adrianfranciscoperezgomez/Desktop/Personal Apps/vult-intel/node_modules/redis-parser/lib/parser.js:179:12)
    at parseType (/Users/adrianfranciscoperezgomez/Desktop/Personal Apps/vult-intel/node_modules/redis-parser/lib/parser.js:302:14) {
  command: { name: 'auth', args: [ 'IVB0VPnPl0urvQrpSKkbXLdEZBUfSHaP' ] }
}
ReplyError: WRONGPASS invalid username-password pair or user is disabled.
    at parseError (/Users/adrianfranciscoperezgomez/Desktop/Personal Apps/vult-intel/node_modules/redis-parser/lib/parser.js:179:12)
    at parseType (/Users/adrianfranciscoperezgomez/Desktop/Personal Apps/vult-intel/node_modules/redis-parser/lib/parser.js:302:14) {
  command: { name: 'auth', args: [ 'IVB0VPnPl0urvQrpSKkbXLdEZBUfSHaP' ] }
}
Connected to Redis for persistence
Redis connection error: ReplyError: WRONGPASS invalid username-password pair or user is disabled.
    at parseError (/Users/adrianfranciscoperezgomez/Desktop/Personal Apps/vult-intel/node_modules/redis-parser/lib/parser.js:179:12)
    at parseType (/Users/adrianfranciscoperezgomez/Desktop/Personal Apps/vult-intel/node_modules/redis-parser/lib/parser.js:302:14) {
  command: { name: 'auth', args: [ 'IVB0VPnPl0urvQrpSKkbXLdEZBUfSHaP' ] }
}
ReplyError: WRONGPASS invalid username-password pair or user is disabled.
    at parseError (/Users/adrianfranciscoperezgomez/Desktop/Personal Apps/vult-intel/node_modules/redis-parser/lib/parser.js:179:12)
    at parseType (/Users/adrianfranciscoperezgomez/Desktop/Personal Apps/vult-intel/node_modules/redis-parser/lib/parser.js:302:14) {
  command: { name: 'auth', args: [ 'IVB0VPnPl0urvQrpSKkbXLdEZBUfSHaP' ] }
}
ReplyError: WRONGPASS invalid username-password pair or user is disabled.
    at parseError (/Users/adrianfranciscoperezgomez/Desktop/Personal Apps/vult-intel/node_modules/redis-parser/lib/parser.js:179:12)
    at parseType (/Users/adrianfranciscoperezgomez/Desktop/Personal Apps/vult-intel/node_modules/redis-parser/lib/parser.js:302:14) {
  command: { name: 'auth', args: [ 'IVB0VPnPl0urvQrpSKkbXLdEZBUfSHaP' ] }
}
ReplyError: WRONGPASS invalid username-password pair or user is disabled.
    at parseError (/Users/adrianfranciscoperezgomez/Desktop/Personal Apps/vult-intel/node_modules/redis-parser/lib/parser.js:179:12)
    at parseType (/Users/adrianfranciscoperezgomez/Desktop/Personal Apps/vult-intel/node_modules/redis-parser/lib/parser.js:302:14) {
  command: { name: 'auth', args: [ 'IVB0VPnPl0urvQrpSKkbXLdEZBUfSHaP' ] }
}
ReplyError: WRONGPASS invalid username-password pair or user is disabled.
    at parseError (/Users/adrianfranciscoperezgomez/Desktop/Personal Apps/vult-intel/node_modules/redis-parser/lib/parser.js:179:12)
    at parseType (/Users/adrianfranciscoperezgomez/Desktop/Personal Apps/vult-intel/node_modules/redis-parser/lib/parser.js:302:14) {
  command: { name: 'auth', args: [ 'IVB0VPnPl0urvQrpSKkbXLdEZBUfSHaP' ] }
}
ReplyError: WRONGPASS invalid username-password pair or user is disabled.
    at parseError (/Users/adrianfranciscoperezgomez/Desktop/Personal Apps/vult-intel/node_modules/redis-parser/lib/parser.js:179:12)
    at parseType (/Users/adrianfranciscoperezgomez/Desktop/Personal Apps/vult-intel/node_modules/redis-parser/lib/parser.js:302:14) {
  command: { name: 'auth', args: [ 'IVB0VPnPl0urvQrpSKkbXLdEZBUfSHaP' ] }
}
ReplyError: WRONGPASS invalid username-password pair or user is disabled.
    at parseError (/Users/adrianfranciscoperezgomez/Desktop/Personal Apps/vult-intel/node_modules/redis-parser/lib/parser.js:179:12)
    at parseType (/Users/adrianfranciscoperezgomez/Desktop/Personal Apps/vult-intel/node_modules/redis-parser/lib/parser.js:302:14) {
  command: { name: 'auth', args: [ 'IVB0VPnPl0urvQrpSKkbXLdEZBUfSHaP' ] }
}
Connected to Redis for persistence
Redis connection error: ReplyError: WRONGPASS invalid username-password pair or user is disabled.
    at parseError (/Users/adrianfranciscoperezgomez/Desktop/Personal Apps/vult-intel/node_modules/redis-parser/lib/parser.js:179:12)
    at parseType (/Users/adrianfranciscoperezgomez/Desktop/Personal Apps/vult-intel/node_modules/redis-parser/lib/parser.js:302:14) {
  command: { name: 'auth', args: [ 'IVB0VPnPl0urvQrpSKkbXLdEZBUfSHaP' ] }
}
ReplyError: WRONGPASS invalid username-password pair or user is disabled.
    at parseError (/Users/adrianfranciscoperezgomez/Desktop/Personal Apps/vult-intel/node_modules/redis-parser/lib/parser.js:179:12)
    at parseType (/Users/adrianfranciscoperezgomez/Desktop/Personal Apps/vult-intel/node_modules/redis-parser/lib/parser.js:302:14) {
  command: { name: 'auth', args: [ 'IVB0VPnPl0urvQrpSKkbXLdEZBUfSHaP' ] }
}
ReplyError: WRONGPASS invalid username-password pair or user is disabled.
    at parseError (/Users/adrianfranciscoperezgomez/Desktop/Personal Apps/vult-intel/node_modules/redis-parser/lib/parser.js:179:12)
    at parseType (/Users/adrianfranciscoperezgomez/Desktop/Personal Apps/vult-intel/node_modules/redis-parser/lib/parser.js:302:14) {
  command: { name: 'auth', args: [ 'IVB0VPnPl0urvQrpSKkbXLdEZBUfSHaP' ] }
}
ReplyError: WRONGPASS invalid username-password pair or user is disabled.
    at parseError (/Users/adrianfranciscoperezgomez/Desktop/Personal Apps/vult-intel/node_modules/redis-parser/lib/parser.js:179:12)
    at parseType (/Users/adrianfranciscoperezgomez/Desktop/Personal Apps/vult-intel/node_modules/redis-parser/lib/parser.js:302:14) {
  command: { name: 'auth', args: [ 'IVB0VPnPl0urvQrpSKkbXLdEZBUfSHaP' ] }
}
ReplyError: WRONGPASS invalid username-password pair or user is disabled.
    at parseError (/Users/adrianfranciscoperezgomez/Desktop/Personal Apps/vult-intel/node_modules/redis-parser/lib/parser.js:179:12)
    at parseType (/Users/adrianfranciscoperezgomez/Desktop/Personal Apps/vult-intel/node_modules/redis-parser/lib/parser.js:302:14) {
  command: { name: 'auth', args: [ 'IVB0VPnPl0urvQrpSKkbXLdEZBUfSHaP' ] }
}
ReplyError: WRONGPASS invalid username-password pair or user is disabled.
    at parseError (/Users/adrianfranciscoperezgomez/Desktop/Personal Apps/vult-intel/node_modules/redis-parser/lib/parser.js:179:12)
    at parseType (/Users/adrianfranciscoperezgomez/Desktop/Personal Apps/vult-intel/node_modules/redis-parser/lib/parser.js:302:14) {
  command: { name: 'auth', args: [ 'IVB0VPnPl0urvQrpSKkbXLdEZBUfSHaP' ] }
}
ReplyError: WRONGPASS invalid username-password pair or user is disabled.
    at parseError (/Users/adrianfranciscoperezgomez/Desktop/Personal Apps/vult-intel/node_modules/redis-parser/lib/parser.js:179:12)
    at parseType (/Users/adrianfranciscoperezgomez/Desktop/Personal Apps/vult-intel/node_modules/redis-parser/lib/parser.js:302:14) {
  command: { name: 'auth', args: [ 'IVB0VPnPl0urvQrpSKkbXLdEZBUfSHaP' ] }
}
Connected to Redis for persistence
Redis connection error: ReplyError: WRONGPASS invalid username-password pair or user is disabled.
    at parseError (/Users/adrianfranciscoperezgomez/Desktop/Personal Apps/vult-intel/node_modules/redis-parser/lib/parser.js:179:12)
    at parseType (/Users/adrianfranciscoperezgomez/Desktop/Personal Apps/vult-intel/node_modules/redis-parser/lib/parser.js:302:14) {
  command: { name: 'auth', args: [ 'IVB0VPnPl0urvQrpSKkbXLdEZBUfSHaP' ] }
}
ReplyError: WRONGPASS invalid username-password pair or user is disabled.
    at parseError (/Users/adrianfranciscoperezgomez/Desktop/Personal Apps/vult-intel/node_modules/redis-parser/lib/parser.js:179:12)
    at parseType (/Users/adrianfranciscoperezgomez/Desktop/Personal Apps/vult-intel/node_modules/redis-parser/lib/parser.js:302:14) {
  command: { name: 'auth', args: [ 'IVB0VPnPl0urvQrpSKkbXLdEZBUfSHaP' ] }
}
ReplyError: WRONGPASS invalid username-password pair or user is disabled.
    at parseError (/Users/adrianfranciscoperezgomez/Desktop/Personal Apps/vult-intel/node_modules/redis-parser/lib/parser.js:179:12)
    at parseType (/Users/adrianfranciscoperezgomez/Desktop/Personal Apps/vult-intel/node_modules/redis-parser/lib/parser.js:302:14) {
  command: { name: 'auth', args: [ 'IVB0VPnPl0urvQrpSKkbXLdEZBUfSHaP' ] }
}
ReplyError: WRONGPASS invalid username-password pair or user is disabled.
    at parseError (/Users/adrianfranciscoperezgomez/Desktop/Personal Apps/vult-intel/node_modules/redis-parser/lib/parser.js:179:12)
    at parseType (/Users/adrianfranciscoperezgomez/Desktop/Personal Apps/vult-intel/node_modules/redis-parser/lib/parser.js:302:14) {
  command: { name: 'auth', args: [ 'IVB0VPnPl0urvQrpSKkbXLdEZBUfSHaP' ] }
}
ReplyError: WRONGPASS invalid username-password pair or user is disabled.
    at parseError (/Users/adrianfranciscoperezgomez/Desktop/Personal Apps/vult-intel/node_modules/redis-parser/lib/parser.js:179:12)
    at parseType (/Users/adrianfranciscoperezgomez/Desktop/Personal Apps/vult-intel/node_modules/redis-parser/lib/parser.js:302:14) {
  command: { name: 'auth', args: [ 'IVB0VPnPl0urvQrpSKkbXLdEZBUfSHaP' ] }
}
ReplyError: WRONGPASS invalid username-password pair or user is disabled.
    at parseError (/Users/adrianfranciscoperezgomez/Desktop/Personal Apps/vult-intel/node_modules/redis-parser/lib/parser.js:179:12)
    at parseType (/Users/adrianfranciscoperezgomez/Desktop/Personal Apps/vult-intel/node_modules/redis-parser/lib/parser.js:302:14) {
  command: { name: 'auth', args: [ 'IVB0VPnPl0urvQrpSKkbXLdEZBUfSHaP' ] }
}
ReplyError: WRONGPASS invalid username-password pair or user is disabled.
    at parseError (/Users/adrianfranciscoperezgomez/Desktop/Personal Apps/vult-intel/node_modules/redis-parser/lib/parser.js:179:12)
    at parseType (/Users/adrianfranciscoperezgomez/Desktop/Personal Apps/vult-intel/node_modules/redis-parser/lib/parser.js:302:14) {
  command: { name: 'auth', args: [ 'IVB0VPnPl0urvQrpSKkbXLdEZBUfSHaP' ] }
}
Connected to Redis for persistence
Redis connection error: ReplyError: WRONGPASS invalid username-password pair or user is disabled.
    at parseError (/Users/adrianfranciscoperezgomez/Desktop/Personal Apps/vult-intel/node_modules/redis-parser/lib/parser.js:179:12)
    at parseType (/Users/adrianfranciscoperezgomez/Desktop/Personal Apps/vult-intel/node_modules/redis-parser/lib/parser.js:302:14) {
  command: { name: 'auth', args: [ 'IVB0VPnPl0urvQrpSKkbXLdEZBUfSHaP' ] }
}
ReplyError: WRONGPASS invalid username-password pair or user is disabled.
    at parseError (/Users/adrianfranciscoperezgomez/Desktop/Personal Apps/vult-intel/node_modules/redis-parser/lib/parser.js:179:12)
    at parseType (/Users/adrianfranciscoperezgomez/Desktop/Personal Apps/vult-intel/node_modules/redis-parser/lib/parser.js:302:14) {
  command: { name: 'auth', args: [ 'IVB0VPnPl0urvQrpSKkbXLdEZBUfSHaP' ] }
}
ReplyError: WRONGPASS invalid username-password pair or user is disabled.
    at parseError (/Users/adrianfranciscoperezgomez/Desktop/Personal Apps/vult-intel/node_modules/redis-parser/lib/parser.js:179:12)
    at parseType (/Users/adrianfranciscoperezgomez/Desktop/Personal Apps/vult-intel/node_modules/redis-parser/lib/parser.js:302:14) {
  command: { name: 'auth', args: [ 'IVB0VPnPl0urvQrpSKkbXLdEZBUfSHaP' ] }
}
ReplyError: WRONGPASS invalid username-password pair or user is disabled.
    at parseError (/Users/adrianfranciscoperezgomez/Desktop/Personal Apps/vult-intel/node_modules/redis-parser/lib/parser.js:179:12)
    at parseType (/Users/adrianfranciscoperezgomez/Desktop/Personal Apps/vult-intel/node_modules/redis-parser/lib/parser.js:302:14) {
  command: { name: 'auth', args: [ 'IVB0VPnPl0urvQrpSKkbXLdEZBUfSHaP' ] }
}
ReplyError: WRONGPASS invalid username-password pair or user is disabled.
    at parseError (/Users/adrianfranciscoperezgomez/Desktop/Personal Apps/vult-intel/node_modules/redis-parser/lib/parser.js:179:12)
    at parseType (/Users/adrianfranciscoperezgomez/Desktop/Personal Apps/vult-intel/node_modules/redis-parser/lib/parser.js:302:14) {
  command: { name: 'auth', args: [ 'IVB0VPnPl0urvQrpSKkbXLdEZBUfSHaP' ] }
}
ReplyError: WRONGPASS invalid username-password pair or user is disabled.
    at parseError (/Users/adrianfranciscoperezgomez/Desktop/Personal Apps/vult-intel/node_modules/redis-parser/lib/parser.js:179:12)
    at parseType (/Users/adrianfranciscoperezgomez/Desktop/Personal Apps/vult-intel/node_modules/redis-parser/lib/parser.js:302:14) {
  command: { name: 'auth', args: [ 'IVB0VPnPl0urvQrpSKkbXLdEZBUfSHaP' ] }
}
ReplyError: WRONGPASS invalid username-password pair or user is disabled.
    at parseError (/Users/adrianfranciscoperezgomez/Desktop/Personal Apps/vult-intel/node_modules/redis-parser/lib/parser.js:179:12)
    at parseType (/Users/adrianfranciscoperezgomez/Desktop/Personal Apps/vult-intel/node_modules/redis-parser/lib/parser.js:302:14) {
  command: { name: 'auth', args: [ 'IVB0VPnPl0urvQrpSKkbXLdEZBUfSHaP' ] }
}
Connected to Redis for persistence
Redis connection error: ReplyError: WRONGPASS invalid username-password pair or user is disabled.
    at parseError (/Users/adrianfranciscoperezgomez/Desktop/Personal Apps/vult-intel/node_modules/redis-parser/lib/parser.js:179:12)
    at parseType (/Users/adrianfranciscoperezgomez/Desktop/Personal Apps/vult-intel/node_modules/redis-parser/lib/parser.js:302:14) {
  command: { name: 'auth', args: [ 'IVB0VPnPl0urvQrpSKkbXLdEZBUfSHaP' ] }
}
ReplyError: WRONGPASS invalid username-password pair or user is disabled.
    at parseError (/Users/adrianfranciscoperezgomez/Desktop/Personal Apps/vult-intel/node_modules/redis-parser/lib/parser.js:179:12)
    at parseType (/Users/adrianfranciscoperezgomez/Desktop/Personal Apps/vult-intel/node_modules/redis-parser/lib/parser.js:302:14) {
  command: { name: 'auth', args: [ 'IVB0VPnPl0urvQrpSKkbXLdEZBUfSHaP' ] }
}
ReplyError: WRONGPASS invalid username-password pair or user is disabled.
    at parseError (/Users/adrianfranciscoperezgomez/Desktop/Personal Apps/vult-intel/node_modules/redis-parser/lib/parser.js:179:12)
    at parseType (/Users/adrianfranciscoperezgomez/Desktop/Personal Apps/vult-intel/node_modules/redis-parser/lib/parser.js:302:14) {
  command: { name: 'auth', args: [ 'IVB0VPnPl0urvQrpSKkbXLdEZBUfSHaP' ] }
}
ReplyError: WRONGPASS invalid username-password pair or user is disabled.
    at parseError (/Users/adrianfranciscoperezgomez/Desktop/Personal Apps/vult-intel/node_modules/redis-parser/lib/parser.js:179:12)
    at parseType (/Users/adrianfranciscoperezgomez/Desktop/Personal Apps/vult-intel/node_modules/redis-parser/lib/parser.js:302:14) {
  command: { name: 'auth', args: [ 'IVB0VPnPl0urvQrpSKkbXLdEZBUfSHaP' ] }
}
ReplyError: WRONGPASS invalid username-password pair or user is disabled.
    at parseError (/Users/adrianfranciscoperezgomez/Desktop/Personal Apps/vult-intel/node_modules/redis-parser/lib/parser.js:179:12)
    at parseType (/Users/adrianfranciscoperezgomez/Desktop/Personal Apps/vult-intel/node_modules/redis-parser/lib/parser.js:302:14) {
  command: { name: 'auth', args: [ 'IVB0VPnPl0urvQrpSKkbXLdEZBUfSHaP' ] }
}
ReplyError: WRONGPASS invalid username-password pair or user is disabled.
    at parseError (/Users/adrianfranciscoperezgomez/Desktop/Personal Apps/vult-intel/node_modules/redis-parser/lib/parser.js:179:12)
    at parseType (/Users/adrianfranciscoperezgomez/Desktop/Personal Apps/vult-intel/node_modules/redis-parser/lib/parser.js:302:14) {
  command: { name: 'auth', args: [ 'IVB0VPnPl0urvQrpSKkbXLdEZBUfSHaP' ] }
}
ReplyError: WRONGPASS invalid username-password pair or user is disabled.
    at parseError (/Users/adrianfranciscoperezgomez/Desktop/Personal Apps/vult-intel/node_modules/redis-parser/lib/parser.js:179:12)
    at parseType (/Users/adrianfranciscoperezgomez/Desktop/Personal Apps/vult-intel/node_modules/redis-parser/lib/parser.js:302:14) {
  command: { name: 'auth', args: [ 'IVB0VPnPl0urvQrpSKkbXLdEZBUfSHaP' ] }
}
Connected to Redis for persistence
Redis connection error: ReplyError: WRONGPASS invalid username-password pair or user is disabled.
    at parseError (/Users/adrianfranciscoperezgomez/Desktop/Personal Apps/vult-intel/node_modules/redis-parser/lib/parser.js:179:12)
    at parseType (/Users/adrianfranciscoperezgomez/Desktop/Personal Apps/vult-intel/node_modules/redis-parser/lib/parser.js:302:14) {
  command: { name: 'auth', args: [ 'IVB0VPnPl0urvQrpSKkbXLdEZBUfSHaP' ] }
}
ReplyError: WRONGPASS invalid username-password pair or user is disabled.
    at parseError (/Users/adrianfranciscoperezgomez/Desktop/Personal Apps/vult-intel/node_modules/redis-parser/lib/parser.js:179:12)
    at parseType (/Users/adrianfranciscoperezgomez/Desktop/Personal Apps/vult-intel/node_modules/redis-parser/lib/parser.js:302:14) {
  command: { name: 'auth', args: [ 'IVB0VPnPl0urvQrpSKkbXLdEZBUfSHaP' ] }
}
ReplyError: WRONGPASS invalid username-password pair or user is disabled.
    at parseError (/Users/adrianfranciscoperezgomez/Desktop/Personal Apps/vult-intel/node_modules/redis-parser/lib/parser.js:179:12)
    at parseType (/Users/adrianfranciscoperezgomez/Desktop/Personal Apps/vult-intel/node_modules/redis-parser/lib/parser.js:302:14) {
  command: { name: 'auth', args: [ 'IVB0VPnPl0urvQrpSKkbXLdEZBUfSHaP' ] }
}
ReplyError: WRONGPASS invalid username-password pair or user is disabled.
    at parseError (/Users/adrianfranciscoperezgomez/Desktop/Personal Apps/vult-intel/node_modules/redis-parser/lib/parser.js:179:12)
    at parseType (/Users/adrianfranciscoperezgomez/Desktop/Personal Apps/vult-intel/node_modules/redis-parser/lib/parser.js:302:14) {
  command: { name: 'auth', args: [ 'IVB0VPnPl0urvQrpSKkbXLdEZBUfSHaP' ] }
}
ReplyError: WRONGPASS invalid username-password pair or user is disabled.
    at parseError (/Users/adrianfranciscoperezgomez/Desktop/Personal Apps/vult-intel/node_modules/redis-parser/lib/parser.js:179:12)
    at parseType (/Users/adrianfranciscoperezgomez/Desktop/Personal Apps/vult-intel/node_modules/redis-parser/lib/parser.js:302:14) {
  command: { name: 'auth', args: [ 'IVB0VPnPl0urvQrpSKkbXLdEZBUfSHaP' ] }
}
ReplyError: WRONGPASS invalid username-password pair or user is disabled.
    at parseError (/Users/adrianfranciscoperezgomez/Desktop/Personal Apps/vult-intel/node_modules/redis-parser/lib/parser.js:179:12)
    at parseType (/Users/adrianfranciscoperezgomez/Desktop/Personal Apps/vult-intel/node_modules/redis-parser/lib/parser.js:302:14) {
  command: { name: 'auth', args: [ 'IVB0VPnPl0urvQrpSKkbXLdEZBUfSHaP' ] }
}
ReplyError: WRONGPASS invalid username-password pair or user is disabled.
    at parseError (/Users/adrianfranciscoperezgomez/Desktop/Personal Apps/vult-intel/node_modules/redis-parser/lib/parser.js:179:12)
    at parseType (/Users/adrianfranciscoperezgomez/Desktop/Personal Apps/vult-intel/node_modules/redis-parser/lib/parser.js:302:14) {
  command: { name: 'auth', args: [ 'IVB0VPnPl0urvQrpSKkbXLdEZBUfSHaP' ] }
}
Connected to Redis for persistence
Redis connection error: ReplyError: WRONGPASS invalid username-password pair or user is disabled.
    at parseError (/Users/adrianfranciscoperezgomez/Desktop/Personal Apps/vult-intel/node_modules/redis-parser/lib/parser.js:179:12)
    at parseType (/Users/adrianfranciscoperezgomez/Desktop/Personal Apps/vult-intel/node_modules/redis-parser/lib/parser.js:302:14) {
  command: { name: 'auth', args: [ 'IVB0VPnPl0urvQrpSKkbXLdEZBUfSHaP' ] }
}
ReplyError: WRONGPASS invalid username-password pair or user is disabled.
    at parseError (/Users/adrianfranciscoperezgomez/Desktop/Personal Apps/vult-intel/node_modules/redis-parser/lib/parser.js:179:12)
    at parseType (/Users/adrianfranciscoperezgomez/Desktop/Personal Apps/vult-intel/node_modules/redis-parser/lib/parser.js:302:14) {
  command: { name: 'auth', args: [ 'IVB0VPnPl0urvQrpSKkbXLdEZBUfSHaP' ] }
}
ReplyError: WRONGPASS invalid username-password pair or user is disabled.
    at parseError (/Users/adrianfranciscoperezgomez/Desktop/Personal Apps/vult-intel/node_modules/redis-parser/lib/parser.js:179:12)
    at parseType (/Users/adrianfranciscoperezgomez/Desktop/Personal Apps/vult-intel/node_modules/redis-parser/lib/parser.js:302:14) {
  command: { name: 'auth', args: [ 'IVB0VPnPl0urvQrpSKkbXLdEZBUfSHaP' ] }
}
ReplyError: WRONGPASS invalid username-password pair or user is disabled.
    at parseError (/Users/adrianfranciscoperezgomez/Desktop/Personal Apps/vult-intel/node_modules/redis-parser/lib/parser.js:179:12)
    at parseType (/Users/adrianfranciscoperezgomez/Desktop/Personal Apps/vult-intel/node_modules/redis-parser/lib/parser.js:302:14) {
  command: { name: 'auth', args: [ 'IVB0VPnPl0urvQrpSKkbXLdEZBUfSHaP' ] }
}
ReplyError: WRONGPASS invalid username-password pair or user is disabled.
    at parseError (/Users/adrianfranciscoperezgomez/Desktop/Personal Apps/vult-intel/node_modules/redis-parser/lib/parser.js:179:12)
    at parseType (/Users/adrianfranciscoperezgomez/Desktop/Personal Apps/vult-intel/node_modules/redis-parser/lib/parser.js:302:14) {
  command: { name: 'auth', args: [ 'IVB0VPnPl0urvQrpSKkbXLdEZBUfSHaP' ] }
}
ReplyError: WRONGPASS invalid username-password pair or user is disabled.
    at parseError (/Users/adrianfranciscoperezgomez/Desktop/Personal Apps/vult-intel/node_modules/redis-parser/lib/parser.js:179:12)
    at parseType (/Users/adrianfranciscoperezgomez/Desktop/Personal Apps/vult-intel/node_modules/redis-parser/lib/parser.js:302:14) {
  command: { name: 'auth', args: [ 'IVB0VPnPl0urvQrpSKkbXLdEZBUfSHaP' ] }
}
ReplyError: WRONGPASS invalid username-password pair or user is disabled.
    at parseError (/Users/adrianfranciscoperezgomez/Desktop/Personal Apps/vult-intel/node_modules/redis-parser/lib/parser.js:179:12)
    at parseType (/Users/adrianfranciscoperezgomez/Desktop/Personal Apps/vult-intel/node_modules/redis-parser/lib/parser.js:302:14) {
  command: { name: 'auth', args: [ 'IVB0VPnPl0urvQrpSKkbXLdEZBUfSHaP' ] }
}
Connected to Redis for persistence
Redis connection error: ReplyError: WRONGPASS invalid username-password pair or user is disabled.
    at parseError (/Users/adrianfranciscoperezgomez/Desktop/Personal Apps/vult-intel/node_modules/redis-parser/lib/parser.js:179:12)
    at parseType (/Users/adrianfranciscoperezgomez/Desktop/Personal Apps/vult-intel/node_modules/redis-parser/lib/parser.js:302:14) {
  command: { name: 'auth', args: [ 'IVB0VPnPl0urvQrpSKkbXLdEZBUfSHaP' ] }
}
ReplyError: WRONGPASS invalid username-password pair or user is disabled.
    at parseError (/Users/adrianfranciscoperezgomez/Desktop/Personal Apps/vult-intel/node_modules/redis-parser/lib/parser.js:179:12)
    at parseType (/Users/adrianfranciscoperezgomez/Desktop/Personal Apps/vult-intel/node_modules/redis-parser/lib/parser.js:302:14) {
  command: { name: 'auth', args: [ 'IVB0VPnPl0urvQrpSKkbXLdEZBUfSHaP' ] }
}
ReplyError: WRONGPASS invalid username-password pair or user is disabled.
    at parseError (/Users/adrianfranciscoperezgomez/Desktop/Personal Apps/vult-intel/node_modules/redis-parser/lib/parser.js:179:12)
    at parseType (/Users/adrianfranciscoperezgomez/Desktop/Personal Apps/vult-intel/node_modules/redis-parser/lib/parser.js:302:14) {
  command: { name: 'auth', args: [ 'IVB0VPnPl0urvQrpSKkbXLdEZBUfSHaP' ] }
}
ReplyError: WRONGPASS invalid username-password pair or user is disabled.
    at parseError (/Users/adrianfranciscoperezgomez/Desktop/Personal Apps/vult-intel/node_modules/redis-parser/lib/parser.js:179:12)
    at parseType (/Users/adrianfranciscoperezgomez/Desktop/Personal Apps/vult-intel/node_modules/redis-parser/lib/parser.js:302:14) {
  command: { name: 'auth', args: [ 'IVB0VPnPl0urvQrpSKkbXLdEZBUfSHaP' ] }
}
ReplyError: WRONGPASS invalid username-password pair or user is disabled.
    at parseError (/Users/adrianfranciscoperezgomez/Desktop/Personal Apps/vult-intel/node_modules/redis-parser/lib/parser.js:179:12)
    at parseType (/Users/adrianfranciscoperezgomez/Desktop/Personal Apps/vult-intel/node_modules/redis-parser/lib/parser.js:302:14) {
  command: { name: 'auth', args: [ 'IVB0VPnPl0urvQrpSKkbXLdEZBUfSHaP' ] }
}
ReplyError: WRONGPASS invalid username-password pair or user is disabled.
    at parseError (/Users/adrianfranciscoperezgomez/Desktop/Personal Apps/vult-intel/node_modules/redis-parser/lib/parser.js:179:12)
    at parseType (/Users/adrianfranciscoperezgomez/Desktop/Personal Apps/vult-intel/node_modules/redis-parser/lib/parser.js:302:14) {
  command: { name: 'auth', args: [ 'IVB0VPnPl0urvQrpSKkbXLdEZBUfSHaP' ] }
}
ReplyError: WRONGPASS invalid username-password pair or user is disabled.
    at parseError (/Users/adrianfranciscoperezgomez/Desktop/Personal Apps/vult-intel/node_modules/redis-parser/lib/parser.js:179:12)
    at parseType (/Users/adrianfranciscoperezgomez/Desktop/Personal Apps/vult-intel/node_modules/redis-parser/lib/parser.js:302:14) {
  command: { name: 'auth', args: [ 'IVB0VPnPl0urvQrpSKkbXLdEZBUfSHaP' ] }
}
Connected to Redis for persistence
Redis connection error: ReplyError: WRONGPASS invalid username-password pair or user is disabled.
    at parseError (/Users/adrianfranciscoperezgomez/Desktop/Personal Apps/vult-intel/node_modules/redis-parser/lib/parser.js:179:12)
    at parseType (/Users/adrianfranciscoperezgomez/Desktop/Personal Apps/vult-intel/node_modules/redis-parser/lib/parser.js:302:14) {
  command: { name: 'auth', args: [ 'IVB0VPnPl0urvQrpSKkbXLdEZBUfSHaP' ] }
}
ReplyError: WRONGPASS invalid username-password pair or user is disabled.
    at parseError (/Users/adrianfranciscoperezgomez/Desktop/Personal Apps/vult-intel/node_modules/redis-parser/lib/parser.js:179:12)
    at parseType (/Users/adrianfranciscoperezgomez/Desktop/Personal Apps/vult-intel/node_modules/redis-parser/lib/parser.js:302:14) {
  command: { name: 'auth', args: [ 'IVB0VPnPl0urvQrpSKkbXLdEZBUfSHaP' ] }
}
ReplyError: WRONGPASS invalid username-password pair or user is disabled.
    at parseError (/Users/adrianfranciscoperezgomez/Desktop/Personal Apps/vult-intel/node_modules/redis-parser/lib/parser.js:179:12)
    at parseType (/Users/adrianfranciscoperezgomez/Desktop/Personal Apps/vult-intel/node_modules/redis-parser/lib/parser.js:302:14) {
  command: { name: 'auth', args: [ 'IVB0VPnPl0urvQrpSKkbXLdEZBUfSHaP' ] }
}
ReplyError: WRONGPASS invalid username-password pair or user is disabled.
    at parseError (/Users/adrianfranciscoperezgomez/Desktop/Personal Apps/vult-intel/node_modules/redis-parser/lib/parser.js:179:12)
    at parseType (/Users/adrianfranciscoperezgomez/Desktop/Personal Apps/vult-intel/node_modules/redis-parser/lib/parser.js:302:14) {
  command: { name: 'auth', args: [ 'IVB0VPnPl0urvQrpSKkbXLdEZBUfSHaP' ] }
}
ReplyError: WRONGPASS invalid username-password pair or user is disabled.
    at parseError (/Users/adrianfranciscoperezgomez/Desktop/Personal Apps/vult-intel/node_modules/redis-parser/lib/parser.js:179:12)
    at parseType (/Users/adrianfranciscoperezgomez/Desktop/Personal Apps/vult-intel/node_modules/redis-parser/lib/parser.js:302:14) {
  command: { name: 'auth', args: [ 'IVB0VPnPl0urvQrpSKkbXLdEZBUfSHaP' ] }
}
ReplyError: WRONGPASS invalid username-password pair or user is disabled.
    at parseError (/Users/adrianfranciscoperezgomez/Desktop/Personal Apps/vult-intel/node_modules/redis-parser/lib/parser.js:179:12)
    at parseType (/Users/adrianfranciscoperezgomez/Desktop/Personal Apps/vult-intel/node_modules/redis-parser/lib/parser.js:302:14) {
  command: { name: 'auth', args: [ 'IVB0VPnPl0urvQrpSKkbXLdEZBUfSHaP' ] }
}
ReplyError: WRONGPASS invalid username-password pair or user is disabled.
    at parseError (/Users/adrianfranciscoperezgomez/Desktop/Personal Apps/vult-intel/node_modules/redis-parser/lib/parser.js:179:12)
    at parseType (/Users/adrianfranciscoperezgomez/Desktop/Personal Apps/vult-intel/node_modules/redis-parser/lib/parser.js:302:14) {
  command: { name: 'auth', args: [ 'IVB0VPnPl0urvQrpSKkbXLdEZBUfSHaP' ] }
}
Connected to Redis for persistence
Redis connection error: ReplyError: WRONGPASS invalid username-password pair or user is disabled.
    at parseError (/Users/adrianfranciscoperezgomez/Desktop/Personal Apps/vult-intel/node_modules/redis-parser/lib/parser.js:179:12)
    at parseType (/Users/adrianfranciscoperezgomez/Desktop/Personal Apps/vult-intel/node_modules/redis-parser/lib/parser.js:302:14) {
  command: { name: 'auth', args: [ 'IVB0VPnPl0urvQrpSKkbXLdEZBUfSHaP' ] }
}
ReplyError: WRONGPASS invalid username-password pair or user is disabled.
    at parseError (/Users/adrianfranciscoperezgomez/Desktop/Personal Apps/vult-intel/node_modules/redis-parser/lib/parser.js:179:12)
    at parseType (/Users/adrianfranciscoperezgomez/Desktop/Personal Apps/vult-intel/node_modules/redis-parser/lib/parser.js:302:14) {
  command: { name: 'auth', args: [ 'IVB0VPnPl0urvQrpSKkbXLdEZBUfSHaP' ] }
}
ReplyError: WRONGPASS invalid username-password pair or user is disabled.
    at parseError (/Users/adrianfranciscoperezgomez/Desktop/Personal Apps/vult-intel/node_modules/redis-parser/lib/parser.js:179:12)
    at parseType (/Users/adrianfranciscoperezgomez/Desktop/Personal Apps/vult-intel/node_modules/redis-parser/lib/parser.js:302:14) {
  command: { name: 'auth', args: [ 'IVB0VPnPl0urvQrpSKkbXLdEZBUfSHaP' ] }
}
ReplyError: WRONGPASS invalid username-password pair or user is disabled.
    at parseError (/Users/adrianfranciscoperezgomez/Desktop/Personal Apps/vult-intel/node_modules/redis-parser/lib/parser.js:179:12)
    at parseType (/Users/adrianfranciscoperezgomez/Desktop/Personal Apps/vult-intel/node_modules/redis-parser/lib/parser.js:302:14) {
  command: { name: 'auth', args: [ 'IVB0VPnPl0urvQrpSKkbXLdEZBUfSHaP' ] }
}
ReplyError: WRONGPASS invalid username-password pair or user is disabled.
    at parseError (/Users/adrianfranciscoperezgomez/Desktop/Personal Apps/vult-intel/node_modules/redis-parser/lib/parser.js:179:12)
    at parseType (/Users/adrianfranciscoperezgomez/Desktop/Personal Apps/vult-intel/node_modules/redis-parser/lib/parser.js:302:14) {
  command: { name: 'auth', args: [ 'IVB0VPnPl0urvQrpSKkbXLdEZBUfSHaP' ] }
}
ReplyError: WRONGPASS invalid username-password pair or user is disabled.
    at parseError (/Users/adrianfranciscoperezgomez/Desktop/Personal Apps/vult-intel/node_modules/redis-parser/lib/parser.js:179:12)
    at parseType (/Users/adrianfranciscoperezgomez/Desktop/Personal Apps/vult-intel/node_modules/redis-parser/lib/parser.js:302:14) {
  command: { name: 'auth', args: [ 'IVB0VPnPl0urvQrpSKkbXLdEZBUfSHaP' ] }
}
ReplyError: WRONGPASS invalid username-password pair or user is disabled.
    at parseError (/Users/adrianfranciscoperezgomez/Desktop/Personal Apps/vult-intel/node_modules/redis-parser/lib/parser.js:179:12)
    at parseType (/Users/adrianfranciscoperezgomez/Desktop/Personal Apps/vult-intel/node_modules/redis-parser/lib/parser.js:302:14) {
  command: { name: 'auth', args: [ 'IVB0VPnPl0urvQrpSKkbXLdEZBUfSHaP' ] }
}
Connected to Redis for persistence
Redis connection error: ReplyError: WRONGPASS invalid username-password pair or user is disabled.
    at parseError (/Users/adrianfranciscoperezgomez/Desktop/Personal Apps/vult-intel/node_modules/redis-parser/lib/parser.js:179:12)
    at parseType (/Users/adrianfranciscoperezgomez/Desktop/Personal Apps/vult-intel/node_modules/redis-parser/lib/parser.js:302:14) {
  command: { name: 'auth', args: [ 'IVB0VPnPl0urvQrpSKkbXLdEZBUfSHaP' ] }
}
ReplyError: WRONGPASS invalid username-password pair or user is disabled.
    at parseError (/Users/adrianfranciscoperezgomez/Desktop/Personal Apps/vult-intel/node_modules/redis-parser/lib/parser.js:179:12)
    at parseType (/Users/adrianfranciscoperezgomez/Desktop/Personal Apps/vult-intel/node_modules/redis-parser/lib/parser.js:302:14) {
  command: { name: 'auth', args: [ 'IVB0VPnPl0urvQrpSKkbXLdEZBUfSHaP' ] }
}
ReplyError: WRONGPASS invalid username-password pair or user is disabled.
    at parseError (/Users/adrianfranciscoperezgomez/Desktop/Personal Apps/vult-intel/node_modules/redis-parser/lib/parser.js:179:12)
    at parseType (/Users/adrianfranciscoperezgomez/Desktop/Personal Apps/vult-intel/node_modules/redis-parser/lib/parser.js:302:14) {
  command: { name: 'auth', args: [ 'IVB0VPnPl0urvQrpSKkbXLdEZBUfSHaP' ] }
}
ReplyError: WRONGPASS invalid username-password pair or user is disabled.
    at parseError (/Users/adrianfranciscoperezgomez/Desktop/Personal Apps/vult-intel/node_modules/redis-parser/lib/parser.js:179:12)
    at parseType (/Users/adrianfranciscoperezgomez/Desktop/Personal Apps/vult-intel/node_modules/redis-parser/lib/parser.js:302:14) {
  command: { name: 'auth', args: [ 'IVB0VPnPl0urvQrpSKkbXLdEZBUfSHaP' ] }
}
ReplyError: WRONGPASS invalid username-password pair or user is disabled.
    at parseError (/Users/adrianfranciscoperezgomez/Desktop/Personal Apps/vult-intel/node_modules/redis-parser/lib/parser.js:179:12)
    at parseType (/Users/adrianfranciscoperezgomez/Desktop/Personal Apps/vult-intel/node_modules/redis-parser/lib/parser.js:302:14) {
  command: { name: 'auth', args: [ 'IVB0VPnPl0urvQrpSKkbXLdEZBUfSHaP' ] }
}
ReplyError: WRONGPASS invalid username-password pair or user is disabled.
    at parseError (/Users/adrianfranciscoperezgomez/Desktop/Personal Apps/vult-intel/node_modules/redis-parser/lib/parser.js:179:12)
    at parseType (/Users/adrianfranciscoperezgomez/Desktop/Personal Apps/vult-intel/node_modules/redis-parser/lib/parser.js:302:14) {
  command: { name: 'auth', args: [ 'IVB0VPnPl0urvQrpSKkbXLdEZBUfSHaP' ] }
}
ReplyError: WRONGPASS invalid username-password pair or user is disabled.
    at parseError (/Users/adrianfranciscoperezgomez/Desktop/Personal Apps/vult-intel/node_modules/redis-parser/lib/parser.js:179:12)
    at parseType (/Users/adrianfranciscoperezgomez/Desktop/Personal Apps/vult-intel/node_modules/redis-parser/lib/parser.js:302:14) {
  command: { name: 'auth', args: [ 'IVB0VPnPl0urvQrpSKkbXLdEZBUfSHaP' ] }
}
Connected to Redis for persistence
Redis connection error: ReplyError: WRONGPASS invalid username-password pair or user is disabled.
    at parseError (/Users/adrianfranciscoperezgomez/Desktop/Personal Apps/vult-intel/node_modules/redis-parser/lib/parser.js:179:12)
    at parseType (/Users/adrianfranciscoperezgomez/Desktop/Personal Apps/vult-intel/node_modules/redis-parser/lib/parser.js:302:14) {
  command: { name: 'auth', args: [ 'IVB0VPnPl0urvQrpSKkbXLdEZBUfSHaP' ] }
}
ReplyError: WRONGPASS invalid username-password pair or user is disabled.
    at parseError (/Users/adrianfranciscoperezgomez/Desktop/Personal Apps/vult-intel/node_modules/redis-parser/lib/parser.js:179:12)
    at parseType (/Users/adrianfranciscoperezgomez/Desktop/Personal Apps/vult-intel/node_modules/redis-parser/lib/parser.js:302:14) {
  command: { name: 'auth', args: [ 'IVB0VPnPl0urvQrpSKkbXLdEZBUfSHaP' ] }
}
ReplyError: WRONGPASS invalid username-password pair or user is disabled.
    at parseError (/Users/adrianfranciscoperezgomez/Desktop/Personal Apps/vult-intel/node_modules/redis-parser/lib/parser.js:179:12)
    at parseType (/Users/adrianfranciscoperezgomez/Desktop/Personal Apps/vult-intel/node_modules/redis-parser/lib/parser.js:302:14) {
  command: { name: 'auth', args: [ 'IVB0VPnPl0urvQrpSKkbXLdEZBUfSHaP' ] }
}
ReplyError: WRONGPASS invalid username-password pair or user is disabled.
    at parseError (/Users/adrianfranciscoperezgomez/Desktop/Personal Apps/vult-intel/node_modules/redis-parser/lib/parser.js:179:12)
    at parseType (/Users/adrianfranciscoperezgomez/Desktop/Personal Apps/vult-intel/node_modules/redis-parser/lib/parser.js:302:14) {
  command: { name: 'auth', args: [ 'IVB0VPnPl0urvQrpSKkbXLdEZBUfSHaP' ] }
}
ReplyError: WRONGPASS invalid username-password pair or user is disabled.
    at parseError (/Users/adrianfranciscoperezgomez/Desktop/Personal Apps/vult-intel/node_modules/redis-parser/lib/parser.js:179:12)
    at parseType (/Users/adrianfranciscoperezgomez/Desktop/Personal Apps/vult-intel/node_modules/redis-parser/lib/parser.js:302:14) {
  command: { name: 'auth', args: [ 'IVB0VPnPl0urvQrpSKkbXLdEZBUfSHaP' ] }
}
ReplyError: WRONGPASS invalid username-password pair or user is disabled.
    at parseError (/Users/adrianfranciscoperezgomez/Desktop/Personal Apps/vult-intel/node_modules/redis-parser/lib/parser.js:179:12)
    at parseType (/Users/adrianfranciscoperezgomez/Desktop/Personal Apps/vult-intel/node_modules/redis-parser/lib/parser.js:302:14) {
  command: { name: 'auth', args: [ 'IVB0VPnPl0urvQrpSKkbXLdEZBUfSHaP' ] }
}
ReplyError: WRONGPASS invalid username-password pair or user is disabled.
    at parseError (/Users/adrianfranciscoperezgomez/Desktop/Personal Apps/vult-intel/node_modules/redis-parser/lib/parser.js:179:12)
    at parseType (/Users/adrianfranciscoperezgomez/Desktop/Personal Apps/vult-intel/node_modules/redis-parser/lib/parser.js:302:14) {
  command: { name: 'auth', args: [ 'IVB0VPnPl0urvQrpSKkbXLdEZBUfSHaP' ] }
}
Connected to Redis for persistence
Redis connection error: ReplyError: WRONGPASS invalid username-password pair or user is disabled.
    at parseError (/Users/adrianfranciscoperezgomez/Desktop/Personal Apps/vult-intel/node_modules/redis-parser/lib/parser.js:179:12)
    at parseType (/Users/adrianfranciscoperezgomez/Desktop/Personal Apps/vult-intel/node_modules/redis-parser/lib/parser.js:302:14) {
  command: { name: 'auth', args: [ 'IVB0VPnPl0urvQrpSKkbXLdEZBUfSHaP' ] }
}
ReplyError: WRONGPASS invalid username-password pair or user is disabled.
    at parseError (/Users/adrianfranciscoperezgomez/Desktop/Personal Apps/vult-intel/node_modules/redis-parser/lib/parser.js:179:12)
    at parseType (/Users/adrianfranciscoperezgomez/Desktop/Personal Apps/vult-intel/node_modules/redis-parser/lib/parser.js:302:14) {
  command: { name: 'auth', args: [ 'IVB0VPnPl0urvQrpSKkbXLdEZBUfSHaP' ] }
}
ReplyError: WRONGPASS invalid username-password pair or user is disabled.
    at parseError (/Users/adrianfranciscoperezgomez/Desktop/Personal Apps/vult-intel/node_modules/redis-parser/lib/parser.js:179:12)
    at parseType (/Users/adrianfranciscoperezgomez/Desktop/Personal Apps/vult-intel/node_modules/redis-parser/lib/parser.js:302:14) {
  command: { name: 'auth', args: [ 'IVB0VPnPl0urvQrpSKkbXLdEZBUfSHaP' ] }
}
ReplyError: WRONGPASS invalid username-password pair or user is disabled.
    at parseError (/Users/adrianfranciscoperezgomez/Desktop/Personal Apps/vult-intel/node_modules/redis-parser/lib/parser.js:179:12)
    at parseType (/Users/adrianfranciscoperezgomez/Desktop/Personal Apps/vult-intel/node_modules/redis-parser/lib/parser.js:302:14) {
  command: { name: 'auth', args: [ 'IVB0VPnPl0urvQrpSKkbXLdEZBUfSHaP' ] }
}
ReplyError: WRONGPASS invalid username-password pair or user is disabled.
    at parseError (/Users/adrianfranciscoperezgomez/Desktop/Personal Apps/vult-intel/node_modules/redis-parser/lib/parser.js:179:12)
    at parseType (/Users/adrianfranciscoperezgomez/Desktop/Personal Apps/vult-intel/node_modules/redis-parser/lib/parser.js:302:14) {
  command: { name: 'auth', args: [ 'IVB0VPnPl0urvQrpSKkbXLdEZBUfSHaP' ] }
}
ReplyError: WRONGPASS invalid username-password pair or user is disabled.
    at parseError (/Users/adrianfranciscoperezgomez/Desktop/Personal Apps/vult-intel/node_modules/redis-parser/lib/parser.js:179:12)
    at parseType (/Users/adrianfranciscoperezgomez/Desktop/Personal Apps/vult-intel/node_modules/redis-parser/lib/parser.js:302:14) {
  command: { name: 'auth', args: [ 'IVB0VPnPl0urvQrpSKkbXLdEZBUfSHaP' ] }
}
ReplyError: WRONGPASS invalid username-password pair or user is disabled.
    at parseError (/Users/adrianfranciscoperezgomez/Desktop/Personal Apps/vult-intel/node_modules/redis-parser/lib/parser.js:179:12)
    at parseType (/Users/adrianfranciscoperezgomez/Desktop/Personal Apps/vult-intel/node_modules/redis-parser/lib/parser.js:302:14) {
  command: { name: 'auth', args: [ 'IVB0VPnPl0urvQrpSKkbXLdEZBUfSHaP' ] }
}
Connected to Redis for persistence
Redis connection error: ReplyError: WRONGPASS invalid username-password pair or user is disabled.
    at parseError (/Users/adrianfranciscoperezgomez/Desktop/Personal Apps/vult-intel/node_modules/redis-parser/lib/parser.js:179:12)
    at parseType (/Users/adrianfranciscoperezgomez/Desktop/Personal Apps/vult-intel/node_modules/redis-parser/lib/parser.js:302:14) {
  command: { name: 'auth', args: [ 'IVB0VPnPl0urvQrpSKkbXLdEZBUfSHaP' ] }
}
ReplyError: WRONGPASS invalid username-password pair or user is disabled.
    at parseError (/Users/adrianfranciscoperezgomez/Desktop/Personal Apps/vult-intel/node_modules/redis-parser/lib/parser.js:179:12)
    at parseType (/Users/adrianfranciscoperezgomez/Desktop/Personal Apps/vult-intel/node_modules/redis-parser/lib/parser.js:302:14) {
  command: { name: 'auth', args: [ 'IVB0VPnPl0urvQrpSKkbXLdEZBUfSHaP' ] }
}
ReplyError: WRONGPASS invalid username-password pair or user is disabled.
    at parseError (/Users/adrianfranciscoperezgomez/Desktop/Personal Apps/vult-intel/node_modules/redis-parser/lib/parser.js:179:12)
    at parseType (/Users/adrianfranciscoperezgomez/Desktop/Personal Apps/vult-intel/node_modules/redis-parser/lib/parser.js:302:14) {
  command: { name: 'auth', args: [ 'IVB0VPnPl0urvQrpSKkbXLdEZBUfSHaP' ] }
}
ReplyError: WRONGPASS invalid username-password pair or user is disabled.
    at parseError (/Users/adrianfranciscoperezgomez/Desktop/Personal Apps/vult-intel/node_modules/redis-parser/lib/parser.js:179:12)
    at parseType (/Users/adrianfranciscoperezgomez/Desktop/Personal Apps/vult-intel/node_modules/redis-parser/lib/parser.js:302:14) {
  command: { name: 'auth', args: [ 'IVB0VPnPl0urvQrpSKkbXLdEZBUfSHaP' ] }
}
ReplyError: WRONGPASS invalid username-password pair or user is disabled.
    at parseError (/Users/adrianfranciscoperezgomez/Desktop/Personal Apps/vult-intel/node_modules/redis-parser/lib/parser.js:179:12)
    at parseType (/Users/adrianfranciscoperezgomez/Desktop/Personal Apps/vult-intel/node_modules/redis-parser/lib/parser.js:302:14) {
  command: { name: 'auth', args: [ 'IVB0VPnPl0urvQrpSKkbXLdEZBUfSHaP' ] }
}
ReplyError: WRONGPASS invalid username-password pair or user is disabled.
    at parseError (/Users/adrianfranciscoperezgomez/Desktop/Personal Apps/vult-intel/node_modules/redis-parser/lib/parser.js:179:12)
    at parseType (/Users/adrianfranciscoperezgomez/Desktop/Personal Apps/vult-intel/node_modules/redis-parser/lib/parser.js:302:14) {
  command: { name: 'auth', args: [ 'IVB0VPnPl0urvQrpSKkbXLdEZBUfSHaP' ] }
}
ReplyError: WRONGPASS invalid username-password pair or user is disabled.
    at parseError (/Users/adrianfranciscoperezgomez/Desktop/Personal Apps/vult-intel/node_modules/redis-parser/lib/parser.js:179:12)
    at parseType (/Users/adrianfranciscoperezgomez/Desktop/Personal Apps/vult-intel/node_modules/redis-parser/lib/parser.js:302:14) {
  command: { name: 'auth', args: [ 'IVB0VPnPl0urvQrpSKkbXLdEZBUfSHaP' ] }
}
Connected to Redis for persistence
Redis connection error: ReplyError: WRONGPASS invalid username-password pair or user is disabled.
    at parseError (/Users/adrianfranciscoperezgomez/Desktop/Personal Apps/vult-intel/node_modules/redis-parser/lib/parser.js:179:12)
    at parseType (/Users/adrianfranciscoperezgomez/Desktop/Personal Apps/vult-intel/node_modules/redis-parser/lib/parser.js:302:14) {
  command: { name: 'auth', args: [ 'IVB0VPnPl0urvQrpSKkbXLdEZBUfSHaP' ] }
}
ReplyError: WRONGPASS invalid username-password pair or user is disabled.
    at parseError (/Users/adrianfranciscoperezgomez/Desktop/Personal Apps/vult-intel/node_modules/redis-parser/lib/parser.js:179:12)
    at parseType (/Users/adrianfranciscoperezgomez/Desktop/Personal Apps/vult-intel/node_modules/redis-parser/lib/parser.js:302:14) {
  command: { name: 'auth', args: [ 'IVB0VPnPl0urvQrpSKkbXLdEZBUfSHaP' ] }
}
ReplyError: WRONGPASS invalid username-password pair or user is disabled.
    at parseError (/Users/adrianfranciscoperezgomez/Desktop/Personal Apps/vult-intel/node_modules/redis-parser/lib/parser.js:179:12)
    at parseType (/Users/adrianfranciscoperezgomez/Desktop/Personal Apps/vult-intel/node_modules/redis-parser/lib/parser.js:302:14) {
  command: { name: 'auth', args: [ 'IVB0VPnPl0urvQrpSKkbXLdEZBUfSHaP' ] }
}
ReplyError: WRONGPASS invalid username-password pair or user is disabled.
    at parseError (/Users/adrianfranciscoperezgomez/Desktop/Personal Apps/vult-intel/node_modules/redis-parser/lib/parser.js:179:12)
    at parseType (/Users/adrianfranciscoperezgomez/Desktop/Personal Apps/vult-intel/node_modules/redis-parser/lib/parser.js:302:14) {
  command: { name: 'auth', args: [ 'IVB0VPnPl0urvQrpSKkbXLdEZBUfSHaP' ] }
}
ReplyError: WRONGPASS invalid username-password pair or user is disabled.
    at parseError (/Users/adrianfranciscoperezgomez/Desktop/Personal Apps/vult-intel/node_modules/redis-parser/lib/parser.js:179:12)
    at parseType (/Users/adrianfranciscoperezgomez/Desktop/Personal Apps/vult-intel/node_modules/redis-parser/lib/parser.js:302:14) {
  command: { name: 'auth', args: [ 'IVB0VPnPl0urvQrpSKkbXLdEZBUfSHaP' ] }
}
ReplyError: WRONGPASS invalid username-password pair or user is disabled.
    at parseError (/Users/adrianfranciscoperezgomez/Desktop/Personal Apps/vult-intel/node_modules/redis-parser/lib/parser.js:179:12)
    at parseType (/Users/adrianfranciscoperezgomez/Desktop/Personal Apps/vult-intel/node_modules/redis-parser/lib/parser.js:302:14) {
  command: { name: 'auth', args: [ 'IVB0VPnPl0urvQrpSKkbXLdEZBUfSHaP' ] }
}
ReplyError: WRONGPASS invalid username-password pair or user is disabled.
    at parseError (/Users/adrianfranciscoperezgomez/Desktop/Personal Apps/vult-intel/node_modules/redis-parser/lib/parser.js:179:12)
    at parseType (/Users/adrianfranciscoperezgomez/Desktop/Personal Apps/vult-intel/node_modules/redis-parser/lib/parser.js:302:14) {
  command: { name: 'auth', args: [ 'IVB0VPnPl0urvQrpSKkbXLdEZBUfSHaP' ] }
}
Connected to Redis for persistence
Redis connection error: ReplyError: WRONGPASS invalid username-password pair or user is disabled.
    at parseError (/Users/adrianfranciscoperezgomez/Desktop/Personal Apps/vult-intel/node_modules/redis-parser/lib/parser.js:179:12)
    at parseType (/Users/adrianfranciscoperezgomez/Desktop/Personal Apps/vult-intel/node_modules/redis-parser/lib/parser.js:302:14) {
  command: { name: 'auth', args: [ 'IVB0VPnPl0urvQrpSKkbXLdEZBUfSHaP' ] }
}
ReplyError: WRONGPASS invalid username-password pair or user is disabled.
    at parseError (/Users/adrianfranciscoperezgomez/Desktop/Personal Apps/vult-intel/node_modules/redis-parser/lib/parser.js:179:12)
    at parseType (/Users/adrianfranciscoperezgomez/Desktop/Personal Apps/vult-intel/node_modules/redis-parser/lib/parser.js:302:14) {
  command: { name: 'auth', args: [ 'IVB0VPnPl0urvQrpSKkbXLdEZBUfSHaP' ] }
}
ReplyError: WRONGPASS invalid username-password pair or user is disabled.
    at parseError (/Users/adrianfranciscoperezgomez/Desktop/Personal Apps/vult-intel/node_modules/redis-parser/lib/parser.js:179:12)
    at parseType (/Users/adrianfranciscoperezgomez/Desktop/Personal Apps/vult-intel/node_modules/redis-parser/lib/parser.js:302:14) {
  command: { name: 'auth', args: [ 'IVB0VPnPl0urvQrpSKkbXLdEZBUfSHaP' ] }
}
ReplyError: WRONGPASS invalid username-password pair or user is disabled.
    at parseError (/Users/adrianfranciscoperezgomez/Desktop/Personal Apps/vult-intel/node_modules/redis-parser/lib/parser.js:179:12)
    at parseType (/Users/adrianfranciscoperezgomez/Desktop/Personal Apps/vult-intel/node_modules/redis-parser/lib/parser.js:302:14) {
  command: { name: 'auth', args: [ 'IVB0VPnPl0urvQrpSKkbXLdEZBUfSHaP' ] }
}
ReplyError: WRONGPASS invalid username-password pair or user is disabled.
    at parseError (/Users/adrianfranciscoperezgomez/Desktop/Personal Apps/vult-intel/node_modules/redis-parser/lib/parser.js:179:12)
    at parseType (/Users/adrianfranciscoperezgomez/Desktop/Personal Apps/vult-intel/node_modules/redis-parser/lib/parser.js:302:14) {
  command: { name: 'auth', args: [ 'IVB0VPnPl0urvQrpSKkbXLdEZBUfSHaP' ] }
}
ReplyError: WRONGPASS invalid username-password pair or user is disabled.
    at parseError (/Users/adrianfranciscoperezgomez/Desktop/Personal Apps/vult-intel/node_modules/redis-parser/lib/parser.js:179:12)
    at parseType (/Users/adrianfranciscoperezgomez/Desktop/Personal Apps/vult-intel/node_modules/redis-parser/lib/parser.js:302:14) {
  command: { name: 'auth', args: [ 'IVB0VPnPl0urvQrpSKkbXLdEZBUfSHaP' ] }
}
ReplyError: WRONGPASS invalid username-password pair or user is disabled.
    at parseError (/Users/adrianfranciscoperezgomez/Desktop/Personal Apps/vult-intel/node_modules/redis-parser/lib/parser.js:179:12)
    at parseType (/Users/adrianfranciscoperezgomez/Desktop/Personal Apps/vult-intel/node_modules/redis-parser/lib/parser.js:302:14) {
  command: { name: 'auth', args: [ 'IVB0VPnPl0urvQrpSKkbXLdEZBUfSHaP' ] }
}
Connected to Redis for persistence
Redis connection error: ReplyError: WRONGPASS invalid username-password pair or user is disabled.
    at parseError (/Users/adrianfranciscoperezgomez/Desktop/Personal Apps/vult-intel/node_modules/redis-parser/lib/parser.js:179:12)
    at parseType (/Users/adrianfranciscoperezgomez/Desktop/Personal Apps/vult-intel/node_modules/redis-parser/lib/parser.js:302:14) {
  command: { name: 'auth', args: [ 'IVB0VPnPl0urvQrpSKkbXLdEZBUfSHaP' ] }
}
ReplyError: WRONGPASS invalid username-password pair or user is disabled.
    at parseError (/Users/adrianfranciscoperezgomez/Desktop/Personal Apps/vult-intel/node_modules/redis-parser/lib/parser.js:179:12)
    at parseType (/Users/adrianfranciscoperezgomez/Desktop/Personal Apps/vult-intel/node_modules/redis-parser/lib/parser.js:302:14) {
  command: { name: 'auth', args: [ 'IVB0VPnPl0urvQrpSKkbXLdEZBUfSHaP' ] }
}
ReplyError: WRONGPASS invalid username-password pair or user is disabled.
    at parseError (/Users/adrianfranciscoperezgomez/Desktop/Personal Apps/vult-intel/node_modules/redis-parser/lib/parser.js:179:12)
    at parseType (/Users/adrianfranciscoperezgomez/Desktop/Personal Apps/vult-intel/node_modules/redis-parser/lib/parser.js:302:14) {
  command: { name: 'auth', args: [ 'IVB0VPnPl0urvQrpSKkbXLdEZBUfSHaP' ] }
}
ReplyError: WRONGPASS invalid username-password pair or user is disabled.
    at parseError (/Users/adrianfranciscoperezgomez/Desktop/Personal Apps/vult-intel/node_modules/redis-parser/lib/parser.js:179:12)
    at parseType (/Users/adrianfranciscoperezgomez/Desktop/Personal Apps/vult-intel/node_modules/redis-parser/lib/parser.js:302:14) {
  command: { name: 'auth', args: [ 'IVB0VPnPl0urvQrpSKkbXLdEZBUfSHaP' ] }
}
ReplyError: WRONGPASS invalid username-password pair or user is disabled.
    at parseError (/Users/adrianfranciscoperezgomez/Desktop/Personal Apps/vult-intel/node_modules/redis-parser/lib/parser.js:179:12)
    at parseType (/Users/adrianfranciscoperezgomez/Desktop/Personal Apps/vult-intel/node_modules/redis-parser/lib/parser.js:302:14) {
  command: { name: 'auth', args: [ 'IVB0VPnPl0urvQrpSKkbXLdEZBUfSHaP' ] }
}
ReplyError: WRONGPASS invalid username-password pair or user is disabled.
    at parseError (/Users/adrianfranciscoperezgomez/Desktop/Personal Apps/vult-intel/node_modules/redis-parser/lib/parser.js:179:12)
    at parseType (/Users/adrianfranciscoperezgomez/Desktop/Personal Apps/vult-intel/node_modules/redis-parser/lib/parser.js:302:14) {
  command: { name: 'auth', args: [ 'IVB0VPnPl0urvQrpSKkbXLdEZBUfSHaP' ] }
}
ReplyError: WRONGPASS invalid username-password pair or user is disabled.
    at parseError (/Users/adrianfranciscoperezgomez/Desktop/Personal Apps/vult-intel/node_modules/redis-parser/lib/parser.js:179:12)
    at parseType (/Users/adrianfranciscoperezgomez/Desktop/Personal Apps/vult-intel/node_modules/redis-parser/lib/parser.js:302:14) {
  command: { name: 'auth', args: [ 'IVB0VPnPl0urvQrpSKkbXLdEZBUfSHaP' ] }
}
Connected to Redis for persistence
Redis connection error: ReplyError: WRONGPASS invalid username-password pair or user is disabled.
    at parseError (/Users/adrianfranciscoperezgomez/Desktop/Personal Apps/vult-intel/node_modules/redis-parser/lib/parser.js:179:12)
    at parseType (/Users/adrianfranciscoperezgomez/Desktop/Personal Apps/vult-intel/node_modules/redis-parser/lib/parser.js:302:14) {
  command: { name: 'auth', args: [ 'IVB0VPnPl0urvQrpSKkbXLdEZBUfSHaP' ] }
}
ReplyError: WRONGPASS invalid username-password pair or user is disabled.
    at parseError (/Users/adrianfranciscoperezgomez/Desktop/Personal Apps/vult-intel/node_modules/redis-parser/lib/parser.js:179:12)
    at parseType (/Users/adrianfranciscoperezgomez/Desktop/Personal Apps/vult-intel/node_modules/redis-parser/lib/parser.js:302:14) {
  command: { name: 'auth', args: [ 'IVB0VPnPl0urvQrpSKkbXLdEZBUfSHaP' ] }
}
ReplyError: WRONGPASS invalid username-password pair or user is disabled.
    at parseError (/Users/adrianfranciscoperezgomez/Desktop/Personal Apps/vult-intel/node_modules/redis-parser/lib/parser.js:179:12)
    at parseType (/Users/adrianfranciscoperezgomez/Desktop/Personal Apps/vult-intel/node_modules/redis-parser/lib/parser.js:302:14) {
  command: { name: 'auth', args: [ 'IVB0VPnPl0urvQrpSKkbXLdEZBUfSHaP' ] }
}
ReplyError: WRONGPASS invalid username-password pair or user is disabled.
    at parseError (/Users/adrianfranciscoperezgomez/Desktop/Personal Apps/vult-intel/node_modules/redis-parser/lib/parser.js:179:12)
    at parseType (/Users/adrianfranciscoperezgomez/Desktop/Personal Apps/vult-intel/node_modules/redis-parser/lib/parser.js:302:14) {
  command: { name: 'auth', args: [ 'IVB0VPnPl0urvQrpSKkbXLdEZBUfSHaP' ] }
}
ReplyError: WRONGPASS invalid username-password pair or user is disabled.
    at parseError (/Users/adrianfranciscoperezgomez/Desktop/Personal Apps/vult-intel/node_modules/redis-parser/lib/parser.js:179:12)
    at parseType (/Users/adrianfranciscoperezgomez/Desktop/Personal Apps/vult-intel/node_modules/redis-parser/lib/parser.js:302:14) {
  command: { name: 'auth', args: [ 'IVB0VPnPl0urvQrpSKkbXLdEZBUfSHaP' ] }
}
ReplyError: WRONGPASS invalid username-password pair or user is disabled.
    at parseError (/Users/adrianfranciscoperezgomez/Desktop/Personal Apps/vult-intel/node_modules/redis-parser/lib/parser.js:179:12)
    at parseType (/Users/adrianfranciscoperezgomez/Desktop/Personal Apps/vult-intel/node_modules/redis-parser/lib/parser.js:302:14) {
  command: { name: 'auth', args: [ 'IVB0VPnPl0urvQrpSKkbXLdEZBUfSHaP' ] }
}
ReplyError: WRONGPASS invalid username-password pair or user is disabled.
    at parseError (/Users/adrianfranciscoperezgomez/Desktop/Personal Apps/vult-intel/node_modules/redis-parser/lib/parser.js:179:12)
    at parseType (/Users/adrianfranciscoperezgomez/Desktop/Personal Apps/vult-intel/node_modules/redis-parser/lib/parser.js:302:14) {
  command: { name: 'auth', args: [ 'IVB0VPnPl0urvQrpSKkbXLdEZBUfSHaP' ] }
}
Connected to Redis for persistence
Redis connection error: ReplyError: WRONGPASS invalid username-password pair or user is disabled.
    at parseError (/Users/adrianfranciscoperezgomez/Desktop/Personal Apps/vult-intel/node_modules/redis-parser/lib/parser.js:179:12)
    at parseType (/Users/adrianfranciscoperezgomez/Desktop/Personal Apps/vult-intel/node_modules/redis-parser/lib/parser.js:302:14) {
  command: { name: 'auth', args: [ 'IVB0VPnPl0urvQrpSKkbXLdEZBUfSHaP' ] }
}
ReplyError: WRONGPASS invalid username-password pair or user is disabled.
    at parseError (/Users/adrianfranciscoperezgomez/Desktop/Personal Apps/vult-intel/node_modules/redis-parser/lib/parser.js:179:12)
    at parseType (/Users/adrianfranciscoperezgomez/Desktop/Personal Apps/vult-intel/node_modules/redis-parser/lib/parser.js:302:14) {
  command: { name: 'auth', args: [ 'IVB0VPnPl0urvQrpSKkbXLdEZBUfSHaP' ] }
}
ReplyError: WRONGPASS invalid username-password pair or user is disabled.
    at parseError (/Users/adrianfranciscoperezgomez/Desktop/Personal Apps/vult-intel/node_modules/redis-parser/lib/parser.js:179:12)
    at parseType (/Users/adrianfranciscoperezgomez/Desktop/Personal Apps/vult-intel/node_modules/redis-parser/lib/parser.js:302:14) {
  command: { name: 'auth', args: [ 'IVB0VPnPl0urvQrpSKkbXLdEZBUfSHaP' ] }
}
ReplyError: WRONGPASS invalid username-password pair or user is disabled.
    at parseError (/Users/adrianfranciscoperezgomez/Desktop/Personal Apps/vult-intel/node_modules/redis-parser/lib/parser.js:179:12)
    at parseType (/Users/adrianfranciscoperezgomez/Desktop/Personal Apps/vult-intel/node_modules/redis-parser/lib/parser.js:302:14) {
  command: { name: 'auth', args: [ 'IVB0VPnPl0urvQrpSKkbXLdEZBUfSHaP' ] }
}
ReplyError: WRONGPASS invalid username-password pair or user is disabled.
    at parseError (/Users/adrianfranciscoperezgomez/Desktop/Personal Apps/vult-intel/node_modules/redis-parser/lib/parser.js:179:12)
    at parseType (/Users/adrianfranciscoperezgomez/Desktop/Personal Apps/vult-intel/node_modules/redis-parser/lib/parser.js:302:14) {
  command: { name: 'auth', args: [ 'IVB0VPnPl0urvQrpSKkbXLdEZBUfSHaP' ] }
}
ReplyError: WRONGPASS invalid username-password pair or user is disabled.
    at parseError (/Users/adrianfranciscoperezgomez/Desktop/Personal Apps/vult-intel/node_modules/redis-parser/lib/parser.js:179:12)
    at parseType (/Users/adrianfranciscoperezgomez/Desktop/Personal Apps/vult-intel/node_modules/redis-parser/lib/parser.js:302:14) {
  command: { name: 'auth', args: [ 'IVB0VPnPl0urvQrpSKkbXLdEZBUfSHaP' ] }
}
ReplyError: WRONGPASS invalid username-password pair or user is disabled.
    at parseError (/Users/adrianfranciscoperezgomez/Desktop/Personal Apps/vult-intel/node_modules/redis-parser/lib/parser.js:179:12)
    at parseType (/Users/adrianfranciscoperezgomez/Desktop/Personal Apps/vult-intel/node_modules/redis-parser/lib/parser.js:302:14) {
  command: { name: 'auth', args: [ 'IVB0VPnPl0urvQrpSKkbXLdEZBUfSHaP' ] }
}
Connected to Redis for persistence
Redis connection error: ReplyError: WRONGPASS invalid username-password pair or user is disabled.
    at parseError (/Users/adrianfranciscoperezgomez/Desktop/Personal Apps/vult-intel/node_modules/redis-parser/lib/parser.js:179:12)
    at parseType (/Users/adrianfranciscoperezgomez/Desktop/Personal Apps/vult-intel/node_modules/redis-parser/lib/parser.js:302:14) {
  command: { name: 'auth', args: [ 'IVB0VPnPl0urvQrpSKkbXLdEZBUfSHaP' ] }
}
ReplyError: WRONGPASS invalid username-password pair or user is disabled.
    at parseError (/Users/adrianfranciscoperezgomez/Desktop/Personal Apps/vult-intel/node_modules/redis-parser/lib/parser.js:179:12)
    at parseType (/Users/adrianfranciscoperezgomez/Desktop/Personal Apps/vult-intel/node_modules/redis-parser/lib/parser.js:302:14) {
  command: { name: 'auth', args: [ 'IVB0VPnPl0urvQrpSKkbXLdEZBUfSHaP' ] }
}
ReplyError: WRONGPASS invalid username-password pair or user is disabled.
    at parseError (/Users/adrianfranciscoperezgomez/Desktop/Personal Apps/vult-intel/node_modules/redis-parser/lib/parser.js:179:12)
    at parseType (/Users/adrianfranciscoperezgomez/Desktop/Personal Apps/vult-intel/node_modules/redis-parser/lib/parser.js:302:14) {
  command: { name: 'auth', args: [ 'IVB0VPnPl0urvQrpSKkbXLdEZBUfSHaP' ] }
}
ReplyError: WRONGPASS invalid username-password pair or user is disabled.
    at parseError (/Users/adrianfranciscoperezgomez/Desktop/Personal Apps/vult-intel/node_modules/redis-parser/lib/parser.js:179:12)
    at parseType (/Users/adrianfranciscoperezgomez/Desktop/Personal Apps/vult-intel/node_modules/redis-parser/lib/parser.js:302:14) {
  command: { name: 'auth', args: [ 'IVB0VPnPl0urvQrpSKkbXLdEZBUfSHaP' ] }
}
ReplyError: WRONGPASS invalid username-password pair or user is disabled.
    at parseError (/Users/adrianfranciscoperezgomez/Desktop/Personal Apps/vult-intel/node_modules/redis-parser/lib/parser.js:179:12)
    at parseType (/Users/adrianfranciscoperezgomez/Desktop/Personal Apps/vult-intel/node_modules/redis-parser/lib/parser.js:302:14) {
  command: { name: 'auth', args: [ 'IVB0VPnPl0urvQrpSKkbXLdEZBUfSHaP' ] }
}
ReplyError: WRONGPASS invalid username-password pair or user is disabled.
    at parseError (/Users/adrianfranciscoperezgomez/Desktop/Personal Apps/vult-intel/node_modules/redis-parser/lib/parser.js:179:12)
    at parseType (/Users/adrianfranciscoperezgomez/Desktop/Personal Apps/vult-intel/node_modules/redis-parser/lib/parser.js:302:14) {
  command: { name: 'auth', args: [ 'IVB0VPnPl0urvQrpSKkbXLdEZBUfSHaP' ] }
}
Connected to Redis for persistence
Redis connection error: ReplyError: WRONGPASS invalid username-password pair or user is disabled.
    at parseError (/Users/adrianfranciscoperezgomez/Desktop/Personal Apps/vult-intel/node_modules/redis-parser/lib/parser.js:179:12)
    at parseType (/Users/adrianfranciscoperezgomez/Desktop/Personal Apps/vult-intel/node_modules/redis-parser/lib/parser.js:302:14) {
  command: { name: 'auth', args: [ 'IVB0VPnPl0urvQrpSKkbXLdEZBUfSHaP' ] }
}
ReplyError: WRONGPASS invalid username-password pair or user is disabled.
    at parseError (/Users/adrianfranciscoperezgomez/Desktop/Personal Apps/vult-intel/node_modules/redis-parser/lib/parser.js:179:12)
    at parseType (/Users/adrianfranciscoperezgomez/Desktop/Personal Apps/vult-intel/node_modules/redis-parser/lib/parser.js:302:14) {
  command: { name: 'auth', args: [ 'IVB0VPnPl0urvQrpSKkbXLdEZBUfSHaP' ] }
}
ReplyError: WRONGPASS invalid username-password pair or user is disabled.
    at parseError (/Users/adrianfranciscoperezgomez/Desktop/Personal Apps/vult-intel/node_modules/redis-parser/lib/parser.js:179:12)
    at parseType (/Users/adrianfranciscoperezgomez/Desktop/Personal Apps/vult-intel/node_modules/redis-parser/lib/parser.js:302:14) {
  command: { name: 'auth', args: [ 'IVB0VPnPl0urvQrpSKkbXLdEZBUfSHaP' ] }
}
ReplyError: WRONGPASS invalid username-password pair or user is disabled.
    at parseError (/Users/adrianfranciscoperezgomez/Desktop/Personal Apps/vult-intel/node_modules/redis-parser/lib/parser.js:179:12)
    at parseType (/Users/adrianfranciscoperezgomez/Desktop/Personal Apps/vult-intel/node_modules/redis-parser/lib/parser.js:302:14) {
  command: { name: 'auth', args: [ 'IVB0VPnPl0urvQrpSKkbXLdEZBUfSHaP' ] }
}
ReplyError: WRONGPASS invalid username-password pair or user is disabled.
    at parseError (/Users/adrianfranciscoperezgomez/Desktop/Personal Apps/vult-intel/node_modules/redis-parser/lib/parser.js:179:12)
    at parseType (/Users/adrianfranciscoperezgomez/Desktop/Personal Apps/vult-intel/node_modules/redis-parser/lib/parser.js:302:14) {
  command: { name: 'auth', args: [ 'IVB0VPnPl0urvQrpSKkbXLdEZBUfSHaP' ] }
}
ReplyError: WRONGPASS invalid username-password pair or user is disabled.
    at parseError (/Users/adrianfranciscoperezgomez/Desktop/Personal Apps/vult-intel/node_modules/redis-parser/lib/parser.js:179:12)
    at parseType (/Users/adrianfranciscoperezgomez/Desktop/Personal Apps/vult-intel/node_modules/redis-parser/lib/parser.js:302:14) {
  command: { name: 'auth', args: [ 'IVB0VPnPl0urvQrpSKkbXLdEZBUfSHaP' ] }
}
ReplyError: WRONGPASS invalid username-password pair or user is disabled.
    at parseError (/Users/adrianfranciscoperezgomez/Desktop/Personal Apps/vult-intel/node_modules/redis-parser/lib/parser.js:179:12)
    at parseType (/Users/adrianfranciscoperezgomez/Desktop/Personal Apps/vult-intel/node_modules/redis-parser/lib/parser.js:302:14) {
  command: { name: 'auth', args: [ 'IVB0VPnPl0urvQrpSKkbXLdEZBUfSHaP' ] }
}
Connected to Redis for persistence
Redis connection error: ReplyError: WRONGPASS invalid username-password pair or user is disabled.
    at parseError (/Users/adrianfranciscoperezgomez/Desktop/Personal Apps/vult-intel/node_modules/redis-parser/lib/parser.js:179:12)
    at parseType (/Users/adrianfranciscoperezgomez/Desktop/Personal Apps/vult-intel/node_modules/redis-parser/lib/parser.js:302:14) {
  command: { name: 'auth', args: [ 'IVB0VPnPl0urvQrpSKkbXLdEZBUfSHaP' ] }
}
ReplyError: WRONGPASS invalid username-password pair or user is disabled.
    at parseError (/Users/adrianfranciscoperezgomez/Desktop/Personal Apps/vult-intel/node_modules/redis-parser/lib/parser.js:179:12)
    at parseType (/Users/adrianfranciscoperezgomez/Desktop/Personal Apps/vult-intel/node_modules/redis-parser/lib/parser.js:302:14) {
  command: { name: 'auth', args: [ 'IVB0VPnPl0urvQrpSKkbXLdEZBUfSHaP' ] }
}
ReplyError: WRONGPASS invalid username-password pair or user is disabled.
    at parseError (/Users/adrianfranciscoperezgomez/Desktop/Personal Apps/vult-intel/node_modules/redis-parser/lib/parser.js:179:12)
    at parseType (/Users/adrianfranciscoperezgomez/Desktop/Personal Apps/vult-intel/node_modules/redis-parser/lib/parser.js:302:14) {
  command: { name: 'auth', args: [ 'IVB0VPnPl0urvQrpSKkbXLdEZBUfSHaP' ] }
}
ReplyError: WRONGPASS invalid username-password pair or user is disabled.
    at parseError (/Users/adrianfranciscoperezgomez/Desktop/Personal Apps/vult-intel/node_modules/redis-parser/lib/parser.js:179:12)
    at parseType (/Users/adrianfranciscoperezgomez/Desktop/Personal Apps/vult-intel/node_modules/redis-parser/lib/parser.js:302:14) {
  command: { name: 'auth', args: [ 'IVB0VPnPl0urvQrpSKkbXLdEZBUfSHaP' ] }
}
ReplyError: WRONGPASS invalid username-password pair or user is disabled.
    at parseError (/Users/adrianfranciscoperezgomez/Desktop/Personal Apps/vult-intel/node_modules/redis-parser/lib/parser.js:179:12)
    at parseType (/Users/adrianfranciscoperezgomez/Desktop/Personal Apps/vult-intel/node_modules/redis-parser/lib/parser.js:302:14) {
  command: { name: 'auth', args: [ 'IVB0VPnPl0urvQrpSKkbXLdEZBUfSHaP' ] }
}
ReplyError: WRONGPASS invalid username-password pair or user is disabled.
    at parseError (/Users/adrianfranciscoperezgomez/Desktop/Personal Apps/vult-intel/node_modules/redis-parser/lib/parser.js:179:12)
    at parseType (/Users/adrianfranciscoperezgomez/Desktop/Personal Apps/vult-intel/node_modules/redis-parser/lib/parser.js:302:14) {
  command: { name: 'auth', args: [ 'IVB0VPnPl0urvQrpSKkbXLdEZBUfSHaP' ] }
}
ReplyError: WRONGPASS invalid username-password pair or user is disabled.
    at parseError (/Users/adrianfranciscoperezgomez/Desktop/Personal Apps/vult-intel/node_modules/redis-parser/lib/parser.js:179:12)
    at parseType (/Users/adrianfranciscoperezgomez/Desktop/Personal Apps/vult-intel/node_modules/redis-parser/lib/parser.js:302:14) {
  command: { name: 'auth', args: [ 'IVB0VPnPl0urvQrpSKkbXLdEZBUfSHaP' ] }
}
Connected to Redis for persistence
Error: connect ETIMEDOUT
    at Socket.<anonymous> (/Users/adrianfranciscoperezgomez/Desktop/Personal Apps/vult-intel/node_modules/ioredis/built/Redis.js:171:41)
    at Object.onceWrapper (node:events:622:28)
    at Socket.emit (node:events:508:28)
    at Socket._onTimeout (node:net:604:8)
    at listOnTimeout (node:internal/timers:605:17)
    at process.processTimers (node:internal/timers:541:7) {
  errorno: 'ETIMEDOUT',
  code: 'ETIMEDOUT',
  syscall: 'connect'
}
ReplyError: WRONGPASS invalid username-password pair or user is disabled.
    at parseError (/Users/adrianfranciscoperezgomez/Desktop/Personal Apps/vult-intel/node_modules/redis-parser/lib/parser.js:179:12)
    at parseType (/Users/adrianfranciscoperezgomez/Desktop/Personal Apps/vult-intel/node_modules/redis-parser/lib/parser.js:302:14) {
  command: { name: 'auth', args: [ 'IVB0VPnPl0urvQrpSKkbXLdEZBUfSHaP' ] }
}
ReplyError: WRONGPASS invalid username-password pair or user is disabled.
    at parseError (/Users/adrianfranciscoperezgomez/Desktop/Personal Apps/vult-intel/node_modules/redis-parser/lib/parser.js:179:12)
    at parseType (/Users/adrianfranciscoperezgomez/Desktop/Personal Apps/vult-intel/node_modules/redis-parser/lib/parser.js:302:14) {
  command: { name: 'auth', args: [ 'IVB0VPnPl0urvQrpSKkbXLdEZBUfSHaP' ] }
}
ReplyError: WRONGPASS invalid username-password pair or user is disabled.
    at parseError (/Users/adrianfranciscoperezgomez/Desktop/Personal Apps/vult-intel/node_modules/redis-parser/lib/parser.js:179:12)
    at parseType (/Users/adrianfranciscoperezgomez/Desktop/Personal Apps/vult-intel/node_modules/redis-parser/lib/parser.js:302:14) {
  command: { name: 'auth', args: [ 'IVB0VPnPl0urvQrpSKkbXLdEZBUfSHaP' ] }
}
ReplyError: WRONGPASS invalid username-password pair or user is disabled.
    at parseError (/Users/adrianfranciscoperezgomez/Desktop/Personal Apps/vult-intel/node_modules/redis-parser/lib/parser.js:179:12)
    at parseType (/Users/adrianfranciscoperezgomez/Desktop/Personal Apps/vult-intel/node_modules/redis-parser/lib/parser.js:302:14) {
  command: { name: 'auth', args: [ 'IVB0VPnPl0urvQrpSKkbXLdEZBUfSHaP' ] }
}
ReplyError: WRONGPASS invalid username-password pair or user is disabled.
    at parseError (/Users/adrianfranciscoperezgomez/Desktop/Personal Apps/vult-intel/node_modules/redis-parser/lib/parser.js:179:12)
    at parseType (/Users/adrianfranciscoperezgomez/Desktop/Personal Apps/vult-intel/node_modules/redis-parser/lib/parser.js:302:14) {
  command: { name: 'auth', args: [ 'IVB0VPnPl0urvQrpSKkbXLdEZBUfSHaP' ] }
}
ReplyError: WRONGPASS invalid username-password pair or user is disabled.
    at parseError (/Users/adrianfranciscoperezgomez/Desktop/Personal Apps/vult-intel/node_modules/redis-parser/lib/parser.js:179:12)
    at parseType (/Users/adrianfranciscoperezgomez/Desktop/Personal Apps/vult-intel/node_modules/redis-parser/lib/parser.js:302:14) {
  command: { name: 'auth', args: [ 'IVB0VPnPl0urvQrpSKkbXLdEZBUfSHaP' ] }
}
ReplyError: WRONGPASS invalid username-password pair or user is disabled.
    at parseError (/Users/adrianfranciscoperezgomez/Desktop/Personal Apps/vult-intel/node_modules/redis-parser/lib/parser.js:179:12)
    at parseType (/Users/adrianfranciscoperezgomez/Desktop/Personal Apps/vult-intel/node_modules/redis-parser/lib/parser.js:302:14) {
  command: { name: 'auth', args: [ 'IVB0VPnPl0urvQrpSKkbXLdEZBUfSHaP' ] }
}
ReplyError: WRONGPASS invalid username-password pair or user is disabled.
    at parseError (/Users/adrianfranciscoperezgomez/Desktop/Personal Apps/vult-intel/node_modules/redis-parser/lib/parser.js:179:12)
    at parseType (/Users/adrianfranciscoperezgomez/Desktop/Personal Apps/vult-intel/node_modules/redis-parser/lib/parser.js:302:14) {
  command: { name: 'auth', args: [ 'IVB0VPnPl0urvQrpSKkbXLdEZBUfSHaP' ] }
}
ReplyError: WRONGPASS invalid username-password pair or user is disabled.
    at parseError (/Users/adrianfranciscoperezgomez/Desktop/Personal Apps/vult-intel/node_modules/redis-parser/lib/parser.js:179:12)
    at parseType (/Users/adrianfranciscoperezgomez/Desktop/Personal Apps/vult-intel/node_modules/redis-parser/lib/parser.js:302:14) {
  command: { name: 'auth', args: [ 'IVB0VPnPl0urvQrpSKkbXLdEZBUfSHaP' ] }
}
ReplyError: WRONGPASS invalid username-password pair or user is disabled.
    at parseError (/Users/adrianfranciscoperezgomez/Desktop/Personal Apps/vult-intel/node_modules/redis-parser/lib/parser.js:179:12)
    at parseType (/Users/adrianfranciscoperezgomez/Desktop/Personal Apps/vult-intel/node_modules/redis-parser/lib/parser.js:302:14) {
  command: { name: 'auth', args: [ 'IVB0VPnPl0urvQrpSKkbXLdEZBUfSHaP' ] }
}
ReplyError: WRONGPASS invalid username-password pair or user is disabled.
    at parseError (/Users/adrianfranciscoperezgomez/Desktop/Personal Apps/vult-intel/node_modules/redis-parser/lib/parser.js:179:12)
    at parseType (/Users/adrianfranciscoperezgomez/Desktop/Personal Apps/vult-intel/node_modules/redis-parser/lib/parser.js:302:14) {
  command: { name: 'auth', args: [ 'IVB0VPnPl0urvQrpSKkbXLdEZBUfSHaP' ] }
}
ReplyError: WRONGPASS invalid username-password pair or user is disabled.
    at parseError (/Users/adrianfranciscoperezgomez/Desktop/Personal Apps/vult-intel/node_modules/redis-parser/lib/parser.js:179:12)
    at parseType (/Users/adrianfranciscoperezgomez/Desktop/Personal Apps/vult-intel/node_modules/redis-parser/lib/parser.js:302:14) {
  command: { name: 'auth', args: [ 'IVB0VPnPl0urvQrpSKkbXLdEZBUfSHaP' ] }
}
ReplyError: WRONGPASS invalid username-password pair or user is disabled.
    at parseError (/Users/adrianfranciscoperezgomez/Desktop/Personal Apps/vult-intel/node_modules/redis-parser/lib/parser.js:179:12)
    at parseType (/Users/adrianfranciscoperezgomez/Desktop/Personal Apps/vult-intel/node_modules/redis-parser/lib/parser.js:302:14) {
  command: { name: 'auth', args: [ 'IVB0VPnPl0urvQrpSKkbXLdEZBUfSHaP' ] }
}
ReplyError: WRONGPASS invalid username-password pair or user is disabled.
    at parseError (/Users/adrianfranciscoperezgomez/Desktop/Personal Apps/vult-intel/node_modules/redis-parser/lib/parser.js:179:12)
    at parseType (/Users/adrianfranciscoperezgomez/Desktop/Personal Apps/vult-intel/node_modules/redis-parser/lib/parser.js:302:14) {
  command: { name: 'auth', args: [ 'IVB0VPnPl0urvQrpSKkbXLdEZBUfSHaP' ] }
}
ReplyError: WRONGPASS invalid username-password pair or user is disabled.
    at parseError (/Users/adrianfranciscoperezgomez/Desktop/Personal Apps/vult-intel/node_modules/redis-parser/lib/parser.js:179:12)
    at parseType (/Users/adrianfranciscoperezgomez/Desktop/Personal Apps/vult-intel/node_modules/redis-parser/lib/parser.js:302:14) {
  command: { name: 'auth', args: [ 'IVB0VPnPl0urvQrpSKkbXLdEZBUfSHaP' ] }
}
ReplyError: WRONGPASS invalid username-password pair or user is disabled.
    at parseError (/Users/adrianfranciscoperezgomez/Desktop/Personal Apps/vult-intel/node_modules/redis-parser/lib/parser.js:179:12)
    at parseType (/Users/adrianfranciscoperezgomez/Desktop/Personal Apps/vult-intel/node_modules/redis-parser/lib/parser.js:302:14) {
  command: { name: 'auth', args: [ 'IVB0VPnPl0urvQrpSKkbXLdEZBUfSHaP' ] }
}
ReplyError: WRONGPASS invalid username-password pair or user is disabled.
    at parseError (/Users/adrianfranciscoperezgomez/Desktop/Personal Apps/vult-intel/node_modules/redis-parser/lib/parser.js:179:12)
    at parseType (/Users/adrianfranciscoperezgomez/Desktop/Personal Apps/vult-intel/node_modules/redis-parser/lib/parser.js:302:14) {
  command: { name: 'auth', args: [ 'IVB0VPnPl0urvQrpSKkbXLdEZBUfSHaP' ] }
}
ReplyError: WRONGPASS invalid username-password pair or user is disabled.
    at parseError (/Users/adrianfranciscoperezgomez/Desktop/Personal Apps/vult-intel/node_modules/redis-parser/lib/parser.js:179:12)
    at parseType (/Users/adrianfranciscoperezgomez/Desktop/Personal Apps/vult-intel/node_modules/redis-parser/lib/parser.js:302:14) {
  command: { name: 'auth', args: [ 'IVB0VPnPl0urvQrpSKkbXLdEZBUfSHaP' ] }
}
ReplyError: WRONGPASS invalid username-password pair or user is disabled.
    at parseError (/Users/adrianfranciscoperezgomez/Desktop/Personal Apps/vult-intel/node_modules/redis-parser/lib/parser.js:179:12)
    at parseType (/Users/adrianfranciscoperezgomez/Desktop/Personal Apps/vult-intel/node_modules/redis-parser/lib/parser.js:302:14) {
  command: { name: 'auth', args: [ 'IVB0VPnPl0urvQrpSKkbXLdEZBUfSHaP' ] }
}
ReplyError: WRONGPASS invalid username-password pair or user is disabled.
    at parseError (/Users/adrianfranciscoperezgomez/Desktop/Personal Apps/vult-intel/node_modules/redis-parser/lib/parser.js:179:12)
    at parseType (/Users/adrianfranciscoperezgomez/Desktop/Personal Apps/vult-intel/node_modules/redis-parser/lib/parser.js:302:14) {
  command: { name: 'auth', args: [ 'IVB0VPnPl0urvQrpSKkbXLdEZBUfSHaP' ] }
}
ReplyError: WRONGPASS invalid username-password pair or user is disabled.
    at parseError (/Users/adrianfranciscoperezgomez/Desktop/Personal Apps/vult-intel/node_modules/redis-parser/lib/parser.js:179:12)
    at parseType (/Users/adrianfranciscoperezgomez/Desktop/Personal Apps/vult-intel/node_modules/redis-parser/lib/parser.js:302:14) {
  command: { name: 'auth', args: [ 'IVB0VPnPl0urvQrpSKkbXLdEZBUfSHaP' ] }
}
ReplyError: WRONGPASS invalid username-password pair or user is disabled.
    at parseError (/Users/adrianfranciscoperezgomez/Desktop/Personal Apps/vult-intel/node_modules/redis-parser/lib/parser.js:179:12)
    at parseType (/Users/adrianfranciscoperezgomez/Desktop/Personal Apps/vult-intel/node_modules/redis-parser/lib/parser.js:302:14) {
  command: { name: 'auth', args: [ 'IVB0VPnPl0urvQrpSKkbXLdEZBUfSHaP' ] }
}
ReplyError: WRONGPASS invalid username-password pair or user is disabled.
    at parseError (/Users/adrianfranciscoperezgomez/Desktop/Personal Apps/vult-intel/node_modules/redis-parser/lib/parser.js:179:12)
    at parseType (/Users/adrianfranciscoperezgomez/Desktop/Personal Apps/vult-intel/node_modules/redis-parser/lib/parser.js:302:14) {
  command: { name: 'auth', args: [ 'IVB0VPnPl0urvQrpSKkbXLdEZBUfSHaP' ] }
}
ReplyError: WRONGPASS invalid username-password pair or user is disabled.
    at parseError (/Users/adrianfranciscoperezgomez/Desktop/Personal Apps/vult-intel/node_modules/redis-parser/lib/parser.js:179:12)
    at parseType (/Users/adrianfranciscoperezgomez/Desktop/Personal Apps/vult-intel/node_modules/redis-parser/lib/parser.js:302:14) {
  command: { name: 'auth', args: [ 'IVB0VPnPl0urvQrpSKkbXLdEZBUfSHaP' ] }
}
ReplyError: WRONGPASS invalid username-password pair or user is disabled.
    at parseError (/Users/adrianfranciscoperezgomez/Desktop/Personal Apps/vult-intel/node_modules/redis-parser/lib/parser.js:179:12)
    at parseType (/Users/adrianfranciscoperezgomez/Desktop/Personal Apps/vult-intel/node_modules/redis-parser/lib/parser.js:302:14) {
  command: { name: 'auth', args: [ 'IVB0VPnPl0urvQrpSKkbXLdEZBUfSHaP' ] }
}
ReplyError: WRONGPASS invalid username-password pair or user is disabled.
    at parseError (/Users/adrianfranciscoperezgomez/Desktop/Personal Apps/vult-intel/node_modules/redis-parser/lib/parser.js:179:12)
    at parseType (/Users/adrianfranciscoperezgomez/Desktop/Personal Apps/vult-intel/node_modules/redis-parser/lib/parser.js:302:14) {
  command: { name: 'auth', args: [ 'IVB0VPnPl0urvQrpSKkbXLdEZBUfSHaP' ] }
}
ReplyError: WRONGPASS invalid username-password pair or user is disabled.
    at parseError (/Users/adrianfranciscoperezgomez/Desktop/Personal Apps/vult-intel/node_modules/redis-parser/lib/parser.js:179:12)
    at parseType (/Users/adrianfranciscoperezgomez/Desktop/Personal Apps/vult-intel/node_modules/redis-parser/lib/parser.js:302:14) {
  command: { name: 'auth', args: [ 'IVB0VPnPl0urvQrpSKkbXLdEZBUfSHaP' ] }
}
ReplyError: WRONGPASS invalid username-password pair or user is disabled.
    at parseError (/Users/adrianfranciscoperezgomez/Desktop/Personal Apps/vult-intel/node_modules/redis-parser/lib/parser.js:179:12)
    at parseType (/Users/adrianfranciscoperezgomez/Desktop/Personal Apps/vult-intel/node_modules/redis-parser/lib/parser.js:302:14) {
  command: { name: 'auth', args: [ 'IVB0VPnPl0urvQrpSKkbXLdEZBUfSHaP' ] }
}
ReplyError: WRONGPASS invalid username-password pair or user is disabled.
    at parseError (/Users/adrianfranciscoperezgomez/Desktop/Personal Apps/vult-intel/node_modules/redis-parser/lib/parser.js:179:12)
    at parseType (/Users/adrianfranciscoperezgomez/Desktop/Personal Apps/vult-intel/node_modules/redis-parser/lib/parser.js:302:14) {
  command: { name: 'auth', args: [ 'IVB0VPnPl0urvQrpSKkbXLdEZBUfSHaP' ] }
}
ReplyError: WRONGPASS invalid username-password pair or user is disabled.
    at parseError (/Users/adrianfranciscoperezgomez/Desktop/Personal Apps/vult-intel/node_modules/redis-parser/lib/parser.js:179:12)
    at parseType (/Users/adrianfranciscoperezgomez/Desktop/Personal Apps/vult-intel/node_modules/redis-parser/lib/parser.js:302:14) {
  command: { name: 'auth', args: [ 'IVB0VPnPl0urvQrpSKkbXLdEZBUfSHaP' ] }
}
ReplyError: WRONGPASS invalid username-password pair or user is disabled.
    at parseError (/Users/adrianfranciscoperezgomez/Desktop/Personal Apps/vult-intel/node_modules/redis-parser/lib/parser.js:179:12)
    at parseType (/Users/adrianfranciscoperezgomez/Desktop/Personal Apps/vult-intel/node_modules/redis-parser/lib/parser.js:302:14) {
  command: { name: 'auth', args: [ 'IVB0VPnPl0urvQrpSKkbXLdEZBUfSHaP' ] }
}
ReplyError: WRONGPASS invalid username-password pair or user is disabled.
    at parseError (/Users/adrianfranciscoperezgomez/Desktop/Personal Apps/vult-intel/node_modules/redis-parser/lib/parser.js:179:12)
    at parseType (/Users/adrianfranciscoperezgomez/Desktop/Personal Apps/vult-intel/node_modules/redis-parser/lib/parser.js:302:14) {
  command: { name: 'auth', args: [ 'IVB0VPnPl0urvQrpSKkbXLdEZBUfSHaP' ] }
}
ReplyError: WRONGPASS invalid username-password pair or user is disabled.
    at parseError (/Users/adrianfranciscoperezgomez/Desktop/Personal Apps/vult-intel/node_modules/redis-parser/lib/parser.js:179:12)
    at parseType (/Users/adrianfranciscoperezgomez/Desktop/Personal Apps/vult-intel/node_modules/redis-parser/lib/parser.js:302:14) {
  command: { name: 'auth', args: [ 'IVB0VPnPl0urvQrpSKkbXLdEZBUfSHaP' ] }
}
ReplyError: WRONGPASS invalid username-password pair or user is disabled.
    at parseError (/Users/adrianfranciscoperezgomez/Desktop/Personal Apps/vult-intel/node_modules/redis-parser/lib/parser.js:179:12)
    at parseType (/Users/adrianfranciscoperezgomez/Desktop/Personal Apps/vult-intel/node_modules/redis-parser/lib/parser.js:302:14) {
  command: { name: 'auth', args: [ 'IVB0VPnPl0urvQrpSKkbXLdEZBUfSHaP' ] }
}
ReplyError: WRONGPASS invalid username-password pair or user is disabled.
    at parseError (/Users/adrianfranciscoperezgomez/Desktop/Personal Apps/vult-intel/node_modules/redis-parser/lib/parser.js:179:12)
    at parseType (/Users/adrianfranciscoperezgomez/Desktop/Personal Apps/vult-intel/node_modules/redis-parser/lib/parser.js:302:14) {
  command: { name: 'auth', args: [ 'IVB0VPnPl0urvQrpSKkbXLdEZBUfSHaP' ] }
}
ReplyError: WRONGPASS invalid username-password pair or user is disabled.
    at parseError (/Users/adrianfranciscoperezgomez/Desktop/Personal Apps/vult-intel/node_modules/redis-parser/lib/parser.js:179:12)
    at parseType (/Users/adrianfranciscoperezgomez/Desktop/Personal Apps/vult-intel/node_modules/redis-parser/lib/parser.js:302:14) {
  command: { name: 'auth', args: [ 'IVB0VPnPl0urvQrpSKkbXLdEZBUfSHaP' ] }
}
ReplyError: WRONGPASS invalid username-password pair or user is disabled.
    at parseError (/Users/adrianfranciscoperezgomez/Desktop/Personal Apps/vult-intel/node_modules/redis-parser/lib/parser.js:179:12)
    at parseType (/Users/adrianfranciscoperezgomez/Desktop/Personal Apps/vult-intel/node_modules/redis-parser/lib/parser.js:302:14) {
  command: { name: 'auth', args: [ 'IVB0VPnPl0urvQrpSKkbXLdEZBUfSHaP' ] }
}
Error: connect ETIMEDOUT
    at Socket.<anonymous> (/Users/adrianfranciscoperezgomez/Desktop/Personal Apps/vult-intel/node_modules/ioredis/built/Redis.js:171:41)
    at Object.onceWrapper (node:events:622:28)
    at Socket.emit (node:events:508:28)
    at Socket._onTimeout (node:net:604:8)
    at listOnTimeout (node:internal/timers:605:17)
    at process.processTimers (node:internal/timers:541:7) {
  errorno: 'ETIMEDOUT',
  code: 'ETIMEDOUT',
  syscall: 'connect'
}
ReplyError: WRONGPASS invalid username-password pair or user is disabled.
    at parseError (/Users/adrianfranciscoperezgomez/Desktop/Personal Apps/vult-intel/node_modules/redis-parser/lib/parser.js:179:12)
    at parseType (/Users/adrianfranciscoperezgomez/Desktop/Personal Apps/vult-intel/node_modules/redis-parser/lib/parser.js:302:14) {
  command: { name: 'auth', args: [ 'IVB0VPnPl0urvQrpSKkbXLdEZBUfSHaP' ] }
}
ReplyError: WRONGPASS invalid username-password pair or user is disabled.
    at parseError (/Users/adrianfranciscoperezgomez/Desktop/Personal Apps/vult-intel/node_modules/redis-parser/lib/parser.js:179:12)
    at parseType (/Users/adrianfranciscoperezgomez/Desktop/Personal Apps/vult-intel/node_modules/redis-parser/lib/parser.js:302:14) {
  command: { name: 'auth', args: [ 'IVB0VPnPl0urvQrpSKkbXLdEZBUfSHaP' ] }
}
ReplyError: WRONGPASS invalid username-password pair or user is disabled.
    at parseError (/Users/adrianfranciscoperezgomez/Desktop/Personal Apps/vult-intel/node_modules/redis-parser/lib/parser.js:179:12)
    at parseType (/Users/adrianfranciscoperezgomez/Desktop/Personal Apps/vult-intel/node_modules/redis-parser/lib/parser.js:302:14) {
  command: { name: 'auth', args: [ 'IVB0VPnPl0urvQrpSKkbXLdEZBUfSHaP' ] }
}
ReplyError: WRONGPASS invalid username-password pair or user is disabled.
    at parseError (/Users/adrianfranciscoperezgomez/Desktop/Personal Apps/vult-intel/node_modules/redis-parser/lib/parser.js:179:12)
    at parseType (/Users/adrianfranciscoperezgomez/Desktop/Personal Apps/vult-intel/node_modules/redis-parser/lib/parser.js:302:14) {
  command: { name: 'auth', args: [ 'IVB0VPnPl0urvQrpSKkbXLdEZBUfSHaP' ] }
}
ReplyError: WRONGPASS invalid username-password pair or user is disabled.
    at parseError (/Users/adrianfranciscoperezgomez/Desktop/Personal Apps/vult-intel/node_modules/redis-parser/lib/parser.js:179:12)
    at parseType (/Users/adrianfranciscoperezgomez/Desktop/Personal Apps/vult-intel/node_modules/redis-parser/lib/parser.js:302:14) {
  command: { name: 'auth', args: [ 'IVB0VPnPl0urvQrpSKkbXLdEZBUfSHaP' ] }
}
ReplyError: WRONGPASS invalid username-password pair or user is disabled.
    at parseError (/Users/adrianfranciscoperezgomez/Desktop/Personal Apps/vult-intel/node_modules/redis-parser/lib/parser.js:179:12)
    at parseType (/Users/adrianfranciscoperezgomez/Desktop/Personal Apps/vult-intel/node_modules/redis-parser/lib/parser.js:302:14) {
  command: { name: 'auth', args: [ 'IVB0VPnPl0urvQrpSKkbXLdEZBUfSHaP' ] }
}
ReplyError: WRONGPASS invalid username-password pair or user is disabled.
    at parseError (/Users/adrianfranciscoperezgomez/Desktop/Personal Apps/vult-intel/node_modules/redis-parser/lib/parser.js:179:12)
    at parseType (/Users/adrianfranciscoperezgomez/Desktop/Personal Apps/vult-intel/node_modules/redis-parser/lib/parser.js:302:14) {
  command: { name: 'auth', args: [ 'IVB0VPnPl0urvQrpSKkbXLdEZBUfSHaP' ] }
}
ReplyError: WRONGPASS invalid username-password pair or user is disabled.
    at parseError (/Users/adrianfranciscoperezgomez/Desktop/Personal Apps/vult-intel/node_modules/redis-parser/lib/parser.js:179:12)
    at parseType (/Users/adrianfranciscoperezgomez/Desktop/Personal Apps/vult-intel/node_modules/redis-parser/lib/parser.js:302:14) {
  command: { name: 'auth', args: [ 'IVB0VPnPl0urvQrpSKkbXLdEZBUfSHaP' ] }
}
ReplyError: WRONGPASS invalid username-password pair or user is disabled.
    at parseError (/Users/adrianfranciscoperezgomez/Desktop/Personal Apps/vult-intel/node_modules/redis-parser/lib/parser.js:179:12)
    at parseType (/Users/adrianfranciscoperezgomez/Desktop/Personal Apps/vult-intel/node_modules/redis-parser/lib/parser.js:302:14) {
  command: { name: 'auth', args: [ 'IVB0VPnPl0urvQrpSKkbXLdEZBUfSHaP' ] }
}
ReplyError: WRONGPASS invalid username-password pair or user is disabled.
    at parseError (/Users/adrianfranciscoperezgomez/Desktop/Personal Apps/vult-intel/node_modules/redis-parser/lib/parser.js:179:12)
    at parseType (/Users/adrianfranciscoperezgomez/Desktop/Personal Apps/vult-intel/node_modules/redis-parser/lib/parser.js:302:14) {
  command: { name: 'auth', args: [ 'IVB0VPnPl0urvQrpSKkbXLdEZBUfSHaP' ] }
}
ReplyError: WRONGPASS invalid username-password pair or user is disabled.
    at parseError (/Users/adrianfranciscoperezgomez/Desktop/Personal Apps/vult-intel/node_modules/redis-parser/lib/parser.js:179:12)
    at parseType (/Users/adrianfranciscoperezgomez/Desktop/Personal Apps/vult-intel/node_modules/redis-parser/lib/parser.js:302:14) {
  command: { name: 'auth', args: [ 'IVB0VPnPl0urvQrpSKkbXLdEZBUfSHaP' ] }
}
ReplyError: WRONGPASS invalid username-password pair or user is disabled.
    at parseError (/Users/adrianfranciscoperezgomez/Desktop/Personal Apps/vult-intel/node_modules/redis-parser/lib/parser.js:179:12)
    at parseType (/Users/adrianfranciscoperezgomez/Desktop/Personal Apps/vult-intel/node_modules/redis-parser/lib/parser.js:302:14) {
  command: { name: 'auth', args: [ 'IVB0VPnPl0urvQrpSKkbXLdEZBUfSHaP' ] }
}
ReplyError: WRONGPASS invalid username-password pair or user is disabled.
    at parseError (/Users/adrianfranciscoperezgomez/Desktop/Personal Apps/vult-intel/node_modules/redis-parser/lib/parser.js:179:12)
    at parseType (/Users/adrianfranciscoperezgomez/Desktop/Personal Apps/vult-intel/node_modules/redis-parser/lib/parser.js:302:14) {
  command: { name: 'auth', args: [ 'IVB0VPnPl0urvQrpSKkbXLdEZBUfSHaP' ] }
}
ReplyError: WRONGPASS invalid username-password pair or user is disabled.
    at parseError (/Users/adrianfranciscoperezgomez/Desktop/Personal Apps/vult-intel/node_modules/redis-parser/lib/parser.js:179:12)
    at parseType (/Users/adrianfranciscoperezgomez/Desktop/Personal Apps/vult-intel/node_modules/redis-parser/lib/parser.js:302:14) {
  command: { name: 'auth', args: [ 'IVB0VPnPl0urvQrpSKkbXLdEZBUfSHaP' ] }
}
ReplyError: WRONGPASS invalid username-password pair or user is disabled.
    at parseError (/Users/adrianfranciscoperezgomez/Desktop/Personal Apps/vult-intel/node_modules/redis-parser/lib/parser.js:179:12)
    at parseType (/Users/adrianfranciscoperezgomez/Desktop/Personal Apps/vult-intel/node_modules/redis-parser/lib/parser.js:302:14) {
  command: { name: 'auth', args: [ 'IVB0VPnPl0urvQrpSKkbXLdEZBUfSHaP' ] }
}
ReplyError: WRONGPASS invalid username-password pair or user is disabled.
    at parseError (/Users/adrianfranciscoperezgomez/Desktop/Personal Apps/vult-intel/node_modules/redis-parser/lib/parser.js:179:12)
    at parseType (/Users/adrianfranciscoperezgomez/Desktop/Personal Apps/vult-intel/node_modules/redis-parser/lib/parser.js:302:14) {
  command: { name: 'auth', args: [ 'IVB0VPnPl0urvQrpSKkbXLdEZBUfSHaP' ] }
}
ReplyError: WRONGPASS invalid username-password pair or user is disabled.
    at parseError (/Users/adrianfranciscoperezgomez/Desktop/Personal Apps/vult-intel/node_modules/redis-parser/lib/parser.js:179:12)
    at parseType (/Users/adrianfranciscoperezgomez/Desktop/Personal Apps/vult-intel/node_modules/redis-parser/lib/parser.js:302:14) {
  command: { name: 'auth', args: [ 'IVB0VPnPl0urvQrpSKkbXLdEZBUfSHaP' ] }
}
ReplyError: WRONGPASS invalid username-password pair or user is disabled.
    at parseError (/Users/adrianfranciscoperezgomez/Desktop/Personal Apps/vult-intel/node_modules/redis-parser/lib/parser.js:179:12)
    at parseType (/Users/adrianfranciscoperezgomez/Desktop/Personal Apps/vult-intel/node_modules/redis-parser/lib/parser.js:302:14) {
  command: { name: 'auth', args: [ 'IVB0VPnPl0urvQrpSKkbXLdEZBUfSHaP' ] }
}
ReplyError: WRONGPASS invalid username-password pair or user is disabled.
    at parseError (/Users/adrianfranciscoperezgomez/Desktop/Personal Apps/vult-intel/node_modules/redis-parser/lib/parser.js:179:12)
    at parseType (/Users/adrianfranciscoperezgomez/Desktop/Personal Apps/vult-intel/node_modules/redis-parser/lib/parser.js:302:14) {
  command: { name: 'auth', args: [ 'IVB0VPnPl0urvQrpSKkbXLdEZBUfSHaP' ] }
}
ReplyError: WRONGPASS invalid username-password pair or user is disabled.
    at parseError (/Users/adrianfranciscoperezgomez/Desktop/Personal Apps/vult-intel/node_modules/redis-parser/lib/parser.js:179:12)
    at parseType (/Users/adrianfranciscoperezgomez/Desktop/Personal Apps/vult-intel/node_modules/redis-parser/lib/parser.js:302:14) {
  command: { name: 'auth', args: [ 'IVB0VPnPl0urvQrpSKkbXLdEZBUfSHaP' ] }
}
ReplyError: WRONGPASS invalid username-password pair or user is disabled.
    at parseError (/Users/adrianfranciscoperezgomez/Desktop/Personal Apps/vult-intel/node_modules/redis-parser/lib/parser.js:179:12)
    at parseType (/Users/adrianfranciscoperezgomez/Desktop/Personal Apps/vult-intel/node_modules/redis-parser/lib/parser.js:302:14) {
  command: { name: 'auth', args: [ 'IVB0VPnPl0urvQrpSKkbXLdEZBUfSHaP' ] }
}
ReplyError: WRONGPASS invalid username-password pair or user is disabled.
    at parseError (/Users/adrianfranciscoperezgomez/Desktop/Personal Apps/vult-intel/node_modules/redis-parser/lib/parser.js:179:12)
    at parseType (/Users/adrianfranciscoperezgomez/Desktop/Personal Apps/vult-intel/node_modules/redis-parser/lib/parser.js:302:14) {
  command: { name: 'auth', args: [ 'IVB0VPnPl0urvQrpSKkbXLdEZBUfSHaP' ] }
}
ReplyError: WRONGPASS invalid username-password pair or user is disabled.
    at parseError (/Users/adrianfranciscoperezgomez/Desktop/Personal Apps/vult-intel/node_modules/redis-parser/lib/parser.js:179:12)
    at parseType (/Users/adrianfranciscoperezgomez/Desktop/Personal Apps/vult-intel/node_modules/redis-parser/lib/parser.js:302:14) {
  command: { name: 'auth', args: [ 'IVB0VPnPl0urvQrpSKkbXLdEZBUfSHaP' ] }
}
ReplyError: WRONGPASS invalid username-password pair or user is disabled.
    at parseError (/Users/adrianfranciscoperezgomez/Desktop/Personal Apps/vult-intel/node_modules/redis-parser/lib/parser.js:179:12)
    at parseType (/Users/adrianfranciscoperezgomez/Desktop/Personal Apps/vult-intel/node_modules/redis-parser/lib/parser.js:302:14) {
  command: { name: 'auth', args: [ 'IVB0VPnPl0urvQrpSKkbXLdEZBUfSHaP' ] }
}
ReplyError: WRONGPASS invalid username-password pair or user is disabled.
    at parseError (/Users/adrianfranciscoperezgomez/Desktop/Personal Apps/vult-intel/node_modules/redis-parser/lib/parser.js:179:12)
    at parseType (/Users/adrianfranciscoperezgomez/Desktop/Personal Apps/vult-intel/node_modules/redis-parser/lib/parser.js:302:14) {
  command: { name: 'auth', args: [ 'IVB0VPnPl0urvQrpSKkbXLdEZBUfSHaP' ] }
}
ReplyError: WRONGPASS invalid username-password pair or user is disabled.
    at parseError (/Users/adrianfranciscoperezgomez/Desktop/Personal Apps/vult-intel/node_modules/redis-parser/lib/parser.js:179:12)
    at parseType (/Users/adrianfranciscoperezgomez/Desktop/Personal Apps/vult-intel/node_modules/redis-parser/lib/parser.js:302:14) {
  command: { name: 'auth', args: [ 'IVB0VPnPl0urvQrpSKkbXLdEZBUfSHaP' ] }
}
ReplyError: WRONGPASS invalid username-password pair or user is disabled.
    at parseError (/Users/adrianfranciscoperezgomez/Desktop/Personal Apps/vult-intel/node_modules/redis-parser/lib/parser.js:179:12)
    at parseType (/Users/adrianfranciscoperezgomez/Desktop/Personal Apps/vult-intel/node_modules/redis-parser/lib/parser.js:302:14) {
  command: { name: 'auth', args: [ 'IVB0VPnPl0urvQrpSKkbXLdEZBUfSHaP' ] }
}
ReplyError: WRONGPASS invalid username-password pair or user is disabled.
    at parseError (/Users/adrianfranciscoperezgomez/Desktop/Personal Apps/vult-intel/node_modules/redis-parser/lib/parser.js:179:12)
    at parseType (/Users/adrianfranciscoperezgomez/Desktop/Personal Apps/vult-intel/node_modules/redis-parser/lib/parser.js:302:14) {
  command: { name: 'auth', args: [ 'IVB0VPnPl0urvQrpSKkbXLdEZBUfSHaP' ] }
}
ReplyError: WRONGPASS invalid username-password pair or user is disabled.
    at parseError (/Users/adrianfranciscoperezgomez/Desktop/Personal Apps/vult-intel/node_modules/redis-parser/lib/parser.js:179:12)
    at parseType (/Users/adrianfranciscoperezgomez/Desktop/Personal Apps/vult-intel/node_modules/redis-parser/lib/parser.js:302:14) {
  command: { name: 'auth', args: [ 'IVB0VPnPl0urvQrpSKkbXLdEZBUfSHaP' ] }
}
ReplyError: WRONGPASS invalid username-password pair or user is disabled.
    at parseError (/Users/adrianfranciscoperezgomez/Desktop/Personal Apps/vult-intel/node_modules/redis-parser/lib/parser.js:179:12)
    at parseType (/Users/adrianfranciscoperezgomez/Desktop/Personal Apps/vult-intel/node_modules/redis-parser/lib/parser.js:302:14) {
  command: { name: 'auth', args: [ 'IVB0VPnPl0urvQrpSKkbXLdEZBUfSHaP' ] }
}
ReplyError: WRONGPASS invalid username-password pair or user is disabled.
    at parseError (/Users/adrianfranciscoperezgomez/Desktop/Personal Apps/vult-intel/node_modules/redis-parser/lib/parser.js:179:12)
    at parseType (/Users/adrianfranciscoperezgomez/Desktop/Personal Apps/vult-intel/node_modules/redis-parser/lib/parser.js:302:14) {
  command: { name: 'auth', args: [ 'IVB0VPnPl0urvQrpSKkbXLdEZBUfSHaP' ] }
}
ReplyError: WRONGPASS invalid username-password pair or user is disabled.
    at parseError (/Users/adrianfranciscoperezgomez/Desktop/Personal Apps/vult-intel/node_modules/redis-parser/lib/parser.js:179:12)
    at parseType (/Users/adrianfranciscoperezgomez/Desktop/Personal Apps/vult-intel/node_modules/redis-parser/lib/parser.js:302:14) {
  command: { name: 'auth', args: [ 'IVB0VPnPl0urvQrpSKkbXLdEZBUfSHaP' ] }
}
ReplyError: WRONGPASS invalid username-password pair or user is disabled.
    at parseError (/Users/adrianfranciscoperezgomez/Desktop/Personal Apps/vult-intel/node_modules/redis-parser/lib/parser.js:179:12)
    at parseType (/Users/adrianfranciscoperezgomez/Desktop/Personal Apps/vult-intel/node_modules/redis-parser/lib/parser.js:302:14) {
  command: { name: 'auth', args: [ 'IVB0VPnPl0urvQrpSKkbXLdEZBUfSHaP' ] }
}
ReplyError: WRONGPASS invalid username-password pair or user is disabled.
    at parseError (/Users/adrianfranciscoperezgomez/Desktop/Personal Apps/vult-intel/node_modules/redis-parser/lib/parser.js:179:12)
    at parseType (/Users/adrianfranciscoperezgomez/Desktop/Personal Apps/vult-intel/node_modules/redis-parser/lib/parser.js:302:14) {
  command: { name: 'auth', args: [ 'IVB0VPnPl0urvQrpSKkbXLdEZBUfSHaP' ] }
}
ReplyError: WRONGPASS invalid username-password pair or user is disabled.
    at parseError (/Users/adrianfranciscoperezgomez/Desktop/Personal Apps/vult-intel/node_modules/redis-parser/lib/parser.js:179:12)
    at parseType (/Users/adrianfranciscoperezgomez/Desktop/Personal Apps/vult-intel/node_modules/redis-parser/lib/parser.js:302:14) {
  command: { name: 'auth', args: [ 'IVB0VPnPl0urvQrpSKkbXLdEZBUfSHaP' ] }
}
ReplyError: WRONGPASS invalid username-password pair or user is disabled.
    at parseError (/Users/adrianfranciscoperezgomez/Desktop/Personal Apps/vult-intel/node_modules/redis-parser/lib/parser.js:179:12)
    at parseType (/Users/adrianfranciscoperezgomez/Desktop/Personal Apps/vult-intel/node_modules/redis-parser/lib/parser.js:302:14) {
  command: { name: 'auth', args: [ 'IVB0VPnPl0urvQrpSKkbXLdEZBUfSHaP' ] }
}
ReplyError: WRONGPASS invalid username-password pair or user is disabled.
    at parseError (/Users/adrianfranciscoperezgomez/Desktop/Personal Apps/vult-intel/node_modules/redis-parser/lib/parser.js:179:12)
    at parseType (/Users/adrianfranciscoperezgomez/Desktop/Personal Apps/vult-intel/node_modules/redis-parser/lib/parser.js:302:14) {
  command: { name: 'auth', args: [ 'IVB0VPnPl0urvQrpSKkbXLdEZBUfSHaP' ] }
}
ReplyError: WRONGPASS invalid username-password pair or user is disabled.
    at parseError (/Users/adrianfranciscoperezgomez/Desktop/Personal Apps/vult-intel/node_modules/redis-parser/lib/parser.js:179:12)
    at parseType (/Users/adrianfranciscoperezgomez/Desktop/Personal Apps/vult-intel/node_modules/redis-parser/lib/parser.js:302:14) {
  command: { name: 'auth', args: [ 'IVB0VPnPl0urvQrpSKkbXLdEZBUfSHaP' ] }
}
ReplyError: WRONGPASS invalid username-password pair or user is disabled.
    at parseError (/Users/adrianfranciscoperezgomez/Desktop/Personal Apps/vult-intel/node_modules/redis-parser/lib/parser.js:179:12)
    at parseType (/Users/adrianfranciscoperezgomez/Desktop/Personal Apps/vult-intel/node_modules/redis-parser/lib/parser.js:302:14) {
  command: { name: 'auth', args: [ 'IVB0VPnPl0urvQrpSKkbXLdEZBUfSHaP' ] }
}
ReplyError: WRONGPASS invalid username-password pair or user is disabled.
    at parseError (/Users/adrianfranciscoperezgomez/Desktop/Personal Apps/vult-intel/node_modules/redis-parser/lib/parser.js:179:12)
    at parseType (/Users/adrianfranciscoperezgomez/Desktop/Personal Apps/vult-intel/node_modules/redis-parser/lib/parser.js:302:14) {
  command: { name: 'auth', args: [ 'IVB0VPnPl0urvQrpSKkbXLdEZBUfSHaP' ] }
}
ReplyError: WRONGPASS invalid username-password pair or user is disabled.
    at parseError (/Users/adrianfranciscoperezgomez/Desktop/Personal Apps/vult-intel/node_modules/redis-parser/lib/parser.js:179:12)
    at parseType (/Users/adrianfranciscoperezgomez/Desktop/Personal Apps/vult-intel/node_modules/redis-parser/lib/parser.js:302:14) {
  command: { name: 'auth', args: [ 'IVB0VPnPl0urvQrpSKkbXLdEZBUfSHaP' ] }
}
ReplyError: WRONGPASS invalid username-password pair or user is disabled.
    at parseError (/Users/adrianfranciscoperezgomez/Desktop/Personal Apps/vult-intel/node_modules/redis-parser/lib/parser.js:179:12)
    at parseType (/Users/adrianfranciscoperezgomez/Desktop/Personal Apps/vult-intel/node_modules/redis-parser/lib/parser.js:302:14) {
  command: { name: 'auth', args: [ 'IVB0VPnPl0urvQrpSKkbXLdEZBUfSHaP' ] }
}
ReplyError: WRONGPASS invalid username-password pair or user is disabled.
    at parseError (/Users/adrianfranciscoperezgomez/Desktop/Personal Apps/vult-intel/node_modules/redis-parser/lib/parser.js:179:12)
    at parseType (/Users/adrianfranciscoperezgomez/Desktop/Personal Apps/vult-intel/node_modules/redis-parser/lib/parser.js:302:14) {
  command: { name: 'auth', args: [ 'IVB0VPnPl0urvQrpSKkbXLdEZBUfSHaP' ] }
}
ReplyError: WRONGPASS invalid username-password pair or user is disabled.
    at parseError (/Users/adrianfranciscoperezgomez/Desktop/Personal Apps/vult-intel/node_modules/redis-parser/lib/parser.js:179:12)
    at parseType (/Users/adrianfranciscoperezgomez/Desktop/Personal Apps/vult-intel/node_modules/redis-parser/lib/parser.js:302:14) {
  command: { name: 'auth', args: [ 'IVB0VPnPl0urvQrpSKkbXLdEZBUfSHaP' ] }
}
ReplyError: WRONGPASS invalid username-password pair or user is disabled.
    at parseError (/Users/adrianfranciscoperezgomez/Desktop/Personal Apps/vult-intel/node_modules/redis-parser/lib/parser.js:179:12)
    at parseType (/Users/adrianfranciscoperezgomez/Desktop/Personal Apps/vult-intel/node_modules/redis-parser/lib/parser.js:302:14) {
  command: { name: 'auth', args: [ 'IVB0VPnPl0urvQrpSKkbXLdEZBUfSHaP' ] }
}
ReplyError: WRONGPASS invalid username-password pair or user is disabled.
    at parseError (/Users/adrianfranciscoperezgomez/Desktop/Personal Apps/vult-intel/node_modules/redis-parser/lib/parser.js:179:12)
    at parseType (/Users/adrianfranciscoperezgomez/Desktop/Personal Apps/vult-intel/node_modules/redis-parser/lib/parser.js:302:14) {
  command: { name: 'auth', args: [ 'IVB0VPnPl0urvQrpSKkbXLdEZBUfSHaP' ] }
}
ReplyError: WRONGPASS invalid username-password pair or user is disabled.
    at parseError (/Users/adrianfranciscoperezgomez/Desktop/Personal Apps/vult-intel/node_modules/redis-parser/lib/parser.js:179:12)
    at parseType (/Users/adrianfranciscoperezgomez/Desktop/Personal Apps/vult-intel/node_modules/redis-parser/lib/parser.js:302:14) {
  command: { name: 'auth', args: [ 'IVB0VPnPl0urvQrpSKkbXLdEZBUfSHaP' ] }
}
ReplyError: WRONGPASS invalid username-password pair or user is disabled.
    at parseError (/Users/adrianfranciscoperezgomez/Desktop/Personal Apps/vult-intel/node_modules/redis-parser/lib/parser.js:179:12)
    at parseType (/Users/adrianfranciscoperezgomez/Desktop/Personal Apps/vult-intel/node_modules/redis-parser/lib/parser.js:302:14) {
  command: { name: 'auth', args: [ 'IVB0VPnPl0urvQrpSKkbXLdEZBUfSHaP' ] }
}
ReplyError: WRONGPASS invalid username-password pair or user is disabled.
    at parseError (/Users/adrianfranciscoperezgomez/Desktop/Personal Apps/vult-intel/node_modules/redis-parser/lib/parser.js:179:12)
    at parseType (/Users/adrianfranciscoperezgomez/Desktop/Personal Apps/vult-intel/node_modules/redis-parser/lib/parser.js:302:14) {
  command: { name: 'auth', args: [ 'IVB0VPnPl0urvQrpSKkbXLdEZBUfSHaP' ] }
}
ReplyError: WRONGPASS invalid username-password pair or user is disabled.
    at parseError (/Users/adrianfranciscoperezgomez/Desktop/Personal Apps/vult-intel/node_modules/redis-parser/lib/parser.js:179:12)
    at parseType (/Users/adrianfranciscoperezgomez/Desktop/Personal Apps/vult-intel/node_modules/redis-parser/lib/parser.js:302:14) {
  command: { name: 'auth', args: [ 'IVB0VPnPl0urvQrpSKkbXLdEZBUfSHaP' ] }
}
Redis connection error: Error: read ETIMEDOUT
    at TCP.onStreamRead (node:internal/stream_base_commons:216:20) {
  errno: -60,
  code: 'ETIMEDOUT',
  syscall: 'read'
}
Error: read ETIMEDOUT
    at TCP.onStreamRead (node:internal/stream_base_commons:216:20) {
  errno: -60,
  code: 'ETIMEDOUT',
  syscall: 'read'
}
Error: read ETIMEDOUT
    at TCP.onStreamRead (node:internal/stream_base_commons:216:20) {
  errno: -60,
  code: 'ETIMEDOUT',
  syscall: 'read'
}
Error: read ETIMEDOUT
    at TCP.onStreamRead (node:internal/stream_base_commons:216:20) {
  errno: -60,
  code: 'ETIMEDOUT',
  syscall: 'read'
}
Error: read ETIMEDOUT
    at TCP.onStreamRead (node:internal/stream_base_commons:216:20) {
  errno: -60,
  code: 'ETIMEDOUT',
  syscall: 'read'
}
ReplyError: WRONGPASS invalid username-password pair or user is disabled.
    at parseError (/Users/adrianfranciscoperezgomez/Desktop/Personal Apps/vult-intel/node_modules/redis-parser/lib/parser.js:179:12)
    at parseType (/Users/adrianfranciscoperezgomez/Desktop/Personal Apps/vult-intel/node_modules/redis-parser/lib/parser.js:302:14) {
  command: { name: 'auth', args: [ 'IVB0VPnPl0urvQrpSKkbXLdEZBUfSHaP' ] }
}
ReplyError: WRONGPASS invalid username-password pair or user is disabled.
    at parseError (/Users/adrianfranciscoperezgomez/Desktop/Personal Apps/vult-intel/node_modules/redis-parser/lib/parser.js:179:12)
    at parseType (/Users/adrianfranciscoperezgomez/Desktop/Personal Apps/vult-intel/node_modules/redis-parser/lib/parser.js:302:14) {
  command: { name: 'auth', args: [ 'IVB0VPnPl0urvQrpSKkbXLdEZBUfSHaP' ] }
}
Connected to Redis for persistence
Redis connection error: ReplyError: WRONGPASS invalid username-password pair or user is disabled.
    at parseError (/Users/adrianfranciscoperezgomez/Desktop/Personal Apps/vult-intel/node_modules/redis-parser/lib/parser.js:179:12)
    at parseType (/Users/adrianfranciscoperezgomez/Desktop/Personal Apps/vult-intel/node_modules/redis-parser/lib/parser.js:302:14) {
  command: { name: 'auth', args: [ 'IVB0VPnPl0urvQrpSKkbXLdEZBUfSHaP' ] }
}
ReplyError: WRONGPASS invalid username-password pair or user is disabled.
    at parseError (/Users/adrianfranciscoperezgomez/Desktop/Personal Apps/vult-intel/node_modules/redis-parser/lib/parser.js:179:12)
    at parseType (/Users/adrianfranciscoperezgomez/Desktop/Personal Apps/vult-intel/node_modules/redis-parser/lib/parser.js:302:14) {
  command: { name: 'auth', args: [ 'IVB0VPnPl0urvQrpSKkbXLdEZBUfSHaP' ] }
}
ReplyError: WRONGPASS invalid username-password pair or user is disabled.
    at parseError (/Users/adrianfranciscoperezgomez/Desktop/Personal Apps/vult-intel/node_modules/redis-parser/lib/parser.js:179:12)
    at parseType (/Users/adrianfranciscoperezgomez/Desktop/Personal Apps/vult-intel/node_modules/redis-parser/lib/parser.js:302:14) {
  command: { name: 'auth', args: [ 'IVB0VPnPl0urvQrpSKkbXLdEZBUfSHaP' ] }
}
ReplyError: WRONGPASS invalid username-password pair or user is disabled.
    at parseError (/Users/adrianfranciscoperezgomez/Desktop/Personal Apps/vult-intel/node_modules/redis-parser/lib/parser.js:179:12)
    at parseType (/Users/adrianfranciscoperezgomez/Desktop/Personal Apps/vult-intel/node_modules/redis-parser/lib/parser.js:302:14) {
  command: { name: 'auth', args: [ 'IVB0VPnPl0urvQrpSKkbXLdEZBUfSHaP' ] }
}
ReplyError: WRONGPASS invalid username-password pair or user is disabled.
    at parseError (/Users/adrianfranciscoperezgomez/Desktop/Personal Apps/vult-intel/node_modules/redis-parser/lib/parser.js:179:12)
    at parseType (/Users/adrianfranciscoperezgomez/Desktop/Personal Apps/vult-intel/node_modules/redis-parser/lib/parser.js:302:14) {
  command: { name: 'auth', args: [ 'IVB0VPnPl0urvQrpSKkbXLdEZBUfSHaP' ] }
}
ReplyError: WRONGPASS invalid username-password pair or user is disabled.
    at parseError (/Users/adrianfranciscoperezgomez/Desktop/Personal Apps/vult-intel/node_modules/redis-parser/lib/parser.js:179:12)
    at parseType (/Users/adrianfranciscoperezgomez/Desktop/Personal Apps/vult-intel/node_modules/redis-parser/lib/parser.js:302:14) {
  command: { name: 'auth', args: [ 'IVB0VPnPl0urvQrpSKkbXLdEZBUfSHaP' ] }
}
ReplyError: WRONGPASS invalid username-password pair or user is disabled.
    at parseError (/Users/adrianfranciscoperezgomez/Desktop/Personal Apps/vult-intel/node_modules/redis-parser/lib/parser.js:179:12)
    at parseType (/Users/adrianfranciscoperezgomez/Desktop/Personal Apps/vult-intel/node_modules/redis-parser/lib/parser.js:302:14) {
  command: { name: 'auth', args: [ 'IVB0VPnPl0urvQrpSKkbXLdEZBUfSHaP' ] }
}
Connected to Redis for persistence
Redis connection error: ReplyError: WRONGPASS invalid username-password pair or user is disabled.
    at parseError (/Users/adrianfranciscoperezgomez/Desktop/Personal Apps/vult-intel/node_modules/redis-parser/lib/parser.js:179:12)
    at parseType (/Users/adrianfranciscoperezgomez/Desktop/Personal Apps/vult-intel/node_modules/redis-parser/lib/parser.js:302:14) {
  command: { name: 'auth', args: [ 'IVB0VPnPl0urvQrpSKkbXLdEZBUfSHaP' ] }
}
ReplyError: WRONGPASS invalid username-password pair or user is disabled.
    at parseError (/Users/adrianfranciscoperezgomez/Desktop/Personal Apps/vult-intel/node_modules/redis-parser/lib/parser.js:179:12)
    at parseType (/Users/adrianfranciscoperezgomez/Desktop/Personal Apps/vult-intel/node_modules/redis-parser/lib/parser.js:302:14) {
  command: { name: 'auth', args: [ 'IVB0VPnPl0urvQrpSKkbXLdEZBUfSHaP' ] }
}
ReplyError: WRONGPASS invalid username-password pair or user is disabled.
    at parseError (/Users/adrianfranciscoperezgomez/Desktop/Personal Apps/vult-intel/node_modules/redis-parser/lib/parser.js:179:12)
    at parseType (/Users/adrianfranciscoperezgomez/Desktop/Personal Apps/vult-intel/node_modules/redis-parser/lib/parser.js:302:14) {
  command: { name: 'auth', args: [ 'IVB0VPnPl0urvQrpSKkbXLdEZBUfSHaP' ] }
}
ReplyError: WRONGPASS invalid username-password pair or user is disabled.
    at parseError (/Users/adrianfranciscoperezgomez/Desktop/Personal Apps/vult-intel/node_modules/redis-parser/lib/parser.js:179:12)
    at parseType (/Users/adrianfranciscoperezgomez/Desktop/Personal Apps/vult-intel/node_modules/redis-parser/lib/parser.js:302:14) {
  command: { name: 'auth', args: [ 'IVB0VPnPl0urvQrpSKkbXLdEZBUfSHaP' ] }
}
ReplyError: WRONGPASS invalid username-password pair or user is disabled.
    at parseError (/Users/adrianfranciscoperezgomez/Desktop/Personal Apps/vult-intel/node_modules/redis-parser/lib/parser.js:179:12)
    at parseType (/Users/adrianfranciscoperezgomez/Desktop/Personal Apps/vult-intel/node_modules/redis-parser/lib/parser.js:302:14) {
  command: { name: 'auth', args: [ 'IVB0VPnPl0urvQrpSKkbXLdEZBUfSHaP' ] }
}
ReplyError: WRONGPASS invalid username-password pair or user is disabled.
    at parseError (/Users/adrianfranciscoperezgomez/Desktop/Personal Apps/vult-intel/node_modules/redis-parser/lib/parser.js:179:12)
    at parseType (/Users/adrianfranciscoperezgomez/Desktop/Personal Apps/vult-intel/node_modules/redis-parser/lib/parser.js:302:14) {
  command: { name: 'auth', args: [ 'IVB0VPnPl0urvQrpSKkbXLdEZBUfSHaP' ] }
}
ReplyError: WRONGPASS invalid username-password pair or user is disabled.
    at parseError (/Users/adrianfranciscoperezgomez/Desktop/Personal Apps/vult-intel/node_modules/redis-parser/lib/parser.js:179:12)
    at parseType (/Users/adrianfranciscoperezgomez/Desktop/Personal Apps/vult-intel/node_modules/redis-parser/lib/parser.js:302:14) {
  command: { name: 'auth', args: [ 'IVB0VPnPl0urvQrpSKkbXLdEZBUfSHaP' ] }
}
Connected to Redis for persistence
Redis connection error: ReplyError: WRONGPASS invalid username-password pair or user is disabled.
    at parseError (/Users/adrianfranciscoperezgomez/Desktop/Personal Apps/vult-intel/node_modules/redis-parser/lib/parser.js:179:12)
    at parseType (/Users/adrianfranciscoperezgomez/Desktop/Personal Apps/vult-intel/node_modules/redis-parser/lib/parser.js:302:14) {
  command: { name: 'auth', args: [ 'IVB0VPnPl0urvQrpSKkbXLdEZBUfSHaP' ] }
}
ReplyError: WRONGPASS invalid username-password pair or user is disabled.
    at parseError (/Users/adrianfranciscoperezgomez/Desktop/Personal Apps/vult-intel/node_modules/redis-parser/lib/parser.js:179:12)
    at parseType (/Users/adrianfranciscoperezgomez/Desktop/Personal Apps/vult-intel/node_modules/redis-parser/lib/parser.js:302:14) {
  command: { name: 'auth', args: [ 'IVB0VPnPl0urvQrpSKkbXLdEZBUfSHaP' ] }
}
ReplyError: WRONGPASS invalid username-password pair or user is disabled.
    at parseError (/Users/adrianfranciscoperezgomez/Desktop/Personal Apps/vult-intel/node_modules/redis-parser/lib/parser.js:179:12)
    at parseType (/Users/adrianfranciscoperezgomez/Desktop/Personal Apps/vult-intel/node_modules/redis-parser/lib/parser.js:302:14) {
  command: { name: 'auth', args: [ 'IVB0VPnPl0urvQrpSKkbXLdEZBUfSHaP' ] }
}
ReplyError: WRONGPASS invalid username-password pair or user is disabled.
    at parseError (/Users/adrianfranciscoperezgomez/Desktop/Personal Apps/vult-intel/node_modules/redis-parser/lib/parser.js:179:12)
    at parseType (/Users/adrianfranciscoperezgomez/Desktop/Personal Apps/vult-intel/node_modules/redis-parser/lib/parser.js:302:14) {
  command: { name: 'auth', args: [ 'IVB0VPnPl0urvQrpSKkbXLdEZBUfSHaP' ] }
}
ReplyError: WRONGPASS invalid username-password pair or user is disabled.
    at parseError (/Users/adrianfranciscoperezgomez/Desktop/Personal Apps/vult-intel/node_modules/redis-parser/lib/parser.js:179:12)
    at parseType (/Users/adrianfranciscoperezgomez/Desktop/Personal Apps/vult-intel/node_modules/redis-parser/lib/parser.js:302:14) {
  command: { name: 'auth', args: [ 'IVB0VPnPl0urvQrpSKkbXLdEZBUfSHaP' ] }
}
ReplyError: WRONGPASS invalid username-password pair or user is disabled.
    at parseError (/Users/adrianfranciscoperezgomez/Desktop/Personal Apps/vult-intel/node_modules/redis-parser/lib/parser.js:179:12)
    at parseType (/Users/adrianfranciscoperezgomez/Desktop/Personal Apps/vult-intel/node_modules/redis-parser/lib/parser.js:302:14) {
  command: { name: 'auth', args: [ 'IVB0VPnPl0urvQrpSKkbXLdEZBUfSHaP' ] }
}
ReplyError: WRONGPASS invalid username-password pair or user is disabled.
    at parseError (/Users/adrianfranciscoperezgomez/Desktop/Personal Apps/vult-intel/node_modules/redis-parser/lib/parser.js:179:12)
    at parseType (/Users/adrianfranciscoperezgomez/Desktop/Personal Apps/vult-intel/node_modules/redis-parser/lib/parser.js:302:14) {
  command: { name: 'auth', args: [ 'IVB0VPnPl0urvQrpSKkbXLdEZBUfSHaP' ] }
}
Connected to Redis for persistence
Redis connection error: ReplyError: WRONGPASS invalid username-password pair or user is disabled.
    at parseError (/Users/adrianfranciscoperezgomez/Desktop/Personal Apps/vult-intel/node_modules/redis-parser/lib/parser.js:179:12)
    at parseType (/Users/adrianfranciscoperezgomez/Desktop/Personal Apps/vult-intel/node_modules/redis-parser/lib/parser.js:302:14) {
  command: { name: 'auth', args: [ 'IVB0VPnPl0urvQrpSKkbXLdEZBUfSHaP' ] }
}
ReplyError: WRONGPASS invalid username-password pair or user is disabled.
    at parseError (/Users/adrianfranciscoperezgomez/Desktop/Personal Apps/vult-intel/node_modules/redis-parser/lib/parser.js:179:12)
    at parseType (/Users/adrianfranciscoperezgomez/Desktop/Personal Apps/vult-intel/node_modules/redis-parser/lib/parser.js:302:14) {
  command: { name: 'auth', args: [ 'IVB0VPnPl0urvQrpSKkbXLdEZBUfSHaP' ] }
}
ReplyError: WRONGPASS invalid username-password pair or user is disabled.
    at parseError (/Users/adrianfranciscoperezgomez/Desktop/Personal Apps/vult-intel/node_modules/redis-parser/lib/parser.js:179:12)
    at parseType (/Users/adrianfranciscoperezgomez/Desktop/Personal Apps/vult-intel/node_modules/redis-parser/lib/parser.js:302:14) {
  command: { name: 'auth', args: [ 'IVB0VPnPl0urvQrpSKkbXLdEZBUfSHaP' ] }
}
ReplyError: WRONGPASS invalid username-password pair or user is disabled.
    at parseError (/Users/adrianfranciscoperezgomez/Desktop/Personal Apps/vult-intel/node_modules/redis-parser/lib/parser.js:179:12)
    at parseType (/Users/adrianfranciscoperezgomez/Desktop/Personal Apps/vult-intel/node_modules/redis-parser/lib/parser.js:302:14) {
  command: { name: 'auth', args: [ 'IVB0VPnPl0urvQrpSKkbXLdEZBUfSHaP' ] }
}
ReplyError: WRONGPASS invalid username-password pair or user is disabled.
    at parseError (/Users/adrianfranciscoperezgomez/Desktop/Personal Apps/vult-intel/node_modules/redis-parser/lib/parser.js:179:12)
    at parseType (/Users/adrianfranciscoperezgomez/Desktop/Personal Apps/vult-intel/node_modules/redis-parser/lib/parser.js:302:14) {
  command: { name: 'auth', args: [ 'IVB0VPnPl0urvQrpSKkbXLdEZBUfSHaP' ] }
}
ReplyError: WRONGPASS invalid username-password pair or user is disabled.
    at parseError (/Users/adrianfranciscoperezgomez/Desktop/Personal Apps/vult-intel/node_modules/redis-parser/lib/parser.js:179:12)
    at parseType (/Users/adrianfranciscoperezgomez/Desktop/Personal Apps/vult-intel/node_modules/redis-parser/lib/parser.js:302:14) {
  command: { name: 'auth', args: [ 'IVB0VPnPl0urvQrpSKkbXLdEZBUfSHaP' ] }
}
ReplyError: WRONGPASS invalid username-password pair or user is disabled.
    at parseError (/Users/adrianfranciscoperezgomez/Desktop/Personal Apps/vult-intel/node_modules/redis-parser/lib/parser.js:179:12)
    at parseType (/Users/adrianfranciscoperezgomez/Desktop/Personal Apps/vult-intel/node_modules/redis-parser/lib/parser.js:302:14) {
  command: { name: 'auth', args: [ 'IVB0VPnPl0urvQrpSKkbXLdEZBUfSHaP' ] }
}
Connected to Redis for persistence
Redis connection error: ReplyError: WRONGPASS invalid username-password pair or user is disabled.
    at parseError (/Users/adrianfranciscoperezgomez/Desktop/Personal Apps/vult-intel/node_modules/redis-parser/lib/parser.js:179:12)
    at parseType (/Users/adrianfranciscoperezgomez/Desktop/Personal Apps/vult-intel/node_modules/redis-parser/lib/parser.js:302:14) {
  command: { name: 'auth', args: [ 'IVB0VPnPl0urvQrpSKkbXLdEZBUfSHaP' ] }
}
ReplyError: WRONGPASS invalid username-password pair or user is disabled.
    at parseError (/Users/adrianfranciscoperezgomez/Desktop/Personal Apps/vult-intel/node_modules/redis-parser/lib/parser.js:179:12)
    at parseType (/Users/adrianfranciscoperezgomez/Desktop/Personal Apps/vult-intel/node_modules/redis-parser/lib/parser.js:302:14) {
  command: { name: 'auth', args: [ 'IVB0VPnPl0urvQrpSKkbXLdEZBUfSHaP' ] }
}
ReplyError: WRONGPASS invalid username-password pair or user is disabled.
    at parseError (/Users/adrianfranciscoperezgomez/Desktop/Personal Apps/vult-intel/node_modules/redis-parser/lib/parser.js:179:12)
    at parseType (/Users/adrianfranciscoperezgomez/Desktop/Personal Apps/vult-intel/node_modules/redis-parser/lib/parser.js:302:14) {
  command: { name: 'auth', args: [ 'IVB0VPnPl0urvQrpSKkbXLdEZBUfSHaP' ] }
}
ReplyError: WRONGPASS invalid username-password pair or user is disabled.
    at parseError (/Users/adrianfranciscoperezgomez/Desktop/Personal Apps/vult-intel/node_modules/redis-parser/lib/parser.js:179:12)
    at parseType (/Users/adrianfranciscoperezgomez/Desktop/Personal Apps/vult-intel/node_modules/redis-parser/lib/parser.js:302:14) {
  command: { name: 'auth', args: [ 'IVB0VPnPl0urvQrpSKkbXLdEZBUfSHaP' ] }
}
ReplyError: WRONGPASS invalid username-password pair or user is disabled.
    at parseError (/Users/adrianfranciscoperezgomez/Desktop/Personal Apps/vult-intel/node_modules/redis-parser/lib/parser.js:179:12)
    at parseType (/Users/adrianfranciscoperezgomez/Desktop/Personal Apps/vult-intel/node_modules/redis-parser/lib/parser.js:302:14) {
  command: { name: 'auth', args: [ 'IVB0VPnPl0urvQrpSKkbXLdEZBUfSHaP' ] }
}
ReplyError: WRONGPASS invalid username-password pair or user is disabled.
    at parseError (/Users/adrianfranciscoperezgomez/Desktop/Personal Apps/vult-intel/node_modules/redis-parser/lib/parser.js:179:12)
    at parseType (/Users/adrianfranciscoperezgomez/Desktop/Personal Apps/vult-intel/node_modules/redis-parser/lib/parser.js:302:14) {
  command: { name: 'auth', args: [ 'IVB0VPnPl0urvQrpSKkbXLdEZBUfSHaP' ] }
}
ReplyError: WRONGPASS invalid username-password pair or user is disabled.
    at parseError (/Users/adrianfranciscoperezgomez/Desktop/Personal Apps/vult-intel/node_modules/redis-parser/lib/parser.js:179:12)
    at parseType (/Users/adrianfranciscoperezgomez/Desktop/Personal Apps/vult-intel/node_modules/redis-parser/lib/parser.js:302:14) {
  command: { name: 'auth', args: [ 'IVB0VPnPl0urvQrpSKkbXLdEZBUfSHaP' ] }
}
Connected to Redis for persistence
Redis connection error: ReplyError: WRONGPASS invalid username-password pair or user is disabled.
    at parseError (/Users/adrianfranciscoperezgomez/Desktop/Personal Apps/vult-intel/node_modules/redis-parser/lib/parser.js:179:12)
    at parseType (/Users/adrianfranciscoperezgomez/Desktop/Personal Apps/vult-intel/node_modules/redis-parser/lib/parser.js:302:14) {
  command: { name: 'auth', args: [ 'IVB0VPnPl0urvQrpSKkbXLdEZBUfSHaP' ] }
}
ReplyError: WRONGPASS invalid username-password pair or user is disabled.
    at parseError (/Users/adrianfranciscoperezgomez/Desktop/Personal Apps/vult-intel/node_modules/redis-parser/lib/parser.js:179:12)
    at parseType (/Users/adrianfranciscoperezgomez/Desktop/Personal Apps/vult-intel/node_modules/redis-parser/lib/parser.js:302:14) {
  command: { name: 'auth', args: [ 'IVB0VPnPl0urvQrpSKkbXLdEZBUfSHaP' ] }
}
ReplyError: WRONGPASS invalid username-password pair or user is disabled.
    at parseError (/Users/adrianfranciscoperezgomez/Desktop/Personal Apps/vult-intel/node_modules/redis-parser/lib/parser.js:179:12)
    at parseType (/Users/adrianfranciscoperezgomez/Desktop/Personal Apps/vult-intel/node_modules/redis-parser/lib/parser.js:302:14) {
  command: { name: 'auth', args: [ 'IVB0VPnPl0urvQrpSKkbXLdEZBUfSHaP' ] }
}
ReplyError: WRONGPASS invalid username-password pair or user is disabled.
    at parseError (/Users/adrianfranciscoperezgomez/Desktop/Personal Apps/vult-intel/node_modules/redis-parser/lib/parser.js:179:12)
    at parseType (/Users/adrianfranciscoperezgomez/Desktop/Personal Apps/vult-intel/node_modules/redis-parser/lib/parser.js:302:14) {
  command: { name: 'auth', args: [ 'IVB0VPnPl0urvQrpSKkbXLdEZBUfSHaP' ] }
}
ReplyError: WRONGPASS invalid username-password pair or user is disabled.
    at parseError (/Users/adrianfranciscoperezgomez/Desktop/Personal Apps/vult-intel/node_modules/redis-parser/lib/parser.js:179:12)
    at parseType (/Users/adrianfranciscoperezgomez/Desktop/Personal Apps/vult-intel/node_modules/redis-parser/lib/parser.js:302:14) {
  command: { name: 'auth', args: [ 'IVB0VPnPl0urvQrpSKkbXLdEZBUfSHaP' ] }
}
ReplyError: WRONGPASS invalid username-password pair or user is disabled.
    at parseError (/Users/adrianfranciscoperezgomez/Desktop/Personal Apps/vult-intel/node_modules/redis-parser/lib/parser.js:179:12)
    at parseType (/Users/adrianfranciscoperezgomez/Desktop/Personal Apps/vult-intel/node_modules/redis-parser/lib/parser.js:302:14) {
  command: { name: 'auth', args: [ 'IVB0VPnPl0urvQrpSKkbXLdEZBUfSHaP' ] }
}
ReplyError: WRONGPASS invalid username-password pair or user is disabled.
    at parseError (/Users/adrianfranciscoperezgomez/Desktop/Personal Apps/vult-intel/node_modules/redis-parser/lib/parser.js:179:12)
    at parseType (/Users/adrianfranciscoperezgomez/Desktop/Personal Apps/vult-intel/node_modules/redis-parser/lib/parser.js:302:14) {
  command: { name: 'auth', args: [ 'IVB0VPnPl0urvQrpSKkbXLdEZBUfSHaP' ] }
}
Connected to Redis for persistence
Redis connection error: ReplyError: WRONGPASS invalid username-password pair or user is disabled.
    at parseError (/Users/adrianfranciscoperezgomez/Desktop/Personal Apps/vult-intel/node_modules/redis-parser/lib/parser.js:179:12)
    at parseType (/Users/adrianfranciscoperezgomez/Desktop/Personal Apps/vult-intel/node_modules/redis-parser/lib/parser.js:302:14) {
  command: { name: 'auth', args: [ 'IVB0VPnPl0urvQrpSKkbXLdEZBUfSHaP' ] }
}
ReplyError: WRONGPASS invalid username-password pair or user is disabled.
    at parseError (/Users/adrianfranciscoperezgomez/Desktop/Personal Apps/vult-intel/node_modules/redis-parser/lib/parser.js:179:12)
    at parseType (/Users/adrianfranciscoperezgomez/Desktop/Personal Apps/vult-intel/node_modules/redis-parser/lib/parser.js:302:14) {
  command: { name: 'auth', args: [ 'IVB0VPnPl0urvQrpSKkbXLdEZBUfSHaP' ] }
}
ReplyError: WRONGPASS invalid username-password pair or user is disabled.
    at parseError (/Users/adrianfranciscoperezgomez/Desktop/Personal Apps/vult-intel/node_modules/redis-parser/lib/parser.js:179:12)
    at parseType (/Users/adrianfranciscoperezgomez/Desktop/Personal Apps/vult-intel/node_modules/redis-parser/lib/parser.js:302:14) {
  command: { name: 'auth', args: [ 'IVB0VPnPl0urvQrpSKkbXLdEZBUfSHaP' ] }
}
ReplyError: WRONGPASS invalid username-password pair or user is disabled.
    at parseError (/Users/adrianfranciscoperezgomez/Desktop/Personal Apps/vult-intel/node_modules/redis-parser/lib/parser.js:179:12)
    at parseType (/Users/adrianfranciscoperezgomez/Desktop/Personal Apps/vult-intel/node_modules/redis-parser/lib/parser.js:302:14) {
  command: { name: 'auth', args: [ 'IVB0VPnPl0urvQrpSKkbXLdEZBUfSHaP' ] }
}
ReplyError: WRONGPASS invalid username-password pair or user is disabled.
    at parseError (/Users/adrianfranciscoperezgomez/Desktop/Personal Apps/vult-intel/node_modules/redis-parser/lib/parser.js:179:12)
    at parseType (/Users/adrianfranciscoperezgomez/Desktop/Personal Apps/vult-intel/node_modules/redis-parser/lib/parser.js:302:14) {
  command: { name: 'auth', args: [ 'IVB0VPnPl0urvQrpSKkbXLdEZBUfSHaP' ] }
}
ReplyError: WRONGPASS invalid username-password pair or user is disabled.
    at parseError (/Users/adrianfranciscoperezgomez/Desktop/Personal Apps/vult-intel/node_modules/redis-parser/lib/parser.js:179:12)
    at parseType (/Users/adrianfranciscoperezgomez/Desktop/Personal Apps/vult-intel/node_modules/redis-parser/lib/parser.js:302:14) {
  command: { name: 'auth', args: [ 'IVB0VPnPl0urvQrpSKkbXLdEZBUfSHaP' ] }
}
ReplyError: WRONGPASS invalid username-password pair or user is disabled.
    at parseError (/Users/adrianfranciscoperezgomez/Desktop/Personal Apps/vult-intel/node_modules/redis-parser/lib/parser.js:179:12)
    at parseType (/Users/adrianfranciscoperezgomez/Desktop/Personal Apps/vult-intel/node_modules/redis-parser/lib/parser.js:302:14) {
  command: { name: 'auth', args: [ 'IVB0VPnPl0urvQrpSKkbXLdEZBUfSHaP' ] }
}
Connected to Redis for persistence
Redis connection error: ReplyError: WRONGPASS invalid username-password pair or user is disabled.
    at parseError (/Users/adrianfranciscoperezgomez/Desktop/Personal Apps/vult-intel/node_modules/redis-parser/lib/parser.js:179:12)
    at parseType (/Users/adrianfranciscoperezgomez/Desktop/Personal Apps/vult-intel/node_modules/redis-parser/lib/parser.js:302:14) {
  command: { name: 'auth', args: [ 'IVB0VPnPl0urvQrpSKkbXLdEZBUfSHaP' ] }
}
ReplyError: WRONGPASS invalid username-password pair or user is disabled.
    at parseError (/Users/adrianfranciscoperezgomez/Desktop/Personal Apps/vult-intel/node_modules/redis-parser/lib/parser.js:179:12)
    at parseType (/Users/adrianfranciscoperezgomez/Desktop/Personal Apps/vult-intel/node_modules/redis-parser/lib/parser.js:302:14) {
  command: { name: 'auth', args: [ 'IVB0VPnPl0urvQrpSKkbXLdEZBUfSHaP' ] }
}
ReplyError: WRONGPASS invalid username-password pair or user is disabled.
    at parseError (/Users/adrianfranciscoperezgomez/Desktop/Personal Apps/vult-intel/node_modules/redis-parser/lib/parser.js:179:12)
    at parseType (/Users/adrianfranciscoperezgomez/Desktop/Personal Apps/vult-intel/node_modules/redis-parser/lib/parser.js:302:14) {
  command: { name: 'auth', args: [ 'IVB0VPnPl0urvQrpSKkbXLdEZBUfSHaP' ] }
}
ReplyError: WRONGPASS invalid username-password pair or user is disabled.
    at parseError (/Users/adrianfranciscoperezgomez/Desktop/Personal Apps/vult-intel/node_modules/redis-parser/lib/parser.js:179:12)
    at parseType (/Users/adrianfranciscoperezgomez/Desktop/Personal Apps/vult-intel/node_modules/redis-parser/lib/parser.js:302:14) {
  command: { name: 'auth', args: [ 'IVB0VPnPl0urvQrpSKkbXLdEZBUfSHaP' ] }
}
ReplyError: WRONGPASS invalid username-password pair or user is disabled.
    at parseError (/Users/adrianfranciscoperezgomez/Desktop/Personal Apps/vult-intel/node_modules/redis-parser/lib/parser.js:179:12)
    at parseType (/Users/adrianfranciscoperezgomez/Desktop/Personal Apps/vult-intel/node_modules/redis-parser/lib/parser.js:302:14) {
  command: { name: 'auth', args: [ 'IVB0VPnPl0urvQrpSKkbXLdEZBUfSHaP' ] }
}
ReplyError: WRONGPASS invalid username-password pair or user is disabled.
    at parseError (/Users/adrianfranciscoperezgomez/Desktop/Personal Apps/vult-intel/node_modules/redis-parser/lib/parser.js:179:12)
    at parseType (/Users/adrianfranciscoperezgomez/Desktop/Personal Apps/vult-intel/node_modules/redis-parser/lib/parser.js:302:14) {
  command: { name: 'auth', args: [ 'IVB0VPnPl0urvQrpSKkbXLdEZBUfSHaP' ] }
}
Connected to Redis for persistence
ReplyError: WRONGPASS invalid username-password pair or user is disabled.
    at parseError (/Users/adrianfranciscoperezgomez/Desktop/Personal Apps/vult-intel/node_modules/redis-parser/lib/parser.js:179:12)
    at parseType (/Users/adrianfranciscoperezgomez/Desktop/Personal Apps/vult-intel/node_modules/redis-parser/lib/parser.js:302:14) {
  command: { name: 'auth', args: [ 'IVB0VPnPl0urvQrpSKkbXLdEZBUfSHaP' ] }
}
Redis connection error: ReplyError: WRONGPASS invalid username-password pair or user is disabled.
    at parseError (/Users/adrianfranciscoperezgomez/Desktop/Personal Apps/vult-intel/node_modules/redis-parser/lib/parser.js:179:12)
    at parseType (/Users/adrianfranciscoperezgomez/Desktop/Personal Apps/vult-intel/node_modules/redis-parser/lib/parser.js:302:14) {
  command: { name: 'auth', args: [ 'IVB0VPnPl0urvQrpSKkbXLdEZBUfSHaP' ] }
}
ReplyError: WRONGPASS invalid username-password pair or user is disabled.
    at parseError (/Users/adrianfranciscoperezgomez/Desktop/Personal Apps/vult-intel/node_modules/redis-parser/lib/parser.js:179:12)
    at parseType (/Users/adrianfranciscoperezgomez/Desktop/Personal Apps/vult-intel/node_modules/redis-parser/lib/parser.js:302:14) {
  command: { name: 'auth', args: [ 'IVB0VPnPl0urvQrpSKkbXLdEZBUfSHaP' ] }
}
ReplyError: WRONGPASS invalid username-password pair or user is disabled.
    at parseError (/Users/adrianfranciscoperezgomez/Desktop/Personal Apps/vult-intel/node_modules/redis-parser/lib/parser.js:179:12)
    at parseType (/Users/adrianfranciscoperezgomez/Desktop/Personal Apps/vult-intel/node_modules/redis-parser/lib/parser.js:302:14) {
  command: { name: 'auth', args: [ 'IVB0VPnPl0urvQrpSKkbXLdEZBUfSHaP' ] }
}
ReplyError: WRONGPASS invalid username-password pair or user is disabled.
    at parseError (/Users/adrianfranciscoperezgomez/Desktop/Personal Apps/vult-intel/node_modules/redis-parser/lib/parser.js:179:12)
    at parseType (/Users/adrianfranciscoperezgomez/Desktop/Personal Apps/vult-intel/node_modules/redis-parser/lib/parser.js:302:14) {
  command: { name: 'auth', args: [ 'IVB0VPnPl0urvQrpSKkbXLdEZBUfSHaP' ] }
}
ReplyError: WRONGPASS invalid username-password pair or user is disabled.
    at parseError (/Users/adrianfranciscoperezgomez/Desktop/Personal Apps/vult-intel/node_modules/redis-parser/lib/parser.js:179:12)
    at parseType (/Users/adrianfranciscoperezgomez/Desktop/Personal Apps/vult-intel/node_modules/redis-parser/lib/parser.js:302:14) {
  command: { name: 'auth', args: [ 'IVB0VPnPl0urvQrpSKkbXLdEZBUfSHaP' ] }
}
ReplyError: WRONGPASS invalid username-password pair or user is disabled.
    at parseError (/Users/adrianfranciscoperezgomez/Desktop/Personal Apps/vult-intel/node_modules/redis-parser/lib/parser.js:179:12)
    at parseType (/Users/adrianfranciscoperezgomez/Desktop/Personal Apps/vult-intel/node_modules/redis-parser/lib/parser.js:302:14) {
  command: { name: 'auth', args: [ 'IVB0VPnPl0urvQrpSKkbXLdEZBUfSHaP' ] }
}
Connected to Redis for persistence
ReplyError: WRONGPASS invalid username-password pair or user is disabled.
    at parseError (/Users/adrianfranciscoperezgomez/Desktop/Personal Apps/vult-intel/node_modules/redis-parser/lib/parser.js:179:12)
    at parseType (/Users/adrianfranciscoperezgomez/Desktop/Personal Apps/vult-intel/node_modules/redis-parser/lib/parser.js:302:14) {
  command: { name: 'auth', args: [ 'IVB0VPnPl0urvQrpSKkbXLdEZBUfSHaP' ] }
}
Redis connection error: ReplyError: WRONGPASS invalid username-password pair or user is disabled.
    at parseError (/Users/adrianfranciscoperezgomez/Desktop/Personal Apps/vult-intel/node_modules/redis-parser/lib/parser.js:179:12)
    at parseType (/Users/adrianfranciscoperezgomez/Desktop/Personal Apps/vult-intel/node_modules/redis-parser/lib/parser.js:302:14) {
  command: { name: 'auth', args: [ 'IVB0VPnPl0urvQrpSKkbXLdEZBUfSHaP' ] }
}
ReplyError: WRONGPASS invalid username-password pair or user is disabled.
    at parseError (/Users/adrianfranciscoperezgomez/Desktop/Personal Apps/vult-intel/node_modules/redis-parser/lib/parser.js:179:12)
    at parseType (/Users/adrianfranciscoperezgomez/Desktop/Personal Apps/vult-intel/node_modules/redis-parser/lib/parser.js:302:14) {
  command: { name: 'auth', args: [ 'IVB0VPnPl0urvQrpSKkbXLdEZBUfSHaP' ] }
}
ReplyError: WRONGPASS invalid username-password pair or user is disabled.
    at parseError (/Users/adrianfranciscoperezgomez/Desktop/Personal Apps/vult-intel/node_modules/redis-parser/lib/parser.js:179:12)
    at parseType (/Users/adrianfranciscoperezgomez/Desktop/Personal Apps/vult-intel/node_modules/redis-parser/lib/parser.js:302:14) {
  command: { name: 'auth', args: [ 'IVB0VPnPl0urvQrpSKkbXLdEZBUfSHaP' ] }
}
ReplyError: WRONGPASS invalid username-password pair or user is disabled.
    at parseError (/Users/adrianfranciscoperezgomez/Desktop/Personal Apps/vult-intel/node_modules/redis-parser/lib/parser.js:179:12)
    at parseType (/Users/adrianfranciscoperezgomez/Desktop/Personal Apps/vult-intel/node_modules/redis-parser/lib/parser.js:302:14) {
  command: { name: 'auth', args: [ 'IVB0VPnPl0urvQrpSKkbXLdEZBUfSHaP' ] }
}
ReplyError: WRONGPASS invalid username-password pair or user is disabled.
    at parseError (/Users/adrianfranciscoperezgomez/Desktop/Personal Apps/vult-intel/node_modules/redis-parser/lib/parser.js:179:12)
    at parseType (/Users/adrianfranciscoperezgomez/Desktop/Personal Apps/vult-intel/node_modules/redis-parser/lib/parser.js:302:14) {
  command: { name: 'auth', args: [ 'IVB0VPnPl0urvQrpSKkbXLdEZBUfSHaP' ] }
}
ReplyError: WRONGPASS invalid username-password pair or user is disabled.
    at parseError (/Users/adrianfranciscoperezgomez/Desktop/Personal Apps/vult-intel/node_modules/redis-parser/lib/parser.js:179:12)
    at parseType (/Users/adrianfranciscoperezgomez/Desktop/Personal Apps/vult-intel/node_modules/redis-parser/lib/parser.js:302:14) {
  command: { name: 'auth', args: [ 'IVB0VPnPl0urvQrpSKkbXLdEZBUfSHaP' ] }
}
Connected to Redis for persistence
ReplyError: WRONGPASS invalid username-password pair or user is disabled.
    at parseError (/Users/adrianfranciscoperezgomez/Desktop/Personal Apps/vult-intel/node_modules/redis-parser/lib/parser.js:179:12)
    at parseType (/Users/adrianfranciscoperezgomez/Desktop/Personal Apps/vult-intel/node_modules/redis-parser/lib/parser.js:302:14) {
  command: { name: 'auth', args: [ 'IVB0VPnPl0urvQrpSKkbXLdEZBUfSHaP' ] }
}
Redis connection error: ReplyError: WRONGPASS invalid username-password pair or user is disabled.
    at parseError (/Users/adrianfranciscoperezgomez/Desktop/Personal Apps/vult-intel/node_modules/redis-parser/lib/parser.js:179:12)
    at parseType (/Users/adrianfranciscoperezgomez/Desktop/Personal Apps/vult-intel/node_modules/redis-parser/lib/parser.js:302:14) {
  command: { name: 'auth', args: [ 'IVB0VPnPl0urvQrpSKkbXLdEZBUfSHaP' ] }
}
ReplyError: WRONGPASS invalid username-password pair or user is disabled.
    at parseError (/Users/adrianfranciscoperezgomez/Desktop/Personal Apps/vult-intel/node_modules/redis-parser/lib/parser.js:179:12)
    at parseType (/Users/adrianfranciscoperezgomez/Desktop/Personal Apps/vult-intel/node_modules/redis-parser/lib/parser.js:302:14) {
  command: { name: 'auth', args: [ 'IVB0VPnPl0urvQrpSKkbXLdEZBUfSHaP' ] }
}
ReplyError: WRONGPASS invalid username-password pair or user is disabled.
    at parseError (/Users/adrianfranciscoperezgomez/Desktop/Personal Apps/vult-intel/node_modules/redis-parser/lib/parser.js:179:12)
    at parseType (/Users/adrianfranciscoperezgomez/Desktop/Personal Apps/vult-intel/node_modules/redis-parser/lib/parser.js:302:14) {
  command: { name: 'auth', args: [ 'IVB0VPnPl0urvQrpSKkbXLdEZBUfSHaP' ] }
}
ReplyError: WRONGPASS invalid username-password pair or user is disabled.
    at parseError (/Users/adrianfranciscoperezgomez/Desktop/Personal Apps/vult-intel/node_modules/redis-parser/lib/parser.js:179:12)
    at parseType (/Users/adrianfranciscoperezgomez/Desktop/Personal Apps/vult-intel/node_modules/redis-parser/lib/parser.js:302:14) {
  command: { name: 'auth', args: [ 'IVB0VPnPl0urvQrpSKkbXLdEZBUfSHaP' ] }
}
ReplyError: WRONGPASS invalid username-password pair or user is disabled.
    at parseError (/Users/adrianfranciscoperezgomez/Desktop/Personal Apps/vult-intel/node_modules/redis-parser/lib/parser.js:179:12)
    at parseType (/Users/adrianfranciscoperezgomez/Desktop/Personal Apps/vult-intel/node_modules/redis-parser/lib/parser.js:302:14) {
  command: { name: 'auth', args: [ 'IVB0VPnPl0urvQrpSKkbXLdEZBUfSHaP' ] }
}
ReplyError: WRONGPASS invalid username-password pair or user is disabled.
    at parseError (/Users/adrianfranciscoperezgomez/Desktop/Personal Apps/vult-intel/node_modules/redis-parser/lib/parser.js:179:12)
    at parseType (/Users/adrianfranciscoperezgomez/Desktop/Personal Apps/vult-intel/node_modules/redis-parser/lib/parser.js:302:14) {
  command: { name: 'auth', args: [ 'IVB0VPnPl0urvQrpSKkbXLdEZBUfSHaP' ] }
}
Connected to Redis for persistence
ReplyError: WRONGPASS invalid username-password pair or user is disabled.
    at parseError (/Users/adrianfranciscoperezgomez/Desktop/Personal Apps/vult-intel/node_modules/redis-parser/lib/parser.js:179:12)
    at parseType (/Users/adrianfranciscoperezgomez/Desktop/Personal Apps/vult-intel/node_modules/redis-parser/lib/parser.js:302:14) {
  command: { name: 'auth', args: [ 'IVB0VPnPl0urvQrpSKkbXLdEZBUfSHaP' ] }
}
Redis connection error: ReplyError: WRONGPASS invalid username-password pair or user is disabled.
    at parseError (/Users/adrianfranciscoperezgomez/Desktop/Personal Apps/vult-intel/node_modules/redis-parser/lib/parser.js:179:12)
    at parseType (/Users/adrianfranciscoperezgomez/Desktop/Personal Apps/vult-intel/node_modules/redis-parser/lib/parser.js:302:14) {
  command: { name: 'auth', args: [ 'IVB0VPnPl0urvQrpSKkbXLdEZBUfSHaP' ] }
}
ReplyError: WRONGPASS invalid username-password pair or user is disabled.
    at parseError (/Users/adrianfranciscoperezgomez/Desktop/Personal Apps/vult-intel/node_modules/redis-parser/lib/parser.js:179:12)
    at parseType (/Users/adrianfranciscoperezgomez/Desktop/Personal Apps/vult-intel/node_modules/redis-parser/lib/parser.js:302:14) {
  command: { name: 'auth', args: [ 'IVB0VPnPl0urvQrpSKkbXLdEZBUfSHaP' ] }
}
ReplyError: WRONGPASS invalid username-password pair or user is disabled.
    at parseError (/Users/adrianfranciscoperezgomez/Desktop/Personal Apps/vult-intel/node_modules/redis-parser/lib/parser.js:179:12)
    at parseType (/Users/adrianfranciscoperezgomez/Desktop/Personal Apps/vult-intel/node_modules/redis-parser/lib/parser.js:302:14) {
  command: { name: 'auth', args: [ 'IVB0VPnPl0urvQrpSKkbXLdEZBUfSHaP' ] }
}
ReplyError: WRONGPASS invalid username-password pair or user is disabled.
    at parseError (/Users/adrianfranciscoperezgomez/Desktop/Personal Apps/vult-intel/node_modules/redis-parser/lib/parser.js:179:12)
    at parseType (/Users/adrianfranciscoperezgomez/Desktop/Personal Apps/vult-intel/node_modules/redis-parser/lib/parser.js:302:14) {
  command: { name: 'auth', args: [ 'IVB0VPnPl0urvQrpSKkbXLdEZBUfSHaP' ] }
}
ReplyError: WRONGPASS invalid username-password pair or user is disabled.
    at parseError (/Users/adrianfranciscoperezgomez/Desktop/Personal Apps/vult-intel/node_modules/redis-parser/lib/parser.js:179:12)
    at parseType (/Users/adrianfranciscoperezgomez/Desktop/Personal Apps/vult-intel/node_modules/redis-parser/lib/parser.js:302:14) {
  command: { name: 'auth', args: [ 'IVB0VPnPl0urvQrpSKkbXLdEZBUfSHaP' ] }
}
ReplyError: WRONGPASS invalid username-password pair or user is disabled.
    at parseError (/Users/adrianfranciscoperezgomez/Desktop/Personal Apps/vult-intel/node_modules/redis-parser/lib/parser.js:179:12)
    at parseType (/Users/adrianfranciscoperezgomez/Desktop/Personal Apps/vult-intel/node_modules/redis-parser/lib/parser.js:302:14) {
  command: { name: 'auth', args: [ 'IVB0VPnPl0urvQrpSKkbXLdEZBUfSHaP' ] }
}
ReplyError: WRONGPASS invalid username-password pair or user is disabled.
    at parseError (/Users/adrianfranciscoperezgomez/Desktop/Personal Apps/vult-intel/node_modules/redis-parser/lib/parser.js:179:12)
    at parseType (/Users/adrianfranciscoperezgomez/Desktop/Personal Apps/vult-intel/node_modules/redis-parser/lib/parser.js:302:14) {
  command: { name: 'auth', args: [ 'IVB0VPnPl0urvQrpSKkbXLdEZBUfSHaP' ] }
}
Connected to Redis for persistence
Redis connection error: ReplyError: WRONGPASS invalid username-password pair or user is disabled.
    at parseError (/Users/adrianfranciscoperezgomez/Desktop/Personal Apps/vult-intel/node_modules/redis-parser/lib/parser.js:179:12)
    at parseType (/Users/adrianfranciscoperezgomez/Desktop/Personal Apps/vult-intel/node_modules/redis-parser/lib/parser.js:302:14) {
  command: { name: 'auth', args: [ 'IVB0VPnPl0urvQrpSKkbXLdEZBUfSHaP' ] }
}
ReplyError: WRONGPASS invalid username-password pair or user is disabled.
    at parseError (/Users/adrianfranciscoperezgomez/Desktop/Personal Apps/vult-intel/node_modules/redis-parser/lib/parser.js:179:12)
    at parseType (/Users/adrianfranciscoperezgomez/Desktop/Personal Apps/vult-intel/node_modules/redis-parser/lib/parser.js:302:14) {
  command: { name: 'auth', args: [ 'IVB0VPnPl0urvQrpSKkbXLdEZBUfSHaP' ] }
}
ReplyError: WRONGPASS invalid username-password pair or user is disabled.
    at parseError (/Users/adrianfranciscoperezgomez/Desktop/Personal Apps/vult-intel/node_modules/redis-parser/lib/parser.js:179:12)
    at parseType (/Users/adrianfranciscoperezgomez/Desktop/Personal Apps/vult-intel/node_modules/redis-parser/lib/parser.js:302:14) {
  command: { name: 'auth', args: [ 'IVB0VPnPl0urvQrpSKkbXLdEZBUfSHaP' ] }
}
ReplyError: WRONGPASS invalid username-password pair or user is disabled.
    at parseError (/Users/adrianfranciscoperezgomez/Desktop/Personal Apps/vult-intel/node_modules/redis-parser/lib/parser.js:179:12)
    at parseType (/Users/adrianfranciscoperezgomez/Desktop/Personal Apps/vult-intel/node_modules/redis-parser/lib/parser.js:302:14) {
  command: { name: 'auth', args: [ 'IVB0VPnPl0urvQrpSKkbXLdEZBUfSHaP' ] }
}
ReplyError: WRONGPASS invalid username-password pair or user is disabled.
    at parseError (/Users/adrianfranciscoperezgomez/Desktop/Personal Apps/vult-intel/node_modules/redis-parser/lib/parser.js:179:12)
    at parseType (/Users/adrianfranciscoperezgomez/Desktop/Personal Apps/vult-intel/node_modules/redis-parser/lib/parser.js:302:14) {
  command: { name: 'auth', args: [ 'IVB0VPnPl0urvQrpSKkbXLdEZBUfSHaP' ] }
}
ReplyError: WRONGPASS invalid username-password pair or user is disabled.
    at parseError (/Users/adrianfranciscoperezgomez/Desktop/Personal Apps/vult-intel/node_modules/redis-parser/lib/parser.js:179:12)
    at parseType (/Users/adrianfranciscoperezgomez/Desktop/Personal Apps/vult-intel/node_modules/redis-parser/lib/parser.js:302:14) {
  command: { name: 'auth', args: [ 'IVB0VPnPl0urvQrpSKkbXLdEZBUfSHaP' ] }
}
Connected to Redis for persistence
ReplyError: WRONGPASS invalid username-password pair or user is disabled.
    at parseError (/Users/adrianfranciscoperezgomez/Desktop/Personal Apps/vult-intel/node_modules/redis-parser/lib/parser.js:179:12)
    at parseType (/Users/adrianfranciscoperezgomez/Desktop/Personal Apps/vult-intel/node_modules/redis-parser/lib/parser.js:302:14) {
  command: { name: 'auth', args: [ 'IVB0VPnPl0urvQrpSKkbXLdEZBUfSHaP' ] }
}
Redis connection error: ReplyError: WRONGPASS invalid username-password pair or user is disabled.
    at parseError (/Users/adrianfranciscoperezgomez/Desktop/Personal Apps/vult-intel/node_modules/redis-parser/lib/parser.js:179:12)
    at parseType (/Users/adrianfranciscoperezgomez/Desktop/Personal Apps/vult-intel/node_modules/redis-parser/lib/parser.js:302:14) {
  command: { name: 'auth', args: [ 'IVB0VPnPl0urvQrpSKkbXLdEZBUfSHaP' ] }
}
ReplyError: WRONGPASS invalid username-password pair or user is disabled.
    at parseError (/Users/adrianfranciscoperezgomez/Desktop/Personal Apps/vult-intel/node_modules/redis-parser/lib/parser.js:179:12)
    at parseType (/Users/adrianfranciscoperezgomez/Desktop/Personal Apps/vult-intel/node_modules/redis-parser/lib/parser.js:302:14) {
  command: { name: 'auth', args: [ 'IVB0VPnPl0urvQrpSKkbXLdEZBUfSHaP' ] }
}
ReplyError: WRONGPASS invalid username-password pair or user is disabled.
    at parseError (/Users/adrianfranciscoperezgomez/Desktop/Personal Apps/vult-intel/node_modules/redis-parser/lib/parser.js:179:12)
    at parseType (/Users/adrianfranciscoperezgomez/Desktop/Personal Apps/vult-intel/node_modules/redis-parser/lib/parser.js:302:14) {
  command: { name: 'auth', args: [ 'IVB0VPnPl0urvQrpSKkbXLdEZBUfSHaP' ] }
}
ReplyError: WRONGPASS invalid username-password pair or user is disabled.
    at parseError (/Users/adrianfranciscoperezgomez/Desktop/Personal Apps/vult-intel/node_modules/redis-parser/lib/parser.js:179:12)
    at parseType (/Users/adrianfranciscoperezgomez/Desktop/Personal Apps/vult-intel/node_modules/redis-parser/lib/parser.js:302:14) {
  command: { name: 'auth', args: [ 'IVB0VPnPl0urvQrpSKkbXLdEZBUfSHaP' ] }
}
ReplyError: WRONGPASS invalid username-password pair or user is disabled.
    at parseError (/Users/adrianfranciscoperezgomez/Desktop/Personal Apps/vult-intel/node_modules/redis-parser/lib/parser.js:179:12)
    at parseType (/Users/adrianfranciscoperezgomez/Desktop/Personal Apps/vult-intel/node_modules/redis-parser/lib/parser.js:302:14) {
  command: { name: 'auth', args: [ 'IVB0VPnPl0urvQrpSKkbXLdEZBUfSHaP' ] }
}
ReplyError: WRONGPASS invalid username-password pair or user is disabled.
    at parseError (/Users/adrianfranciscoperezgomez/Desktop/Personal Apps/vult-intel/node_modules/redis-parser/lib/parser.js:179:12)
    at parseType (/Users/adrianfranciscoperezgomez/Desktop/Personal Apps/vult-intel/node_modules/redis-parser/lib/parser.js:302:14) {
  command: { name: 'auth', args: [ 'IVB0VPnPl0urvQrpSKkbXLdEZBUfSHaP' ] }
}
Connected to Redis for persistence
ReplyError: WRONGPASS invalid username-password pair or user is disabled.
    at parseError (/Users/adrianfranciscoperezgomez/Desktop/Personal Apps/vult-intel/node_modules/redis-parser/lib/parser.js:179:12)
    at parseType (/Users/adrianfranciscoperezgomez/Desktop/Personal Apps/vult-intel/node_modules/redis-parser/lib/parser.js:302:14) {
  command: { name: 'auth', args: [ 'IVB0VPnPl0urvQrpSKkbXLdEZBUfSHaP' ] }
}
Redis connection error: ReplyError: WRONGPASS invalid username-password pair or user is disabled.
    at parseError (/Users/adrianfranciscoperezgomez/Desktop/Personal Apps/vult-intel/node_modules/redis-parser/lib/parser.js:179:12)
    at parseType (/Users/adrianfranciscoperezgomez/Desktop/Personal Apps/vult-intel/node_modules/redis-parser/lib/parser.js:302:14) {
  command: { name: 'auth', args: [ 'IVB0VPnPl0urvQrpSKkbXLdEZBUfSHaP' ] }
}
ReplyError: WRONGPASS invalid username-password pair or user is disabled.
    at parseError (/Users/adrianfranciscoperezgomez/Desktop/Personal Apps/vult-intel/node_modules/redis-parser/lib/parser.js:179:12)
    at parseType (/Users/adrianfranciscoperezgomez/Desktop/Personal Apps/vult-intel/node_modules/redis-parser/lib/parser.js:302:14) {
  command: { name: 'auth', args: [ 'IVB0VPnPl0urvQrpSKkbXLdEZBUfSHaP' ] }
}
ReplyError: WRONGPASS invalid username-password pair or user is disabled.
    at parseError (/Users/adrianfranciscoperezgomez/Desktop/Personal Apps/vult-intel/node_modules/redis-parser/lib/parser.js:179:12)
    at parseType (/Users/adrianfranciscoperezgomez/Desktop/Personal Apps/vult-intel/node_modules/redis-parser/lib/parser.js:302:14) {
  command: { name: 'auth', args: [ 'IVB0VPnPl0urvQrpSKkbXLdEZBUfSHaP' ] }
}
ReplyError: WRONGPASS invalid username-password pair or user is disabled.
    at parseError (/Users/adrianfranciscoperezgomez/Desktop/Personal Apps/vult-intel/node_modules/redis-parser/lib/parser.js:179:12)
    at parseType (/Users/adrianfranciscoperezgomez/Desktop/Personal Apps/vult-intel/node_modules/redis-parser/lib/parser.js:302:14) {
  command: { name: 'auth', args: [ 'IVB0VPnPl0urvQrpSKkbXLdEZBUfSHaP' ] }
}
ReplyError: WRONGPASS invalid username-password pair or user is disabled.
    at parseError (/Users/adrianfranciscoperezgomez/Desktop/Personal Apps/vult-intel/node_modules/redis-parser/lib/parser.js:179:12)
    at parseType (/Users/adrianfranciscoperezgomez/Desktop/Personal Apps/vult-intel/node_modules/redis-parser/lib/parser.js:302:14) {
  command: { name: 'auth', args: [ 'IVB0VPnPl0urvQrpSKkbXLdEZBUfSHaP' ] }
}
ReplyError: WRONGPASS invalid username-password pair or user is disabled.
    at parseError (/Users/adrianfranciscoperezgomez/Desktop/Personal Apps/vult-intel/node_modules/redis-parser/lib/parser.js:179:12)
    at parseType (/Users/adrianfranciscoperezgomez/Desktop/Personal Apps/vult-intel/node_modules/redis-parser/lib/parser.js:302:14) {
  command: { name: 'auth', args: [ 'IVB0VPnPl0urvQrpSKkbXLdEZBUfSHaP' ] }
}
Connected to Redis for persistence
ReplyError: WRONGPASS invalid username-password pair or user is disabled.
    at parseError (/Users/adrianfranciscoperezgomez/Desktop/Personal Apps/vult-intel/node_modules/redis-parser/lib/parser.js:179:12)
    at parseType (/Users/adrianfranciscoperezgomez/Desktop/Personal Apps/vult-intel/node_modules/redis-parser/lib/parser.js:302:14) {
  command: { name: 'auth', args: [ 'IVB0VPnPl0urvQrpSKkbXLdEZBUfSHaP' ] }
}
Redis connection error: ReplyError: WRONGPASS invalid username-password pair or user is disabled.
    at parseError (/Users/adrianfranciscoperezgomez/Desktop/Personal Apps/vult-intel/node_modules/redis-parser/lib/parser.js:179:12)
    at parseType (/Users/adrianfranciscoperezgomez/Desktop/Personal Apps/vult-intel/node_modules/redis-parser/lib/parser.js:302:14) {
  command: { name: 'auth', args: [ 'IVB0VPnPl0urvQrpSKkbXLdEZBUfSHaP' ] }
}
ReplyError: WRONGPASS invalid username-password pair or user is disabled.
    at parseError (/Users/adrianfranciscoperezgomez/Desktop/Personal Apps/vult-intel/node_modules/redis-parser/lib/parser.js:179:12)
    at parseType (/Users/adrianfranciscoperezgomez/Desktop/Personal Apps/vult-intel/node_modules/redis-parser/lib/parser.js:302:14) {
  command: { name: 'auth', args: [ 'IVB0VPnPl0urvQrpSKkbXLdEZBUfSHaP' ] }
}
ReplyError: WRONGPASS invalid username-password pair or user is disabled.
    at parseError (/Users/adrianfranciscoperezgomez/Desktop/Personal Apps/vult-intel/node_modules/redis-parser/lib/parser.js:179:12)
    at parseType (/Users/adrianfranciscoperezgomez/Desktop/Personal Apps/vult-intel/node_modules/redis-parser/lib/parser.js:302:14) {
  command: { name: 'auth', args: [ 'IVB0VPnPl0urvQrpSKkbXLdEZBUfSHaP' ] }
}
ReplyError: WRONGPASS invalid username-password pair or user is disabled.
    at parseError (/Users/adrianfranciscoperezgomez/Desktop/Personal Apps/vult-intel/node_modules/redis-parser/lib/parser.js:179:12)
    at parseType (/Users/adrianfranciscoperezgomez/Desktop/Personal Apps/vult-intel/node_modules/redis-parser/lib/parser.js:302:14) {
  command: { name: 'auth', args: [ 'IVB0VPnPl0urvQrpSKkbXLdEZBUfSHaP' ] }
}
ReplyError: WRONGPASS invalid username-password pair or user is disabled.
    at parseError (/Users/adrianfranciscoperezgomez/Desktop/Personal Apps/vult-intel/node_modules/redis-parser/lib/parser.js:179:12)
    at parseType (/Users/adrianfranciscoperezgomez/Desktop/Personal Apps/vult-intel/node_modules/redis-parser/lib/parser.js:302:14) {
  command: { name: 'auth', args: [ 'IVB0VPnPl0urvQrpSKkbXLdEZBUfSHaP' ] }
}
ReplyError: WRONGPASS invalid username-password pair or user is disabled.
    at parseError (/Users/adrianfranciscoperezgomez/Desktop/Personal Apps/vult-intel/node_modules/redis-parser/lib/parser.js:179:12)
    at parseType (/Users/adrianfranciscoperezgomez/Desktop/Personal Apps/vult-intel/node_modules/redis-parser/lib/parser.js:302:14) {
  command: { name: 'auth', args: [ 'IVB0VPnPl0urvQrpSKkbXLdEZBUfSHaP' ] }
}
Connected to Redis for persistence
ReplyError: WRONGPASS invalid username-password pair or user is disabled.
    at parseError (/Users/adrianfranciscoperezgomez/Desktop/Personal Apps/vult-intel/node_modules/redis-parser/lib/parser.js:179:12)
    at parseType (/Users/adrianfranciscoperezgomez/Desktop/Personal Apps/vult-intel/node_modules/redis-parser/lib/parser.js:302:14) {
  command: { name: 'auth', args: [ 'IVB0VPnPl0urvQrpSKkbXLdEZBUfSHaP' ] }
}
Redis connection error: ReplyError: WRONGPASS invalid username-password pair or user is disabled.
    at parseError (/Users/adrianfranciscoperezgomez/Desktop/Personal Apps/vult-intel/node_modules/redis-parser/lib/parser.js:179:12)
    at parseType (/Users/adrianfranciscoperezgomez/Desktop/Personal Apps/vult-intel/node_modules/redis-parser/lib/parser.js:302:14) {
  command: { name: 'auth', args: [ 'IVB0VPnPl0urvQrpSKkbXLdEZBUfSHaP' ] }
}
ReplyError: WRONGPASS invalid username-password pair or user is disabled.
    at parseError (/Users/adrianfranciscoperezgomez/Desktop/Personal Apps/vult-intel/node_modules/redis-parser/lib/parser.js:179:12)
    at parseType (/Users/adrianfranciscoperezgomez/Desktop/Personal Apps/vult-intel/node_modules/redis-parser/lib/parser.js:302:14) {
  command: { name: 'auth', args: [ 'IVB0VPnPl0urvQrpSKkbXLdEZBUfSHaP' ] }
}
ReplyError: WRONGPASS invalid username-password pair or user is disabled.
    at parseError (/Users/adrianfranciscoperezgomez/Desktop/Personal Apps/vult-intel/node_modules/redis-parser/lib/parser.js:179:12)
    at parseType (/Users/adrianfranciscoperezgomez/Desktop/Personal Apps/vult-intel/node_modules/redis-parser/lib/parser.js:302:14) {
  command: { name: 'auth', args: [ 'IVB0VPnPl0urvQrpSKkbXLdEZBUfSHaP' ] }
}
ReplyError: WRONGPASS invalid username-password pair or user is disabled.
    at parseError (/Users/adrianfranciscoperezgomez/Desktop/Personal Apps/vult-intel/node_modules/redis-parser/lib/parser.js:179:12)
    at parseType (/Users/adrianfranciscoperezgomez/Desktop/Personal Apps/vult-intel/node_modules/redis-parser/lib/parser.js:302:14) {
  command: { name: 'auth', args: [ 'IVB0VPnPl0urvQrpSKkbXLdEZBUfSHaP' ] }
}
ReplyError: WRONGPASS invalid username-password pair or user is disabled.
    at parseError (/Users/adrianfranciscoperezgomez/Desktop/Personal Apps/vult-intel/node_modules/redis-parser/lib/parser.js:179:12)
    at parseType (/Users/adrianfranciscoperezgomez/Desktop/Personal Apps/vult-intel/node_modules/redis-parser/lib/parser.js:302:14) {
  command: { name: 'auth', args: [ 'IVB0VPnPl0urvQrpSKkbXLdEZBUfSHaP' ] }
}
ReplyError: WRONGPASS invalid username-password pair or user is disabled.
    at parseError (/Users/adrianfranciscoperezgomez/Desktop/Personal Apps/vult-intel/node_modules/redis-parser/lib/parser.js:179:12)
    at parseType (/Users/adrianfranciscoperezgomez/Desktop/Personal Apps/vult-intel/node_modules/redis-parser/lib/parser.js:302:14) {
  command: { name: 'auth', args: [ 'IVB0VPnPl0urvQrpSKkbXLdEZBUfSHaP' ] }
}
Connected to Redis for persistence
ReplyError: WRONGPASS invalid username-password pair or user is disabled.
    at parseError (/Users/adrianfranciscoperezgomez/Desktop/Personal Apps/vult-intel/node_modules/redis-parser/lib/parser.js:179:12)
    at parseType (/Users/adrianfranciscoperezgomez/Desktop/Personal Apps/vult-intel/node_modules/redis-parser/lib/parser.js:302:14) {
  command: { name: 'auth', args: [ 'IVB0VPnPl0urvQrpSKkbXLdEZBUfSHaP' ] }
}
Redis connection error: ReplyError: WRONGPASS invalid username-password pair or user is disabled.
    at parseError (/Users/adrianfranciscoperezgomez/Desktop/Personal Apps/vult-intel/node_modules/redis-parser/lib/parser.js:179:12)
    at parseType (/Users/adrianfranciscoperezgomez/Desktop/Personal Apps/vult-intel/node_modules/redis-parser/lib/parser.js:302:14) {
  command: { name: 'auth', args: [ 'IVB0VPnPl0urvQrpSKkbXLdEZBUfSHaP' ] }
}
ReplyError: WRONGPASS invalid username-password pair or user is disabled.
    at parseError (/Users/adrianfranciscoperezgomez/Desktop/Personal Apps/vult-intel/node_modules/redis-parser/lib/parser.js:179:12)
    at parseType (/Users/adrianfranciscoperezgomez/Desktop/Personal Apps/vult-intel/node_modules/redis-parser/lib/parser.js:302:14) {
  command: { name: 'auth', args: [ 'IVB0VPnPl0urvQrpSKkbXLdEZBUfSHaP' ] }
}
ReplyError: WRONGPASS invalid username-password pair or user is disabled.
    at parseError (/Users/adrianfranciscoperezgomez/Desktop/Personal Apps/vult-intel/node_modules/redis-parser/lib/parser.js:179:12)
    at parseType (/Users/adrianfranciscoperezgomez/Desktop/Personal Apps/vult-intel/node_modules/redis-parser/lib/parser.js:302:14) {
  command: { name: 'auth', args: [ 'IVB0VPnPl0urvQrpSKkbXLdEZBUfSHaP' ] }
}
ReplyError: WRONGPASS invalid username-password pair or user is disabled.
    at parseError (/Users/adrianfranciscoperezgomez/Desktop/Personal Apps/vult-intel/node_modules/redis-parser/lib/parser.js:179:12)
    at parseType (/Users/adrianfranciscoperezgomez/Desktop/Personal Apps/vult-intel/node_modules/redis-parser/lib/parser.js:302:14) {
  command: { name: 'auth', args: [ 'IVB0VPnPl0urvQrpSKkbXLdEZBUfSHaP' ] }
}
ReplyError: WRONGPASS invalid username-password pair or user is disabled.
    at parseError (/Users/adrianfranciscoperezgomez/Desktop/Personal Apps/vult-intel/node_modules/redis-parser/lib/parser.js:179:12)
    at parseType (/Users/adrianfranciscoperezgomez/Desktop/Personal Apps/vult-intel/node_modules/redis-parser/lib/parser.js:302:14) {
  command: { name: 'auth', args: [ 'IVB0VPnPl0urvQrpSKkbXLdEZBUfSHaP' ] }
}
ReplyError: WRONGPASS invalid username-password pair or user is disabled.
    at parseError (/Users/adrianfranciscoperezgomez/Desktop/Personal Apps/vult-intel/node_modules/redis-parser/lib/parser.js:179:12)
    at parseType (/Users/adrianfranciscoperezgomez/Desktop/Personal Apps/vult-intel/node_modules/redis-parser/lib/parser.js:302:14) {
  command: { name: 'auth', args: [ 'IVB0VPnPl0urvQrpSKkbXLdEZBUfSHaP' ] }
}
Connected to Redis for persistence
ReplyError: WRONGPASS invalid username-password pair or user is disabled.
    at parseError (/Users/adrianfranciscoperezgomez/Desktop/Personal Apps/vult-intel/node_modules/redis-parser/lib/parser.js:179:12)
    at parseType (/Users/adrianfranciscoperezgomez/Desktop/Personal Apps/vult-intel/node_modules/redis-parser/lib/parser.js:302:14) {
  command: { name: 'auth', args: [ 'IVB0VPnPl0urvQrpSKkbXLdEZBUfSHaP' ] }
}
Redis connection error: ReplyError: WRONGPASS invalid username-password pair or user is disabled.
    at parseError (/Users/adrianfranciscoperezgomez/Desktop/Personal Apps/vult-intel/node_modules/redis-parser/lib/parser.js:179:12)
    at parseType (/Users/adrianfranciscoperezgomez/Desktop/Personal Apps/vult-intel/node_modules/redis-parser/lib/parser.js:302:14) {
  command: { name: 'auth', args: [ 'IVB0VPnPl0urvQrpSKkbXLdEZBUfSHaP' ] }
}
ReplyError: WRONGPASS invalid username-password pair or user is disabled.
    at parseError (/Users/adrianfranciscoperezgomez/Desktop/Personal Apps/vult-intel/node_modules/redis-parser/lib/parser.js:179:12)
    at parseType (/Users/adrianfranciscoperezgomez/Desktop/Personal Apps/vult-intel/node_modules/redis-parser/lib/parser.js:302:14) {
  command: { name: 'auth', args: [ 'IVB0VPnPl0urvQrpSKkbXLdEZBUfSHaP' ] }
}
ReplyError: WRONGPASS invalid username-password pair or user is disabled.
    at parseError (/Users/adrianfranciscoperezgomez/Desktop/Personal Apps/vult-intel/node_modules/redis-parser/lib/parser.js:179:12)
    at parseType (/Users/adrianfranciscoperezgomez/Desktop/Personal Apps/vult-intel/node_modules/redis-parser/lib/parser.js:302:14) {
  command: { name: 'auth', args: [ 'IVB0VPnPl0urvQrpSKkbXLdEZBUfSHaP' ] }
}
ReplyError: WRONGPASS invalid username-password pair or user is disabled.
    at parseError (/Users/adrianfranciscoperezgomez/Desktop/Personal Apps/vult-intel/node_modules/redis-parser/lib/parser.js:179:12)
    at parseType (/Users/adrianfranciscoperezgomez/Desktop/Personal Apps/vult-intel/node_modules/redis-parser/lib/parser.js:302:14) {
  command: { name: 'auth', args: [ 'IVB0VPnPl0urvQrpSKkbXLdEZBUfSHaP' ] }
}
ReplyError: WRONGPASS invalid username-password pair or user is disabled.
    at parseError (/Users/adrianfranciscoperezgomez/Desktop/Personal Apps/vult-intel/node_modules/redis-parser/lib/parser.js:179:12)
    at parseType (/Users/adrianfranciscoperezgomez/Desktop/Personal Apps/vult-intel/node_modules/redis-parser/lib/parser.js:302:14) {
  command: { name: 'auth', args: [ 'IVB0VPnPl0urvQrpSKkbXLdEZBUfSHaP' ] }
}
ReplyError: WRONGPASS invalid username-password pair or user is disabled.
    at parseError (/Users/adrianfranciscoperezgomez/Desktop/Personal Apps/vult-intel/node_modules/redis-parser/lib/parser.js:179:12)
    at parseType (/Users/adrianfranciscoperezgomez/Desktop/Personal Apps/vult-intel/node_modules/redis-parser/lib/parser.js:302:14) {
  command: { name: 'auth', args: [ 'IVB0VPnPl0urvQrpSKkbXLdEZBUfSHaP' ] }
}
Connected to Redis for persistence
ReplyError: WRONGPASS invalid username-password pair or user is disabled.
    at parseError (/Users/adrianfranciscoperezgomez/Desktop/Personal Apps/vult-intel/node_modules/redis-parser/lib/parser.js:179:12)
    at parseType (/Users/adrianfranciscoperezgomez/Desktop/Personal Apps/vult-intel/node_modules/redis-parser/lib/parser.js:302:14) {
  command: { name: 'auth', args: [ 'IVB0VPnPl0urvQrpSKkbXLdEZBUfSHaP' ] }
}
Redis connection error: ReplyError: WRONGPASS invalid username-password pair or user is disabled.
    at parseError (/Users/adrianfranciscoperezgomez/Desktop/Personal Apps/vult-intel/node_modules/redis-parser/lib/parser.js:179:12)
    at parseType (/Users/adrianfranciscoperezgomez/Desktop/Personal Apps/vult-intel/node_modules/redis-parser/lib/parser.js:302:14) {
  command: { name: 'auth', args: [ 'IVB0VPnPl0urvQrpSKkbXLdEZBUfSHaP' ] }
}
ReplyError: WRONGPASS invalid username-password pair or user is disabled.
    at parseError (/Users/adrianfranciscoperezgomez/Desktop/Personal Apps/vult-intel/node_modules/redis-parser/lib/parser.js:179:12)
    at parseType (/Users/adrianfranciscoperezgomez/Desktop/Personal Apps/vult-intel/node_modules/redis-parser/lib/parser.js:302:14) {
  command: { name: 'auth', args: [ 'IVB0VPnPl0urvQrpSKkbXLdEZBUfSHaP' ] }
}
ReplyError: WRONGPASS invalid username-password pair or user is disabled.
    at parseError (/Users/adrianfranciscoperezgomez/Desktop/Personal Apps/vult-intel/node_modules/redis-parser/lib/parser.js:179:12)
    at parseType (/Users/adrianfranciscoperezgomez/Desktop/Personal Apps/vult-intel/node_modules/redis-parser/lib/parser.js:302:14) {
  command: { name: 'auth', args: [ 'IVB0VPnPl0urvQrpSKkbXLdEZBUfSHaP' ] }
}
ReplyError: WRONGPASS invalid username-password pair or user is disabled.
    at parseError (/Users/adrianfranciscoperezgomez/Desktop/Personal Apps/vult-intel/node_modules/redis-parser/lib/parser.js:179:12)
    at parseType (/Users/adrianfranciscoperezgomez/Desktop/Personal Apps/vult-intel/node_modules/redis-parser/lib/parser.js:302:14) {
  command: { name: 'auth', args: [ 'IVB0VPnPl0urvQrpSKkbXLdEZBUfSHaP' ] }
}
ReplyError: WRONGPASS invalid username-password pair or user is disabled.
    at parseError (/Users/adrianfranciscoperezgomez/Desktop/Personal Apps/vult-intel/node_modules/redis-parser/lib/parser.js:179:12)
    at parseType (/Users/adrianfranciscoperezgomez/Desktop/Personal Apps/vult-intel/node_modules/redis-parser/lib/parser.js:302:14) {
  command: { name: 'auth', args: [ 'IVB0VPnPl0urvQrpSKkbXLdEZBUfSHaP' ] }
}
ReplyError: WRONGPASS invalid username-password pair or user is disabled.
    at parseError (/Users/adrianfranciscoperezgomez/Desktop/Personal Apps/vult-intel/node_modules/redis-parser/lib/parser.js:179:12)
    at parseType (/Users/adrianfranciscoperezgomez/Desktop/Personal Apps/vult-intel/node_modules/redis-parser/lib/parser.js:302:14) {
  command: { name: 'auth', args: [ 'IVB0VPnPl0urvQrpSKkbXLdEZBUfSHaP' ] }
}
Connected to Redis for persistence
ReplyError: WRONGPASS invalid username-password pair or user is disabled.
    at parseError (/Users/adrianfranciscoperezgomez/Desktop/Personal Apps/vult-intel/node_modules/redis-parser/lib/parser.js:179:12)
    at parseType (/Users/adrianfranciscoperezgomez/Desktop/Personal Apps/vult-intel/node_modules/redis-parser/lib/parser.js:302:14) {
  command: { name: 'auth', args: [ 'IVB0VPnPl0urvQrpSKkbXLdEZBUfSHaP' ] }
}
Redis connection error: ReplyError: WRONGPASS invalid username-password pair or user is disabled.
    at parseError (/Users/adrianfranciscoperezgomez/Desktop/Personal Apps/vult-intel/node_modules/redis-parser/lib/parser.js:179:12)
    at parseType (/Users/adrianfranciscoperezgomez/Desktop/Personal Apps/vult-intel/node_modules/redis-parser/lib/parser.js:302:14) {
  command: { name: 'auth', args: [ 'IVB0VPnPl0urvQrpSKkbXLdEZBUfSHaP' ] }
}
ReplyError: WRONGPASS invalid username-password pair or user is disabled.
    at parseError (/Users/adrianfranciscoperezgomez/Desktop/Personal Apps/vult-intel/node_modules/redis-parser/lib/parser.js:179:12)
    at parseType (/Users/adrianfranciscoperezgomez/Desktop/Personal Apps/vult-intel/node_modules/redis-parser/lib/parser.js:302:14) {
  command: { name: 'auth', args: [ 'IVB0VPnPl0urvQrpSKkbXLdEZBUfSHaP' ] }
}
ReplyError: WRONGPASS invalid username-password pair or user is disabled.
    at parseError (/Users/adrianfranciscoperezgomez/Desktop/Personal Apps/vult-intel/node_modules/redis-parser/lib/parser.js:179:12)
    at parseType (/Users/adrianfranciscoperezgomez/Desktop/Personal Apps/vult-intel/node_modules/redis-parser/lib/parser.js:302:14) {
  command: { name: 'auth', args: [ 'IVB0VPnPl0urvQrpSKkbXLdEZBUfSHaP' ] }
}
ReplyError: WRONGPASS invalid username-password pair or user is disabled.
    at parseError (/Users/adrianfranciscoperezgomez/Desktop/Personal Apps/vult-intel/node_modules/redis-parser/lib/parser.js:179:12)
    at parseType (/Users/adrianfranciscoperezgomez/Desktop/Personal Apps/vult-intel/node_modules/redis-parser/lib/parser.js:302:14) {
  command: { name: 'auth', args: [ 'IVB0VPnPl0urvQrpSKkbXLdEZBUfSHaP' ] }
}
ReplyError: WRONGPASS invalid username-password pair or user is disabled.
    at parseError (/Users/adrianfranciscoperezgomez/Desktop/Personal Apps/vult-intel/node_modules/redis-parser/lib/parser.js:179:12)
    at parseType (/Users/adrianfranciscoperezgomez/Desktop/Personal Apps/vult-intel/node_modules/redis-parser/lib/parser.js:302:14) {
  command: { name: 'auth', args: [ 'IVB0VPnPl0urvQrpSKkbXLdEZBUfSHaP' ] }
}
ReplyError: WRONGPASS invalid username-password pair or user is disabled.
    at parseError (/Users/adrianfranciscoperezgomez/Desktop/Personal Apps/vult-intel/node_modules/redis-parser/lib/parser.js:179:12)
    at parseType (/Users/adrianfranciscoperezgomez/Desktop/Personal Apps/vult-intel/node_modules/redis-parser/lib/parser.js:302:14) {
  command: { name: 'auth', args: [ 'IVB0VPnPl0urvQrpSKkbXLdEZBUfSHaP' ] }
}
Connected to Redis for persistence
ReplyError: WRONGPASS invalid username-password pair or user is disabled.
    at parseError (/Users/adrianfranciscoperezgomez/Desktop/Personal Apps/vult-intel/node_modules/redis-parser/lib/parser.js:179:12)
    at parseType (/Users/adrianfranciscoperezgomez/Desktop/Personal Apps/vult-intel/node_modules/redis-parser/lib/parser.js:302:14) {
  command: { name: 'auth', args: [ 'IVB0VPnPl0urvQrpSKkbXLdEZBUfSHaP' ] }
}
Redis connection error: ReplyError: WRONGPASS invalid username-password pair or user is disabled.
    at parseError (/Users/adrianfranciscoperezgomez/Desktop/Personal Apps/vult-intel/node_modules/redis-parser/lib/parser.js:179:12)
    at parseType (/Users/adrianfranciscoperezgomez/Desktop/Personal Apps/vult-intel/node_modules/redis-parser/lib/parser.js:302:14) {
  command: { name: 'auth', args: [ 'IVB0VPnPl0urvQrpSKkbXLdEZBUfSHaP' ] }
}
ReplyError: WRONGPASS invalid username-password pair or user is disabled.
    at parseError (/Users/adrianfranciscoperezgomez/Desktop/Personal Apps/vult-intel/node_modules/redis-parser/lib/parser.js:179:12)
    at parseType (/Users/adrianfranciscoperezgomez/Desktop/Personal Apps/vult-intel/node_modules/redis-parser/lib/parser.js:302:14) {
  command: { name: 'auth', args: [ 'IVB0VPnPl0urvQrpSKkbXLdEZBUfSHaP' ] }
}
ReplyError: WRONGPASS invalid username-password pair or user is disabled.
    at parseError (/Users/adrianfranciscoperezgomez/Desktop/Personal Apps/vult-intel/node_modules/redis-parser/lib/parser.js:179:12)
    at parseType (/Users/adrianfranciscoperezgomez/Desktop/Personal Apps/vult-intel/node_modules/redis-parser/lib/parser.js:302:14) {
  command: { name: 'auth', args: [ 'IVB0VPnPl0urvQrpSKkbXLdEZBUfSHaP' ] }
}
ReplyError: WRONGPASS invalid username-password pair or user is disabled.
    at parseError (/Users/adrianfranciscoperezgomez/Desktop/Personal Apps/vult-intel/node_modules/redis-parser/lib/parser.js:179:12)
    at parseType (/Users/adrianfranciscoperezgomez/Desktop/Personal Apps/vult-intel/node_modules/redis-parser/lib/parser.js:302:14) {
  command: { name: 'auth', args: [ 'IVB0VPnPl0urvQrpSKkbXLdEZBUfSHaP' ] }
}
ReplyError: WRONGPASS invalid username-password pair or user is disabled.
    at parseError (/Users/adrianfranciscoperezgomez/Desktop/Personal Apps/vult-intel/node_modules/redis-parser/lib/parser.js:179:12)
    at parseType (/Users/adrianfranciscoperezgomez/Desktop/Personal Apps/vult-intel/node_modules/redis-parser/lib/parser.js:302:14) {
  command: { name: 'auth', args: [ 'IVB0VPnPl0urvQrpSKkbXLdEZBUfSHaP' ] }
}
ReplyError: WRONGPASS invalid username-password pair or user is disabled.
    at parseError (/Users/adrianfranciscoperezgomez/Desktop/Personal Apps/vult-intel/node_modules/redis-parser/lib/parser.js:179:12)
    at parseType (/Users/adrianfranciscoperezgomez/Desktop/Personal Apps/vult-intel/node_modules/redis-parser/lib/parser.js:302:14) {
  command: { name: 'auth', args: [ 'IVB0VPnPl0urvQrpSKkbXLdEZBUfSHaP' ] }
}
Connected to Redis for persistence
Redis connection error: ReplyError: WRONGPASS invalid username-password pair or user is disabled.
    at parseError (/Users/adrianfranciscoperezgomez/Desktop/Personal Apps/vult-intel/node_modules/redis-parser/lib/parser.js:179:12)
    at parseType (/Users/adrianfranciscoperezgomez/Desktop/Personal Apps/vult-intel/node_modules/redis-parser/lib/parser.js:302:14) {
  command: { name: 'auth', args: [ 'IVB0VPnPl0urvQrpSKkbXLdEZBUfSHaP' ] }
}
ReplyError: WRONGPASS invalid username-password pair or user is disabled.
    at parseError (/Users/adrianfranciscoperezgomez/Desktop/Personal Apps/vult-intel/node_modules/redis-parser/lib/parser.js:179:12)
    at parseType (/Users/adrianfranciscoperezgomez/Desktop/Personal Apps/vult-intel/node_modules/redis-parser/lib/parser.js:302:14) {
  command: { name: 'auth', args: [ 'IVB0VPnPl0urvQrpSKkbXLdEZBUfSHaP' ] }
}
ReplyError: WRONGPASS invalid username-password pair or user is disabled.
    at parseError (/Users/adrianfranciscoperezgomez/Desktop/Personal Apps/vult-intel/node_modules/redis-parser/lib/parser.js:179:12)
    at parseType (/Users/adrianfranciscoperezgomez/Desktop/Personal Apps/vult-intel/node_modules/redis-parser/lib/parser.js:302:14) {
  command: { name: 'auth', args: [ 'IVB0VPnPl0urvQrpSKkbXLdEZBUfSHaP' ] }
}
ReplyError: WRONGPASS invalid username-password pair or user is disabled.
    at parseError (/Users/adrianfranciscoperezgomez/Desktop/Personal Apps/vult-intel/node_modules/redis-parser/lib/parser.js:179:12)
    at parseType (/Users/adrianfranciscoperezgomez/Desktop/Personal Apps/vult-intel/node_modules/redis-parser/lib/parser.js:302:14) {
  command: { name: 'auth', args: [ 'IVB0VPnPl0urvQrpSKkbXLdEZBUfSHaP' ] }
}
ReplyError: WRONGPASS invalid username-password pair or user is disabled.
    at parseError (/Users/adrianfranciscoperezgomez/Desktop/Personal Apps/vult-intel/node_modules/redis-parser/lib/parser.js:179:12)
    at parseType (/Users/adrianfranciscoperezgomez/Desktop/Personal Apps/vult-intel/node_modules/redis-parser/lib/parser.js:302:14) {
  command: { name: 'auth', args: [ 'IVB0VPnPl0urvQrpSKkbXLdEZBUfSHaP' ] }
}
ReplyError: WRONGPASS invalid username-password pair or user is disabled.
    at parseError (/Users/adrianfranciscoperezgomez/Desktop/Personal Apps/vult-intel/node_modules/redis-parser/lib/parser.js:179:12)
    at parseType (/Users/adrianfranciscoperezgomez/Desktop/Personal Apps/vult-intel/node_modules/redis-parser/lib/parser.js:302:14) {
  command: { name: 'auth', args: [ 'IVB0VPnPl0urvQrpSKkbXLdEZBUfSHaP' ] }
}
ReplyError: WRONGPASS invalid username-password pair or user is disabled.
    at parseError (/Users/adrianfranciscoperezgomez/Desktop/Personal Apps/vult-intel/node_modules/redis-parser/lib/parser.js:179:12)
    at parseType (/Users/adrianfranciscoperezgomez/Desktop/Personal Apps/vult-intel/node_modules/redis-parser/lib/parser.js:302:14) {
  command: { name: 'auth', args: [ 'IVB0VPnPl0urvQrpSKkbXLdEZBUfSHaP' ] }
}
Connected to Redis for persistence
Redis connection error: ReplyError: WRONGPASS invalid username-password pair or user is disabled.
    at parseError (/Users/adrianfranciscoperezgomez/Desktop/Personal Apps/vult-intel/node_modules/redis-parser/lib/parser.js:179:12)
    at parseType (/Users/adrianfranciscoperezgomez/Desktop/Personal Apps/vult-intel/node_modules/redis-parser/lib/parser.js:302:14) {
  command: { name: 'auth', args: [ 'IVB0VPnPl0urvQrpSKkbXLdEZBUfSHaP' ] }
}
ReplyError: WRONGPASS invalid username-password pair or user is disabled.
    at parseError (/Users/adrianfranciscoperezgomez/Desktop/Personal Apps/vult-intel/node_modules/redis-parser/lib/parser.js:179:12)
    at parseType (/Users/adrianfranciscoperezgomez/Desktop/Personal Apps/vult-intel/node_modules/redis-parser/lib/parser.js:302:14) {
  command: { name: 'auth', args: [ 'IVB0VPnPl0urvQrpSKkbXLdEZBUfSHaP' ] }
}
ReplyError: WRONGPASS invalid username-password pair or user is disabled.
    at parseError (/Users/adrianfranciscoperezgomez/Desktop/Personal Apps/vult-intel/node_modules/redis-parser/lib/parser.js:179:12)
    at parseType (/Users/adrianfranciscoperezgomez/Desktop/Personal Apps/vult-intel/node_modules/redis-parser/lib/parser.js:302:14) {
  command: { name: 'auth', args: [ 'IVB0VPnPl0urvQrpSKkbXLdEZBUfSHaP' ] }
}
ReplyError: WRONGPASS invalid username-password pair or user is disabled.
    at parseError (/Users/adrianfranciscoperezgomez/Desktop/Personal Apps/vult-intel/node_modules/redis-parser/lib/parser.js:179:12)
    at parseType (/Users/adrianfranciscoperezgomez/Desktop/Personal Apps/vult-intel/node_modules/redis-parser/lib/parser.js:302:14) {
  command: { name: 'auth', args: [ 'IVB0VPnPl0urvQrpSKkbXLdEZBUfSHaP' ] }
}
ReplyError: WRONGPASS invalid username-password pair or user is disabled.
    at parseError (/Users/adrianfranciscoperezgomez/Desktop/Personal Apps/vult-intel/node_modules/redis-parser/lib/parser.js:179:12)
    at parseType (/Users/adrianfranciscoperezgomez/Desktop/Personal Apps/vult-intel/node_modules/redis-parser/lib/parser.js:302:14) {
  command: { name: 'auth', args: [ 'IVB0VPnPl0urvQrpSKkbXLdEZBUfSHaP' ] }
}
ReplyError: WRONGPASS invalid username-password pair or user is disabled.
    at parseError (/Users/adrianfranciscoperezgomez/Desktop/Personal Apps/vult-intel/node_modules/redis-parser/lib/parser.js:179:12)
    at parseType (/Users/adrianfranciscoperezgomez/Desktop/Personal Apps/vult-intel/node_modules/redis-parser/lib/parser.js:302:14) {
  command: { name: 'auth', args: [ 'IVB0VPnPl0urvQrpSKkbXLdEZBUfSHaP' ] }
}
ReplyError: WRONGPASS invalid username-password pair or user is disabled.
    at parseError (/Users/adrianfranciscoperezgomez/Desktop/Personal Apps/vult-intel/node_modules/redis-parser/lib/parser.js:179:12)
    at parseType (/Users/adrianfranciscoperezgomez/Desktop/Personal Apps/vult-intel/node_modules/redis-parser/lib/parser.js:302:14) {
  command: { name: 'auth', args: [ 'IVB0VPnPl0urvQrpSKkbXLdEZBUfSHaP' ] }
}
Connected to Redis for persistence
Redis connection error: ReplyError: WRONGPASS invalid username-password pair or user is disabled.
    at parseError (/Users/adrianfranciscoperezgomez/Desktop/Personal Apps/vult-intel/node_modules/redis-parser/lib/parser.js:179:12)
    at parseType (/Users/adrianfranciscoperezgomez/Desktop/Personal Apps/vult-intel/node_modules/redis-parser/lib/parser.js:302:14) {
  command: { name: 'auth', args: [ 'IVB0VPnPl0urvQrpSKkbXLdEZBUfSHaP' ] }
}
ReplyError: WRONGPASS invalid username-password pair or user is disabled.
    at parseError (/Users/adrianfranciscoperezgomez/Desktop/Personal Apps/vult-intel/node_modules/redis-parser/lib/parser.js:179:12)
    at parseType (/Users/adrianfranciscoperezgomez/Desktop/Personal Apps/vult-intel/node_modules/redis-parser/lib/parser.js:302:14) {
  command: { name: 'auth', args: [ 'IVB0VPnPl0urvQrpSKkbXLdEZBUfSHaP' ] }
}
ReplyError: WRONGPASS invalid username-password pair or user is disabled.
    at parseError (/Users/adrianfranciscoperezgomez/Desktop/Personal Apps/vult-intel/node_modules/redis-parser/lib/parser.js:179:12)
    at parseType (/Users/adrianfranciscoperezgomez/Desktop/Personal Apps/vult-intel/node_modules/redis-parser/lib/parser.js:302:14) {
  command: { name: 'auth', args: [ 'IVB0VPnPl0urvQrpSKkbXLdEZBUfSHaP' ] }
}
ReplyError: WRONGPASS invalid username-password pair or user is disabled.
    at parseError (/Users/adrianfranciscoperezgomez/Desktop/Personal Apps/vult-intel/node_modules/redis-parser/lib/parser.js:179:12)
    at parseType (/Users/adrianfranciscoperezgomez/Desktop/Personal Apps/vult-intel/node_modules/redis-parser/lib/parser.js:302:14) {
  command: { name: 'auth', args: [ 'IVB0VPnPl0urvQrpSKkbXLdEZBUfSHaP' ] }
}
ReplyError: WRONGPASS invalid username-password pair or user is disabled.
    at parseError (/Users/adrianfranciscoperezgomez/Desktop/Personal Apps/vult-intel/node_modules/redis-parser/lib/parser.js:179:12)
    at parseType (/Users/adrianfranciscoperezgomez/Desktop/Personal Apps/vult-intel/node_modules/redis-parser/lib/parser.js:302:14) {
  command: { name: 'auth', args: [ 'IVB0VPnPl0urvQrpSKkbXLdEZBUfSHaP' ] }
}
ReplyError: WRONGPASS invalid username-password pair or user is disabled.
    at parseError (/Users/adrianfranciscoperezgomez/Desktop/Personal Apps/vult-intel/node_modules/redis-parser/lib/parser.js:179:12)
    at parseType (/Users/adrianfranciscoperezgomez/Desktop/Personal Apps/vult-intel/node_modules/redis-parser/lib/parser.js:302:14) {
  command: { name: 'auth', args: [ 'IVB0VPnPl0urvQrpSKkbXLdEZBUfSHaP' ] }
}
ReplyError: WRONGPASS invalid username-password pair or user is disabled.
    at parseError (/Users/adrianfranciscoperezgomez/Desktop/Personal Apps/vult-intel/node_modules/redis-parser/lib/parser.js:179:12)
    at parseType (/Users/adrianfranciscoperezgomez/Desktop/Personal Apps/vult-intel/node_modules/redis-parser/lib/parser.js:302:14) {
  command: { name: 'auth', args: [ 'IVB0VPnPl0urvQrpSKkbXLdEZBUfSHaP' ] }
}
Connected to Redis for persistence
Redis connection error: ReplyError: WRONGPASS invalid username-password pair or user is disabled.
    at parseError (/Users/adrianfranciscoperezgomez/Desktop/Personal Apps/vult-intel/node_modules/redis-parser/lib/parser.js:179:12)
    at parseType (/Users/adrianfranciscoperezgomez/Desktop/Personal Apps/vult-intel/node_modules/redis-parser/lib/parser.js:302:14) {
  command: { name: 'auth', args: [ 'IVB0VPnPl0urvQrpSKkbXLdEZBUfSHaP' ] }
}
ReplyError: WRONGPASS invalid username-password pair or user is disabled.
    at parseError (/Users/adrianfranciscoperezgomez/Desktop/Personal Apps/vult-intel/node_modules/redis-parser/lib/parser.js:179:12)
    at parseType (/Users/adrianfranciscoperezgomez/Desktop/Personal Apps/vult-intel/node_modules/redis-parser/lib/parser.js:302:14) {
  command: { name: 'auth', args: [ 'IVB0VPnPl0urvQrpSKkbXLdEZBUfSHaP' ] }
}
ReplyError: WRONGPASS invalid username-password pair or user is disabled.
    at parseError (/Users/adrianfranciscoperezgomez/Desktop/Personal Apps/vult-intel/node_modules/redis-parser/lib/parser.js:179:12)
    at parseType (/Users/adrianfranciscoperezgomez/Desktop/Personal Apps/vult-intel/node_modules/redis-parser/lib/parser.js:302:14) {
  command: { name: 'auth', args: [ 'IVB0VPnPl0urvQrpSKkbXLdEZBUfSHaP' ] }
}
ReplyError: WRONGPASS invalid username-password pair or user is disabled.
    at parseError (/Users/adrianfranciscoperezgomez/Desktop/Personal Apps/vult-intel/node_modules/redis-parser/lib/parser.js:179:12)
    at parseType (/Users/adrianfranciscoperezgomez/Desktop/Personal Apps/vult-intel/node_modules/redis-parser/lib/parser.js:302:14) {
  command: { name: 'auth', args: [ 'IVB0VPnPl0urvQrpSKkbXLdEZBUfSHaP' ] }
}
ReplyError: WRONGPASS invalid username-password pair or user is disabled.
    at parseError (/Users/adrianfranciscoperezgomez/Desktop/Personal Apps/vult-intel/node_modules/redis-parser/lib/parser.js:179:12)
    at parseType (/Users/adrianfranciscoperezgomez/Desktop/Personal Apps/vult-intel/node_modules/redis-parser/lib/parser.js:302:14) {
  command: { name: 'auth', args: [ 'IVB0VPnPl0urvQrpSKkbXLdEZBUfSHaP' ] }
}
ReplyError: WRONGPASS invalid username-password pair or user is disabled.
    at parseError (/Users/adrianfranciscoperezgomez/Desktop/Personal Apps/vult-intel/node_modules/redis-parser/lib/parser.js:179:12)
    at parseType (/Users/adrianfranciscoperezgomez/Desktop/Personal Apps/vult-intel/node_modules/redis-parser/lib/parser.js:302:14) {
  command: { name: 'auth', args: [ 'IVB0VPnPl0urvQrpSKkbXLdEZBUfSHaP' ] }
}
ReplyError: WRONGPASS invalid username-password pair or user is disabled.
    at parseError (/Users/adrianfranciscoperezgomez/Desktop/Personal Apps/vult-intel/node_modules/redis-parser/lib/parser.js:179:12)
    at parseType (/Users/adrianfranciscoperezgomez/Desktop/Personal Apps/vult-intel/node_modules/redis-parser/lib/parser.js:302:14) {
  command: { name: 'auth', args: [ 'IVB0VPnPl0urvQrpSKkbXLdEZBUfSHaP' ] }
}
Connected to Redis for persistence
Redis connection error: ReplyError: WRONGPASS invalid username-password pair or user is disabled.
    at parseError (/Users/adrianfranciscoperezgomez/Desktop/Personal Apps/vult-intel/node_modules/redis-parser/lib/parser.js:179:12)
    at parseType (/Users/adrianfranciscoperezgomez/Desktop/Personal Apps/vult-intel/node_modules/redis-parser/lib/parser.js:302:14) {
  command: { name: 'auth', args: [ 'IVB0VPnPl0urvQrpSKkbXLdEZBUfSHaP' ] }
}
ReplyError: WRONGPASS invalid username-password pair or user is disabled.
    at parseError (/Users/adrianfranciscoperezgomez/Desktop/Personal Apps/vult-intel/node_modules/redis-parser/lib/parser.js:179:12)
    at parseType (/Users/adrianfranciscoperezgomez/Desktop/Personal Apps/vult-intel/node_modules/redis-parser/lib/parser.js:302:14) {
  command: { name: 'auth', args: [ 'IVB0VPnPl0urvQrpSKkbXLdEZBUfSHaP' ] }
}
ReplyError: WRONGPASS invalid username-password pair or user is disabled.
    at parseError (/Users/adrianfranciscoperezgomez/Desktop/Personal Apps/vult-intel/node_modules/redis-parser/lib/parser.js:179:12)
    at parseType (/Users/adrianfranciscoperezgomez/Desktop/Personal Apps/vult-intel/node_modules/redis-parser/lib/parser.js:302:14) {
  command: { name: 'auth', args: [ 'IVB0VPnPl0urvQrpSKkbXLdEZBUfSHaP' ] }
}
ReplyError: WRONGPASS invalid username-password pair or user is disabled.
    at parseError (/Users/adrianfranciscoperezgomez/Desktop/Personal Apps/vult-intel/node_modules/redis-parser/lib/parser.js:179:12)
    at parseType (/Users/adrianfranciscoperezgomez/Desktop/Personal Apps/vult-intel/node_modules/redis-parser/lib/parser.js:302:14) {
  command: { name: 'auth', args: [ 'IVB0VPnPl0urvQrpSKkbXLdEZBUfSHaP' ] }
}
ReplyError: WRONGPASS invalid username-password pair or user is disabled.
    at parseError (/Users/adrianfranciscoperezgomez/Desktop/Personal Apps/vult-intel/node_modules/redis-parser/lib/parser.js:179:12)
    at parseType (/Users/adrianfranciscoperezgomez/Desktop/Personal Apps/vult-intel/node_modules/redis-parser/lib/parser.js:302:14) {
  command: { name: 'auth', args: [ 'IVB0VPnPl0urvQrpSKkbXLdEZBUfSHaP' ] }
}
ReplyError: WRONGPASS invalid username-password pair or user is disabled.
    at parseError (/Users/adrianfranciscoperezgomez/Desktop/Personal Apps/vult-intel/node_modules/redis-parser/lib/parser.js:179:12)
    at parseType (/Users/adrianfranciscoperezgomez/Desktop/Personal Apps/vult-intel/node_modules/redis-parser/lib/parser.js:302:14) {
  command: { name: 'auth', args: [ 'IVB0VPnPl0urvQrpSKkbXLdEZBUfSHaP' ] }
}
ReplyError: WRONGPASS invalid username-password pair or user is disabled.
    at parseError (/Users/adrianfranciscoperezgomez/Desktop/Personal Apps/vult-intel/node_modules/redis-parser/lib/parser.js:179:12)
    at parseType (/Users/adrianfranciscoperezgomez/Desktop/Personal Apps/vult-intel/node_modules/redis-parser/lib/parser.js:302:14) {
  command: { name: 'auth', args: [ 'IVB0VPnPl0urvQrpSKkbXLdEZBUfSHaP' ] }
}
Connected to Redis for persistence
Redis connection error: ReplyError: WRONGPASS invalid username-password pair or user is disabled.
    at parseError (/Users/adrianfranciscoperezgomez/Desktop/Personal Apps/vult-intel/node_modules/redis-parser/lib/parser.js:179:12)
    at parseType (/Users/adrianfranciscoperezgomez/Desktop/Personal Apps/vult-intel/node_modules/redis-parser/lib/parser.js:302:14) {
  command: { name: 'auth', args: [ 'IVB0VPnPl0urvQrpSKkbXLdEZBUfSHaP' ] }
}
ReplyError: WRONGPASS invalid username-password pair or user is disabled.
    at parseError (/Users/adrianfranciscoperezgomez/Desktop/Personal Apps/vult-intel/node_modules/redis-parser/lib/parser.js:179:12)
    at parseType (/Users/adrianfranciscoperezgomez/Desktop/Personal Apps/vult-intel/node_modules/redis-parser/lib/parser.js:302:14) {
  command: { name: 'auth', args: [ 'IVB0VPnPl0urvQrpSKkbXLdEZBUfSHaP' ] }
}
ReplyError: WRONGPASS invalid username-password pair or user is disabled.
    at parseError (/Users/adrianfranciscoperezgomez/Desktop/Personal Apps/vult-intel/node_modules/redis-parser/lib/parser.js:179:12)
    at parseType (/Users/adrianfranciscoperezgomez/Desktop/Personal Apps/vult-intel/node_modules/redis-parser/lib/parser.js:302:14) {
  command: { name: 'auth', args: [ 'IVB0VPnPl0urvQrpSKkbXLdEZBUfSHaP' ] }
}
ReplyError: WRONGPASS invalid username-password pair or user is disabled.
    at parseError (/Users/adrianfranciscoperezgomez/Desktop/Personal Apps/vult-intel/node_modules/redis-parser/lib/parser.js:179:12)
    at parseType (/Users/adrianfranciscoperezgomez/Desktop/Personal Apps/vult-intel/node_modules/redis-parser/lib/parser.js:302:14) {
  command: { name: 'auth', args: [ 'IVB0VPnPl0urvQrpSKkbXLdEZBUfSHaP' ] }
}
ReplyError: WRONGPASS invalid username-password pair or user is disabled.
    at parseError (/Users/adrianfranciscoperezgomez/Desktop/Personal Apps/vult-intel/node_modules/redis-parser/lib/parser.js:179:12)
    at parseType (/Users/adrianfranciscoperezgomez/Desktop/Personal Apps/vult-intel/node_modules/redis-parser/lib/parser.js:302:14) {
  command: { name: 'auth', args: [ 'IVB0VPnPl0urvQrpSKkbXLdEZBUfSHaP' ] }
}
ReplyError: WRONGPASS invalid username-password pair or user is disabled.
    at parseError (/Users/adrianfranciscoperezgomez/Desktop/Personal Apps/vult-intel/node_modules/redis-parser/lib/parser.js:179:12)
    at parseType (/Users/adrianfranciscoperezgomez/Desktop/Personal Apps/vult-intel/node_modules/redis-parser/lib/parser.js:302:14) {
  command: { name: 'auth', args: [ 'IVB0VPnPl0urvQrpSKkbXLdEZBUfSHaP' ] }
}
ReplyError: WRONGPASS invalid username-password pair or user is disabled.
    at parseError (/Users/adrianfranciscoperezgomez/Desktop/Personal Apps/vult-intel/node_modules/redis-parser/lib/parser.js:179:12)
    at parseType (/Users/adrianfranciscoperezgomez/Desktop/Personal Apps/vult-intel/node_modules/redis-parser/lib/parser.js:302:14) {
  command: { name: 'auth', args: [ 'IVB0VPnPl0urvQrpSKkbXLdEZBUfSHaP' ] }
}
Connected to Redis for persistence
Redis connection error: ReplyError: WRONGPASS invalid username-password pair or user is disabled.
    at parseError (/Users/adrianfranciscoperezgomez/Desktop/Personal Apps/vult-intel/node_modules/redis-parser/lib/parser.js:179:12)
    at parseType (/Users/adrianfranciscoperezgomez/Desktop/Personal Apps/vult-intel/node_modules/redis-parser/lib/parser.js:302:14) {
  command: { name: 'auth', args: [ 'IVB0VPnPl0urvQrpSKkbXLdEZBUfSHaP' ] }
}
ReplyError: WRONGPASS invalid username-password pair or user is disabled.
    at parseError (/Users/adrianfranciscoperezgomez/Desktop/Personal Apps/vult-intel/node_modules/redis-parser/lib/parser.js:179:12)
    at parseType (/Users/adrianfranciscoperezgomez/Desktop/Personal Apps/vult-intel/node_modules/redis-parser/lib/parser.js:302:14) {
  command: { name: 'auth', args: [ 'IVB0VPnPl0urvQrpSKkbXLdEZBUfSHaP' ] }
}
ReplyError: WRONGPASS invalid username-password pair or user is disabled.
    at parseError (/Users/adrianfranciscoperezgomez/Desktop/Personal Apps/vult-intel/node_modules/redis-parser/lib/parser.js:179:12)
    at parseType (/Users/adrianfranciscoperezgomez/Desktop/Personal Apps/vult-intel/node_modules/redis-parser/lib/parser.js:302:14) {
  command: { name: 'auth', args: [ 'IVB0VPnPl0urvQrpSKkbXLdEZBUfSHaP' ] }
}
ReplyError: WRONGPASS invalid username-password pair or user is disabled.
    at parseError (/Users/adrianfranciscoperezgomez/Desktop/Personal Apps/vult-intel/node_modules/redis-parser/lib/parser.js:179:12)
    at parseType (/Users/adrianfranciscoperezgomez/Desktop/Personal Apps/vult-intel/node_modules/redis-parser/lib/parser.js:302:14) {
  command: { name: 'auth', args: [ 'IVB0VPnPl0urvQrpSKkbXLdEZBUfSHaP' ] }
}
ReplyError: WRONGPASS invalid username-password pair or user is disabled.
    at parseError (/Users/adrianfranciscoperezgomez/Desktop/Personal Apps/vult-intel/node_modules/redis-parser/lib/parser.js:179:12)
    at parseType (/Users/adrianfranciscoperezgomez/Desktop/Personal Apps/vult-intel/node_modules/redis-parser/lib/parser.js:302:14) {
  command: { name: 'auth', args: [ 'IVB0VPnPl0urvQrpSKkbXLdEZBUfSHaP' ] }
}
ReplyError: WRONGPASS invalid username-password pair or user is disabled.
    at parseError (/Users/adrianfranciscoperezgomez/Desktop/Personal Apps/vult-intel/node_modules/redis-parser/lib/parser.js:179:12)
    at parseType (/Users/adrianfranciscoperezgomez/Desktop/Personal Apps/vult-intel/node_modules/redis-parser/lib/parser.js:302:14) {
  command: { name: 'auth', args: [ 'IVB0VPnPl0urvQrpSKkbXLdEZBUfSHaP' ] }
}
ReplyError: WRONGPASS invalid username-password pair or user is disabled.
    at parseError (/Users/adrianfranciscoperezgomez/Desktop/Personal Apps/vult-intel/node_modules/redis-parser/lib/parser.js:179:12)
    at parseType (/Users/adrianfranciscoperezgomez/Desktop/Personal Apps/vult-intel/node_modules/redis-parser/lib/parser.js:302:14) {
  command: { name: 'auth', args: [ 'IVB0VPnPl0urvQrpSKkbXLdEZBUfSHaP' ] }
}
Connected to Redis for persistence
Redis connection error: ReplyError: WRONGPASS invalid username-password pair or user is disabled.
    at parseError (/Users/adrianfranciscoperezgomez/Desktop/Personal Apps/vult-intel/node_modules/redis-parser/lib/parser.js:179:12)
    at parseType (/Users/adrianfranciscoperezgomez/Desktop/Personal Apps/vult-intel/node_modules/redis-parser/lib/parser.js:302:14) {
  command: { name: 'auth', args: [ 'IVB0VPnPl0urvQrpSKkbXLdEZBUfSHaP' ] }
}
ReplyError: WRONGPASS invalid username-password pair or user is disabled.
    at parseError (/Users/adrianfranciscoperezgomez/Desktop/Personal Apps/vult-intel/node_modules/redis-parser/lib/parser.js:179:12)
    at parseType (/Users/adrianfranciscoperezgomez/Desktop/Personal Apps/vult-intel/node_modules/redis-parser/lib/parser.js:302:14) {
  command: { name: 'auth', args: [ 'IVB0VPnPl0urvQrpSKkbXLdEZBUfSHaP' ] }
}
ReplyError: WRONGPASS invalid username-password pair or user is disabled.
    at parseError (/Users/adrianfranciscoperezgomez/Desktop/Personal Apps/vult-intel/node_modules/redis-parser/lib/parser.js:179:12)
    at parseType (/Users/adrianfranciscoperezgomez/Desktop/Personal Apps/vult-intel/node_modules/redis-parser/lib/parser.js:302:14) {
  command: { name: 'auth', args: [ 'IVB0VPnPl0urvQrpSKkbXLdEZBUfSHaP' ] }
}
ReplyError: WRONGPASS invalid username-password pair or user is disabled.
    at parseError (/Users/adrianfranciscoperezgomez/Desktop/Personal Apps/vult-intel/node_modules/redis-parser/lib/parser.js:179:12)
    at parseType (/Users/adrianfranciscoperezgomez/Desktop/Personal Apps/vult-intel/node_modules/redis-parser/lib/parser.js:302:14) {
  command: { name: 'auth', args: [ 'IVB0VPnPl0urvQrpSKkbXLdEZBUfSHaP' ] }
}
ReplyError: WRONGPASS invalid username-password pair or user is disabled.
    at parseError (/Users/adrianfranciscoperezgomez/Desktop/Personal Apps/vult-intel/node_modules/redis-parser/lib/parser.js:179:12)
    at parseType (/Users/adrianfranciscoperezgomez/Desktop/Personal Apps/vult-intel/node_modules/redis-parser/lib/parser.js:302:14) {
  command: { name: 'auth', args: [ 'IVB0VPnPl0urvQrpSKkbXLdEZBUfSHaP' ] }
}
ReplyError: WRONGPASS invalid username-password pair or user is disabled.
    at parseError (/Users/adrianfranciscoperezgomez/Desktop/Personal Apps/vult-intel/node_modules/redis-parser/lib/parser.js:179:12)
    at parseType (/Users/adrianfranciscoperezgomez/Desktop/Personal Apps/vult-intel/node_modules/redis-parser/lib/parser.js:302:14) {
  command: { name: 'auth', args: [ 'IVB0VPnPl0urvQrpSKkbXLdEZBUfSHaP' ] }
}
ReplyError: WRONGPASS invalid username-password pair or user is disabled.
    at parseError (/Users/adrianfranciscoperezgomez/Desktop/Personal Apps/vult-intel/node_modules/redis-parser/lib/parser.js:179:12)
    at parseType (/Users/adrianfranciscoperezgomez/Desktop/Personal Apps/vult-intel/node_modules/redis-parser/lib/parser.js:302:14) {
  command: { name: 'auth', args: [ 'IVB0VPnPl0urvQrpSKkbXLdEZBUfSHaP' ] }
}
Connected to Redis for persistence
Redis connection error: ReplyError: WRONGPASS invalid username-password pair or user is disabled.
    at parseError (/Users/adrianfranciscoperezgomez/Desktop/Personal Apps/vult-intel/node_modules/redis-parser/lib/parser.js:179:12)
    at parseType (/Users/adrianfranciscoperezgomez/Desktop/Personal Apps/vult-intel/node_modules/redis-parser/lib/parser.js:302:14) {
  command: { name: 'auth', args: [ 'IVB0VPnPl0urvQrpSKkbXLdEZBUfSHaP' ] }
}
ReplyError: WRONGPASS invalid username-password pair or user is disabled.
    at parseError (/Users/adrianfranciscoperezgomez/Desktop/Personal Apps/vult-intel/node_modules/redis-parser/lib/parser.js:179:12)
    at parseType (/Users/adrianfranciscoperezgomez/Desktop/Personal Apps/vult-intel/node_modules/redis-parser/lib/parser.js:302:14) {
  command: { name: 'auth', args: [ 'IVB0VPnPl0urvQrpSKkbXLdEZBUfSHaP' ] }
}
ReplyError: WRONGPASS invalid username-password pair or user is disabled.
    at parseError (/Users/adrianfranciscoperezgomez/Desktop/Personal Apps/vult-intel/node_modules/redis-parser/lib/parser.js:179:12)
    at parseType (/Users/adrianfranciscoperezgomez/Desktop/Personal Apps/vult-intel/node_modules/redis-parser/lib/parser.js:302:14) {
  command: { name: 'auth', args: [ 'IVB0VPnPl0urvQrpSKkbXLdEZBUfSHaP' ] }
}
ReplyError: WRONGPASS invalid username-password pair or user is disabled.
    at parseError (/Users/adrianfranciscoperezgomez/Desktop/Personal Apps/vult-intel/node_modules/redis-parser/lib/parser.js:179:12)
    at parseType (/Users/adrianfranciscoperezgomez/Desktop/Personal Apps/vult-intel/node_modules/redis-parser/lib/parser.js:302:14) {
  command: { name: 'auth', args: [ 'IVB0VPnPl0urvQrpSKkbXLdEZBUfSHaP' ] }
}
ReplyError: WRONGPASS invalid username-password pair or user is disabled.
    at parseError (/Users/adrianfranciscoperezgomez/Desktop/Personal Apps/vult-intel/node_modules/redis-parser/lib/parser.js:179:12)
    at parseType (/Users/adrianfranciscoperezgomez/Desktop/Personal Apps/vult-intel/node_modules/redis-parser/lib/parser.js:302:14) {
  command: { name: 'auth', args: [ 'IVB0VPnPl0urvQrpSKkbXLdEZBUfSHaP' ] }
}
ReplyError: WRONGPASS invalid username-password pair or user is disabled.
    at parseError (/Users/adrianfranciscoperezgomez/Desktop/Personal Apps/vult-intel/node_modules/redis-parser/lib/parser.js:179:12)
    at parseType (/Users/adrianfranciscoperezgomez/Desktop/Personal Apps/vult-intel/node_modules/redis-parser/lib/parser.js:302:14) {
  command: { name: 'auth', args: [ 'IVB0VPnPl0urvQrpSKkbXLdEZBUfSHaP' ] }
}
ReplyError: WRONGPASS invalid username-password pair or user is disabled.
    at parseError (/Users/adrianfranciscoperezgomez/Desktop/Personal Apps/vult-intel/node_modules/redis-parser/lib/parser.js:179:12)
    at parseType (/Users/adrianfranciscoperezgomez/Desktop/Personal Apps/vult-intel/node_modules/redis-parser/lib/parser.js:302:14) {
  command: { name: 'auth', args: [ 'IVB0VPnPl0urvQrpSKkbXLdEZBUfSHaP' ] }
}
Connected to Redis for persistence
Redis connection error: ReplyError: WRONGPASS invalid username-password pair or user is disabled.
    at parseError (/Users/adrianfranciscoperezgomez/Desktop/Personal Apps/vult-intel/node_modules/redis-parser/lib/parser.js:179:12)
    at parseType (/Users/adrianfranciscoperezgomez/Desktop/Personal Apps/vult-intel/node_modules/redis-parser/lib/parser.js:302:14) {
  command: { name: 'auth', args: [ 'IVB0VPnPl0urvQrpSKkbXLdEZBUfSHaP' ] }
}
ReplyError: WRONGPASS invalid username-password pair or user is disabled.
    at parseError (/Users/adrianfranciscoperezgomez/Desktop/Personal Apps/vult-intel/node_modules/redis-parser/lib/parser.js:179:12)
    at parseType (/Users/adrianfranciscoperezgomez/Desktop/Personal Apps/vult-intel/node_modules/redis-parser/lib/parser.js:302:14) {
  command: { name: 'auth', args: [ 'IVB0VPnPl0urvQrpSKkbXLdEZBUfSHaP' ] }
}
ReplyError: WRONGPASS invalid username-password pair or user is disabled.
    at parseError (/Users/adrianfranciscoperezgomez/Desktop/Personal Apps/vult-intel/node_modules/redis-parser/lib/parser.js:179:12)
    at parseType (/Users/adrianfranciscoperezgomez/Desktop/Personal Apps/vult-intel/node_modules/redis-parser/lib/parser.js:302:14) {
  command: { name: 'auth', args: [ 'IVB0VPnPl0urvQrpSKkbXLdEZBUfSHaP' ] }
}
ReplyError: WRONGPASS invalid username-password pair or user is disabled.
    at parseError (/Users/adrianfranciscoperezgomez/Desktop/Personal Apps/vult-intel/node_modules/redis-parser/lib/parser.js:179:12)
    at parseType (/Users/adrianfranciscoperezgomez/Desktop/Personal Apps/vult-intel/node_modules/redis-parser/lib/parser.js:302:14) {
  command: { name: 'auth', args: [ 'IVB0VPnPl0urvQrpSKkbXLdEZBUfSHaP' ] }
}
ReplyError: WRONGPASS invalid username-password pair or user is disabled.
    at parseError (/Users/adrianfranciscoperezgomez/Desktop/Personal Apps/vult-intel/node_modules/redis-parser/lib/parser.js:179:12)
    at parseType (/Users/adrianfranciscoperezgomez/Desktop/Personal Apps/vult-intel/node_modules/redis-parser/lib/parser.js:302:14) {
  command: { name: 'auth', args: [ 'IVB0VPnPl0urvQrpSKkbXLdEZBUfSHaP' ] }
}
ReplyError: WRONGPASS invalid username-password pair or user is disabled.
    at parseError (/Users/adrianfranciscoperezgomez/Desktop/Personal Apps/vult-intel/node_modules/redis-parser/lib/parser.js:179:12)
    at parseType (/Users/adrianfranciscoperezgomez/Desktop/Personal Apps/vult-intel/node_modules/redis-parser/lib/parser.js:302:14) {
  command: { name: 'auth', args: [ 'IVB0VPnPl0urvQrpSKkbXLdEZBUfSHaP' ] }
}
ReplyError: WRONGPASS invalid username-password pair or user is disabled.
    at parseError (/Users/adrianfranciscoperezgomez/Desktop/Personal Apps/vult-intel/node_modules/redis-parser/lib/parser.js:179:12)
    at parseType (/Users/adrianfranciscoperezgomez/Desktop/Personal Apps/vult-intel/node_modules/redis-parser/lib/parser.js:302:14) {
  command: { name: 'auth', args: [ 'IVB0VPnPl0urvQrpSKkbXLdEZBUfSHaP' ] }
}
Connected to Redis for persistence
Redis connection error: ReplyError: WRONGPASS invalid username-password pair or user is disabled.
    at parseError (/Users/adrianfranciscoperezgomez/Desktop/Personal Apps/vult-intel/node_modules/redis-parser/lib/parser.js:179:12)
    at parseType (/Users/adrianfranciscoperezgomez/Desktop/Personal Apps/vult-intel/node_modules/redis-parser/lib/parser.js:302:14) {
  command: { name: 'auth', args: [ 'IVB0VPnPl0urvQrpSKkbXLdEZBUfSHaP' ] }
}
ReplyError: WRONGPASS invalid username-password pair or user is disabled.
    at parseError (/Users/adrianfranciscoperezgomez/Desktop/Personal Apps/vult-intel/node_modules/redis-parser/lib/parser.js:179:12)
    at parseType (/Users/adrianfranciscoperezgomez/Desktop/Personal Apps/vult-intel/node_modules/redis-parser/lib/parser.js:302:14) {
  command: { name: 'auth', args: [ 'IVB0VPnPl0urvQrpSKkbXLdEZBUfSHaP' ] }
}
ReplyError: WRONGPASS invalid username-password pair or user is disabled.
    at parseError (/Users/adrianfranciscoperezgomez/Desktop/Personal Apps/vult-intel/node_modules/redis-parser/lib/parser.js:179:12)
    at parseType (/Users/adrianfranciscoperezgomez/Desktop/Personal Apps/vult-intel/node_modules/redis-parser/lib/parser.js:302:14) {
  command: { name: 'auth', args: [ 'IVB0VPnPl0urvQrpSKkbXLdEZBUfSHaP' ] }
}
ReplyError: WRONGPASS invalid username-password pair or user is disabled.
    at parseError (/Users/adrianfranciscoperezgomez/Desktop/Personal Apps/vult-intel/node_modules/redis-parser/lib/parser.js:179:12)
    at parseType (/Users/adrianfranciscoperezgomez/Desktop/Personal Apps/vult-intel/node_modules/redis-parser/lib/parser.js:302:14) {
  command: { name: 'auth', args: [ 'IVB0VPnPl0urvQrpSKkbXLdEZBUfSHaP' ] }
}
ReplyError: WRONGPASS invalid username-password pair or user is disabled.
    at parseError (/Users/adrianfranciscoperezgomez/Desktop/Personal Apps/vult-intel/node_modules/redis-parser/lib/parser.js:179:12)
    at parseType (/Users/adrianfranciscoperezgomez/Desktop/Personal Apps/vult-intel/node_modules/redis-parser/lib/parser.js:302:14) {
  command: { name: 'auth', args: [ 'IVB0VPnPl0urvQrpSKkbXLdEZBUfSHaP' ] }
}
ReplyError: WRONGPASS invalid username-password pair or user is disabled.
    at parseError (/Users/adrianfranciscoperezgomez/Desktop/Personal Apps/vult-intel/node_modules/redis-parser/lib/parser.js:179:12)
    at parseType (/Users/adrianfranciscoperezgomez/Desktop/Personal Apps/vult-intel/node_modules/redis-parser/lib/parser.js:302:14) {
  command: { name: 'auth', args: [ 'IVB0VPnPl0urvQrpSKkbXLdEZBUfSHaP' ] }
}
ReplyError: WRONGPASS invalid username-password pair or user is disabled.
    at parseError (/Users/adrianfranciscoperezgomez/Desktop/Personal Apps/vult-intel/node_modules/redis-parser/lib/parser.js:179:12)
    at parseType (/Users/adrianfranciscoperezgomez/Desktop/Personal Apps/vult-intel/node_modules/redis-parser/lib/parser.js:302:14) {
  command: { name: 'auth', args: [ 'IVB0VPnPl0urvQrpSKkbXLdEZBUfSHaP' ] }
}
Connected to Redis for persistence
Redis connection error: ReplyError: WRONGPASS invalid username-password pair or user is disabled.
    at parseError (/Users/adrianfranciscoperezgomez/Desktop/Personal Apps/vult-intel/node_modules/redis-parser/lib/parser.js:179:12)
    at parseType (/Users/adrianfranciscoperezgomez/Desktop/Personal Apps/vult-intel/node_modules/redis-parser/lib/parser.js:302:14) {
  command: { name: 'auth', args: [ 'IVB0VPnPl0urvQrpSKkbXLdEZBUfSHaP' ] }
}
ReplyError: WRONGPASS invalid username-password pair or user is disabled.
    at parseError (/Users/adrianfranciscoperezgomez/Desktop/Personal Apps/vult-intel/node_modules/redis-parser/lib/parser.js:179:12)
    at parseType (/Users/adrianfranciscoperezgomez/Desktop/Personal Apps/vult-intel/node_modules/redis-parser/lib/parser.js:302:14) {
  command: { name: 'auth', args: [ 'IVB0VPnPl0urvQrpSKkbXLdEZBUfSHaP' ] }
}
ReplyError: WRONGPASS invalid username-password pair or user is disabled.
    at parseError (/Users/adrianfranciscoperezgomez/Desktop/Personal Apps/vult-intel/node_modules/redis-parser/lib/parser.js:179:12)
    at parseType (/Users/adrianfranciscoperezgomez/Desktop/Personal Apps/vult-intel/node_modules/redis-parser/lib/parser.js:302:14) {
  command: { name: 'auth', args: [ 'IVB0VPnPl0urvQrpSKkbXLdEZBUfSHaP' ] }
}
ReplyError: WRONGPASS invalid username-password pair or user is disabled.
    at parseError (/Users/adrianfranciscoperezgomez/Desktop/Personal Apps/vult-intel/node_modules/redis-parser/lib/parser.js:179:12)
    at parseType (/Users/adrianfranciscoperezgomez/Desktop/Personal Apps/vult-intel/node_modules/redis-parser/lib/parser.js:302:14) {
  command: { name: 'auth', args: [ 'IVB0VPnPl0urvQrpSKkbXLdEZBUfSHaP' ] }
}
ReplyError: WRONGPASS invalid username-password pair or user is disabled.
    at parseError (/Users/adrianfranciscoperezgomez/Desktop/Personal Apps/vult-intel/node_modules/redis-parser/lib/parser.js:179:12)
    at parseType (/Users/adrianfranciscoperezgomez/Desktop/Personal Apps/vult-intel/node_modules/redis-parser/lib/parser.js:302:14) {
  command: { name: 'auth', args: [ 'IVB0VPnPl0urvQrpSKkbXLdEZBUfSHaP' ] }
}
ReplyError: WRONGPASS invalid username-password pair or user is disabled.
    at parseError (/Users/adrianfranciscoperezgomez/Desktop/Personal Apps/vult-intel/node_modules/redis-parser/lib/parser.js:179:12)
    at parseType (/Users/adrianfranciscoperezgomez/Desktop/Personal Apps/vult-intel/node_modules/redis-parser/lib/parser.js:302:14) {
  command: { name: 'auth', args: [ 'IVB0VPnPl0urvQrpSKkbXLdEZBUfSHaP' ] }
}
ReplyError: WRONGPASS invalid username-password pair or user is disabled.
    at parseError (/Users/adrianfranciscoperezgomez/Desktop/Personal Apps/vult-intel/node_modules/redis-parser/lib/parser.js:179:12)
    at parseType (/Users/adrianfranciscoperezgomez/Desktop/Personal Apps/vult-intel/node_modules/redis-parser/lib/parser.js:302:14) {
  command: { name: 'auth', args: [ 'IVB0VPnPl0urvQrpSKkbXLdEZBUfSHaP' ] }
}
Connected to Redis for persistence
Redis connection error: ReplyError: WRONGPASS invalid username-password pair or user is disabled.
    at parseError (/Users/adrianfranciscoperezgomez/Desktop/Personal Apps/vult-intel/node_modules/redis-parser/lib/parser.js:179:12)
    at parseType (/Users/adrianfranciscoperezgomez/Desktop/Personal Apps/vult-intel/node_modules/redis-parser/lib/parser.js:302:14) {
  command: { name: 'auth', args: [ 'IVB0VPnPl0urvQrpSKkbXLdEZBUfSHaP' ] }
}
ReplyError: WRONGPASS invalid username-password pair or user is disabled.
    at parseError (/Users/adrianfranciscoperezgomez/Desktop/Personal Apps/vult-intel/node_modules/redis-parser/lib/parser.js:179:12)
    at parseType (/Users/adrianfranciscoperezgomez/Desktop/Personal Apps/vult-intel/node_modules/redis-parser/lib/parser.js:302:14) {
  command: { name: 'auth', args: [ 'IVB0VPnPl0urvQrpSKkbXLdEZBUfSHaP' ] }
}
ReplyError: WRONGPASS invalid username-password pair or user is disabled.
    at parseError (/Users/adrianfranciscoperezgomez/Desktop/Personal Apps/vult-intel/node_modules/redis-parser/lib/parser.js:179:12)
    at parseType (/Users/adrianfranciscoperezgomez/Desktop/Personal Apps/vult-intel/node_modules/redis-parser/lib/parser.js:302:14) {
  command: { name: 'auth', args: [ 'IVB0VPnPl0urvQrpSKkbXLdEZBUfSHaP' ] }
}
ReplyError: WRONGPASS invalid username-password pair or user is disabled.
    at parseError (/Users/adrianfranciscoperezgomez/Desktop/Personal Apps/vult-intel/node_modules/redis-parser/lib/parser.js:179:12)
    at parseType (/Users/adrianfranciscoperezgomez/Desktop/Personal Apps/vult-intel/node_modules/redis-parser/lib/parser.js:302:14) {
  command: { name: 'auth', args: [ 'IVB0VPnPl0urvQrpSKkbXLdEZBUfSHaP' ] }
}
ReplyError: WRONGPASS invalid username-password pair or user is disabled.
    at parseError (/Users/adrianfranciscoperezgomez/Desktop/Personal Apps/vult-intel/node_modules/redis-parser/lib/parser.js:179:12)
    at parseType (/Users/adrianfranciscoperezgomez/Desktop/Personal Apps/vult-intel/node_modules/redis-parser/lib/parser.js:302:14) {
  command: { name: 'auth', args: [ 'IVB0VPnPl0urvQrpSKkbXLdEZBUfSHaP' ] }
}
ReplyError: WRONGPASS invalid username-password pair or user is disabled.
    at parseError (/Users/adrianfranciscoperezgomez/Desktop/Personal Apps/vult-intel/node_modules/redis-parser/lib/parser.js:179:12)
    at parseType (/Users/adrianfranciscoperezgomez/Desktop/Personal Apps/vult-intel/node_modules/redis-parser/lib/parser.js:302:14) {
  command: { name: 'auth', args: [ 'IVB0VPnPl0urvQrpSKkbXLdEZBUfSHaP' ] }
}
ReplyError: WRONGPASS invalid username-password pair or user is disabled.
    at parseError (/Users/adrianfranciscoperezgomez/Desktop/Personal Apps/vult-intel/node_modules/redis-parser/lib/parser.js:179:12)
    at parseType (/Users/adrianfranciscoperezgomez/Desktop/Personal Apps/vult-intel/node_modules/redis-parser/lib/parser.js:302:14) {
  command: { name: 'auth', args: [ 'IVB0VPnPl0urvQrpSKkbXLdEZBUfSHaP' ] }
}
Connected to Redis for persistence
Redis connection error: ReplyError: WRONGPASS invalid username-password pair or user is disabled.
    at parseError (/Users/adrianfranciscoperezgomez/Desktop/Personal Apps/vult-intel/node_modules/redis-parser/lib/parser.js:179:12)
    at parseType (/Users/adrianfranciscoperezgomez/Desktop/Personal Apps/vult-intel/node_modules/redis-parser/lib/parser.js:302:14) {
  command: { name: 'auth', args: [ 'IVB0VPnPl0urvQrpSKkbXLdEZBUfSHaP' ] }
}
ReplyError: WRONGPASS invalid username-password pair or user is disabled.
    at parseError (/Users/adrianfranciscoperezgomez/Desktop/Personal Apps/vult-intel/node_modules/redis-parser/lib/parser.js:179:12)
    at parseType (/Users/adrianfranciscoperezgomez/Desktop/Personal Apps/vult-intel/node_modules/redis-parser/lib/parser.js:302:14) {
  command: { name: 'auth', args: [ 'IVB0VPnPl0urvQrpSKkbXLdEZBUfSHaP' ] }
}
ReplyError: WRONGPASS invalid username-password pair or user is disabled.
    at parseError (/Users/adrianfranciscoperezgomez/Desktop/Personal Apps/vult-intel/node_modules/redis-parser/lib/parser.js:179:12)
    at parseType (/Users/adrianfranciscoperezgomez/Desktop/Personal Apps/vult-intel/node_modules/redis-parser/lib/parser.js:302:14) {
  command: { name: 'auth', args: [ 'IVB0VPnPl0urvQrpSKkbXLdEZBUfSHaP' ] }
}
ReplyError: WRONGPASS invalid username-password pair or user is disabled.
    at parseError (/Users/adrianfranciscoperezgomez/Desktop/Personal Apps/vult-intel/node_modules/redis-parser/lib/parser.js:179:12)
    at parseType (/Users/adrianfranciscoperezgomez/Desktop/Personal Apps/vult-intel/node_modules/redis-parser/lib/parser.js:302:14) {
  command: { name: 'auth', args: [ 'IVB0VPnPl0urvQrpSKkbXLdEZBUfSHaP' ] }
}
ReplyError: WRONGPASS invalid username-password pair or user is disabled.
    at parseError (/Users/adrianfranciscoperezgomez/Desktop/Personal Apps/vult-intel/node_modules/redis-parser/lib/parser.js:179:12)
    at parseType (/Users/adrianfranciscoperezgomez/Desktop/Personal Apps/vult-intel/node_modules/redis-parser/lib/parser.js:302:14) {
  command: { name: 'auth', args: [ 'IVB0VPnPl0urvQrpSKkbXLdEZBUfSHaP' ] }
}
ReplyError: WRONGPASS invalid username-password pair or user is disabled.
    at parseError (/Users/adrianfranciscoperezgomez/Desktop/Personal Apps/vult-intel/node_modules/redis-parser/lib/parser.js:179:12)
    at parseType (/Users/adrianfranciscoperezgomez/Desktop/Personal Apps/vult-intel/node_modules/redis-parser/lib/parser.js:302:14) {
  command: { name: 'auth', args: [ 'IVB0VPnPl0urvQrpSKkbXLdEZBUfSHaP' ] }
}
ReplyError: WRONGPASS invalid username-password pair or user is disabled.
    at parseError (/Users/adrianfranciscoperezgomez/Desktop/Personal Apps/vult-intel/node_modules/redis-parser/lib/parser.js:179:12)
    at parseType (/Users/adrianfranciscoperezgomez/Desktop/Personal Apps/vult-intel/node_modules/redis-parser/lib/parser.js:302:14) {
  command: { name: 'auth', args: [ 'IVB0VPnPl0urvQrpSKkbXLdEZBUfSHaP' ] }
}
Connected to Redis for persistence
Redis connection error: ReplyError: WRONGPASS invalid username-password pair or user is disabled.
    at parseError (/Users/adrianfranciscoperezgomez/Desktop/Personal Apps/vult-intel/node_modules/redis-parser/lib/parser.js:179:12)
    at parseType (/Users/adrianfranciscoperezgomez/Desktop/Personal Apps/vult-intel/node_modules/redis-parser/lib/parser.js:302:14) {
  command: { name: 'auth', args: [ 'IVB0VPnPl0urvQrpSKkbXLdEZBUfSHaP' ] }
}
ReplyError: WRONGPASS invalid username-password pair or user is disabled.
    at parseError (/Users/adrianfranciscoperezgomez/Desktop/Personal Apps/vult-intel/node_modules/redis-parser/lib/parser.js:179:12)
    at parseType (/Users/adrianfranciscoperezgomez/Desktop/Personal Apps/vult-intel/node_modules/redis-parser/lib/parser.js:302:14) {
  command: { name: 'auth', args: [ 'IVB0VPnPl0urvQrpSKkbXLdEZBUfSHaP' ] }
}
ReplyError: WRONGPASS invalid username-password pair or user is disabled.
    at parseError (/Users/adrianfranciscoperezgomez/Desktop/Personal Apps/vult-intel/node_modules/redis-parser/lib/parser.js:179:12)
    at parseType (/Users/adrianfranciscoperezgomez/Desktop/Personal Apps/vult-intel/node_modules/redis-parser/lib/parser.js:302:14) {
  command: { name: 'auth', args: [ 'IVB0VPnPl0urvQrpSKkbXLdEZBUfSHaP' ] }
}
ReplyError: WRONGPASS invalid username-password pair or user is disabled.
    at parseError (/Users/adrianfranciscoperezgomez/Desktop/Personal Apps/vult-intel/node_modules/redis-parser/lib/parser.js:179:12)
    at parseType (/Users/adrianfranciscoperezgomez/Desktop/Personal Apps/vult-intel/node_modules/redis-parser/lib/parser.js:302:14) {
  command: { name: 'auth', args: [ 'IVB0VPnPl0urvQrpSKkbXLdEZBUfSHaP' ] }
}
ReplyError: WRONGPASS invalid username-password pair or user is disabled.
    at parseError (/Users/adrianfranciscoperezgomez/Desktop/Personal Apps/vult-intel/node_modules/redis-parser/lib/parser.js:179:12)
    at parseType (/Users/adrianfranciscoperezgomez/Desktop/Personal Apps/vult-intel/node_modules/redis-parser/lib/parser.js:302:14) {
  command: { name: 'auth', args: [ 'IVB0VPnPl0urvQrpSKkbXLdEZBUfSHaP' ] }
}
ReplyError: WRONGPASS invalid username-password pair or user is disabled.
    at parseError (/Users/adrianfranciscoperezgomez/Desktop/Personal Apps/vult-intel/node_modules/redis-parser/lib/parser.js:179:12)
    at parseType (/Users/adrianfranciscoperezgomez/Desktop/Personal Apps/vult-intel/node_modules/redis-parser/lib/parser.js:302:14) {
  command: { name: 'auth', args: [ 'IVB0VPnPl0urvQrpSKkbXLdEZBUfSHaP' ] }
}
ReplyError: WRONGPASS invalid username-password pair or user is disabled.
    at parseError (/Users/adrianfranciscoperezgomez/Desktop/Personal Apps/vult-intel/node_modules/redis-parser/lib/parser.js:179:12)
    at parseType (/Users/adrianfranciscoperezgomez/Desktop/Personal Apps/vult-intel/node_modules/redis-parser/lib/parser.js:302:14) {
  command: { name: 'auth', args: [ 'IVB0VPnPl0urvQrpSKkbXLdEZBUfSHaP' ] }
}
Connected to Redis for persistence
ReplyError: WRONGPASS invalid username-password pair or user is disabled.
    at parseError (/Users/adrianfranciscoperezgomez/Desktop/Personal Apps/vult-intel/node_modules/redis-parser/lib/parser.js:179:12)
    at parseType (/Users/adrianfranciscoperezgomez/Desktop/Personal Apps/vult-intel/node_modules/redis-parser/lib/parser.js:302:14) {
  command: { name: 'auth', args: [ 'IVB0VPnPl0urvQrpSKkbXLdEZBUfSHaP' ] }
}
Redis connection error: ReplyError: WRONGPASS invalid username-password pair or user is disabled.
    at parseError (/Users/adrianfranciscoperezgomez/Desktop/Personal Apps/vult-intel/node_modules/redis-parser/lib/parser.js:179:12)
    at parseType (/Users/adrianfranciscoperezgomez/Desktop/Personal Apps/vult-intel/node_modules/redis-parser/lib/parser.js:302:14) {
  command: { name: 'auth', args: [ 'IVB0VPnPl0urvQrpSKkbXLdEZBUfSHaP' ] }
}
ReplyError: WRONGPASS invalid username-password pair or user is disabled.
    at parseError (/Users/adrianfranciscoperezgomez/Desktop/Personal Apps/vult-intel/node_modules/redis-parser/lib/parser.js:179:12)
    at parseType (/Users/adrianfranciscoperezgomez/Desktop/Personal Apps/vult-intel/node_modules/redis-parser/lib/parser.js:302:14) {
  command: { name: 'auth', args: [ 'IVB0VPnPl0urvQrpSKkbXLdEZBUfSHaP' ] }
}
ReplyError: WRONGPASS invalid username-password pair or user is disabled.
    at parseError (/Users/adrianfranciscoperezgomez/Desktop/Personal Apps/vult-intel/node_modules/redis-parser/lib/parser.js:179:12)
    at parseType (/Users/adrianfranciscoperezgomez/Desktop/Personal Apps/vult-intel/node_modules/redis-parser/lib/parser.js:302:14) {
  command: { name: 'auth', args: [ 'IVB0VPnPl0urvQrpSKkbXLdEZBUfSHaP' ] }
}
ReplyError: WRONGPASS invalid username-password pair or user is disabled.
    at parseError (/Users/adrianfranciscoperezgomez/Desktop/Personal Apps/vult-intel/node_modules/redis-parser/lib/parser.js:179:12)
    at parseType (/Users/adrianfranciscoperezgomez/Desktop/Personal Apps/vult-intel/node_modules/redis-parser/lib/parser.js:302:14) {
  command: { name: 'auth', args: [ 'IVB0VPnPl0urvQrpSKkbXLdEZBUfSHaP' ] }
}
ReplyError: WRONGPASS invalid username-password pair or user is disabled.
    at parseError (/Users/adrianfranciscoperezgomez/Desktop/Personal Apps/vult-intel/node_modules/redis-parser/lib/parser.js:179:12)
    at parseType (/Users/adrianfranciscoperezgomez/Desktop/Personal Apps/vult-intel/node_modules/redis-parser/lib/parser.js:302:14) {
  command: { name: 'auth', args: [ 'IVB0VPnPl0urvQrpSKkbXLdEZBUfSHaP' ] }
}
ReplyError: WRONGPASS invalid username-password pair or user is disabled.
    at parseError (/Users/adrianfranciscoperezgomez/Desktop/Personal Apps/vult-intel/node_modules/redis-parser/lib/parser.js:179:12)
    at parseType (/Users/adrianfranciscoperezgomez/Desktop/Personal Apps/vult-intel/node_modules/redis-parser/lib/parser.js:302:14) {
  command: { name: 'auth', args: [ 'IVB0VPnPl0urvQrpSKkbXLdEZBUfSHaP' ] }
}
Connected to Redis for persistence
ReplyError: WRONGPASS invalid username-password pair or user is disabled.
    at parseError (/Users/adrianfranciscoperezgomez/Desktop/Personal Apps/vult-intel/node_modules/redis-parser/lib/parser.js:179:12)
    at parseType (/Users/adrianfranciscoperezgomez/Desktop/Personal Apps/vult-intel/node_modules/redis-parser/lib/parser.js:302:14) {
  command: { name: 'auth', args: [ 'IVB0VPnPl0urvQrpSKkbXLdEZBUfSHaP' ] }
}
Redis connection error: ReplyError: WRONGPASS invalid username-password pair or user is disabled.
    at parseError (/Users/adrianfranciscoperezgomez/Desktop/Personal Apps/vult-intel/node_modules/redis-parser/lib/parser.js:179:12)
    at parseType (/Users/adrianfranciscoperezgomez/Desktop/Personal Apps/vult-intel/node_modules/redis-parser/lib/parser.js:302:14) {
  command: { name: 'auth', args: [ 'IVB0VPnPl0urvQrpSKkbXLdEZBUfSHaP' ] }
}
ReplyError: WRONGPASS invalid username-password pair or user is disabled.
    at parseError (/Users/adrianfranciscoperezgomez/Desktop/Personal Apps/vult-intel/node_modules/redis-parser/lib/parser.js:179:12)
    at parseType (/Users/adrianfranciscoperezgomez/Desktop/Personal Apps/vult-intel/node_modules/redis-parser/lib/parser.js:302:14) {
  command: { name: 'auth', args: [ 'IVB0VPnPl0urvQrpSKkbXLdEZBUfSHaP' ] }
}
ReplyError: WRONGPASS invalid username-password pair or user is disabled.
    at parseError (/Users/adrianfranciscoperezgomez/Desktop/Personal Apps/vult-intel/node_modules/redis-parser/lib/parser.js:179:12)
    at parseType (/Users/adrianfranciscoperezgomez/Desktop/Personal Apps/vult-intel/node_modules/redis-parser/lib/parser.js:302:14) {
  command: { name: 'auth', args: [ 'IVB0VPnPl0urvQrpSKkbXLdEZBUfSHaP' ] }
}
ReplyError: WRONGPASS invalid username-password pair or user is disabled.
    at parseError (/Users/adrianfranciscoperezgomez/Desktop/Personal Apps/vult-intel/node_modules/redis-parser/lib/parser.js:179:12)
    at parseType (/Users/adrianfranciscoperezgomez/Desktop/Personal Apps/vult-intel/node_modules/redis-parser/lib/parser.js:302:14) {
  command: { name: 'auth', args: [ 'IVB0VPnPl0urvQrpSKkbXLdEZBUfSHaP' ] }
}
ReplyError: WRONGPASS invalid username-password pair or user is disabled.
    at parseError (/Users/adrianfranciscoperezgomez/Desktop/Personal Apps/vult-intel/node_modules/redis-parser/lib/parser.js:179:12)
    at parseType (/Users/adrianfranciscoperezgomez/Desktop/Personal Apps/vult-intel/node_modules/redis-parser/lib/parser.js:302:14) {
  command: { name: 'auth', args: [ 'IVB0VPnPl0urvQrpSKkbXLdEZBUfSHaP' ] }
}
ReplyError: WRONGPASS invalid username-password pair or user is disabled.
    at parseError (/Users/adrianfranciscoperezgomez/Desktop/Personal Apps/vult-intel/node_modules/redis-parser/lib/parser.js:179:12)
    at parseType (/Users/adrianfranciscoperezgomez/Desktop/Personal Apps/vult-intel/node_modules/redis-parser/lib/parser.js:302:14) {
  command: { name: 'auth', args: [ 'IVB0VPnPl0urvQrpSKkbXLdEZBUfSHaP' ] }
}
Connected to Redis for persistence
Redis connection error: ReplyError: WRONGPASS invalid username-password pair or user is disabled.
    at parseError (/Users/adrianfranciscoperezgomez/Desktop/Personal Apps/vult-intel/node_modules/redis-parser/lib/parser.js:179:12)
    at parseType (/Users/adrianfranciscoperezgomez/Desktop/Personal Apps/vult-intel/node_modules/redis-parser/lib/parser.js:302:14) {
  command: { name: 'auth', args: [ 'IVB0VPnPl0urvQrpSKkbXLdEZBUfSHaP' ] }
}
ReplyError: WRONGPASS invalid username-password pair or user is disabled.
    at parseError (/Users/adrianfranciscoperezgomez/Desktop/Personal Apps/vult-intel/node_modules/redis-parser/lib/parser.js:179:12)
    at parseType (/Users/adrianfranciscoperezgomez/Desktop/Personal Apps/vult-intel/node_modules/redis-parser/lib/parser.js:302:14) {
  command: { name: 'auth', args: [ 'IVB0VPnPl0urvQrpSKkbXLdEZBUfSHaP' ] }
}
ReplyError: WRONGPASS invalid username-password pair or user is disabled.
    at parseError (/Users/adrianfranciscoperezgomez/Desktop/Personal Apps/vult-intel/node_modules/redis-parser/lib/parser.js:179:12)
    at parseType (/Users/adrianfranciscoperezgomez/Desktop/Personal Apps/vult-intel/node_modules/redis-parser/lib/parser.js:302:14) {
  command: { name: 'auth', args: [ 'IVB0VPnPl0urvQrpSKkbXLdEZBUfSHaP' ] }
}
ReplyError: WRONGPASS invalid username-password pair or user is disabled.
    at parseError (/Users/adrianfranciscoperezgomez/Desktop/Personal Apps/vult-intel/node_modules/redis-parser/lib/parser.js:179:12)
    at parseType (/Users/adrianfranciscoperezgomez/Desktop/Personal Apps/vult-intel/node_modules/redis-parser/lib/parser.js:302:14) {
  command: { name: 'auth', args: [ 'IVB0VPnPl0urvQrpSKkbXLdEZBUfSHaP' ] }
}
ReplyError: WRONGPASS invalid username-password pair or user is disabled.
    at parseError (/Users/adrianfranciscoperezgomez/Desktop/Personal Apps/vult-intel/node_modules/redis-parser/lib/parser.js:179:12)
    at parseType (/Users/adrianfranciscoperezgomez/Desktop/Personal Apps/vult-intel/node_modules/redis-parser/lib/parser.js:302:14) {
  command: { name: 'auth', args: [ 'IVB0VPnPl0urvQrpSKkbXLdEZBUfSHaP' ] }
}
ReplyError: WRONGPASS invalid username-password pair or user is disabled.
    at parseError (/Users/adrianfranciscoperezgomez/Desktop/Personal Apps/vult-intel/node_modules/redis-parser/lib/parser.js:179:12)
    at parseType (/Users/adrianfranciscoperezgomez/Desktop/Personal Apps/vult-intel/node_modules/redis-parser/lib/parser.js:302:14) {
  command: { name: 'auth', args: [ 'IVB0VPnPl0urvQrpSKkbXLdEZBUfSHaP' ] }
}
ReplyError: WRONGPASS invalid username-password pair or user is disabled.
    at parseError (/Users/adrianfranciscoperezgomez/Desktop/Personal Apps/vult-intel/node_modules/redis-parser/lib/parser.js:179:12)
    at parseType (/Users/adrianfranciscoperezgomez/Desktop/Personal Apps/vult-intel/node_modules/redis-parser/lib/parser.js:302:14) {
  command: { name: 'auth', args: [ 'IVB0VPnPl0urvQrpSKkbXLdEZBUfSHaP' ] }
}
Connected to Redis for persistence
ReplyError: WRONGPASS invalid username-password pair or user is disabled.
    at parseError (/Users/adrianfranciscoperezgomez/Desktop/Personal Apps/vult-intel/node_modules/redis-parser/lib/parser.js:179:12)
    at parseType (/Users/adrianfranciscoperezgomez/Desktop/Personal Apps/vult-intel/node_modules/redis-parser/lib/parser.js:302:14) {
  command: { name: 'auth', args: [ 'IVB0VPnPl0urvQrpSKkbXLdEZBUfSHaP' ] }
}
Redis connection error: ReplyError: WRONGPASS invalid username-password pair or user is disabled.
    at parseError (/Users/adrianfranciscoperezgomez/Desktop/Personal Apps/vult-intel/node_modules/redis-parser/lib/parser.js:179:12)
    at parseType (/Users/adrianfranciscoperezgomez/Desktop/Personal Apps/vult-intel/node_modules/redis-parser/lib/parser.js:302:14) {
  command: { name: 'auth', args: [ 'IVB0VPnPl0urvQrpSKkbXLdEZBUfSHaP' ] }
}
ReplyError: WRONGPASS invalid username-password pair or user is disabled.
    at parseError (/Users/adrianfranciscoperezgomez/Desktop/Personal Apps/vult-intel/node_modules/redis-parser/lib/parser.js:179:12)
    at parseType (/Users/adrianfranciscoperezgomez/Desktop/Personal Apps/vult-intel/node_modules/redis-parser/lib/parser.js:302:14) {
  command: { name: 'auth', args: [ 'IVB0VPnPl0urvQrpSKkbXLdEZBUfSHaP' ] }
}
ReplyError: WRONGPASS invalid username-password pair or user is disabled.
    at parseError (/Users/adrianfranciscoperezgomez/Desktop/Personal Apps/vult-intel/node_modules/redis-parser/lib/parser.js:179:12)
    at parseType (/Users/adrianfranciscoperezgomez/Desktop/Personal Apps/vult-intel/node_modules/redis-parser/lib/parser.js:302:14) {
  command: { name: 'auth', args: [ 'IVB0VPnPl0urvQrpSKkbXLdEZBUfSHaP' ] }
}
ReplyError: WRONGPASS invalid username-password pair or user is disabled.
    at parseError (/Users/adrianfranciscoperezgomez/Desktop/Personal Apps/vult-intel/node_modules/redis-parser/lib/parser.js:179:12)
    at parseType (/Users/adrianfranciscoperezgomez/Desktop/Personal Apps/vult-intel/node_modules/redis-parser/lib/parser.js:302:14) {
  command: { name: 'auth', args: [ 'IVB0VPnPl0urvQrpSKkbXLdEZBUfSHaP' ] }
}
ReplyError: WRONGPASS invalid username-password pair or user is disabled.
    at parseError (/Users/adrianfranciscoperezgomez/Desktop/Personal Apps/vult-intel/node_modules/redis-parser/lib/parser.js:179:12)
    at parseType (/Users/adrianfranciscoperezgomez/Desktop/Personal Apps/vult-intel/node_modules/redis-parser/lib/parser.js:302:14) {
  command: { name: 'auth', args: [ 'IVB0VPnPl0urvQrpSKkbXLdEZBUfSHaP' ] }
}
ReplyError: WRONGPASS invalid username-password pair or user is disabled.
    at parseError (/Users/adrianfranciscoperezgomez/Desktop/Personal Apps/vult-intel/node_modules/redis-parser/lib/parser.js:179:12)
    at parseType (/Users/adrianfranciscoperezgomez/Desktop/Personal Apps/vult-intel/node_modules/redis-parser/lib/parser.js:302:14) {
  command: { name: 'auth', args: [ 'IVB0VPnPl0urvQrpSKkbXLdEZBUfSHaP' ] }
}
Connected to Redis for persistence
Redis connection error: ReplyError: WRONGPASS invalid username-password pair or user is disabled.
    at parseError (/Users/adrianfranciscoperezgomez/Desktop/Personal Apps/vult-intel/node_modules/redis-parser/lib/parser.js:179:12)
    at parseType (/Users/adrianfranciscoperezgomez/Desktop/Personal Apps/vult-intel/node_modules/redis-parser/lib/parser.js:302:14) {
  command: { name: 'auth', args: [ 'IVB0VPnPl0urvQrpSKkbXLdEZBUfSHaP' ] }
}
ReplyError: WRONGPASS invalid username-password pair or user is disabled.
    at parseError (/Users/adrianfranciscoperezgomez/Desktop/Personal Apps/vult-intel/node_modules/redis-parser/lib/parser.js:179:12)
    at parseType (/Users/adrianfranciscoperezgomez/Desktop/Personal Apps/vult-intel/node_modules/redis-parser/lib/parser.js:302:14) {
  command: { name: 'auth', args: [ 'IVB0VPnPl0urvQrpSKkbXLdEZBUfSHaP' ] }
}
ReplyError: WRONGPASS invalid username-password pair or user is disabled.
    at parseError (/Users/adrianfranciscoperezgomez/Desktop/Personal Apps/vult-intel/node_modules/redis-parser/lib/parser.js:179:12)
    at parseType (/Users/adrianfranciscoperezgomez/Desktop/Personal Apps/vult-intel/node_modules/redis-parser/lib/parser.js:302:14) {
  command: { name: 'auth', args: [ 'IVB0VPnPl0urvQrpSKkbXLdEZBUfSHaP' ] }
}
ReplyError: WRONGPASS invalid username-password pair or user is disabled.
    at parseError (/Users/adrianfranciscoperezgomez/Desktop/Personal Apps/vult-intel/node_modules/redis-parser/lib/parser.js:179:12)
    at parseType (/Users/adrianfranciscoperezgomez/Desktop/Personal Apps/vult-intel/node_modules/redis-parser/lib/parser.js:302:14) {
  command: { name: 'auth', args: [ 'IVB0VPnPl0urvQrpSKkbXLdEZBUfSHaP' ] }
}
ReplyError: WRONGPASS invalid username-password pair or user is disabled.
    at parseError (/Users/adrianfranciscoperezgomez/Desktop/Personal Apps/vult-intel/node_modules/redis-parser/lib/parser.js:179:12)
    at parseType (/Users/adrianfranciscoperezgomez/Desktop/Personal Apps/vult-intel/node_modules/redis-parser/lib/parser.js:302:14) {
  command: { name: 'auth', args: [ 'IVB0VPnPl0urvQrpSKkbXLdEZBUfSHaP' ] }
}
ReplyError: WRONGPASS invalid username-password pair or user is disabled.
    at parseError (/Users/adrianfranciscoperezgomez/Desktop/Personal Apps/vult-intel/node_modules/redis-parser/lib/parser.js:179:12)
    at parseType (/Users/adrianfranciscoperezgomez/Desktop/Personal Apps/vult-intel/node_modules/redis-parser/lib/parser.js:302:14) {
  command: { name: 'auth', args: [ 'IVB0VPnPl0urvQrpSKkbXLdEZBUfSHaP' ] }
}
ReplyError: WRONGPASS invalid username-password pair or user is disabled.
    at parseError (/Users/adrianfranciscoperezgomez/Desktop/Personal Apps/vult-intel/node_modules/redis-parser/lib/parser.js:179:12)
    at parseType (/Users/adrianfranciscoperezgomez/Desktop/Personal Apps/vult-intel/node_modules/redis-parser/lib/parser.js:302:14) {
  command: { name: 'auth', args: [ 'IVB0VPnPl0urvQrpSKkbXLdEZBUfSHaP' ] }
}
Connected to Redis for persistence
Redis connection error: ReplyError: WRONGPASS invalid username-password pair or user is disabled.
    at parseError (/Users/adrianfranciscoperezgomez/Desktop/Personal Apps/vult-intel/node_modules/redis-parser/lib/parser.js:179:12)
    at parseType (/Users/adrianfranciscoperezgomez/Desktop/Personal Apps/vult-intel/node_modules/redis-parser/lib/parser.js:302:14) {
  command: { name: 'auth', args: [ 'IVB0VPnPl0urvQrpSKkbXLdEZBUfSHaP' ] }
}
ReplyError: WRONGPASS invalid username-password pair or user is disabled.
    at parseError (/Users/adrianfranciscoperezgomez/Desktop/Personal Apps/vult-intel/node_modules/redis-parser/lib/parser.js:179:12)
    at parseType (/Users/adrianfranciscoperezgomez/Desktop/Personal Apps/vult-intel/node_modules/redis-parser/lib/parser.js:302:14) {
  command: { name: 'auth', args: [ 'IVB0VPnPl0urvQrpSKkbXLdEZBUfSHaP' ] }
}
ReplyError: WRONGPASS invalid username-password pair or user is disabled.
    at parseError (/Users/adrianfranciscoperezgomez/Desktop/Personal Apps/vult-intel/node_modules/redis-parser/lib/parser.js:179:12)
    at parseType (/Users/adrianfranciscoperezgomez/Desktop/Personal Apps/vult-intel/node_modules/redis-parser/lib/parser.js:302:14) {
  command: { name: 'auth', args: [ 'IVB0VPnPl0urvQrpSKkbXLdEZBUfSHaP' ] }
}
ReplyError: WRONGPASS invalid username-password pair or user is disabled.
    at parseError (/Users/adrianfranciscoperezgomez/Desktop/Personal Apps/vult-intel/node_modules/redis-parser/lib/parser.js:179:12)
    at parseType (/Users/adrianfranciscoperezgomez/Desktop/Personal Apps/vult-intel/node_modules/redis-parser/lib/parser.js:302:14) {
  command: { name: 'auth', args: [ 'IVB0VPnPl0urvQrpSKkbXLdEZBUfSHaP' ] }
}
ReplyError: WRONGPASS invalid username-password pair or user is disabled.
    at parseError (/Users/adrianfranciscoperezgomez/Desktop/Personal Apps/vult-intel/node_modules/redis-parser/lib/parser.js:179:12)
    at parseType (/Users/adrianfranciscoperezgomez/Desktop/Personal Apps/vult-intel/node_modules/redis-parser/lib/parser.js:302:14) {
  command: { name: 'auth', args: [ 'IVB0VPnPl0urvQrpSKkbXLdEZBUfSHaP' ] }
}
ReplyError: WRONGPASS invalid username-password pair or user is disabled.
    at parseError (/Users/adrianfranciscoperezgomez/Desktop/Personal Apps/vult-intel/node_modules/redis-parser/lib/parser.js:179:12)
    at parseType (/Users/adrianfranciscoperezgomez/Desktop/Personal Apps/vult-intel/node_modules/redis-parser/lib/parser.js:302:14) {
  command: { name: 'auth', args: [ 'IVB0VPnPl0urvQrpSKkbXLdEZBUfSHaP' ] }
}
ReplyError: WRONGPASS invalid username-password pair or user is disabled.
    at parseError (/Users/adrianfranciscoperezgomez/Desktop/Personal Apps/vult-intel/node_modules/redis-parser/lib/parser.js:179:12)
    at parseType (/Users/adrianfranciscoperezgomez/Desktop/Personal Apps/vult-intel/node_modules/redis-parser/lib/parser.js:302:14) {
  command: { name: 'auth', args: [ 'IVB0VPnPl0urvQrpSKkbXLdEZBUfSHaP' ] }
}
Connected to Redis for persistence
ReplyError: WRONGPASS invalid username-password pair or user is disabled.
    at parseError (/Users/adrianfranciscoperezgomez/Desktop/Personal Apps/vult-intel/node_modules/redis-parser/lib/parser.js:179:12)
    at parseType (/Users/adrianfranciscoperezgomez/Desktop/Personal Apps/vult-intel/node_modules/redis-parser/lib/parser.js:302:14) {
  command: { name: 'auth', args: [ 'IVB0VPnPl0urvQrpSKkbXLdEZBUfSHaP' ] }
}
Redis connection error: ReplyError: WRONGPASS invalid username-password pair or user is disabled.
    at parseError (/Users/adrianfranciscoperezgomez/Desktop/Personal Apps/vult-intel/node_modules/redis-parser/lib/parser.js:179:12)
    at parseType (/Users/adrianfranciscoperezgomez/Desktop/Personal Apps/vult-intel/node_modules/redis-parser/lib/parser.js:302:14) {
  command: { name: 'auth', args: [ 'IVB0VPnPl0urvQrpSKkbXLdEZBUfSHaP' ] }
}
ReplyError: WRONGPASS invalid username-password pair or user is disabled.
    at parseError (/Users/adrianfranciscoperezgomez/Desktop/Personal Apps/vult-intel/node_modules/redis-parser/lib/parser.js:179:12)
    at parseType (/Users/adrianfranciscoperezgomez/Desktop/Personal Apps/vult-intel/node_modules/redis-parser/lib/parser.js:302:14) {
  command: { name: 'auth', args: [ 'IVB0VPnPl0urvQrpSKkbXLdEZBUfSHaP' ] }
}
ReplyError: WRONGPASS invalid username-password pair or user is disabled.
    at parseError (/Users/adrianfranciscoperezgomez/Desktop/Personal Apps/vult-intel/node_modules/redis-parser/lib/parser.js:179:12)
    at parseType (/Users/adrianfranciscoperezgomez/Desktop/Personal Apps/vult-intel/node_modules/redis-parser/lib/parser.js:302:14) {
  command: { name: 'auth', args: [ 'IVB0VPnPl0urvQrpSKkbXLdEZBUfSHaP' ] }
}
ReplyError: WRONGPASS invalid username-password pair or user is disabled.
    at parseError (/Users/adrianfranciscoperezgomez/Desktop/Personal Apps/vult-intel/node_modules/redis-parser/lib/parser.js:179:12)
    at parseType (/Users/adrianfranciscoperezgomez/Desktop/Personal Apps/vult-intel/node_modules/redis-parser/lib/parser.js:302:14) {
  command: { name: 'auth', args: [ 'IVB0VPnPl0urvQrpSKkbXLdEZBUfSHaP' ] }
}
ReplyError: WRONGPASS invalid username-password pair or user is disabled.
    at parseError (/Users/adrianfranciscoperezgomez/Desktop/Personal Apps/vult-intel/node_modules/redis-parser/lib/parser.js:179:12)
    at parseType (/Users/adrianfranciscoperezgomez/Desktop/Personal Apps/vult-intel/node_modules/redis-parser/lib/parser.js:302:14) {
  command: { name: 'auth', args: [ 'IVB0VPnPl0urvQrpSKkbXLdEZBUfSHaP' ] }
}
ReplyError: WRONGPASS invalid username-password pair or user is disabled.
    at parseError (/Users/adrianfranciscoperezgomez/Desktop/Personal Apps/vult-intel/node_modules/redis-parser/lib/parser.js:179:12)
    at parseType (/Users/adrianfranciscoperezgomez/Desktop/Personal Apps/vult-intel/node_modules/redis-parser/lib/parser.js:302:14) {
  command: { name: 'auth', args: [ 'IVB0VPnPl0urvQrpSKkbXLdEZBUfSHaP' ] }
}
Connected to Redis for persistence
Redis connection error: ReplyError: WRONGPASS invalid username-password pair or user is disabled.
    at parseError (/Users/adrianfranciscoperezgomez/Desktop/Personal Apps/vult-intel/node_modules/redis-parser/lib/parser.js:179:12)
    at parseType (/Users/adrianfranciscoperezgomez/Desktop/Personal Apps/vult-intel/node_modules/redis-parser/lib/parser.js:302:14) {
  command: { name: 'auth', args: [ 'IVB0VPnPl0urvQrpSKkbXLdEZBUfSHaP' ] }
}
ReplyError: WRONGPASS invalid username-password pair or user is disabled.
    at parseError (/Users/adrianfranciscoperezgomez/Desktop/Personal Apps/vult-intel/node_modules/redis-parser/lib/parser.js:179:12)
    at parseType (/Users/adrianfranciscoperezgomez/Desktop/Personal Apps/vult-intel/node_modules/redis-parser/lib/parser.js:302:14) {
  command: { name: 'auth', args: [ 'IVB0VPnPl0urvQrpSKkbXLdEZBUfSHaP' ] }
}
ReplyError: WRONGPASS invalid username-password pair or user is disabled.
    at parseError (/Users/adrianfranciscoperezgomez/Desktop/Personal Apps/vult-intel/node_modules/redis-parser/lib/parser.js:179:12)
    at parseType (/Users/adrianfranciscoperezgomez/Desktop/Personal Apps/vult-intel/node_modules/redis-parser/lib/parser.js:302:14) {
  command: { name: 'auth', args: [ 'IVB0VPnPl0urvQrpSKkbXLdEZBUfSHaP' ] }
}
ReplyError: WRONGPASS invalid username-password pair or user is disabled.
    at parseError (/Users/adrianfranciscoperezgomez/Desktop/Personal Apps/vult-intel/node_modules/redis-parser/lib/parser.js:179:12)
    at parseType (/Users/adrianfranciscoperezgomez/Desktop/Personal Apps/vult-intel/node_modules/redis-parser/lib/parser.js:302:14) {
  command: { name: 'auth', args: [ 'IVB0VPnPl0urvQrpSKkbXLdEZBUfSHaP' ] }
}
ReplyError: WRONGPASS invalid username-password pair or user is disabled.
    at parseError (/Users/adrianfranciscoperezgomez/Desktop/Personal Apps/vult-intel/node_modules/redis-parser/lib/parser.js:179:12)
    at parseType (/Users/adrianfranciscoperezgomez/Desktop/Personal Apps/vult-intel/node_modules/redis-parser/lib/parser.js:302:14) {
  command: { name: 'auth', args: [ 'IVB0VPnPl0urvQrpSKkbXLdEZBUfSHaP' ] }
}
ReplyError: WRONGPASS invalid username-password pair or user is disabled.
    at parseError (/Users/adrianfranciscoperezgomez/Desktop/Personal Apps/vult-intel/node_modules/redis-parser/lib/parser.js:179:12)
    at parseType (/Users/adrianfranciscoperezgomez/Desktop/Personal Apps/vult-intel/node_modules/redis-parser/lib/parser.js:302:14) {
  command: { name: 'auth', args: [ 'IVB0VPnPl0urvQrpSKkbXLdEZBUfSHaP' ] }
}
ReplyError: WRONGPASS invalid username-password pair or user is disabled.
    at parseError (/Users/adrianfranciscoperezgomez/Desktop/Personal Apps/vult-intel/node_modules/redis-parser/lib/parser.js:179:12)
    at parseType (/Users/adrianfranciscoperezgomez/Desktop/Personal Apps/vult-intel/node_modules/redis-parser/lib/parser.js:302:14) {
  command: { name: 'auth', args: [ 'IVB0VPnPl0urvQrpSKkbXLdEZBUfSHaP' ] }
}
Connected to Redis for persistence
Redis connection error: ReplyError: WRONGPASS invalid username-password pair or user is disabled.
    at parseError (/Users/adrianfranciscoperezgomez/Desktop/Personal Apps/vult-intel/node_modules/redis-parser/lib/parser.js:179:12)
    at parseType (/Users/adrianfranciscoperezgomez/Desktop/Personal Apps/vult-intel/node_modules/redis-parser/lib/parser.js:302:14) {
  command: { name: 'auth', args: [ 'IVB0VPnPl0urvQrpSKkbXLdEZBUfSHaP' ] }
}
ReplyError: WRONGPASS invalid username-password pair or user is disabled.
    at parseError (/Users/adrianfranciscoperezgomez/Desktop/Personal Apps/vult-intel/node_modules/redis-parser/lib/parser.js:179:12)
    at parseType (/Users/adrianfranciscoperezgomez/Desktop/Personal Apps/vult-intel/node_modules/redis-parser/lib/parser.js:302:14) {
  command: { name: 'auth', args: [ 'IVB0VPnPl0urvQrpSKkbXLdEZBUfSHaP' ] }
}
ReplyError: WRONGPASS invalid username-password pair or user is disabled.
    at parseError (/Users/adrianfranciscoperezgomez/Desktop/Personal Apps/vult-intel/node_modules/redis-parser/lib/parser.js:179:12)
    at parseType (/Users/adrianfranciscoperezgomez/Desktop/Personal Apps/vult-intel/node_modules/redis-parser/lib/parser.js:302:14) {
  command: { name: 'auth', args: [ 'IVB0VPnPl0urvQrpSKkbXLdEZBUfSHaP' ] }
}
ReplyError: WRONGPASS invalid username-password pair or user is disabled.
    at parseError (/Users/adrianfranciscoperezgomez/Desktop/Personal Apps/vult-intel/node_modules/redis-parser/lib/parser.js:179:12)
    at parseType (/Users/adrianfranciscoperezgomez/Desktop/Personal Apps/vult-intel/node_modules/redis-parser/lib/parser.js:302:14) {
  command: { name: 'auth', args: [ 'IVB0VPnPl0urvQrpSKkbXLdEZBUfSHaP' ] }
}
ReplyError: WRONGPASS invalid username-password pair or user is disabled.
    at parseError (/Users/adrianfranciscoperezgomez/Desktop/Personal Apps/vult-intel/node_modules/redis-parser/lib/parser.js:179:12)
    at parseType (/Users/adrianfranciscoperezgomez/Desktop/Personal Apps/vult-intel/node_modules/redis-parser/lib/parser.js:302:14) {
  command: { name: 'auth', args: [ 'IVB0VPnPl0urvQrpSKkbXLdEZBUfSHaP' ] }
}
ReplyError: WRONGPASS invalid username-password pair or user is disabled.
    at parseError (/Users/adrianfranciscoperezgomez/Desktop/Personal Apps/vult-intel/node_modules/redis-parser/lib/parser.js:179:12)
    at parseType (/Users/adrianfranciscoperezgomez/Desktop/Personal Apps/vult-intel/node_modules/redis-parser/lib/parser.js:302:14) {
  command: { name: 'auth', args: [ 'IVB0VPnPl0urvQrpSKkbXLdEZBUfSHaP' ] }
}
ReplyError: WRONGPASS invalid username-password pair or user is disabled.
    at parseError (/Users/adrianfranciscoperezgomez/Desktop/Personal Apps/vult-intel/node_modules/redis-parser/lib/parser.js:179:12)
    at parseType (/Users/adrianfranciscoperezgomez/Desktop/Personal Apps/vult-intel/node_modules/redis-parser/lib/parser.js:302:14) {
  command: { name: 'auth', args: [ 'IVB0VPnPl0urvQrpSKkbXLdEZBUfSHaP' ] }
}
Connected to Redis for persistence
Redis connection error: ReplyError: WRONGPASS invalid username-password pair or user is disabled.
    at parseError (/Users/adrianfranciscoperezgomez/Desktop/Personal Apps/vult-intel/node_modules/redis-parser/lib/parser.js:179:12)
    at parseType (/Users/adrianfranciscoperezgomez/Desktop/Personal Apps/vult-intel/node_modules/redis-parser/lib/parser.js:302:14) {
  command: { name: 'auth', args: [ 'IVB0VPnPl0urvQrpSKkbXLdEZBUfSHaP' ] }
}
ReplyError: WRONGPASS invalid username-password pair or user is disabled.
    at parseError (/Users/adrianfranciscoperezgomez/Desktop/Personal Apps/vult-intel/node_modules/redis-parser/lib/parser.js:179:12)
    at parseType (/Users/adrianfranciscoperezgomez/Desktop/Personal Apps/vult-intel/node_modules/redis-parser/lib/parser.js:302:14) {
  command: { name: 'auth', args: [ 'IVB0VPnPl0urvQrpSKkbXLdEZBUfSHaP' ] }
}
ReplyError: WRONGPASS invalid username-password pair or user is disabled.
    at parseError (/Users/adrianfranciscoperezgomez/Desktop/Personal Apps/vult-intel/node_modules/redis-parser/lib/parser.js:179:12)
    at parseType (/Users/adrianfranciscoperezgomez/Desktop/Personal Apps/vult-intel/node_modules/redis-parser/lib/parser.js:302:14) {
  command: { name: 'auth', args: [ 'IVB0VPnPl0urvQrpSKkbXLdEZBUfSHaP' ] }
}
ReplyError: WRONGPASS invalid username-password pair or user is disabled.
    at parseError (/Users/adrianfranciscoperezgomez/Desktop/Personal Apps/vult-intel/node_modules/redis-parser/lib/parser.js:179:12)
    at parseType (/Users/adrianfranciscoperezgomez/Desktop/Personal Apps/vult-intel/node_modules/redis-parser/lib/parser.js:302:14) {
  command: { name: 'auth', args: [ 'IVB0VPnPl0urvQrpSKkbXLdEZBUfSHaP' ] }
}
ReplyError: WRONGPASS invalid username-password pair or user is disabled.
    at parseError (/Users/adrianfranciscoperezgomez/Desktop/Personal Apps/vult-intel/node_modules/redis-parser/lib/parser.js:179:12)
    at parseType (/Users/adrianfranciscoperezgomez/Desktop/Personal Apps/vult-intel/node_modules/redis-parser/lib/parser.js:302:14) {
  command: { name: 'auth', args: [ 'IVB0VPnPl0urvQrpSKkbXLdEZBUfSHaP' ] }
}
ReplyError: WRONGPASS invalid username-password pair or user is disabled.
    at parseError (/Users/adrianfranciscoperezgomez/Desktop/Personal Apps/vult-intel/node_modules/redis-parser/lib/parser.js:179:12)
    at parseType (/Users/adrianfranciscoperezgomez/Desktop/Personal Apps/vult-intel/node_modules/redis-parser/lib/parser.js:302:14) {
  command: { name: 'auth', args: [ 'IVB0VPnPl0urvQrpSKkbXLdEZBUfSHaP' ] }
}
ReplyError: WRONGPASS invalid username-password pair or user is disabled.
    at parseError (/Users/adrianfranciscoperezgomez/Desktop/Personal Apps/vult-intel/node_modules/redis-parser/lib/parser.js:179:12)
    at parseType (/Users/adrianfranciscoperezgomez/Desktop/Personal Apps/vult-intel/node_modules/redis-parser/lib/parser.js:302:14) {
  command: { name: 'auth', args: [ 'IVB0VPnPl0urvQrpSKkbXLdEZBUfSHaP' ] }
}
Connected to Redis for persistence
Redis connection error: ReplyError: WRONGPASS invalid username-password pair or user is disabled.
    at parseError (/Users/adrianfranciscoperezgomez/Desktop/Personal Apps/vult-intel/node_modules/redis-parser/lib/parser.js:179:12)
    at parseType (/Users/adrianfranciscoperezgomez/Desktop/Personal Apps/vult-intel/node_modules/redis-parser/lib/parser.js:302:14) {
  command: { name: 'auth', args: [ 'IVB0VPnPl0urvQrpSKkbXLdEZBUfSHaP' ] }
}
ReplyError: WRONGPASS invalid username-password pair or user is disabled.
    at parseError (/Users/adrianfranciscoperezgomez/Desktop/Personal Apps/vult-intel/node_modules/redis-parser/lib/parser.js:179:12)
    at parseType (/Users/adrianfranciscoperezgomez/Desktop/Personal Apps/vult-intel/node_modules/redis-parser/lib/parser.js:302:14) {
  command: { name: 'auth', args: [ 'IVB0VPnPl0urvQrpSKkbXLdEZBUfSHaP' ] }
}
ReplyError: WRONGPASS invalid username-password pair or user is disabled.
    at parseError (/Users/adrianfranciscoperezgomez/Desktop/Personal Apps/vult-intel/node_modules/redis-parser/lib/parser.js:179:12)
    at parseType (/Users/adrianfranciscoperezgomez/Desktop/Personal Apps/vult-intel/node_modules/redis-parser/lib/parser.js:302:14) {
  command: { name: 'auth', args: [ 'IVB0VPnPl0urvQrpSKkbXLdEZBUfSHaP' ] }
}
ReplyError: WRONGPASS invalid username-password pair or user is disabled.
    at parseError (/Users/adrianfranciscoperezgomez/Desktop/Personal Apps/vult-intel/node_modules/redis-parser/lib/parser.js:179:12)
    at parseType (/Users/adrianfranciscoperezgomez/Desktop/Personal Apps/vult-intel/node_modules/redis-parser/lib/parser.js:302:14) {
  command: { name: 'auth', args: [ 'IVB0VPnPl0urvQrpSKkbXLdEZBUfSHaP' ] }
}
ReplyError: WRONGPASS invalid username-password pair or user is disabled.
    at parseError (/Users/adrianfranciscoperezgomez/Desktop/Personal Apps/vult-intel/node_modules/redis-parser/lib/parser.js:179:12)
    at parseType (/Users/adrianfranciscoperezgomez/Desktop/Personal Apps/vult-intel/node_modules/redis-parser/lib/parser.js:302:14) {
  command: { name: 'auth', args: [ 'IVB0VPnPl0urvQrpSKkbXLdEZBUfSHaP' ] }
}
ReplyError: WRONGPASS invalid username-password pair or user is disabled.
    at parseError (/Users/adrianfranciscoperezgomez/Desktop/Personal Apps/vult-intel/node_modules/redis-parser/lib/parser.js:179:12)
    at parseType (/Users/adrianfranciscoperezgomez/Desktop/Personal Apps/vult-intel/node_modules/redis-parser/lib/parser.js:302:14) {
  command: { name: 'auth', args: [ 'IVB0VPnPl0urvQrpSKkbXLdEZBUfSHaP' ] }
}
ReplyError: WRONGPASS invalid username-password pair or user is disabled.
    at parseError (/Users/adrianfranciscoperezgomez/Desktop/Personal Apps/vult-intel/node_modules/redis-parser/lib/parser.js:179:12)
    at parseType (/Users/adrianfranciscoperezgomez/Desktop/Personal Apps/vult-intel/node_modules/redis-parser/lib/parser.js:302:14) {
  command: { name: 'auth', args: [ 'IVB0VPnPl0urvQrpSKkbXLdEZBUfSHaP' ] }
}
Connected to Redis for persistence
ReplyError: WRONGPASS invalid username-password pair or user is disabled.
    at parseError (/Users/adrianfranciscoperezgomez/Desktop/Personal Apps/vult-intel/node_modules/redis-parser/lib/parser.js:179:12)
    at parseType (/Users/adrianfranciscoperezgomez/Desktop/Personal Apps/vult-intel/node_modules/redis-parser/lib/parser.js:302:14) {
  command: { name: 'auth', args: [ 'IVB0VPnPl0urvQrpSKkbXLdEZBUfSHaP' ] }
}
Redis connection error: ReplyError: WRONGPASS invalid username-password pair or user is disabled.
    at parseError (/Users/adrianfranciscoperezgomez/Desktop/Personal Apps/vult-intel/node_modules/redis-parser/lib/parser.js:179:12)
    at parseType (/Users/adrianfranciscoperezgomez/Desktop/Personal Apps/vult-intel/node_modules/redis-parser/lib/parser.js:302:14) {
  command: { name: 'auth', args: [ 'IVB0VPnPl0urvQrpSKkbXLdEZBUfSHaP' ] }
}
ReplyError: WRONGPASS invalid username-password pair or user is disabled.
    at parseError (/Users/adrianfranciscoperezgomez/Desktop/Personal Apps/vult-intel/node_modules/redis-parser/lib/parser.js:179:12)
    at parseType (/Users/adrianfranciscoperezgomez/Desktop/Personal Apps/vult-intel/node_modules/redis-parser/lib/parser.js:302:14) {
  command: { name: 'auth', args: [ 'IVB0VPnPl0urvQrpSKkbXLdEZBUfSHaP' ] }
}
ReplyError: WRONGPASS invalid username-password pair or user is disabled.
    at parseError (/Users/adrianfranciscoperezgomez/Desktop/Personal Apps/vult-intel/node_modules/redis-parser/lib/parser.js:179:12)
    at parseType (/Users/adrianfranciscoperezgomez/Desktop/Personal Apps/vult-intel/node_modules/redis-parser/lib/parser.js:302:14) {
  command: { name: 'auth', args: [ 'IVB0VPnPl0urvQrpSKkbXLdEZBUfSHaP' ] }
}
ReplyError: WRONGPASS invalid username-password pair or user is disabled.
    at parseError (/Users/adrianfranciscoperezgomez/Desktop/Personal Apps/vult-intel/node_modules/redis-parser/lib/parser.js:179:12)
    at parseType (/Users/adrianfranciscoperezgomez/Desktop/Personal Apps/vult-intel/node_modules/redis-parser/lib/parser.js:302:14) {
  command: { name: 'auth', args: [ 'IVB0VPnPl0urvQrpSKkbXLdEZBUfSHaP' ] }
}
ReplyError: WRONGPASS invalid username-password pair or user is disabled.
    at parseError (/Users/adrianfranciscoperezgomez/Desktop/Personal Apps/vult-intel/node_modules/redis-parser/lib/parser.js:179:12)
    at parseType (/Users/adrianfranciscoperezgomez/Desktop/Personal Apps/vult-intel/node_modules/redis-parser/lib/parser.js:302:14) {
  command: { name: 'auth', args: [ 'IVB0VPnPl0urvQrpSKkbXLdEZBUfSHaP' ] }
}
ReplyError: WRONGPASS invalid username-password pair or user is disabled.
    at parseError (/Users/adrianfranciscoperezgomez/Desktop/Personal Apps/vult-intel/node_modules/redis-parser/lib/parser.js:179:12)
    at parseType (/Users/adrianfranciscoperezgomez/Desktop/Personal Apps/vult-intel/node_modules/redis-parser/lib/parser.js:302:14) {
  command: { name: 'auth', args: [ 'IVB0VPnPl0urvQrpSKkbXLdEZBUfSHaP' ] }
}
Connected to Redis for persistence
ReplyError: WRONGPASS invalid username-password pair or user is disabled.
    at parseError (/Users/adrianfranciscoperezgomez/Desktop/Personal Apps/vult-intel/node_modules/redis-parser/lib/parser.js:179:12)
    at parseType (/Users/adrianfranciscoperezgomez/Desktop/Personal Apps/vult-intel/node_modules/redis-parser/lib/parser.js:302:14) {
  command: { name: 'auth', args: [ 'IVB0VPnPl0urvQrpSKkbXLdEZBUfSHaP' ] }
}
Redis connection error: ReplyError: WRONGPASS invalid username-password pair or user is disabled.
    at parseError (/Users/adrianfranciscoperezgomez/Desktop/Personal Apps/vult-intel/node_modules/redis-parser/lib/parser.js:179:12)
    at parseType (/Users/adrianfranciscoperezgomez/Desktop/Personal Apps/vult-intel/node_modules/redis-parser/lib/parser.js:302:14) {
  command: { name: 'auth', args: [ 'IVB0VPnPl0urvQrpSKkbXLdEZBUfSHaP' ] }
}
ReplyError: WRONGPASS invalid username-password pair or user is disabled.
    at parseError (/Users/adrianfranciscoperezgomez/Desktop/Personal Apps/vult-intel/node_modules/redis-parser/lib/parser.js:179:12)
    at parseType (/Users/adrianfranciscoperezgomez/Desktop/Personal Apps/vult-intel/node_modules/redis-parser/lib/parser.js:302:14) {
  command: { name: 'auth', args: [ 'IVB0VPnPl0urvQrpSKkbXLdEZBUfSHaP' ] }
}
ReplyError: WRONGPASS invalid username-password pair or user is disabled.
    at parseError (/Users/adrianfranciscoperezgomez/Desktop/Personal Apps/vult-intel/node_modules/redis-parser/lib/parser.js:179:12)
    at parseType (/Users/adrianfranciscoperezgomez/Desktop/Personal Apps/vult-intel/node_modules/redis-parser/lib/parser.js:302:14) {
  command: { name: 'auth', args: [ 'IVB0VPnPl0urvQrpSKkbXLdEZBUfSHaP' ] }
}
ReplyError: WRONGPASS invalid username-password pair or user is disabled.
    at parseError (/Users/adrianfranciscoperezgomez/Desktop/Personal Apps/vult-intel/node_modules/redis-parser/lib/parser.js:179:12)
    at parseType (/Users/adrianfranciscoperezgomez/Desktop/Personal Apps/vult-intel/node_modules/redis-parser/lib/parser.js:302:14) {
  command: { name: 'auth', args: [ 'IVB0VPnPl0urvQrpSKkbXLdEZBUfSHaP' ] }
}
ReplyError: WRONGPASS invalid username-password pair or user is disabled.
    at parseError (/Users/adrianfranciscoperezgomez/Desktop/Personal Apps/vult-intel/node_modules/redis-parser/lib/parser.js:179:12)
    at parseType (/Users/adrianfranciscoperezgomez/Desktop/Personal Apps/vult-intel/node_modules/redis-parser/lib/parser.js:302:14) {
  command: { name: 'auth', args: [ 'IVB0VPnPl0urvQrpSKkbXLdEZBUfSHaP' ] }
}
ReplyError: WRONGPASS invalid username-password pair or user is disabled.
    at parseError (/Users/adrianfranciscoperezgomez/Desktop/Personal Apps/vult-intel/node_modules/redis-parser/lib/parser.js:179:12)
    at parseType (/Users/adrianfranciscoperezgomez/Desktop/Personal Apps/vult-intel/node_modules/redis-parser/lib/parser.js:302:14) {
  command: { name: 'auth', args: [ 'IVB0VPnPl0urvQrpSKkbXLdEZBUfSHaP' ] }
}
Connected to Redis for persistence
ReplyError: WRONGPASS invalid username-password pair or user is disabled.
    at parseError (/Users/adrianfranciscoperezgomez/Desktop/Personal Apps/vult-intel/node_modules/redis-parser/lib/parser.js:179:12)
    at parseType (/Users/adrianfranciscoperezgomez/Desktop/Personal Apps/vult-intel/node_modules/redis-parser/lib/parser.js:302:14) {
  command: { name: 'auth', args: [ 'IVB0VPnPl0urvQrpSKkbXLdEZBUfSHaP' ] }
}
Redis connection error: ReplyError: WRONGPASS invalid username-password pair or user is disabled.
    at parseError (/Users/adrianfranciscoperezgomez/Desktop/Personal Apps/vult-intel/node_modules/redis-parser/lib/parser.js:179:12)
    at parseType (/Users/adrianfranciscoperezgomez/Desktop/Personal Apps/vult-intel/node_modules/redis-parser/lib/parser.js:302:14) {
  command: { name: 'auth', args: [ 'IVB0VPnPl0urvQrpSKkbXLdEZBUfSHaP' ] }
}
ReplyError: WRONGPASS invalid username-password pair or user is disabled.
    at parseError (/Users/adrianfranciscoperezgomez/Desktop/Personal Apps/vult-intel/node_modules/redis-parser/lib/parser.js:179:12)
    at parseType (/Users/adrianfranciscoperezgomez/Desktop/Personal Apps/vult-intel/node_modules/redis-parser/lib/parser.js:302:14) {
  command: { name: 'auth', args: [ 'IVB0VPnPl0urvQrpSKkbXLdEZBUfSHaP' ] }
}
ReplyError: WRONGPASS invalid username-password pair or user is disabled.
    at parseError (/Users/adrianfranciscoperezgomez/Desktop/Personal Apps/vult-intel/node_modules/redis-parser/lib/parser.js:179:12)
    at parseType (/Users/adrianfranciscoperezgomez/Desktop/Personal Apps/vult-intel/node_modules/redis-parser/lib/parser.js:302:14) {
  command: { name: 'auth', args: [ 'IVB0VPnPl0urvQrpSKkbXLdEZBUfSHaP' ] }
}
ReplyError: WRONGPASS invalid username-password pair or user is disabled.
    at parseError (/Users/adrianfranciscoperezgomez/Desktop/Personal Apps/vult-intel/node_modules/redis-parser/lib/parser.js:179:12)
    at parseType (/Users/adrianfranciscoperezgomez/Desktop/Personal Apps/vult-intel/node_modules/redis-parser/lib/parser.js:302:14) {
  command: { name: 'auth', args: [ 'IVB0VPnPl0urvQrpSKkbXLdEZBUfSHaP' ] }
}
ReplyError: WRONGPASS invalid username-password pair or user is disabled.
    at parseError (/Users/adrianfranciscoperezgomez/Desktop/Personal Apps/vult-intel/node_modules/redis-parser/lib/parser.js:179:12)
    at parseType (/Users/adrianfranciscoperezgomez/Desktop/Personal Apps/vult-intel/node_modules/redis-parser/lib/parser.js:302:14) {
  command: { name: 'auth', args: [ 'IVB0VPnPl0urvQrpSKkbXLdEZBUfSHaP' ] }
}
ReplyError: WRONGPASS invalid username-password pair or user is disabled.
    at parseError (/Users/adrianfranciscoperezgomez/Desktop/Personal Apps/vult-intel/node_modules/redis-parser/lib/parser.js:179:12)
    at parseType (/Users/adrianfranciscoperezgomez/Desktop/Personal Apps/vult-intel/node_modules/redis-parser/lib/parser.js:302:14) {
  command: { name: 'auth', args: [ 'IVB0VPnPl0urvQrpSKkbXLdEZBUfSHaP' ] }
}
Connected to Redis for persistence
ReplyError: WRONGPASS invalid username-password pair or user is disabled.
    at parseError (/Users/adrianfranciscoperezgomez/Desktop/Personal Apps/vult-intel/node_modules/redis-parser/lib/parser.js:179:12)
    at parseType (/Users/adrianfranciscoperezgomez/Desktop/Personal Apps/vult-intel/node_modules/redis-parser/lib/parser.js:302:14) {
  command: { name: 'auth', args: [ 'IVB0VPnPl0urvQrpSKkbXLdEZBUfSHaP' ] }
}
Redis connection error: ReplyError: WRONGPASS invalid username-password pair or user is disabled.
    at parseError (/Users/adrianfranciscoperezgomez/Desktop/Personal Apps/vult-intel/node_modules/redis-parser/lib/parser.js:179:12)
    at parseType (/Users/adrianfranciscoperezgomez/Desktop/Personal Apps/vult-intel/node_modules/redis-parser/lib/parser.js:302:14) {
  command: { name: 'auth', args: [ 'IVB0VPnPl0urvQrpSKkbXLdEZBUfSHaP' ] }
}
ReplyError: WRONGPASS invalid username-password pair or user is disabled.
    at parseError (/Users/adrianfranciscoperezgomez/Desktop/Personal Apps/vult-intel/node_modules/redis-parser/lib/parser.js:179:12)
    at parseType (/Users/adrianfranciscoperezgomez/Desktop/Personal Apps/vult-intel/node_modules/redis-parser/lib/parser.js:302:14) {
  command: { name: 'auth', args: [ 'IVB0VPnPl0urvQrpSKkbXLdEZBUfSHaP' ] }
}
ReplyError: WRONGPASS invalid username-password pair or user is disabled.
    at parseError (/Users/adrianfranciscoperezgomez/Desktop/Personal Apps/vult-intel/node_modules/redis-parser/lib/parser.js:179:12)
    at parseType (/Users/adrianfranciscoperezgomez/Desktop/Personal Apps/vult-intel/node_modules/redis-parser/lib/parser.js:302:14) {
  command: { name: 'auth', args: [ 'IVB0VPnPl0urvQrpSKkbXLdEZBUfSHaP' ] }
}
ReplyError: WRONGPASS invalid username-password pair or user is disabled.
    at parseError (/Users/adrianfranciscoperezgomez/Desktop/Personal Apps/vult-intel/node_modules/redis-parser/lib/parser.js:179:12)
    at parseType (/Users/adrianfranciscoperezgomez/Desktop/Personal Apps/vult-intel/node_modules/redis-parser/lib/parser.js:302:14) {
  command: { name: 'auth', args: [ 'IVB0VPnPl0urvQrpSKkbXLdEZBUfSHaP' ] }
}
ReplyError: WRONGPASS invalid username-password pair or user is disabled.
    at parseError (/Users/adrianfranciscoperezgomez/Desktop/Personal Apps/vult-intel/node_modules/redis-parser/lib/parser.js:179:12)
    at parseType (/Users/adrianfranciscoperezgomez/Desktop/Personal Apps/vult-intel/node_modules/redis-parser/lib/parser.js:302:14) {
  command: { name: 'auth', args: [ 'IVB0VPnPl0urvQrpSKkbXLdEZBUfSHaP' ] }
}
ReplyError: WRONGPASS invalid username-password pair or user is disabled.
    at parseError (/Users/adrianfranciscoperezgomez/Desktop/Personal Apps/vult-intel/node_modules/redis-parser/lib/parser.js:179:12)
    at parseType (/Users/adrianfranciscoperezgomez/Desktop/Personal Apps/vult-intel/node_modules/redis-parser/lib/parser.js:302:14) {
  command: { name: 'auth', args: [ 'IVB0VPnPl0urvQrpSKkbXLdEZBUfSHaP' ] }
}
Connected to Redis for persistence
ReplyError: WRONGPASS invalid username-password pair or user is disabled.
    at parseError (/Users/adrianfranciscoperezgomez/Desktop/Personal Apps/vult-intel/node_modules/redis-parser/lib/parser.js:179:12)
    at parseType (/Users/adrianfranciscoperezgomez/Desktop/Personal Apps/vult-intel/node_modules/redis-parser/lib/parser.js:302:14) {
  command: { name: 'auth', args: [ 'IVB0VPnPl0urvQrpSKkbXLdEZBUfSHaP' ] }
}
Redis connection error: ReplyError: WRONGPASS invalid username-password pair or user is disabled.
    at parseError (/Users/adrianfranciscoperezgomez/Desktop/Personal Apps/vult-intel/node_modules/redis-parser/lib/parser.js:179:12)
    at parseType (/Users/adrianfranciscoperezgomez/Desktop/Personal Apps/vult-intel/node_modules/redis-parser/lib/parser.js:302:14) {
  command: { name: 'auth', args: [ 'IVB0VPnPl0urvQrpSKkbXLdEZBUfSHaP' ] }
}
ReplyError: WRONGPASS invalid username-password pair or user is disabled.
    at parseError (/Users/adrianfranciscoperezgomez/Desktop/Personal Apps/vult-intel/node_modules/redis-parser/lib/parser.js:179:12)
    at parseType (/Users/adrianfranciscoperezgomez/Desktop/Personal Apps/vult-intel/node_modules/redis-parser/lib/parser.js:302:14) {
  command: { name: 'auth', args: [ 'IVB0VPnPl0urvQrpSKkbXLdEZBUfSHaP' ] }
}
ReplyError: WRONGPASS invalid username-password pair or user is disabled.
    at parseError (/Users/adrianfranciscoperezgomez/Desktop/Personal Apps/vult-intel/node_modules/redis-parser/lib/parser.js:179:12)
    at parseType (/Users/adrianfranciscoperezgomez/Desktop/Personal Apps/vult-intel/node_modules/redis-parser/lib/parser.js:302:14) {
  command: { name: 'auth', args: [ 'IVB0VPnPl0urvQrpSKkbXLdEZBUfSHaP' ] }
}
ReplyError: WRONGPASS invalid username-password pair or user is disabled.
    at parseError (/Users/adrianfranciscoperezgomez/Desktop/Personal Apps/vult-intel/node_modules/redis-parser/lib/parser.js:179:12)
    at parseType (/Users/adrianfranciscoperezgomez/Desktop/Personal Apps/vult-intel/node_modules/redis-parser/lib/parser.js:302:14) {
  command: { name: 'auth', args: [ 'IVB0VPnPl0urvQrpSKkbXLdEZBUfSHaP' ] }
}
ReplyError: WRONGPASS invalid username-password pair or user is disabled.
    at parseError (/Users/adrianfranciscoperezgomez/Desktop/Personal Apps/vult-intel/node_modules/redis-parser/lib/parser.js:179:12)
    at parseType (/Users/adrianfranciscoperezgomez/Desktop/Personal Apps/vult-intel/node_modules/redis-parser/lib/parser.js:302:14) {
  command: { name: 'auth', args: [ 'IVB0VPnPl0urvQrpSKkbXLdEZBUfSHaP' ] }
}
ReplyError: WRONGPASS invalid username-password pair or user is disabled.
    at parseError (/Users/adrianfranciscoperezgomez/Desktop/Personal Apps/vult-intel/node_modules/redis-parser/lib/parser.js:179:12)
    at parseType (/Users/adrianfranciscoperezgomez/Desktop/Personal Apps/vult-intel/node_modules/redis-parser/lib/parser.js:302:14) {
  command: { name: 'auth', args: [ 'IVB0VPnPl0urvQrpSKkbXLdEZBUfSHaP' ] }
}
Connected to Redis for persistence
ReplyError: WRONGPASS invalid username-password pair or user is disabled.
    at parseError (/Users/adrianfranciscoperezgomez/Desktop/Personal Apps/vult-intel/node_modules/redis-parser/lib/parser.js:179:12)
    at parseType (/Users/adrianfranciscoperezgomez/Desktop/Personal Apps/vult-intel/node_modules/redis-parser/lib/parser.js:302:14) {
  command: { name: 'auth', args: [ 'IVB0VPnPl0urvQrpSKkbXLdEZBUfSHaP' ] }
}
Redis connection error: ReplyError: WRONGPASS invalid username-password pair or user is disabled.
    at parseError (/Users/adrianfranciscoperezgomez/Desktop/Personal Apps/vult-intel/node_modules/redis-parser/lib/parser.js:179:12)
    at parseType (/Users/adrianfranciscoperezgomez/Desktop/Personal Apps/vult-intel/node_modules/redis-parser/lib/parser.js:302:14) {
  command: { name: 'auth', args: [ 'IVB0VPnPl0urvQrpSKkbXLdEZBUfSHaP' ] }
}
ReplyError: WRONGPASS invalid username-password pair or user is disabled.
    at parseError (/Users/adrianfranciscoperezgomez/Desktop/Personal Apps/vult-intel/node_modules/redis-parser/lib/parser.js:179:12)
    at parseType (/Users/adrianfranciscoperezgomez/Desktop/Personal Apps/vult-intel/node_modules/redis-parser/lib/parser.js:302:14) {
  command: { name: 'auth', args: [ 'IVB0VPnPl0urvQrpSKkbXLdEZBUfSHaP' ] }
}
ReplyError: WRONGPASS invalid username-password pair or user is disabled.
    at parseError (/Users/adrianfranciscoperezgomez/Desktop/Personal Apps/vult-intel/node_modules/redis-parser/lib/parser.js:179:12)
    at parseType (/Users/adrianfranciscoperezgomez/Desktop/Personal Apps/vult-intel/node_modules/redis-parser/lib/parser.js:302:14) {
  command: { name: 'auth', args: [ 'IVB0VPnPl0urvQrpSKkbXLdEZBUfSHaP' ] }
}
ReplyError: WRONGPASS invalid username-password pair or user is disabled.
    at parseError (/Users/adrianfranciscoperezgomez/Desktop/Personal Apps/vult-intel/node_modules/redis-parser/lib/parser.js:179:12)
    at parseType (/Users/adrianfranciscoperezgomez/Desktop/Personal Apps/vult-intel/node_modules/redis-parser/lib/parser.js:302:14) {
  command: { name: 'auth', args: [ 'IVB0VPnPl0urvQrpSKkbXLdEZBUfSHaP' ] }
}
ReplyError: WRONGPASS invalid username-password pair or user is disabled.
    at parseError (/Users/adrianfranciscoperezgomez/Desktop/Personal Apps/vult-intel/node_modules/redis-parser/lib/parser.js:179:12)
    at parseType (/Users/adrianfranciscoperezgomez/Desktop/Personal Apps/vult-intel/node_modules/redis-parser/lib/parser.js:302:14) {
  command: { name: 'auth', args: [ 'IVB0VPnPl0urvQrpSKkbXLdEZBUfSHaP' ] }
}
ReplyError: WRONGPASS invalid username-password pair or user is disabled.
    at parseError (/Users/adrianfranciscoperezgomez/Desktop/Personal Apps/vult-intel/node_modules/redis-parser/lib/parser.js:179:12)
    at parseType (/Users/adrianfranciscoperezgomez/Desktop/Personal Apps/vult-intel/node_modules/redis-parser/lib/parser.js:302:14) {
  command: { name: 'auth', args: [ 'IVB0VPnPl0urvQrpSKkbXLdEZBUfSHaP' ] }
}
Connected to Redis for persistence
ReplyError: WRONGPASS invalid username-password pair or user is disabled.
    at parseError (/Users/adrianfranciscoperezgomez/Desktop/Personal Apps/vult-intel/node_modules/redis-parser/lib/parser.js:179:12)
    at parseType (/Users/adrianfranciscoperezgomez/Desktop/Personal Apps/vult-intel/node_modules/redis-parser/lib/parser.js:302:14) {
  command: { name: 'auth', args: [ 'IVB0VPnPl0urvQrpSKkbXLdEZBUfSHaP' ] }
}
Redis connection error: ReplyError: WRONGPASS invalid username-password pair or user is disabled.
    at parseError (/Users/adrianfranciscoperezgomez/Desktop/Personal Apps/vult-intel/node_modules/redis-parser/lib/parser.js:179:12)
    at parseType (/Users/adrianfranciscoperezgomez/Desktop/Personal Apps/vult-intel/node_modules/redis-parser/lib/parser.js:302:14) {
  command: { name: 'auth', args: [ 'IVB0VPnPl0urvQrpSKkbXLdEZBUfSHaP' ] }
}
ReplyError: WRONGPASS invalid username-password pair or user is disabled.
    at parseError (/Users/adrianfranciscoperezgomez/Desktop/Personal Apps/vult-intel/node_modules/redis-parser/lib/parser.js:179:12)
    at parseType (/Users/adrianfranciscoperezgomez/Desktop/Personal Apps/vult-intel/node_modules/redis-parser/lib/parser.js:302:14) {
  command: { name: 'auth', args: [ 'IVB0VPnPl0urvQrpSKkbXLdEZBUfSHaP' ] }
}
ReplyError: WRONGPASS invalid username-password pair or user is disabled.
    at parseError (/Users/adrianfranciscoperezgomez/Desktop/Personal Apps/vult-intel/node_modules/redis-parser/lib/parser.js:179:12)
    at parseType (/Users/adrianfranciscoperezgomez/Desktop/Personal Apps/vult-intel/node_modules/redis-parser/lib/parser.js:302:14) {
  command: { name: 'auth', args: [ 'IVB0VPnPl0urvQrpSKkbXLdEZBUfSHaP' ] }
}
ReplyError: WRONGPASS invalid username-password pair or user is disabled.
    at parseError (/Users/adrianfranciscoperezgomez/Desktop/Personal Apps/vult-intel/node_modules/redis-parser/lib/parser.js:179:12)
    at parseType (/Users/adrianfranciscoperezgomez/Desktop/Personal Apps/vult-intel/node_modules/redis-parser/lib/parser.js:302:14) {
  command: { name: 'auth', args: [ 'IVB0VPnPl0urvQrpSKkbXLdEZBUfSHaP' ] }
}
ReplyError: WRONGPASS invalid username-password pair or user is disabled.
    at parseError (/Users/adrianfranciscoperezgomez/Desktop/Personal Apps/vult-intel/node_modules/redis-parser/lib/parser.js:179:12)
    at parseType (/Users/adrianfranciscoperezgomez/Desktop/Personal Apps/vult-intel/node_modules/redis-parser/lib/parser.js:302:14) {
  command: { name: 'auth', args: [ 'IVB0VPnPl0urvQrpSKkbXLdEZBUfSHaP' ] }
}
ReplyError: WRONGPASS invalid username-password pair or user is disabled.
    at parseError (/Users/adrianfranciscoperezgomez/Desktop/Personal Apps/vult-intel/node_modules/redis-parser/lib/parser.js:179:12)
    at parseType (/Users/adrianfranciscoperezgomez/Desktop/Personal Apps/vult-intel/node_modules/redis-parser/lib/parser.js:302:14) {
  command: { name: 'auth', args: [ 'IVB0VPnPl0urvQrpSKkbXLdEZBUfSHaP' ] }
}
Connected to Redis for persistence
ReplyError: WRONGPASS invalid username-password pair or user is disabled.
    at parseError (/Users/adrianfranciscoperezgomez/Desktop/Personal Apps/vult-intel/node_modules/redis-parser/lib/parser.js:179:12)
    at parseType (/Users/adrianfranciscoperezgomez/Desktop/Personal Apps/vult-intel/node_modules/redis-parser/lib/parser.js:302:14) {
  command: { name: 'auth', args: [ 'IVB0VPnPl0urvQrpSKkbXLdEZBUfSHaP' ] }
}
Redis connection error: ReplyError: WRONGPASS invalid username-password pair or user is disabled.
    at parseError (/Users/adrianfranciscoperezgomez/Desktop/Personal Apps/vult-intel/node_modules/redis-parser/lib/parser.js:179:12)
    at parseType (/Users/adrianfranciscoperezgomez/Desktop/Personal Apps/vult-intel/node_modules/redis-parser/lib/parser.js:302:14) {
  command: { name: 'auth', args: [ 'IVB0VPnPl0urvQrpSKkbXLdEZBUfSHaP' ] }
}
ReplyError: WRONGPASS invalid username-password pair or user is disabled.
    at parseError (/Users/adrianfranciscoperezgomez/Desktop/Personal Apps/vult-intel/node_modules/redis-parser/lib/parser.js:179:12)
    at parseType (/Users/adrianfranciscoperezgomez/Desktop/Personal Apps/vult-intel/node_modules/redis-parser/lib/parser.js:302:14) {
  command: { name: 'auth', args: [ 'IVB0VPnPl0urvQrpSKkbXLdEZBUfSHaP' ] }
}
ReplyError: WRONGPASS invalid username-password pair or user is disabled.
    at parseError (/Users/adrianfranciscoperezgomez/Desktop/Personal Apps/vult-intel/node_modules/redis-parser/lib/parser.js:179:12)
    at parseType (/Users/adrianfranciscoperezgomez/Desktop/Personal Apps/vult-intel/node_modules/redis-parser/lib/parser.js:302:14) {
  command: { name: 'auth', args: [ 'IVB0VPnPl0urvQrpSKkbXLdEZBUfSHaP' ] }
}
ReplyError: WRONGPASS invalid username-password pair or user is disabled.
    at parseError (/Users/adrianfranciscoperezgomez/Desktop/Personal Apps/vult-intel/node_modules/redis-parser/lib/parser.js:179:12)
    at parseType (/Users/adrianfranciscoperezgomez/Desktop/Personal Apps/vult-intel/node_modules/redis-parser/lib/parser.js:302:14) {
  command: { name: 'auth', args: [ 'IVB0VPnPl0urvQrpSKkbXLdEZBUfSHaP' ] }
}
ReplyError: WRONGPASS invalid username-password pair or user is disabled.
    at parseError (/Users/adrianfranciscoperezgomez/Desktop/Personal Apps/vult-intel/node_modules/redis-parser/lib/parser.js:179:12)
    at parseType (/Users/adrianfranciscoperezgomez/Desktop/Personal Apps/vult-intel/node_modules/redis-parser/lib/parser.js:302:14) {
  command: { name: 'auth', args: [ 'IVB0VPnPl0urvQrpSKkbXLdEZBUfSHaP' ] }
}
ReplyError: WRONGPASS invalid username-password pair or user is disabled.
    at parseError (/Users/adrianfranciscoperezgomez/Desktop/Personal Apps/vult-intel/node_modules/redis-parser/lib/parser.js:179:12)
    at parseType (/Users/adrianfranciscoperezgomez/Desktop/Personal Apps/vult-intel/node_modules/redis-parser/lib/parser.js:302:14) {
  command: { name: 'auth', args: [ 'IVB0VPnPl0urvQrpSKkbXLdEZBUfSHaP' ] }
}
Connected to Redis for persistence
ReplyError: WRONGPASS invalid username-password pair or user is disabled.
    at parseError (/Users/adrianfranciscoperezgomez/Desktop/Personal Apps/vult-intel/node_modules/redis-parser/lib/parser.js:179:12)
    at parseType (/Users/adrianfranciscoperezgomez/Desktop/Personal Apps/vult-intel/node_modules/redis-parser/lib/parser.js:302:14) {
  command: { name: 'auth', args: [ 'IVB0VPnPl0urvQrpSKkbXLdEZBUfSHaP' ] }
}
Redis connection error: ReplyError: WRONGPASS invalid username-password pair or user is disabled.
    at parseError (/Users/adrianfranciscoperezgomez/Desktop/Personal Apps/vult-intel/node_modules/redis-parser/lib/parser.js:179:12)
    at parseType (/Users/adrianfranciscoperezgomez/Desktop/Personal Apps/vult-intel/node_modules/redis-parser/lib/parser.js:302:14) {
  command: { name: 'auth', args: [ 'IVB0VPnPl0urvQrpSKkbXLdEZBUfSHaP' ] }
}
ReplyError: WRONGPASS invalid username-password pair or user is disabled.
    at parseError (/Users/adrianfranciscoperezgomez/Desktop/Personal Apps/vult-intel/node_modules/redis-parser/lib/parser.js:179:12)
    at parseType (/Users/adrianfranciscoperezgomez/Desktop/Personal Apps/vult-intel/node_modules/redis-parser/lib/parser.js:302:14) {
  command: { name: 'auth', args: [ 'IVB0VPnPl0urvQrpSKkbXLdEZBUfSHaP' ] }
}
ReplyError: WRONGPASS invalid username-password pair or user is disabled.
    at parseError (/Users/adrianfranciscoperezgomez/Desktop/Personal Apps/vult-intel/node_modules/redis-parser/lib/parser.js:179:12)
    at parseType (/Users/adrianfranciscoperezgomez/Desktop/Personal Apps/vult-intel/node_modules/redis-parser/lib/parser.js:302:14) {
  command: { name: 'auth', args: [ 'IVB0VPnPl0urvQrpSKkbXLdEZBUfSHaP' ] }
}
ReplyError: WRONGPASS invalid username-password pair or user is disabled.
    at parseError (/Users/adrianfranciscoperezgomez/Desktop/Personal Apps/vult-intel/node_modules/redis-parser/lib/parser.js:179:12)
    at parseType (/Users/adrianfranciscoperezgomez/Desktop/Personal Apps/vult-intel/node_modules/redis-parser/lib/parser.js:302:14) {
  command: { name: 'auth', args: [ 'IVB0VPnPl0urvQrpSKkbXLdEZBUfSHaP' ] }
}
ReplyError: WRONGPASS invalid username-password pair or user is disabled.
    at parseError (/Users/adrianfranciscoperezgomez/Desktop/Personal Apps/vult-intel/node_modules/redis-parser/lib/parser.js:179:12)
    at parseType (/Users/adrianfranciscoperezgomez/Desktop/Personal Apps/vult-intel/node_modules/redis-parser/lib/parser.js:302:14) {
  command: { name: 'auth', args: [ 'IVB0VPnPl0urvQrpSKkbXLdEZBUfSHaP' ] }
}
ReplyError: WRONGPASS invalid username-password pair or user is disabled.
    at parseError (/Users/adrianfranciscoperezgomez/Desktop/Personal Apps/vult-intel/node_modules/redis-parser/lib/parser.js:179:12)
    at parseType (/Users/adrianfranciscoperezgomez/Desktop/Personal Apps/vult-intel/node_modules/redis-parser/lib/parser.js:302:14) {
  command: { name: 'auth', args: [ 'IVB0VPnPl0urvQrpSKkbXLdEZBUfSHaP' ] }
}
Connected to Redis for persistence
ReplyError: WRONGPASS invalid username-password pair or user is disabled.
    at parseError (/Users/adrianfranciscoperezgomez/Desktop/Personal Apps/vult-intel/node_modules/redis-parser/lib/parser.js:179:12)
    at parseType (/Users/adrianfranciscoperezgomez/Desktop/Personal Apps/vult-intel/node_modules/redis-parser/lib/parser.js:302:14) {
  command: { name: 'auth', args: [ 'IVB0VPnPl0urvQrpSKkbXLdEZBUfSHaP' ] }
}
Redis connection error: ReplyError: WRONGPASS invalid username-password pair or user is disabled.
    at parseError (/Users/adrianfranciscoperezgomez/Desktop/Personal Apps/vult-intel/node_modules/redis-parser/lib/parser.js:179:12)
    at parseType (/Users/adrianfranciscoperezgomez/Desktop/Personal Apps/vult-intel/node_modules/redis-parser/lib/parser.js:302:14) {
  command: { name: 'auth', args: [ 'IVB0VPnPl0urvQrpSKkbXLdEZBUfSHaP' ] }
}
ReplyError: WRONGPASS invalid username-password pair or user is disabled.
    at parseError (/Users/adrianfranciscoperezgomez/Desktop/Personal Apps/vult-intel/node_modules/redis-parser/lib/parser.js:179:12)
    at parseType (/Users/adrianfranciscoperezgomez/Desktop/Personal Apps/vult-intel/node_modules/redis-parser/lib/parser.js:302:14) {
  command: { name: 'auth', args: [ 'IVB0VPnPl0urvQrpSKkbXLdEZBUfSHaP' ] }
}
ReplyError: WRONGPASS invalid username-password pair or user is disabled.
    at parseError (/Users/adrianfranciscoperezgomez/Desktop/Personal Apps/vult-intel/node_modules/redis-parser/lib/parser.js:179:12)
    at parseType (/Users/adrianfranciscoperezgomez/Desktop/Personal Apps/vult-intel/node_modules/redis-parser/lib/parser.js:302:14) {
  command: { name: 'auth', args: [ 'IVB0VPnPl0urvQrpSKkbXLdEZBUfSHaP' ] }
}
ReplyError: WRONGPASS invalid username-password pair or user is disabled.
    at parseError (/Users/adrianfranciscoperezgomez/Desktop/Personal Apps/vult-intel/node_modules/redis-parser/lib/parser.js:179:12)
    at parseType (/Users/adrianfranciscoperezgomez/Desktop/Personal Apps/vult-intel/node_modules/redis-parser/lib/parser.js:302:14) {
  command: { name: 'auth', args: [ 'IVB0VPnPl0urvQrpSKkbXLdEZBUfSHaP' ] }
}
ReplyError: WRONGPASS invalid username-password pair or user is disabled.
    at parseError (/Users/adrianfranciscoperezgomez/Desktop/Personal Apps/vult-intel/node_modules/redis-parser/lib/parser.js:179:12)
    at parseType (/Users/adrianfranciscoperezgomez/Desktop/Personal Apps/vult-intel/node_modules/redis-parser/lib/parser.js:302:14) {
  command: { name: 'auth', args: [ 'IVB0VPnPl0urvQrpSKkbXLdEZBUfSHaP' ] }
}
ReplyError: WRONGPASS invalid username-password pair or user is disabled.
    at parseError (/Users/adrianfranciscoperezgomez/Desktop/Personal Apps/vult-intel/node_modules/redis-parser/lib/parser.js:179:12)
    at parseType (/Users/adrianfranciscoperezgomez/Desktop/Personal Apps/vult-intel/node_modules/redis-parser/lib/parser.js:302:14) {
  command: { name: 'auth', args: [ 'IVB0VPnPl0urvQrpSKkbXLdEZBUfSHaP' ] }
}
Connected to Redis for persistence
ReplyError: WRONGPASS invalid username-password pair or user is disabled.
    at parseError (/Users/adrianfranciscoperezgomez/Desktop/Personal Apps/vult-intel/node_modules/redis-parser/lib/parser.js:179:12)
    at parseType (/Users/adrianfranciscoperezgomez/Desktop/Personal Apps/vult-intel/node_modules/redis-parser/lib/parser.js:302:14) {
  command: { name: 'auth', args: [ 'IVB0VPnPl0urvQrpSKkbXLdEZBUfSHaP' ] }
}
Redis connection error: ReplyError: WRONGPASS invalid username-password pair or user is disabled.
    at parseError (/Users/adrianfranciscoperezgomez/Desktop/Personal Apps/vult-intel/node_modules/redis-parser/lib/parser.js:179:12)
    at parseType (/Users/adrianfranciscoperezgomez/Desktop/Personal Apps/vult-intel/node_modules/redis-parser/lib/parser.js:302:14) {
  command: { name: 'auth', args: [ 'IVB0VPnPl0urvQrpSKkbXLdEZBUfSHaP' ] }
}
ReplyError: WRONGPASS invalid username-password pair or user is disabled.
    at parseError (/Users/adrianfranciscoperezgomez/Desktop/Personal Apps/vult-intel/node_modules/redis-parser/lib/parser.js:179:12)
    at parseType (/Users/adrianfranciscoperezgomez/Desktop/Personal Apps/vult-intel/node_modules/redis-parser/lib/parser.js:302:14) {
  command: { name: 'auth', args: [ 'IVB0VPnPl0urvQrpSKkbXLdEZBUfSHaP' ] }
}
ReplyError: WRONGPASS invalid username-password pair or user is disabled.
    at parseError (/Users/adrianfranciscoperezgomez/Desktop/Personal Apps/vult-intel/node_modules/redis-parser/lib/parser.js:179:12)
    at parseType (/Users/adrianfranciscoperezgomez/Desktop/Personal Apps/vult-intel/node_modules/redis-parser/lib/parser.js:302:14) {
  command: { name: 'auth', args: [ 'IVB0VPnPl0urvQrpSKkbXLdEZBUfSHaP' ] }
}
ReplyError: WRONGPASS invalid username-password pair or user is disabled.
    at parseError (/Users/adrianfranciscoperezgomez/Desktop/Personal Apps/vult-intel/node_modules/redis-parser/lib/parser.js:179:12)
    at parseType (/Users/adrianfranciscoperezgomez/Desktop/Personal Apps/vult-intel/node_modules/redis-parser/lib/parser.js:302:14) {
  command: { name: 'auth', args: [ 'IVB0VPnPl0urvQrpSKkbXLdEZBUfSHaP' ] }
}
ReplyError: WRONGPASS invalid username-password pair or user is disabled.
    at parseError (/Users/adrianfranciscoperezgomez/Desktop/Personal Apps/vult-intel/node_modules/redis-parser/lib/parser.js:179:12)
    at parseType (/Users/adrianfranciscoperezgomez/Desktop/Personal Apps/vult-intel/node_modules/redis-parser/lib/parser.js:302:14) {
  command: { name: 'auth', args: [ 'IVB0VPnPl0urvQrpSKkbXLdEZBUfSHaP' ] }
}
ReplyError: WRONGPASS invalid username-password pair or user is disabled.
    at parseError (/Users/adrianfranciscoperezgomez/Desktop/Personal Apps/vult-intel/node_modules/redis-parser/lib/parser.js:179:12)
    at parseType (/Users/adrianfranciscoperezgomez/Desktop/Personal Apps/vult-intel/node_modules/redis-parser/lib/parser.js:302:14) {
  command: { name: 'auth', args: [ 'IVB0VPnPl0urvQrpSKkbXLdEZBUfSHaP' ] }
}
Connected to Redis for persistence
ReplyError: WRONGPASS invalid username-password pair or user is disabled.
    at parseError (/Users/adrianfranciscoperezgomez/Desktop/Personal Apps/vult-intel/node_modules/redis-parser/lib/parser.js:179:12)
    at parseType (/Users/adrianfranciscoperezgomez/Desktop/Personal Apps/vult-intel/node_modules/redis-parser/lib/parser.js:302:14) {
  command: { name: 'auth', args: [ 'IVB0VPnPl0urvQrpSKkbXLdEZBUfSHaP' ] }
}
Redis connection error: ReplyError: WRONGPASS invalid username-password pair or user is disabled.
    at parseError (/Users/adrianfranciscoperezgomez/Desktop/Personal Apps/vult-intel/node_modules/redis-parser/lib/parser.js:179:12)
    at parseType (/Users/adrianfranciscoperezgomez/Desktop/Personal Apps/vult-intel/node_modules/redis-parser/lib/parser.js:302:14) {
  command: { name: 'auth', args: [ 'IVB0VPnPl0urvQrpSKkbXLdEZBUfSHaP' ] }
}
ReplyError: WRONGPASS invalid username-password pair or user is disabled.
    at parseError (/Users/adrianfranciscoperezgomez/Desktop/Personal Apps/vult-intel/node_modules/redis-parser/lib/parser.js:179:12)
    at parseType (/Users/adrianfranciscoperezgomez/Desktop/Personal Apps/vult-intel/node_modules/redis-parser/lib/parser.js:302:14) {
  command: { name: 'auth', args: [ 'IVB0VPnPl0urvQrpSKkbXLdEZBUfSHaP' ] }
}
ReplyError: WRONGPASS invalid username-password pair or user is disabled.
    at parseError (/Users/adrianfranciscoperezgomez/Desktop/Personal Apps/vult-intel/node_modules/redis-parser/lib/parser.js:179:12)
    at parseType (/Users/adrianfranciscoperezgomez/Desktop/Personal Apps/vult-intel/node_modules/redis-parser/lib/parser.js:302:14) {
  command: { name: 'auth', args: [ 'IVB0VPnPl0urvQrpSKkbXLdEZBUfSHaP' ] }
}
ReplyError: WRONGPASS invalid username-password pair or user is disabled.
    at parseError (/Users/adrianfranciscoperezgomez/Desktop/Personal Apps/vult-intel/node_modules/redis-parser/lib/parser.js:179:12)
    at parseType (/Users/adrianfranciscoperezgomez/Desktop/Personal Apps/vult-intel/node_modules/redis-parser/lib/parser.js:302:14) {
  command: { name: 'auth', args: [ 'IVB0VPnPl0urvQrpSKkbXLdEZBUfSHaP' ] }
}
ReplyError: WRONGPASS invalid username-password pair or user is disabled.
    at parseError (/Users/adrianfranciscoperezgomez/Desktop/Personal Apps/vult-intel/node_modules/redis-parser/lib/parser.js:179:12)
    at parseType (/Users/adrianfranciscoperezgomez/Desktop/Personal Apps/vult-intel/node_modules/redis-parser/lib/parser.js:302:14) {
  command: { name: 'auth', args: [ 'IVB0VPnPl0urvQrpSKkbXLdEZBUfSHaP' ] }
}
ReplyError: WRONGPASS invalid username-password pair or user is disabled.
    at parseError (/Users/adrianfranciscoperezgomez/Desktop/Personal Apps/vult-intel/node_modules/redis-parser/lib/parser.js:179:12)
    at parseType (/Users/adrianfranciscoperezgomez/Desktop/Personal Apps/vult-intel/node_modules/redis-parser/lib/parser.js:302:14) {
  command: { name: 'auth', args: [ 'IVB0VPnPl0urvQrpSKkbXLdEZBUfSHaP' ] }
}
Connected to Redis for persistence
ReplyError: WRONGPASS invalid username-password pair or user is disabled.
    at parseError (/Users/adrianfranciscoperezgomez/Desktop/Personal Apps/vult-intel/node_modules/redis-parser/lib/parser.js:179:12)
    at parseType (/Users/adrianfranciscoperezgomez/Desktop/Personal Apps/vult-intel/node_modules/redis-parser/lib/parser.js:302:14) {
  command: { name: 'auth', args: [ 'IVB0VPnPl0urvQrpSKkbXLdEZBUfSHaP' ] }
}
Redis connection error: ReplyError: WRONGPASS invalid username-password pair or user is disabled.
    at parseError (/Users/adrianfranciscoperezgomez/Desktop/Personal Apps/vult-intel/node_modules/redis-parser/lib/parser.js:179:12)
    at parseType (/Users/adrianfranciscoperezgomez/Desktop/Personal Apps/vult-intel/node_modules/redis-parser/lib/parser.js:302:14) {
  command: { name: 'auth', args: [ 'IVB0VPnPl0urvQrpSKkbXLdEZBUfSHaP' ] }
}
ReplyError: WRONGPASS invalid username-password pair or user is disabled.
    at parseError (/Users/adrianfranciscoperezgomez/Desktop/Personal Apps/vult-intel/node_modules/redis-parser/lib/parser.js:179:12)
    at parseType (/Users/adrianfranciscoperezgomez/Desktop/Personal Apps/vult-intel/node_modules/redis-parser/lib/parser.js:302:14) {
  command: { name: 'auth', args: [ 'IVB0VPnPl0urvQrpSKkbXLdEZBUfSHaP' ] }
}
ReplyError: WRONGPASS invalid username-password pair or user is disabled.
    at parseError (/Users/adrianfranciscoperezgomez/Desktop/Personal Apps/vult-intel/node_modules/redis-parser/lib/parser.js:179:12)
    at parseType (/Users/adrianfranciscoperezgomez/Desktop/Personal Apps/vult-intel/node_modules/redis-parser/lib/parser.js:302:14) {
  command: { name: 'auth', args: [ 'IVB0VPnPl0urvQrpSKkbXLdEZBUfSHaP' ] }
}
ReplyError: WRONGPASS invalid username-password pair or user is disabled.
    at parseError (/Users/adrianfranciscoperezgomez/Desktop/Personal Apps/vult-intel/node_modules/redis-parser/lib/parser.js:179:12)
    at parseType (/Users/adrianfranciscoperezgomez/Desktop/Personal Apps/vult-intel/node_modules/redis-parser/lib/parser.js:302:14) {
  command: { name: 'auth', args: [ 'IVB0VPnPl0urvQrpSKkbXLdEZBUfSHaP' ] }
}
ReplyError: WRONGPASS invalid username-password pair or user is disabled.
    at parseError (/Users/adrianfranciscoperezgomez/Desktop/Personal Apps/vult-intel/node_modules/redis-parser/lib/parser.js:179:12)
    at parseType (/Users/adrianfranciscoperezgomez/Desktop/Personal Apps/vult-intel/node_modules/redis-parser/lib/parser.js:302:14) {
  command: { name: 'auth', args: [ 'IVB0VPnPl0urvQrpSKkbXLdEZBUfSHaP' ] }
}
ReplyError: WRONGPASS invalid username-password pair or user is disabled.
    at parseError (/Users/adrianfranciscoperezgomez/Desktop/Personal Apps/vult-intel/node_modules/redis-parser/lib/parser.js:179:12)
    at parseType (/Users/adrianfranciscoperezgomez/Desktop/Personal Apps/vult-intel/node_modules/redis-parser/lib/parser.js:302:14) {
  command: { name: 'auth', args: [ 'IVB0VPnPl0urvQrpSKkbXLdEZBUfSHaP' ] }
}
Connected to Redis for persistence
ReplyError: WRONGPASS invalid username-password pair or user is disabled.
    at parseError (/Users/adrianfranciscoperezgomez/Desktop/Personal Apps/vult-intel/node_modules/redis-parser/lib/parser.js:179:12)
    at parseType (/Users/adrianfranciscoperezgomez/Desktop/Personal Apps/vult-intel/node_modules/redis-parser/lib/parser.js:302:14) {
  command: { name: 'auth', args: [ 'IVB0VPnPl0urvQrpSKkbXLdEZBUfSHaP' ] }
}
Redis connection error: ReplyError: WRONGPASS invalid username-password pair or user is disabled.
    at parseError (/Users/adrianfranciscoperezgomez/Desktop/Personal Apps/vult-intel/node_modules/redis-parser/lib/parser.js:179:12)
    at parseType (/Users/adrianfranciscoperezgomez/Desktop/Personal Apps/vult-intel/node_modules/redis-parser/lib/parser.js:302:14) {
  command: { name: 'auth', args: [ 'IVB0VPnPl0urvQrpSKkbXLdEZBUfSHaP' ] }
}
ReplyError: WRONGPASS invalid username-password pair or user is disabled.
    at parseError (/Users/adrianfranciscoperezgomez/Desktop/Personal Apps/vult-intel/node_modules/redis-parser/lib/parser.js:179:12)
    at parseType (/Users/adrianfranciscoperezgomez/Desktop/Personal Apps/vult-intel/node_modules/redis-parser/lib/parser.js:302:14) {
  command: { name: 'auth', args: [ 'IVB0VPnPl0urvQrpSKkbXLdEZBUfSHaP' ] }
}
ReplyError: WRONGPASS invalid username-password pair or user is disabled.
    at parseError (/Users/adrianfranciscoperezgomez/Desktop/Personal Apps/vult-intel/node_modules/redis-parser/lib/parser.js:179:12)
    at parseType (/Users/adrianfranciscoperezgomez/Desktop/Personal Apps/vult-intel/node_modules/redis-parser/lib/parser.js:302:14) {
  command: { name: 'auth', args: [ 'IVB0VPnPl0urvQrpSKkbXLdEZBUfSHaP' ] }
}
ReplyError: WRONGPASS invalid username-password pair or user is disabled.
    at parseError (/Users/adrianfranciscoperezgomez/Desktop/Personal Apps/vult-intel/node_modules/redis-parser/lib/parser.js:179:12)
    at parseType (/Users/adrianfranciscoperezgomez/Desktop/Personal Apps/vult-intel/node_modules/redis-parser/lib/parser.js:302:14) {
  command: { name: 'auth', args: [ 'IVB0VPnPl0urvQrpSKkbXLdEZBUfSHaP' ] }
}
ReplyError: WRONGPASS invalid username-password pair or user is disabled.
    at parseError (/Users/adrianfranciscoperezgomez/Desktop/Personal Apps/vult-intel/node_modules/redis-parser/lib/parser.js:179:12)
    at parseType (/Users/adrianfranciscoperezgomez/Desktop/Personal Apps/vult-intel/node_modules/redis-parser/lib/parser.js:302:14) {
  command: { name: 'auth', args: [ 'IVB0VPnPl0urvQrpSKkbXLdEZBUfSHaP' ] }
}
ReplyError: WRONGPASS invalid username-password pair or user is disabled.
    at parseError (/Users/adrianfranciscoperezgomez/Desktop/Personal Apps/vult-intel/node_modules/redis-parser/lib/parser.js:179:12)
    at parseType (/Users/adrianfranciscoperezgomez/Desktop/Personal Apps/vult-intel/node_modules/redis-parser/lib/parser.js:302:14) {
  command: { name: 'auth', args: [ 'IVB0VPnPl0urvQrpSKkbXLdEZBUfSHaP' ] }
}
Connected to Redis for persistence
ReplyError: WRONGPASS invalid username-password pair or user is disabled.
    at parseError (/Users/adrianfranciscoperezgomez/Desktop/Personal Apps/vult-intel/node_modules/redis-parser/lib/parser.js:179:12)
    at parseType (/Users/adrianfranciscoperezgomez/Desktop/Personal Apps/vult-intel/node_modules/redis-parser/lib/parser.js:302:14) {
  command: { name: 'auth', args: [ 'IVB0VPnPl0urvQrpSKkbXLdEZBUfSHaP' ] }
}
Redis connection error: ReplyError: WRONGPASS invalid username-password pair or user is disabled.
    at parseError (/Users/adrianfranciscoperezgomez/Desktop/Personal Apps/vult-intel/node_modules/redis-parser/lib/parser.js:179:12)
    at parseType (/Users/adrianfranciscoperezgomez/Desktop/Personal Apps/vult-intel/node_modules/redis-parser/lib/parser.js:302:14) {
  command: { name: 'auth', args: [ 'IVB0VPnPl0urvQrpSKkbXLdEZBUfSHaP' ] }
}
ReplyError: WRONGPASS invalid username-password pair or user is disabled.
    at parseError (/Users/adrianfranciscoperezgomez/Desktop/Personal Apps/vult-intel/node_modules/redis-parser/lib/parser.js:179:12)
    at parseType (/Users/adrianfranciscoperezgomez/Desktop/Personal Apps/vult-intel/node_modules/redis-parser/lib/parser.js:302:14) {
  command: { name: 'auth', args: [ 'IVB0VPnPl0urvQrpSKkbXLdEZBUfSHaP' ] }
}
ReplyError: WRONGPASS invalid username-password pair or user is disabled.
    at parseError (/Users/adrianfranciscoperezgomez/Desktop/Personal Apps/vult-intel/node_modules/redis-parser/lib/parser.js:179:12)
    at parseType (/Users/adrianfranciscoperezgomez/Desktop/Personal Apps/vult-intel/node_modules/redis-parser/lib/parser.js:302:14) {
  command: { name: 'auth', args: [ 'IVB0VPnPl0urvQrpSKkbXLdEZBUfSHaP' ] }
}
ReplyError: WRONGPASS invalid username-password pair or user is disabled.
    at parseError (/Users/adrianfranciscoperezgomez/Desktop/Personal Apps/vult-intel/node_modules/redis-parser/lib/parser.js:179:12)
    at parseType (/Users/adrianfranciscoperezgomez/Desktop/Personal Apps/vult-intel/node_modules/redis-parser/lib/parser.js:302:14) {
  command: { name: 'auth', args: [ 'IVB0VPnPl0urvQrpSKkbXLdEZBUfSHaP' ] }
}
ReplyError: WRONGPASS invalid username-password pair or user is disabled.
    at parseError (/Users/adrianfranciscoperezgomez/Desktop/Personal Apps/vult-intel/node_modules/redis-parser/lib/parser.js:179:12)
    at parseType (/Users/adrianfranciscoperezgomez/Desktop/Personal Apps/vult-intel/node_modules/redis-parser/lib/parser.js:302:14) {
  command: { name: 'auth', args: [ 'IVB0VPnPl0urvQrpSKkbXLdEZBUfSHaP' ] }
}
ReplyError: WRONGPASS invalid username-password pair or user is disabled.
    at parseError (/Users/adrianfranciscoperezgomez/Desktop/Personal Apps/vult-intel/node_modules/redis-parser/lib/parser.js:179:12)
    at parseType (/Users/adrianfranciscoperezgomez/Desktop/Personal Apps/vult-intel/node_modules/redis-parser/lib/parser.js:302:14) {
  command: { name: 'auth', args: [ 'IVB0VPnPl0urvQrpSKkbXLdEZBUfSHaP' ] }
}
Connected to Redis for persistence
ReplyError: WRONGPASS invalid username-password pair or user is disabled.
    at parseError (/Users/adrianfranciscoperezgomez/Desktop/Personal Apps/vult-intel/node_modules/redis-parser/lib/parser.js:179:12)
    at parseType (/Users/adrianfranciscoperezgomez/Desktop/Personal Apps/vult-intel/node_modules/redis-parser/lib/parser.js:302:14) {
  command: { name: 'auth', args: [ 'IVB0VPnPl0urvQrpSKkbXLdEZBUfSHaP' ] }
}
Redis connection error: ReplyError: WRONGPASS invalid username-password pair or user is disabled.
    at parseError (/Users/adrianfranciscoperezgomez/Desktop/Personal Apps/vult-intel/node_modules/redis-parser/lib/parser.js:179:12)
    at parseType (/Users/adrianfranciscoperezgomez/Desktop/Personal Apps/vult-intel/node_modules/redis-parser/lib/parser.js:302:14) {
  command: { name: 'auth', args: [ 'IVB0VPnPl0urvQrpSKkbXLdEZBUfSHaP' ] }
}
ReplyError: WRONGPASS invalid username-password pair or user is disabled.
    at parseError (/Users/adrianfranciscoperezgomez/Desktop/Personal Apps/vult-intel/node_modules/redis-parser/lib/parser.js:179:12)
    at parseType (/Users/adrianfranciscoperezgomez/Desktop/Personal Apps/vult-intel/node_modules/redis-parser/lib/parser.js:302:14) {
  command: { name: 'auth', args: [ 'IVB0VPnPl0urvQrpSKkbXLdEZBUfSHaP' ] }
}
ReplyError: WRONGPASS invalid username-password pair or user is disabled.
    at parseError (/Users/adrianfranciscoperezgomez/Desktop/Personal Apps/vult-intel/node_modules/redis-parser/lib/parser.js:179:12)
    at parseType (/Users/adrianfranciscoperezgomez/Desktop/Personal Apps/vult-intel/node_modules/redis-parser/lib/parser.js:302:14) {
  command: { name: 'auth', args: [ 'IVB0VPnPl0urvQrpSKkbXLdEZBUfSHaP' ] }
}
ReplyError: WRONGPASS invalid username-password pair or user is disabled.
    at parseError (/Users/adrianfranciscoperezgomez/Desktop/Personal Apps/vult-intel/node_modules/redis-parser/lib/parser.js:179:12)
    at parseType (/Users/adrianfranciscoperezgomez/Desktop/Personal Apps/vult-intel/node_modules/redis-parser/lib/parser.js:302:14) {
  command: { name: 'auth', args: [ 'IVB0VPnPl0urvQrpSKkbXLdEZBUfSHaP' ] }
}
ReplyError: WRONGPASS invalid username-password pair or user is disabled.
    at parseError (/Users/adrianfranciscoperezgomez/Desktop/Personal Apps/vult-intel/node_modules/redis-parser/lib/parser.js:179:12)
    at parseType (/Users/adrianfranciscoperezgomez/Desktop/Personal Apps/vult-intel/node_modules/redis-parser/lib/parser.js:302:14) {
  command: { name: 'auth', args: [ 'IVB0VPnPl0urvQrpSKkbXLdEZBUfSHaP' ] }
}
ReplyError: WRONGPASS invalid username-password pair or user is disabled.
    at parseError (/Users/adrianfranciscoperezgomez/Desktop/Personal Apps/vult-intel/node_modules/redis-parser/lib/parser.js:179:12)
    at parseType (/Users/adrianfranciscoperezgomez/Desktop/Personal Apps/vult-intel/node_modules/redis-parser/lib/parser.js:302:14) {
  command: { name: 'auth', args: [ 'IVB0VPnPl0urvQrpSKkbXLdEZBUfSHaP' ] }
}
Connected to Redis for persistence
Redis connection error: ReplyError: WRONGPASS invalid username-password pair or user is disabled.
    at parseError (/Users/adrianfranciscoperezgomez/Desktop/Personal Apps/vult-intel/node_modules/redis-parser/lib/parser.js:179:12)
    at parseType (/Users/adrianfranciscoperezgomez/Desktop/Personal Apps/vult-intel/node_modules/redis-parser/lib/parser.js:302:14) {
  command: { name: 'auth', args: [ 'IVB0VPnPl0urvQrpSKkbXLdEZBUfSHaP' ] }
}
ReplyError: WRONGPASS invalid username-password pair or user is disabled.
    at parseError (/Users/adrianfranciscoperezgomez/Desktop/Personal Apps/vult-intel/node_modules/redis-parser/lib/parser.js:179:12)
    at parseType (/Users/adrianfranciscoperezgomez/Desktop/Personal Apps/vult-intel/node_modules/redis-parser/lib/parser.js:302:14) {
  command: { name: 'auth', args: [ 'IVB0VPnPl0urvQrpSKkbXLdEZBUfSHaP' ] }
}
ReplyError: WRONGPASS invalid username-password pair or user is disabled.
    at parseError (/Users/adrianfranciscoperezgomez/Desktop/Personal Apps/vult-intel/node_modules/redis-parser/lib/parser.js:179:12)
    at parseType (/Users/adrianfranciscoperezgomez/Desktop/Personal Apps/vult-intel/node_modules/redis-parser/lib/parser.js:302:14) {
  command: { name: 'auth', args: [ 'IVB0VPnPl0urvQrpSKkbXLdEZBUfSHaP' ] }
}
ReplyError: WRONGPASS invalid username-password pair or user is disabled.
    at parseError (/Users/adrianfranciscoperezgomez/Desktop/Personal Apps/vult-intel/node_modules/redis-parser/lib/parser.js:179:12)
    at parseType (/Users/adrianfranciscoperezgomez/Desktop/Personal Apps/vult-intel/node_modules/redis-parser/lib/parser.js:302:14) {
  command: { name: 'auth', args: [ 'IVB0VPnPl0urvQrpSKkbXLdEZBUfSHaP' ] }
}
ReplyError: WRONGPASS invalid username-password pair or user is disabled.
    at parseError (/Users/adrianfranciscoperezgomez/Desktop/Personal Apps/vult-intel/node_modules/redis-parser/lib/parser.js:179:12)
    at parseType (/Users/adrianfranciscoperezgomez/Desktop/Personal Apps/vult-intel/node_modules/redis-parser/lib/parser.js:302:14) {
  command: { name: 'auth', args: [ 'IVB0VPnPl0urvQrpSKkbXLdEZBUfSHaP' ] }
}
ReplyError: WRONGPASS invalid username-password pair or user is disabled.
    at parseError (/Users/adrianfranciscoperezgomez/Desktop/Personal Apps/vult-intel/node_modules/redis-parser/lib/parser.js:179:12)
    at parseType (/Users/adrianfranciscoperezgomez/Desktop/Personal Apps/vult-intel/node_modules/redis-parser/lib/parser.js:302:14) {
  command: { name: 'auth', args: [ 'IVB0VPnPl0urvQrpSKkbXLdEZBUfSHaP' ] }
}
ReplyError: WRONGPASS invalid username-password pair or user is disabled.
    at parseError (/Users/adrianfranciscoperezgomez/Desktop/Personal Apps/vult-intel/node_modules/redis-parser/lib/parser.js:179:12)
    at parseType (/Users/adrianfranciscoperezgomez/Desktop/Personal Apps/vult-intel/node_modules/redis-parser/lib/parser.js:302:14) {
  command: { name: 'auth', args: [ 'IVB0VPnPl0urvQrpSKkbXLdEZBUfSHaP' ] }
}
Connected to Redis for persistence
Redis connection error: ReplyError: WRONGPASS invalid username-password pair or user is disabled.
    at parseError (/Users/adrianfranciscoperezgomez/Desktop/Personal Apps/vult-intel/node_modules/redis-parser/lib/parser.js:179:12)
    at parseType (/Users/adrianfranciscoperezgomez/Desktop/Personal Apps/vult-intel/node_modules/redis-parser/lib/parser.js:302:14) {
  command: { name: 'auth', args: [ 'IVB0VPnPl0urvQrpSKkbXLdEZBUfSHaP' ] }
}
ReplyError: WRONGPASS invalid username-password pair or user is disabled.
    at parseError (/Users/adrianfranciscoperezgomez/Desktop/Personal Apps/vult-intel/node_modules/redis-parser/lib/parser.js:179:12)
    at parseType (/Users/adrianfranciscoperezgomez/Desktop/Personal Apps/vult-intel/node_modules/redis-parser/lib/parser.js:302:14) {
  command: { name: 'auth', args: [ 'IVB0VPnPl0urvQrpSKkbXLdEZBUfSHaP' ] }
}
ReplyError: WRONGPASS invalid username-password pair or user is disabled.
    at parseError (/Users/adrianfranciscoperezgomez/Desktop/Personal Apps/vult-intel/node_modules/redis-parser/lib/parser.js:179:12)
    at parseType (/Users/adrianfranciscoperezgomez/Desktop/Personal Apps/vult-intel/node_modules/redis-parser/lib/parser.js:302:14) {
  command: { name: 'auth', args: [ 'IVB0VPnPl0urvQrpSKkbXLdEZBUfSHaP' ] }
}
ReplyError: WRONGPASS invalid username-password pair or user is disabled.
    at parseError (/Users/adrianfranciscoperezgomez/Desktop/Personal Apps/vult-intel/node_modules/redis-parser/lib/parser.js:179:12)
    at parseType (/Users/adrianfranciscoperezgomez/Desktop/Personal Apps/vult-intel/node_modules/redis-parser/lib/parser.js:302:14) {
  command: { name: 'auth', args: [ 'IVB0VPnPl0urvQrpSKkbXLdEZBUfSHaP' ] }
}
ReplyError: WRONGPASS invalid username-password pair or user is disabled.
    at parseError (/Users/adrianfranciscoperezgomez/Desktop/Personal Apps/vult-intel/node_modules/redis-parser/lib/parser.js:179:12)
    at parseType (/Users/adrianfranciscoperezgomez/Desktop/Personal Apps/vult-intel/node_modules/redis-parser/lib/parser.js:302:14) {
  command: { name: 'auth', args: [ 'IVB0VPnPl0urvQrpSKkbXLdEZBUfSHaP' ] }
}
ReplyError: WRONGPASS invalid username-password pair or user is disabled.
    at parseError (/Users/adrianfranciscoperezgomez/Desktop/Personal Apps/vult-intel/node_modules/redis-parser/lib/parser.js:179:12)
    at parseType (/Users/adrianfranciscoperezgomez/Desktop/Personal Apps/vult-intel/node_modules/redis-parser/lib/parser.js:302:14) {
  command: { name: 'auth', args: [ 'IVB0VPnPl0urvQrpSKkbXLdEZBUfSHaP' ] }
}
ReplyError: WRONGPASS invalid username-password pair or user is disabled.
    at parseError (/Users/adrianfranciscoperezgomez/Desktop/Personal Apps/vult-intel/node_modules/redis-parser/lib/parser.js:179:12)
    at parseType (/Users/adrianfranciscoperezgomez/Desktop/Personal Apps/vult-intel/node_modules/redis-parser/lib/parser.js:302:14) {
  command: { name: 'auth', args: [ 'IVB0VPnPl0urvQrpSKkbXLdEZBUfSHaP' ] }
}
Connected to Redis for persistence
Redis connection error: ReplyError: WRONGPASS invalid username-password pair or user is disabled.
    at parseError (/Users/adrianfranciscoperezgomez/Desktop/Personal Apps/vult-intel/node_modules/redis-parser/lib/parser.js:179:12)
    at parseType (/Users/adrianfranciscoperezgomez/Desktop/Personal Apps/vult-intel/node_modules/redis-parser/lib/parser.js:302:14) {
  command: { name: 'auth', args: [ 'IVB0VPnPl0urvQrpSKkbXLdEZBUfSHaP' ] }
}
ReplyError: WRONGPASS invalid username-password pair or user is disabled.
    at parseError (/Users/adrianfranciscoperezgomez/Desktop/Personal Apps/vult-intel/node_modules/redis-parser/lib/parser.js:179:12)
    at parseType (/Users/adrianfranciscoperezgomez/Desktop/Personal Apps/vult-intel/node_modules/redis-parser/lib/parser.js:302:14) {
  command: { name: 'auth', args: [ 'IVB0VPnPl0urvQrpSKkbXLdEZBUfSHaP' ] }
}
ReplyError: WRONGPASS invalid username-password pair or user is disabled.
    at parseError (/Users/adrianfranciscoperezgomez/Desktop/Personal Apps/vult-intel/node_modules/redis-parser/lib/parser.js:179:12)
    at parseType (/Users/adrianfranciscoperezgomez/Desktop/Personal Apps/vult-intel/node_modules/redis-parser/lib/parser.js:302:14) {
  command: { name: 'auth', args: [ 'IVB0VPnPl0urvQrpSKkbXLdEZBUfSHaP' ] }
}
ReplyError: WRONGPASS invalid username-password pair or user is disabled.
    at parseError (/Users/adrianfranciscoperezgomez/Desktop/Personal Apps/vult-intel/node_modules/redis-parser/lib/parser.js:179:12)
    at parseType (/Users/adrianfranciscoperezgomez/Desktop/Personal Apps/vult-intel/node_modules/redis-parser/lib/parser.js:302:14) {
  command: { name: 'auth', args: [ 'IVB0VPnPl0urvQrpSKkbXLdEZBUfSHaP' ] }
}
ReplyError: WRONGPASS invalid username-password pair or user is disabled.
    at parseError (/Users/adrianfranciscoperezgomez/Desktop/Personal Apps/vult-intel/node_modules/redis-parser/lib/parser.js:179:12)
    at parseType (/Users/adrianfranciscoperezgomez/Desktop/Personal Apps/vult-intel/node_modules/redis-parser/lib/parser.js:302:14) {
  command: { name: 'auth', args: [ 'IVB0VPnPl0urvQrpSKkbXLdEZBUfSHaP' ] }
}
ReplyError: WRONGPASS invalid username-password pair or user is disabled.
    at parseError (/Users/adrianfranciscoperezgomez/Desktop/Personal Apps/vult-intel/node_modules/redis-parser/lib/parser.js:179:12)
    at parseType (/Users/adrianfranciscoperezgomez/Desktop/Personal Apps/vult-intel/node_modules/redis-parser/lib/parser.js:302:14) {
  command: { name: 'auth', args: [ 'IVB0VPnPl0urvQrpSKkbXLdEZBUfSHaP' ] }
}
ReplyError: WRONGPASS invalid username-password pair or user is disabled.
    at parseError (/Users/adrianfranciscoperezgomez/Desktop/Personal Apps/vult-intel/node_modules/redis-parser/lib/parser.js:179:12)
    at parseType (/Users/adrianfranciscoperezgomez/Desktop/Personal Apps/vult-intel/node_modules/redis-parser/lib/parser.js:302:14) {
  command: { name: 'auth', args: [ 'IVB0VPnPl0urvQrpSKkbXLdEZBUfSHaP' ] }
}
Connected to Redis for persistence
Redis connection error: ReplyError: WRONGPASS invalid username-password pair or user is disabled.
    at parseError (/Users/adrianfranciscoperezgomez/Desktop/Personal Apps/vult-intel/node_modules/redis-parser/lib/parser.js:179:12)
    at parseType (/Users/adrianfranciscoperezgomez/Desktop/Personal Apps/vult-intel/node_modules/redis-parser/lib/parser.js:302:14) {
  command: { name: 'auth', args: [ 'IVB0VPnPl0urvQrpSKkbXLdEZBUfSHaP' ] }
}
ReplyError: WRONGPASS invalid username-password pair or user is disabled.
    at parseError (/Users/adrianfranciscoperezgomez/Desktop/Personal Apps/vult-intel/node_modules/redis-parser/lib/parser.js:179:12)
    at parseType (/Users/adrianfranciscoperezgomez/Desktop/Personal Apps/vult-intel/node_modules/redis-parser/lib/parser.js:302:14) {
  command: { name: 'auth', args: [ 'IVB0VPnPl0urvQrpSKkbXLdEZBUfSHaP' ] }
}
ReplyError: WRONGPASS invalid username-password pair or user is disabled.
    at parseError (/Users/adrianfranciscoperezgomez/Desktop/Personal Apps/vult-intel/node_modules/redis-parser/lib/parser.js:179:12)
    at parseType (/Users/adrianfranciscoperezgomez/Desktop/Personal Apps/vult-intel/node_modules/redis-parser/lib/parser.js:302:14) {
  command: { name: 'auth', args: [ 'IVB0VPnPl0urvQrpSKkbXLdEZBUfSHaP' ] }
}
ReplyError: WRONGPASS invalid username-password pair or user is disabled.
    at parseError (/Users/adrianfranciscoperezgomez/Desktop/Personal Apps/vult-intel/node_modules/redis-parser/lib/parser.js:179:12)
    at parseType (/Users/adrianfranciscoperezgomez/Desktop/Personal Apps/vult-intel/node_modules/redis-parser/lib/parser.js:302:14) {
  command: { name: 'auth', args: [ 'IVB0VPnPl0urvQrpSKkbXLdEZBUfSHaP' ] }
}
ReplyError: WRONGPASS invalid username-password pair or user is disabled.
    at parseError (/Users/adrianfranciscoperezgomez/Desktop/Personal Apps/vult-intel/node_modules/redis-parser/lib/parser.js:179:12)
    at parseType (/Users/adrianfranciscoperezgomez/Desktop/Personal Apps/vult-intel/node_modules/redis-parser/lib/parser.js:302:14) {
  command: { name: 'auth', args: [ 'IVB0VPnPl0urvQrpSKkbXLdEZBUfSHaP' ] }
}
ReplyError: WRONGPASS invalid username-password pair or user is disabled.
    at parseError (/Users/adrianfranciscoperezgomez/Desktop/Personal Apps/vult-intel/node_modules/redis-parser/lib/parser.js:179:12)
    at parseType (/Users/adrianfranciscoperezgomez/Desktop/Personal Apps/vult-intel/node_modules/redis-parser/lib/parser.js:302:14) {
  command: { name: 'auth', args: [ 'IVB0VPnPl0urvQrpSKkbXLdEZBUfSHaP' ] }
}
ReplyError: WRONGPASS invalid username-password pair or user is disabled.
    at parseError (/Users/adrianfranciscoperezgomez/Desktop/Personal Apps/vult-intel/node_modules/redis-parser/lib/parser.js:179:12)
    at parseType (/Users/adrianfranciscoperezgomez/Desktop/Personal Apps/vult-intel/node_modules/redis-parser/lib/parser.js:302:14) {
  command: { name: 'auth', args: [ 'IVB0VPnPl0urvQrpSKkbXLdEZBUfSHaP' ] }
}
Connected to Redis for persistence
ReplyError: WRONGPASS invalid username-password pair or user is disabled.
    at parseError (/Users/adrianfranciscoperezgomez/Desktop/Personal Apps/vult-intel/node_modules/redis-parser/lib/parser.js:179:12)
    at parseType (/Users/adrianfranciscoperezgomez/Desktop/Personal Apps/vult-intel/node_modules/redis-parser/lib/parser.js:302:14) {
  command: { name: 'auth', args: [ 'IVB0VPnPl0urvQrpSKkbXLdEZBUfSHaP' ] }
}
Redis connection error: ReplyError: WRONGPASS invalid username-password pair or user is disabled.
    at parseError (/Users/adrianfranciscoperezgomez/Desktop/Personal Apps/vult-intel/node_modules/redis-parser/lib/parser.js:179:12)
    at parseType (/Users/adrianfranciscoperezgomez/Desktop/Personal Apps/vult-intel/node_modules/redis-parser/lib/parser.js:302:14) {
  command: { name: 'auth', args: [ 'IVB0VPnPl0urvQrpSKkbXLdEZBUfSHaP' ] }
}
ReplyError: WRONGPASS invalid username-password pair or user is disabled.
    at parseError (/Users/adrianfranciscoperezgomez/Desktop/Personal Apps/vult-intel/node_modules/redis-parser/lib/parser.js:179:12)
    at parseType (/Users/adrianfranciscoperezgomez/Desktop/Personal Apps/vult-intel/node_modules/redis-parser/lib/parser.js:302:14) {
  command: { name: 'auth', args: [ 'IVB0VPnPl0urvQrpSKkbXLdEZBUfSHaP' ] }
}
ReplyError: WRONGPASS invalid username-password pair or user is disabled.
    at parseError (/Users/adrianfranciscoperezgomez/Desktop/Personal Apps/vult-intel/node_modules/redis-parser/lib/parser.js:179:12)
    at parseType (/Users/adrianfranciscoperezgomez/Desktop/Personal Apps/vult-intel/node_modules/redis-parser/lib/parser.js:302:14) {
  command: { name: 'auth', args: [ 'IVB0VPnPl0urvQrpSKkbXLdEZBUfSHaP' ] }
}
ReplyError: WRONGPASS invalid username-password pair or user is disabled.
    at parseError (/Users/adrianfranciscoperezgomez/Desktop/Personal Apps/vult-intel/node_modules/redis-parser/lib/parser.js:179:12)
    at parseType (/Users/adrianfranciscoperezgomez/Desktop/Personal Apps/vult-intel/node_modules/redis-parser/lib/parser.js:302:14) {
  command: { name: 'auth', args: [ 'IVB0VPnPl0urvQrpSKkbXLdEZBUfSHaP' ] }
}
ReplyError: WRONGPASS invalid username-password pair or user is disabled.
    at parseError (/Users/adrianfranciscoperezgomez/Desktop/Personal Apps/vult-intel/node_modules/redis-parser/lib/parser.js:179:12)
    at parseType (/Users/adrianfranciscoperezgomez/Desktop/Personal Apps/vult-intel/node_modules/redis-parser/lib/parser.js:302:14) {
  command: { name: 'auth', args: [ 'IVB0VPnPl0urvQrpSKkbXLdEZBUfSHaP' ] }
}
ReplyError: WRONGPASS invalid username-password pair or user is disabled.
    at parseError (/Users/adrianfranciscoperezgomez/Desktop/Personal Apps/vult-intel/node_modules/redis-parser/lib/parser.js:179:12)
    at parseType (/Users/adrianfranciscoperezgomez/Desktop/Personal Apps/vult-intel/node_modules/redis-parser/lib/parser.js:302:14) {
  command: { name: 'auth', args: [ 'IVB0VPnPl0urvQrpSKkbXLdEZBUfSHaP' ] }
}
Connected to Redis for persistence
ReplyError: WRONGPASS invalid username-password pair or user is disabled.
    at parseError (/Users/adrianfranciscoperezgomez/Desktop/Personal Apps/vult-intel/node_modules/redis-parser/lib/parser.js:179:12)
    at parseType (/Users/adrianfranciscoperezgomez/Desktop/Personal Apps/vult-intel/node_modules/redis-parser/lib/parser.js:302:14) {
  command: { name: 'auth', args: [ 'IVB0VPnPl0urvQrpSKkbXLdEZBUfSHaP' ] }
}
Redis connection error: ReplyError: WRONGPASS invalid username-password pair or user is disabled.
    at parseError (/Users/adrianfranciscoperezgomez/Desktop/Personal Apps/vult-intel/node_modules/redis-parser/lib/parser.js:179:12)
    at parseType (/Users/adrianfranciscoperezgomez/Desktop/Personal Apps/vult-intel/node_modules/redis-parser/lib/parser.js:302:14) {
  command: { name: 'auth', args: [ 'IVB0VPnPl0urvQrpSKkbXLdEZBUfSHaP' ] }
}
ReplyError: WRONGPASS invalid username-password pair or user is disabled.
    at parseError (/Users/adrianfranciscoperezgomez/Desktop/Personal Apps/vult-intel/node_modules/redis-parser/lib/parser.js:179:12)
    at parseType (/Users/adrianfranciscoperezgomez/Desktop/Personal Apps/vult-intel/node_modules/redis-parser/lib/parser.js:302:14) {
  command: { name: 'auth', args: [ 'IVB0VPnPl0urvQrpSKkbXLdEZBUfSHaP' ] }
}
ReplyError: WRONGPASS invalid username-password pair or user is disabled.
    at parseError (/Users/adrianfranciscoperezgomez/Desktop/Personal Apps/vult-intel/node_modules/redis-parser/lib/parser.js:179:12)
    at parseType (/Users/adrianfranciscoperezgomez/Desktop/Personal Apps/vult-intel/node_modules/redis-parser/lib/parser.js:302:14) {
  command: { name: 'auth', args: [ 'IVB0VPnPl0urvQrpSKkbXLdEZBUfSHaP' ] }
}
ReplyError: WRONGPASS invalid username-password pair or user is disabled.
    at parseError (/Users/adrianfranciscoperezgomez/Desktop/Personal Apps/vult-intel/node_modules/redis-parser/lib/parser.js:179:12)
    at parseType (/Users/adrianfranciscoperezgomez/Desktop/Personal Apps/vult-intel/node_modules/redis-parser/lib/parser.js:302:14) {
  command: { name: 'auth', args: [ 'IVB0VPnPl0urvQrpSKkbXLdEZBUfSHaP' ] }
}
ReplyError: WRONGPASS invalid username-password pair or user is disabled.
    at parseError (/Users/adrianfranciscoperezgomez/Desktop/Personal Apps/vult-intel/node_modules/redis-parser/lib/parser.js:179:12)
    at parseType (/Users/adrianfranciscoperezgomez/Desktop/Personal Apps/vult-intel/node_modules/redis-parser/lib/parser.js:302:14) {
  command: { name: 'auth', args: [ 'IVB0VPnPl0urvQrpSKkbXLdEZBUfSHaP' ] }
}
ReplyError: WRONGPASS invalid username-password pair or user is disabled.
    at parseError (/Users/adrianfranciscoperezgomez/Desktop/Personal Apps/vult-intel/node_modules/redis-parser/lib/parser.js:179:12)
    at parseType (/Users/adrianfranciscoperezgomez/Desktop/Personal Apps/vult-intel/node_modules/redis-parser/lib/parser.js:302:14) {
  command: { name: 'auth', args: [ 'IVB0VPnPl0urvQrpSKkbXLdEZBUfSHaP' ] }
}
Connected to Redis for persistence
ReplyError: WRONGPASS invalid username-password pair or user is disabled.
    at parseError (/Users/adrianfranciscoperezgomez/Desktop/Personal Apps/vult-intel/node_modules/redis-parser/lib/parser.js:179:12)
    at parseType (/Users/adrianfranciscoperezgomez/Desktop/Personal Apps/vult-intel/node_modules/redis-parser/lib/parser.js:302:14) {
  command: { name: 'auth', args: [ 'IVB0VPnPl0urvQrpSKkbXLdEZBUfSHaP' ] }
}
Redis connection error: ReplyError: WRONGPASS invalid username-password pair or user is disabled.
    at parseError (/Users/adrianfranciscoperezgomez/Desktop/Personal Apps/vult-intel/node_modules/redis-parser/lib/parser.js:179:12)
    at parseType (/Users/adrianfranciscoperezgomez/Desktop/Personal Apps/vult-intel/node_modules/redis-parser/lib/parser.js:302:14) {
  command: { name: 'auth', args: [ 'IVB0VPnPl0urvQrpSKkbXLdEZBUfSHaP' ] }
}
ReplyError: WRONGPASS invalid username-password pair or user is disabled.
    at parseError (/Users/adrianfranciscoperezgomez/Desktop/Personal Apps/vult-intel/node_modules/redis-parser/lib/parser.js:179:12)
    at parseType (/Users/adrianfranciscoperezgomez/Desktop/Personal Apps/vult-intel/node_modules/redis-parser/lib/parser.js:302:14) {
  command: { name: 'auth', args: [ 'IVB0VPnPl0urvQrpSKkbXLdEZBUfSHaP' ] }
}
ReplyError: WRONGPASS invalid username-password pair or user is disabled.
    at parseError (/Users/adrianfranciscoperezgomez/Desktop/Personal Apps/vult-intel/node_modules/redis-parser/lib/parser.js:179:12)
    at parseType (/Users/adrianfranciscoperezgomez/Desktop/Personal Apps/vult-intel/node_modules/redis-parser/lib/parser.js:302:14) {
  command: { name: 'auth', args: [ 'IVB0VPnPl0urvQrpSKkbXLdEZBUfSHaP' ] }
}
ReplyError: WRONGPASS invalid username-password pair or user is disabled.
    at parseError (/Users/adrianfranciscoperezgomez/Desktop/Personal Apps/vult-intel/node_modules/redis-parser/lib/parser.js:179:12)
    at parseType (/Users/adrianfranciscoperezgomez/Desktop/Personal Apps/vult-intel/node_modules/redis-parser/lib/parser.js:302:14) {
  command: { name: 'auth', args: [ 'IVB0VPnPl0urvQrpSKkbXLdEZBUfSHaP' ] }
}
ReplyError: WRONGPASS invalid username-password pair or user is disabled.
    at parseError (/Users/adrianfranciscoperezgomez/Desktop/Personal Apps/vult-intel/node_modules/redis-parser/lib/parser.js:179:12)
    at parseType (/Users/adrianfranciscoperezgomez/Desktop/Personal Apps/vult-intel/node_modules/redis-parser/lib/parser.js:302:14) {
  command: { name: 'auth', args: [ 'IVB0VPnPl0urvQrpSKkbXLdEZBUfSHaP' ] }
}
ReplyError: WRONGPASS invalid username-password pair or user is disabled.
    at parseError (/Users/adrianfranciscoperezgomez/Desktop/Personal Apps/vult-intel/node_modules/redis-parser/lib/parser.js:179:12)
    at parseType (/Users/adrianfranciscoperezgomez/Desktop/Personal Apps/vult-intel/node_modules/redis-parser/lib/parser.js:302:14) {
  command: { name: 'auth', args: [ 'IVB0VPnPl0urvQrpSKkbXLdEZBUfSHaP' ] }
}
Connected to Redis for persistence
ReplyError: WRONGPASS invalid username-password pair or user is disabled.
    at parseError (/Users/adrianfranciscoperezgomez/Desktop/Personal Apps/vult-intel/node_modules/redis-parser/lib/parser.js:179:12)
    at parseType (/Users/adrianfranciscoperezgomez/Desktop/Personal Apps/vult-intel/node_modules/redis-parser/lib/parser.js:302:14) {
  command: { name: 'auth', args: [ 'IVB0VPnPl0urvQrpSKkbXLdEZBUfSHaP' ] }
}
Redis connection error: ReplyError: WRONGPASS invalid username-password pair or user is disabled.
    at parseError (/Users/adrianfranciscoperezgomez/Desktop/Personal Apps/vult-intel/node_modules/redis-parser/lib/parser.js:179:12)
    at parseType (/Users/adrianfranciscoperezgomez/Desktop/Personal Apps/vult-intel/node_modules/redis-parser/lib/parser.js:302:14) {
  command: { name: 'auth', args: [ 'IVB0VPnPl0urvQrpSKkbXLdEZBUfSHaP' ] }
}
ReplyError: WRONGPASS invalid username-password pair or user is disabled.
    at parseError (/Users/adrianfranciscoperezgomez/Desktop/Personal Apps/vult-intel/node_modules/redis-parser/lib/parser.js:179:12)
    at parseType (/Users/adrianfranciscoperezgomez/Desktop/Personal Apps/vult-intel/node_modules/redis-parser/lib/parser.js:302:14) {
  command: { name: 'auth', args: [ 'IVB0VPnPl0urvQrpSKkbXLdEZBUfSHaP' ] }
}
ReplyError: WRONGPASS invalid username-password pair or user is disabled.
    at parseError (/Users/adrianfranciscoperezgomez/Desktop/Personal Apps/vult-intel/node_modules/redis-parser/lib/parser.js:179:12)
    at parseType (/Users/adrianfranciscoperezgomez/Desktop/Personal Apps/vult-intel/node_modules/redis-parser/lib/parser.js:302:14) {
  command: { name: 'auth', args: [ 'IVB0VPnPl0urvQrpSKkbXLdEZBUfSHaP' ] }
}
ReplyError: WRONGPASS invalid username-password pair or user is disabled.
    at parseError (/Users/adrianfranciscoperezgomez/Desktop/Personal Apps/vult-intel/node_modules/redis-parser/lib/parser.js:179:12)
    at parseType (/Users/adrianfranciscoperezgomez/Desktop/Personal Apps/vult-intel/node_modules/redis-parser/lib/parser.js:302:14) {
  command: { name: 'auth', args: [ 'IVB0VPnPl0urvQrpSKkbXLdEZBUfSHaP' ] }
}
ReplyError: WRONGPASS invalid username-password pair or user is disabled.
    at parseError (/Users/adrianfranciscoperezgomez/Desktop/Personal Apps/vult-intel/node_modules/redis-parser/lib/parser.js:179:12)
    at parseType (/Users/adrianfranciscoperezgomez/Desktop/Personal Apps/vult-intel/node_modules/redis-parser/lib/parser.js:302:14) {
  command: { name: 'auth', args: [ 'IVB0VPnPl0urvQrpSKkbXLdEZBUfSHaP' ] }
}
ReplyError: WRONGPASS invalid username-password pair or user is disabled.
    at parseError (/Users/adrianfranciscoperezgomez/Desktop/Personal Apps/vult-intel/node_modules/redis-parser/lib/parser.js:179:12)
    at parseType (/Users/adrianfranciscoperezgomez/Desktop/Personal Apps/vult-intel/node_modules/redis-parser/lib/parser.js:302:14) {
  command: { name: 'auth', args: [ 'IVB0VPnPl0urvQrpSKkbXLdEZBUfSHaP' ] }
}
Connected to Redis for persistence
ReplyError: WRONGPASS invalid username-password pair or user is disabled.
    at parseError (/Users/adrianfranciscoperezgomez/Desktop/Personal Apps/vult-intel/node_modules/redis-parser/lib/parser.js:179:12)
    at parseType (/Users/adrianfranciscoperezgomez/Desktop/Personal Apps/vult-intel/node_modules/redis-parser/lib/parser.js:302:14) {
  command: { name: 'auth', args: [ 'IVB0VPnPl0urvQrpSKkbXLdEZBUfSHaP' ] }
}
Redis connection error: ReplyError: WRONGPASS invalid username-password pair or user is disabled.
    at parseError (/Users/adrianfranciscoperezgomez/Desktop/Personal Apps/vult-intel/node_modules/redis-parser/lib/parser.js:179:12)
    at parseType (/Users/adrianfranciscoperezgomez/Desktop/Personal Apps/vult-intel/node_modules/redis-parser/lib/parser.js:302:14) {
  command: { name: 'auth', args: [ 'IVB0VPnPl0urvQrpSKkbXLdEZBUfSHaP' ] }
}
ReplyError: WRONGPASS invalid username-password pair or user is disabled.
    at parseError (/Users/adrianfranciscoperezgomez/Desktop/Personal Apps/vult-intel/node_modules/redis-parser/lib/parser.js:179:12)
    at parseType (/Users/adrianfranciscoperezgomez/Desktop/Personal Apps/vult-intel/node_modules/redis-parser/lib/parser.js:302:14) {
  command: { name: 'auth', args: [ 'IVB0VPnPl0urvQrpSKkbXLdEZBUfSHaP' ] }
}
ReplyError: WRONGPASS invalid username-password pair or user is disabled.
    at parseError (/Users/adrianfranciscoperezgomez/Desktop/Personal Apps/vult-intel/node_modules/redis-parser/lib/parser.js:179:12)
    at parseType (/Users/adrianfranciscoperezgomez/Desktop/Personal Apps/vult-intel/node_modules/redis-parser/lib/parser.js:302:14) {
  command: { name: 'auth', args: [ 'IVB0VPnPl0urvQrpSKkbXLdEZBUfSHaP' ] }
}
ReplyError: WRONGPASS invalid username-password pair or user is disabled.
    at parseError (/Users/adrianfranciscoperezgomez/Desktop/Personal Apps/vult-intel/node_modules/redis-parser/lib/parser.js:179:12)
    at parseType (/Users/adrianfranciscoperezgomez/Desktop/Personal Apps/vult-intel/node_modules/redis-parser/lib/parser.js:302:14) {
  command: { name: 'auth', args: [ 'IVB0VPnPl0urvQrpSKkbXLdEZBUfSHaP' ] }
}
ReplyError: WRONGPASS invalid username-password pair or user is disabled.
    at parseError (/Users/adrianfranciscoperezgomez/Desktop/Personal Apps/vult-intel/node_modules/redis-parser/lib/parser.js:179:12)
    at parseType (/Users/adrianfranciscoperezgomez/Desktop/Personal Apps/vult-intel/node_modules/redis-parser/lib/parser.js:302:14) {
  command: { name: 'auth', args: [ 'IVB0VPnPl0urvQrpSKkbXLdEZBUfSHaP' ] }
}
ReplyError: WRONGPASS invalid username-password pair or user is disabled.
    at parseError (/Users/adrianfranciscoperezgomez/Desktop/Personal Apps/vult-intel/node_modules/redis-parser/lib/parser.js:179:12)
    at parseType (/Users/adrianfranciscoperezgomez/Desktop/Personal Apps/vult-intel/node_modules/redis-parser/lib/parser.js:302:14) {
  command: { name: 'auth', args: [ 'IVB0VPnPl0urvQrpSKkbXLdEZBUfSHaP' ] }
}
Connected to Redis for persistence
ReplyError: WRONGPASS invalid username-password pair or user is disabled.
    at parseError (/Users/adrianfranciscoperezgomez/Desktop/Personal Apps/vult-intel/node_modules/redis-parser/lib/parser.js:179:12)
    at parseType (/Users/adrianfranciscoperezgomez/Desktop/Personal Apps/vult-intel/node_modules/redis-parser/lib/parser.js:302:14) {
  command: { name: 'auth', args: [ 'IVB0VPnPl0urvQrpSKkbXLdEZBUfSHaP' ] }
}
Redis connection error: ReplyError: WRONGPASS invalid username-password pair or user is disabled.
    at parseError (/Users/adrianfranciscoperezgomez/Desktop/Personal Apps/vult-intel/node_modules/redis-parser/lib/parser.js:179:12)
    at parseType (/Users/adrianfranciscoperezgomez/Desktop/Personal Apps/vult-intel/node_modules/redis-parser/lib/parser.js:302:14) {
  command: { name: 'auth', args: [ 'IVB0VPnPl0urvQrpSKkbXLdEZBUfSHaP' ] }
}
ReplyError: WRONGPASS invalid username-password pair or user is disabled.
    at parseError (/Users/adrianfranciscoperezgomez/Desktop/Personal Apps/vult-intel/node_modules/redis-parser/lib/parser.js:179:12)
    at parseType (/Users/adrianfranciscoperezgomez/Desktop/Personal Apps/vult-intel/node_modules/redis-parser/lib/parser.js:302:14) {
  command: { name: 'auth', args: [ 'IVB0VPnPl0urvQrpSKkbXLdEZBUfSHaP' ] }
}
ReplyError: WRONGPASS invalid username-password pair or user is disabled.
    at parseError (/Users/adrianfranciscoperezgomez/Desktop/Personal Apps/vult-intel/node_modules/redis-parser/lib/parser.js:179:12)
    at parseType (/Users/adrianfranciscoperezgomez/Desktop/Personal Apps/vult-intel/node_modules/redis-parser/lib/parser.js:302:14) {
  command: { name: 'auth', args: [ 'IVB0VPnPl0urvQrpSKkbXLdEZBUfSHaP' ] }
}
ReplyError: WRONGPASS invalid username-password pair or user is disabled.
    at parseError (/Users/adrianfranciscoperezgomez/Desktop/Personal Apps/vult-intel/node_modules/redis-parser/lib/parser.js:179:12)
    at parseType (/Users/adrianfranciscoperezgomez/Desktop/Personal Apps/vult-intel/node_modules/redis-parser/lib/parser.js:302:14) {
  command: { name: 'auth', args: [ 'IVB0VPnPl0urvQrpSKkbXLdEZBUfSHaP' ] }
}
ReplyError: WRONGPASS invalid username-password pair or user is disabled.
    at parseError (/Users/adrianfranciscoperezgomez/Desktop/Personal Apps/vult-intel/node_modules/redis-parser/lib/parser.js:179:12)
    at parseType (/Users/adrianfranciscoperezgomez/Desktop/Personal Apps/vult-intel/node_modules/redis-parser/lib/parser.js:302:14) {
  command: { name: 'auth', args: [ 'IVB0VPnPl0urvQrpSKkbXLdEZBUfSHaP' ] }
}
ReplyError: WRONGPASS invalid username-password pair or user is disabled.
    at parseError (/Users/adrianfranciscoperezgomez/Desktop/Personal Apps/vult-intel/node_modules/redis-parser/lib/parser.js:179:12)
    at parseType (/Users/adrianfranciscoperezgomez/Desktop/Personal Apps/vult-intel/node_modules/redis-parser/lib/parser.js:302:14) {
  command: { name: 'auth', args: [ 'IVB0VPnPl0urvQrpSKkbXLdEZBUfSHaP' ] }
}
Connected to Redis for persistence
Redis connection error: ReplyError: WRONGPASS invalid username-password pair or user is disabled.
    at parseError (/Users/adrianfranciscoperezgomez/Desktop/Personal Apps/vult-intel/node_modules/redis-parser/lib/parser.js:179:12)
    at parseType (/Users/adrianfranciscoperezgomez/Desktop/Personal Apps/vult-intel/node_modules/redis-parser/lib/parser.js:302:14) {
  command: { name: 'auth', args: [ 'IVB0VPnPl0urvQrpSKkbXLdEZBUfSHaP' ] }
}
ReplyError: WRONGPASS invalid username-password pair or user is disabled.
    at parseError (/Users/adrianfranciscoperezgomez/Desktop/Personal Apps/vult-intel/node_modules/redis-parser/lib/parser.js:179:12)
    at parseType (/Users/adrianfranciscoperezgomez/Desktop/Personal Apps/vult-intel/node_modules/redis-parser/lib/parser.js:302:14) {
  command: { name: 'auth', args: [ 'IVB0VPnPl0urvQrpSKkbXLdEZBUfSHaP' ] }
}
ReplyError: WRONGPASS invalid username-password pair or user is disabled.
    at parseError (/Users/adrianfranciscoperezgomez/Desktop/Personal Apps/vult-intel/node_modules/redis-parser/lib/parser.js:179:12)
    at parseType (/Users/adrianfranciscoperezgomez/Desktop/Personal Apps/vult-intel/node_modules/redis-parser/lib/parser.js:302:14) {
  command: { name: 'auth', args: [ 'IVB0VPnPl0urvQrpSKkbXLdEZBUfSHaP' ] }
}
ReplyError: WRONGPASS invalid username-password pair or user is disabled.
    at parseError (/Users/adrianfranciscoperezgomez/Desktop/Personal Apps/vult-intel/node_modules/redis-parser/lib/parser.js:179:12)
    at parseType (/Users/adrianfranciscoperezgomez/Desktop/Personal Apps/vult-intel/node_modules/redis-parser/lib/parser.js:302:14) {
  command: { name: 'auth', args: [ 'IVB0VPnPl0urvQrpSKkbXLdEZBUfSHaP' ] }
}
ReplyError: WRONGPASS invalid username-password pair or user is disabled.
    at parseError (/Users/adrianfranciscoperezgomez/Desktop/Personal Apps/vult-intel/node_modules/redis-parser/lib/parser.js:179:12)
    at parseType (/Users/adrianfranciscoperezgomez/Desktop/Personal Apps/vult-intel/node_modules/redis-parser/lib/parser.js:302:14) {
  command: { name: 'auth', args: [ 'IVB0VPnPl0urvQrpSKkbXLdEZBUfSHaP' ] }
}
ReplyError: WRONGPASS invalid username-password pair or user is disabled.
    at parseError (/Users/adrianfranciscoperezgomez/Desktop/Personal Apps/vult-intel/node_modules/redis-parser/lib/parser.js:179:12)
    at parseType (/Users/adrianfranciscoperezgomez/Desktop/Personal Apps/vult-intel/node_modules/redis-parser/lib/parser.js:302:14) {
  command: { name: 'auth', args: [ 'IVB0VPnPl0urvQrpSKkbXLdEZBUfSHaP' ] }
}
ReplyError: WRONGPASS invalid username-password pair or user is disabled.
    at parseError (/Users/adrianfranciscoperezgomez/Desktop/Personal Apps/vult-intel/node_modules/redis-parser/lib/parser.js:179:12)
    at parseType (/Users/adrianfranciscoperezgomez/Desktop/Personal Apps/vult-intel/node_modules/redis-parser/lib/parser.js:302:14) {
  command: { name: 'auth', args: [ 'IVB0VPnPl0urvQrpSKkbXLdEZBUfSHaP' ] }
}
Connected to Redis for persistence
Redis connection error: ReplyError: WRONGPASS invalid username-password pair or user is disabled.
    at parseError (/Users/adrianfranciscoperezgomez/Desktop/Personal Apps/vult-intel/node_modules/redis-parser/lib/parser.js:179:12)
    at parseType (/Users/adrianfranciscoperezgomez/Desktop/Personal Apps/vult-intel/node_modules/redis-parser/lib/parser.js:302:14) {
  command: { name: 'auth', args: [ 'IVB0VPnPl0urvQrpSKkbXLdEZBUfSHaP' ] }
}
ReplyError: WRONGPASS invalid username-password pair or user is disabled.
    at parseError (/Users/adrianfranciscoperezgomez/Desktop/Personal Apps/vult-intel/node_modules/redis-parser/lib/parser.js:179:12)
    at parseType (/Users/adrianfranciscoperezgomez/Desktop/Personal Apps/vult-intel/node_modules/redis-parser/lib/parser.js:302:14) {
  command: { name: 'auth', args: [ 'IVB0VPnPl0urvQrpSKkbXLdEZBUfSHaP' ] }
}
ReplyError: WRONGPASS invalid username-password pair or user is disabled.
    at parseError (/Users/adrianfranciscoperezgomez/Desktop/Personal Apps/vult-intel/node_modules/redis-parser/lib/parser.js:179:12)
    at parseType (/Users/adrianfranciscoperezgomez/Desktop/Personal Apps/vult-intel/node_modules/redis-parser/lib/parser.js:302:14) {
  command: { name: 'auth', args: [ 'IVB0VPnPl0urvQrpSKkbXLdEZBUfSHaP' ] }
}
ReplyError: WRONGPASS invalid username-password pair or user is disabled.
    at parseError (/Users/adrianfranciscoperezgomez/Desktop/Personal Apps/vult-intel/node_modules/redis-parser/lib/parser.js:179:12)
    at parseType (/Users/adrianfranciscoperezgomez/Desktop/Personal Apps/vult-intel/node_modules/redis-parser/lib/parser.js:302:14) {
  command: { name: 'auth', args: [ 'IVB0VPnPl0urvQrpSKkbXLdEZBUfSHaP' ] }
}
ReplyError: WRONGPASS invalid username-password pair or user is disabled.
    at parseError (/Users/adrianfranciscoperezgomez/Desktop/Personal Apps/vult-intel/node_modules/redis-parser/lib/parser.js:179:12)
    at parseType (/Users/adrianfranciscoperezgomez/Desktop/Personal Apps/vult-intel/node_modules/redis-parser/lib/parser.js:302:14) {
  command: { name: 'auth', args: [ 'IVB0VPnPl0urvQrpSKkbXLdEZBUfSHaP' ] }
}
ReplyError: WRONGPASS invalid username-password pair or user is disabled.
    at parseError (/Users/adrianfranciscoperezgomez/Desktop/Personal Apps/vult-intel/node_modules/redis-parser/lib/parser.js:179:12)
    at parseType (/Users/adrianfranciscoperezgomez/Desktop/Personal Apps/vult-intel/node_modules/redis-parser/lib/parser.js:302:14) {
  command: { name: 'auth', args: [ 'IVB0VPnPl0urvQrpSKkbXLdEZBUfSHaP' ] }
}
ReplyError: WRONGPASS invalid username-password pair or user is disabled.
    at parseError (/Users/adrianfranciscoperezgomez/Desktop/Personal Apps/vult-intel/node_modules/redis-parser/lib/parser.js:179:12)
    at parseType (/Users/adrianfranciscoperezgomez/Desktop/Personal Apps/vult-intel/node_modules/redis-parser/lib/parser.js:302:14) {
  command: { name: 'auth', args: [ 'IVB0VPnPl0urvQrpSKkbXLdEZBUfSHaP' ] }
}
Connected to Redis for persistence
ReplyError: WRONGPASS invalid username-password pair or user is disabled.
    at parseError (/Users/adrianfranciscoperezgomez/Desktop/Personal Apps/vult-intel/node_modules/redis-parser/lib/parser.js:179:12)
    at parseType (/Users/adrianfranciscoperezgomez/Desktop/Personal Apps/vult-intel/node_modules/redis-parser/lib/parser.js:302:14) {
  command: { name: 'auth', args: [ 'IVB0VPnPl0urvQrpSKkbXLdEZBUfSHaP' ] }
}
Redis connection error: ReplyError: WRONGPASS invalid username-password pair or user is disabled.
    at parseError (/Users/adrianfranciscoperezgomez/Desktop/Personal Apps/vult-intel/node_modules/redis-parser/lib/parser.js:179:12)
    at parseType (/Users/adrianfranciscoperezgomez/Desktop/Personal Apps/vult-intel/node_modules/redis-parser/lib/parser.js:302:14) {
  command: { name: 'auth', args: [ 'IVB0VPnPl0urvQrpSKkbXLdEZBUfSHaP' ] }
}
ReplyError: WRONGPASS invalid username-password pair or user is disabled.
    at parseError (/Users/adrianfranciscoperezgomez/Desktop/Personal Apps/vult-intel/node_modules/redis-parser/lib/parser.js:179:12)
    at parseType (/Users/adrianfranciscoperezgomez/Desktop/Personal Apps/vult-intel/node_modules/redis-parser/lib/parser.js:302:14) {
  command: { name: 'auth', args: [ 'IVB0VPnPl0urvQrpSKkbXLdEZBUfSHaP' ] }
}
ReplyError: WRONGPASS invalid username-password pair or user is disabled.
    at parseError (/Users/adrianfranciscoperezgomez/Desktop/Personal Apps/vult-intel/node_modules/redis-parser/lib/parser.js:179:12)
    at parseType (/Users/adrianfranciscoperezgomez/Desktop/Personal Apps/vult-intel/node_modules/redis-parser/lib/parser.js:302:14) {
  command: { name: 'auth', args: [ 'IVB0VPnPl0urvQrpSKkbXLdEZBUfSHaP' ] }
}
ReplyError: WRONGPASS invalid username-password pair or user is disabled.
    at parseError (/Users/adrianfranciscoperezgomez/Desktop/Personal Apps/vult-intel/node_modules/redis-parser/lib/parser.js:179:12)
    at parseType (/Users/adrianfranciscoperezgomez/Desktop/Personal Apps/vult-intel/node_modules/redis-parser/lib/parser.js:302:14) {
  command: { name: 'auth', args: [ 'IVB0VPnPl0urvQrpSKkbXLdEZBUfSHaP' ] }
}
ReplyError: WRONGPASS invalid username-password pair or user is disabled.
    at parseError (/Users/adrianfranciscoperezgomez/Desktop/Personal Apps/vult-intel/node_modules/redis-parser/lib/parser.js:179:12)
    at parseType (/Users/adrianfranciscoperezgomez/Desktop/Personal Apps/vult-intel/node_modules/redis-parser/lib/parser.js:302:14) {
  command: { name: 'auth', args: [ 'IVB0VPnPl0urvQrpSKkbXLdEZBUfSHaP' ] }
}
ReplyError: WRONGPASS invalid username-password pair or user is disabled.
    at parseError (/Users/adrianfranciscoperezgomez/Desktop/Personal Apps/vult-intel/node_modules/redis-parser/lib/parser.js:179:12)
    at parseType (/Users/adrianfranciscoperezgomez/Desktop/Personal Apps/vult-intel/node_modules/redis-parser/lib/parser.js:302:14) {
  command: { name: 'auth', args: [ 'IVB0VPnPl0urvQrpSKkbXLdEZBUfSHaP' ] }
}
Connected to Redis for persistence
Redis connection error: ReplyError: WRONGPASS invalid username-password pair or user is disabled.
    at parseError (/Users/adrianfranciscoperezgomez/Desktop/Personal Apps/vult-intel/node_modules/redis-parser/lib/parser.js:179:12)
    at parseType (/Users/adrianfranciscoperezgomez/Desktop/Personal Apps/vult-intel/node_modules/redis-parser/lib/parser.js:302:14) {
  command: { name: 'auth', args: [ 'IVB0VPnPl0urvQrpSKkbXLdEZBUfSHaP' ] }
}
ReplyError: WRONGPASS invalid username-password pair or user is disabled.
    at parseError (/Users/adrianfranciscoperezgomez/Desktop/Personal Apps/vult-intel/node_modules/redis-parser/lib/parser.js:179:12)
    at parseType (/Users/adrianfranciscoperezgomez/Desktop/Personal Apps/vult-intel/node_modules/redis-parser/lib/parser.js:302:14) {
  command: { name: 'auth', args: [ 'IVB0VPnPl0urvQrpSKkbXLdEZBUfSHaP' ] }
}
ReplyError: WRONGPASS invalid username-password pair or user is disabled.
    at parseError (/Users/adrianfranciscoperezgomez/Desktop/Personal Apps/vult-intel/node_modules/redis-parser/lib/parser.js:179:12)
    at parseType (/Users/adrianfranciscoperezgomez/Desktop/Personal Apps/vult-intel/node_modules/redis-parser/lib/parser.js:302:14) {
  command: { name: 'auth', args: [ 'IVB0VPnPl0urvQrpSKkbXLdEZBUfSHaP' ] }
}
ReplyError: WRONGPASS invalid username-password pair or user is disabled.
    at parseError (/Users/adrianfranciscoperezgomez/Desktop/Personal Apps/vult-intel/node_modules/redis-parser/lib/parser.js:179:12)
    at parseType (/Users/adrianfranciscoperezgomez/Desktop/Personal Apps/vult-intel/node_modules/redis-parser/lib/parser.js:302:14) {
  command: { name: 'auth', args: [ 'IVB0VPnPl0urvQrpSKkbXLdEZBUfSHaP' ] }
}
ReplyError: WRONGPASS invalid username-password pair or user is disabled.
    at parseError (/Users/adrianfranciscoperezgomez/Desktop/Personal Apps/vult-intel/node_modules/redis-parser/lib/parser.js:179:12)
    at parseType (/Users/adrianfranciscoperezgomez/Desktop/Personal Apps/vult-intel/node_modules/redis-parser/lib/parser.js:302:14) {
  command: { name: 'auth', args: [ 'IVB0VPnPl0urvQrpSKkbXLdEZBUfSHaP' ] }
}
ReplyError: WRONGPASS invalid username-password pair or user is disabled.
    at parseError (/Users/adrianfranciscoperezgomez/Desktop/Personal Apps/vult-intel/node_modules/redis-parser/lib/parser.js:179:12)
    at parseType (/Users/adrianfranciscoperezgomez/Desktop/Personal Apps/vult-intel/node_modules/redis-parser/lib/parser.js:302:14) {
  command: { name: 'auth', args: [ 'IVB0VPnPl0urvQrpSKkbXLdEZBUfSHaP' ] }
}
ReplyError: WRONGPASS invalid username-password pair or user is disabled.
    at parseError (/Users/adrianfranciscoperezgomez/Desktop/Personal Apps/vult-intel/node_modules/redis-parser/lib/parser.js:179:12)
    at parseType (/Users/adrianfranciscoperezgomez/Desktop/Personal Apps/vult-intel/node_modules/redis-parser/lib/parser.js:302:14) {
  command: { name: 'auth', args: [ 'IVB0VPnPl0urvQrpSKkbXLdEZBUfSHaP' ] }
}
Connected to Redis for persistence
ReplyError: WRONGPASS invalid username-password pair or user is disabled.
    at parseError (/Users/adrianfranciscoperezgomez/Desktop/Personal Apps/vult-intel/node_modules/redis-parser/lib/parser.js:179:12)
    at parseType (/Users/adrianfranciscoperezgomez/Desktop/Personal Apps/vult-intel/node_modules/redis-parser/lib/parser.js:302:14) {
  command: { name: 'auth', args: [ 'IVB0VPnPl0urvQrpSKkbXLdEZBUfSHaP' ] }
}
Redis connection error: ReplyError: WRONGPASS invalid username-password pair or user is disabled.
    at parseError (/Users/adrianfranciscoperezgomez/Desktop/Personal Apps/vult-intel/node_modules/redis-parser/lib/parser.js:179:12)
    at parseType (/Users/adrianfranciscoperezgomez/Desktop/Personal Apps/vult-intel/node_modules/redis-parser/lib/parser.js:302:14) {
  command: { name: 'auth', args: [ 'IVB0VPnPl0urvQrpSKkbXLdEZBUfSHaP' ] }
}
ReplyError: WRONGPASS invalid username-password pair or user is disabled.
    at parseError (/Users/adrianfranciscoperezgomez/Desktop/Personal Apps/vult-intel/node_modules/redis-parser/lib/parser.js:179:12)
    at parseType (/Users/adrianfranciscoperezgomez/Desktop/Personal Apps/vult-intel/node_modules/redis-parser/lib/parser.js:302:14) {
  command: { name: 'auth', args: [ 'IVB0VPnPl0urvQrpSKkbXLdEZBUfSHaP' ] }
}
ReplyError: WRONGPASS invalid username-password pair or user is disabled.
    at parseError (/Users/adrianfranciscoperezgomez/Desktop/Personal Apps/vult-intel/node_modules/redis-parser/lib/parser.js:179:12)
    at parseType (/Users/adrianfranciscoperezgomez/Desktop/Personal Apps/vult-intel/node_modules/redis-parser/lib/parser.js:302:14) {
  command: { name: 'auth', args: [ 'IVB0VPnPl0urvQrpSKkbXLdEZBUfSHaP' ] }
}
ReplyError: WRONGPASS invalid username-password pair or user is disabled.
    at parseError (/Users/adrianfranciscoperezgomez/Desktop/Personal Apps/vult-intel/node_modules/redis-parser/lib/parser.js:179:12)
    at parseType (/Users/adrianfranciscoperezgomez/Desktop/Personal Apps/vult-intel/node_modules/redis-parser/lib/parser.js:302:14) {
  command: { name: 'auth', args: [ 'IVB0VPnPl0urvQrpSKkbXLdEZBUfSHaP' ] }
}
ReplyError: WRONGPASS invalid username-password pair or user is disabled.
    at parseError (/Users/adrianfranciscoperezgomez/Desktop/Personal Apps/vult-intel/node_modules/redis-parser/lib/parser.js:179:12)
    at parseType (/Users/adrianfranciscoperezgomez/Desktop/Personal Apps/vult-intel/node_modules/redis-parser/lib/parser.js:302:14) {
  command: { name: 'auth', args: [ 'IVB0VPnPl0urvQrpSKkbXLdEZBUfSHaP' ] }
}
ReplyError: WRONGPASS invalid username-password pair or user is disabled.
    at parseError (/Users/adrianfranciscoperezgomez/Desktop/Personal Apps/vult-intel/node_modules/redis-parser/lib/parser.js:179:12)
    at parseType (/Users/adrianfranciscoperezgomez/Desktop/Personal Apps/vult-intel/node_modules/redis-parser/lib/parser.js:302:14) {
  command: { name: 'auth', args: [ 'IVB0VPnPl0urvQrpSKkbXLdEZBUfSHaP' ] }
}
Connected to Redis for persistence
ReplyError: WRONGPASS invalid username-password pair or user is disabled.
    at parseError (/Users/adrianfranciscoperezgomez/Desktop/Personal Apps/vult-intel/node_modules/redis-parser/lib/parser.js:179:12)
    at parseType (/Users/adrianfranciscoperezgomez/Desktop/Personal Apps/vult-intel/node_modules/redis-parser/lib/parser.js:302:14) {
  command: { name: 'auth', args: [ 'IVB0VPnPl0urvQrpSKkbXLdEZBUfSHaP' ] }
}
Redis connection error: ReplyError: WRONGPASS invalid username-password pair or user is disabled.
    at parseError (/Users/adrianfranciscoperezgomez/Desktop/Personal Apps/vult-intel/node_modules/redis-parser/lib/parser.js:179:12)
    at parseType (/Users/adrianfranciscoperezgomez/Desktop/Personal Apps/vult-intel/node_modules/redis-parser/lib/parser.js:302:14) {
  command: { name: 'auth', args: [ 'IVB0VPnPl0urvQrpSKkbXLdEZBUfSHaP' ] }
}
ReplyError: WRONGPASS invalid username-password pair or user is disabled.
    at parseError (/Users/adrianfranciscoperezgomez/Desktop/Personal Apps/vult-intel/node_modules/redis-parser/lib/parser.js:179:12)
    at parseType (/Users/adrianfranciscoperezgomez/Desktop/Personal Apps/vult-intel/node_modules/redis-parser/lib/parser.js:302:14) {
  command: { name: 'auth', args: [ 'IVB0VPnPl0urvQrpSKkbXLdEZBUfSHaP' ] }
}
ReplyError: WRONGPASS invalid username-password pair or user is disabled.
    at parseError (/Users/adrianfranciscoperezgomez/Desktop/Personal Apps/vult-intel/node_modules/redis-parser/lib/parser.js:179:12)
    at parseType (/Users/adrianfranciscoperezgomez/Desktop/Personal Apps/vult-intel/node_modules/redis-parser/lib/parser.js:302:14) {
  command: { name: 'auth', args: [ 'IVB0VPnPl0urvQrpSKkbXLdEZBUfSHaP' ] }
}
ReplyError: WRONGPASS invalid username-password pair or user is disabled.
    at parseError (/Users/adrianfranciscoperezgomez/Desktop/Personal Apps/vult-intel/node_modules/redis-parser/lib/parser.js:179:12)
    at parseType (/Users/adrianfranciscoperezgomez/Desktop/Personal Apps/vult-intel/node_modules/redis-parser/lib/parser.js:302:14) {
  command: { name: 'auth', args: [ 'IVB0VPnPl0urvQrpSKkbXLdEZBUfSHaP' ] }
}
ReplyError: WRONGPASS invalid username-password pair or user is disabled.
    at parseError (/Users/adrianfranciscoperezgomez/Desktop/Personal Apps/vult-intel/node_modules/redis-parser/lib/parser.js:179:12)
    at parseType (/Users/adrianfranciscoperezgomez/Desktop/Personal Apps/vult-intel/node_modules/redis-parser/lib/parser.js:302:14) {
  command: { name: 'auth', args: [ 'IVB0VPnPl0urvQrpSKkbXLdEZBUfSHaP' ] }
}
ReplyError: WRONGPASS invalid username-password pair or user is disabled.
    at parseError (/Users/adrianfranciscoperezgomez/Desktop/Personal Apps/vult-intel/node_modules/redis-parser/lib/parser.js:179:12)
    at parseType (/Users/adrianfranciscoperezgomez/Desktop/Personal Apps/vult-intel/node_modules/redis-parser/lib/parser.js:302:14) {
  command: { name: 'auth', args: [ 'IVB0VPnPl0urvQrpSKkbXLdEZBUfSHaP' ] }
}
Connected to Redis for persistence
ReplyError: WRONGPASS invalid username-password pair or user is disabled.
    at parseError (/Users/adrianfranciscoperezgomez/Desktop/Personal Apps/vult-intel/node_modules/redis-parser/lib/parser.js:179:12)
    at parseType (/Users/adrianfranciscoperezgomez/Desktop/Personal Apps/vult-intel/node_modules/redis-parser/lib/parser.js:302:14) {
  command: { name: 'auth', args: [ 'IVB0VPnPl0urvQrpSKkbXLdEZBUfSHaP' ] }
}
Redis connection error: ReplyError: WRONGPASS invalid username-password pair or user is disabled.
    at parseError (/Users/adrianfranciscoperezgomez/Desktop/Personal Apps/vult-intel/node_modules/redis-parser/lib/parser.js:179:12)
    at parseType (/Users/adrianfranciscoperezgomez/Desktop/Personal Apps/vult-intel/node_modules/redis-parser/lib/parser.js:302:14) {
  command: { name: 'auth', args: [ 'IVB0VPnPl0urvQrpSKkbXLdEZBUfSHaP' ] }
}
ReplyError: WRONGPASS invalid username-password pair or user is disabled.
    at parseError (/Users/adrianfranciscoperezgomez/Desktop/Personal Apps/vult-intel/node_modules/redis-parser/lib/parser.js:179:12)
    at parseType (/Users/adrianfranciscoperezgomez/Desktop/Personal Apps/vult-intel/node_modules/redis-parser/lib/parser.js:302:14) {
  command: { name: 'auth', args: [ 'IVB0VPnPl0urvQrpSKkbXLdEZBUfSHaP' ] }
}
ReplyError: WRONGPASS invalid username-password pair or user is disabled.
    at parseError (/Users/adrianfranciscoperezgomez/Desktop/Personal Apps/vult-intel/node_modules/redis-parser/lib/parser.js:179:12)
    at parseType (/Users/adrianfranciscoperezgomez/Desktop/Personal Apps/vult-intel/node_modules/redis-parser/lib/parser.js:302:14) {
  command: { name: 'auth', args: [ 'IVB0VPnPl0urvQrpSKkbXLdEZBUfSHaP' ] }
}
ReplyError: WRONGPASS invalid username-password pair or user is disabled.
    at parseError (/Users/adrianfranciscoperezgomez/Desktop/Personal Apps/vult-intel/node_modules/redis-parser/lib/parser.js:179:12)
    at parseType (/Users/adrianfranciscoperezgomez/Desktop/Personal Apps/vult-intel/node_modules/redis-parser/lib/parser.js:302:14) {
  command: { name: 'auth', args: [ 'IVB0VPnPl0urvQrpSKkbXLdEZBUfSHaP' ] }
}
ReplyError: WRONGPASS invalid username-password pair or user is disabled.
    at parseError (/Users/adrianfranciscoperezgomez/Desktop/Personal Apps/vult-intel/node_modules/redis-parser/lib/parser.js:179:12)
    at parseType (/Users/adrianfranciscoperezgomez/Desktop/Personal Apps/vult-intel/node_modules/redis-parser/lib/parser.js:302:14) {
  command: { name: 'auth', args: [ 'IVB0VPnPl0urvQrpSKkbXLdEZBUfSHaP' ] }
}
ReplyError: WRONGPASS invalid username-password pair or user is disabled.
    at parseError (/Users/adrianfranciscoperezgomez/Desktop/Personal Apps/vult-intel/node_modules/redis-parser/lib/parser.js:179:12)
    at parseType (/Users/adrianfranciscoperezgomez/Desktop/Personal Apps/vult-intel/node_modules/redis-parser/lib/parser.js:302:14) {
  command: { name: 'auth', args: [ 'IVB0VPnPl0urvQrpSKkbXLdEZBUfSHaP' ] }
}
Connected to Redis for persistence
ReplyError: WRONGPASS invalid username-password pair or user is disabled.
    at parseError (/Users/adrianfranciscoperezgomez/Desktop/Personal Apps/vult-intel/node_modules/redis-parser/lib/parser.js:179:12)
    at parseType (/Users/adrianfranciscoperezgomez/Desktop/Personal Apps/vult-intel/node_modules/redis-parser/lib/parser.js:302:14) {
  command: { name: 'auth', args: [ 'IVB0VPnPl0urvQrpSKkbXLdEZBUfSHaP' ] }
}
Redis connection error: ReplyError: WRONGPASS invalid username-password pair or user is disabled.
    at parseError (/Users/adrianfranciscoperezgomez/Desktop/Personal Apps/vult-intel/node_modules/redis-parser/lib/parser.js:179:12)
    at parseType (/Users/adrianfranciscoperezgomez/Desktop/Personal Apps/vult-intel/node_modules/redis-parser/lib/parser.js:302:14) {
  command: { name: 'auth', args: [ 'IVB0VPnPl0urvQrpSKkbXLdEZBUfSHaP' ] }
}
ReplyError: WRONGPASS invalid username-password pair or user is disabled.
    at parseError (/Users/adrianfranciscoperezgomez/Desktop/Personal Apps/vult-intel/node_modules/redis-parser/lib/parser.js:179:12)
    at parseType (/Users/adrianfranciscoperezgomez/Desktop/Personal Apps/vult-intel/node_modules/redis-parser/lib/parser.js:302:14) {
  command: { name: 'auth', args: [ 'IVB0VPnPl0urvQrpSKkbXLdEZBUfSHaP' ] }
}
ReplyError: WRONGPASS invalid username-password pair or user is disabled.
    at parseError (/Users/adrianfranciscoperezgomez/Desktop/Personal Apps/vult-intel/node_modules/redis-parser/lib/parser.js:179:12)
    at parseType (/Users/adrianfranciscoperezgomez/Desktop/Personal Apps/vult-intel/node_modules/redis-parser/lib/parser.js:302:14) {
  command: { name: 'auth', args: [ 'IVB0VPnPl0urvQrpSKkbXLdEZBUfSHaP' ] }
}
ReplyError: WRONGPASS invalid username-password pair or user is disabled.
    at parseError (/Users/adrianfranciscoperezgomez/Desktop/Personal Apps/vult-intel/node_modules/redis-parser/lib/parser.js:179:12)
    at parseType (/Users/adrianfranciscoperezgomez/Desktop/Personal Apps/vult-intel/node_modules/redis-parser/lib/parser.js:302:14) {
  command: { name: 'auth', args: [ 'IVB0VPnPl0urvQrpSKkbXLdEZBUfSHaP' ] }
}
ReplyError: WRONGPASS invalid username-password pair or user is disabled.
    at parseError (/Users/adrianfranciscoperezgomez/Desktop/Personal Apps/vult-intel/node_modules/redis-parser/lib/parser.js:179:12)
    at parseType (/Users/adrianfranciscoperezgomez/Desktop/Personal Apps/vult-intel/node_modules/redis-parser/lib/parser.js:302:14) {
  command: { name: 'auth', args: [ 'IVB0VPnPl0urvQrpSKkbXLdEZBUfSHaP' ] }
}
ReplyError: WRONGPASS invalid username-password pair or user is disabled.
    at parseError (/Users/adrianfranciscoperezgomez/Desktop/Personal Apps/vult-intel/node_modules/redis-parser/lib/parser.js:179:12)
    at parseType (/Users/adrianfranciscoperezgomez/Desktop/Personal Apps/vult-intel/node_modules/redis-parser/lib/parser.js:302:14) {
  command: { name: 'auth', args: [ 'IVB0VPnPl0urvQrpSKkbXLdEZBUfSHaP' ] }
}
Connected to Redis for persistence
ReplyError: WRONGPASS invalid username-password pair or user is disabled.
    at parseError (/Users/adrianfranciscoperezgomez/Desktop/Personal Apps/vult-intel/node_modules/redis-parser/lib/parser.js:179:12)
    at parseType (/Users/adrianfranciscoperezgomez/Desktop/Personal Apps/vult-intel/node_modules/redis-parser/lib/parser.js:302:14) {
  command: { name: 'auth', args: [ 'IVB0VPnPl0urvQrpSKkbXLdEZBUfSHaP' ] }
}
Redis connection error: ReplyError: WRONGPASS invalid username-password pair or user is disabled.
    at parseError (/Users/adrianfranciscoperezgomez/Desktop/Personal Apps/vult-intel/node_modules/redis-parser/lib/parser.js:179:12)
    at parseType (/Users/adrianfranciscoperezgomez/Desktop/Personal Apps/vult-intel/node_modules/redis-parser/lib/parser.js:302:14) {
  command: { name: 'auth', args: [ 'IVB0VPnPl0urvQrpSKkbXLdEZBUfSHaP' ] }
}
ReplyError: WRONGPASS invalid username-password pair or user is disabled.
    at parseError (/Users/adrianfranciscoperezgomez/Desktop/Personal Apps/vult-intel/node_modules/redis-parser/lib/parser.js:179:12)
    at parseType (/Users/adrianfranciscoperezgomez/Desktop/Personal Apps/vult-intel/node_modules/redis-parser/lib/parser.js:302:14) {
  command: { name: 'auth', args: [ 'IVB0VPnPl0urvQrpSKkbXLdEZBUfSHaP' ] }
}
ReplyError: WRONGPASS invalid username-password pair or user is disabled.
    at parseError (/Users/adrianfranciscoperezgomez/Desktop/Personal Apps/vult-intel/node_modules/redis-parser/lib/parser.js:179:12)
    at parseType (/Users/adrianfranciscoperezgomez/Desktop/Personal Apps/vult-intel/node_modules/redis-parser/lib/parser.js:302:14) {
  command: { name: 'auth', args: [ 'IVB0VPnPl0urvQrpSKkbXLdEZBUfSHaP' ] }
}
ReplyError: WRONGPASS invalid username-password pair or user is disabled.
    at parseError (/Users/adrianfranciscoperezgomez/Desktop/Personal Apps/vult-intel/node_modules/redis-parser/lib/parser.js:179:12)
    at parseType (/Users/adrianfranciscoperezgomez/Desktop/Personal Apps/vult-intel/node_modules/redis-parser/lib/parser.js:302:14) {
  command: { name: 'auth', args: [ 'IVB0VPnPl0urvQrpSKkbXLdEZBUfSHaP' ] }
}
ReplyError: WRONGPASS invalid username-password pair or user is disabled.
    at parseError (/Users/adrianfranciscoperezgomez/Desktop/Personal Apps/vult-intel/node_modules/redis-parser/lib/parser.js:179:12)
    at parseType (/Users/adrianfranciscoperezgomez/Desktop/Personal Apps/vult-intel/node_modules/redis-parser/lib/parser.js:302:14) {
  command: { name: 'auth', args: [ 'IVB0VPnPl0urvQrpSKkbXLdEZBUfSHaP' ] }
}
ReplyError: WRONGPASS invalid username-password pair or user is disabled.
    at parseError (/Users/adrianfranciscoperezgomez/Desktop/Personal Apps/vult-intel/node_modules/redis-parser/lib/parser.js:179:12)
    at parseType (/Users/adrianfranciscoperezgomez/Desktop/Personal Apps/vult-intel/node_modules/redis-parser/lib/parser.js:302:14) {
  command: { name: 'auth', args: [ 'IVB0VPnPl0urvQrpSKkbXLdEZBUfSHaP' ] }
}
Connected to Redis for persistence
ReplyError: WRONGPASS invalid username-password pair or user is disabled.
    at parseError (/Users/adrianfranciscoperezgomez/Desktop/Personal Apps/vult-intel/node_modules/redis-parser/lib/parser.js:179:12)
    at parseType (/Users/adrianfranciscoperezgomez/Desktop/Personal Apps/vult-intel/node_modules/redis-parser/lib/parser.js:302:14) {
  command: { name: 'auth', args: [ 'IVB0VPnPl0urvQrpSKkbXLdEZBUfSHaP' ] }
}
Redis connection error: ReplyError: WRONGPASS invalid username-password pair or user is disabled.
    at parseError (/Users/adrianfranciscoperezgomez/Desktop/Personal Apps/vult-intel/node_modules/redis-parser/lib/parser.js:179:12)
    at parseType (/Users/adrianfranciscoperezgomez/Desktop/Personal Apps/vult-intel/node_modules/redis-parser/lib/parser.js:302:14) {
  command: { name: 'auth', args: [ 'IVB0VPnPl0urvQrpSKkbXLdEZBUfSHaP' ] }
}
ReplyError: WRONGPASS invalid username-password pair or user is disabled.
    at parseError (/Users/adrianfranciscoperezgomez/Desktop/Personal Apps/vult-intel/node_modules/redis-parser/lib/parser.js:179:12)
    at parseType (/Users/adrianfranciscoperezgomez/Desktop/Personal Apps/vult-intel/node_modules/redis-parser/lib/parser.js:302:14) {
  command: { name: 'auth', args: [ 'IVB0VPnPl0urvQrpSKkbXLdEZBUfSHaP' ] }
}
ReplyError: WRONGPASS invalid username-password pair or user is disabled.
    at parseError (/Users/adrianfranciscoperezgomez/Desktop/Personal Apps/vult-intel/node_modules/redis-parser/lib/parser.js:179:12)
    at parseType (/Users/adrianfranciscoperezgomez/Desktop/Personal Apps/vult-intel/node_modules/redis-parser/lib/parser.js:302:14) {
  command: { name: 'auth', args: [ 'IVB0VPnPl0urvQrpSKkbXLdEZBUfSHaP' ] }
}
ReplyError: WRONGPASS invalid username-password pair or user is disabled.
    at parseError (/Users/adrianfranciscoperezgomez/Desktop/Personal Apps/vult-intel/node_modules/redis-parser/lib/parser.js:179:12)
    at parseType (/Users/adrianfranciscoperezgomez/Desktop/Personal Apps/vult-intel/node_modules/redis-parser/lib/parser.js:302:14) {
  command: { name: 'auth', args: [ 'IVB0VPnPl0urvQrpSKkbXLdEZBUfSHaP' ] }
}
ReplyError: WRONGPASS invalid username-password pair or user is disabled.
    at parseError (/Users/adrianfranciscoperezgomez/Desktop/Personal Apps/vult-intel/node_modules/redis-parser/lib/parser.js:179:12)
    at parseType (/Users/adrianfranciscoperezgomez/Desktop/Personal Apps/vult-intel/node_modules/redis-parser/lib/parser.js:302:14) {
  command: { name: 'auth', args: [ 'IVB0VPnPl0urvQrpSKkbXLdEZBUfSHaP' ] }
}
ReplyError: WRONGPASS invalid username-password pair or user is disabled.
    at parseError (/Users/adrianfranciscoperezgomez/Desktop/Personal Apps/vult-intel/node_modules/redis-parser/lib/parser.js:179:12)
    at parseType (/Users/adrianfranciscoperezgomez/Desktop/Personal Apps/vult-intel/node_modules/redis-parser/lib/parser.js:302:14) {
  command: { name: 'auth', args: [ 'IVB0VPnPl0urvQrpSKkbXLdEZBUfSHaP' ] }
}
ReplyError: WRONGPASS invalid username-password pair or user is disabled.
    at parseError (/Users/adrianfranciscoperezgomez/Desktop/Personal Apps/vult-intel/node_modules/redis-parser/lib/parser.js:179:12)
    at parseType (/Users/adrianfranciscoperezgomez/Desktop/Personal Apps/vult-intel/node_modules/redis-parser/lib/parser.js:302:14) {
  command: { name: 'auth', args: [ 'IVB0VPnPl0urvQrpSKkbXLdEZBUfSHaP' ] }
}
Connected to Redis for persistence
Redis connection error: ReplyError: WRONGPASS invalid username-password pair or user is disabled.
    at parseError (/Users/adrianfranciscoperezgomez/Desktop/Personal Apps/vult-intel/node_modules/redis-parser/lib/parser.js:179:12)
    at parseType (/Users/adrianfranciscoperezgomez/Desktop/Personal Apps/vult-intel/node_modules/redis-parser/lib/parser.js:302:14) {
  command: { name: 'auth', args: [ 'IVB0VPnPl0urvQrpSKkbXLdEZBUfSHaP' ] }
}
ReplyError: WRONGPASS invalid username-password pair or user is disabled.
    at parseError (/Users/adrianfranciscoperezgomez/Desktop/Personal Apps/vult-intel/node_modules/redis-parser/lib/parser.js:179:12)
    at parseType (/Users/adrianfranciscoperezgomez/Desktop/Personal Apps/vult-intel/node_modules/redis-parser/lib/parser.js:302:14) {
  command: { name: 'auth', args: [ 'IVB0VPnPl0urvQrpSKkbXLdEZBUfSHaP' ] }
}
ReplyError: WRONGPASS invalid username-password pair or user is disabled.
    at parseError (/Users/adrianfranciscoperezgomez/Desktop/Personal Apps/vult-intel/node_modules/redis-parser/lib/parser.js:179:12)
    at parseType (/Users/adrianfranciscoperezgomez/Desktop/Personal Apps/vult-intel/node_modules/redis-parser/lib/parser.js:302:14) {
  command: { name: 'auth', args: [ 'IVB0VPnPl0urvQrpSKkbXLdEZBUfSHaP' ] }
}
ReplyError: WRONGPASS invalid username-password pair or user is disabled.
    at parseError (/Users/adrianfranciscoperezgomez/Desktop/Personal Apps/vult-intel/node_modules/redis-parser/lib/parser.js:179:12)
    at parseType (/Users/adrianfranciscoperezgomez/Desktop/Personal Apps/vult-intel/node_modules/redis-parser/lib/parser.js:302:14) {
  command: { name: 'auth', args: [ 'IVB0VPnPl0urvQrpSKkbXLdEZBUfSHaP' ] }
}
ReplyError: WRONGPASS invalid username-password pair or user is disabled.
    at parseError (/Users/adrianfranciscoperezgomez/Desktop/Personal Apps/vult-intel/node_modules/redis-parser/lib/parser.js:179:12)
    at parseType (/Users/adrianfranciscoperezgomez/Desktop/Personal Apps/vult-intel/node_modules/redis-parser/lib/parser.js:302:14) {
  command: { name: 'auth', args: [ 'IVB0VPnPl0urvQrpSKkbXLdEZBUfSHaP' ] }
}
ReplyError: WRONGPASS invalid username-password pair or user is disabled.
    at parseError (/Users/adrianfranciscoperezgomez/Desktop/Personal Apps/vult-intel/node_modules/redis-parser/lib/parser.js:179:12)
    at parseType (/Users/adrianfranciscoperezgomez/Desktop/Personal Apps/vult-intel/node_modules/redis-parser/lib/parser.js:302:14) {
  command: { name: 'auth', args: [ 'IVB0VPnPl0urvQrpSKkbXLdEZBUfSHaP' ] }
}
ReplyError: WRONGPASS invalid username-password pair or user is disabled.
    at parseError (/Users/adrianfranciscoperezgomez/Desktop/Personal Apps/vult-intel/node_modules/redis-parser/lib/parser.js:179:12)
    at parseType (/Users/adrianfranciscoperezgomez/Desktop/Personal Apps/vult-intel/node_modules/redis-parser/lib/parser.js:302:14) {
  command: { name: 'auth', args: [ 'IVB0VPnPl0urvQrpSKkbXLdEZBUfSHaP' ] }
}
Connected to Redis for persistence
Redis connection error: ReplyError: WRONGPASS invalid username-password pair or user is disabled.
    at parseError (/Users/adrianfranciscoperezgomez/Desktop/Personal Apps/vult-intel/node_modules/redis-parser/lib/parser.js:179:12)
    at parseType (/Users/adrianfranciscoperezgomez/Desktop/Personal Apps/vult-intel/node_modules/redis-parser/lib/parser.js:302:14) {
  command: { name: 'auth', args: [ 'IVB0VPnPl0urvQrpSKkbXLdEZBUfSHaP' ] }
}
ReplyError: WRONGPASS invalid username-password pair or user is disabled.
    at parseError (/Users/adrianfranciscoperezgomez/Desktop/Personal Apps/vult-intel/node_modules/redis-parser/lib/parser.js:179:12)
    at parseType (/Users/adrianfranciscoperezgomez/Desktop/Personal Apps/vult-intel/node_modules/redis-parser/lib/parser.js:302:14) {
  command: { name: 'auth', args: [ 'IVB0VPnPl0urvQrpSKkbXLdEZBUfSHaP' ] }
}
ReplyError: WRONGPASS invalid username-password pair or user is disabled.
    at parseError (/Users/adrianfranciscoperezgomez/Desktop/Personal Apps/vult-intel/node_modules/redis-parser/lib/parser.js:179:12)
    at parseType (/Users/adrianfranciscoperezgomez/Desktop/Personal Apps/vult-intel/node_modules/redis-parser/lib/parser.js:302:14) {
  command: { name: 'auth', args: [ 'IVB0VPnPl0urvQrpSKkbXLdEZBUfSHaP' ] }
}
ReplyError: WRONGPASS invalid username-password pair or user is disabled.
    at parseError (/Users/adrianfranciscoperezgomez/Desktop/Personal Apps/vult-intel/node_modules/redis-parser/lib/parser.js:179:12)
    at parseType (/Users/adrianfranciscoperezgomez/Desktop/Personal Apps/vult-intel/node_modules/redis-parser/lib/parser.js:302:14) {
  command: { name: 'auth', args: [ 'IVB0VPnPl0urvQrpSKkbXLdEZBUfSHaP' ] }
}
ReplyError: WRONGPASS invalid username-password pair or user is disabled.
    at parseError (/Users/adrianfranciscoperezgomez/Desktop/Personal Apps/vult-intel/node_modules/redis-parser/lib/parser.js:179:12)
    at parseType (/Users/adrianfranciscoperezgomez/Desktop/Personal Apps/vult-intel/node_modules/redis-parser/lib/parser.js:302:14) {
  command: { name: 'auth', args: [ 'IVB0VPnPl0urvQrpSKkbXLdEZBUfSHaP' ] }
}
ReplyError: WRONGPASS invalid username-password pair or user is disabled.
    at parseError (/Users/adrianfranciscoperezgomez/Desktop/Personal Apps/vult-intel/node_modules/redis-parser/lib/parser.js:179:12)
    at parseType (/Users/adrianfranciscoperezgomez/Desktop/Personal Apps/vult-intel/node_modules/redis-parser/lib/parser.js:302:14) {
  command: { name: 'auth', args: [ 'IVB0VPnPl0urvQrpSKkbXLdEZBUfSHaP' ] }
}
ReplyError: WRONGPASS invalid username-password pair or user is disabled.
    at parseError (/Users/adrianfranciscoperezgomez/Desktop/Personal Apps/vult-intel/node_modules/redis-parser/lib/parser.js:179:12)
    at parseType (/Users/adrianfranciscoperezgomez/Desktop/Personal Apps/vult-intel/node_modules/redis-parser/lib/parser.js:302:14) {
  command: { name: 'auth', args: [ 'IVB0VPnPl0urvQrpSKkbXLdEZBUfSHaP' ] }
}
Connected to Redis for persistence
Redis connection error: ReplyError: WRONGPASS invalid username-password pair or user is disabled.
    at parseError (/Users/adrianfranciscoperezgomez/Desktop/Personal Apps/vult-intel/node_modules/redis-parser/lib/parser.js:179:12)
    at parseType (/Users/adrianfranciscoperezgomez/Desktop/Personal Apps/vult-intel/node_modules/redis-parser/lib/parser.js:302:14) {
  command: { name: 'auth', args: [ 'IVB0VPnPl0urvQrpSKkbXLdEZBUfSHaP' ] }
}
ReplyError: WRONGPASS invalid username-password pair or user is disabled.
    at parseError (/Users/adrianfranciscoperezgomez/Desktop/Personal Apps/vult-intel/node_modules/redis-parser/lib/parser.js:179:12)
    at parseType (/Users/adrianfranciscoperezgomez/Desktop/Personal Apps/vult-intel/node_modules/redis-parser/lib/parser.js:302:14) {
  command: { name: 'auth', args: [ 'IVB0VPnPl0urvQrpSKkbXLdEZBUfSHaP' ] }
}
ReplyError: WRONGPASS invalid username-password pair or user is disabled.
    at parseError (/Users/adrianfranciscoperezgomez/Desktop/Personal Apps/vult-intel/node_modules/redis-parser/lib/parser.js:179:12)
    at parseType (/Users/adrianfranciscoperezgomez/Desktop/Personal Apps/vult-intel/node_modules/redis-parser/lib/parser.js:302:14) {
  command: { name: 'auth', args: [ 'IVB0VPnPl0urvQrpSKkbXLdEZBUfSHaP' ] }
}
ReplyError: WRONGPASS invalid username-password pair or user is disabled.
    at parseError (/Users/adrianfranciscoperezgomez/Desktop/Personal Apps/vult-intel/node_modules/redis-parser/lib/parser.js:179:12)
    at parseType (/Users/adrianfranciscoperezgomez/Desktop/Personal Apps/vult-intel/node_modules/redis-parser/lib/parser.js:302:14) {
  command: { name: 'auth', args: [ 'IVB0VPnPl0urvQrpSKkbXLdEZBUfSHaP' ] }
}
ReplyError: WRONGPASS invalid username-password pair or user is disabled.
    at parseError (/Users/adrianfranciscoperezgomez/Desktop/Personal Apps/vult-intel/node_modules/redis-parser/lib/parser.js:179:12)
    at parseType (/Users/adrianfranciscoperezgomez/Desktop/Personal Apps/vult-intel/node_modules/redis-parser/lib/parser.js:302:14) {
  command: { name: 'auth', args: [ 'IVB0VPnPl0urvQrpSKkbXLdEZBUfSHaP' ] }
}
ReplyError: WRONGPASS invalid username-password pair or user is disabled.
    at parseError (/Users/adrianfranciscoperezgomez/Desktop/Personal Apps/vult-intel/node_modules/redis-parser/lib/parser.js:179:12)
    at parseType (/Users/adrianfranciscoperezgomez/Desktop/Personal Apps/vult-intel/node_modules/redis-parser/lib/parser.js:302:14) {
  command: { name: 'auth', args: [ 'IVB0VPnPl0urvQrpSKkbXLdEZBUfSHaP' ] }
}
Connected to Redis for persistence
ReplyError: WRONGPASS invalid username-password pair or user is disabled.
    at parseError (/Users/adrianfranciscoperezgomez/Desktop/Personal Apps/vult-intel/node_modules/redis-parser/lib/parser.js:179:12)
    at parseType (/Users/adrianfranciscoperezgomez/Desktop/Personal Apps/vult-intel/node_modules/redis-parser/lib/parser.js:302:14) {
  command: { name: 'auth', args: [ 'IVB0VPnPl0urvQrpSKkbXLdEZBUfSHaP' ] }
}
Redis connection error: ReplyError: WRONGPASS invalid username-password pair or user is disabled.
    at parseError (/Users/adrianfranciscoperezgomez/Desktop/Personal Apps/vult-intel/node_modules/redis-parser/lib/parser.js:179:12)
    at parseType (/Users/adrianfranciscoperezgomez/Desktop/Personal Apps/vult-intel/node_modules/redis-parser/lib/parser.js:302:14) {
  command: { name: 'auth', args: [ 'IVB0VPnPl0urvQrpSKkbXLdEZBUfSHaP' ] }
}
ReplyError: WRONGPASS invalid username-password pair or user is disabled.
    at parseError (/Users/adrianfranciscoperezgomez/Desktop/Personal Apps/vult-intel/node_modules/redis-parser/lib/parser.js:179:12)
    at parseType (/Users/adrianfranciscoperezgomez/Desktop/Personal Apps/vult-intel/node_modules/redis-parser/lib/parser.js:302:14) {
  command: { name: 'auth', args: [ 'IVB0VPnPl0urvQrpSKkbXLdEZBUfSHaP' ] }
}
ReplyError: WRONGPASS invalid username-password pair or user is disabled.
    at parseError (/Users/adrianfranciscoperezgomez/Desktop/Personal Apps/vult-intel/node_modules/redis-parser/lib/parser.js:179:12)
    at parseType (/Users/adrianfranciscoperezgomez/Desktop/Personal Apps/vult-intel/node_modules/redis-parser/lib/parser.js:302:14) {
  command: { name: 'auth', args: [ 'IVB0VPnPl0urvQrpSKkbXLdEZBUfSHaP' ] }
}
ReplyError: WRONGPASS invalid username-password pair or user is disabled.
    at parseError (/Users/adrianfranciscoperezgomez/Desktop/Personal Apps/vult-intel/node_modules/redis-parser/lib/parser.js:179:12)
    at parseType (/Users/adrianfranciscoperezgomez/Desktop/Personal Apps/vult-intel/node_modules/redis-parser/lib/parser.js:302:14) {
  command: { name: 'auth', args: [ 'IVB0VPnPl0urvQrpSKkbXLdEZBUfSHaP' ] }
}
ReplyError: WRONGPASS invalid username-password pair or user is disabled.
    at parseError (/Users/adrianfranciscoperezgomez/Desktop/Personal Apps/vult-intel/node_modules/redis-parser/lib/parser.js:179:12)
    at parseType (/Users/adrianfranciscoperezgomez/Desktop/Personal Apps/vult-intel/node_modules/redis-parser/lib/parser.js:302:14) {
  command: { name: 'auth', args: [ 'IVB0VPnPl0urvQrpSKkbXLdEZBUfSHaP' ] }
}
ReplyError: WRONGPASS invalid username-password pair or user is disabled.
    at parseError (/Users/adrianfranciscoperezgomez/Desktop/Personal Apps/vult-intel/node_modules/redis-parser/lib/parser.js:179:12)
    at parseType (/Users/adrianfranciscoperezgomez/Desktop/Personal Apps/vult-intel/node_modules/redis-parser/lib/parser.js:302:14) {
  command: { name: 'auth', args: [ 'IVB0VPnPl0urvQrpSKkbXLdEZBUfSHaP' ] }
}
Connected to Redis for persistence
ReplyError: WRONGPASS invalid username-password pair or user is disabled.
    at parseError (/Users/adrianfranciscoperezgomez/Desktop/Personal Apps/vult-intel/node_modules/redis-parser/lib/parser.js:179:12)
    at parseType (/Users/adrianfranciscoperezgomez/Desktop/Personal Apps/vult-intel/node_modules/redis-parser/lib/parser.js:302:14) {
  command: { name: 'auth', args: [ 'IVB0VPnPl0urvQrpSKkbXLdEZBUfSHaP' ] }
}
Redis connection error: ReplyError: WRONGPASS invalid username-password pair or user is disabled.
    at parseError (/Users/adrianfranciscoperezgomez/Desktop/Personal Apps/vult-intel/node_modules/redis-parser/lib/parser.js:179:12)
    at parseType (/Users/adrianfranciscoperezgomez/Desktop/Personal Apps/vult-intel/node_modules/redis-parser/lib/parser.js:302:14) {
  command: { name: 'auth', args: [ 'IVB0VPnPl0urvQrpSKkbXLdEZBUfSHaP' ] }
}
ReplyError: WRONGPASS invalid username-password pair or user is disabled.
    at parseError (/Users/adrianfranciscoperezgomez/Desktop/Personal Apps/vult-intel/node_modules/redis-parser/lib/parser.js:179:12)
    at parseType (/Users/adrianfranciscoperezgomez/Desktop/Personal Apps/vult-intel/node_modules/redis-parser/lib/parser.js:302:14) {
  command: { name: 'auth', args: [ 'IVB0VPnPl0urvQrpSKkbXLdEZBUfSHaP' ] }
}
ReplyError: WRONGPASS invalid username-password pair or user is disabled.
    at parseError (/Users/adrianfranciscoperezgomez/Desktop/Personal Apps/vult-intel/node_modules/redis-parser/lib/parser.js:179:12)
    at parseType (/Users/adrianfranciscoperezgomez/Desktop/Personal Apps/vult-intel/node_modules/redis-parser/lib/parser.js:302:14) {
  command: { name: 'auth', args: [ 'IVB0VPnPl0urvQrpSKkbXLdEZBUfSHaP' ] }
}
ReplyError: WRONGPASS invalid username-password pair or user is disabled.
    at parseError (/Users/adrianfranciscoperezgomez/Desktop/Personal Apps/vult-intel/node_modules/redis-parser/lib/parser.js:179:12)
    at parseType (/Users/adrianfranciscoperezgomez/Desktop/Personal Apps/vult-intel/node_modules/redis-parser/lib/parser.js:302:14) {
  command: { name: 'auth', args: [ 'IVB0VPnPl0urvQrpSKkbXLdEZBUfSHaP' ] }
}
ReplyError: WRONGPASS invalid username-password pair or user is disabled.
    at parseError (/Users/adrianfranciscoperezgomez/Desktop/Personal Apps/vult-intel/node_modules/redis-parser/lib/parser.js:179:12)
    at parseType (/Users/adrianfranciscoperezgomez/Desktop/Personal Apps/vult-intel/node_modules/redis-parser/lib/parser.js:302:14) {
  command: { name: 'auth', args: [ 'IVB0VPnPl0urvQrpSKkbXLdEZBUfSHaP' ] }
}
ReplyError: WRONGPASS invalid username-password pair or user is disabled.
    at parseError (/Users/adrianfranciscoperezgomez/Desktop/Personal Apps/vult-intel/node_modules/redis-parser/lib/parser.js:179:12)
    at parseType (/Users/adrianfranciscoperezgomez/Desktop/Personal Apps/vult-intel/node_modules/redis-parser/lib/parser.js:302:14) {
  command: { name: 'auth', args: [ 'IVB0VPnPl0urvQrpSKkbXLdEZBUfSHaP' ] }
}
Connected to Redis for persistence
ReplyError: WRONGPASS invalid username-password pair or user is disabled.
    at parseError (/Users/adrianfranciscoperezgomez/Desktop/Personal Apps/vult-intel/node_modules/redis-parser/lib/parser.js:179:12)
    at parseType (/Users/adrianfranciscoperezgomez/Desktop/Personal Apps/vult-intel/node_modules/redis-parser/lib/parser.js:302:14) {
  command: { name: 'auth', args: [ 'IVB0VPnPl0urvQrpSKkbXLdEZBUfSHaP' ] }
}
Redis connection error: ReplyError: WRONGPASS invalid username-password pair or user is disabled.
    at parseError (/Users/adrianfranciscoperezgomez/Desktop/Personal Apps/vult-intel/node_modules/redis-parser/lib/parser.js:179:12)
    at parseType (/Users/adrianfranciscoperezgomez/Desktop/Personal Apps/vult-intel/node_modules/redis-parser/lib/parser.js:302:14) {
  command: { name: 'auth', args: [ 'IVB0VPnPl0urvQrpSKkbXLdEZBUfSHaP' ] }
}
ReplyError: WRONGPASS invalid username-password pair or user is disabled.
    at parseError (/Users/adrianfranciscoperezgomez/Desktop/Personal Apps/vult-intel/node_modules/redis-parser/lib/parser.js:179:12)
    at parseType (/Users/adrianfranciscoperezgomez/Desktop/Personal Apps/vult-intel/node_modules/redis-parser/lib/parser.js:302:14) {
  command: { name: 'auth', args: [ 'IVB0VPnPl0urvQrpSKkbXLdEZBUfSHaP' ] }
}
ReplyError: WRONGPASS invalid username-password pair or user is disabled.
    at parseError (/Users/adrianfranciscoperezgomez/Desktop/Personal Apps/vult-intel/node_modules/redis-parser/lib/parser.js:179:12)
    at parseType (/Users/adrianfranciscoperezgomez/Desktop/Personal Apps/vult-intel/node_modules/redis-parser/lib/parser.js:302:14) {
  command: { name: 'auth', args: [ 'IVB0VPnPl0urvQrpSKkbXLdEZBUfSHaP' ] }
}
ReplyError: WRONGPASS invalid username-password pair or user is disabled.
    at parseError (/Users/adrianfranciscoperezgomez/Desktop/Personal Apps/vult-intel/node_modules/redis-parser/lib/parser.js:179:12)
    at parseType (/Users/adrianfranciscoperezgomez/Desktop/Personal Apps/vult-intel/node_modules/redis-parser/lib/parser.js:302:14) {
  command: { name: 'auth', args: [ 'IVB0VPnPl0urvQrpSKkbXLdEZBUfSHaP' ] }
}
ReplyError: WRONGPASS invalid username-password pair or user is disabled.
    at parseError (/Users/adrianfranciscoperezgomez/Desktop/Personal Apps/vult-intel/node_modules/redis-parser/lib/parser.js:179:12)
    at parseType (/Users/adrianfranciscoperezgomez/Desktop/Personal Apps/vult-intel/node_modules/redis-parser/lib/parser.js:302:14) {
  command: { name: 'auth', args: [ 'IVB0VPnPl0urvQrpSKkbXLdEZBUfSHaP' ] }
}
ReplyError: WRONGPASS invalid username-password pair or user is disabled.
    at parseError (/Users/adrianfranciscoperezgomez/Desktop/Personal Apps/vult-intel/node_modules/redis-parser/lib/parser.js:179:12)
    at parseType (/Users/adrianfranciscoperezgomez/Desktop/Personal Apps/vult-intel/node_modules/redis-parser/lib/parser.js:302:14) {
  command: { name: 'auth', args: [ 'IVB0VPnPl0urvQrpSKkbXLdEZBUfSHaP' ] }
}
Connected to Redis for persistence
ReplyError: WRONGPASS invalid username-password pair or user is disabled.
    at parseError (/Users/adrianfranciscoperezgomez/Desktop/Personal Apps/vult-intel/node_modules/redis-parser/lib/parser.js:179:12)
    at parseType (/Users/adrianfranciscoperezgomez/Desktop/Personal Apps/vult-intel/node_modules/redis-parser/lib/parser.js:302:14) {
  command: { name: 'auth', args: [ 'IVB0VPnPl0urvQrpSKkbXLdEZBUfSHaP' ] }
}
Redis connection error: ReplyError: WRONGPASS invalid username-password pair or user is disabled.
    at parseError (/Users/adrianfranciscoperezgomez/Desktop/Personal Apps/vult-intel/node_modules/redis-parser/lib/parser.js:179:12)
    at parseType (/Users/adrianfranciscoperezgomez/Desktop/Personal Apps/vult-intel/node_modules/redis-parser/lib/parser.js:302:14) {
  command: { name: 'auth', args: [ 'IVB0VPnPl0urvQrpSKkbXLdEZBUfSHaP' ] }
}
ReplyError: WRONGPASS invalid username-password pair or user is disabled.
    at parseError (/Users/adrianfranciscoperezgomez/Desktop/Personal Apps/vult-intel/node_modules/redis-parser/lib/parser.js:179:12)
    at parseType (/Users/adrianfranciscoperezgomez/Desktop/Personal Apps/vult-intel/node_modules/redis-parser/lib/parser.js:302:14) {
  command: { name: 'auth', args: [ 'IVB0VPnPl0urvQrpSKkbXLdEZBUfSHaP' ] }
}
ReplyError: WRONGPASS invalid username-password pair or user is disabled.
    at parseError (/Users/adrianfranciscoperezgomez/Desktop/Personal Apps/vult-intel/node_modules/redis-parser/lib/parser.js:179:12)
    at parseType (/Users/adrianfranciscoperezgomez/Desktop/Personal Apps/vult-intel/node_modules/redis-parser/lib/parser.js:302:14) {
  command: { name: 'auth', args: [ 'IVB0VPnPl0urvQrpSKkbXLdEZBUfSHaP' ] }
}
ReplyError: WRONGPASS invalid username-password pair or user is disabled.
    at parseError (/Users/adrianfranciscoperezgomez/Desktop/Personal Apps/vult-intel/node_modules/redis-parser/lib/parser.js:179:12)
    at parseType (/Users/adrianfranciscoperezgomez/Desktop/Personal Apps/vult-intel/node_modules/redis-parser/lib/parser.js:302:14) {
  command: { name: 'auth', args: [ 'IVB0VPnPl0urvQrpSKkbXLdEZBUfSHaP' ] }
}
ReplyError: WRONGPASS invalid username-password pair or user is disabled.
    at parseError (/Users/adrianfranciscoperezgomez/Desktop/Personal Apps/vult-intel/node_modules/redis-parser/lib/parser.js:179:12)
    at parseType (/Users/adrianfranciscoperezgomez/Desktop/Personal Apps/vult-intel/node_modules/redis-parser/lib/parser.js:302:14) {
  command: { name: 'auth', args: [ 'IVB0VPnPl0urvQrpSKkbXLdEZBUfSHaP' ] }
}
ReplyError: WRONGPASS invalid username-password pair or user is disabled.
    at parseError (/Users/adrianfranciscoperezgomez/Desktop/Personal Apps/vult-intel/node_modules/redis-parser/lib/parser.js:179:12)
    at parseType (/Users/adrianfranciscoperezgomez/Desktop/Personal Apps/vult-intel/node_modules/redis-parser/lib/parser.js:302:14) {
  command: { name: 'auth', args: [ 'IVB0VPnPl0urvQrpSKkbXLdEZBUfSHaP' ] }
}
Connected to Redis for persistence
ReplyError: WRONGPASS invalid username-password pair or user is disabled.
    at parseError (/Users/adrianfranciscoperezgomez/Desktop/Personal Apps/vult-intel/node_modules/redis-parser/lib/parser.js:179:12)
    at parseType (/Users/adrianfranciscoperezgomez/Desktop/Personal Apps/vult-intel/node_modules/redis-parser/lib/parser.js:302:14) {
  command: { name: 'auth', args: [ 'IVB0VPnPl0urvQrpSKkbXLdEZBUfSHaP' ] }
}
Redis connection error: ReplyError: WRONGPASS invalid username-password pair or user is disabled.
    at parseError (/Users/adrianfranciscoperezgomez/Desktop/Personal Apps/vult-intel/node_modules/redis-parser/lib/parser.js:179:12)
    at parseType (/Users/adrianfranciscoperezgomez/Desktop/Personal Apps/vult-intel/node_modules/redis-parser/lib/parser.js:302:14) {
  command: { name: 'auth', args: [ 'IVB0VPnPl0urvQrpSKkbXLdEZBUfSHaP' ] }
}
ReplyError: WRONGPASS invalid username-password pair or user is disabled.
    at parseError (/Users/adrianfranciscoperezgomez/Desktop/Personal Apps/vult-intel/node_modules/redis-parser/lib/parser.js:179:12)
    at parseType (/Users/adrianfranciscoperezgomez/Desktop/Personal Apps/vult-intel/node_modules/redis-parser/lib/parser.js:302:14) {
  command: { name: 'auth', args: [ 'IVB0VPnPl0urvQrpSKkbXLdEZBUfSHaP' ] }
}
ReplyError: WRONGPASS invalid username-password pair or user is disabled.
    at parseError (/Users/adrianfranciscoperezgomez/Desktop/Personal Apps/vult-intel/node_modules/redis-parser/lib/parser.js:179:12)
    at parseType (/Users/adrianfranciscoperezgomez/Desktop/Personal Apps/vult-intel/node_modules/redis-parser/lib/parser.js:302:14) {
  command: { name: 'auth', args: [ 'IVB0VPnPl0urvQrpSKkbXLdEZBUfSHaP' ] }
}
ReplyError: WRONGPASS invalid username-password pair or user is disabled.
    at parseError (/Users/adrianfranciscoperezgomez/Desktop/Personal Apps/vult-intel/node_modules/redis-parser/lib/parser.js:179:12)
    at parseType (/Users/adrianfranciscoperezgomez/Desktop/Personal Apps/vult-intel/node_modules/redis-parser/lib/parser.js:302:14) {
  command: { name: 'auth', args: [ 'IVB0VPnPl0urvQrpSKkbXLdEZBUfSHaP' ] }
}
ReplyError: WRONGPASS invalid username-password pair or user is disabled.
    at parseError (/Users/adrianfranciscoperezgomez/Desktop/Personal Apps/vult-intel/node_modules/redis-parser/lib/parser.js:179:12)
    at parseType (/Users/adrianfranciscoperezgomez/Desktop/Personal Apps/vult-intel/node_modules/redis-parser/lib/parser.js:302:14) {
  command: { name: 'auth', args: [ 'IVB0VPnPl0urvQrpSKkbXLdEZBUfSHaP' ] }
}
ReplyError: WRONGPASS invalid username-password pair or user is disabled.
    at parseError (/Users/adrianfranciscoperezgomez/Desktop/Personal Apps/vult-intel/node_modules/redis-parser/lib/parser.js:179:12)
    at parseType (/Users/adrianfranciscoperezgomez/Desktop/Personal Apps/vult-intel/node_modules/redis-parser/lib/parser.js:302:14) {
  command: { name: 'auth', args: [ 'IVB0VPnPl0urvQrpSKkbXLdEZBUfSHaP' ] }
}
Connected to Redis for persistence
ReplyError: WRONGPASS invalid username-password pair or user is disabled.
    at parseError (/Users/adrianfranciscoperezgomez/Desktop/Personal Apps/vult-intel/node_modules/redis-parser/lib/parser.js:179:12)
    at parseType (/Users/adrianfranciscoperezgomez/Desktop/Personal Apps/vult-intel/node_modules/redis-parser/lib/parser.js:302:14) {
  command: { name: 'auth', args: [ 'IVB0VPnPl0urvQrpSKkbXLdEZBUfSHaP' ] }
}
Redis connection error: ReplyError: WRONGPASS invalid username-password pair or user is disabled.
    at parseError (/Users/adrianfranciscoperezgomez/Desktop/Personal Apps/vult-intel/node_modules/redis-parser/lib/parser.js:179:12)
    at parseType (/Users/adrianfranciscoperezgomez/Desktop/Personal Apps/vult-intel/node_modules/redis-parser/lib/parser.js:302:14) {
  command: { name: 'auth', args: [ 'IVB0VPnPl0urvQrpSKkbXLdEZBUfSHaP' ] }
}
ReplyError: WRONGPASS invalid username-password pair or user is disabled.
    at parseError (/Users/adrianfranciscoperezgomez/Desktop/Personal Apps/vult-intel/node_modules/redis-parser/lib/parser.js:179:12)
    at parseType (/Users/adrianfranciscoperezgomez/Desktop/Personal Apps/vult-intel/node_modules/redis-parser/lib/parser.js:302:14) {
  command: { name: 'auth', args: [ 'IVB0VPnPl0urvQrpSKkbXLdEZBUfSHaP' ] }
}
ReplyError: WRONGPASS invalid username-password pair or user is disabled.
    at parseError (/Users/adrianfranciscoperezgomez/Desktop/Personal Apps/vult-intel/node_modules/redis-parser/lib/parser.js:179:12)
    at parseType (/Users/adrianfranciscoperezgomez/Desktop/Personal Apps/vult-intel/node_modules/redis-parser/lib/parser.js:302:14) {
  command: { name: 'auth', args: [ 'IVB0VPnPl0urvQrpSKkbXLdEZBUfSHaP' ] }
}
ReplyError: WRONGPASS invalid username-password pair or user is disabled.
    at parseError (/Users/adrianfranciscoperezgomez/Desktop/Personal Apps/vult-intel/node_modules/redis-parser/lib/parser.js:179:12)
    at parseType (/Users/adrianfranciscoperezgomez/Desktop/Personal Apps/vult-intel/node_modules/redis-parser/lib/parser.js:302:14) {
  command: { name: 'auth', args: [ 'IVB0VPnPl0urvQrpSKkbXLdEZBUfSHaP' ] }
}
ReplyError: WRONGPASS invalid username-password pair or user is disabled.
    at parseError (/Users/adrianfranciscoperezgomez/Desktop/Personal Apps/vult-intel/node_modules/redis-parser/lib/parser.js:179:12)
    at parseType (/Users/adrianfranciscoperezgomez/Desktop/Personal Apps/vult-intel/node_modules/redis-parser/lib/parser.js:302:14) {
  command: { name: 'auth', args: [ 'IVB0VPnPl0urvQrpSKkbXLdEZBUfSHaP' ] }
}
ReplyError: WRONGPASS invalid username-password pair or user is disabled.
    at parseError (/Users/adrianfranciscoperezgomez/Desktop/Personal Apps/vult-intel/node_modules/redis-parser/lib/parser.js:179:12)
    at parseType (/Users/adrianfranciscoperezgomez/Desktop/Personal Apps/vult-intel/node_modules/redis-parser/lib/parser.js:302:14) {
  command: { name: 'auth', args: [ 'IVB0VPnPl0urvQrpSKkbXLdEZBUfSHaP' ] }
}
Connected to Redis for persistence
ReplyError: WRONGPASS invalid username-password pair or user is disabled.
    at parseError (/Users/adrianfranciscoperezgomez/Desktop/Personal Apps/vult-intel/node_modules/redis-parser/lib/parser.js:179:12)
    at parseType (/Users/adrianfranciscoperezgomez/Desktop/Personal Apps/vult-intel/node_modules/redis-parser/lib/parser.js:302:14) {
  command: { name: 'auth', args: [ 'IVB0VPnPl0urvQrpSKkbXLdEZBUfSHaP' ] }
}
Redis connection error: ReplyError: WRONGPASS invalid username-password pair or user is disabled.
    at parseError (/Users/adrianfranciscoperezgomez/Desktop/Personal Apps/vult-intel/node_modules/redis-parser/lib/parser.js:179:12)
    at parseType (/Users/adrianfranciscoperezgomez/Desktop/Personal Apps/vult-intel/node_modules/redis-parser/lib/parser.js:302:14) {
  command: { name: 'auth', args: [ 'IVB0VPnPl0urvQrpSKkbXLdEZBUfSHaP' ] }
}
ReplyError: WRONGPASS invalid username-password pair or user is disabled.
    at parseError (/Users/adrianfranciscoperezgomez/Desktop/Personal Apps/vult-intel/node_modules/redis-parser/lib/parser.js:179:12)
    at parseType (/Users/adrianfranciscoperezgomez/Desktop/Personal Apps/vult-intel/node_modules/redis-parser/lib/parser.js:302:14) {
  command: { name: 'auth', args: [ 'IVB0VPnPl0urvQrpSKkbXLdEZBUfSHaP' ] }
}
ReplyError: WRONGPASS invalid username-password pair or user is disabled.
    at parseError (/Users/adrianfranciscoperezgomez/Desktop/Personal Apps/vult-intel/node_modules/redis-parser/lib/parser.js:179:12)
    at parseType (/Users/adrianfranciscoperezgomez/Desktop/Personal Apps/vult-intel/node_modules/redis-parser/lib/parser.js:302:14) {
  command: { name: 'auth', args: [ 'IVB0VPnPl0urvQrpSKkbXLdEZBUfSHaP' ] }
}
ReplyError: WRONGPASS invalid username-password pair or user is disabled.
    at parseError (/Users/adrianfranciscoperezgomez/Desktop/Personal Apps/vult-intel/node_modules/redis-parser/lib/parser.js:179:12)
    at parseType (/Users/adrianfranciscoperezgomez/Desktop/Personal Apps/vult-intel/node_modules/redis-parser/lib/parser.js:302:14) {
  command: { name: 'auth', args: [ 'IVB0VPnPl0urvQrpSKkbXLdEZBUfSHaP' ] }
}
ReplyError: WRONGPASS invalid username-password pair or user is disabled.
    at parseError (/Users/adrianfranciscoperezgomez/Desktop/Personal Apps/vult-intel/node_modules/redis-parser/lib/parser.js:179:12)
    at parseType (/Users/adrianfranciscoperezgomez/Desktop/Personal Apps/vult-intel/node_modules/redis-parser/lib/parser.js:302:14) {
  command: { name: 'auth', args: [ 'IVB0VPnPl0urvQrpSKkbXLdEZBUfSHaP' ] }
}
ReplyError: WRONGPASS invalid username-password pair or user is disabled.
    at parseError (/Users/adrianfranciscoperezgomez/Desktop/Personal Apps/vult-intel/node_modules/redis-parser/lib/parser.js:179:12)
    at parseType (/Users/adrianfranciscoperezgomez/Desktop/Personal Apps/vult-intel/node_modules/redis-parser/lib/parser.js:302:14) {
  command: { name: 'auth', args: [ 'IVB0VPnPl0urvQrpSKkbXLdEZBUfSHaP' ] }
}
Connected to Redis for persistence
ReplyError: WRONGPASS invalid username-password pair or user is disabled.
    at parseError (/Users/adrianfranciscoperezgomez/Desktop/Personal Apps/vult-intel/node_modules/redis-parser/lib/parser.js:179:12)
    at parseType (/Users/adrianfranciscoperezgomez/Desktop/Personal Apps/vult-intel/node_modules/redis-parser/lib/parser.js:302:14) {
  command: { name: 'auth', args: [ 'IVB0VPnPl0urvQrpSKkbXLdEZBUfSHaP' ] }
}
Redis connection error: ReplyError: WRONGPASS invalid username-password pair or user is disabled.
    at parseError (/Users/adrianfranciscoperezgomez/Desktop/Personal Apps/vult-intel/node_modules/redis-parser/lib/parser.js:179:12)
    at parseType (/Users/adrianfranciscoperezgomez/Desktop/Personal Apps/vult-intel/node_modules/redis-parser/lib/parser.js:302:14) {
  command: { name: 'auth', args: [ 'IVB0VPnPl0urvQrpSKkbXLdEZBUfSHaP' ] }
}
ReplyError: WRONGPASS invalid username-password pair or user is disabled.
    at parseError (/Users/adrianfranciscoperezgomez/Desktop/Personal Apps/vult-intel/node_modules/redis-parser/lib/parser.js:179:12)
    at parseType (/Users/adrianfranciscoperezgomez/Desktop/Personal Apps/vult-intel/node_modules/redis-parser/lib/parser.js:302:14) {
  command: { name: 'auth', args: [ 'IVB0VPnPl0urvQrpSKkbXLdEZBUfSHaP' ] }
}
ReplyError: WRONGPASS invalid username-password pair or user is disabled.
    at parseError (/Users/adrianfranciscoperezgomez/Desktop/Personal Apps/vult-intel/node_modules/redis-parser/lib/parser.js:179:12)
    at parseType (/Users/adrianfranciscoperezgomez/Desktop/Personal Apps/vult-intel/node_modules/redis-parser/lib/parser.js:302:14) {
  command: { name: 'auth', args: [ 'IVB0VPnPl0urvQrpSKkbXLdEZBUfSHaP' ] }
}
ReplyError: WRONGPASS invalid username-password pair or user is disabled.
    at parseError (/Users/adrianfranciscoperezgomez/Desktop/Personal Apps/vult-intel/node_modules/redis-parser/lib/parser.js:179:12)
    at parseType (/Users/adrianfranciscoperezgomez/Desktop/Personal Apps/vult-intel/node_modules/redis-parser/lib/parser.js:302:14) {
  command: { name: 'auth', args: [ 'IVB0VPnPl0urvQrpSKkbXLdEZBUfSHaP' ] }
}
ReplyError: WRONGPASS invalid username-password pair or user is disabled.
    at parseError (/Users/adrianfranciscoperezgomez/Desktop/Personal Apps/vult-intel/node_modules/redis-parser/lib/parser.js:179:12)
    at parseType (/Users/adrianfranciscoperezgomez/Desktop/Personal Apps/vult-intel/node_modules/redis-parser/lib/parser.js:302:14) {
  command: { name: 'auth', args: [ 'IVB0VPnPl0urvQrpSKkbXLdEZBUfSHaP' ] }
}
ReplyError: WRONGPASS invalid username-password pair or user is disabled.
    at parseError (/Users/adrianfranciscoperezgomez/Desktop/Personal Apps/vult-intel/node_modules/redis-parser/lib/parser.js:179:12)
    at parseType (/Users/adrianfranciscoperezgomez/Desktop/Personal Apps/vult-intel/node_modules/redis-parser/lib/parser.js:302:14) {
  command: { name: 'auth', args: [ 'IVB0VPnPl0urvQrpSKkbXLdEZBUfSHaP' ] }
}
ReplyError: WRONGPASS invalid username-password pair or user is disabled.
    at parseError (/Users/adrianfranciscoperezgomez/Desktop/Personal Apps/vult-intel/node_modules/redis-parser/lib/parser.js:179:12)
    at parseType (/Users/adrianfranciscoperezgomez/Desktop/Personal Apps/vult-intel/node_modules/redis-parser/lib/parser.js:302:14) {
  command: { name: 'auth', args: [ 'IVB0VPnPl0urvQrpSKkbXLdEZBUfSHaP' ] }
}
Connected to Redis for persistence
Redis connection error: ReplyError: WRONGPASS invalid username-password pair or user is disabled.
    at parseError (/Users/adrianfranciscoperezgomez/Desktop/Personal Apps/vult-intel/node_modules/redis-parser/lib/parser.js:179:12)
    at parseType (/Users/adrianfranciscoperezgomez/Desktop/Personal Apps/vult-intel/node_modules/redis-parser/lib/parser.js:302:14) {
  command: { name: 'auth', args: [ 'IVB0VPnPl0urvQrpSKkbXLdEZBUfSHaP' ] }
}
ReplyError: WRONGPASS invalid username-password pair or user is disabled.
    at parseError (/Users/adrianfranciscoperezgomez/Desktop/Personal Apps/vult-intel/node_modules/redis-parser/lib/parser.js:179:12)
    at parseType (/Users/adrianfranciscoperezgomez/Desktop/Personal Apps/vult-intel/node_modules/redis-parser/lib/parser.js:302:14) {
  command: { name: 'auth', args: [ 'IVB0VPnPl0urvQrpSKkbXLdEZBUfSHaP' ] }
}
ReplyError: WRONGPASS invalid username-password pair or user is disabled.
    at parseError (/Users/adrianfranciscoperezgomez/Desktop/Personal Apps/vult-intel/node_modules/redis-parser/lib/parser.js:179:12)
    at parseType (/Users/adrianfranciscoperezgomez/Desktop/Personal Apps/vult-intel/node_modules/redis-parser/lib/parser.js:302:14) {
  command: { name: 'auth', args: [ 'IVB0VPnPl0urvQrpSKkbXLdEZBUfSHaP' ] }
}
ReplyError: WRONGPASS invalid username-password pair or user is disabled.
    at parseError (/Users/adrianfranciscoperezgomez/Desktop/Personal Apps/vult-intel/node_modules/redis-parser/lib/parser.js:179:12)
    at parseType (/Users/adrianfranciscoperezgomez/Desktop/Personal Apps/vult-intel/node_modules/redis-parser/lib/parser.js:302:14) {
  command: { name: 'auth', args: [ 'IVB0VPnPl0urvQrpSKkbXLdEZBUfSHaP' ] }
}
ReplyError: WRONGPASS invalid username-password pair or user is disabled.
    at parseError (/Users/adrianfranciscoperezgomez/Desktop/Personal Apps/vult-intel/node_modules/redis-parser/lib/parser.js:179:12)
    at parseType (/Users/adrianfranciscoperezgomez/Desktop/Personal Apps/vult-intel/node_modules/redis-parser/lib/parser.js:302:14) {
  command: { name: 'auth', args: [ 'IVB0VPnPl0urvQrpSKkbXLdEZBUfSHaP' ] }
}
ReplyError: WRONGPASS invalid username-password pair or user is disabled.
    at parseError (/Users/adrianfranciscoperezgomez/Desktop/Personal Apps/vult-intel/node_modules/redis-parser/lib/parser.js:179:12)
    at parseType (/Users/adrianfranciscoperezgomez/Desktop/Personal Apps/vult-intel/node_modules/redis-parser/lib/parser.js:302:14) {
  command: { name: 'auth', args: [ 'IVB0VPnPl0urvQrpSKkbXLdEZBUfSHaP' ] }
}
ReplyError: WRONGPASS invalid username-password pair or user is disabled.
    at parseError (/Users/adrianfranciscoperezgomez/Desktop/Personal Apps/vult-intel/node_modules/redis-parser/lib/parser.js:179:12)
    at parseType (/Users/adrianfranciscoperezgomez/Desktop/Personal Apps/vult-intel/node_modules/redis-parser/lib/parser.js:302:14) {
  command: { name: 'auth', args: [ 'IVB0VPnPl0urvQrpSKkbXLdEZBUfSHaP' ] }
}
Connected to Redis for persistence
Redis connection error: ReplyError: WRONGPASS invalid username-password pair or user is disabled.
    at parseError (/Users/adrianfranciscoperezgomez/Desktop/Personal Apps/vult-intel/node_modules/redis-parser/lib/parser.js:179:12)
    at parseType (/Users/adrianfranciscoperezgomez/Desktop/Personal Apps/vult-intel/node_modules/redis-parser/lib/parser.js:302:14) {
  command: { name: 'auth', args: [ 'IVB0VPnPl0urvQrpSKkbXLdEZBUfSHaP' ] }
}
ReplyError: WRONGPASS invalid username-password pair or user is disabled.
    at parseError (/Users/adrianfranciscoperezgomez/Desktop/Personal Apps/vult-intel/node_modules/redis-parser/lib/parser.js:179:12)
    at parseType (/Users/adrianfranciscoperezgomez/Desktop/Personal Apps/vult-intel/node_modules/redis-parser/lib/parser.js:302:14) {
  command: { name: 'auth', args: [ 'IVB0VPnPl0urvQrpSKkbXLdEZBUfSHaP' ] }
}
ReplyError: WRONGPASS invalid username-password pair or user is disabled.
    at parseError (/Users/adrianfranciscoperezgomez/Desktop/Personal Apps/vult-intel/node_modules/redis-parser/lib/parser.js:179:12)
    at parseType (/Users/adrianfranciscoperezgomez/Desktop/Personal Apps/vult-intel/node_modules/redis-parser/lib/parser.js:302:14) {
  command: { name: 'auth', args: [ 'IVB0VPnPl0urvQrpSKkbXLdEZBUfSHaP' ] }
}
ReplyError: WRONGPASS invalid username-password pair or user is disabled.
    at parseError (/Users/adrianfranciscoperezgomez/Desktop/Personal Apps/vult-intel/node_modules/redis-parser/lib/parser.js:179:12)
    at parseType (/Users/adrianfranciscoperezgomez/Desktop/Personal Apps/vult-intel/node_modules/redis-parser/lib/parser.js:302:14) {
  command: { name: 'auth', args: [ 'IVB0VPnPl0urvQrpSKkbXLdEZBUfSHaP' ] }
}
ReplyError: WRONGPASS invalid username-password pair or user is disabled.
    at parseError (/Users/adrianfranciscoperezgomez/Desktop/Personal Apps/vult-intel/node_modules/redis-parser/lib/parser.js:179:12)
    at parseType (/Users/adrianfranciscoperezgomez/Desktop/Personal Apps/vult-intel/node_modules/redis-parser/lib/parser.js:302:14) {
  command: { name: 'auth', args: [ 'IVB0VPnPl0urvQrpSKkbXLdEZBUfSHaP' ] }
}
ReplyError: WRONGPASS invalid username-password pair or user is disabled.
    at parseError (/Users/adrianfranciscoperezgomez/Desktop/Personal Apps/vult-intel/node_modules/redis-parser/lib/parser.js:179:12)
    at parseType (/Users/adrianfranciscoperezgomez/Desktop/Personal Apps/vult-intel/node_modules/redis-parser/lib/parser.js:302:14) {
  command: { name: 'auth', args: [ 'IVB0VPnPl0urvQrpSKkbXLdEZBUfSHaP' ] }
}
ReplyError: WRONGPASS invalid username-password pair or user is disabled.
    at parseError (/Users/adrianfranciscoperezgomez/Desktop/Personal Apps/vult-intel/node_modules/redis-parser/lib/parser.js:179:12)
    at parseType (/Users/adrianfranciscoperezgomez/Desktop/Personal Apps/vult-intel/node_modules/redis-parser/lib/parser.js:302:14) {
  command: { name: 'auth', args: [ 'IVB0VPnPl0urvQrpSKkbXLdEZBUfSHaP' ] }
}
Connected to Redis for persistence
Redis connection error: ReplyError: WRONGPASS invalid username-password pair or user is disabled.
    at parseError (/Users/adrianfranciscoperezgomez/Desktop/Personal Apps/vult-intel/node_modules/redis-parser/lib/parser.js:179:12)
    at parseType (/Users/adrianfranciscoperezgomez/Desktop/Personal Apps/vult-intel/node_modules/redis-parser/lib/parser.js:302:14) {
  command: { name: 'auth', args: [ 'IVB0VPnPl0urvQrpSKkbXLdEZBUfSHaP' ] }
}
ReplyError: WRONGPASS invalid username-password pair or user is disabled.
    at parseError (/Users/adrianfranciscoperezgomez/Desktop/Personal Apps/vult-intel/node_modules/redis-parser/lib/parser.js:179:12)
    at parseType (/Users/adrianfranciscoperezgomez/Desktop/Personal Apps/vult-intel/node_modules/redis-parser/lib/parser.js:302:14) {
  command: { name: 'auth', args: [ 'IVB0VPnPl0urvQrpSKkbXLdEZBUfSHaP' ] }
}
ReplyError: WRONGPASS invalid username-password pair or user is disabled.
    at parseError (/Users/adrianfranciscoperezgomez/Desktop/Personal Apps/vult-intel/node_modules/redis-parser/lib/parser.js:179:12)
    at parseType (/Users/adrianfranciscoperezgomez/Desktop/Personal Apps/vult-intel/node_modules/redis-parser/lib/parser.js:302:14) {
  command: { name: 'auth', args: [ 'IVB0VPnPl0urvQrpSKkbXLdEZBUfSHaP' ] }
}
ReplyError: WRONGPASS invalid username-password pair or user is disabled.
    at parseError (/Users/adrianfranciscoperezgomez/Desktop/Personal Apps/vult-intel/node_modules/redis-parser/lib/parser.js:179:12)
    at parseType (/Users/adrianfranciscoperezgomez/Desktop/Personal Apps/vult-intel/node_modules/redis-parser/lib/parser.js:302:14) {
  command: { name: 'auth', args: [ 'IVB0VPnPl0urvQrpSKkbXLdEZBUfSHaP' ] }
}
ReplyError: WRONGPASS invalid username-password pair or user is disabled.
    at parseError (/Users/adrianfranciscoperezgomez/Desktop/Personal Apps/vult-intel/node_modules/redis-parser/lib/parser.js:179:12)
    at parseType (/Users/adrianfranciscoperezgomez/Desktop/Personal Apps/vult-intel/node_modules/redis-parser/lib/parser.js:302:14) {
  command: { name: 'auth', args: [ 'IVB0VPnPl0urvQrpSKkbXLdEZBUfSHaP' ] }
}
ReplyError: WRONGPASS invalid username-password pair or user is disabled.
    at parseError (/Users/adrianfranciscoperezgomez/Desktop/Personal Apps/vult-intel/node_modules/redis-parser/lib/parser.js:179:12)
    at parseType (/Users/adrianfranciscoperezgomez/Desktop/Personal Apps/vult-intel/node_modules/redis-parser/lib/parser.js:302:14) {
  command: { name: 'auth', args: [ 'IVB0VPnPl0urvQrpSKkbXLdEZBUfSHaP' ] }
}
ReplyError: WRONGPASS invalid username-password pair or user is disabled.
    at parseError (/Users/adrianfranciscoperezgomez/Desktop/Personal Apps/vult-intel/node_modules/redis-parser/lib/parser.js:179:12)
    at parseType (/Users/adrianfranciscoperezgomez/Desktop/Personal Apps/vult-intel/node_modules/redis-parser/lib/parser.js:302:14) {
  command: { name: 'auth', args: [ 'IVB0VPnPl0urvQrpSKkbXLdEZBUfSHaP' ] }
}
Connected to Redis for persistence
Redis connection error: ReplyError: WRONGPASS invalid username-password pair or user is disabled.
    at parseError (/Users/adrianfranciscoperezgomez/Desktop/Personal Apps/vult-intel/node_modules/redis-parser/lib/parser.js:179:12)
    at parseType (/Users/adrianfranciscoperezgomez/Desktop/Personal Apps/vult-intel/node_modules/redis-parser/lib/parser.js:302:14) {
  command: { name: 'auth', args: [ 'IVB0VPnPl0urvQrpSKkbXLdEZBUfSHaP' ] }
}
ReplyError: WRONGPASS invalid username-password pair or user is disabled.
    at parseError (/Users/adrianfranciscoperezgomez/Desktop/Personal Apps/vult-intel/node_modules/redis-parser/lib/parser.js:179:12)
    at parseType (/Users/adrianfranciscoperezgomez/Desktop/Personal Apps/vult-intel/node_modules/redis-parser/lib/parser.js:302:14) {
  command: { name: 'auth', args: [ 'IVB0VPnPl0urvQrpSKkbXLdEZBUfSHaP' ] }
}
ReplyError: WRONGPASS invalid username-password pair or user is disabled.
    at parseError (/Users/adrianfranciscoperezgomez/Desktop/Personal Apps/vult-intel/node_modules/redis-parser/lib/parser.js:179:12)
    at parseType (/Users/adrianfranciscoperezgomez/Desktop/Personal Apps/vult-intel/node_modules/redis-parser/lib/parser.js:302:14) {
  command: { name: 'auth', args: [ 'IVB0VPnPl0urvQrpSKkbXLdEZBUfSHaP' ] }
}
ReplyError: WRONGPASS invalid username-password pair or user is disabled.
    at parseError (/Users/adrianfranciscoperezgomez/Desktop/Personal Apps/vult-intel/node_modules/redis-parser/lib/parser.js:179:12)
    at parseType (/Users/adrianfranciscoperezgomez/Desktop/Personal Apps/vult-intel/node_modules/redis-parser/lib/parser.js:302:14) {
  command: { name: 'auth', args: [ 'IVB0VPnPl0urvQrpSKkbXLdEZBUfSHaP' ] }
}
ReplyError: WRONGPASS invalid username-password pair or user is disabled.
    at parseError (/Users/adrianfranciscoperezgomez/Desktop/Personal Apps/vult-intel/node_modules/redis-parser/lib/parser.js:179:12)
    at parseType (/Users/adrianfranciscoperezgomez/Desktop/Personal Apps/vult-intel/node_modules/redis-parser/lib/parser.js:302:14) {
  command: { name: 'auth', args: [ 'IVB0VPnPl0urvQrpSKkbXLdEZBUfSHaP' ] }
}
